Listening on 127.0.0.1:8080
Using proactor: IocpProactor
Listening on 127.0.0.1:8080
Using proactor: IocpProactor
Listening on 127.0.0.1:8080
Using proactor: IocpProactor
Listening on 127.0.0.1:8080
Using proactor: IocpProactor
Listening on 127.0.0.1:8080
Using proactor: IocpProactor
Discovering devices!
Listening on 127.0.0.1:8080
Using proactor: IocpProactor
Discovering devices!
Discovering devices!
Discovering devices!
Listening on 127.0.0.1:8080
Using proactor: IocpProactor
Listening on 127.0.0.1:8080
Using proactor: IocpProactor
Listening on 127.0.0.1:8080
Using proactor: IocpProactor
Listening on 127.0.0.1:8080
Using proactor: IocpProactor
Listening on 127.0.0.1:8080
Using proactor: IocpProactor
Listening on 127.0.0.1:8080
Using proactor: IocpProactor
Listening on 127.0.0.1:8080
Using proactor: IocpProactor
Listening on 127.0.0.1:8080
Using proactor: IocpProactor
Listening on 127.0.0.1:8080
Using proactor: IocpProactor
Listening on 127.0.0.1:8080
Using proactor: IocpProactor
Listening on 127.0.0.1:8080
Using proactor: IocpProactor
Listening on 127.0.0.1:8080
Using proactor: IocpProactor
Starting Discovery!
Listening on 127.0.0.1:8080
Using proactor: IocpProactor
Starting Discovery!
Using proactor: IocpProactor
[DISCOVERY] 255.255.255.255 >> {'system': {'get_sysinfo': {}}}
Waiting 5 seconds for responses...
Discovered 0 devices
Starting Discovery!
Using proactor: IocpProactor
[DISCOVERY] 255.255.255.255 >> {'system': {'get_sysinfo': {}}}
Waiting 5 seconds for responses...
Discovered 0 devices
Listening on 127.0.0.1:8080
Using proactor: IocpProactor
Using proactor: IocpProactor
Starting Discovery!
[DISCOVERY] 255.255.255.255 >> {'system': {'get_sysinfo': {}}}
Waiting 5 seconds for responses...
Discovered 0 devices
Listening on 127.0.0.1:8080
Using proactor: IocpProactor
Using proactor: IocpProactor
[DISCOVERY] 255.255.255.255 >> {'system': {'get_sysinfo': {}}}
Waiting 5 seconds for responses...
Waiting 5 seconds for responses...
Discovered 0 devices
Discovered 0 devices
Listening on 127.0.0.1:8080
Using proactor: IocpProactor
Listening on 127.0.0.1:8080
Using proactor: IocpProactor
Listening on 127.0.0.1:8080
Using proactor: IocpProactor
Listening on 127.0.0.1:8080
Using proactor: IocpProactor
Starting Discovery on local network!
Using proactor: IocpProactor
[DISCOVERY] 255.255.255.255 >> {'system': {'get_sysinfo': {}}}
Waiting 5 seconds for responses...
Discovered 0 devices
Discovered 0 devices
Starting Discovery on local network!
Using proactor: IocpProactor
[DISCOVERY] 255.255.255.255 >> {'system': {'get_sysinfo': {}}}
Waiting 5 seconds for responses...
Discovered 0 devices
Discovered 0 devices
Listening on 127.0.0.1:8080
Using proactor: IocpProactor
Starting Discovery on local network!
Using proactor: IocpProactor
[DISCOVERY] 255.255.255.255 >> {'system': {'get_sysinfo': {}}}
Waiting 5 seconds for responses...
Discovered 0 devices
Discovered 0 devices
No devices found.
Listening on 127.0.0.1:8080
Using proactor: IocpProactor
Starting Discovery on local network!
Using proactor: IocpProactor
[DISCOVERY] 255.255.255.255 >> {'system': {'get_sysinfo': {}}}
Waiting 5 seconds for responses...
Discovered 0 devices
Discovered 0 devices
No devices found.
Listening on 127.0.0.1:8080
Using proactor: IocpProactor
Starting Discovery on local network!
Using proactor: IocpProactor
[DISCOVERY] 255.255.255.255 >> {'system': {'get_sysinfo': {}}}
Waiting 5 seconds for responses...
Discovered 0 devices
Discovered 0 devices
Listening on 127.0.0.1:8080
Using proactor: IocpProactor
Starting Discovery on local network!
Using proactor: IocpProactor
[DISCOVERY] 255.255.255.255 >> {'system': {'get_sysinfo': {}}}
Waiting 5 seconds for responses...
Discovered 0 devices
Discovered 0 devices
Listening on 127.0.0.1:8080
Using proactor: IocpProactor
Discovery started...
Using proactor: IocpProactor
[DISCOVERY] 255.255.255.255 >> {'system': {'get_sysinfo': {}}}
Waiting 5 seconds for responses...
Discovered 0 devices
Discovered 0 devices
Listening on 127.0.0.1:8080
Using proactor: IocpProactor
Discovery started...
Using proactor: IocpProactor
[DISCOVERY] 255.255.255.255 >> {'system': {'get_sysinfo': {}}}
Waiting 5 seconds for responses...
Listening on 127.0.0.1:8080
Using proactor: IocpProactor
Starting Discovery on local network!
Using proactor: IocpProactor
[DISCOVERY] 255.255.255.255 >> {'system': {'get_sysinfo': {}}}
Waiting 5 seconds for responses...
Discovered 0 devices
Discovered 0 devices
Listening on 127.0.0.1:8080
Using proactor: IocpProactor
Discovery started...
Listening on 127.0.0.1:8080
Using proactor: IocpProactor
Listening on 127.0.0.1:8080
Using proactor: IocpProactor
Discovery started...
Listening on 127.0.0.1:8080
Using proactor: IocpProactor
Using proactor: IocpProactor
[DISCOVERY] 255.255.255.255 >> {'system': {'get_sysinfo': {}}}
Waiting 5 seconds for responses...
Discovered 0 devices
Discovered 0 devices
Using proactor: IocpProactor
[DISCOVERY] 255.255.255.255 >> {'system': {'get_sysinfo': {}}}
Waiting 5 seconds for responses...
Discovery finished! Found: 0 devices
Discovered 0 devices
Listening on 127.0.0.1:8080
Using proactor: IocpProactor
Using proactor: IocpProactor
[DISCOVERY] 255.255.255.255 >> {'system': {'get_sysinfo': {}}}
Waiting 5 seconds for responses...
Discovery finished! Found: 0 devices
Discovered 0 devices
Listening on 127.0.0.1:8080
Using proactor: IocpProactor
Using proactor: IocpProactor
[DISCOVERY] 255.255.255.255 >> {'system': {'get_sysinfo': {}}}
Waiting 5 seconds for responses...
Using proactor: IocpProactor
[DISCOVERY] 255.255.255.255 >> {'system': {'get_sysinfo': {}}}
Waiting 5 seconds for responses...
Discovery finished! Found: 0 devices
Discovered 0 devices
Listening on 127.0.0.1:8080
Using proactor: IocpProactor
Listening on 127.0.0.1:8080
Using proactor: IocpProactor
[DISCOVERY] 255.255.255.255 >> {'system': {'get_sysinfo': {}}}
Waiting 5 seconds for responses...
Using proactor: IocpProactor
[DISCOVERY] 255.255.255.255 >> {'system': {'get_sysinfo': {}}}
Waiting 5 seconds for responses...
Discovery finished! Found: 0 devices
Discovered 0 devices
Listening on 127.0.0.1:8080
Using proactor: IocpProactor
Using proactor: IocpProactor
[DISCOVERY] 255.255.255.255 >> {'system': {'get_sysinfo': {}}}
Waiting 5 seconds for responses...
Discovery finished! Found: 0 devices
Discovered 0 devices
Listening on 127.0.0.1:8080
Using proactor: IocpProactor
Using proactor: IocpProactor
[DISCOVERY] 255.255.255.255 >> {'system': {'get_sysinfo': {}}}
Waiting 5 seconds for responses...
Discovery finished! Found: 0 devices
Discovered 0 devices
Listening on 127.0.0.1:8080
Using proactor: IocpProactor
[DISCOVERY] 255.255.255.255 >> {'system': {'get_sysinfo': {}}}
Waiting 5 seconds for responses...
Discovery finished! Found: 0 devices
Discovered 0 devices
Listening on 127.0.0.1:8080
Using proactor: IocpProactor
Using proactor: IocpProactor
[DISCOVERY] 255.255.255.255 >> {'system': {'get_sysinfo': {}}}
Waiting 5 seconds for responses...
Discovery finished! Found: 0 devices
Discovered 0 devices
Listening on 127.0.0.1:8080
Using proactor: IocpProactor
Using proactor: IocpProactor
[DISCOVERY] 255.255.255.255 >> {'system': {'get_sysinfo': {}}}
Waiting 5 seconds for responses...
Discovery finished! Found: 0 devices
Discovered 0 devices
Listening on 127.0.0.1:8080
Using proactor: IocpProactor
Listening on 127.0.0.1:8080
Using proactor: IocpProactor
Listening on 127.0.0.1:8080
Using proactor: IocpProactor
Using proactor: IocpProactor
[DISCOVERY] 255.255.255.255 >> {'system': {'get_sysinfo': {}}}
Waiting 5 seconds for responses...
Discovery finished! Found: 0 devices
Discovered 0 devices
Using proactor: IocpProactor
[DISCOVERY] 255.255.255.255 >> {'system': {'get_sysinfo': {}}}
Waiting 5 seconds for responses...
Discovery finished! Found: 0 devices
Discovered 0 devices
Discovery started...
Discovery started...
Using proactor: IocpProactor
[DISCOVERY] 255.255.255.255 >> {'system': {'get_sysinfo': {}}}
Waiting 5 seconds for responses...
Discovery finished! Found: 0 devices
Discovered 0 devices
Listening on 127.0.0.1:8080
Using proactor: IocpProactor
Discovery started...
Using proactor: IocpProactor
[DISCOVERY] 255.255.255.255 >> {'system': {'get_sysinfo': {}}}
Waiting 5 seconds for responses...
Discovery finished! Found: 0 devices
Discovered 0 devices
Using proactor: IocpProactor
[DISCOVERY] 255.255.255.255 >> {'system': {'get_sysinfo': {}}}
Waiting 5 seconds for responses...
Using proactor: IocpProactor
Listening on 127.0.0.1:8080
[DISCOVERY] 255.255.255.255 >> {'system': {'get_sysinfo': {}}}
Waiting 5 seconds for responses...
Using proactor: IocpProactor
Discovery finished! Found: 0 devices
Discovered 0 devices
Discovery finished! Found: 0 devices
Discovered 0 devices
Using proactor: IocpProactor
Listening on 127.0.0.1:8080
[DISCOVERY] 255.255.255.255 >> {'system': {'get_sysinfo': {}}}
Waiting 5 seconds for responses...
Using proactor: IocpProactor
Using proactor: IocpProactor
[DISCOVERY] 255.255.255.255 >> {'system': {'get_sysinfo': {}}}
Waiting 5 seconds for responses...
Discovery finished! Found: 0 devices
Discovered 0 devices
Discovery finished! Found: 0 devices
Discovered 0 devices
Using proactor: IocpProactor
Listening on 127.0.0.1:8080
[DISCOVERY] 255.255.255.255 >> {'system': {'get_sysinfo': {}}}
Waiting 5 seconds for responses...
Using proactor: IocpProactor
Discovery finished! Found: 0 devices
Discovered 0 devices
Using proactor: IocpProactor
Listening on 127.0.0.1:8080
[DISCOVERY] 255.255.255.255 >> {'system': {'get_sysinfo': {}}}
Waiting 5 seconds for responses...
Using proactor: IocpProactor
Discovery finished! Found: 0 devices
Discovered 0 devices
Using proactor: IocpProactor
[DISCOVERY] 255.255.255.255 >> {'system': {'get_sysinfo': {}}}
Waiting 5 seconds for responses...
Discovery finished! Found: 0 devices
Discovered 0 devices
Using proactor: IocpProactor
Listening on 127.0.0.1:8080
[DISCOVERY] 255.255.255.255 >> {'system': {'get_sysinfo': {}}}
Waiting 5 seconds for responses...
Using proactor: IocpProactor
Discovery finished! Found: 0 devices
Discovered 0 devices
Using proactor: IocpProactor
Listening on 127.0.0.1:8080
[DISCOVERY] 255.255.255.255 >> {'system': {'get_sysinfo': {}}}
Waiting 5 seconds for responses...
Using proactor: IocpProactor
Discovery finished! Found: 0 devices
Discovered 0 devices
Using proactor: IocpProactor
[DISCOVERY] 255.255.255.255 >> {'system': {'get_sysinfo': {}}}
Waiting 5 seconds for responses...
Discovery finished! Found: 0 devices
Discovered 0 devices
Discovery started...
Using proactor: IocpProactor
Listening on 127.0.0.1:8080
[DISCOVERY] 255.255.255.255 >> {'system': {'get_sysinfo': {}}}
Waiting 5 seconds for responses...
Using proactor: IocpProactor
Discovery finished! Found: 0 devices
Discovered 0 devices
Discovery started...
Using proactor: IocpProactor
[DISCOVERY] 255.255.255.255 >> {'system': {'get_sysinfo': {}}}
Waiting 5 seconds for responses...
Discovery finished! Found: 0 devices
Discovered 0 devices
Discovery started...
Using proactor: IocpProactor
[DISCOVERY] 255.255.255.255 >> {'system': {'get_sysinfo': {}}}
Waiting 5 seconds for responses...
Discovery finished! Found: 0 devices
Discovered 0 devices
Discovery started...
Using proactor: IocpProactor
Listening on 127.0.0.1:8080
[DISCOVERY] 255.255.255.255 >> {'system': {'get_sysinfo': {}}}
Waiting 5 seconds for responses...
Using proactor: IocpProactor
Using SmartDevice for SMART.TAPOPLUG
Finding protocol for 192.168.100.112
Finding protocol for DeviceFamily.SmartTapoPlug
Finding transport for SMART.AES
Created AES transport for 192.168.100.112
[DISCOVERY] 192.168.100.112 << {'error_code': 0,
 'result': {'device_id': 'REDACTED_c913ec3cd97a6bec2fbb1ee',
            'device_model': 'P100',
            'device_type': 'SMART.TAPOPLUG',
            'factory_default': False,
            'ip': '192.168.100.112',
            'is_support_iot_cloud': True,
            'mac': '74-DA-88-00-00-00',
            'mgt_encrypt_schm': {'encrypt_type': 'AES',
                                 'http_port': 80,
                                 'is_support_https': False,
                                 'lv': 2},
            'owner': 'REDACTED_19347acd812465188388075'}}
Initializing 192.168.100.112 of type <class 'kasa.smart.smartdevice.SmartDevice'>
Discovery finished! Found: 1 devices
Discovered 1 devices
Discovery complete.
Discovery started...
Using proactor: IocpProactor
Listening on 127.0.0.1:8080
[DISCOVERY] 255.255.255.255 >> {'system': {'get_sysinfo': {}}}
Waiting 5 seconds for responses...
Using proactor: IocpProactor
Using SmartDevice for SMART.TAPOPLUG
Finding protocol for 192.168.100.112
Finding protocol for DeviceFamily.SmartTapoPlug
Finding transport for SMART.AES
Created AES transport for 192.168.100.112
[DISCOVERY] 192.168.100.112 << {'error_code': 0,
 'result': {'device_id': 'REDACTED_c913ec3cd97a6bec2fbb1ee',
            'device_model': 'P100',
            'device_type': 'SMART.TAPOPLUG',
            'factory_default': False,
            'ip': '192.168.100.112',
            'is_support_iot_cloud': True,
            'mac': '74-DA-88-00-00-00',
            'mgt_encrypt_schm': {'encrypt_type': 'AES',
                                 'http_port': 80,
                                 'is_support_https': False,
                                 'lv': 2},
            'owner': 'REDACTED_19347acd812465188388075'}}
Initializing 192.168.100.112 of type <class 'kasa.smart.smartdevice.SmartDevice'>
Discovery finished! Found: 1 devices
Discovered 1 devices
Discovery started...
Using proactor: IocpProactor
Listening on 127.0.0.1:8080
[DISCOVERY] 255.255.255.255 >> {'system': {'get_sysinfo': {}}}
Waiting 5 seconds for responses...
Using proactor: IocpProactor
Using SmartDevice for SMART.TAPOPLUG
Finding protocol for 192.168.100.112
Finding protocol for DeviceFamily.SmartTapoPlug
Finding transport for SMART.AES
Created AES transport for 192.168.100.112
[DISCOVERY] 192.168.100.112 << {'error_code': 0,
 'result': {'device_id': 'REDACTED_c913ec3cd97a6bec2fbb1ee',
            'device_model': 'P100',
            'device_type': 'SMART.TAPOPLUG',
            'factory_default': False,
            'ip': '192.168.100.112',
            'is_support_iot_cloud': True,
            'mac': '74-DA-88-00-00-00',
            'mgt_encrypt_schm': {'encrypt_type': 'AES',
                                 'http_port': 80,
                                 'is_support_https': False,
                                 'lv': 2},
            'owner': 'REDACTED_19347acd812465188388075'}}
Initializing 192.168.100.112 of type <class 'kasa.smart.smartdevice.SmartDevice'>
Discovery finished! Found: 1 devices
Discovered 1 devices
Discovery started...
Using proactor: IocpProactor
Listening on 127.0.0.1:8080
[DISCOVERY] 255.255.255.255 >> {'system': {'get_sysinfo': {}}}
Waiting 5 seconds for responses...
Using proactor: IocpProactor
Using SmartDevice for SMART.TAPOPLUG
Finding protocol for 192.168.100.112
Finding protocol for DeviceFamily.SmartTapoPlug
Finding transport for SMART.AES
Created AES transport for 192.168.100.112
[DISCOVERY] 192.168.100.112 << {'error_code': 0,
 'result': {'device_id': 'REDACTED_c913ec3cd97a6bec2fbb1ee',
            'device_model': 'P100',
            'device_type': 'SMART.TAPOPLUG',
            'factory_default': False,
            'ip': '192.168.100.112',
            'is_support_iot_cloud': True,
            'mac': '74-DA-88-00-00-00',
            'mgt_encrypt_schm': {'encrypt_type': 'AES',
                                 'http_port': 80,
                                 'is_support_https': False,
                                 'lv': 2},
            'owner': 'REDACTED_19347acd812465188388075'}}
Initializing 192.168.100.112 of type <class 'kasa.smart.smartdevice.SmartDevice'>
Discovery finished! Found: 1 devices
Discovered 1 devices
Discovery started...
Using proactor: IocpProactor
Listening on 127.0.0.1:8080
[DISCOVERY] 255.255.255.255 >> {'system': {'get_sysinfo': {}}}
Waiting 5 seconds for responses...
Using proactor: IocpProactor
Using SmartDevice for SMART.TAPOPLUG
Finding protocol for 192.168.100.112
Finding protocol for DeviceFamily.SmartTapoPlug
Finding transport for SMART.AES
Created AES transport for 192.168.100.112
[DISCOVERY] 192.168.100.112 << {'error_code': 0,
 'result': {'device_id': 'REDACTED_c913ec3cd97a6bec2fbb1ee',
            'device_model': 'P100',
            'device_type': 'SMART.TAPOPLUG',
            'factory_default': False,
            'ip': '192.168.100.112',
            'is_support_iot_cloud': True,
            'mac': '74-DA-88-00-00-00',
            'mgt_encrypt_schm': {'encrypt_type': 'AES',
                                 'http_port': 80,
                                 'is_support_https': False,
                                 'lv': 2},
            'owner': 'REDACTED_19347acd812465188388075'}}
Initializing 192.168.100.112 of type <class 'kasa.smart.smartdevice.SmartDevice'>
Discovery finished! Found: 1 devices
Discovered 1 devices
Discovery started...
Using proactor: IocpProactor
Listening on 127.0.0.1:8080
[DISCOVERY] 255.255.255.255 >> {'system': {'get_sysinfo': {}}}
Waiting 5 seconds for responses...
Using proactor: IocpProactor
Using SmartDevice for SMART.TAPOPLUG
Finding protocol for 192.168.100.112
Finding protocol for DeviceFamily.SmartTapoPlug
Finding transport for SMART.AES
Created AES transport for 192.168.100.112
[DISCOVERY] 192.168.100.112 << {'error_code': 0,
 'result': {'device_id': 'REDACTED_c913ec3cd97a6bec2fbb1ee',
            'device_model': 'P100',
            'device_type': 'SMART.TAPOPLUG',
            'factory_default': False,
            'ip': '192.168.100.112',
            'is_support_iot_cloud': True,
            'mac': '74-DA-88-00-00-00',
            'mgt_encrypt_schm': {'encrypt_type': 'AES',
                                 'http_port': 80,
                                 'is_support_https': False,
                                 'lv': 2},
            'owner': 'REDACTED_19347acd812465188388075'}}
Initializing 192.168.100.112 of type <class 'kasa.smart.smartdevice.SmartDevice'>
Discovery finished! Found: 1 devices
Discovered 1 devices
Discovery started...
Using proactor: IocpProactor
Listening on 127.0.0.1:8080
[DISCOVERY] 255.255.255.255 >> {'system': {'get_sysinfo': {}}}
Waiting 5 seconds for responses...
Using proactor: IocpProactor
Using SmartDevice for SMART.TAPOPLUG
Finding protocol for 192.168.100.112
Finding protocol for DeviceFamily.SmartTapoPlug
Finding transport for SMART.AES
Created AES transport for 192.168.100.112
[DISCOVERY] 192.168.100.112 << {'error_code': 0,
 'result': {'device_id': 'REDACTED_c913ec3cd97a6bec2fbb1ee',
            'device_model': 'P100',
            'device_type': 'SMART.TAPOPLUG',
            'factory_default': False,
            'ip': '192.168.100.112',
            'is_support_iot_cloud': True,
            'mac': '74-DA-88-00-00-00',
            'mgt_encrypt_schm': {'encrypt_type': 'AES',
                                 'http_port': 80,
                                 'is_support_https': False,
                                 'lv': 2},
            'owner': 'REDACTED_19347acd812465188388075'}}
Initializing 192.168.100.112 of type <class 'kasa.smart.smartdevice.SmartDevice'>
Discovery finished! Found: 1 devices
Discovered 1 devices
Discovery started...
Using proactor: IocpProactor
[DISCOVERY] 255.255.255.255 >> {'system': {'get_sysinfo': {}}}
Waiting 5 seconds for responses...
Using SmartDevice for SMART.TAPOPLUG
Finding protocol for 192.168.100.112
Finding protocol for DeviceFamily.SmartTapoPlug
Finding transport for SMART.AES
Created AES transport for 192.168.100.112
[DISCOVERY] 192.168.100.112 << {'error_code': 0,
 'result': {'device_id': 'REDACTED_c913ec3cd97a6bec2fbb1ee',
            'device_model': 'P100',
            'device_type': 'SMART.TAPOPLUG',
            'factory_default': False,
            'ip': '192.168.100.112',
            'is_support_iot_cloud': True,
            'mac': '74-DA-88-00-00-00',
            'mgt_encrypt_schm': {'encrypt_type': 'AES',
                                 'http_port': 80,
                                 'is_support_https': False,
                                 'lv': 2},
            'owner': 'REDACTED_19347acd812465188388075'}}
Initializing 192.168.100.112 of type <class 'kasa.smart.smartdevice.SmartDevice'>
Discovery finished! Found: 1 devices
Discovered 1 devices
Discovery started...
Using proactor: IocpProactor
Listening on 127.0.0.1:8080
[DISCOVERY] 255.255.255.255 >> {'system': {'get_sysinfo': {}}}
Waiting 5 seconds for responses...
Using SmartDevice for SMART.TAPOPLUG
Finding protocol for 192.168.100.112
Finding protocol for DeviceFamily.SmartTapoPlug
Finding transport for SMART.AES
Created AES transport for 192.168.100.112
[DISCOVERY] 192.168.100.112 << {'error_code': 0,
 'result': {'device_id': 'REDACTED_c913ec3cd97a6bec2fbb1ee',
            'device_model': 'P100',
            'device_type': 'SMART.TAPOPLUG',
            'factory_default': False,
            'ip': '192.168.100.112',
            'is_support_iot_cloud': True,
            'mac': '74-DA-88-00-00-00',
            'mgt_encrypt_schm': {'encrypt_type': 'AES',
                                 'http_port': 80,
                                 'is_support_https': False,
                                 'lv': 2},
            'owner': 'REDACTED_19347acd812465188388075'}}
Initializing 192.168.100.112 of type <class 'kasa.smart.smartdevice.SmartDevice'>
Using proactor: IocpProactor
Discovery finished! Found: 1 devices
Discovered 1 devices
Discovery started...
Using proactor: IocpProactor
Listening on 127.0.0.1:8080
[DISCOVERY] 255.255.255.255 >> {'system': {'get_sysinfo': {}}}
Waiting 5 seconds for responses...
Using proactor: IocpProactor
Using SmartDevice for SMART.TAPOPLUG
Finding protocol for 192.168.100.112
Finding protocol for DeviceFamily.SmartTapoPlug
Finding transport for SMART.AES
Created AES transport for 192.168.100.112
[DISCOVERY] 192.168.100.112 << {'error_code': 0,
 'result': {'device_id': 'REDACTED_c913ec3cd97a6bec2fbb1ee',
            'device_model': 'P100',
            'device_type': 'SMART.TAPOPLUG',
            'factory_default': False,
            'ip': '192.168.100.112',
            'is_support_iot_cloud': True,
            'mac': '74-DA-88-00-00-00',
            'mgt_encrypt_schm': {'encrypt_type': 'AES',
                                 'http_port': 80,
                                 'is_support_https': False,
                                 'lv': 2},
            'owner': 'REDACTED_19347acd812465188388075'}}
Initializing 192.168.100.112 of type <class 'kasa.smart.smartdevice.SmartDevice'>
Discovery finished! Found: 1 devices
Discovered 1 devices
Discovery started...
Using proactor: IocpProactor
Listening on 127.0.0.1:8080
[DISCOVERY] 255.255.255.255 >> {'system': {'get_sysinfo': {}}}
Waiting 5 seconds for responses...
Using proactor: IocpProactor
Using SmartDevice for SMART.TAPOPLUG
Finding protocol for 192.168.100.112
Finding protocol for DeviceFamily.SmartTapoPlug
Finding transport for SMART.AES
Created AES transport for 192.168.100.112
[DISCOVERY] 192.168.100.112 << {'error_code': 0,
 'result': {'device_id': 'REDACTED_c913ec3cd97a6bec2fbb1ee',
            'device_model': 'P100',
            'device_type': 'SMART.TAPOPLUG',
            'factory_default': False,
            'ip': '192.168.100.112',
            'is_support_iot_cloud': True,
            'mac': '74-DA-88-00-00-00',
            'mgt_encrypt_schm': {'encrypt_type': 'AES',
                                 'http_port': 80,
                                 'is_support_https': False,
                                 'lv': 2},
            'owner': 'REDACTED_19347acd812465188388075'}}
Initializing 192.168.100.112 of type <class 'kasa.smart.smartdevice.SmartDevice'>
Discovery finished! Found: 1 devices
Discovered 1 devices
Discovery started...
Using proactor: IocpProactor
Listening on 127.0.0.1:8080
[DISCOVERY] 255.255.255.255 >> {'system': {'get_sysinfo': {}}}
Waiting 5 seconds for responses...
Using proactor: IocpProactor
Using SmartDevice for SMART.TAPOPLUG
Finding protocol for 192.168.100.112
Finding protocol for DeviceFamily.SmartTapoPlug
Finding transport for SMART.AES
Created AES transport for 192.168.100.112
[DISCOVERY] 192.168.100.112 << {'error_code': 0,
 'result': {'device_id': 'REDACTED_c913ec3cd97a6bec2fbb1ee',
            'device_model': 'P100',
            'device_type': 'SMART.TAPOPLUG',
            'factory_default': False,
            'ip': '192.168.100.112',
            'is_support_iot_cloud': True,
            'mac': '74-DA-88-00-00-00',
            'mgt_encrypt_schm': {'encrypt_type': 'AES',
                                 'http_port': 80,
                                 'is_support_https': False,
                                 'lv': 2},
            'owner': 'REDACTED_19347acd812465188388075'}}
Initializing 192.168.100.112 of type <class 'kasa.smart.smartdevice.SmartDevice'>
Discovery finished! Found: 1 devices
Discovered 1 devices
Discovery started...
Using proactor: IocpProactor
Listening on 127.0.0.1:8080
[DISCOVERY] 255.255.255.255 >> {'system': {'get_sysinfo': {}}}
Waiting 5 seconds for responses...
Using proactor: IocpProactor
Using SmartDevice for SMART.TAPOPLUG
Finding protocol for 192.168.100.112
Finding protocol for DeviceFamily.SmartTapoPlug
Finding transport for SMART.AES
Created AES transport for 192.168.100.112
[DISCOVERY] 192.168.100.112 << {'error_code': 0,
 'result': {'device_id': 'REDACTED_c913ec3cd97a6bec2fbb1ee',
            'device_model': 'P100',
            'device_type': 'SMART.TAPOPLUG',
            'factory_default': False,
            'ip': '192.168.100.112',
            'is_support_iot_cloud': True,
            'mac': '74-DA-88-00-00-00',
            'mgt_encrypt_schm': {'encrypt_type': 'AES',
                                 'http_port': 80,
                                 'is_support_https': False,
                                 'lv': 2},
            'owner': 'REDACTED_19347acd812465188388075'}}
Initializing 192.168.100.112 of type <class 'kasa.smart.smartdevice.SmartDevice'>
Discovery finished! Found: 1 devices
Discovered 1 devices
Discovery started...
Using proactor: IocpProactor
Listening on 127.0.0.1:8080
[DISCOVERY] 255.255.255.255 >> {'system': {'get_sysinfo': {}}}
Waiting 5 seconds for responses...
Using proactor: IocpProactor
Using SmartDevice for SMART.TAPOPLUG
Finding protocol for 192.168.100.112
Finding protocol for DeviceFamily.SmartTapoPlug
Finding transport for SMART.AES
Created AES transport for 192.168.100.112
[DISCOVERY] 192.168.100.112 << {'error_code': 0,
 'result': {'device_id': 'REDACTED_c913ec3cd97a6bec2fbb1ee',
            'device_model': 'P100',
            'device_type': 'SMART.TAPOPLUG',
            'factory_default': False,
            'ip': '192.168.100.112',
            'is_support_iot_cloud': True,
            'mac': '74-DA-88-00-00-00',
            'mgt_encrypt_schm': {'encrypt_type': 'AES',
                                 'http_port': 80,
                                 'is_support_https': False,
                                 'lv': 2},
            'owner': 'REDACTED_19347acd812465188388075'}}
Initializing 192.168.100.112 of type <class 'kasa.smart.smartdevice.SmartDevice'>
Discovery finished! Found: 1 devices
Discovered 1 devices
Discovery started...
Using proactor: IocpProactor
[DISCOVERY] 255.255.255.255 >> {'system': {'get_sysinfo': {}}}
Waiting 5 seconds for responses...
Using SmartDevice for SMART.TAPOPLUG
Finding protocol for 192.168.100.112
Finding protocol for DeviceFamily.SmartTapoPlug
Finding transport for SMART.AES
Created AES transport for 192.168.100.112
[DISCOVERY] 192.168.100.112 << {'error_code': 0,
 'result': {'device_id': 'REDACTED_c913ec3cd97a6bec2fbb1ee',
            'device_model': 'P100',
            'device_type': 'SMART.TAPOPLUG',
            'factory_default': False,
            'ip': '192.168.100.112',
            'is_support_iot_cloud': True,
            'mac': '74-DA-88-00-00-00',
            'mgt_encrypt_schm': {'encrypt_type': 'AES',
                                 'http_port': 80,
                                 'is_support_https': False,
                                 'lv': 2},
            'owner': 'REDACTED_19347acd812465188388075'}}
Initializing 192.168.100.112 of type <class 'kasa.smart.smartdevice.SmartDevice'>
Discovery finished! Found: 1 devices
Discovered 1 devices
Discovery started...
Using proactor: IocpProactor
Listening on 127.0.0.1:8080
[DISCOVERY] 255.255.255.255 >> {'system': {'get_sysinfo': {}}}
Waiting 5 seconds for responses...
Using proactor: IocpProactor
Using SmartDevice for SMART.TAPOPLUG
Finding protocol for 192.168.100.112
Finding protocol for DeviceFamily.SmartTapoPlug
Finding transport for SMART.AES
Created AES transport for 192.168.100.112
[DISCOVERY] 192.168.100.112 << {'error_code': 0,
 'result': {'device_id': 'REDACTED_c913ec3cd97a6bec2fbb1ee',
            'device_model': 'P100',
            'device_type': 'SMART.TAPOPLUG',
            'factory_default': False,
            'ip': '192.168.100.112',
            'is_support_iot_cloud': True,
            'mac': '74-DA-88-00-00-00',
            'mgt_encrypt_schm': {'encrypt_type': 'AES',
                                 'http_port': 80,
                                 'is_support_https': False,
                                 'lv': 2},
            'owner': 'REDACTED_19347acd812465188388075'}}
Initializing 192.168.100.112 of type <class 'kasa.smart.smartdevice.SmartDevice'>
Discovery finished! Found: 1 devices
Discovered 1 devices
Discovery started...
Using proactor: IocpProactor
Listening on 127.0.0.1:8080
[DISCOVERY] 255.255.255.255 >> {'system': {'get_sysinfo': {}}}
Waiting 5 seconds for responses...
Using proactor: IocpProactor
Using SmartDevice for SMART.TAPOPLUG
Finding protocol for 192.168.100.112
Finding protocol for DeviceFamily.SmartTapoPlug
Finding transport for SMART.AES
Created AES transport for 192.168.100.112
[DISCOVERY] 192.168.100.112 << {'error_code': 0,
 'result': {'device_id': 'REDACTED_c913ec3cd97a6bec2fbb1ee',
            'device_model': 'P100',
            'device_type': 'SMART.TAPOPLUG',
            'factory_default': False,
            'ip': '192.168.100.112',
            'is_support_iot_cloud': True,
            'mac': '74-DA-88-00-00-00',
            'mgt_encrypt_schm': {'encrypt_type': 'AES',
                                 'http_port': 80,
                                 'is_support_https': False,
                                 'lv': 2},
            'owner': 'REDACTED_19347acd812465188388075'}}
Initializing 192.168.100.112 of type <class 'kasa.smart.smartdevice.SmartDevice'>
Discovery finished! Found: 1 devices
Discovered 1 devices
Discovery started...
Using proactor: IocpProactor
Listening on 127.0.0.1:8080
[DISCOVERY] 255.255.255.255 >> {'system': {'get_sysinfo': {}}}
Waiting 5 seconds for responses...
Using SmartDevice for SMART.TAPOPLUG
Finding protocol for 192.168.100.112
Using proactor: IocpProactor
Finding protocol for DeviceFamily.SmartTapoPlug
Finding transport for SMART.AES
Created AES transport for 192.168.100.112
[DISCOVERY] 192.168.100.112 << {'error_code': 0,
 'result': {'device_id': 'REDACTED_c913ec3cd97a6bec2fbb1ee',
            'device_model': 'P100',
            'device_type': 'SMART.TAPOPLUG',
            'factory_default': False,
            'ip': '192.168.100.112',
            'is_support_iot_cloud': True,
            'mac': '74-DA-88-00-00-00',
            'mgt_encrypt_schm': {'encrypt_type': 'AES',
                                 'http_port': 80,
                                 'is_support_https': False,
                                 'lv': 2},
            'owner': 'REDACTED_19347acd812465188388075'}}
Initializing 192.168.100.112 of type <class 'kasa.smart.smartdevice.SmartDevice'>
Discovery finished! Found: 1 devices
Discovered 1 devices
Discovery started...
Using proactor: IocpProactor
Listening on 127.0.0.1:8080
[DISCOVERY] 255.255.255.255 >> {'system': {'get_sysinfo': {}}}
Waiting 5 seconds for responses...
Using proactor: IocpProactor
Using SmartDevice for SMART.TAPOPLUG
Finding protocol for 192.168.100.112
Finding protocol for DeviceFamily.SmartTapoPlug
Finding transport for SMART.AES
Created AES transport for 192.168.100.112
[DISCOVERY] 192.168.100.112 << {'error_code': 0,
 'result': {'device_id': 'REDACTED_c913ec3cd97a6bec2fbb1ee',
            'device_model': 'P100',
            'device_type': 'SMART.TAPOPLUG',
            'factory_default': False,
            'ip': '192.168.100.112',
            'is_support_iot_cloud': True,
            'mac': '74-DA-88-00-00-00',
            'mgt_encrypt_schm': {'encrypt_type': 'AES',
                                 'http_port': 80,
                                 'is_support_https': False,
                                 'lv': 2},
            'owner': 'REDACTED_19347acd812465188388075'}}
Initializing 192.168.100.112 of type <class 'kasa.smart.smartdevice.SmartDevice'>
Discovery finished! Found: 1 devices
Discovered 1 devices
Discovery started...
Using proactor: IocpProactor
Listening on 127.0.0.1:8080
[DISCOVERY] 255.255.255.255 >> {'system': {'get_sysinfo': {}}}
Waiting 5 seconds for responses...
Using SmartDevice for SMART.TAPOPLUG
Finding protocol for 192.168.100.112
Finding protocol for DeviceFamily.SmartTapoPlug
Finding transport for SMART.AES
Created AES transport for 192.168.100.112
[DISCOVERY] 192.168.100.112 << {'error_code': 0,
 'result': {'device_id': 'REDACTED_c913ec3cd97a6bec2fbb1ee',
            'device_model': 'P100',
            'device_type': 'SMART.TAPOPLUG',
            'factory_default': False,
            'ip': '192.168.100.112',
            'is_support_iot_cloud': True,
            'mac': '74-DA-88-00-00-00',
            'mgt_encrypt_schm': {'encrypt_type': 'AES',
                                 'http_port': 80,
                                 'is_support_https': False,
                                 'lv': 2},
            'owner': 'REDACTED_19347acd812465188388075'}}
Initializing 192.168.100.112 of type <class 'kasa.smart.smartdevice.SmartDevice'>
Using proactor: IocpProactor
Discovery finished! Found: 1 devices
Discovered 1 devices
Discovery started...
Using proactor: IocpProactor
[DISCOVERY] 255.255.255.255 >> {'system': {'get_sysinfo': {}}}
Waiting 5 seconds for responses...
Using SmartDevice for SMART.TAPOPLUG
Finding protocol for 192.168.100.112
Finding protocol for DeviceFamily.SmartTapoPlug
Finding transport for SMART.AES
Created AES transport for 192.168.100.112
[DISCOVERY] 192.168.100.112 << {'error_code': 0,
 'result': {'device_id': 'REDACTED_c913ec3cd97a6bec2fbb1ee',
            'device_model': 'P100',
            'device_type': 'SMART.TAPOPLUG',
            'factory_default': False,
            'ip': '192.168.100.112',
            'is_support_iot_cloud': True,
            'mac': '74-DA-88-00-00-00',
            'mgt_encrypt_schm': {'encrypt_type': 'AES',
                                 'http_port': 80,
                                 'is_support_https': False,
                                 'lv': 2},
            'owner': 'REDACTED_19347acd812465188388075'}}
Initializing 192.168.100.112 of type <class 'kasa.smart.smartdevice.SmartDevice'>
Discovery finished! Found: 1 devices
Discovered 1 devices
Discovery started...
Using proactor: IocpProactor
Listening on 127.0.0.1:8080
[DISCOVERY] 255.255.255.255 >> {'system': {'get_sysinfo': {}}}
Waiting 5 seconds for responses...
Using SmartDevice for SMART.TAPOPLUG
Finding protocol for 192.168.100.112
Finding protocol for DeviceFamily.SmartTapoPlug
Finding transport for SMART.AES
Created AES transport for 192.168.100.112
[DISCOVERY] 192.168.100.112 << {'error_code': 0,
 'result': {'device_id': 'REDACTED_c913ec3cd97a6bec2fbb1ee',
            'device_model': 'P100',
            'device_type': 'SMART.TAPOPLUG',
            'factory_default': False,
            'ip': '192.168.100.112',
            'is_support_iot_cloud': True,
            'mac': '74-DA-88-00-00-00',
            'mgt_encrypt_schm': {'encrypt_type': 'AES',
                                 'http_port': 80,
                                 'is_support_https': False,
                                 'lv': 2},
            'owner': 'REDACTED_19347acd812465188388075'}}
Initializing 192.168.100.112 of type <class 'kasa.smart.smartdevice.SmartDevice'>
Using proactor: IocpProactor
Discovery finished! Found: 1 devices
Discovered 1 devices
Discovery started...
Using proactor: IocpProactor
[DISCOVERY] 255.255.255.255 >> {'system': {'get_sysinfo': {}}}
Waiting 5 seconds for responses...
Using SmartDevice for SMART.TAPOPLUG
Finding protocol for 192.168.100.112
Finding protocol for DeviceFamily.SmartTapoPlug
Finding transport for SMART.AES
Created AES transport for 192.168.100.112
[DISCOVERY] 192.168.100.112 << {'error_code': 0,
 'result': {'device_id': 'REDACTED_c913ec3cd97a6bec2fbb1ee',
            'device_model': 'P100',
            'device_type': 'SMART.TAPOPLUG',
            'factory_default': False,
            'ip': '192.168.100.112',
            'is_support_iot_cloud': True,
            'mac': '74-DA-88-00-00-00',
            'mgt_encrypt_schm': {'encrypt_type': 'AES',
                                 'http_port': 80,
                                 'is_support_https': False,
                                 'lv': 2},
            'owner': 'REDACTED_19347acd812465188388075'}}
Initializing 192.168.100.112 of type <class 'kasa.smart.smartdevice.SmartDevice'>
Discovery finished! Found: 1 devices
Discovered 1 devices
Discovery started...
Using proactor: IocpProactor
Listening on 127.0.0.1:8080
[DISCOVERY] 255.255.255.255 >> {'system': {'get_sysinfo': {}}}
Waiting 5 seconds for responses...
Using proactor: IocpProactor
Using SmartDevice for SMART.TAPOPLUG
Finding protocol for 192.168.100.112
Finding protocol for DeviceFamily.SmartTapoPlug
Finding transport for SMART.AES
Created AES transport for 192.168.100.112
[DISCOVERY] 192.168.100.112 << {'error_code': 0,
 'result': {'device_id': 'REDACTED_c913ec3cd97a6bec2fbb1ee',
            'device_model': 'P100',
            'device_type': 'SMART.TAPOPLUG',
            'factory_default': False,
            'ip': '192.168.100.112',
            'is_support_iot_cloud': True,
            'mac': '74-DA-88-00-00-00',
            'mgt_encrypt_schm': {'encrypt_type': 'AES',
                                 'http_port': 80,
                                 'is_support_https': False,
                                 'lv': 2},
            'owner': 'REDACTED_19347acd812465188388075'}}
Initializing 192.168.100.112 of type <class 'kasa.smart.smartdevice.SmartDevice'>
Discovery finished! Found: 1 devices
Discovered 1 devices
Discovery started...
Discovery started...
Using proactor: IocpProactor
Listening on 127.0.0.1:8080
[DISCOVERY] 255.255.255.255 >> {'system': {'get_sysinfo': {}}}
Waiting 5 seconds for responses...
Using proactor: IocpProactor
Using SmartDevice for SMART.TAPOPLUG
Finding protocol for 192.168.100.112
Finding protocol for DeviceFamily.SmartTapoPlug
Finding transport for SMART.AES
Created AES transport for 192.168.100.112
[DISCOVERY] 192.168.100.112 << {'error_code': 0,
 'result': {'device_id': 'REDACTED_c913ec3cd97a6bec2fbb1ee',
            'device_model': 'P100',
            'device_type': 'SMART.TAPOPLUG',
            'factory_default': False,
            'ip': '192.168.100.112',
            'is_support_iot_cloud': True,
            'mac': '74-DA-88-00-00-00',
            'mgt_encrypt_schm': {'encrypt_type': 'AES',
                                 'http_port': 80,
                                 'is_support_https': False,
                                 'lv': 2},
            'owner': 'REDACTED_19347acd812465188388075'}}
Initializing 192.168.100.112 of type <class 'kasa.smart.smartdevice.SmartDevice'>
Discovery finished! Found: 1 devices
Discovered 1 devices
Discovery started...
Using proactor: IocpProactor
[DISCOVERY] 255.255.255.255 >> {'system': {'get_sysinfo': {}}}
Waiting 5 seconds for responses...
Using SmartDevice for SMART.TAPOPLUG
Finding protocol for 192.168.100.112
Finding protocol for DeviceFamily.SmartTapoPlug
Finding transport for SMART.AES
Created AES transport for 192.168.100.112
[DISCOVERY] 192.168.100.112 << {'error_code': 0,
 'result': {'device_id': 'REDACTED_c913ec3cd97a6bec2fbb1ee',
            'device_model': 'P100',
            'device_type': 'SMART.TAPOPLUG',
            'factory_default': False,
            'ip': '192.168.100.112',
            'is_support_iot_cloud': True,
            'mac': '74-DA-88-00-00-00',
            'mgt_encrypt_schm': {'encrypt_type': 'AES',
                                 'http_port': 80,
                                 'is_support_https': False,
                                 'lv': 2},
            'owner': 'REDACTED_19347acd812465188388075'}}
Initializing 192.168.100.112 of type <class 'kasa.smart.smartdevice.SmartDevice'>
Discovery finished! Found: 1 devices
Discovered 1 devices
Discovery started...
Using proactor: IocpProactor
Listening on 127.0.0.1:8080
[DISCOVERY] 255.255.255.255 >> {'system': {'get_sysinfo': {}}}
Waiting 5 seconds for responses...
Using SmartDevice for SMART.TAPOPLUG
Finding protocol for 192.168.100.112
Finding protocol for DeviceFamily.SmartTapoPlug
Finding transport for SMART.AES
Created AES transport for 192.168.100.112
[DISCOVERY] 192.168.100.112 << {'error_code': 0,
 'result': {'device_id': 'REDACTED_c913ec3cd97a6bec2fbb1ee',
            'device_model': 'P100',
            'device_type': 'SMART.TAPOPLUG',
            'factory_default': False,
            'ip': '192.168.100.112',
            'is_support_iot_cloud': True,
            'mac': '74-DA-88-00-00-00',
            'mgt_encrypt_schm': {'encrypt_type': 'AES',
                                 'http_port': 80,
                                 'is_support_https': False,
                                 'lv': 2},
            'owner': 'REDACTED_19347acd812465188388075'}}
Initializing 192.168.100.112 of type <class 'kasa.smart.smartdevice.SmartDevice'>
Using proactor: IocpProactor
Discovery finished! Found: 1 devices
Discovered 1 devices
Discovery started...
Using proactor: IocpProactor
[DISCOVERY] 255.255.255.255 >> {'system': {'get_sysinfo': {}}}
Waiting 5 seconds for responses...
Using SmartDevice for SMART.TAPOPLUG
Finding protocol for 192.168.100.112
Finding protocol for DeviceFamily.SmartTapoPlug
Finding transport for SMART.AES
Created AES transport for 192.168.100.112
[DISCOVERY] 192.168.100.112 << {'error_code': 0,
 'result': {'device_id': 'REDACTED_c913ec3cd97a6bec2fbb1ee',
            'device_model': 'P100',
            'device_type': 'SMART.TAPOPLUG',
            'factory_default': False,
            'ip': '192.168.100.112',
            'is_support_iot_cloud': True,
            'mac': '74-DA-88-00-00-00',
            'mgt_encrypt_schm': {'encrypt_type': 'AES',
                                 'http_port': 80,
                                 'is_support_https': False,
                                 'lv': 2},
            'owner': 'REDACTED_19347acd812465188388075'}}
Initializing 192.168.100.112 of type <class 'kasa.smart.smartdevice.SmartDevice'>
Discovery finished! Found: 1 devices
Discovered 1 devices
Discovery started...
Using proactor: IocpProactor
[DISCOVERY] 255.255.255.255 >> {'system': {'get_sysinfo': {}}}
Waiting 5 seconds for responses...
Using SmartDevice for SMART.TAPOPLUG
Finding protocol for 192.168.100.112
Finding protocol for DeviceFamily.SmartTapoPlug
Finding transport for SMART.AES
Created AES transport for 192.168.100.112
[DISCOVERY] 192.168.100.112 << {'error_code': 0,
 'result': {'device_id': 'REDACTED_c913ec3cd97a6bec2fbb1ee',
            'device_model': 'P100',
            'device_type': 'SMART.TAPOPLUG',
            'factory_default': False,
            'ip': '192.168.100.112',
            'is_support_iot_cloud': True,
            'mac': '74-DA-88-00-00-00',
            'mgt_encrypt_schm': {'encrypt_type': 'AES',
                                 'http_port': 80,
                                 'is_support_https': False,
                                 'lv': 2},
            'owner': 'REDACTED_19347acd812465188388075'}}
Initializing 192.168.100.112 of type <class 'kasa.smart.smartdevice.SmartDevice'>
Discovery finished! Found: 1 devices
Discovered 1 devices
Discovery started...
Using proactor: IocpProactor
Listening on 127.0.0.1:8080
[DISCOVERY] 255.255.255.255 >> {'system': {'get_sysinfo': {}}}
Waiting 5 seconds for responses...
Using SmartDevice for SMART.TAPOPLUG
Finding protocol for 192.168.100.112
Finding protocol for DeviceFamily.SmartTapoPlug
Finding transport for SMART.AES
Created AES transport for 192.168.100.112
[DISCOVERY] 192.168.100.112 << {'error_code': 0,
 'result': {'device_id': 'REDACTED_c913ec3cd97a6bec2fbb1ee',
            'device_model': 'P100',
            'device_type': 'SMART.TAPOPLUG',
            'factory_default': False,
            'ip': '192.168.100.112',
            'is_support_iot_cloud': True,
            'mac': '74-DA-88-00-00-00',
            'mgt_encrypt_schm': {'encrypt_type': 'AES',
                                 'http_port': 80,
                                 'is_support_https': False,
                                 'lv': 2},
            'owner': 'REDACTED_19347acd812465188388075'}}
Initializing 192.168.100.112 of type <class 'kasa.smart.smartdevice.SmartDevice'>
Using proactor: IocpProactor
Discovery finished! Found: 1 devices
Discovered 1 devices
Discovery started...
Using proactor: IocpProactor
Listening on 127.0.0.1:8080
[DISCOVERY] 255.255.255.255 >> {'system': {'get_sysinfo': {}}}
Waiting 5 seconds for responses...
Using proactor: IocpProactor
Using SmartDevice for SMART.TAPOPLUG
Finding protocol for 192.168.100.112
Finding protocol for DeviceFamily.SmartTapoPlug
Finding transport for SMART.AES
Created AES transport for 192.168.100.112
[DISCOVERY] 192.168.100.112 << {'error_code': 0,
 'result': {'device_id': 'REDACTED_c913ec3cd97a6bec2fbb1ee',
            'device_model': 'P100',
            'device_type': 'SMART.TAPOPLUG',
            'factory_default': False,
            'ip': '192.168.100.112',
            'is_support_iot_cloud': True,
            'mac': '74-DA-88-00-00-00',
            'mgt_encrypt_schm': {'encrypt_type': 'AES',
                                 'http_port': 80,
                                 'is_support_https': False,
                                 'lv': 2},
            'owner': 'REDACTED_19347acd812465188388075'}}
Initializing 192.168.100.112 of type <class 'kasa.smart.smartdevice.SmartDevice'>
Discovery finished! Found: 1 devices
Discovered 1 devices
Discovery started...
Using proactor: IocpProactor
Listening on 127.0.0.1:8080
[DISCOVERY] 255.255.255.255 >> {'system': {'get_sysinfo': {}}}
Waiting 5 seconds for responses...
Using proactor: IocpProactor
Using SmartDevice for SMART.TAPOPLUG
Finding protocol for 192.168.100.112
Finding protocol for DeviceFamily.SmartTapoPlug
Finding transport for SMART.AES
Created AES transport for 192.168.100.112
[DISCOVERY] 192.168.100.112 << {'error_code': 0,
 'result': {'device_id': 'REDACTED_c913ec3cd97a6bec2fbb1ee',
            'device_model': 'P100',
            'device_type': 'SMART.TAPOPLUG',
            'factory_default': False,
            'ip': '192.168.100.112',
            'is_support_iot_cloud': True,
            'mac': '74-DA-88-00-00-00',
            'mgt_encrypt_schm': {'encrypt_type': 'AES',
                                 'http_port': 80,
                                 'is_support_https': False,
                                 'lv': 2},
            'owner': 'REDACTED_19347acd812465188388075'}}
Initializing 192.168.100.112 of type <class 'kasa.smart.smartdevice.SmartDevice'>
Discovery started...
Using proactor: IocpProactor
Listening on 127.0.0.1:8080
[DISCOVERY] 255.255.255.255 >> {'system': {'get_sysinfo': {}}}
Waiting 5 seconds for responses...
Using proactor: IocpProactor
Using SmartDevice for SMART.TAPOPLUG
Finding protocol for 192.168.100.112
Finding protocol for DeviceFamily.SmartTapoPlug
Finding transport for SMART.AES
Created AES transport for 192.168.100.112
[DISCOVERY] 192.168.100.112 << {'error_code': 0,
 'result': {'device_id': 'REDACTED_c913ec3cd97a6bec2fbb1ee',
            'device_model': 'P100',
            'device_type': 'SMART.TAPOPLUG',
            'factory_default': False,
            'ip': '192.168.100.112',
            'is_support_iot_cloud': True,
            'mac': '74-DA-88-00-00-00',
            'mgt_encrypt_schm': {'encrypt_type': 'AES',
                                 'http_port': 80,
                                 'is_support_https': False,
                                 'lv': 2},
            'owner': 'REDACTED_19347acd812465188388075'}}
Initializing 192.168.100.112 of type <class 'kasa.smart.smartdevice.SmartDevice'>
Discovery finished! Found: 1 devices
Discovered 1 devices
Discovery started...
Using proactor: IocpProactor
[DISCOVERY] 255.255.255.255 >> {'system': {'get_sysinfo': {}}}
Waiting 5 seconds for responses...
Using SmartDevice for SMART.TAPOPLUG
Finding protocol for 192.168.100.112
Finding protocol for DeviceFamily.SmartTapoPlug
Finding transport for SMART.AES
Created AES transport for 192.168.100.112
[DISCOVERY] 192.168.100.112 << {'error_code': 0,
 'result': {'device_id': 'REDACTED_c913ec3cd97a6bec2fbb1ee',
            'device_model': 'P100',
            'device_type': 'SMART.TAPOPLUG',
            'factory_default': False,
            'ip': '192.168.100.112',
            'is_support_iot_cloud': True,
            'mac': '74-DA-88-00-00-00',
            'mgt_encrypt_schm': {'encrypt_type': 'AES',
                                 'http_port': 80,
                                 'is_support_https': False,
                                 'lv': 2},
            'owner': 'REDACTED_19347acd812465188388075'}}
Initializing 192.168.100.112 of type <class 'kasa.smart.smartdevice.SmartDevice'>
Discovery finished! Found: 1 devices
Discovered 1 devices
Discovery started...
Using proactor: IocpProactor
Listening on 127.0.0.1:8080
[DISCOVERY] 255.255.255.255 >> {'system': {'get_sysinfo': {}}}
Waiting 5 seconds for responses...
Using proactor: IocpProactor
Using SmartDevice for SMART.TAPOPLUG
Finding protocol for 192.168.100.112
Finding protocol for DeviceFamily.SmartTapoPlug
Finding transport for SMART.AES
Created AES transport for 192.168.100.112
[DISCOVERY] 192.168.100.112 << {'error_code': 0,
 'result': {'device_id': 'REDACTED_c913ec3cd97a6bec2fbb1ee',
            'device_model': 'P100',
            'device_type': 'SMART.TAPOPLUG',
            'factory_default': False,
            'ip': '192.168.100.112',
            'is_support_iot_cloud': True,
            'mac': '74-DA-88-00-00-00',
            'mgt_encrypt_schm': {'encrypt_type': 'AES',
                                 'http_port': 80,
                                 'is_support_https': False,
                                 'lv': 2},
            'owner': 'REDACTED_19347acd812465188388075'}}
Initializing 192.168.100.112 of type <class 'kasa.smart.smartdevice.SmartDevice'>
Discovery finished! Found: 1 devices
Discovered 1 devices
Discovery started...
Using proactor: IocpProactor
Listening on 127.0.0.1:8080
[DISCOVERY] 255.255.255.255 >> {'system': {'get_sysinfo': {}}}
Waiting 5 seconds for responses...
Using proactor: IocpProactor
Using SmartDevice for SMART.TAPOPLUG
Finding protocol for 192.168.100.112
Finding protocol for DeviceFamily.SmartTapoPlug
Finding transport for SMART.AES
Created AES transport for 192.168.100.112
[DISCOVERY] 192.168.100.112 << {'error_code': 0,
 'result': {'device_id': 'REDACTED_c913ec3cd97a6bec2fbb1ee',
            'device_model': 'P100',
            'device_type': 'SMART.TAPOPLUG',
            'factory_default': False,
            'ip': '192.168.100.112',
            'is_support_iot_cloud': True,
            'mac': '74-DA-88-00-00-00',
            'mgt_encrypt_schm': {'encrypt_type': 'AES',
                                 'http_port': 80,
                                 'is_support_https': False,
                                 'lv': 2},
            'owner': 'REDACTED_19347acd812465188388075'}}
Initializing 192.168.100.112 of type <class 'kasa.smart.smartdevice.SmartDevice'>
Discovery finished! Found: 1 devices
Discovered 1 devices
Discovery started...
Using proactor: IocpProactor
Listening on 127.0.0.1:8080
[DISCOVERY] 255.255.255.255 >> {'system': {'get_sysinfo': {}}}
Waiting 5 seconds for responses...
Using proactor: IocpProactor
Using SmartDevice for SMART.TAPOPLUG
Finding protocol for 192.168.100.112
Finding protocol for DeviceFamily.SmartTapoPlug
Finding transport for SMART.AES
Created AES transport for 192.168.100.112
[DISCOVERY] 192.168.100.112 << {'error_code': 0,
 'result': {'device_id': 'REDACTED_c913ec3cd97a6bec2fbb1ee',
            'device_model': 'P100',
            'device_type': 'SMART.TAPOPLUG',
            'factory_default': False,
            'ip': '192.168.100.112',
            'is_support_iot_cloud': True,
            'mac': '74-DA-88-00-00-00',
            'mgt_encrypt_schm': {'encrypt_type': 'AES',
                                 'http_port': 80,
                                 'is_support_https': False,
                                 'lv': 2},
            'owner': 'REDACTED_19347acd812465188388075'}}
Initializing 192.168.100.112 of type <class 'kasa.smart.smartdevice.SmartDevice'>
Discovery finished! Found: 1 devices
Discovered 1 devices
Discovery started...
Using proactor: IocpProactor
Listening on 127.0.0.1:8080
[DISCOVERY] 255.255.255.255 >> {'system': {'get_sysinfo': {}}}
Waiting 5 seconds for responses...
Using proactor: IocpProactor
Using SmartDevice for SMART.TAPOPLUG
Finding protocol for 192.168.100.112
Finding protocol for DeviceFamily.SmartTapoPlug
Finding transport for SMART.AES
Created AES transport for 192.168.100.112
[DISCOVERY] 192.168.100.112 << {'error_code': 0,
 'result': {'device_id': 'REDACTED_c913ec3cd97a6bec2fbb1ee',
            'device_model': 'P100',
            'device_type': 'SMART.TAPOPLUG',
            'factory_default': False,
            'ip': '192.168.100.112',
            'is_support_iot_cloud': True,
            'mac': '74-DA-88-00-00-00',
            'mgt_encrypt_schm': {'encrypt_type': 'AES',
                                 'http_port': 80,
                                 'is_support_https': False,
                                 'lv': 2},
            'owner': 'REDACTED_19347acd812465188388075'}}
Initializing 192.168.100.112 of type <class 'kasa.smart.smartdevice.SmartDevice'>
Discovery finished! Found: 1 devices
Discovered 1 devices
Discovery started...
Using proactor: IocpProactor
Listening on 127.0.0.1:8080
[DISCOVERY] 255.255.255.255 >> {'system': {'get_sysinfo': {}}}
Waiting 5 seconds for responses...
Using proactor: IocpProactor
Using SmartDevice for SMART.TAPOPLUG
Finding protocol for 192.168.100.112
Finding protocol for DeviceFamily.SmartTapoPlug
Finding transport for SMART.AES
Created AES transport for 192.168.100.112
[DISCOVERY] 192.168.100.112 << {'error_code': 0,
 'result': {'device_id': 'REDACTED_c913ec3cd97a6bec2fbb1ee',
            'device_model': 'P100',
            'device_type': 'SMART.TAPOPLUG',
            'factory_default': False,
            'ip': '192.168.100.112',
            'is_support_iot_cloud': True,
            'mac': '74-DA-88-00-00-00',
            'mgt_encrypt_schm': {'encrypt_type': 'AES',
                                 'http_port': 80,
                                 'is_support_https': False,
                                 'lv': 2},
            'owner': 'REDACTED_19347acd812465188388075'}}
Initializing 192.168.100.112 of type <class 'kasa.smart.smartdevice.SmartDevice'>
Discovery finished! Found: 1 devices
Discovered 1 devices
Discovery started...
Using proactor: IocpProactor
[DISCOVERY] 255.255.255.255 >> {'system': {'get_sysinfo': {}}}
Waiting 5 seconds for responses...
Using SmartDevice for SMART.TAPOPLUG
Finding protocol for 192.168.100.112
Finding protocol for DeviceFamily.SmartTapoPlug
Finding transport for SMART.AES
Created AES transport for 192.168.100.112
[DISCOVERY] 192.168.100.112 << {'error_code': 0,
 'result': {'device_id': 'REDACTED_c913ec3cd97a6bec2fbb1ee',
            'device_model': 'P100',
            'device_type': 'SMART.TAPOPLUG',
            'factory_default': False,
            'ip': '192.168.100.112',
            'is_support_iot_cloud': True,
            'mac': '74-DA-88-00-00-00',
            'mgt_encrypt_schm': {'encrypt_type': 'AES',
                                 'http_port': 80,
                                 'is_support_https': False,
                                 'lv': 2},
            'owner': 'REDACTED_19347acd812465188388075'}}
Initializing 192.168.100.112 of type <class 'kasa.smart.smartdevice.SmartDevice'>
Discovery finished! Found: 1 devices
Discovered 1 devices
Discovery started...
Using proactor: IocpProactor
Listening on 127.0.0.1:8080
[DISCOVERY] 255.255.255.255 >> {'system': {'get_sysinfo': {}}}
Waiting 5 seconds for responses...
Using proactor: IocpProactor
Using SmartDevice for SMART.TAPOPLUG
Finding protocol for 192.168.100.112
Finding protocol for DeviceFamily.SmartTapoPlug
Finding transport for SMART.AES
Created AES transport for 192.168.100.112
[DISCOVERY] 192.168.100.112 << {'error_code': 0,
 'result': {'device_id': 'REDACTED_c913ec3cd97a6bec2fbb1ee',
            'device_model': 'P100',
            'device_type': 'SMART.TAPOPLUG',
            'factory_default': False,
            'ip': '192.168.100.112',
            'is_support_iot_cloud': True,
            'mac': '74-DA-88-00-00-00',
            'mgt_encrypt_schm': {'encrypt_type': 'AES',
                                 'http_port': 80,
                                 'is_support_https': False,
                                 'lv': 2},
            'owner': 'REDACTED_19347acd812465188388075'}}
Initializing 192.168.100.112 of type <class 'kasa.smart.smartdevice.SmartDevice'>
Discovery finished! Found: 1 devices
Discovered 1 devices
Discovery started...
Using proactor: IocpProactor
[DISCOVERY] 255.255.255.255 >> {'system': {'get_sysinfo': {}}}
Waiting 5 seconds for responses...
Using SmartDevice for SMART.TAPOPLUG
Finding protocol for 192.168.100.112
Finding protocol for DeviceFamily.SmartTapoPlug
Finding transport for SMART.AES
Created AES transport for 192.168.100.112
[DISCOVERY] 192.168.100.112 << {'error_code': 0,
 'result': {'device_id': 'REDACTED_c913ec3cd97a6bec2fbb1ee',
            'device_model': 'P100',
            'device_type': 'SMART.TAPOPLUG',
            'factory_default': False,
            'ip': '192.168.100.112',
            'is_support_iot_cloud': True,
            'mac': '74-DA-88-00-00-00',
            'mgt_encrypt_schm': {'encrypt_type': 'AES',
                                 'http_port': 80,
                                 'is_support_https': False,
                                 'lv': 2},
            'owner': 'REDACTED_19347acd812465188388075'}}
Initializing 192.168.100.112 of type <class 'kasa.smart.smartdevice.SmartDevice'>
Discovery finished! Found: 1 devices
Discovered 1 devices
Discovery started...
Using proactor: IocpProactor
[DISCOVERY] 255.255.255.255 >> {'system': {'get_sysinfo': {}}}
Waiting 5 seconds for responses...
Using SmartDevice for SMART.TAPOPLUG
Finding protocol for 192.168.100.112
Finding protocol for DeviceFamily.SmartTapoPlug
Finding transport for SMART.AES
Created AES transport for 192.168.100.112
[DISCOVERY] 192.168.100.112 << {'error_code': 0,
 'result': {'device_id': 'REDACTED_c913ec3cd97a6bec2fbb1ee',
            'device_model': 'P100',
            'device_type': 'SMART.TAPOPLUG',
            'factory_default': False,
            'ip': '192.168.100.112',
            'is_support_iot_cloud': True,
            'mac': '74-DA-88-00-00-00',
            'mgt_encrypt_schm': {'encrypt_type': 'AES',
                                 'http_port': 80,
                                 'is_support_https': False,
                                 'lv': 2},
            'owner': 'REDACTED_19347acd812465188388075'}}
Initializing 192.168.100.112 of type <class 'kasa.smart.smartdevice.SmartDevice'>
Discovery finished! Found: 1 devices
Discovered 1 devices
Discovery started...
Using proactor: IocpProactor
Listening on 127.0.0.1:8080
[DISCOVERY] 255.255.255.255 >> {'system': {'get_sysinfo': {}}}
Waiting 5 seconds for responses...
Using SmartDevice for SMART.TAPOPLUG
Finding protocol for 192.168.100.112
Finding protocol for DeviceFamily.SmartTapoPlug
Finding transport for SMART.AES
Created AES transport for 192.168.100.112
[DISCOVERY] 192.168.100.112 << {'error_code': 0,
 'result': {'device_id': 'REDACTED_c913ec3cd97a6bec2fbb1ee',
            'device_model': 'P100',
            'device_type': 'SMART.TAPOPLUG',
            'factory_default': False,
            'ip': '192.168.100.112',
            'is_support_iot_cloud': True,
            'mac': '74-DA-88-00-00-00',
            'mgt_encrypt_schm': {'encrypt_type': 'AES',
                                 'http_port': 80,
                                 'is_support_https': False,
                                 'lv': 2},
            'owner': 'REDACTED_19347acd812465188388075'}}
Initializing 192.168.100.112 of type <class 'kasa.smart.smartdevice.SmartDevice'>
Using proactor: IocpProactor
Discovery finished! Found: 1 devices
Discovered 1 devices
Switching status
Discovery started...
Using proactor: IocpProactor
Listening on 127.0.0.1:8080
[DISCOVERY] 255.255.255.255 >> {'system': {'get_sysinfo': {}}}
Waiting 5 seconds for responses...
Using SmartDevice for SMART.TAPOPLUG
Finding protocol for 192.168.100.112
Finding protocol for DeviceFamily.SmartTapoPlug
Finding transport for SMART.AES
Created AES transport for 192.168.100.112
[DISCOVERY] 192.168.100.112 << {'error_code': 0,
 'result': {'device_id': 'REDACTED_c913ec3cd97a6bec2fbb1ee',
            'device_model': 'P100',
            'device_type': 'SMART.TAPOPLUG',
            'factory_default': False,
            'ip': '192.168.100.112',
            'is_support_iot_cloud': True,
            'mac': '74-DA-88-00-00-00',
            'mgt_encrypt_schm': {'encrypt_type': 'AES',
                                 'http_port': 80,
                                 'is_support_https': False,
                                 'lv': 2},
            'owner': 'REDACTED_19347acd812465188388075'}}
Initializing 192.168.100.112 of type <class 'kasa.smart.smartdevice.SmartDevice'>
Using proactor: IocpProactor
Discovery finished! Found: 1 devices
Discovered 1 devices
Switching status
Discovery started...
Using proactor: IocpProactor
Listening on 127.0.0.1:8080
[DISCOVERY] 255.255.255.255 >> {'system': {'get_sysinfo': {}}}
Waiting 5 seconds for responses...
Using SmartDevice for SMART.TAPOPLUG
Finding protocol for 192.168.100.112
Finding protocol for DeviceFamily.SmartTapoPlug
Finding transport for SMART.AES
Created AES transport for 192.168.100.112
[DISCOVERY] 192.168.100.112 << {'error_code': 0,
 'result': {'device_id': 'REDACTED_c913ec3cd97a6bec2fbb1ee',
            'device_model': 'P100',
            'device_type': 'SMART.TAPOPLUG',
            'factory_default': False,
            'ip': '192.168.100.112',
            'is_support_iot_cloud': True,
            'mac': '74-DA-88-00-00-00',
            'mgt_encrypt_schm': {'encrypt_type': 'AES',
                                 'http_port': 80,
                                 'is_support_https': False,
                                 'lv': 2},
            'owner': 'REDACTED_19347acd812465188388075'}}
Initializing 192.168.100.112 of type <class 'kasa.smart.smartdevice.SmartDevice'>
Using proactor: IocpProactor
Discovery finished! Found: 1 devices
Discovered 1 devices
Switching status
Discovery started...
Using proactor: IocpProactor
Listening on 127.0.0.1:8080
[DISCOVERY] 255.255.255.255 >> {'system': {'get_sysinfo': {}}}
Waiting 5 seconds for responses...
Using proactor: IocpProactor
Using SmartDevice for SMART.TAPOPLUG
Finding protocol for 192.168.100.112
Finding protocol for DeviceFamily.SmartTapoPlug
Finding transport for SMART.AES
Created AES transport for 192.168.100.112
[DISCOVERY] 192.168.100.112 << {'error_code': 0,
 'result': {'device_id': 'REDACTED_c913ec3cd97a6bec2fbb1ee',
            'device_model': 'P100',
            'device_type': 'SMART.TAPOPLUG',
            'factory_default': False,
            'ip': '192.168.100.112',
            'is_support_iot_cloud': True,
            'mac': '74-DA-88-00-00-00',
            'mgt_encrypt_schm': {'encrypt_type': 'AES',
                                 'http_port': 80,
                                 'is_support_https': False,
                                 'lv': 2},
            'owner': 'REDACTED_19347acd812465188388075'}}
Initializing 192.168.100.112 of type <class 'kasa.smart.smartdevice.SmartDevice'>
Discovery finished! Found: 1 devices
Discovered 1 devices
Switching status
Using proactor: IocpProactor
Initializing 192.168.100.112 of type <class 'kasa.iot.iotplug.IotPlug'>
Performing the initial update to obtain sysinfo
192.168.100.112 >> {"system":{"get_sysinfo":{}}}
Unable to query the device: 192.168.100.112, not retrying: Unable to connect to the device: 192.168.100.112:9999: [WinError 1225] Il computer remoto ha rifiutato la connessione di rete
Discovery started...
Using proactor: IocpProactor
[DISCOVERY] 255.255.255.255 >> {'system': {'get_sysinfo': {}}}
Waiting 5 seconds for responses...
Using SmartDevice for SMART.TAPOPLUG
Finding protocol for 192.168.100.112
Finding protocol for DeviceFamily.SmartTapoPlug
Finding transport for SMART.AES
Created AES transport for 192.168.100.112
[DISCOVERY] 192.168.100.112 << {'error_code': 0,
 'result': {'device_id': 'REDACTED_c913ec3cd97a6bec2fbb1ee',
            'device_model': 'P100',
            'device_type': 'SMART.TAPOPLUG',
            'factory_default': False,
            'ip': '192.168.100.112',
            'is_support_iot_cloud': True,
            'mac': '74-DA-88-00-00-00',
            'mgt_encrypt_schm': {'encrypt_type': 'AES',
                                 'http_port': 80,
                                 'is_support_https': False,
                                 'lv': 2},
            'owner': 'REDACTED_19347acd812465188388075'}}
Initializing 192.168.100.112 of type <class 'kasa.smart.smartdevice.SmartDevice'>
Discovery started...
Using proactor: IocpProactor
Listening on 127.0.0.1:8080
[DISCOVERY] 255.255.255.255 >> {'system': {'get_sysinfo': {}}}
Waiting 5 seconds for responses...
Using proactor: IocpProactor
Using SmartDevice for SMART.TAPOPLUG
Finding protocol for 192.168.100.112
Finding protocol for DeviceFamily.SmartTapoPlug
Finding transport for SMART.AES
Created AES transport for 192.168.100.112
[DISCOVERY] 192.168.100.112 << {'error_code': 0,
 'result': {'device_id': 'REDACTED_c913ec3cd97a6bec2fbb1ee',
            'device_model': 'P100',
            'device_type': 'SMART.TAPOPLUG',
            'factory_default': False,
            'ip': '192.168.100.112',
            'is_support_iot_cloud': True,
            'mac': '74-DA-88-00-00-00',
            'mgt_encrypt_schm': {'encrypt_type': 'AES',
                                 'http_port': 80,
                                 'is_support_https': False,
                                 'lv': 2},
            'owner': 'REDACTED_19347acd812465188388075'}}
Initializing 192.168.100.112 of type <class 'kasa.smart.smartdevice.SmartDevice'>
Discovery finished! Found: 1 devices
Discovered 1 devices
Discovery started...
Using proactor: IocpProactor
[DISCOVERY] 255.255.255.255 >> {'system': {'get_sysinfo': {}}}
Waiting 5 seconds for responses...
Using SmartDevice for SMART.TAPOPLUG
Finding protocol for 192.168.100.112
Finding protocol for DeviceFamily.SmartTapoPlug
Finding transport for SMART.AES
Created AES transport for 192.168.100.112
[DISCOVERY] 192.168.100.112 << {'error_code': 0,
 'result': {'device_id': 'REDACTED_c913ec3cd97a6bec2fbb1ee',
            'device_model': 'P100',
            'device_type': 'SMART.TAPOPLUG',
            'factory_default': False,
            'ip': '192.168.100.112',
            'is_support_iot_cloud': True,
            'mac': '74-DA-88-00-00-00',
            'mgt_encrypt_schm': {'encrypt_type': 'AES',
                                 'http_port': 80,
                                 'is_support_https': False,
                                 'lv': 2},
            'owner': 'REDACTED_19347acd812465188388075'}}
Initializing 192.168.100.112 of type <class 'kasa.smart.smartdevice.SmartDevice'>
Discovery finished! Found: 1 devices
Discovered 1 devices
Switching status
Discovery started...
Using proactor: IocpProactor
Listening on 127.0.0.1:8080
[DISCOVERY] 255.255.255.255 >> {'system': {'get_sysinfo': {}}}
Waiting 5 seconds for responses...
Using proactor: IocpProactor
Using SmartDevice for SMART.TAPOPLUG
Finding protocol for 192.168.100.112
Finding protocol for DeviceFamily.SmartTapoPlug
Finding transport for SMART.AES
Created AES transport for 192.168.100.112
[DISCOVERY] 192.168.100.112 << {'error_code': 0,
 'result': {'device_id': 'REDACTED_c913ec3cd97a6bec2fbb1ee',
            'device_model': 'P100',
            'device_type': 'SMART.TAPOPLUG',
            'factory_default': False,
            'ip': '192.168.100.112',
            'is_support_iot_cloud': True,
            'mac': '74-DA-88-00-00-00',
            'mgt_encrypt_schm': {'encrypt_type': 'AES',
                                 'http_port': 80,
                                 'is_support_https': False,
                                 'lv': 2},
            'owner': 'REDACTED_19347acd812465188388075'}}
Initializing 192.168.100.112 of type <class 'kasa.smart.smartdevice.SmartDevice'>
Discovery finished! Found: 1 devices
Discovered 1 devices
Switching status
Discovery started...
Using proactor: IocpProactor
Listening on 127.0.0.1:8080
[DISCOVERY] 255.255.255.255 >> {'system': {'get_sysinfo': {}}}
Waiting 5 seconds for responses...
Using proactor: IocpProactor
Using SmartDevice for SMART.TAPOPLUG
Finding protocol for 192.168.100.112
Finding protocol for DeviceFamily.SmartTapoPlug
Finding transport for SMART.AES
Created AES transport for 192.168.100.112
[DISCOVERY] 192.168.100.112 << {'error_code': 0,
 'result': {'device_id': 'REDACTED_c913ec3cd97a6bec2fbb1ee',
            'device_model': 'P100',
            'device_type': 'SMART.TAPOPLUG',
            'factory_default': False,
            'ip': '192.168.100.112',
            'is_support_iot_cloud': True,
            'mac': '74-DA-88-00-00-00',
            'mgt_encrypt_schm': {'encrypt_type': 'AES',
                                 'http_port': 80,
                                 'is_support_https': False,
                                 'lv': 2},
            'owner': 'REDACTED_19347acd812465188388075'}}
Initializing 192.168.100.112 of type <class 'kasa.smart.smartdevice.SmartDevice'>
Discovery finished! Found: 1 devices
Discovered 1 devices
Switching status
Using proactor: IocpProactor
[DISCOVERY] 192.168.100.112 >> {'system': {'get_sysinfo': {}}}
Waiting a total of 5 seconds for responses...
Using SmartDevice for SMART.TAPOPLUG
Finding protocol for 192.168.100.112
Finding protocol for DeviceFamily.SmartTapoPlug
Finding transport for SMART.AES
Created AES transport for 192.168.100.112
[DISCOVERY] 192.168.100.112 << {'error_code': 0,
 'result': {'device_id': 'REDACTED_c913ec3cd97a6bec2fbb1ee',
            'device_model': 'P100',
            'device_type': 'SMART.TAPOPLUG',
            'factory_default': False,
            'ip': '192.168.100.112',
            'is_support_iot_cloud': True,
            'mac': '74-DA-88-00-00-00',
            'mgt_encrypt_schm': {'encrypt_type': 'AES',
                                 'http_port': 80,
                                 'is_support_https': False,
                                 'lv': 2},
            'owner': 'REDACTED_19347acd812465188388075'}}
Initializing 192.168.100.112 of type <class 'kasa.smart.smartdevice.SmartDevice'>
192.168.100.112 >> '{"method":"set_device_info","request_time_milis":1743519363541,"terminal_uuid":"lm2TOPNNyPb4VIId9FDi4A==","params":{"device_on":false}}'
Will perform handshaking...
Posting to http://192.168.100.112/app
Generating keypair
Handshake request: {'method': 'handshake', 'params': {'key': '-----BEGIN PUBLIC KEY-----\nMIGfMA0GCSqGSIb3DQEBAQUAA4GNADCBiQKBgQCxextWNkGXqO2z3OgPwfvAjo14lIEkOCmpibS/stpAIYEaIG7ZwlH3ielX9+Vd15YbUM7WfSG/sGlh1i8x5/rwL753UzcGfm5rzdm8F3x7HLNL10mMbV2v5T6Jpa4a5NR3u8DMGRhWsGbckjJhQZPLLVZ5XEnzWJykBaf3zwmfHwIDAQAB\n-----END PUBLIC KEY-----\n'}}
Device responded with: {'error_code': 0, 'result': {'key': 'B1ssSjrgxiHhEuQ5U5UN3H+KJGnpmr46tWCPyoGbYO+a2XCNem+PZfWBBB6d715DMWE4REps6D1kdk6Xq+cHUkyJRFRohXe3sYEFd1yUJzhPv6cQpWytjVPYJkQpbmAKOVWkp/cCNT790TnnndU3VcwB7XKTnzKKH69obhZ+eSM='}}
Handshake with 192.168.100.112 complete
Posting to http://192.168.100.112/app
192.168.100.112: logged in with provided credentials
Posting to http://192.168.100.112/app?token=ED86BE8584B525B438A4E8A4E6A40EA4
Device 192.168.100.112 received an os error, enabling sequential request delay: Server disconnected
Device 192.168.100.112 got a connection error, will retry 3 times: ('Device connection error: 192.168.100.112: Server disconnected', ServerDisconnectedError('Server disconnected'))
192.168.100.112 >> '{"method":"set_device_info","request_time_milis":1743519363649,"terminal_uuid":"lm2TOPNNyPb4VIId9FDi4A==","params":{"device_on":false}}'
Device 192.168.100.112 waiting 0.25 seconds to send request
Posting to http://192.168.100.112/app?token=ED86BE8584B525B438A4E8A4E6A40EA4
192.168.100.112 << {'error_code': 0}
Unclosed client session
client_session: <aiohttp.client.ClientSession object at 0x000001B5AE938A70>
Exception in default exception handler
Traceback (most recent call last):
  File "C:\Users\Davide\AppData\Local\Programs\Python\Python312\Lib\asyncio\base_events.py", line 1847, in call_exception_handler
    self.default_exception_handler(context)
  File "C:\Users\Davide\AppData\Local\Programs\Python\Python312\Lib\asyncio\base_events.py", line 1821, in default_exception_handler
    logger.error('\n'.join(log_lines), exc_info=exc_info)
  File "C:\Users\Davide\AppData\Local\Programs\Python\Python312\Lib\logging\__init__.py", line 1568, in error
    self._log(ERROR, msg, args, **kwargs)
  File "C:\Users\Davide\AppData\Local\Programs\Python\Python312\Lib\logging\__init__.py", line 1684, in _log
    self.handle(record)
  File "C:\Users\Davide\AppData\Local\Programs\Python\Python312\Lib\logging\__init__.py", line 1700, in handle
    self.callHandlers(record)
  File "C:\Users\Davide\AppData\Local\Programs\Python\Python312\Lib\logging\__init__.py", line 1762, in callHandlers
    hdlr.handle(record)
  File "C:\Users\Davide\Desktop\ServerSmartPlug\log_manager.py", line 16, in handle
    listener(record)
  File "C:\Users\Davide\Desktop\ServerSmartPlug\gui\windows.py", line 23, in _add_console_line
    self.console_text.configure(state='normal')
  File "C:\Users\Davide\AppData\Local\Programs\Python\Python312\Lib\tkinter\__init__.py", line 1722, in configure
    return self._configure('configure', cnf, kw)
           ^^^^^^^^^^^^^^^^^^^^^^^^^^^^^^^^^^^^^
  File "C:\Users\Davide\AppData\Local\Programs\Python\Python312\Lib\tkinter\__init__.py", line 1712, in _configure
    self.tk.call(_flatten((self._w, cmd)) + self._options(cnf))
_tkinter.TclError: invalid command name ".!frame4.!frame.!text"
Unclosed connector
connections: ['deque([(<aiohttp.client_proto.ResponseHandler object at 0x000001B5AE8F7770>, 692919.703)])']
connector: <aiohttp.connector.TCPConnector object at 0x000001B5AE8E2330>
Exception in default exception handler
Traceback (most recent call last):
  File "C:\Users\Davide\AppData\Local\Programs\Python\Python312\Lib\asyncio\base_events.py", line 1847, in call_exception_handler
    self.default_exception_handler(context)
  File "C:\Users\Davide\AppData\Local\Programs\Python\Python312\Lib\asyncio\base_events.py", line 1821, in default_exception_handler
    logger.error('\n'.join(log_lines), exc_info=exc_info)
  File "C:\Users\Davide\AppData\Local\Programs\Python\Python312\Lib\logging\__init__.py", line 1568, in error
    self._log(ERROR, msg, args, **kwargs)
  File "C:\Users\Davide\AppData\Local\Programs\Python\Python312\Lib\logging\__init__.py", line 1684, in _log
    self.handle(record)
  File "C:\Users\Davide\AppData\Local\Programs\Python\Python312\Lib\logging\__init__.py", line 1700, in handle
    self.callHandlers(record)
  File "C:\Users\Davide\AppData\Local\Programs\Python\Python312\Lib\logging\__init__.py", line 1762, in callHandlers
    hdlr.handle(record)
  File "C:\Users\Davide\Desktop\ServerSmartPlug\log_manager.py", line 16, in handle
    listener(record)
  File "C:\Users\Davide\Desktop\ServerSmartPlug\gui\windows.py", line 23, in _add_console_line
    self.console_text.configure(state='normal')
  File "C:\Users\Davide\AppData\Local\Programs\Python\Python312\Lib\tkinter\__init__.py", line 1722, in configure
    return self._configure('configure', cnf, kw)
           ^^^^^^^^^^^^^^^^^^^^^^^^^^^^^^^^^^^^^
  File "C:\Users\Davide\AppData\Local\Programs\Python\Python312\Lib\tkinter\__init__.py", line 1712, in _configure
    self.tk.call(_flatten((self._w, cmd)) + self._options(cnf))
_tkinter.TclError: invalid command name ".!frame4.!frame.!text"
Discovery started...
Using proactor: IocpProactor
Listening on 127.0.0.1:8080
[DISCOVERY] 255.255.255.255 >> {'system': {'get_sysinfo': {}}}
Waiting 5 seconds for responses...
Using proactor: IocpProactor
Using SmartDevice for SMART.TAPOPLUG
Finding protocol for 192.168.100.112
Finding protocol for DeviceFamily.SmartTapoPlug
Finding transport for SMART.AES
Created AES transport for 192.168.100.112
[DISCOVERY] 192.168.100.112 << {'error_code': 0,
 'result': {'device_id': 'REDACTED_c913ec3cd97a6bec2fbb1ee',
            'device_model': 'P100',
            'device_type': 'SMART.TAPOPLUG',
            'factory_default': False,
            'ip': '192.168.100.112',
            'is_support_iot_cloud': True,
            'mac': '74-DA-88-00-00-00',
            'mgt_encrypt_schm': {'encrypt_type': 'AES',
                                 'http_port': 80,
                                 'is_support_https': False,
                                 'lv': 2},
            'owner': 'REDACTED_19347acd812465188388075'}}
Initializing 192.168.100.112 of type <class 'kasa.smart.smartdevice.SmartDevice'>
Discovery finished! Found: 1 devices
Discovered 1 devices
Switching status
Using proactor: IocpProactor
[DISCOVERY] 192.168.100.112 >> {'system': {'get_sysinfo': {}}}
Waiting a total of 5 seconds for responses...
Using SmartDevice for SMART.TAPOPLUG
Finding protocol for 192.168.100.112
Finding protocol for DeviceFamily.SmartTapoPlug
Finding transport for SMART.AES
Created AES transport for 192.168.100.112
[DISCOVERY] 192.168.100.112 << {'error_code': 0,
 'result': {'device_id': 'REDACTED_c913ec3cd97a6bec2fbb1ee',
            'device_model': 'P100',
            'device_type': 'SMART.TAPOPLUG',
            'factory_default': False,
            'ip': '192.168.100.112',
            'is_support_iot_cloud': True,
            'mac': '74-DA-88-00-00-00',
            'mgt_encrypt_schm': {'encrypt_type': 'AES',
                                 'http_port': 80,
                                 'is_support_https': False,
                                 'lv': 2},
            'owner': 'REDACTED_19347acd812465188388075'}}
Initializing 192.168.100.112 of type <class 'kasa.smart.smartdevice.SmartDevice'>
192.168.100.112 >> '{"method":"set_device_info","request_time_milis":1743520019490,"terminal_uuid":"U8t4UyvT28c7K17QONqOZQ==","params":{"device_on":false}}'
Will perform handshaking...
Posting to http://192.168.100.112/app
Generating keypair
Handshake request: {'method': 'handshake', 'params': {'key': '-----BEGIN PUBLIC KEY-----\nMIGfMA0GCSqGSIb3DQEBAQUAA4GNADCBiQKBgQCWW10WToh8i17SMXUTbfNbKcIydBxnLyknC6ceUt0HNVlHEsp9taxagQtzbhjjET1BzbwW5p3C/JCzCyWt37M0JVyqemDV2sDTivRwDSRDD+Jc4Xy1QftiEcinv1eEjZTCF4kz9T/Vy8D3EZGFFX7CWAiHeNy8sNG9CcKPY10xIwIDAQAB\n-----END PUBLIC KEY-----\n'}}
Device responded with: {'error_code': 0, 'result': {'key': 'jZnAnz+k0dbWyCJilOzQ5Sk18c0jnNVqx63sthj/Kbnt+tI+eNfiBbkbVdfSPTZQU/m3S57cNH8OaLuT9eID47ZMrWDCS2v5XZoxAewPvWsxSrCDbPJ7B3nVBnuxSTdOZfzPyX6Jt0RKOsP3t6XG59naJir37kUvB87arInYlnI='}}
Handshake with 192.168.100.112 complete
Posting to http://192.168.100.112/app
192.168.100.112: logged in with provided credentials
Posting to http://192.168.100.112/app?token=C49BC0A680778261AA012B023F327733
Device 192.168.100.112 received an os error, enabling sequential request delay: Server disconnected
Device 192.168.100.112 got a connection error, will retry 3 times: ('Device connection error: 192.168.100.112: Server disconnected', ServerDisconnectedError('Server disconnected'))
192.168.100.112 >> '{"method":"set_device_info","request_time_milis":1743520019699,"terminal_uuid":"U8t4UyvT28c7K17QONqOZQ==","params":{"device_on":false}}'
Device 192.168.100.112 waiting 0.25 seconds to send request
Posting to http://192.168.100.112/app?token=C49BC0A680778261AA012B023F327733
192.168.100.112 << {'error_code': 0}
Unclosed client session
client_session: <aiohttp.client.ClientSession object at 0x000002362F1280B0>
Unclosed connector
connections: ['deque([(<aiohttp.client_proto.ResponseHandler object at 0x000002362F133890>, 693575.781)])']
connector: <aiohttp.connector.TCPConnector object at 0x000002362F1280E0>
Discovery started...
Using proactor: IocpProactor
Listening on 127.0.0.1:8080
[DISCOVERY] 255.255.255.255 >> {'system': {'get_sysinfo': {}}}
Waiting 5 seconds for responses...
Using proactor: IocpProactor
Using SmartDevice for SMART.TAPOPLUG
Finding protocol for 192.168.100.112
Finding protocol for DeviceFamily.SmartTapoPlug
Finding transport for SMART.AES
Created AES transport for 192.168.100.112
[DISCOVERY] 192.168.100.112 << {'error_code': 0,
 'result': {'device_id': 'REDACTED_c913ec3cd97a6bec2fbb1ee',
            'device_model': 'P100',
            'device_type': 'SMART.TAPOPLUG',
            'factory_default': False,
            'ip': '192.168.100.112',
            'is_support_iot_cloud': True,
            'mac': '74-DA-88-00-00-00',
            'mgt_encrypt_schm': {'encrypt_type': 'AES',
                                 'http_port': 80,
                                 'is_support_https': False,
                                 'lv': 2},
            'owner': 'REDACTED_19347acd812465188388075'}}
Initializing 192.168.100.112 of type <class 'kasa.smart.smartdevice.SmartDevice'>
Discovery finished! Found: 1 devices
Discovered 1 devices
Discovery started...
Using proactor: IocpProactor
Listening on 127.0.0.1:8080
[DISCOVERY] 255.255.255.255 >> {'system': {'get_sysinfo': {}}}
Waiting 5 seconds for responses...
Using proactor: IocpProactor
Using SmartDevice for SMART.TAPOPLUG
Finding protocol for 192.168.100.112
Finding protocol for DeviceFamily.SmartTapoPlug
Finding transport for SMART.AES
Created AES transport for 192.168.100.112
[DISCOVERY] 192.168.100.112 << {'error_code': 0,
 'result': {'device_id': 'REDACTED_c913ec3cd97a6bec2fbb1ee',
            'device_model': 'P100',
            'device_type': 'SMART.TAPOPLUG',
            'factory_default': False,
            'ip': '192.168.100.112',
            'is_support_iot_cloud': True,
            'mac': '74-DA-88-00-00-00',
            'mgt_encrypt_schm': {'encrypt_type': 'AES',
                                 'http_port': 80,
                                 'is_support_https': False,
                                 'lv': 2},
            'owner': 'REDACTED_19347acd812465188388075'}}
Initializing 192.168.100.112 of type <class 'kasa.smart.smartdevice.SmartDevice'>
Discovery finished! Found: 1 devices
Discovered 1 devices
Discovery started...
Using proactor: IocpProactor
Listening on 127.0.0.1:8080
[DISCOVERY] 255.255.255.255 >> {'system': {'get_sysinfo': {}}}
Waiting 5 seconds for responses...
Using proactor: IocpProactor
Using SmartDevice for SMART.TAPOPLUG
Finding protocol for 192.168.100.112
Finding protocol for DeviceFamily.SmartTapoPlug
Finding transport for SMART.AES
Created AES transport for 192.168.100.112
[DISCOVERY] 192.168.100.112 << {'error_code': 0,
 'result': {'device_id': 'REDACTED_c913ec3cd97a6bec2fbb1ee',
            'device_model': 'P100',
            'device_type': 'SMART.TAPOPLUG',
            'factory_default': False,
            'ip': '192.168.100.112',
            'is_support_iot_cloud': True,
            'mac': '74-DA-88-00-00-00',
            'mgt_encrypt_schm': {'encrypt_type': 'AES',
                                 'http_port': 80,
                                 'is_support_https': False,
                                 'lv': 2},
            'owner': 'REDACTED_19347acd812465188388075'}}
Initializing 192.168.100.112 of type <class 'kasa.smart.smartdevice.SmartDevice'>
Discovery finished! Found: 1 devices
Discovered 1 devices
Switching status
Using proactor: IocpProactor
[DISCOVERY] 192.168.100.112 >> {'system': {'get_sysinfo': {}}}
Waiting a total of 5 seconds for responses...
Using SmartDevice for SMART.TAPOPLUG
Finding protocol for 192.168.100.112
Finding protocol for DeviceFamily.SmartTapoPlug
Finding transport for SMART.AES
Created AES transport for 192.168.100.112
[DISCOVERY] 192.168.100.112 << {'error_code': 0,
 'result': {'device_id': 'REDACTED_c913ec3cd97a6bec2fbb1ee',
            'device_model': 'P100',
            'device_type': 'SMART.TAPOPLUG',
            'factory_default': False,
            'ip': '192.168.100.112',
            'is_support_iot_cloud': True,
            'mac': '74-DA-88-00-00-00',
            'mgt_encrypt_schm': {'encrypt_type': 'AES',
                                 'http_port': 80,
                                 'is_support_https': False,
                                 'lv': 2},
            'owner': 'REDACTED_19347acd812465188388075'}}
Initializing 192.168.100.112 of type <class 'kasa.smart.smartdevice.SmartDevice'>
192.168.100.112 >> '{"method":"set_device_info","request_time_milis":1743520935103,"terminal_uuid":"/KJtrgZGnUKXqiNT//qKuQ==","params":{"device_on":false}}'
Will perform handshaking...
Posting to http://192.168.100.112/app
Generating keypair
Handshake request: {'method': 'handshake', 'params': {'key': '-----BEGIN PUBLIC KEY-----\nMIGfMA0GCSqGSIb3DQEBAQUAA4GNADCBiQKBgQCwPW/varHuzsuJmaF0qI+wOF6xjgki0DmTSTWOrsoTQ0nsAHbxAskHFmGXAq8CRTKTusQhtqPaa9RbLwVk+Gh54oX7Ofr0SWpeu+kz5teVzdZqseCY4lAhQyUDY/zDqHcyHX9BcqBdT/9vhRgMJ0fEZId6Au0O+aJ8AG4pcXmxJwIDAQAB\n-----END PUBLIC KEY-----\n'}}
Device responded with: {'error_code': 0, 'result': {'key': 'J6gBWD4sKVfps8lXjdAHj1i7cxwHkWd+ekHpWH4QY4oSoV7D3569ZUlkRTr+VWjwlt7laEUNE5cl+2bTqxR4uajNDULYuJ6EkK2APdewWr1G5r+qKFUuTbHYFXRqp5luahY9oPPavUUH7aXqlLgMGW3hntcUfvvhToTKKfPZsIg='}}
Handshake with 192.168.100.112 complete
Posting to http://192.168.100.112/app
192.168.100.112: logged in with provided credentials
Posting to http://192.168.100.112/app?token=B5B110B44DE497E639C6D4C703D775D7
Device 192.168.100.112 received an os error, enabling sequential request delay: Server disconnected
Device 192.168.100.112 got a connection error, will retry 3 times: ('Device connection error: 192.168.100.112: Server disconnected', ServerDisconnectedError('Server disconnected'))
192.168.100.112 >> '{"method":"set_device_info","request_time_milis":1743520935253,"terminal_uuid":"/KJtrgZGnUKXqiNT//qKuQ==","params":{"device_on":false}}'
Device 192.168.100.112 waiting 0.25 seconds to send request
Posting to http://192.168.100.112/app?token=B5B110B44DE497E639C6D4C703D775D7
192.168.100.112 << {'error_code': 0}
Switching status
Using proactor: IocpProactor
[DISCOVERY] 192.168.100.112 >> {'system': {'get_sysinfo': {}}}
Waiting a total of 5 seconds for responses...
Using SmartDevice for SMART.TAPOPLUG
Finding protocol for 192.168.100.112
Finding protocol for DeviceFamily.SmartTapoPlug
Finding transport for SMART.AES
Created AES transport for 192.168.100.112
[DISCOVERY] 192.168.100.112 << {'error_code': 0,
 'result': {'device_id': 'REDACTED_c913ec3cd97a6bec2fbb1ee',
            'device_model': 'P100',
            'device_type': 'SMART.TAPOPLUG',
            'factory_default': False,
            'ip': '192.168.100.112',
            'is_support_iot_cloud': True,
            'mac': '74-DA-88-00-00-00',
            'mgt_encrypt_schm': {'encrypt_type': 'AES',
                                 'http_port': 80,
                                 'is_support_https': False,
                                 'lv': 2},
            'owner': 'REDACTED_19347acd812465188388075'}}
Initializing 192.168.100.112 of type <class 'kasa.smart.smartdevice.SmartDevice'>
192.168.100.112 >> '{"method":"set_device_info","request_time_milis":1743520957322,"terminal_uuid":"ozFJenEjkVZ+DSweHYchHg==","params":{"device_on":false}}'
Will perform handshaking...
Posting to http://192.168.100.112/app
Generating keypair
Handshake request: {'method': 'handshake', 'params': {'key': '-----BEGIN PUBLIC KEY-----\nMIGfMA0GCSqGSIb3DQEBAQUAA4GNADCBiQKBgQDgqgTnyn79Zvvf62TKU6H/g/dCLICAQk/AodLTco36W/IpoGu/X78ZmzU+W6iuPzeCtxoz8bLMRooCWNP8/tsLSvGpqMpjy9ZKAw9rBzkKbV5ULXzNKc/irlXom+knZnB7h13OEyz4JVxW45afDpppgkebZzuYDw+9zSKXWbGp6QIDAQAB\n-----END PUBLIC KEY-----\n'}}
Device responded with: {'error_code': 0, 'result': {'key': 'GnmLQOFWd2VT+ZabYeAllpPZaul1JQ/ccpueVjzI4eApin5d+eJ0p03M0ohHleWP964w+/pwZ7Kq+mdYGjdnqWslDS4cKuIhPJuxsrxdBY2YKLoaf96MtamyRWy9wQlOaJ6ml2LTk/mu1l7iNVyihYbT8S7W2QMIeCjRZmd81Tk='}}
Handshake with 192.168.100.112 complete
Posting to http://192.168.100.112/app
192.168.100.112: logged in with provided credentials
Posting to http://192.168.100.112/app?token=4215D71B8BFB49FC6F8C068F95BFA9BE
Device 192.168.100.112 received an os error, enabling sequential request delay: Server disconnected
Device 192.168.100.112 got a connection error, will retry 3 times: ('Device connection error: 192.168.100.112: Server disconnected', ServerDisconnectedError('Server disconnected'))
192.168.100.112 >> '{"method":"set_device_info","request_time_milis":1743520957479,"terminal_uuid":"ozFJenEjkVZ+DSweHYchHg==","params":{"device_on":false}}'
Device 192.168.100.112 waiting 0.25 seconds to send request
Posting to http://192.168.100.112/app?token=4215D71B8BFB49FC6F8C068F95BFA9BE
192.168.100.112 << {'error_code': 0}
Switching status
Using proactor: IocpProactor
[DISCOVERY] 192.168.100.112 >> {'system': {'get_sysinfo': {}}}
Waiting a total of 5 seconds for responses...
Using SmartDevice for SMART.TAPOPLUG
Finding protocol for 192.168.100.112
Finding protocol for DeviceFamily.SmartTapoPlug
Finding transport for SMART.AES
Created AES transport for 192.168.100.112
[DISCOVERY] 192.168.100.112 << {'error_code': 0,
 'result': {'device_id': 'REDACTED_c913ec3cd97a6bec2fbb1ee',
            'device_model': 'P100',
            'device_type': 'SMART.TAPOPLUG',
            'factory_default': False,
            'ip': '192.168.100.112',
            'is_support_iot_cloud': True,
            'mac': '74-DA-88-00-00-00',
            'mgt_encrypt_schm': {'encrypt_type': 'AES',
                                 'http_port': 80,
                                 'is_support_https': False,
                                 'lv': 2},
            'owner': 'REDACTED_19347acd812465188388075'}}
Initializing 192.168.100.112 of type <class 'kasa.smart.smartdevice.SmartDevice'>
192.168.100.112 >> '{"method":"set_device_info","request_time_milis":1743520985674,"terminal_uuid":"7H2meAOZnaAPfVxGC+ZJNg==","params":{"device_on":false}}'
Will perform handshaking...
Posting to http://192.168.100.112/app
Generating keypair
Handshake request: {'method': 'handshake', 'params': {'key': '-----BEGIN PUBLIC KEY-----\nMIGfMA0GCSqGSIb3DQEBAQUAA4GNADCBiQKBgQC6p/bEB2O/zJxDYAZvkhUnUHOUpkDdZDg3N4IBnZ4jn+6LoMppsQrdzOghdFybHHMrTk8Pmmu/sk7CcQUHcqreQIkVyaEO6VgTMm5vE8ef2450BBlkYOYv2Y4Y/Ovi/+Qq3392CFB7zvk68BwjujLg9zyw1jkoqOCUBduEeTu1DQIDAQAB\n-----END PUBLIC KEY-----\n'}}
Device responded with: {'error_code': 0, 'result': {'key': 'pU/1n4NpSUFLAA4QmwfZB8H1K+moA2EeXZslhqcRh9nt3fKHQQynIe9ZqkHVnpNv8+c0xjFXv17ghzBKjv2MSAD84H9oGMcEgQnA+soLw8lrPFPV/XKS134yEk6rBzhErzU9hbR6tfpLLCe2A1NBLjl6bMQp8C240jRrWlat0Ks='}}
Handshake with 192.168.100.112 complete
Posting to http://192.168.100.112/app
192.168.100.112: logged in with provided credentials
Posting to http://192.168.100.112/app?token=96E119E6ED96AA95D8A5F3A442B457B4
Device 192.168.100.112 received an os error, enabling sequential request delay: Server disconnected
Device 192.168.100.112 got a connection error, will retry 3 times: ('Device connection error: 192.168.100.112: Server disconnected', ServerDisconnectedError('Server disconnected'))
192.168.100.112 >> '{"method":"set_device_info","request_time_milis":1743520986108,"terminal_uuid":"7H2meAOZnaAPfVxGC+ZJNg==","params":{"device_on":false}}'
Device 192.168.100.112 waiting 0.25 seconds to send request
Posting to http://192.168.100.112/app?token=96E119E6ED96AA95D8A5F3A442B457B4
192.168.100.112 << {'error_code': 0}
Unclosed client session
client_session: <aiohttp.client.ClientSession object at 0x000001C82AE189B0>
Exception in default exception handler
Traceback (most recent call last):
  File "C:\Users\Davide\AppData\Local\Programs\Python\Python312\Lib\asyncio\base_events.py", line 1847, in call_exception_handler
    self.default_exception_handler(context)
  File "C:\Users\Davide\AppData\Local\Programs\Python\Python312\Lib\asyncio\base_events.py", line 1821, in default_exception_handler
    logger.error('\n'.join(log_lines), exc_info=exc_info)
  File "C:\Users\Davide\AppData\Local\Programs\Python\Python312\Lib\logging\__init__.py", line 1568, in error
    self._log(ERROR, msg, args, **kwargs)
  File "C:\Users\Davide\AppData\Local\Programs\Python\Python312\Lib\logging\__init__.py", line 1684, in _log
    self.handle(record)
  File "C:\Users\Davide\AppData\Local\Programs\Python\Python312\Lib\logging\__init__.py", line 1700, in handle
    self.callHandlers(record)
  File "C:\Users\Davide\AppData\Local\Programs\Python\Python312\Lib\logging\__init__.py", line 1762, in callHandlers
    hdlr.handle(record)
  File "C:\Users\Davide\Desktop\ServerSmartPlug\log_manager.py", line 16, in handle
    listener(record)
  File "C:\Users\Davide\Desktop\ServerSmartPlug\gui\windows.py", line 23, in _add_console_line
    self.console_text.configure(state='normal')
  File "C:\Users\Davide\AppData\Local\Programs\Python\Python312\Lib\tkinter\__init__.py", line 1722, in configure
    return self._configure('configure', cnf, kw)
           ^^^^^^^^^^^^^^^^^^^^^^^^^^^^^^^^^^^^^
  File "C:\Users\Davide\AppData\Local\Programs\Python\Python312\Lib\tkinter\__init__.py", line 1712, in _configure
    self.tk.call(_flatten((self._w, cmd)) + self._options(cnf))
_tkinter.TclError: invalid command name ".!frame4.!frame.!text"
Unclosed connector
connections: ['deque([(<aiohttp.client_proto.ResponseHandler object at 0x000001C82ADD7770>, 694491.281)])']
connector: <aiohttp.connector.TCPConnector object at 0x000001C82AE189E0>
Exception in default exception handler
Traceback (most recent call last):
  File "C:\Users\Davide\AppData\Local\Programs\Python\Python312\Lib\asyncio\base_events.py", line 1847, in call_exception_handler
    self.default_exception_handler(context)
  File "C:\Users\Davide\AppData\Local\Programs\Python\Python312\Lib\asyncio\base_events.py", line 1821, in default_exception_handler
    logger.error('\n'.join(log_lines), exc_info=exc_info)
  File "C:\Users\Davide\AppData\Local\Programs\Python\Python312\Lib\logging\__init__.py", line 1568, in error
    self._log(ERROR, msg, args, **kwargs)
  File "C:\Users\Davide\AppData\Local\Programs\Python\Python312\Lib\logging\__init__.py", line 1684, in _log
    self.handle(record)
  File "C:\Users\Davide\AppData\Local\Programs\Python\Python312\Lib\logging\__init__.py", line 1700, in handle
    self.callHandlers(record)
  File "C:\Users\Davide\AppData\Local\Programs\Python\Python312\Lib\logging\__init__.py", line 1762, in callHandlers
    hdlr.handle(record)
  File "C:\Users\Davide\Desktop\ServerSmartPlug\log_manager.py", line 16, in handle
    listener(record)
  File "C:\Users\Davide\Desktop\ServerSmartPlug\gui\windows.py", line 23, in _add_console_line
    self.console_text.configure(state='normal')
  File "C:\Users\Davide\AppData\Local\Programs\Python\Python312\Lib\tkinter\__init__.py", line 1722, in configure
    return self._configure('configure', cnf, kw)
           ^^^^^^^^^^^^^^^^^^^^^^^^^^^^^^^^^^^^^
  File "C:\Users\Davide\AppData\Local\Programs\Python\Python312\Lib\tkinter\__init__.py", line 1712, in _configure
    self.tk.call(_flatten((self._w, cmd)) + self._options(cnf))
_tkinter.TclError: invalid command name ".!frame4.!frame.!text"
Unclosed client session
client_session: <aiohttp.client.ClientSession object at 0x000001C82AE19760>
Exception in default exception handler
Traceback (most recent call last):
  File "C:\Users\Davide\AppData\Local\Programs\Python\Python312\Lib\asyncio\base_events.py", line 1847, in call_exception_handler
    self.default_exception_handler(context)
  File "C:\Users\Davide\AppData\Local\Programs\Python\Python312\Lib\asyncio\base_events.py", line 1821, in default_exception_handler
    logger.error('\n'.join(log_lines), exc_info=exc_info)
  File "C:\Users\Davide\AppData\Local\Programs\Python\Python312\Lib\logging\__init__.py", line 1568, in error
    self._log(ERROR, msg, args, **kwargs)
  File "C:\Users\Davide\AppData\Local\Programs\Python\Python312\Lib\logging\__init__.py", line 1684, in _log
    self.handle(record)
  File "C:\Users\Davide\AppData\Local\Programs\Python\Python312\Lib\logging\__init__.py", line 1700, in handle
    self.callHandlers(record)
  File "C:\Users\Davide\AppData\Local\Programs\Python\Python312\Lib\logging\__init__.py", line 1762, in callHandlers
    hdlr.handle(record)
  File "C:\Users\Davide\Desktop\ServerSmartPlug\log_manager.py", line 16, in handle
    listener(record)
  File "C:\Users\Davide\Desktop\ServerSmartPlug\gui\windows.py", line 23, in _add_console_line
    self.console_text.configure(state='normal')
  File "C:\Users\Davide\AppData\Local\Programs\Python\Python312\Lib\tkinter\__init__.py", line 1722, in configure
    return self._configure('configure', cnf, kw)
           ^^^^^^^^^^^^^^^^^^^^^^^^^^^^^^^^^^^^^
  File "C:\Users\Davide\AppData\Local\Programs\Python\Python312\Lib\tkinter\__init__.py", line 1712, in _configure
    self.tk.call(_flatten((self._w, cmd)) + self._options(cnf))
_tkinter.TclError: invalid command name ".!frame4.!frame.!text"
Unclosed connector
connections: ['deque([(<aiohttp.client_proto.ResponseHandler object at 0x000001C82ADD7890>, 694513.765)])']
connector: <aiohttp.connector.TCPConnector object at 0x000001C82AE19790>
Exception in default exception handler
Traceback (most recent call last):
  File "C:\Users\Davide\AppData\Local\Programs\Python\Python312\Lib\asyncio\base_events.py", line 1847, in call_exception_handler
    self.default_exception_handler(context)
  File "C:\Users\Davide\AppData\Local\Programs\Python\Python312\Lib\asyncio\base_events.py", line 1821, in default_exception_handler
    logger.error('\n'.join(log_lines), exc_info=exc_info)
  File "C:\Users\Davide\AppData\Local\Programs\Python\Python312\Lib\logging\__init__.py", line 1568, in error
    self._log(ERROR, msg, args, **kwargs)
  File "C:\Users\Davide\AppData\Local\Programs\Python\Python312\Lib\logging\__init__.py", line 1684, in _log
    self.handle(record)
  File "C:\Users\Davide\AppData\Local\Programs\Python\Python312\Lib\logging\__init__.py", line 1700, in handle
    self.callHandlers(record)
  File "C:\Users\Davide\AppData\Local\Programs\Python\Python312\Lib\logging\__init__.py", line 1762, in callHandlers
    hdlr.handle(record)
  File "C:\Users\Davide\Desktop\ServerSmartPlug\log_manager.py", line 16, in handle
    listener(record)
  File "C:\Users\Davide\Desktop\ServerSmartPlug\gui\windows.py", line 23, in _add_console_line
    self.console_text.configure(state='normal')
  File "C:\Users\Davide\AppData\Local\Programs\Python\Python312\Lib\tkinter\__init__.py", line 1722, in configure
    return self._configure('configure', cnf, kw)
           ^^^^^^^^^^^^^^^^^^^^^^^^^^^^^^^^^^^^^
  File "C:\Users\Davide\AppData\Local\Programs\Python\Python312\Lib\tkinter\__init__.py", line 1712, in _configure
    self.tk.call(_flatten((self._w, cmd)) + self._options(cnf))
_tkinter.TclError: invalid command name ".!frame4.!frame.!text"
Unclosed client session
client_session: <aiohttp.client.ClientSession object at 0x000001C82AE1A1E0>
Exception in default exception handler
Traceback (most recent call last):
  File "C:\Users\Davide\AppData\Local\Programs\Python\Python312\Lib\asyncio\base_events.py", line 1847, in call_exception_handler
    self.default_exception_handler(context)
  File "C:\Users\Davide\AppData\Local\Programs\Python\Python312\Lib\asyncio\base_events.py", line 1821, in default_exception_handler
    logger.error('\n'.join(log_lines), exc_info=exc_info)
  File "C:\Users\Davide\AppData\Local\Programs\Python\Python312\Lib\logging\__init__.py", line 1568, in error
    self._log(ERROR, msg, args, **kwargs)
  File "C:\Users\Davide\AppData\Local\Programs\Python\Python312\Lib\logging\__init__.py", line 1684, in _log
    self.handle(record)
  File "C:\Users\Davide\AppData\Local\Programs\Python\Python312\Lib\logging\__init__.py", line 1700, in handle
    self.callHandlers(record)
  File "C:\Users\Davide\AppData\Local\Programs\Python\Python312\Lib\logging\__init__.py", line 1762, in callHandlers
    hdlr.handle(record)
  File "C:\Users\Davide\Desktop\ServerSmartPlug\log_manager.py", line 16, in handle
    listener(record)
  File "C:\Users\Davide\Desktop\ServerSmartPlug\gui\windows.py", line 23, in _add_console_line
    self.console_text.configure(state='normal')
  File "C:\Users\Davide\AppData\Local\Programs\Python\Python312\Lib\tkinter\__init__.py", line 1722, in configure
    return self._configure('configure', cnf, kw)
           ^^^^^^^^^^^^^^^^^^^^^^^^^^^^^^^^^^^^^
  File "C:\Users\Davide\AppData\Local\Programs\Python\Python312\Lib\tkinter\__init__.py", line 1712, in _configure
    self.tk.call(_flatten((self._w, cmd)) + self._options(cnf))
_tkinter.TclError: invalid command name ".!frame4.!frame.!text"
Unclosed connector
connections: ['deque([(<aiohttp.client_proto.ResponseHandler object at 0x000001C82AEE18B0>, 694542.203)])']
connector: <aiohttp.connector.TCPConnector object at 0x000001C82AE1A210>
Exception in default exception handler
Traceback (most recent call last):
  File "C:\Users\Davide\AppData\Local\Programs\Python\Python312\Lib\asyncio\base_events.py", line 1847, in call_exception_handler
    self.default_exception_handler(context)
  File "C:\Users\Davide\AppData\Local\Programs\Python\Python312\Lib\asyncio\base_events.py", line 1821, in default_exception_handler
    logger.error('\n'.join(log_lines), exc_info=exc_info)
  File "C:\Users\Davide\AppData\Local\Programs\Python\Python312\Lib\logging\__init__.py", line 1568, in error
    self._log(ERROR, msg, args, **kwargs)
  File "C:\Users\Davide\AppData\Local\Programs\Python\Python312\Lib\logging\__init__.py", line 1684, in _log
    self.handle(record)
  File "C:\Users\Davide\AppData\Local\Programs\Python\Python312\Lib\logging\__init__.py", line 1700, in handle
    self.callHandlers(record)
  File "C:\Users\Davide\AppData\Local\Programs\Python\Python312\Lib\logging\__init__.py", line 1762, in callHandlers
    hdlr.handle(record)
  File "C:\Users\Davide\Desktop\ServerSmartPlug\log_manager.py", line 16, in handle
    listener(record)
  File "C:\Users\Davide\Desktop\ServerSmartPlug\gui\windows.py", line 23, in _add_console_line
    self.console_text.configure(state='normal')
  File "C:\Users\Davide\AppData\Local\Programs\Python\Python312\Lib\tkinter\__init__.py", line 1722, in configure
    return self._configure('configure', cnf, kw)
           ^^^^^^^^^^^^^^^^^^^^^^^^^^^^^^^^^^^^^
  File "C:\Users\Davide\AppData\Local\Programs\Python\Python312\Lib\tkinter\__init__.py", line 1712, in _configure
    self.tk.call(_flatten((self._w, cmd)) + self._options(cnf))
_tkinter.TclError: invalid command name ".!frame4.!frame.!text"
Discovery started...
Using proactor: IocpProactor
Listening on 127.0.0.1:8080
[DISCOVERY] 255.255.255.255 >> {'system': {'get_sysinfo': {}}}
Waiting 5 seconds for responses...
Using proactor: IocpProactor
Using SmartDevice for SMART.TAPOPLUG
Finding protocol for 192.168.100.112
Finding protocol for DeviceFamily.SmartTapoPlug
Finding transport for SMART.AES
Created AES transport for 192.168.100.112
[DISCOVERY] 192.168.100.112 << {'error_code': 0,
 'result': {'device_id': 'REDACTED_c913ec3cd97a6bec2fbb1ee',
            'device_model': 'P100',
            'device_type': 'SMART.TAPOPLUG',
            'factory_default': False,
            'ip': '192.168.100.112',
            'is_support_iot_cloud': True,
            'mac': '74-DA-88-00-00-00',
            'mgt_encrypt_schm': {'encrypt_type': 'AES',
                                 'http_port': 80,
                                 'is_support_https': False,
                                 'lv': 2},
            'owner': 'REDACTED_19347acd812465188388075'}}
Initializing 192.168.100.112 of type <class 'kasa.smart.smartdevice.SmartDevice'>
Discovery finished! Found: 1 devices
Discovered 1 devices
Switching status
Discovery started...
Using proactor: IocpProactor
Listening on 127.0.0.1:8080
[DISCOVERY] 255.255.255.255 >> {'system': {'get_sysinfo': {}}}
Waiting 5 seconds for responses...
Using proactor: IocpProactor
Using SmartDevice for SMART.TAPOPLUG
Finding protocol for 192.168.100.112
Finding protocol for DeviceFamily.SmartTapoPlug
Finding transport for SMART.AES
Created AES transport for 192.168.100.112
[DISCOVERY] 192.168.100.112 << {'error_code': 0,
 'result': {'device_id': 'REDACTED_c913ec3cd97a6bec2fbb1ee',
            'device_model': 'P100',
            'device_type': 'SMART.TAPOPLUG',
            'factory_default': False,
            'ip': '192.168.100.112',
            'is_support_iot_cloud': True,
            'mac': '74-DA-88-00-00-00',
            'mgt_encrypt_schm': {'encrypt_type': 'AES',
                                 'http_port': 80,
                                 'is_support_https': False,
                                 'lv': 2},
            'owner': 'REDACTED_19347acd812465188388075'}}
Initializing 192.168.100.112 of type <class 'kasa.smart.smartdevice.SmartDevice'>
Discovery finished! Found: 1 device(s)
Discovered 1 devices
Switching status
Using proactor: IocpProactor
Discovery started...
Using proactor: IocpProactor
Listening on 127.0.0.1:8080
[DISCOVERY] 255.255.255.255 >> {'system': {'get_sysinfo': {}}}
Waiting 5 seconds for responses...
Using proactor: IocpProactor
Using SmartDevice for SMART.TAPOPLUG
Finding protocol for 192.168.100.112
Finding protocol for DeviceFamily.SmartTapoPlug
Finding transport for SMART.AES
Created AES transport for 192.168.100.112
[DISCOVERY] 192.168.100.112 << {'error_code': 0,
 'result': {'device_id': 'REDACTED_c913ec3cd97a6bec2fbb1ee',
            'device_model': 'P100',
            'device_type': 'SMART.TAPOPLUG',
            'factory_default': False,
            'ip': '192.168.100.112',
            'is_support_iot_cloud': True,
            'mac': '74-DA-88-00-00-00',
            'mgt_encrypt_schm': {'encrypt_type': 'AES',
                                 'http_port': 80,
                                 'is_support_https': False,
                                 'lv': 2},
            'owner': 'REDACTED_19347acd812465188388075'}}
Initializing 192.168.100.112 of type <class 'kasa.smart.smartdevice.SmartDevice'>
Discovery finished! Found: 1 device(s)
Discovered 1 devices
Switching status
Using proactor: IocpProactor
[DISCOVERY] 192.168.100.112 >> {'system': {'get_sysinfo': {}}}
Waiting a total of 5 seconds for responses...
Using SmartDevice for SMART.TAPOPLUG
Finding protocol for 192.168.100.112
Finding protocol for DeviceFamily.SmartTapoPlug
Finding transport for SMART.AES
Created AES transport for 192.168.100.112
[DISCOVERY] 192.168.100.112 << {'error_code': 0,
 'result': {'device_id': 'REDACTED_c913ec3cd97a6bec2fbb1ee',
            'device_model': 'P100',
            'device_type': 'SMART.TAPOPLUG',
            'factory_default': False,
            'ip': '192.168.100.112',
            'is_support_iot_cloud': True,
            'mac': '74-DA-88-00-00-00',
            'mgt_encrypt_schm': {'encrypt_type': 'AES',
                                 'http_port': 80,
                                 'is_support_https': False,
                                 'lv': 2},
            'owner': 'REDACTED_19347acd812465188388075'}}
Initializing 192.168.100.112 of type <class 'kasa.smart.smartdevice.SmartDevice'>
192.168.100.112 >> '{"method":"set_device_info","request_time_milis":1743522096575,"terminal_uuid":"+cX2dd2+2RkUAEOH9t24xg==","params":{"device_on":true}}'
Will perform handshaking...
Posting to http://192.168.100.112/app
Generating keypair
Handshake request: {'method': 'handshake', 'params': {'key': '-----BEGIN PUBLIC KEY-----\nMIGfMA0GCSqGSIb3DQEBAQUAA4GNADCBiQKBgQD6KE4NEXgCilBJavTSgeASCVndUHxzSeiGCJjC/aFKuViKIi1Ll5ybZCB5QF6nc8i4iHdUCdqLq/S5BDim0RJGTomZyWIrGrMfBKoBVY4/E0hqHUxMtXaxt0mJ7Wfgz1YF9hP6Mg03RAvwmxHMvpF7/iUL/5k9DaWAreZzySrBRQIDAQAB\n-----END PUBLIC KEY-----\n'}}
Device responded with: {'error_code': 0, 'result': {'key': 'tMdTwIrYBUuiwDJDxGdEIxxbZ0ogKwRqHg7G+lV7AwBHOZ6fzZVZ+YWhmgirRfhqQFLoRFVNEsIKYjh6B1Qk3W1UMwAsRZiaFxQyMFUMXAKRLC7KgzsNHNSolWpAzcTOAO0RIHjQfnBWMPsZdWZGkokNROXSeuhJtn50Zju/PPc='}}
Handshake with 192.168.100.112 complete
Posting to http://192.168.100.112/app
192.168.100.112: logged in with provided credentials
Posting to http://192.168.100.112/app?token=34464F4AFC8AC98C90EC02EF2EDFE7DE
Device 192.168.100.112 received an os error, enabling sequential request delay: Server disconnected
Device 192.168.100.112 got a connection error, will retry 3 times: ('Device connection error: 192.168.100.112: Server disconnected', ServerDisconnectedError('Server disconnected'))
192.168.100.112 >> '{"method":"set_device_info","request_time_milis":1743522096697,"terminal_uuid":"+cX2dd2+2RkUAEOH9t24xg==","params":{"device_on":true}}'
Device 192.168.100.112 waiting 0.25 seconds to send request
Posting to http://192.168.100.112/app?token=34464F4AFC8AC98C90EC02EF2EDFE7DE
192.168.100.112 << {'error_code': 0}
Unclosed client session
client_session: <aiohttp.client.ClientSession object at 0x000001C7878DEC60>
Exception in default exception handler
Traceback (most recent call last):
  File "C:\Users\Davide\AppData\Local\Programs\Python\Python312\Lib\asyncio\base_events.py", line 1847, in call_exception_handler
    self.default_exception_handler(context)
  File "C:\Users\Davide\AppData\Local\Programs\Python\Python312\Lib\asyncio\base_events.py", line 1821, in default_exception_handler
    logger.error('\n'.join(log_lines), exc_info=exc_info)
  File "C:\Users\Davide\AppData\Local\Programs\Python\Python312\Lib\logging\__init__.py", line 1568, in error
    self._log(ERROR, msg, args, **kwargs)
  File "C:\Users\Davide\AppData\Local\Programs\Python\Python312\Lib\logging\__init__.py", line 1684, in _log
    self.handle(record)
  File "C:\Users\Davide\AppData\Local\Programs\Python\Python312\Lib\logging\__init__.py", line 1700, in handle
    self.callHandlers(record)
  File "C:\Users\Davide\AppData\Local\Programs\Python\Python312\Lib\logging\__init__.py", line 1762, in callHandlers
    hdlr.handle(record)
  File "C:\Users\Davide\Desktop\ServerSmartPlug\log_manager.py", line 16, in handle
    listener(record)
  File "C:\Users\Davide\Desktop\ServerSmartPlug\gui\windows.py", line 24, in _add_console_line
    self.console_text.configure(state='normal')
  File "C:\Users\Davide\AppData\Local\Programs\Python\Python312\Lib\tkinter\__init__.py", line 1722, in configure
    return self._configure('configure', cnf, kw)
           ^^^^^^^^^^^^^^^^^^^^^^^^^^^^^^^^^^^^^
  File "C:\Users\Davide\AppData\Local\Programs\Python\Python312\Lib\tkinter\__init__.py", line 1712, in _configure
    self.tk.call(_flatten((self._w, cmd)) + self._options(cnf))
_tkinter.TclError: invalid command name ".!frame4.!frame.!text"
Unclosed connector
connections: ['deque([(<aiohttp.client_proto.ResponseHandler object at 0x000001C7879D7890>, 695652.875)])']
connector: <aiohttp.connector.TCPConnector object at 0x000001C7879A33B0>
Exception in default exception handler
Traceback (most recent call last):
  File "C:\Users\Davide\AppData\Local\Programs\Python\Python312\Lib\asyncio\base_events.py", line 1847, in call_exception_handler
    self.default_exception_handler(context)
  File "C:\Users\Davide\AppData\Local\Programs\Python\Python312\Lib\asyncio\base_events.py", line 1821, in default_exception_handler
    logger.error('\n'.join(log_lines), exc_info=exc_info)
  File "C:\Users\Davide\AppData\Local\Programs\Python\Python312\Lib\logging\__init__.py", line 1568, in error
    self._log(ERROR, msg, args, **kwargs)
  File "C:\Users\Davide\AppData\Local\Programs\Python\Python312\Lib\logging\__init__.py", line 1684, in _log
    self.handle(record)
  File "C:\Users\Davide\AppData\Local\Programs\Python\Python312\Lib\logging\__init__.py", line 1700, in handle
    self.callHandlers(record)
  File "C:\Users\Davide\AppData\Local\Programs\Python\Python312\Lib\logging\__init__.py", line 1762, in callHandlers
    hdlr.handle(record)
  File "C:\Users\Davide\Desktop\ServerSmartPlug\log_manager.py", line 16, in handle
    listener(record)
  File "C:\Users\Davide\Desktop\ServerSmartPlug\gui\windows.py", line 24, in _add_console_line
    self.console_text.configure(state='normal')
  File "C:\Users\Davide\AppData\Local\Programs\Python\Python312\Lib\tkinter\__init__.py", line 1722, in configure
    return self._configure('configure', cnf, kw)
           ^^^^^^^^^^^^^^^^^^^^^^^^^^^^^^^^^^^^^
  File "C:\Users\Davide\AppData\Local\Programs\Python\Python312\Lib\tkinter\__init__.py", line 1712, in _configure
    self.tk.call(_flatten((self._w, cmd)) + self._options(cnf))
_tkinter.TclError: invalid command name ".!frame4.!frame.!text"
Discovery started...
Using proactor: IocpProactor
Listening on 127.0.0.1:8080
[DISCOVERY] 255.255.255.255 >> {'system': {'get_sysinfo': {}}}
Waiting 5 seconds for responses...
Using SmartDevice for SMART.TAPOPLUG
Finding protocol for 192.168.100.112
Finding protocol for DeviceFamily.SmartTapoPlug
Finding transport for SMART.AES
Created AES transport for 192.168.100.112
[DISCOVERY] 192.168.100.112 << {'error_code': 0,
 'result': {'device_id': 'REDACTED_c913ec3cd97a6bec2fbb1ee',
            'device_model': 'P100',
            'device_type': 'SMART.TAPOPLUG',
            'factory_default': False,
            'ip': '192.168.100.112',
            'is_support_iot_cloud': True,
            'mac': '74-DA-88-00-00-00',
            'mgt_encrypt_schm': {'encrypt_type': 'AES',
                                 'http_port': 80,
                                 'is_support_https': False,
                                 'lv': 2},
            'owner': 'REDACTED_19347acd812465188388075'}}
Initializing 192.168.100.112 of type <class 'kasa.smart.smartdevice.SmartDevice'>
Using proactor: IocpProactor
Discovery finished! Found: 1 device(s)
Discovered 1 devices
Switching status
Using proactor: IocpProactor
[DISCOVERY] 192.168.100.112 >> {'system': {'get_sysinfo': {}}}
Waiting a total of 5 seconds for responses...
Using SmartDevice for SMART.TAPOPLUG
Finding protocol for 192.168.100.112
Finding protocol for DeviceFamily.SmartTapoPlug
Finding transport for SMART.AES
Created AES transport for 192.168.100.112
[DISCOVERY] 192.168.100.112 << {'error_code': 0,
 'result': {'device_id': 'REDACTED_c913ec3cd97a6bec2fbb1ee',
            'device_model': 'P100',
            'device_type': 'SMART.TAPOPLUG',
            'factory_default': False,
            'ip': '192.168.100.112',
            'is_support_iot_cloud': True,
            'mac': '74-DA-88-00-00-00',
            'mgt_encrypt_schm': {'encrypt_type': 'AES',
                                 'http_port': 80,
                                 'is_support_https': False,
                                 'lv': 2},
            'owner': 'REDACTED_19347acd812465188388075'}}
Initializing 192.168.100.112 of type <class 'kasa.smart.smartdevice.SmartDevice'>
192.168.100.112 >> '{"method":"set_device_info","request_time_milis":1743522131715,"terminal_uuid":"S40RfbD7og9yo6kNz3Q2+w==","params":{"device_on":true}}'
Will perform handshaking...
Posting to http://192.168.100.112/app
Generating keypair
Handshake request: {'method': 'handshake', 'params': {'key': '-----BEGIN PUBLIC KEY-----\nMIGfMA0GCSqGSIb3DQEBAQUAA4GNADCBiQKBgQDczW5dPBNgAp1s429jt67G6W7J5ZXvG9oT1oPH+3KKzIlUwWtudwmAjylygcjktKcbe0HDrQRN8DNFTN7/SBZoMEGZmPnW6Ho07W0cJc4VMw8mVVhszjQgFhDHasx0dL4Uaw6XpESk7AZu1VL23/aA5y1sL43vM+wfTg8L1wqHWwIDAQAB\n-----END PUBLIC KEY-----\n'}}
Device responded with: {'error_code': 0, 'result': {'key': 'LFDUU4lMubQ7Uk56fbVtP6+rjwvRYz9lO7kG3G8CxsPSygSAf5nCFYIEqSPQHkonkOUmb7BXHxHXZ3hzwhedfEgkhDicB+u+ivB1cNpmuPYESQPE1oDH0x4BnmBy4Q/OcgwlOCRrY7tMlAmx4zyKCCCrTp00bUBdEyEFztyvstc='}}
Handshake with 192.168.100.112 complete
Posting to http://192.168.100.112/app
192.168.100.112: logged in with provided credentials
Posting to http://192.168.100.112/app?token=026D7E6ABD1A8B19E2297928CD388838
Device 192.168.100.112 received an os error, enabling sequential request delay: Server disconnected
Device 192.168.100.112 got a connection error, will retry 3 times: ('Device connection error: 192.168.100.112: Server disconnected', ServerDisconnectedError('Server disconnected'))
192.168.100.112 >> '{"method":"set_device_info","request_time_milis":1743522131840,"terminal_uuid":"S40RfbD7og9yo6kNz3Q2+w==","params":{"device_on":true}}'
Device 192.168.100.112 waiting 0.25 seconds to send request
Posting to http://192.168.100.112/app?token=026D7E6ABD1A8B19E2297928CD388838
192.168.100.112 << {'error_code': 0}
Unclosed client session
client_session: <aiohttp.client.ClientSession object at 0x000001F96B4B77D0>
Exception in default exception handler
Traceback (most recent call last):
  File "C:\Users\Davide\AppData\Local\Programs\Python\Python312\Lib\asyncio\base_events.py", line 1847, in call_exception_handler
    self.default_exception_handler(context)
  File "C:\Users\Davide\AppData\Local\Programs\Python\Python312\Lib\asyncio\base_events.py", line 1821, in default_exception_handler
    logger.error('\n'.join(log_lines), exc_info=exc_info)
  File "C:\Users\Davide\AppData\Local\Programs\Python\Python312\Lib\logging\__init__.py", line 1568, in error
    self._log(ERROR, msg, args, **kwargs)
  File "C:\Users\Davide\AppData\Local\Programs\Python\Python312\Lib\logging\__init__.py", line 1684, in _log
    self.handle(record)
  File "C:\Users\Davide\AppData\Local\Programs\Python\Python312\Lib\logging\__init__.py", line 1700, in handle
    self.callHandlers(record)
  File "C:\Users\Davide\AppData\Local\Programs\Python\Python312\Lib\logging\__init__.py", line 1762, in callHandlers
    hdlr.handle(record)
  File "C:\Users\Davide\Desktop\ServerSmartPlug\log_manager.py", line 16, in handle
    listener(record)
  File "C:\Users\Davide\Desktop\ServerSmartPlug\gui\windows.py", line 24, in _add_console_line
    self.console_text.configure(state='normal')
  File "C:\Users\Davide\AppData\Local\Programs\Python\Python312\Lib\tkinter\__init__.py", line 1722, in configure
    return self._configure('configure', cnf, kw)
           ^^^^^^^^^^^^^^^^^^^^^^^^^^^^^^^^^^^^^
  File "C:\Users\Davide\AppData\Local\Programs\Python\Python312\Lib\tkinter\__init__.py", line 1712, in _configure
    self.tk.call(_flatten((self._w, cmd)) + self._options(cnf))
_tkinter.TclError: invalid command name ".!frame4.!frame.!text"
Unclosed connector
connections: ['deque([(<aiohttp.client_proto.ResponseHandler object at 0x000001F96C56B830>, 695687.859)])']
connector: <aiohttp.connector.TCPConnector object at 0x000001F96C4EF470>
Exception in default exception handler
Traceback (most recent call last):
  File "C:\Users\Davide\AppData\Local\Programs\Python\Python312\Lib\asyncio\base_events.py", line 1847, in call_exception_handler
    self.default_exception_handler(context)
  File "C:\Users\Davide\AppData\Local\Programs\Python\Python312\Lib\asyncio\base_events.py", line 1821, in default_exception_handler
    logger.error('\n'.join(log_lines), exc_info=exc_info)
  File "C:\Users\Davide\AppData\Local\Programs\Python\Python312\Lib\logging\__init__.py", line 1568, in error
    self._log(ERROR, msg, args, **kwargs)
  File "C:\Users\Davide\AppData\Local\Programs\Python\Python312\Lib\logging\__init__.py", line 1684, in _log
    self.handle(record)
  File "C:\Users\Davide\AppData\Local\Programs\Python\Python312\Lib\logging\__init__.py", line 1700, in handle
    self.callHandlers(record)
  File "C:\Users\Davide\AppData\Local\Programs\Python\Python312\Lib\logging\__init__.py", line 1762, in callHandlers
    hdlr.handle(record)
  File "C:\Users\Davide\Desktop\ServerSmartPlug\log_manager.py", line 16, in handle
    listener(record)
  File "C:\Users\Davide\Desktop\ServerSmartPlug\gui\windows.py", line 24, in _add_console_line
    self.console_text.configure(state='normal')
  File "C:\Users\Davide\AppData\Local\Programs\Python\Python312\Lib\tkinter\__init__.py", line 1722, in configure
    return self._configure('configure', cnf, kw)
           ^^^^^^^^^^^^^^^^^^^^^^^^^^^^^^^^^^^^^
  File "C:\Users\Davide\AppData\Local\Programs\Python\Python312\Lib\tkinter\__init__.py", line 1712, in _configure
    self.tk.call(_flatten((self._w, cmd)) + self._options(cnf))
_tkinter.TclError: invalid command name ".!frame4.!frame.!text"
Discovery started...
Using proactor: IocpProactor
Listening on 127.0.0.1:8080
[DISCOVERY] 255.255.255.255 >> {'system': {'get_sysinfo': {}}}
Waiting 5 seconds for responses...
Using proactor: IocpProactor
Using SmartDevice for SMART.TAPOPLUG
Finding protocol for 192.168.100.112
Finding protocol for DeviceFamily.SmartTapoPlug
Finding transport for SMART.AES
Created AES transport for 192.168.100.112
[DISCOVERY] 192.168.100.112 << {'error_code': 0,
 'result': {'device_id': 'REDACTED_c913ec3cd97a6bec2fbb1ee',
            'device_model': 'P100',
            'device_type': 'SMART.TAPOPLUG',
            'factory_default': False,
            'ip': '192.168.100.112',
            'is_support_iot_cloud': True,
            'mac': '74-DA-88-00-00-00',
            'mgt_encrypt_schm': {'encrypt_type': 'AES',
                                 'http_port': 80,
                                 'is_support_https': False,
                                 'lv': 2},
            'owner': 'REDACTED_19347acd812465188388075'}}
Initializing 192.168.100.112 of type <class 'kasa.smart.smartdevice.SmartDevice'>
Discovery finished! Found: 1 device(s)
Discovered 1 devices
Discovery started...
Using proactor: IocpProactor
Listening on 127.0.0.1:8080
Using proactor: IocpProactor
[DISCOVERY] 255.255.255.255 >> {'system': {'get_sysinfo': {}}}
Waiting 5 seconds for responses...
Using SmartDevice for SMART.TAPOPLUG
Finding protocol for 192.168.100.112
Finding protocol for DeviceFamily.SmartTapoPlug
Finding transport for SMART.AES
Created AES transport for 192.168.100.112
[DISCOVERY] 192.168.100.112 << {'error_code': 0,
 'result': {'device_id': 'REDACTED_c913ec3cd97a6bec2fbb1ee',
            'device_model': 'P100',
            'device_type': 'SMART.TAPOPLUG',
            'factory_default': False,
            'ip': '192.168.100.112',
            'is_support_iot_cloud': True,
            'mac': '74-DA-88-00-00-00',
            'mgt_encrypt_schm': {'encrypt_type': 'AES',
                                 'http_port': 80,
                                 'is_support_https': False,
                                 'lv': 2},
            'owner': 'REDACTED_19347acd812465188388075'}}
Initializing 192.168.100.112 of type <class 'kasa.smart.smartdevice.SmartDevice'>
Discovery finished! Found: 1 device(s)
Discovered 1 devices
Discovery started...
Using proactor: IocpProactor
Listening on 127.0.0.1:8080
[DISCOVERY] 255.255.255.255 >> {'system': {'get_sysinfo': {}}}
Waiting 5 seconds for responses...
Using proactor: IocpProactor
Using SmartDevice for SMART.TAPOPLUG
Finding protocol for 192.168.100.112
Finding protocol for DeviceFamily.SmartTapoPlug
Finding transport for SMART.AES
Created AES transport for 192.168.100.112
[DISCOVERY] 192.168.100.112 << {'error_code': 0,
 'result': {'device_id': 'REDACTED_c913ec3cd97a6bec2fbb1ee',
            'device_model': 'P100',
            'device_type': 'SMART.TAPOPLUG',
            'factory_default': False,
            'ip': '192.168.100.112',
            'is_support_iot_cloud': True,
            'mac': '74-DA-88-00-00-00',
            'mgt_encrypt_schm': {'encrypt_type': 'AES',
                                 'http_port': 80,
                                 'is_support_https': False,
                                 'lv': 2},
            'owner': 'REDACTED_19347acd812465188388075'}}
Initializing 192.168.100.112 of type <class 'kasa.smart.smartdevice.SmartDevice'>
Discovery finished! Found: 1 device(s)
Discovered 1 devices
Discovery started...
Using proactor: IocpProactor
Listening on 127.0.0.1:8080
[DISCOVERY] 255.255.255.255 >> {'system': {'get_sysinfo': {}}}
Waiting 5 seconds for responses...
Using SmartDevice for SMART.TAPOPLUG
Finding protocol for 192.168.100.112
Finding protocol for DeviceFamily.SmartTapoPlug
Finding transport for SMART.AES
Created AES transport for 192.168.100.112
[DISCOVERY] 192.168.100.112 << {'error_code': 0,
 'result': {'device_id': 'REDACTED_c913ec3cd97a6bec2fbb1ee',
            'device_model': 'P100',
            'device_type': 'SMART.TAPOPLUG',
            'factory_default': False,
            'ip': '192.168.100.112',
            'is_support_iot_cloud': True,
            'mac': '74-DA-88-00-00-00',
            'mgt_encrypt_schm': {'encrypt_type': 'AES',
                                 'http_port': 80,
                                 'is_support_https': False,
                                 'lv': 2},
            'owner': 'REDACTED_19347acd812465188388075'}}
Initializing 192.168.100.112 of type <class 'kasa.smart.smartdevice.SmartDevice'>
Using proactor: IocpProactor
Discovery finished! Found: 1 device(s)
Discovered 1 devices
Switching status
Discovery started...
Using proactor: IocpProactor
Listening on 127.0.0.1:8080
[DISCOVERY] 255.255.255.255 >> {'system': {'get_sysinfo': {}}}
Waiting 5 seconds for responses...
Using proactor: IocpProactor
Using SmartDevice for SMART.TAPOPLUG
Finding protocol for 192.168.100.112
Finding protocol for DeviceFamily.SmartTapoPlug
Finding transport for SMART.AES
Created AES transport for 192.168.100.112
[DISCOVERY] 192.168.100.112 << {'error_code': 0,
 'result': {'device_id': 'REDACTED_c913ec3cd97a6bec2fbb1ee',
            'device_model': 'P100',
            'device_type': 'SMART.TAPOPLUG',
            'factory_default': False,
            'ip': '192.168.100.112',
            'is_support_iot_cloud': True,
            'mac': '74-DA-88-00-00-00',
            'mgt_encrypt_schm': {'encrypt_type': 'AES',
                                 'http_port': 80,
                                 'is_support_https': False,
                                 'lv': 2},
            'owner': 'REDACTED_19347acd812465188388075'}}
Initializing 192.168.100.112 of type <class 'kasa.smart.smartdevice.SmartDevice'>
Discovery finished! Found: 1 device(s)
Discovered 1 devices
Switching status
Discovery started...
Using proactor: IocpProactor
Listening on 127.0.0.1:8080
[DISCOVERY] 255.255.255.255 >> {'system': {'get_sysinfo': {}}}
Waiting 5 seconds for responses...
Using proactor: IocpProactor
Using SmartDevice for SMART.TAPOPLUG
Finding protocol for 192.168.100.112
Finding protocol for DeviceFamily.SmartTapoPlug
Finding transport for SMART.AES
Created AES transport for 192.168.100.112
[DISCOVERY] 192.168.100.112 << {'error_code': 0,
 'result': {'device_id': 'REDACTED_c913ec3cd97a6bec2fbb1ee',
            'device_model': 'P100',
            'device_type': 'SMART.TAPOPLUG',
            'factory_default': False,
            'ip': '192.168.100.112',
            'is_support_iot_cloud': True,
            'mac': '74-DA-88-00-00-00',
            'mgt_encrypt_schm': {'encrypt_type': 'AES',
                                 'http_port': 80,
                                 'is_support_https': False,
                                 'lv': 2},
            'owner': 'REDACTED_19347acd812465188388075'}}
Initializing 192.168.100.112 of type <class 'kasa.smart.smartdevice.SmartDevice'>
Discovery finished! Found: 1 device(s)
Discovered 1 devices
Discovery started...
Using proactor: IocpProactor
Listening on 127.0.0.1:8080
[DISCOVERY] 255.255.255.255 >> {'system': {'get_sysinfo': {}}}
Waiting 5 seconds for responses...
Using proactor: IocpProactor
Using SmartDevice for SMART.TAPOPLUG
Finding protocol for 192.168.100.112
Finding protocol for DeviceFamily.SmartTapoPlug
Finding transport for SMART.AES
Created AES transport for 192.168.100.112
[DISCOVERY] 192.168.100.112 << {'error_code': 0,
 'result': {'device_id': 'REDACTED_c913ec3cd97a6bec2fbb1ee',
            'device_model': 'P100',
            'device_type': 'SMART.TAPOPLUG',
            'factory_default': False,
            'ip': '192.168.100.112',
            'is_support_iot_cloud': True,
            'mac': '74-DA-88-00-00-00',
            'mgt_encrypt_schm': {'encrypt_type': 'AES',
                                 'http_port': 80,
                                 'is_support_https': False,
                                 'lv': 2},
            'owner': 'REDACTED_19347acd812465188388075'}}
Initializing 192.168.100.112 of type <class 'kasa.smart.smartdevice.SmartDevice'>
Discovery finished! Found: 1 device(s)
Discovered 1 devices
Discovery started...
Using proactor: IocpProactor
Listening on 127.0.0.1:8080
[DISCOVERY] 255.255.255.255 >> {'system': {'get_sysinfo': {}}}
Waiting 5 seconds for responses...
Using proactor: IocpProactor
Using SmartDevice for SMART.TAPOPLUG
Finding protocol for 192.168.100.112
Finding protocol for DeviceFamily.SmartTapoPlug
Finding transport for SMART.AES
Created AES transport for 192.168.100.112
[DISCOVERY] 192.168.100.112 << {'error_code': 0,
 'result': {'device_id': 'REDACTED_c913ec3cd97a6bec2fbb1ee',
            'device_model': 'P100',
            'device_type': 'SMART.TAPOPLUG',
            'factory_default': False,
            'ip': '192.168.100.112',
            'is_support_iot_cloud': True,
            'mac': '74-DA-88-00-00-00',
            'mgt_encrypt_schm': {'encrypt_type': 'AES',
                                 'http_port': 80,
                                 'is_support_https': False,
                                 'lv': 2},
            'owner': 'REDACTED_19347acd812465188388075'}}
Initializing 192.168.100.112 of type <class 'kasa.smart.smartdevice.SmartDevice'>
Discovery finished! Found: 1 device(s)
Discovered 1 devices
Discovery started...
Using proactor: IocpProactor
Listening on 127.0.0.1:8080
[DISCOVERY] 255.255.255.255 >> {'system': {'get_sysinfo': {}}}
Waiting 5 seconds for responses...
Using proactor: IocpProactor
Discovery finished! Found: 0 device(s)
Discovered 0 devices
Importing BlpImagePlugin
Importing BmpImagePlugin
Importing BufrStubImagePlugin
Importing CurImagePlugin
Importing DcxImagePlugin
Importing DdsImagePlugin
Importing EpsImagePlugin
Importing FitsImagePlugin
Importing FliImagePlugin
Importing FpxImagePlugin
Image: failed to import FpxImagePlugin: No module named 'olefile'
Importing FtexImagePlugin
Importing GbrImagePlugin
Importing GifImagePlugin
Importing GribStubImagePlugin
Importing Hdf5StubImagePlugin
Importing IcnsImagePlugin
Importing IcoImagePlugin
Importing ImImagePlugin
Importing ImtImagePlugin
Importing IptcImagePlugin
Importing JpegImagePlugin
Importing Jpeg2KImagePlugin
Importing McIdasImagePlugin
Importing MicImagePlugin
Image: failed to import MicImagePlugin: No module named 'olefile'
Importing MpegImagePlugin
Importing MpoImagePlugin
Importing MspImagePlugin
Importing PalmImagePlugin
Importing PcdImagePlugin
Importing PcxImagePlugin
Importing PdfImagePlugin
Importing PixarImagePlugin
Importing PngImagePlugin
Importing PpmImagePlugin
Importing PsdImagePlugin
Importing QoiImagePlugin
Importing SgiImagePlugin
Importing SpiderImagePlugin
Importing SunImagePlugin
Importing TgaImagePlugin
Importing TiffImagePlugin
Importing WebPImagePlugin
Importing WmfImagePlugin
Importing XbmImagePlugin
Importing XpmImagePlugin
Importing XVThumbImagePlugin
STREAM b'IHDR' 118 13
STREAM b'IDAT' 143 5333
Discovery started...
Using proactor: IocpProactor
Listening on 127.0.0.1:8080
[DISCOVERY] 255.255.255.255 >> {'system': {'get_sysinfo': {}}}
Waiting 5 seconds for responses...
Using proactor: IocpProactor
Discovery finished! Found: 0 device(s)
Discovered 0 devices
Discovery started...
Discovery started...
Using proactor: IocpProactor
Listening on 127.0.0.1:8080
[DISCOVERY] 255.255.255.255 >> {'system': {'get_sysinfo': {}}}
Waiting 5 seconds for responses...
Using proactor: IocpProactor
Using SmartDevice for SMART.TAPOPLUG
Finding protocol for 192.168.100.112
Finding protocol for DeviceFamily.SmartTapoPlug
Finding transport for SMART.AES
Created AES transport for 192.168.100.112
[DISCOVERY] 192.168.100.112 << {'error_code': 0,
 'result': {'device_id': 'REDACTED_c913ec3cd97a6bec2fbb1ee',
            'device_model': 'P100',
            'device_type': 'SMART.TAPOPLUG',
            'factory_default': False,
            'ip': '192.168.100.112',
            'is_support_iot_cloud': True,
            'mac': '74-DA-88-00-00-00',
            'mgt_encrypt_schm': {'encrypt_type': 'AES',
                                 'http_port': 80,
                                 'is_support_https': False,
                                 'lv': 2},
            'owner': 'REDACTED_19347acd812465188388075'}}
Initializing 192.168.100.112 of type <class 'kasa.smart.smartdevice.SmartDevice'>
Discovery finished! Found: 1 device(s)
Discovered 1 devices
Discovery started...
Using proactor: IocpProactor
[DISCOVERY] 255.255.255.255 >> {'system': {'get_sysinfo': {}}}
Waiting 5 seconds for responses...
Using SmartDevice for SMART.TAPOPLUG
Finding protocol for 192.168.100.112
Finding protocol for DeviceFamily.SmartTapoPlug
Finding transport for SMART.AES
Created AES transport for 192.168.100.112
[DISCOVERY] 192.168.100.112 << {'error_code': 0,
 'result': {'device_id': 'REDACTED_c913ec3cd97a6bec2fbb1ee',
            'device_model': 'P100',
            'device_type': 'SMART.TAPOPLUG',
            'factory_default': False,
            'ip': '192.168.100.112',
            'is_support_iot_cloud': True,
            'mac': '74-DA-88-00-00-00',
            'mgt_encrypt_schm': {'encrypt_type': 'AES',
                                 'http_port': 80,
                                 'is_support_https': False,
                                 'lv': 2},
            'owner': 'REDACTED_19347acd812465188388075'}}
Initializing 192.168.100.112 of type <class 'kasa.smart.smartdevice.SmartDevice'>
Listening on 127.0.0.1:8080
Using proactor: IocpProactor
Discovery finished! Found: 1 device(s)
Discovered 1 devices
Discovery started...
Using proactor: IocpProactor
Listening on 127.0.0.1:8080
[DISCOVERY] 255.255.255.255 >> {'system': {'get_sysinfo': {}}}
Waiting 5 seconds for responses...
Using proactor: IocpProactor
Using SmartDevice for SMART.TAPOPLUG
Finding protocol for 192.168.100.112
Finding protocol for DeviceFamily.SmartTapoPlug
Finding transport for SMART.AES
Created AES transport for 192.168.100.112
[DISCOVERY] 192.168.100.112 << {'error_code': 0,
 'result': {'device_id': 'REDACTED_c913ec3cd97a6bec2fbb1ee',
            'device_model': 'P100',
            'device_type': 'SMART.TAPOPLUG',
            'factory_default': False,
            'ip': '192.168.100.112',
            'is_support_iot_cloud': True,
            'mac': '74-DA-88-00-00-00',
            'mgt_encrypt_schm': {'encrypt_type': 'AES',
                                 'http_port': 80,
                                 'is_support_https': False,
                                 'lv': 2},
            'owner': 'REDACTED_19347acd812465188388075'}}
Initializing 192.168.100.112 of type <class 'kasa.smart.smartdevice.SmartDevice'>
Discovery finished! Found: 1 device(s)
Discovered 1 devices
Using proactor: IocpProactor
[DISCOVERY] 192.168.100.112 >> {'system': {'get_sysinfo': {}}}
Waiting a total of 5 seconds for responses...
Using SmartDevice for SMART.TAPOPLUG
Finding protocol for 192.168.100.112
Finding protocol for DeviceFamily.SmartTapoPlug
Finding transport for SMART.AES
Created AES transport for 192.168.100.112
[DISCOVERY] 192.168.100.112 << {'error_code': 0,
 'result': {'device_id': 'REDACTED_c913ec3cd97a6bec2fbb1ee',
            'device_model': 'P100',
            'device_type': 'SMART.TAPOPLUG',
            'factory_default': False,
            'ip': '192.168.100.112',
            'is_support_iot_cloud': True,
            'mac': '74-DA-88-00-00-00',
            'mgt_encrypt_schm': {'encrypt_type': 'AES',
                                 'http_port': 80,
                                 'is_support_https': False,
                                 'lv': 2},
            'owner': 'REDACTED_19347acd812465188388075'}}
Initializing 192.168.100.112 of type <class 'kasa.smart.smartdevice.SmartDevice'>
192.168.100.112 multi-request-batch-1-of-1 >> '{"method":"multipleRequest","request_time_milis":1743672302866,"terminal_uuid":"i38qCa3m077aRswKRq+orQ==","params":{"requests":[{"method":"component_nego"},{"method":"get_device_info"},{"method":"get_connect_cloud_state"}]}}'
Will perform handshaking...
Posting to http://192.168.100.112/app
Generating keypair
Handshake request: {'method': 'handshake', 'params': {'key': '-----BEGIN PUBLIC KEY-----\nMIGfMA0GCSqGSIb3DQEBAQUAA4GNADCBiQKBgQC0Ycg4plRgAQvvzZ98TfvKuaOBuWmBRhzA723FQY1iHzRkkDDIPvxmGp1cacpjU7OrR21loeAbgNcs7lw8jamrVTi9vBGczc/3/aHtk3WSJcq6xDmAPgLAQ2nQ+7xbdDGZwvZAHIhHnUtgg6IhsXp1V4K8ML7z0Yq9p1CcNW3xXwIDAQAB\n-----END PUBLIC KEY-----\n'}}
Device responded with: {'error_code': 0, 'result': {'key': 'P8BLfRNEI/rWESo4B0zwibRsoyEgu+FBwLEcXi+kJPW1jfNDduDHlXdt4XqYPoys6CpdJM3Sds8XrVi0x4hZDgXQjCcQZs/hfFcQFCu/006QN+RPBllgHzpD3iwMZjoBAp06r/6bUCvODMoL11kzV7r+uASaYOaVzUg7DE49twQ='}}
Handshake with 192.168.100.112 complete
Posting to http://192.168.100.112/app
192.168.100.112: logged in with provided credentials
Posting to http://192.168.100.112/app?token=5973FC7EA1AE73A85DC8B4CB2BFBDFFA
Device 192.168.100.112 received an os error, enabling sequential request delay: Server disconnected
Device 192.168.100.112 got a connection error, will retry 3 times: ('Device connection error: 192.168.100.112: Server disconnected', ServerDisconnectedError('Server disconnected'))
192.168.100.112 multi-request-batch-1-of-1 >> '{"method":"multipleRequest","request_time_milis":1743672302980,"terminal_uuid":"i38qCa3m077aRswKRq+orQ==","params":{"requests":[{"method":"component_nego"},{"method":"get_device_info"},{"method":"get_connect_cloud_state"}]}}'
Device 192.168.100.112 waiting 0.25 seconds to send request
Posting to http://192.168.100.112/app?token=5973FC7EA1AE73A85DC8B4CB2BFBDFFA
192.168.100.112 multi-request-batch-1-of-1 << {'error_code': 0,
 'result': {'responses': [{'error_code': 0,
                           'method': 'component_nego',
                           'result': {'component_list': [{'id': 'device',
                                                          'ver_code': 2},
                                                         {'id': 'firmware',
                                                          'ver_code': 1},
                                                         {'id': 'quick_setup',
                                                          'ver_code': 3},
                                                         {'id': 'time',
                                                          'ver_code': 1},
                                                         {'id': 'wireless',
                                                          'ver_code': 1},
                                                         {'id': 'schedule',
                                                          'ver_code': 2},
                                                         {'id': 'countdown',
                                                          'ver_code': 2},
                                                         {'id': 'antitheft',
                                                          'ver_code': 1},
                                                         {'id': 'account',
                                                          'ver_code': 1},
                                                         {'id': 'synchronize',
                                                          'ver_code': 1},
                                                         {'id': 'sunrise_sunset',
                                                          'ver_code': 1},
                                                         {'id': 'led',
                                                          'ver_code': 1},
                                                         {'id': 'cloud_connect',
                                                          'ver_code': 1},
                                                         {'id': 'iot_cloud',
                                                          'ver_code': 1},
                                                         {'id': 'default_states',
                                                          'ver_code': 1}]}},
                          {'error_code': 0,
                           'method': 'get_device_info',
                           'result': {'avatar': 'plug',
                                      'default_states': {'state': {},
                                                         'type': 'last_states'},
                                      'device_id': 'REDACTED_DB80F24B353338FA05BB18C1C486215',
                                      'device_on': True,
                                      'fw_id': 'REDACTED_A25ABDE41405B20C6F98816',
                                      'fw_ver': '1.3.7 Build 20230711 Rel. '
                                                '61904',
                                      'has_set_location_info': True,
                                      'hw_id': 'REDACTED_5B29645B8150C392284029D',
                                      'hw_ver': '1.0.0',
                                      'ip': '192.168.100.112',
                                      'lang': 'it_IT',
                                      'latitude': 0,
                                      'location': '',
                                      'longitude': 0,
                                      'mac': '74-DA-88-00-00-00',
                                      'model': 'P100',
                                      'nickname': 'I01BU0tFRF9OQU1FIw==',
                                      'oem_id': 'REDACTED_06C60A9AEEA36A3347B6EBC',
                                      'on_time': 786,
                                      'overheated': False,
                                      'region': 'Europe/Rome',
                                      'rssi': -40,
                                      'signal_level': 3,
                                      'specs': 'EU',
                                      'ssid': 'I01BU0tFRF9TU0lEIw==',
                                      'time_diff': 60,
                                      'type': 'SMART.TAPOPLUG'}},
                          {'error_code': 0,
                           'method': 'get_connect_cloud_state',
                           'result': {'status': 0}}]}}
Device 192.168.100.112, found required cloud_connect, adding Cloud to modules.
Device 192.168.100.112, found required device, adding DeviceModule to modules.
Device 192.168.100.112, found required firmware, adding Firmware to modules.
Device 192.168.100.112, found required led, adding Led to modules.
Device 192.168.100.112, found required None, adding OverheatProtection to modules.
Device 192.168.100.112, found required time, adding Time to modules.
Querying 192.168.100.112 for modules: Time, Led
192.168.100.112 multi-request-batch-1-of-1 >> '{"method":"multipleRequest","request_time_milis":1743672303316,"terminal_uuid":"i38qCa3m077aRswKRq+orQ==","params":{"requests":[{"method":"get_device_time"},{"method":"get_led_info"}]}}'
Device 192.168.100.112 waiting 0.25 seconds to send request
Posting to http://192.168.100.112/app?token=5973FC7EA1AE73A85DC8B4CB2BFBDFFA
192.168.100.112 multi-request-batch-1-of-1 << {'error_code': 0,
 'result': {'responses': [{'error_code': 0,
                           'method': 'get_device_time',
                           'result': {'region': 'Europe/Rome',
                                      'time_diff': 60,
                                      'timestamp': 1743672299}},
                          {'error_code': 0,
                           'method': 'get_led_info',
                           'result': {'led_rule': 'always',
                                      'led_status': True,
                                      'night_mode': {'end_time': 0,
                                                     'night_mode_type': 'unknown',
                                                     'start_time': 0,
                                                     'sunrise_offset': 0,
                                                     'sunset_offset': 0}}}]}}
Update completed 192.168.100.112: ['component_nego', 'get_device_info', 'get_connect_cloud_state', 'get_device_time', 'get_led_info']
Unclosed client session
client_session: <aiohttp.client.ClientSession object at 0x0000020F1EE780B0>
Exception in default exception handler
Traceback (most recent call last):
  File "C:\Users\Davide\AppData\Local\Programs\Python\Python312\Lib\asyncio\base_events.py", line 1847, in call_exception_handler
    self.default_exception_handler(context)
  File "C:\Users\Davide\AppData\Local\Programs\Python\Python312\Lib\asyncio\base_events.py", line 1821, in default_exception_handler
    logger.error('\n'.join(log_lines), exc_info=exc_info)
  File "C:\Users\Davide\AppData\Local\Programs\Python\Python312\Lib\logging\__init__.py", line 1568, in error
    self._log(ERROR, msg, args, **kwargs)
  File "C:\Users\Davide\AppData\Local\Programs\Python\Python312\Lib\logging\__init__.py", line 1684, in _log
    self.handle(record)
  File "C:\Users\Davide\AppData\Local\Programs\Python\Python312\Lib\logging\__init__.py", line 1700, in handle
    self.callHandlers(record)
  File "C:\Users\Davide\AppData\Local\Programs\Python\Python312\Lib\logging\__init__.py", line 1762, in callHandlers
    hdlr.handle(record)
  File "C:\Users\Davide\Desktop\ServerSmartPlug\log_manager.py", line 16, in handle
    listener(record)
  File "C:\Users\Davide\Desktop\ServerSmartPlug\gui\windows.py", line 24, in _add_console_line
    self.console_text.configure(state='normal')
  File "C:\Users\Davide\AppData\Local\Programs\Python\Python312\Lib\tkinter\__init__.py", line 1722, in configure
    return self._configure('configure', cnf, kw)
           ^^^^^^^^^^^^^^^^^^^^^^^^^^^^^^^^^^^^^
  File "C:\Users\Davide\AppData\Local\Programs\Python\Python312\Lib\tkinter\__init__.py", line 1712, in _configure
    self.tk.call(_flatten((self._w, cmd)) + self._options(cnf))
_tkinter.TclError: invalid command name ".!frame4.!frame.!text"
Unclosed connector
connections: ['deque([(<aiohttp.client_proto.ResponseHandler object at 0x0000020F1EE8BB90>, 845859.343)])']
connector: <aiohttp.connector.TCPConnector object at 0x0000020F1D372270>
Exception in default exception handler
Traceback (most recent call last):
  File "C:\Users\Davide\AppData\Local\Programs\Python\Python312\Lib\asyncio\base_events.py", line 1847, in call_exception_handler
    self.default_exception_handler(context)
  File "C:\Users\Davide\AppData\Local\Programs\Python\Python312\Lib\asyncio\base_events.py", line 1821, in default_exception_handler
    logger.error('\n'.join(log_lines), exc_info=exc_info)
  File "C:\Users\Davide\AppData\Local\Programs\Python\Python312\Lib\logging\__init__.py", line 1568, in error
    self._log(ERROR, msg, args, **kwargs)
  File "C:\Users\Davide\AppData\Local\Programs\Python\Python312\Lib\logging\__init__.py", line 1684, in _log
    self.handle(record)
  File "C:\Users\Davide\AppData\Local\Programs\Python\Python312\Lib\logging\__init__.py", line 1700, in handle
    self.callHandlers(record)
  File "C:\Users\Davide\AppData\Local\Programs\Python\Python312\Lib\logging\__init__.py", line 1762, in callHandlers
    hdlr.handle(record)
  File "C:\Users\Davide\Desktop\ServerSmartPlug\log_manager.py", line 16, in handle
    listener(record)
  File "C:\Users\Davide\Desktop\ServerSmartPlug\gui\windows.py", line 24, in _add_console_line
    self.console_text.configure(state='normal')
  File "C:\Users\Davide\AppData\Local\Programs\Python\Python312\Lib\tkinter\__init__.py", line 1722, in configure
    return self._configure('configure', cnf, kw)
           ^^^^^^^^^^^^^^^^^^^^^^^^^^^^^^^^^^^^^
  File "C:\Users\Davide\AppData\Local\Programs\Python\Python312\Lib\tkinter\__init__.py", line 1712, in _configure
    self.tk.call(_flatten((self._w, cmd)) + self._options(cnf))
_tkinter.TclError: invalid command name ".!frame4.!frame.!text"
Discovery started...
Using proactor: IocpProactor
Listening on 127.0.0.1:8080
[DISCOVERY] 255.255.255.255 >> {'system': {'get_sysinfo': {}}}
Waiting 5 seconds for responses...
Using proactor: IocpProactor
Using SmartDevice for SMART.TAPOPLUG
Finding protocol for 192.168.100.112
Finding protocol for DeviceFamily.SmartTapoPlug
Finding transport for SMART.AES
Created AES transport for 192.168.100.112
[DISCOVERY] 192.168.100.112 << {'error_code': 0,
 'result': {'device_id': 'REDACTED_c913ec3cd97a6bec2fbb1ee',
            'device_model': 'P100',
            'device_type': 'SMART.TAPOPLUG',
            'factory_default': False,
            'ip': '192.168.100.112',
            'is_support_iot_cloud': True,
            'mac': '74-DA-88-00-00-00',
            'mgt_encrypt_schm': {'encrypt_type': 'AES',
                                 'http_port': 80,
                                 'is_support_https': False,
                                 'lv': 2},
            'owner': 'REDACTED_19347acd812465188388075'}}
Initializing 192.168.100.112 of type <class 'kasa.smart.smartdevice.SmartDevice'>
Discovery finished! Found: 1 device(s)
Discovered 1 devices
[DISCOVERY] 192.168.100.112 >> {'system': {'get_sysinfo': {}}}
Waiting a total of 5 seconds for responses...
Using SmartDevice for SMART.TAPOPLUG
Finding protocol for 192.168.100.112
Finding protocol for DeviceFamily.SmartTapoPlug
Finding transport for SMART.AES
Created AES transport for 192.168.100.112
[DISCOVERY] 192.168.100.112 << {'error_code': 0,
 'result': {'device_id': 'REDACTED_c913ec3cd97a6bec2fbb1ee',
            'device_model': 'P100',
            'device_type': 'SMART.TAPOPLUG',
            'factory_default': False,
            'ip': '192.168.100.112',
            'is_support_iot_cloud': True,
            'mac': '74-DA-88-00-00-00',
            'mgt_encrypt_schm': {'encrypt_type': 'AES',
                                 'http_port': 80,
                                 'is_support_https': False,
                                 'lv': 2},
            'owner': 'REDACTED_19347acd812465188388075'}}
Initializing 192.168.100.112 of type <class 'kasa.smart.smartdevice.SmartDevice'>
192.168.100.112 multi-request-batch-1-of-1 >> '{"method":"multipleRequest","request_time_milis":1743672341875,"terminal_uuid":"AUspPAdxlhdk5gjc3vnMjA==","params":{"requests":[{"method":"component_nego"},{"method":"get_device_info"},{"method":"get_connect_cloud_state"}]}}'
Will perform handshaking...
Posting to http://192.168.100.112/app
Unable to query the device: 192.168.100.112, not retrying: ("Unable to query the device: 192.168.100.112: _patch_task.<locals>.task_new_init() got an unexpected keyword argument 'eager_start'", TypeError("_patch_task.<locals>.task_new_init() got an unexpected keyword argument 'eager_start'"))
Discovery started...
Listening on 127.0.0.1:8080
Using proactor: IocpProactor
Using proactor: IocpProactor
[DISCOVERY] 255.255.255.255 >> {'system': {'get_sysinfo': {}}}
Waiting 5 seconds for responses...
Using SmartDevice for SMART.TAPOPLUG
Finding protocol for 192.168.100.112
Finding protocol for DeviceFamily.SmartTapoPlug
Finding transport for SMART.AES
Created AES transport for 192.168.100.112
[DISCOVERY] 192.168.100.112 << {'error_code': 0,
 'result': {'device_id': 'REDACTED_c913ec3cd97a6bec2fbb1ee',
            'device_model': 'P100',
            'device_type': 'SMART.TAPOPLUG',
            'factory_default': False,
            'ip': '192.168.100.112',
            'is_support_iot_cloud': True,
            'mac': '74-DA-88-00-00-00',
            'mgt_encrypt_schm': {'encrypt_type': 'AES',
                                 'http_port': 80,
                                 'is_support_https': False,
                                 'lv': 2},
            'owner': 'REDACTED_19347acd812465188388075'}}
Initializing 192.168.100.112 of type <class 'kasa.smart.smartdevice.SmartDevice'>
Discovery finished! Found: 1 device(s)
Discovered 1 devices
Discovery started...
Using proactor: IocpProactor
Listening on 127.0.0.1:8080
[DISCOVERY] 255.255.255.255 >> {'system': {'get_sysinfo': {}}}
Waiting 5 seconds for responses...
Using proactor: IocpProactor
Using SmartDevice for SMART.TAPOPLUG
Finding protocol for 192.168.100.112
Finding protocol for DeviceFamily.SmartTapoPlug
Finding transport for SMART.AES
Created AES transport for 192.168.100.112
[DISCOVERY] 192.168.100.112 << {'error_code': 0,
 'result': {'device_id': 'REDACTED_c913ec3cd97a6bec2fbb1ee',
            'device_model': 'P100',
            'device_type': 'SMART.TAPOPLUG',
            'factory_default': False,
            'ip': '192.168.100.112',
            'is_support_iot_cloud': True,
            'mac': '74-DA-88-00-00-00',
            'mgt_encrypt_schm': {'encrypt_type': 'AES',
                                 'http_port': 80,
                                 'is_support_https': False,
                                 'lv': 2},
            'owner': 'REDACTED_19347acd812465188388075'}}
Initializing 192.168.100.112 of type <class 'kasa.smart.smartdevice.SmartDevice'>
Discovery finished! Found: 1 device(s)
Discovered 1 devices
Using proactor: IocpProactor
[DISCOVERY] 192.168.100.112 >> {'system': {'get_sysinfo': {}}}
Waiting a total of 5 seconds for responses...
Using SmartDevice for SMART.TAPOPLUG
Finding protocol for 192.168.100.112
Finding protocol for DeviceFamily.SmartTapoPlug
Finding transport for SMART.AES
Created AES transport for 192.168.100.112
[DISCOVERY] 192.168.100.112 << {'error_code': 0,
 'result': {'device_id': 'REDACTED_c913ec3cd97a6bec2fbb1ee',
            'device_model': 'P100',
            'device_type': 'SMART.TAPOPLUG',
            'factory_default': False,
            'ip': '192.168.100.112',
            'is_support_iot_cloud': True,
            'mac': '74-DA-88-00-00-00',
            'mgt_encrypt_schm': {'encrypt_type': 'AES',
                                 'http_port': 80,
                                 'is_support_https': False,
                                 'lv': 2},
            'owner': 'REDACTED_19347acd812465188388075'}}
Initializing 192.168.100.112 of type <class 'kasa.smart.smartdevice.SmartDevice'>
192.168.100.112 multi-request-batch-1-of-1 >> '{"method":"multipleRequest","request_time_milis":1743672550610,"terminal_uuid":"nQnkB6EXHcFN4FT63xWhdQ==","params":{"requests":[{"method":"component_nego"},{"method":"get_device_info"},{"method":"get_connect_cloud_state"}]}}'
Will perform handshaking...
Posting to http://192.168.100.112/app
Generating keypair
Handshake request: {'method': 'handshake', 'params': {'key': '-----BEGIN PUBLIC KEY-----\nMIGfMA0GCSqGSIb3DQEBAQUAA4GNADCBiQKBgQC0Wu8Eqgd2MiMMMfk7xdLRN/G0t/NYtDaa3HH/42TMriWu6+7VKlYgybIjJlC4+PDyN7YR42av6Um4DOtYpQsSrescoW66wpuwsc040YDueVBPIavXiOBnJ4w0qGl2x8h+5MV/oT/SINiuht6hnGSX9RzJp/6gDKPBvE2l2Ss4SQIDAQAB\n-----END PUBLIC KEY-----\n'}}
Device responded with: {'error_code': 0, 'result': {'key': 'UHo6rdqqBJ1c2Fq1/sqLbCIBDYTU2YpK2MMKRwClJneXzKZG4XssAVH8lM5PkS0/B3+WcODz1PJBBS6tLy1dyvwrohFzaNm42x1dV4XkAPMm8owAq5L3ciSbrvWcCJhLYn97La4j0YMbf/TplBgCZ50TrEM5DYFEQaN8bDUDvg8='}}
Handshake with 192.168.100.112 complete
Posting to http://192.168.100.112/app
192.168.100.112: logged in with provided credentials
Posting to http://192.168.100.112/app?token=3448D94C060CF00E972EEC2F573FEA3F
Device 192.168.100.112 received an os error, enabling sequential request delay: Server disconnected
Device 192.168.100.112 got a connection error, will retry 3 times: ('Device connection error: 192.168.100.112: Server disconnected', ServerDisconnectedError('Server disconnected'))
192.168.100.112 multi-request-batch-1-of-1 >> '{"method":"multipleRequest","request_time_milis":1743672550731,"terminal_uuid":"nQnkB6EXHcFN4FT63xWhdQ==","params":{"requests":[{"method":"component_nego"},{"method":"get_device_info"},{"method":"get_connect_cloud_state"}]}}'
Device 192.168.100.112 waiting 0.25 seconds to send request
Posting to http://192.168.100.112/app?token=3448D94C060CF00E972EEC2F573FEA3F
192.168.100.112 multi-request-batch-1-of-1 << {'error_code': 0,
 'result': {'responses': [{'error_code': 0,
                           'method': 'component_nego',
                           'result': {'component_list': [{'id': 'device',
                                                          'ver_code': 2},
                                                         {'id': 'firmware',
                                                          'ver_code': 1},
                                                         {'id': 'quick_setup',
                                                          'ver_code': 3},
                                                         {'id': 'time',
                                                          'ver_code': 1},
                                                         {'id': 'wireless',
                                                          'ver_code': 1},
                                                         {'id': 'schedule',
                                                          'ver_code': 2},
                                                         {'id': 'countdown',
                                                          'ver_code': 2},
                                                         {'id': 'antitheft',
                                                          'ver_code': 1},
                                                         {'id': 'account',
                                                          'ver_code': 1},
                                                         {'id': 'synchronize',
                                                          'ver_code': 1},
                                                         {'id': 'sunrise_sunset',
                                                          'ver_code': 1},
                                                         {'id': 'led',
                                                          'ver_code': 1},
                                                         {'id': 'cloud_connect',
                                                          'ver_code': 1},
                                                         {'id': 'iot_cloud',
                                                          'ver_code': 1},
                                                         {'id': 'default_states',
                                                          'ver_code': 1}]}},
                          {'error_code': 0,
                           'method': 'get_device_info',
                           'result': {'avatar': 'plug',
                                      'default_states': {'state': {},
                                                         'type': 'last_states'},
                                      'device_id': 'REDACTED_DB80F24B353338FA05BB18C1C486215',
                                      'device_on': True,
                                      'fw_id': 'REDACTED_A25ABDE41405B20C6F98816',
                                      'fw_ver': '1.3.7 Build 20230711 Rel. '
                                                '61904',
                                      'has_set_location_info': True,
                                      'hw_id': 'REDACTED_5B29645B8150C392284029D',
                                      'hw_ver': '1.0.0',
                                      'ip': '192.168.100.112',
                                      'lang': 'it_IT',
                                      'latitude': 0,
                                      'location': '',
                                      'longitude': 0,
                                      'mac': '74-DA-88-00-00-00',
                                      'model': 'P100',
                                      'nickname': 'I01BU0tFRF9OQU1FIw==',
                                      'oem_id': 'REDACTED_06C60A9AEEA36A3347B6EBC',
                                      'on_time': 1033,
                                      'overheated': False,
                                      'region': 'Europe/Rome',
                                      'rssi': -40,
                                      'signal_level': 3,
                                      'specs': 'EU',
                                      'ssid': 'I01BU0tFRF9TU0lEIw==',
                                      'time_diff': 60,
                                      'type': 'SMART.TAPOPLUG'}},
                          {'error_code': 0,
                           'method': 'get_connect_cloud_state',
                           'result': {'status': 0}}]}}
Device 192.168.100.112, found required cloud_connect, adding Cloud to modules.
Device 192.168.100.112, found required device, adding DeviceModule to modules.
Device 192.168.100.112, found required firmware, adding Firmware to modules.
Device 192.168.100.112, found required led, adding Led to modules.
Device 192.168.100.112, found required None, adding OverheatProtection to modules.
Device 192.168.100.112, found required time, adding Time to modules.
Querying 192.168.100.112 for modules: Time, Led
192.168.100.112 multi-request-batch-1-of-1 >> '{"method":"multipleRequest","request_time_milis":1743672551083,"terminal_uuid":"nQnkB6EXHcFN4FT63xWhdQ==","params":{"requests":[{"method":"get_device_time"},{"method":"get_led_info"}]}}'
Device 192.168.100.112 waiting 0.23499999998603016 seconds to send request
Posting to http://192.168.100.112/app?token=3448D94C060CF00E972EEC2F573FEA3F
192.168.100.112 multi-request-batch-1-of-1 << {'error_code': 0,
 'result': {'responses': [{'error_code': 0,
                           'method': 'get_device_time',
                           'result': {'region': 'Europe/Rome',
                                      'time_diff': 60,
                                      'timestamp': 1743672547}},
                          {'error_code': 0,
                           'method': 'get_led_info',
                           'result': {'led_rule': 'always',
                                      'led_status': True,
                                      'night_mode': {'end_time': 0,
                                                     'night_mode_type': 'unknown',
                                                     'start_time': 0,
                                                     'sunrise_offset': 0,
                                                     'sunset_offset': 0}}}]}}
Update completed 192.168.100.112: ['component_nego', 'get_device_info', 'get_connect_cloud_state', 'get_device_time', 'get_led_info']
Unclosed client session
client_session: <aiohttp.client.ClientSession object at 0x0000020DA76381D0>
Unclosed connector
connections: ['deque([(<aiohttp.client_proto.ResponseHandler object at 0x0000020DA7647AD0>, 846107.109)])']
connector: <aiohttp.connector.TCPConnector object at 0x0000020DA7638290>
Discovery started...
Using proactor: IocpProactor
Listening on 127.0.0.1:8080
[DISCOVERY] 255.255.255.255 >> {'system': {'get_sysinfo': {}}}
Waiting 5 seconds for responses...
Using proactor: IocpProactor
Using SmartDevice for SMART.TAPOPLUG
Finding protocol for 192.168.100.112
Finding protocol for DeviceFamily.SmartTapoPlug
Finding transport for SMART.AES
Created AES transport for 192.168.100.112
[DISCOVERY] 192.168.100.112 << {'error_code': 0,
 'result': {'device_id': 'REDACTED_c913ec3cd97a6bec2fbb1ee',
            'device_model': 'P100',
            'device_type': 'SMART.TAPOPLUG',
            'factory_default': False,
            'ip': '192.168.100.112',
            'is_support_iot_cloud': True,
            'mac': '74-DA-88-00-00-00',
            'mgt_encrypt_schm': {'encrypt_type': 'AES',
                                 'http_port': 80,
                                 'is_support_https': False,
                                 'lv': 2},
            'owner': 'REDACTED_19347acd812465188388075'}}
Initializing 192.168.100.112 of type <class 'kasa.smart.smartdevice.SmartDevice'>
Discovery finished! Found: 1 device(s)
Discovered 1 devices
Using proactor: IocpProactor
[DISCOVERY] 192.168.100.112 >> {'system': {'get_sysinfo': {}}}
Waiting a total of 5 seconds for responses...
Using SmartDevice for SMART.TAPOPLUG
Finding protocol for 192.168.100.112
Finding protocol for DeviceFamily.SmartTapoPlug
Finding transport for SMART.AES
Created AES transport for 192.168.100.112
[DISCOVERY] 192.168.100.112 << {'error_code': 0,
 'result': {'device_id': 'REDACTED_c913ec3cd97a6bec2fbb1ee',
            'device_model': 'P100',
            'device_type': 'SMART.TAPOPLUG',
            'factory_default': False,
            'ip': '192.168.100.112',
            'is_support_iot_cloud': True,
            'mac': '74-DA-88-00-00-00',
            'mgt_encrypt_schm': {'encrypt_type': 'AES',
                                 'http_port': 80,
                                 'is_support_https': False,
                                 'lv': 2},
            'owner': 'REDACTED_19347acd812465188388075'}}
Initializing 192.168.100.112 of type <class 'kasa.smart.smartdevice.SmartDevice'>
192.168.100.112 multi-request-batch-1-of-1 >> '{"method":"multipleRequest","request_time_milis":1743672839391,"terminal_uuid":"ZGLTKn5j6La8ckfwe+r2gA==","params":{"requests":[{"method":"component_nego"},{"method":"get_device_info"},{"method":"get_connect_cloud_state"}]}}'
Will perform handshaking...
Posting to http://192.168.100.112/app
Generating keypair
Handshake request: {'method': 'handshake', 'params': {'key': '-----BEGIN PUBLIC KEY-----\nMIGfMA0GCSqGSIb3DQEBAQUAA4GNADCBiQKBgQC8Oh/AlUj4lZvR0cJdICzcgGIx520VM8FBzo3tXPiScVW+PSjh5+gvRPqsCYnZSaHsLiHY3K2wVFGvGrv8k9mQxN6WO9yU+aRKABfZTd27vTPU1NqPurnmJ+nC1VQIhZQUY2Y+soSR5/1ifZE6VkBQDW+A9Pb694fdLSvWEr9xcwIDAQAB\n-----END PUBLIC KEY-----\n'}}
Device responded with: {'error_code': 0, 'result': {'key': 'azKzqLA/TFXylKWReRmc0esTr7l72ac3+0GMBUH27klus9coWRH7d/ZX3ZzY2rjUpdUyxJjM8YHQxzcOKELz3XN7eAFaOr+Vb9XXK61HT6koXQI4tix4FtqksjGxBU5rYw7wiwgOlZlaAXF84wKJ86/Dt4EuNUME0VtO0e13XxI='}}
Handshake with 192.168.100.112 complete
Posting to http://192.168.100.112/app
192.168.100.112: logged in with provided credentials
Posting to http://192.168.100.112/app?token=A11FCF1B2C5B1B596279F97845688868
Device 192.168.100.112 received an os error, enabling sequential request delay: Server disconnected
Device 192.168.100.112 got a connection error, will retry 3 times: ('Device connection error: 192.168.100.112: Server disconnected', ServerDisconnectedError('Server disconnected'))
192.168.100.112 multi-request-batch-1-of-1 >> '{"method":"multipleRequest","request_time_milis":1743672839530,"terminal_uuid":"ZGLTKn5j6La8ckfwe+r2gA==","params":{"requests":[{"method":"component_nego"},{"method":"get_device_info"},{"method":"get_connect_cloud_state"}]}}'
Device 192.168.100.112 waiting 0.25 seconds to send request
Posting to http://192.168.100.112/app?token=A11FCF1B2C5B1B596279F97845688868
192.168.100.112 multi-request-batch-1-of-1 << {'error_code': 0,
 'result': {'responses': [{'error_code': 0,
                           'method': 'component_nego',
                           'result': {'component_list': [{'id': 'device',
                                                          'ver_code': 2},
                                                         {'id': 'firmware',
                                                          'ver_code': 1},
                                                         {'id': 'quick_setup',
                                                          'ver_code': 3},
                                                         {'id': 'time',
                                                          'ver_code': 1},
                                                         {'id': 'wireless',
                                                          'ver_code': 1},
                                                         {'id': 'schedule',
                                                          'ver_code': 2},
                                                         {'id': 'countdown',
                                                          'ver_code': 2},
                                                         {'id': 'antitheft',
                                                          'ver_code': 1},
                                                         {'id': 'account',
                                                          'ver_code': 1},
                                                         {'id': 'synchronize',
                                                          'ver_code': 1},
                                                         {'id': 'sunrise_sunset',
                                                          'ver_code': 1},
                                                         {'id': 'led',
                                                          'ver_code': 1},
                                                         {'id': 'cloud_connect',
                                                          'ver_code': 1},
                                                         {'id': 'iot_cloud',
                                                          'ver_code': 1},
                                                         {'id': 'default_states',
                                                          'ver_code': 1}]}},
                          {'error_code': 0,
                           'method': 'get_device_info',
                           'result': {'avatar': 'plug',
                                      'default_states': {'state': {},
                                                         'type': 'last_states'},
                                      'device_id': 'REDACTED_DB80F24B353338FA05BB18C1C486215',
                                      'device_on': True,
                                      'fw_id': 'REDACTED_A25ABDE41405B20C6F98816',
                                      'fw_ver': '1.3.7 Build 20230711 Rel. '
                                                '61904',
                                      'has_set_location_info': True,
                                      'hw_id': 'REDACTED_5B29645B8150C392284029D',
                                      'hw_ver': '1.0.0',
                                      'ip': '192.168.100.112',
                                      'lang': 'it_IT',
                                      'latitude': 0,
                                      'location': '',
                                      'longitude': 0,
                                      'mac': '74-DA-88-00-00-00',
                                      'model': 'P100',
                                      'nickname': 'I01BU0tFRF9OQU1FIw==',
                                      'oem_id': 'REDACTED_06C60A9AEEA36A3347B6EBC',
                                      'on_time': 1322,
                                      'overheated': False,
                                      'region': 'Europe/Rome',
                                      'rssi': -40,
                                      'signal_level': 3,
                                      'specs': 'EU',
                                      'ssid': 'I01BU0tFRF9TU0lEIw==',
                                      'time_diff': 60,
                                      'type': 'SMART.TAPOPLUG'}},
                          {'error_code': 0,
                           'method': 'get_connect_cloud_state',
                           'result': {'status': 0}}]}}
Device 192.168.100.112, found required cloud_connect, adding Cloud to modules.
Device 192.168.100.112, found required device, adding DeviceModule to modules.
Device 192.168.100.112, found required firmware, adding Firmware to modules.
Device 192.168.100.112, found required led, adding Led to modules.
Device 192.168.100.112, found required None, adding OverheatProtection to modules.
Device 192.168.100.112, found required time, adding Time to modules.
Querying 192.168.100.112 for modules: Time, Led
192.168.100.112 multi-request-batch-1-of-1 >> '{"method":"multipleRequest","request_time_milis":1743672839871,"terminal_uuid":"ZGLTKn5j6La8ckfwe+r2gA==","params":{"requests":[{"method":"get_device_time"},{"method":"get_led_info"}]}}'
Device 192.168.100.112 waiting 0.25 seconds to send request
Posting to http://192.168.100.112/app?token=A11FCF1B2C5B1B596279F97845688868
192.168.100.112 multi-request-batch-1-of-1 << {'error_code': 0,
 'result': {'responses': [{'error_code': 0,
                           'method': 'get_device_time',
                           'result': {'region': 'Europe/Rome',
                                      'time_diff': 60,
                                      'timestamp': 1743672835}},
                          {'error_code': 0,
                           'method': 'get_led_info',
                           'result': {'led_rule': 'always',
                                      'led_status': True,
                                      'night_mode': {'end_time': 0,
                                                     'night_mode_type': 'unknown',
                                                     'start_time': 0,
                                                     'sunrise_offset': 0,
                                                     'sunset_offset': 0}}}]}}
Update completed 192.168.100.112: ['component_nego', 'get_device_info', 'get_connect_cloud_state', 'get_device_time', 'get_led_info']
Unclosed client session
client_session: <aiohttp.client.ClientSession object at 0x000001A0EF2D83E0>
Unclosed connector
connections: ['deque([(<aiohttp.client_proto.ResponseHandler object at 0x000001A0EF2E7B30>, 846395.937)])']
connector: <aiohttp.connector.TCPConnector object at 0x000001A0EF2DA8D0>
Discovery started...
Listening on 127.0.0.1:8080
Using proactor: IocpProactor
Using proactor: IocpProactor
[DISCOVERY] 255.255.255.255 >> {'system': {'get_sysinfo': {}}}
Waiting 5 seconds for responses...
Using SmartDevice for SMART.TAPOPLUG
Finding protocol for 192.168.100.112
Finding protocol for DeviceFamily.SmartTapoPlug
Finding transport for SMART.AES
Created AES transport for 192.168.100.112
[DISCOVERY] 192.168.100.112 << {'error_code': 0,
 'result': {'device_id': 'REDACTED_c913ec3cd97a6bec2fbb1ee',
            'device_model': 'P100',
            'device_type': 'SMART.TAPOPLUG',
            'factory_default': False,
            'ip': '192.168.100.112',
            'is_support_iot_cloud': True,
            'mac': '74-DA-88-00-00-00',
            'mgt_encrypt_schm': {'encrypt_type': 'AES',
                                 'http_port': 80,
                                 'is_support_https': False,
                                 'lv': 2},
            'owner': 'REDACTED_19347acd812465188388075'}}
Initializing 192.168.100.112 of type <class 'kasa.smart.smartdevice.SmartDevice'>
Discovery finished! Found: 1 device(s)
Discovered 1 devices
[DISCOVERY] 192.168.100.112 >> {'system': {'get_sysinfo': {}}}
Waiting a total of 5 seconds for responses...
Using SmartDevice for SMART.TAPOPLUG
Finding protocol for 192.168.100.112
Finding protocol for DeviceFamily.SmartTapoPlug
Finding transport for SMART.AES
Created AES transport for 192.168.100.112
[DISCOVERY] 192.168.100.112 << {'error_code': 0,
 'result': {'device_id': 'REDACTED_c913ec3cd97a6bec2fbb1ee',
            'device_model': 'P100',
            'device_type': 'SMART.TAPOPLUG',
            'factory_default': False,
            'ip': '192.168.100.112',
            'is_support_iot_cloud': True,
            'mac': '74-DA-88-00-00-00',
            'mgt_encrypt_schm': {'encrypt_type': 'AES',
                                 'http_port': 80,
                                 'is_support_https': False,
                                 'lv': 2},
            'owner': 'REDACTED_19347acd812465188388075'}}
Initializing 192.168.100.112 of type <class 'kasa.smart.smartdevice.SmartDevice'>
192.168.100.112 multi-request-batch-1-of-1 >> '{"method":"multipleRequest","request_time_milis":1743673258642,"terminal_uuid":"LB5X+mgGmeZ+0Sp3q5G3KA==","params":{"requests":[{"method":"component_nego"},{"method":"get_device_info"},{"method":"get_connect_cloud_state"}]}}'
Will perform handshaking...
Posting to http://192.168.100.112/app
Unable to query the device: 192.168.100.112, not retrying: ("Unable to query the device: 192.168.100.112: _patch_task.<locals>.task_new_init() got an unexpected keyword argument 'eager_start'", TypeError("_patch_task.<locals>.task_new_init() got an unexpected keyword argument 'eager_start'"))
Discovery started...
Using proactor: IocpProactor
Listening on 127.0.0.1:8080
[DISCOVERY] 255.255.255.255 >> {'system': {'get_sysinfo': {}}}
Waiting 5 seconds for responses...
Using proactor: IocpProactor
Using SmartDevice for SMART.TAPOPLUG
Finding protocol for 192.168.100.112
Finding protocol for DeviceFamily.SmartTapoPlug
Finding transport for SMART.AES
Created AES transport for 192.168.100.112
[DISCOVERY] 192.168.100.112 << {'error_code': 0,
 'result': {'device_id': 'REDACTED_c913ec3cd97a6bec2fbb1ee',
            'device_model': 'P100',
            'device_type': 'SMART.TAPOPLUG',
            'factory_default': False,
            'ip': '192.168.100.112',
            'is_support_iot_cloud': True,
            'mac': '74-DA-88-00-00-00',
            'mgt_encrypt_schm': {'encrypt_type': 'AES',
                                 'http_port': 80,
                                 'is_support_https': False,
                                 'lv': 2},
            'owner': 'REDACTED_19347acd812465188388075'}}
Initializing 192.168.100.112 of type <class 'kasa.smart.smartdevice.SmartDevice'>
Discovery finished! Found: 1 device(s)
Discovered 1 devices
Discovery started...
Using proactor: IocpProactor
Listening on 127.0.0.1:8080
[DISCOVERY] 255.255.255.255 >> {'system': {'get_sysinfo': {}}}
Waiting 5 seconds for responses...
Using proactor: IocpProactor
Using SmartDevice for SMART.TAPOPLUG
Finding protocol for 192.168.100.112
Finding protocol for DeviceFamily.SmartTapoPlug
Finding transport for SMART.AES
Created AES transport for 192.168.100.112
[DISCOVERY] 192.168.100.112 << {'error_code': 0,
 'result': {'device_id': 'REDACTED_c913ec3cd97a6bec2fbb1ee',
            'device_model': 'P100',
            'device_type': 'SMART.TAPOPLUG',
            'factory_default': False,
            'ip': '192.168.100.112',
            'is_support_iot_cloud': True,
            'mac': '74-DA-88-00-00-00',
            'mgt_encrypt_schm': {'encrypt_type': 'AES',
                                 'http_port': 80,
                                 'is_support_https': False,
                                 'lv': 2},
            'owner': 'REDACTED_19347acd812465188388075'}}
Initializing 192.168.100.112 of type <class 'kasa.smart.smartdevice.SmartDevice'>
Discovery finished! Found: 1 device(s)
Discovered 1 devices
[DISCOVERY] 192.168.100.112 >> {'system': {'get_sysinfo': {}}}
Waiting a total of 5 seconds for responses...
Using SmartDevice for SMART.TAPOPLUG
Finding protocol for 192.168.100.112
Finding protocol for DeviceFamily.SmartTapoPlug
Finding transport for SMART.AES
Created AES transport for 192.168.100.112
[DISCOVERY] 192.168.100.112 << {'error_code': 0,
 'result': {'device_id': 'REDACTED_c913ec3cd97a6bec2fbb1ee',
            'device_model': 'P100',
            'device_type': 'SMART.TAPOPLUG',
            'factory_default': False,
            'ip': '192.168.100.112',
            'is_support_iot_cloud': True,
            'mac': '74-DA-88-00-00-00',
            'mgt_encrypt_schm': {'encrypt_type': 'AES',
                                 'http_port': 80,
                                 'is_support_https': False,
                                 'lv': 2},
            'owner': 'REDACTED_19347acd812465188388075'}}
Initializing 192.168.100.112 of type <class 'kasa.smart.smartdevice.SmartDevice'>
192.168.100.112 multi-request-batch-1-of-1 >> '{"method":"multipleRequest","request_time_milis":1743673400615,"terminal_uuid":"xh4QqxXha1ZhlcxpCqIuPw==","params":{"requests":[{"method":"component_nego"},{"method":"get_device_info"},{"method":"get_connect_cloud_state"}]}}'
Will perform handshaking...
Posting to http://192.168.100.112/app
Unable to query the device: 192.168.100.112, not retrying: ("Unable to query the device: 192.168.100.112: _patch_task.<locals>.task_new_init() got an unexpected keyword argument 'eager_start'", TypeError("_patch_task.<locals>.task_new_init() got an unexpected keyword argument 'eager_start'"))
Discovery started...
Using proactor: IocpProactor
Listening on 127.0.0.1:8080
[DISCOVERY] 255.255.255.255 >> {'system': {'get_sysinfo': {}}}
Waiting 5 seconds for responses...
Using proactor: IocpProactor
Using SmartDevice for SMART.TAPOPLUG
Finding protocol for 192.168.100.112
Finding protocol for DeviceFamily.SmartTapoPlug
Finding transport for SMART.AES
Created AES transport for 192.168.100.112
[DISCOVERY] 192.168.100.112 << {'error_code': 0,
 'result': {'device_id': 'REDACTED_c913ec3cd97a6bec2fbb1ee',
            'device_model': 'P100',
            'device_type': 'SMART.TAPOPLUG',
            'factory_default': False,
            'ip': '192.168.100.112',
            'is_support_iot_cloud': True,
            'mac': '74-DA-88-00-00-00',
            'mgt_encrypt_schm': {'encrypt_type': 'AES',
                                 'http_port': 80,
                                 'is_support_https': False,
                                 'lv': 2},
            'owner': 'REDACTED_19347acd812465188388075'}}
Initializing 192.168.100.112 of type <class 'kasa.smart.smartdevice.SmartDevice'>
Discovery finished! Found: 1 device(s)
Discovered 1 devices
[DISCOVERY] 192.168.100.112 >> {'system': {'get_sysinfo': {}}}
Waiting a total of 5 seconds for responses...
Using SmartDevice for SMART.TAPOPLUG
Finding protocol for 192.168.100.112
Finding protocol for DeviceFamily.SmartTapoPlug
Finding transport for SMART.AES
Created AES transport for 192.168.100.112
[DISCOVERY] 192.168.100.112 << {'error_code': 0,
 'result': {'device_id': 'REDACTED_c913ec3cd97a6bec2fbb1ee',
            'device_model': 'P100',
            'device_type': 'SMART.TAPOPLUG',
            'factory_default': False,
            'ip': '192.168.100.112',
            'is_support_iot_cloud': True,
            'mac': '74-DA-88-00-00-00',
            'mgt_encrypt_schm': {'encrypt_type': 'AES',
                                 'http_port': 80,
                                 'is_support_https': False,
                                 'lv': 2},
            'owner': 'REDACTED_19347acd812465188388075'}}
Initializing 192.168.100.112 of type <class 'kasa.smart.smartdevice.SmartDevice'>
192.168.100.112 multi-request-batch-1-of-1 >> '{"method":"multipleRequest","request_time_milis":1743673446398,"terminal_uuid":"Vcu07gYTSPpoIzQoHlpnWA==","params":{"requests":[{"method":"component_nego"},{"method":"get_device_info"},{"method":"get_connect_cloud_state"}]}}'
Will perform handshaking...
Posting to http://192.168.100.112/app
Unable to query the device: 192.168.100.112, not retrying: ("Unable to query the device: 192.168.100.112: _patch_task.<locals>.task_new_init() got an unexpected keyword argument 'eager_start'", TypeError("_patch_task.<locals>.task_new_init() got an unexpected keyword argument 'eager_start'"))
Discovery started...
Using proactor: IocpProactor
Listening on 127.0.0.1:8080
[DISCOVERY] 255.255.255.255 >> {'system': {'get_sysinfo': {}}}
Waiting 5 seconds for responses...
Using proactor: IocpProactor
Using SmartDevice for SMART.TAPOPLUG
Finding protocol for 192.168.100.112
Finding protocol for DeviceFamily.SmartTapoPlug
Finding transport for SMART.AES
Created AES transport for 192.168.100.112
[DISCOVERY] 192.168.100.112 << {'error_code': 0,
 'result': {'device_id': 'REDACTED_c913ec3cd97a6bec2fbb1ee',
            'device_model': 'P100',
            'device_type': 'SMART.TAPOPLUG',
            'factory_default': False,
            'ip': '192.168.100.112',
            'is_support_iot_cloud': True,
            'mac': '74-DA-88-00-00-00',
            'mgt_encrypt_schm': {'encrypt_type': 'AES',
                                 'http_port': 80,
                                 'is_support_https': False,
                                 'lv': 2},
            'owner': 'REDACTED_19347acd812465188388075'}}
Initializing 192.168.100.112 of type <class 'kasa.smart.smartdevice.SmartDevice'>
Discovery finished! Found: 1 device(s)
Discovered 1 devices
[DISCOVERY] 192.168.100.112 >> {'system': {'get_sysinfo': {}}}
Waiting a total of 5 seconds for responses...
Using SmartDevice for SMART.TAPOPLUG
Finding protocol for 192.168.100.112
Finding protocol for DeviceFamily.SmartTapoPlug
Finding transport for SMART.AES
Created AES transport for 192.168.100.112
[DISCOVERY] 192.168.100.112 << {'error_code': 0,
 'result': {'device_id': 'REDACTED_c913ec3cd97a6bec2fbb1ee',
            'device_model': 'P100',
            'device_type': 'SMART.TAPOPLUG',
            'factory_default': False,
            'ip': '192.168.100.112',
            'is_support_iot_cloud': True,
            'mac': '74-DA-88-00-00-00',
            'mgt_encrypt_schm': {'encrypt_type': 'AES',
                                 'http_port': 80,
                                 'is_support_https': False,
                                 'lv': 2},
            'owner': 'REDACTED_19347acd812465188388075'}}
Initializing 192.168.100.112 of type <class 'kasa.smart.smartdevice.SmartDevice'>
192.168.100.112 multi-request-batch-1-of-1 >> '{"method":"multipleRequest","request_time_milis":1743673487999,"terminal_uuid":"ZzO7TZsiRYCIxwih1jlCcA==","params":{"requests":[{"method":"component_nego"},{"method":"get_device_info"},{"method":"get_connect_cloud_state"}]}}'
Will perform handshaking...
Posting to http://192.168.100.112/app
Unable to query the device: 192.168.100.112, not retrying: ("Unable to query the device: 192.168.100.112: _patch_task.<locals>.task_new_init() got an unexpected keyword argument 'eager_start'", TypeError("_patch_task.<locals>.task_new_init() got an unexpected keyword argument 'eager_start'"))
Discovery started...
Listening on 127.0.0.1:8080
Using proactor: IocpProactor
Using proactor: IocpProactor
[DISCOVERY] 255.255.255.255 >> {'system': {'get_sysinfo': {}}}
Waiting 5 seconds for responses...
Using SmartDevice for SMART.TAPOPLUG
Finding protocol for 192.168.100.112
Finding protocol for DeviceFamily.SmartTapoPlug
Finding transport for SMART.AES
Created AES transport for 192.168.100.112
[DISCOVERY] 192.168.100.112 << {'error_code': 0,
 'result': {'device_id': 'REDACTED_c913ec3cd97a6bec2fbb1ee',
            'device_model': 'P100',
            'device_type': 'SMART.TAPOPLUG',
            'factory_default': False,
            'ip': '192.168.100.112',
            'is_support_iot_cloud': True,
            'mac': '74-DA-88-00-00-00',
            'mgt_encrypt_schm': {'encrypt_type': 'AES',
                                 'http_port': 80,
                                 'is_support_https': False,
                                 'lv': 2},
            'owner': 'REDACTED_19347acd812465188388075'}}
Initializing 192.168.100.112 of type <class 'kasa.smart.smartdevice.SmartDevice'>
Discovery finished! Found: 1 device(s)
Discovered 1 devices
Discovery started...
Using proactor: IocpProactor
Listening on 127.0.0.1:8080
[DISCOVERY] 255.255.255.255 >> {'system': {'get_sysinfo': {}}}
Waiting 5 seconds for responses...
Using proactor: IocpProactor
Using SmartDevice for SMART.TAPOPLUG
Finding protocol for 192.168.100.112
Finding protocol for DeviceFamily.SmartTapoPlug
Finding transport for SMART.AES
Created AES transport for 192.168.100.112
[DISCOVERY] 192.168.100.112 << {'error_code': 0,
 'result': {'device_id': 'REDACTED_c913ec3cd97a6bec2fbb1ee',
            'device_model': 'P100',
            'device_type': 'SMART.TAPOPLUG',
            'factory_default': False,
            'ip': '192.168.100.112',
            'is_support_iot_cloud': True,
            'mac': '74-DA-88-00-00-00',
            'mgt_encrypt_schm': {'encrypt_type': 'AES',
                                 'http_port': 80,
                                 'is_support_https': False,
                                 'lv': 2},
            'owner': 'REDACTED_19347acd812465188388075'}}
Initializing 192.168.100.112 of type <class 'kasa.smart.smartdevice.SmartDevice'>
Discovery finished! Found: 1 device(s)
Discovered 1 devices
Discovery started...
Using proactor: IocpProactor
Listening on 127.0.0.1:8080
[DISCOVERY] 255.255.255.255 >> {'system': {'get_sysinfo': {}}}
Waiting 5 seconds for responses...
Using proactor: IocpProactor
Using SmartDevice for SMART.TAPOPLUG
Finding protocol for 192.168.100.112
Finding protocol for DeviceFamily.SmartTapoPlug
Finding transport for SMART.AES
Created AES transport for 192.168.100.112
[DISCOVERY] 192.168.100.112 << {'error_code': 0,
 'result': {'device_id': 'REDACTED_c913ec3cd97a6bec2fbb1ee',
            'device_model': 'P100',
            'device_type': 'SMART.TAPOPLUG',
            'factory_default': False,
            'ip': '192.168.100.112',
            'is_support_iot_cloud': True,
            'mac': '74-DA-88-00-00-00',
            'mgt_encrypt_schm': {'encrypt_type': 'AES',
                                 'http_port': 80,
                                 'is_support_https': False,
                                 'lv': 2},
            'owner': 'REDACTED_19347acd812465188388075'}}
Initializing 192.168.100.112 of type <class 'kasa.smart.smartdevice.SmartDevice'>
Discovery finished! Found: 1 device(s)
Discovered 1 devices
[DISCOVERY] 192.168.100.112 >> {'system': {'get_sysinfo': {}}}
Waiting a total of 5 seconds for responses...
Using SmartDevice for SMART.TAPOPLUG
Finding protocol for 192.168.100.112
Finding protocol for DeviceFamily.SmartTapoPlug
Finding transport for SMART.AES
Created AES transport for 192.168.100.112
[DISCOVERY] 192.168.100.112 << {'error_code': 0,
 'result': {'device_id': 'REDACTED_c913ec3cd97a6bec2fbb1ee',
            'device_model': 'P100',
            'device_type': 'SMART.TAPOPLUG',
            'factory_default': False,
            'ip': '192.168.100.112',
            'is_support_iot_cloud': True,
            'mac': '74-DA-88-00-00-00',
            'mgt_encrypt_schm': {'encrypt_type': 'AES',
                                 'http_port': 80,
                                 'is_support_https': False,
                                 'lv': 2},
            'owner': 'REDACTED_19347acd812465188388075'}}
Initializing 192.168.100.112 of type <class 'kasa.smart.smartdevice.SmartDevice'>
192.168.100.112 multi-request-batch-1-of-1 >> '{"method":"multipleRequest","request_time_milis":1743673938803,"terminal_uuid":"P6DD3V4lg3kjvi4+sMPdnQ==","params":{"requests":[{"method":"component_nego"},{"method":"get_device_info"},{"method":"get_connect_cloud_state"}]}}'
Will perform handshaking...
Posting to http://192.168.100.112/app
Unable to query the device: 192.168.100.112, not retrying: ("Unable to query the device: 192.168.100.112: _patch_task.<locals>.task_new_init() got an unexpected keyword argument 'eager_start'", TypeError("_patch_task.<locals>.task_new_init() got an unexpected keyword argument 'eager_start'"))
Discovery started...
Using proactor: IocpProactor
Listening on 127.0.0.1:8080
[DISCOVERY] 255.255.255.255 >> {'system': {'get_sysinfo': {}}}
Waiting 5 seconds for responses...
Using proactor: IocpProactor
Using SmartDevice for SMART.TAPOPLUG
Finding protocol for 192.168.100.112
Finding protocol for DeviceFamily.SmartTapoPlug
Finding transport for SMART.AES
Created AES transport for 192.168.100.112
[DISCOVERY] 192.168.100.112 << {'error_code': 0,
 'result': {'device_id': 'REDACTED_c913ec3cd97a6bec2fbb1ee',
            'device_model': 'P100',
            'device_type': 'SMART.TAPOPLUG',
            'factory_default': False,
            'ip': '192.168.100.112',
            'is_support_iot_cloud': True,
            'mac': '74-DA-88-00-00-00',
            'mgt_encrypt_schm': {'encrypt_type': 'AES',
                                 'http_port': 80,
                                 'is_support_https': False,
                                 'lv': 2},
            'owner': 'REDACTED_19347acd812465188388075'}}
Initializing 192.168.100.112 of type <class 'kasa.smart.smartdevice.SmartDevice'>
Discovery finished! Found: 1 device(s)
Discovered 1 devices
Discovery started...
Using proactor: IocpProactor
Listening on 127.0.0.1:8080
[DISCOVERY] 255.255.255.255 >> {'system': {'get_sysinfo': {}}}
Waiting 5 seconds for responses...
Using proactor: IocpProactor
Using SmartDevice for SMART.TAPOPLUG
Finding protocol for 192.168.100.112
Finding protocol for DeviceFamily.SmartTapoPlug
Finding transport for SMART.AES
Created AES transport for 192.168.100.112
[DISCOVERY] 192.168.100.112 << {'error_code': 0,
 'result': {'device_id': 'REDACTED_c913ec3cd97a6bec2fbb1ee',
            'device_model': 'P100',
            'device_type': 'SMART.TAPOPLUG',
            'factory_default': False,
            'ip': '192.168.100.112',
            'is_support_iot_cloud': True,
            'mac': '74-DA-88-00-00-00',
            'mgt_encrypt_schm': {'encrypt_type': 'AES',
                                 'http_port': 80,
                                 'is_support_https': False,
                                 'lv': 2},
            'owner': 'REDACTED_19347acd812465188388075'}}
Initializing 192.168.100.112 of type <class 'kasa.smart.smartdevice.SmartDevice'>
Discovery finished! Found: 1 device(s)
Discovered 1 devices
Using proactor: IocpProactor
[DISCOVERY] 192.168.100.112 >> {'system': {'get_sysinfo': {}}}
Waiting a total of 5 seconds for responses...
Using SmartDevice for SMART.TAPOPLUG
Finding protocol for 192.168.100.112
Finding protocol for DeviceFamily.SmartTapoPlug
Finding transport for SMART.AES
Created AES transport for 192.168.100.112
[DISCOVERY] 192.168.100.112 << {'error_code': 0,
 'result': {'device_id': 'REDACTED_c913ec3cd97a6bec2fbb1ee',
            'device_model': 'P100',
            'device_type': 'SMART.TAPOPLUG',
            'factory_default': False,
            'ip': '192.168.100.112',
            'is_support_iot_cloud': True,
            'mac': '74-DA-88-00-00-00',
            'mgt_encrypt_schm': {'encrypt_type': 'AES',
                                 'http_port': 80,
                                 'is_support_https': False,
                                 'lv': 2},
            'owner': 'REDACTED_19347acd812465188388075'}}
Initializing 192.168.100.112 of type <class 'kasa.smart.smartdevice.SmartDevice'>
192.168.100.112 multi-request-batch-1-of-1 >> '{"method":"multipleRequest","request_time_milis":1743674233643,"terminal_uuid":"JdD8j0RfY2b7E0mczkHh5g==","params":{"requests":[{"method":"component_nego"},{"method":"get_device_info"},{"method":"get_connect_cloud_state"}]}}'
Will perform handshaking...
Posting to http://192.168.100.112/app
Generating keypair
Handshake request: {'method': 'handshake', 'params': {'key': '-----BEGIN PUBLIC KEY-----\nMIGfMA0GCSqGSIb3DQEBAQUAA4GNADCBiQKBgQC+hqjmCsCyVi+4xx7/Kjvn6RAEhsTqQo0i4GhuHKzQTXi3FEweQVeHPmru2KU3fERru/mBNUu9xYy9nHatZItKwTjkBETUjIyydS5Hb8MRDmjAWyTLxE/yHeNnWxt7Pc/Kf5AN6jH+df1OSKTnHjf0mzpBXSME42DvpossenqzowIDAQAB\n-----END PUBLIC KEY-----\n'}}
Device responded with: {'error_code': 0, 'result': {'key': 'SHUE+HhXDj9sb3Gce5Ms3dq9IHHMVhP2Ck6b3kwAlyYq7m5JEtaAMxh60P4EOM69ZAEBbmesr1X8qHePAoKlr+T/g6pk5BYRawSewpMU84+GBZ6NRav67r8umFG8boVopxd7Ec5Y6fSGCjHgnrSzBl57LYGxjQ++W45KEI1cWuQ='}}
Handshake with 192.168.100.112 complete
Posting to http://192.168.100.112/app
192.168.100.112: logged in with provided credentials
Posting to http://192.168.100.112/app?token=6D10C71C6ADCB7DA61BA0FB9E4895B88
Device 192.168.100.112 received an os error, enabling sequential request delay: Server disconnected
Device 192.168.100.112 got a connection error, will retry 3 times: ('Device connection error: 192.168.100.112: Server disconnected', ServerDisconnectedError('Server disconnected'))
192.168.100.112 multi-request-batch-1-of-1 >> '{"method":"multipleRequest","request_time_milis":1743674233767,"terminal_uuid":"JdD8j0RfY2b7E0mczkHh5g==","params":{"requests":[{"method":"component_nego"},{"method":"get_device_info"},{"method":"get_connect_cloud_state"}]}}'
Device 192.168.100.112 waiting 0.25 seconds to send request
Posting to http://192.168.100.112/app?token=6D10C71C6ADCB7DA61BA0FB9E4895B88
192.168.100.112 multi-request-batch-1-of-1 << {'error_code': 0,
 'result': {'responses': [{'error_code': 0,
                           'method': 'component_nego',
                           'result': {'component_list': [{'id': 'device',
                                                          'ver_code': 2},
                                                         {'id': 'firmware',
                                                          'ver_code': 1},
                                                         {'id': 'quick_setup',
                                                          'ver_code': 3},
                                                         {'id': 'time',
                                                          'ver_code': 1},
                                                         {'id': 'wireless',
                                                          'ver_code': 1},
                                                         {'id': 'schedule',
                                                          'ver_code': 2},
                                                         {'id': 'countdown',
                                                          'ver_code': 2},
                                                         {'id': 'antitheft',
                                                          'ver_code': 1},
                                                         {'id': 'account',
                                                          'ver_code': 1},
                                                         {'id': 'synchronize',
                                                          'ver_code': 1},
                                                         {'id': 'sunrise_sunset',
                                                          'ver_code': 1},
                                                         {'id': 'led',
                                                          'ver_code': 1},
                                                         {'id': 'cloud_connect',
                                                          'ver_code': 1},
                                                         {'id': 'iot_cloud',
                                                          'ver_code': 1},
                                                         {'id': 'default_states',
                                                          'ver_code': 1}]}},
                          {'error_code': 0,
                           'method': 'get_device_info',
                           'result': {'avatar': 'plug',
                                      'default_states': {'state': {},
                                                         'type': 'last_states'},
                                      'device_id': 'REDACTED_DB80F24B353338FA05BB18C1C486215',
                                      'device_on': True,
                                      'fw_id': 'REDACTED_A25ABDE41405B20C6F98816',
                                      'fw_ver': '1.3.7 Build 20230711 Rel. '
                                                '61904',
                                      'has_set_location_info': True,
                                      'hw_id': 'REDACTED_5B29645B8150C392284029D',
                                      'hw_ver': '1.0.0',
                                      'ip': '192.168.100.112',
                                      'lang': 'it_IT',
                                      'latitude': 0,
                                      'location': '',
                                      'longitude': 0,
                                      'mac': '74-DA-88-00-00-00',
                                      'model': 'P100',
                                      'nickname': 'I01BU0tFRF9OQU1FIw==',
                                      'oem_id': 'REDACTED_06C60A9AEEA36A3347B6EBC',
                                      'on_time': 2716,
                                      'overheated': False,
                                      'region': 'Europe/Rome',
                                      'rssi': -39,
                                      'signal_level': 3,
                                      'specs': 'EU',
                                      'ssid': 'I01BU0tFRF9TU0lEIw==',
                                      'time_diff': 60,
                                      'type': 'SMART.TAPOPLUG'}},
                          {'error_code': 0,
                           'method': 'get_connect_cloud_state',
                           'result': {'status': 0}}]}}
Device 192.168.100.112, found required cloud_connect, adding Cloud to modules.
Device 192.168.100.112, found required device, adding DeviceModule to modules.
Device 192.168.100.112, found required firmware, adding Firmware to modules.
Device 192.168.100.112, found required led, adding Led to modules.
Device 192.168.100.112, found required None, adding OverheatProtection to modules.
Device 192.168.100.112, found required time, adding Time to modules.
Querying 192.168.100.112 for modules: Time, Led
192.168.100.112 multi-request-batch-1-of-1 >> '{"method":"multipleRequest","request_time_milis":1743674234107,"terminal_uuid":"JdD8j0RfY2b7E0mczkHh5g==","params":{"requests":[{"method":"get_device_time"},{"method":"get_led_info"}]}}'
Device 192.168.100.112 waiting 0.25 seconds to send request
Posting to http://192.168.100.112/app?token=6D10C71C6ADCB7DA61BA0FB9E4895B88
192.168.100.112 multi-request-batch-1-of-1 << {'error_code': 0,
 'result': {'responses': [{'error_code': 0,
                           'method': 'get_device_time',
                           'result': {'region': 'Europe/Rome',
                                      'time_diff': 60,
                                      'timestamp': 1743674230}},
                          {'error_code': 0,
                           'method': 'get_led_info',
                           'result': {'led_rule': 'always',
                                      'led_status': True,
                                      'night_mode': {'end_time': 0,
                                                     'night_mode_type': 'unknown',
                                                     'start_time': 0,
                                                     'sunrise_offset': 0,
                                                     'sunset_offset': 0}}}]}}
Update completed 192.168.100.112: ['component_nego', 'get_device_info', 'get_connect_cloud_state', 'get_device_time', 'get_led_info']
Discovery started...
Using proactor: IocpProactor
Listening on 127.0.0.1:8080
[DISCOVERY] 255.255.255.255 >> {'system': {'get_sysinfo': {}}}
Waiting 5 seconds for responses...
Using proactor: IocpProactor
Using SmartDevice for SMART.TAPOPLUG
Finding protocol for 192.168.100.112
Finding protocol for DeviceFamily.SmartTapoPlug
Finding transport for SMART.AES
Created AES transport for 192.168.100.112
[DISCOVERY] 192.168.100.112 << {'error_code': 0,
 'result': {'device_id': 'REDACTED_c913ec3cd97a6bec2fbb1ee',
            'device_model': 'P100',
            'device_type': 'SMART.TAPOPLUG',
            'factory_default': False,
            'ip': '192.168.100.112',
            'is_support_iot_cloud': True,
            'mac': '74-DA-88-00-00-00',
            'mgt_encrypt_schm': {'encrypt_type': 'AES',
                                 'http_port': 80,
                                 'is_support_https': False,
                                 'lv': 2},
            'owner': 'REDACTED_19347acd812465188388075'}}
Initializing 192.168.100.112 of type <class 'kasa.smart.smartdevice.SmartDevice'>
Discovery finished! Found: 1 device(s)
Discovered 1 devices
[DISCOVERY] 192.168.100.112 >> {'system': {'get_sysinfo': {}}}
Waiting a total of 5 seconds for responses...
Using SmartDevice for SMART.TAPOPLUG
Finding protocol for 192.168.100.112
Finding protocol for DeviceFamily.SmartTapoPlug
Finding transport for SMART.AES
Created AES transport for 192.168.100.112
[DISCOVERY] 192.168.100.112 << {'error_code': 0,
 'result': {'device_id': 'REDACTED_c913ec3cd97a6bec2fbb1ee',
            'device_model': 'P100',
            'device_type': 'SMART.TAPOPLUG',
            'factory_default': False,
            'ip': '192.168.100.112',
            'is_support_iot_cloud': True,
            'mac': '74-DA-88-00-00-00',
            'mgt_encrypt_schm': {'encrypt_type': 'AES',
                                 'http_port': 80,
                                 'is_support_https': False,
                                 'lv': 2},
            'owner': 'REDACTED_19347acd812465188388075'}}
Initializing 192.168.100.112 of type <class 'kasa.smart.smartdevice.SmartDevice'>
192.168.100.112 multi-request-batch-1-of-1 >> '{"method":"multipleRequest","request_time_milis":1743674268358,"terminal_uuid":"1AyHOHMqkD/gxfbVsuuSBg==","params":{"requests":[{"method":"component_nego"},{"method":"get_device_info"},{"method":"get_connect_cloud_state"}]}}'
Will perform handshaking...
Posting to http://192.168.100.112/app
Unable to query the device: 192.168.100.112, not retrying: ("Unable to query the device: 192.168.100.112: _patch_task.<locals>.task_new_init() got an unexpected keyword argument 'eager_start'", TypeError("_patch_task.<locals>.task_new_init() got an unexpected keyword argument 'eager_start'"))
Discovery started...
Using proactor: IocpProactor
Listening on 127.0.0.1:8080
[DISCOVERY] 255.255.255.255 >> {'system': {'get_sysinfo': {}}}
Waiting 5 seconds for responses...
Using proactor: IocpProactor
Using SmartDevice for SMART.TAPOPLUG
Finding protocol for 192.168.100.112
Finding protocol for DeviceFamily.SmartTapoPlug
Finding transport for SMART.AES
Created AES transport for 192.168.100.112
[DISCOVERY] 192.168.100.112 << {'error_code': 0,
 'result': {'device_id': 'REDACTED_c913ec3cd97a6bec2fbb1ee',
            'device_model': 'P100',
            'device_type': 'SMART.TAPOPLUG',
            'factory_default': False,
            'ip': '192.168.100.112',
            'is_support_iot_cloud': True,
            'mac': '74-DA-88-00-00-00',
            'mgt_encrypt_schm': {'encrypt_type': 'AES',
                                 'http_port': 80,
                                 'is_support_https': False,
                                 'lv': 2},
            'owner': 'REDACTED_19347acd812465188388075'}}
Initializing 192.168.100.112 of type <class 'kasa.smart.smartdevice.SmartDevice'>
Discovery finished! Found: 1 device(s)
Discovered 1 devices
Using proactor: IocpProactor
[DISCOVERY] 192.168.100.112 >> {'system': {'get_sysinfo': {}}}
Waiting a total of 5 seconds for responses...
Using SmartDevice for SMART.TAPOPLUG
Finding protocol for 192.168.100.112
Finding protocol for DeviceFamily.SmartTapoPlug
Finding transport for SMART.AES
Created AES transport for 192.168.100.112
[DISCOVERY] 192.168.100.112 << {'error_code': 0,
 'result': {'device_id': 'REDACTED_c913ec3cd97a6bec2fbb1ee',
            'device_model': 'P100',
            'device_type': 'SMART.TAPOPLUG',
            'factory_default': False,
            'ip': '192.168.100.112',
            'is_support_iot_cloud': True,
            'mac': '74-DA-88-00-00-00',
            'mgt_encrypt_schm': {'encrypt_type': 'AES',
                                 'http_port': 80,
                                 'is_support_https': False,
                                 'lv': 2},
            'owner': 'REDACTED_19347acd812465188388075'}}
Initializing 192.168.100.112 of type <class 'kasa.smart.smartdevice.SmartDevice'>
192.168.100.112 multi-request-batch-1-of-1 >> '{"method":"multipleRequest","request_time_milis":1743674301506,"terminal_uuid":"4Yhn1LVrA+J7b+tRBvs+6Q==","params":{"requests":[{"method":"component_nego"},{"method":"get_device_info"},{"method":"get_connect_cloud_state"}]}}'
Will perform handshaking...
Posting to http://192.168.100.112/app
Generating keypair
Handshake request: {'method': 'handshake', 'params': {'key': '-----BEGIN PUBLIC KEY-----\nMIGfMA0GCSqGSIb3DQEBAQUAA4GNADCBiQKBgQC5SctEajQrjLF3cS1ca6lbFcIDUKLIaeTf50PHoFZJVLhDMmPHtepx+HF8/C7YemHvjDmOWlSDKcOEpR2UwnOkSUdGhkr1aD1gCqOsZ7Rpkr/Q3QpJlyDcD3h1X9xvpZsGD8v2q0P8ReZnLzy2sB6+bWFBwOj++soW9FWx0Gna3wIDAQAB\n-----END PUBLIC KEY-----\n'}}
Device responded with: {'error_code': 0, 'result': {'key': 'nGUT2a1ACEZbbBgfgZZg9S4UnGHexEnmwocaLJuIcgrao8QEf385O3Ieq/6XDQZYCurIPXseU8XGDAdlUnfGeDxpYb3RRwkCHkZS0CyR3w3/GEhOYQFhVrS1TMvafxLALoMWTjiIsSPP4ZhsJUIq3uA8auO+zSH8TFzObqHrXYE='}}
Handshake with 192.168.100.112 complete
Posting to http://192.168.100.112/app
192.168.100.112: logged in with provided credentials
Posting to http://192.168.100.112/app?token=CC729B7EE9BECAB8FBD8EADBFAEBF2EA
Device 192.168.100.112 received an os error, enabling sequential request delay: Server disconnected
Device 192.168.100.112 got a connection error, will retry 3 times: ('Device connection error: 192.168.100.112: Server disconnected', ServerDisconnectedError('Server disconnected'))
192.168.100.112 multi-request-batch-1-of-1 >> '{"method":"multipleRequest","request_time_milis":1743674301643,"terminal_uuid":"4Yhn1LVrA+J7b+tRBvs+6Q==","params":{"requests":[{"method":"component_nego"},{"method":"get_device_info"},{"method":"get_connect_cloud_state"}]}}'
Device 192.168.100.112 waiting 0.25 seconds to send request
Posting to http://192.168.100.112/app?token=CC729B7EE9BECAB8FBD8EADBFAEBF2EA
192.168.100.112 multi-request-batch-1-of-1 << {'error_code': 0,
 'result': {'responses': [{'error_code': 0,
                           'method': 'component_nego',
                           'result': {'component_list': [{'id': 'device',
                                                          'ver_code': 2},
                                                         {'id': 'firmware',
                                                          'ver_code': 1},
                                                         {'id': 'quick_setup',
                                                          'ver_code': 3},
                                                         {'id': 'time',
                                                          'ver_code': 1},
                                                         {'id': 'wireless',
                                                          'ver_code': 1},
                                                         {'id': 'schedule',
                                                          'ver_code': 2},
                                                         {'id': 'countdown',
                                                          'ver_code': 2},
                                                         {'id': 'antitheft',
                                                          'ver_code': 1},
                                                         {'id': 'account',
                                                          'ver_code': 1},
                                                         {'id': 'synchronize',
                                                          'ver_code': 1},
                                                         {'id': 'sunrise_sunset',
                                                          'ver_code': 1},
                                                         {'id': 'led',
                                                          'ver_code': 1},
                                                         {'id': 'cloud_connect',
                                                          'ver_code': 1},
                                                         {'id': 'iot_cloud',
                                                          'ver_code': 1},
                                                         {'id': 'default_states',
                                                          'ver_code': 1}]}},
                          {'error_code': 0,
                           'method': 'get_device_info',
                           'result': {'avatar': 'plug',
                                      'default_states': {'state': {},
                                                         'type': 'last_states'},
                                      'device_id': 'REDACTED_DB80F24B353338FA05BB18C1C486215',
                                      'device_on': True,
                                      'fw_id': 'REDACTED_A25ABDE41405B20C6F98816',
                                      'fw_ver': '1.3.7 Build 20230711 Rel. '
                                                '61904',
                                      'has_set_location_info': True,
                                      'hw_id': 'REDACTED_5B29645B8150C392284029D',
                                      'hw_ver': '1.0.0',
                                      'ip': '192.168.100.112',
                                      'lang': 'it_IT',
                                      'latitude': 0,
                                      'location': '',
                                      'longitude': 0,
                                      'mac': '74-DA-88-00-00-00',
                                      'model': 'P100',
                                      'nickname': 'I01BU0tFRF9OQU1FIw==',
                                      'oem_id': 'REDACTED_06C60A9AEEA36A3347B6EBC',
                                      'on_time': 2784,
                                      'overheated': False,
                                      'region': 'Europe/Rome',
                                      'rssi': -40,
                                      'signal_level': 3,
                                      'specs': 'EU',
                                      'ssid': 'I01BU0tFRF9TU0lEIw==',
                                      'time_diff': 60,
                                      'type': 'SMART.TAPOPLUG'}},
                          {'error_code': 0,
                           'method': 'get_connect_cloud_state',
                           'result': {'status': 0}}]}}
Device 192.168.100.112, found required cloud_connect, adding Cloud to modules.
Device 192.168.100.112, found required device, adding DeviceModule to modules.
Device 192.168.100.112, found required firmware, adding Firmware to modules.
Device 192.168.100.112, found required led, adding Led to modules.
Device 192.168.100.112, found required None, adding OverheatProtection to modules.
Device 192.168.100.112, found required time, adding Time to modules.
Querying 192.168.100.112 for modules: Time, Led
192.168.100.112 multi-request-batch-1-of-1 >> '{"method":"multipleRequest","request_time_milis":1743674301990,"terminal_uuid":"4Yhn1LVrA+J7b+tRBvs+6Q==","params":{"requests":[{"method":"get_device_time"},{"method":"get_led_info"}]}}'
Device 192.168.100.112 waiting 0.23400000005494803 seconds to send request
Posting to http://192.168.100.112/app?token=CC729B7EE9BECAB8FBD8EADBFAEBF2EA
192.168.100.112 multi-request-batch-1-of-1 << {'error_code': 0,
 'result': {'responses': [{'error_code': 0,
                           'method': 'get_device_time',
                           'result': {'region': 'Europe/Rome',
                                      'time_diff': 60,
                                      'timestamp': 1743674297}},
                          {'error_code': 0,
                           'method': 'get_led_info',
                           'result': {'led_rule': 'always',
                                      'led_status': True,
                                      'night_mode': {'end_time': 0,
                                                     'night_mode_type': 'unknown',
                                                     'start_time': 0,
                                                     'sunrise_offset': 0,
                                                     'sunset_offset': 0}}}]}}
Update completed 192.168.100.112: ['component_nego', 'get_device_info', 'get_connect_cloud_state', 'get_device_time', 'get_led_info']
Discovery started...
Using proactor: IocpProactor
Listening on 127.0.0.1:8080
[DISCOVERY] 255.255.255.255 >> {'system': {'get_sysinfo': {}}}
Waiting 5 seconds for responses...
Using proactor: IocpProactor
Using SmartDevice for SMART.TAPOPLUG
Finding protocol for 192.168.100.112
Finding protocol for DeviceFamily.SmartTapoPlug
Finding transport for SMART.AES
Created AES transport for 192.168.100.112
[DISCOVERY] 192.168.100.112 << {'error_code': 0,
 'result': {'device_id': 'REDACTED_c913ec3cd97a6bec2fbb1ee',
            'device_model': 'P100',
            'device_type': 'SMART.TAPOPLUG',
            'factory_default': False,
            'ip': '192.168.100.112',
            'is_support_iot_cloud': True,
            'mac': '74-DA-88-00-00-00',
            'mgt_encrypt_schm': {'encrypt_type': 'AES',
                                 'http_port': 80,
                                 'is_support_https': False,
                                 'lv': 2},
            'owner': 'REDACTED_19347acd812465188388075'}}
Initializing 192.168.100.112 of type <class 'kasa.smart.smartdevice.SmartDevice'>
Discovery finished! Found: 1 device(s)
Discovered 1 devices
Using proactor: IocpProactor
[DISCOVERY] 192.168.100.112 >> {'system': {'get_sysinfo': {}}}
Waiting a total of 5 seconds for responses...
Using SmartDevice for SMART.TAPOPLUG
Finding protocol for 192.168.100.112
Finding protocol for DeviceFamily.SmartTapoPlug
Finding transport for SMART.AES
Created AES transport for 192.168.100.112
[DISCOVERY] 192.168.100.112 << {'error_code': 0,
 'result': {'device_id': 'REDACTED_c913ec3cd97a6bec2fbb1ee',
            'device_model': 'P100',
            'device_type': 'SMART.TAPOPLUG',
            'factory_default': False,
            'ip': '192.168.100.112',
            'is_support_iot_cloud': True,
            'mac': '74-DA-88-00-00-00',
            'mgt_encrypt_schm': {'encrypt_type': 'AES',
                                 'http_port': 80,
                                 'is_support_https': False,
                                 'lv': 2},
            'owner': 'REDACTED_19347acd812465188388075'}}
Initializing 192.168.100.112 of type <class 'kasa.smart.smartdevice.SmartDevice'>
192.168.100.112 multi-request-batch-1-of-1 >> '{"method":"multipleRequest","request_time_milis":1743674610861,"terminal_uuid":"A0uCeh3B4Z9Umoof8+Q57A==","params":{"requests":[{"method":"component_nego"},{"method":"get_device_info"},{"method":"get_connect_cloud_state"}]}}'
Will perform handshaking...
Posting to http://192.168.100.112/app
Generating keypair
Handshake request: {'method': 'handshake', 'params': {'key': '-----BEGIN PUBLIC KEY-----\nMIGfMA0GCSqGSIb3DQEBAQUAA4GNADCBiQKBgQDtHsAkX73Wdd3Y9F78bjLB39sodu5Sw9D1EVbgzNvkH4Fu7fYNjGliMxgGcXQOMtyta+PoAEHiLB+NZUHeiENWmVC71jh98sNKtWYCEgj2w905J0utsKJemw1nGlWN4LRYG9U0PqcQUM16n9s7jLLzzjIqQ9tWRYeDh5iIGMF4wwIDAQAB\n-----END PUBLIC KEY-----\n'}}
Device responded with: {'error_code': 0, 'result': {'key': 'QaR3+wrfUwIFCrAbmHt1mGsk64160P0eMcZVSxZS7taFTVOLnGQMap/jO0s0PIVquMTCST8UmTGRyTh4oPNhKcG4sM1MlkCS1B6f2YNf3rUVHj3wkiVkaJK9Z+cbjkSUBAKqEz9h7HZqKOKXcKlMKX0zEwL0k9O3myQy/voGorQ='}}
Handshake with 192.168.100.112 complete
Posting to http://192.168.100.112/app
192.168.100.112: logged in with provided credentials
Posting to http://192.168.100.112/app?token=D9F081F303C327C26ED2FCD2D0D219D2
Device 192.168.100.112 received an os error, enabling sequential request delay: Server disconnected
Device 192.168.100.112 got a connection error, will retry 3 times: ('Device connection error: 192.168.100.112: Server disconnected', ServerDisconnectedError('Server disconnected'))
192.168.100.112 multi-request-batch-1-of-1 >> '{"method":"multipleRequest","request_time_milis":1743674610983,"terminal_uuid":"A0uCeh3B4Z9Umoof8+Q57A==","params":{"requests":[{"method":"component_nego"},{"method":"get_device_info"},{"method":"get_connect_cloud_state"}]}}'
Device 192.168.100.112 waiting 0.25 seconds to send request
Posting to http://192.168.100.112/app?token=D9F081F303C327C26ED2FCD2D0D219D2
192.168.100.112 multi-request-batch-1-of-1 << {'error_code': 0,
 'result': {'responses': [{'error_code': 0,
                           'method': 'component_nego',
                           'result': {'component_list': [{'id': 'device',
                                                          'ver_code': 2},
                                                         {'id': 'firmware',
                                                          'ver_code': 1},
                                                         {'id': 'quick_setup',
                                                          'ver_code': 3},
                                                         {'id': 'time',
                                                          'ver_code': 1},
                                                         {'id': 'wireless',
                                                          'ver_code': 1},
                                                         {'id': 'schedule',
                                                          'ver_code': 2},
                                                         {'id': 'countdown',
                                                          'ver_code': 2},
                                                         {'id': 'antitheft',
                                                          'ver_code': 1},
                                                         {'id': 'account',
                                                          'ver_code': 1},
                                                         {'id': 'synchronize',
                                                          'ver_code': 1},
                                                         {'id': 'sunrise_sunset',
                                                          'ver_code': 1},
                                                         {'id': 'led',
                                                          'ver_code': 1},
                                                         {'id': 'cloud_connect',
                                                          'ver_code': 1},
                                                         {'id': 'iot_cloud',
                                                          'ver_code': 1},
                                                         {'id': 'default_states',
                                                          'ver_code': 1}]}},
                          {'error_code': 0,
                           'method': 'get_device_info',
                           'result': {'avatar': 'plug',
                                      'default_states': {'state': {},
                                                         'type': 'last_states'},
                                      'device_id': 'REDACTED_DB80F24B353338FA05BB18C1C486215',
                                      'device_on': True,
                                      'fw_id': 'REDACTED_A25ABDE41405B20C6F98816',
                                      'fw_ver': '1.3.7 Build 20230711 Rel. '
                                                '61904',
                                      'has_set_location_info': True,
                                      'hw_id': 'REDACTED_5B29645B8150C392284029D',
                                      'hw_ver': '1.0.0',
                                      'ip': '192.168.100.112',
                                      'lang': 'it_IT',
                                      'latitude': 0,
                                      'location': '',
                                      'longitude': 0,
                                      'mac': '74-DA-88-00-00-00',
                                      'model': 'P100',
                                      'nickname': 'I01BU0tFRF9OQU1FIw==',
                                      'oem_id': 'REDACTED_06C60A9AEEA36A3347B6EBC',
                                      'on_time': 3093,
                                      'overheated': False,
                                      'region': 'Europe/Rome',
                                      'rssi': -40,
                                      'signal_level': 3,
                                      'specs': 'EU',
                                      'ssid': 'I01BU0tFRF9TU0lEIw==',
                                      'time_diff': 60,
                                      'type': 'SMART.TAPOPLUG'}},
                          {'error_code': 0,
                           'method': 'get_connect_cloud_state',
                           'result': {'status': 0}}]}}
Device 192.168.100.112, found required cloud_connect, adding Cloud to modules.
Device 192.168.100.112, found required device, adding DeviceModule to modules.
Device 192.168.100.112, found required firmware, adding Firmware to modules.
Device 192.168.100.112, found required led, adding Led to modules.
Device 192.168.100.112, found required None, adding OverheatProtection to modules.
Device 192.168.100.112, found required time, adding Time to modules.
Querying 192.168.100.112 for modules: Time, Led
192.168.100.112 multi-request-batch-1-of-1 >> '{"method":"multipleRequest","request_time_milis":1743674611324,"terminal_uuid":"A0uCeh3B4Z9Umoof8+Q57A==","params":{"requests":[{"method":"get_device_time"},{"method":"get_led_info"}]}}'
Device 192.168.100.112 waiting 0.25 seconds to send request
Posting to http://192.168.100.112/app?token=D9F081F303C327C26ED2FCD2D0D219D2
192.168.100.112 multi-request-batch-1-of-1 << {'error_code': 0,
 'result': {'responses': [{'error_code': 0,
                           'method': 'get_device_time',
                           'result': {'region': 'Europe/Rome',
                                      'time_diff': 60,
                                      'timestamp': 1743674607}},
                          {'error_code': 0,
                           'method': 'get_led_info',
                           'result': {'led_rule': 'always',
                                      'led_status': True,
                                      'night_mode': {'end_time': 0,
                                                     'night_mode_type': 'unknown',
                                                     'start_time': 0,
                                                     'sunrise_offset': 0,
                                                     'sunset_offset': 0}}}]}}
Update completed 192.168.100.112: ['component_nego', 'get_device_info', 'get_connect_cloud_state', 'get_device_time', 'get_led_info']
Unclosed client session
client_session: <aiohttp.client.ClientSession object at 0x000002F04856C080>
Exception in default exception handler
Traceback (most recent call last):
  File "C:\Users\Davide\AppData\Local\Programs\Python\Python312\Lib\asyncio\base_events.py", line 1847, in call_exception_handler
    self.default_exception_handler(context)
  File "C:\Users\Davide\AppData\Local\Programs\Python\Python312\Lib\asyncio\base_events.py", line 1821, in default_exception_handler
    logger.error('\n'.join(log_lines), exc_info=exc_info)
  File "C:\Users\Davide\AppData\Local\Programs\Python\Python312\Lib\logging\__init__.py", line 1568, in error
    self._log(ERROR, msg, args, **kwargs)
  File "C:\Users\Davide\AppData\Local\Programs\Python\Python312\Lib\logging\__init__.py", line 1684, in _log
    self.handle(record)
  File "C:\Users\Davide\AppData\Local\Programs\Python\Python312\Lib\logging\__init__.py", line 1700, in handle
    self.callHandlers(record)
  File "C:\Users\Davide\AppData\Local\Programs\Python\Python312\Lib\logging\__init__.py", line 1762, in callHandlers
    hdlr.handle(record)
  File "C:\Users\Davide\Desktop\ServerSmartPlug\log_manager.py", line 16, in handle
    listener(record)
  File "C:\Users\Davide\Desktop\ServerSmartPlug\gui\windows.py", line 25, in _add_console_line
    self.console_text.configure(state='normal')
  File "C:\Users\Davide\AppData\Local\Programs\Python\Python312\Lib\tkinter\__init__.py", line 1722, in configure
    return self._configure('configure', cnf, kw)
           ^^^^^^^^^^^^^^^^^^^^^^^^^^^^^^^^^^^^^
  File "C:\Users\Davide\AppData\Local\Programs\Python\Python312\Lib\tkinter\__init__.py", line 1712, in _configure
    self.tk.call(_flatten((self._w, cmd)) + self._options(cnf))
_tkinter.TclError: invalid command name ".!frame4.!frame.!text"
Unclosed connector
connections: ['deque([(<aiohttp.client_proto.ResponseHandler object at 0x000002F048577B30>, 848167.375)])']
connector: <aiohttp.connector.TCPConnector object at 0x000002F04856C050>
Exception in default exception handler
Traceback (most recent call last):
  File "C:\Users\Davide\AppData\Local\Programs\Python\Python312\Lib\asyncio\base_events.py", line 1847, in call_exception_handler
    self.default_exception_handler(context)
  File "C:\Users\Davide\AppData\Local\Programs\Python\Python312\Lib\asyncio\base_events.py", line 1821, in default_exception_handler
    logger.error('\n'.join(log_lines), exc_info=exc_info)
  File "C:\Users\Davide\AppData\Local\Programs\Python\Python312\Lib\logging\__init__.py", line 1568, in error
    self._log(ERROR, msg, args, **kwargs)
  File "C:\Users\Davide\AppData\Local\Programs\Python\Python312\Lib\logging\__init__.py", line 1684, in _log
    self.handle(record)
  File "C:\Users\Davide\AppData\Local\Programs\Python\Python312\Lib\logging\__init__.py", line 1700, in handle
    self.callHandlers(record)
  File "C:\Users\Davide\AppData\Local\Programs\Python\Python312\Lib\logging\__init__.py", line 1762, in callHandlers
    hdlr.handle(record)
  File "C:\Users\Davide\Desktop\ServerSmartPlug\log_manager.py", line 16, in handle
    listener(record)
  File "C:\Users\Davide\Desktop\ServerSmartPlug\gui\windows.py", line 25, in _add_console_line
    self.console_text.configure(state='normal')
  File "C:\Users\Davide\AppData\Local\Programs\Python\Python312\Lib\tkinter\__init__.py", line 1722, in configure
    return self._configure('configure', cnf, kw)
           ^^^^^^^^^^^^^^^^^^^^^^^^^^^^^^^^^^^^^
  File "C:\Users\Davide\AppData\Local\Programs\Python\Python312\Lib\tkinter\__init__.py", line 1712, in _configure
    self.tk.call(_flatten((self._w, cmd)) + self._options(cnf))
_tkinter.TclError: invalid command name ".!frame4.!frame.!text"
Discovery started...
Using proactor: IocpProactor
Listening on 127.0.0.1:8080
[DISCOVERY] 255.255.255.255 >> {'system': {'get_sysinfo': {}}}
Waiting 5 seconds for responses...
Using proactor: IocpProactor
Using SmartDevice for SMART.TAPOPLUG
Finding protocol for 192.168.100.112
Finding protocol for DeviceFamily.SmartTapoPlug
Finding transport for SMART.AES
Created AES transport for 192.168.100.112
[DISCOVERY] 192.168.100.112 << {'error_code': 0,
 'result': {'device_id': 'REDACTED_c913ec3cd97a6bec2fbb1ee',
            'device_model': 'P100',
            'device_type': 'SMART.TAPOPLUG',
            'factory_default': False,
            'ip': '192.168.100.112',
            'is_support_iot_cloud': True,
            'mac': '74-DA-88-00-00-00',
            'mgt_encrypt_schm': {'encrypt_type': 'AES',
                                 'http_port': 80,
                                 'is_support_https': False,
                                 'lv': 2},
            'owner': 'REDACTED_19347acd812465188388075'}}
Initializing 192.168.100.112 of type <class 'kasa.smart.smartdevice.SmartDevice'>
Discovery started...
Using proactor: IocpProactor
Listening on 127.0.0.1:8080
[DISCOVERY] 255.255.255.255 >> {'system': {'get_sysinfo': {}}}
Waiting 5 seconds for responses...
Using SmartDevice for SMART.TAPOPLUG
Finding protocol for 192.168.100.112
Finding protocol for DeviceFamily.SmartTapoPlug
Finding transport for SMART.AES
Created AES transport for 192.168.100.112
[DISCOVERY] 192.168.100.112 << {'error_code': 0,
 'result': {'device_id': 'REDACTED_c913ec3cd97a6bec2fbb1ee',
            'device_model': 'P100',
            'device_type': 'SMART.TAPOPLUG',
            'factory_default': False,
            'ip': '192.168.100.112',
            'is_support_iot_cloud': True,
            'mac': '74-DA-88-00-00-00',
            'mgt_encrypt_schm': {'encrypt_type': 'AES',
                                 'http_port': 80,
                                 'is_support_https': False,
                                 'lv': 2},
            'owner': 'REDACTED_19347acd812465188388075'}}
Initializing 192.168.100.112 of type <class 'kasa.smart.smartdevice.SmartDevice'>
Using proactor: IocpProactor
Discovery finished! Found: 1 device(s)
Discovered 1 devices
Using proactor: IocpProactor
[DISCOVERY] 192.168.100.112 >> {'system': {'get_sysinfo': {}}}
Waiting a total of 5 seconds for responses...
Using SmartDevice for SMART.TAPOPLUG
Finding protocol for 192.168.100.112
Finding protocol for DeviceFamily.SmartTapoPlug
Finding transport for SMART.AES
Created AES transport for 192.168.100.112
[DISCOVERY] 192.168.100.112 << {'error_code': 0,
 'result': {'device_id': 'REDACTED_c913ec3cd97a6bec2fbb1ee',
            'device_model': 'P100',
            'device_type': 'SMART.TAPOPLUG',
            'factory_default': False,
            'ip': '192.168.100.112',
            'is_support_iot_cloud': True,
            'mac': '74-DA-88-00-00-00',
            'mgt_encrypt_schm': {'encrypt_type': 'AES',
                                 'http_port': 80,
                                 'is_support_https': False,
                                 'lv': 2},
            'owner': 'REDACTED_19347acd812465188388075'}}
Initializing 192.168.100.112 of type <class 'kasa.smart.smartdevice.SmartDevice'>
192.168.100.112 multi-request-batch-1-of-1 >> '{"method":"multipleRequest","request_time_milis":1743674648503,"terminal_uuid":"zKquF35aJgLFEjUvsNEoWg==","params":{"requests":[{"method":"component_nego"},{"method":"get_device_info"},{"method":"get_connect_cloud_state"}]}}'
Will perform handshaking...
Posting to http://192.168.100.112/app
Generating keypair
Handshake request: {'method': 'handshake', 'params': {'key': '-----BEGIN PUBLIC KEY-----\nMIGfMA0GCSqGSIb3DQEBAQUAA4GNADCBiQKBgQDCoLYOWHBgxoK7jUD2v2sUNkEtxFhVAXX7kiM/LkZdGlzCSc/HvXf22ZGRx2Z7lYkijRgSf2dKDDCYjKXENIaWWXlPqodyfXlqqMsXBqXFl1Cffar2PjVMT6d4aVxEd5bO4SS2K+HTZ3G0ocTgR+DdI8ewReMTgCVy6IRIlGNE8QIDAQAB\n-----END PUBLIC KEY-----\n'}}
Device responded with: {'error_code': 0, 'result': {'key': 'qB4nuQMZLZx7D6hTAixvCrGaQkPEK9S58DidD5NZxWXqY+1/EJtDvEEptDqxWFIZebVHCupjUFw/rmF9wDrC/Wh+0fzFWEgV4ktjGP2NIWy0t2dyop0RTM/bWQcvDSQEvuatG1qmm+z6oNxBtiT2NWhwaHDGRLugonb2SW2gadk='}}
Handshake with 192.168.100.112 complete
Posting to http://192.168.100.112/app
192.168.100.112: logged in with provided credentials
Posting to http://192.168.100.112/app?token=8C337C3F7BFF03F98099B49AF5AAE7AB
Device 192.168.100.112 received an os error, enabling sequential request delay: Server disconnected
Device 192.168.100.112 got a connection error, will retry 3 times: ('Device connection error: 192.168.100.112: Server disconnected', ServerDisconnectedError('Server disconnected'))
192.168.100.112 multi-request-batch-1-of-1 >> '{"method":"multipleRequest","request_time_milis":1743674648624,"terminal_uuid":"zKquF35aJgLFEjUvsNEoWg==","params":{"requests":[{"method":"component_nego"},{"method":"get_device_info"},{"method":"get_connect_cloud_state"}]}}'
Device 192.168.100.112 waiting 0.25 seconds to send request
Posting to http://192.168.100.112/app?token=8C337C3F7BFF03F98099B49AF5AAE7AB
192.168.100.112 multi-request-batch-1-of-1 << {'error_code': 0,
 'result': {'responses': [{'error_code': 0,
                           'method': 'component_nego',
                           'result': {'component_list': [{'id': 'device',
                                                          'ver_code': 2},
                                                         {'id': 'firmware',
                                                          'ver_code': 1},
                                                         {'id': 'quick_setup',
                                                          'ver_code': 3},
                                                         {'id': 'time',
                                                          'ver_code': 1},
                                                         {'id': 'wireless',
                                                          'ver_code': 1},
                                                         {'id': 'schedule',
                                                          'ver_code': 2},
                                                         {'id': 'countdown',
                                                          'ver_code': 2},
                                                         {'id': 'antitheft',
                                                          'ver_code': 1},
                                                         {'id': 'account',
                                                          'ver_code': 1},
                                                         {'id': 'synchronize',
                                                          'ver_code': 1},
                                                         {'id': 'sunrise_sunset',
                                                          'ver_code': 1},
                                                         {'id': 'led',
                                                          'ver_code': 1},
                                                         {'id': 'cloud_connect',
                                                          'ver_code': 1},
                                                         {'id': 'iot_cloud',
                                                          'ver_code': 1},
                                                         {'id': 'default_states',
                                                          'ver_code': 1}]}},
                          {'error_code': 0,
                           'method': 'get_device_info',
                           'result': {'avatar': 'plug',
                                      'default_states': {'state': {},
                                                         'type': 'last_states'},
                                      'device_id': 'REDACTED_DB80F24B353338FA05BB18C1C486215',
                                      'device_on': True,
                                      'fw_id': 'REDACTED_A25ABDE41405B20C6F98816',
                                      'fw_ver': '1.3.7 Build 20230711 Rel. '
                                                '61904',
                                      'has_set_location_info': True,
                                      'hw_id': 'REDACTED_5B29645B8150C392284029D',
                                      'hw_ver': '1.0.0',
                                      'ip': '192.168.100.112',
                                      'lang': 'it_IT',
                                      'latitude': 0,
                                      'location': '',
                                      'longitude': 0,
                                      'mac': '74-DA-88-00-00-00',
                                      'model': 'P100',
                                      'nickname': 'I01BU0tFRF9OQU1FIw==',
                                      'oem_id': 'REDACTED_06C60A9AEEA36A3347B6EBC',
                                      'on_time': 3131,
                                      'overheated': False,
                                      'region': 'Europe/Rome',
                                      'rssi': -40,
                                      'signal_level': 3,
                                      'specs': 'EU',
                                      'ssid': 'I01BU0tFRF9TU0lEIw==',
                                      'time_diff': 60,
                                      'type': 'SMART.TAPOPLUG'}},
                          {'error_code': 0,
                           'method': 'get_connect_cloud_state',
                           'result': {'status': 0}}]}}
Device 192.168.100.112, found required cloud_connect, adding Cloud to modules.
Device 192.168.100.112, found required device, adding DeviceModule to modules.
Device 192.168.100.112, found required firmware, adding Firmware to modules.
Device 192.168.100.112, found required led, adding Led to modules.
Device 192.168.100.112, found required None, adding OverheatProtection to modules.
Device 192.168.100.112, found required time, adding Time to modules.
Querying 192.168.100.112 for modules: Time, Led
192.168.100.112 multi-request-batch-1-of-1 >> '{"method":"multipleRequest","request_time_milis":1743674648972,"terminal_uuid":"zKquF35aJgLFEjUvsNEoWg==","params":{"requests":[{"method":"get_device_time"},{"method":"get_led_info"}]}}'
Device 192.168.100.112 waiting 0.2339999999385327 seconds to send request
Posting to http://192.168.100.112/app?token=8C337C3F7BFF03F98099B49AF5AAE7AB
192.168.100.112 multi-request-batch-1-of-1 << {'error_code': 0,
 'result': {'responses': [{'error_code': 0,
                           'method': 'get_device_time',
                           'result': {'region': 'Europe/Rome',
                                      'time_diff': 60,
                                      'timestamp': 1743674644}},
                          {'error_code': 0,
                           'method': 'get_led_info',
                           'result': {'led_rule': 'always',
                                      'led_status': True,
                                      'night_mode': {'end_time': 0,
                                                     'night_mode_type': 'unknown',
                                                     'start_time': 0,
                                                     'sunrise_offset': 0,
                                                     'sunset_offset': 0}}}]}}
Update completed 192.168.100.112: ['component_nego', 'get_device_info', 'get_connect_cloud_state', 'get_device_time', 'get_led_info']
None
Unclosed client session
client_session: <aiohttp.client.ClientSession object at 0x0000013120B166C0>
Exception in default exception handler
Traceback (most recent call last):
  File "C:\Users\Davide\AppData\Local\Programs\Python\Python312\Lib\asyncio\base_events.py", line 1847, in call_exception_handler
    self.default_exception_handler(context)
  File "C:\Users\Davide\AppData\Local\Programs\Python\Python312\Lib\asyncio\base_events.py", line 1821, in default_exception_handler
    logger.error('\n'.join(log_lines), exc_info=exc_info)
  File "C:\Users\Davide\AppData\Local\Programs\Python\Python312\Lib\logging\__init__.py", line 1568, in error
    self._log(ERROR, msg, args, **kwargs)
  File "C:\Users\Davide\AppData\Local\Programs\Python\Python312\Lib\logging\__init__.py", line 1684, in _log
    self.handle(record)
  File "C:\Users\Davide\AppData\Local\Programs\Python\Python312\Lib\logging\__init__.py", line 1700, in handle
    self.callHandlers(record)
  File "C:\Users\Davide\AppData\Local\Programs\Python\Python312\Lib\logging\__init__.py", line 1762, in callHandlers
    hdlr.handle(record)
  File "C:\Users\Davide\Desktop\ServerSmartPlug\log_manager.py", line 16, in handle
    listener(record)
  File "C:\Users\Davide\Desktop\ServerSmartPlug\gui\windows.py", line 25, in _add_console_line
    self.console_text.configure(state='normal')
  File "C:\Users\Davide\AppData\Local\Programs\Python\Python312\Lib\tkinter\__init__.py", line 1722, in configure
    return self._configure('configure', cnf, kw)
           ^^^^^^^^^^^^^^^^^^^^^^^^^^^^^^^^^^^^^
  File "C:\Users\Davide\AppData\Local\Programs\Python\Python312\Lib\tkinter\__init__.py", line 1712, in _configure
    self.tk.call(_flatten((self._w, cmd)) + self._options(cnf))
_tkinter.TclError: invalid command name ".!frame4.!frame.!text"
Unclosed connector
connections: ['deque([(<aiohttp.client_proto.ResponseHandler object at 0x0000013121FFB9B0>, 848205.031)])']
connector: <aiohttp.connector.TCPConnector object at 0x0000013121FCBF20>
Exception in default exception handler
Traceback (most recent call last):
  File "C:\Users\Davide\AppData\Local\Programs\Python\Python312\Lib\asyncio\base_events.py", line 1847, in call_exception_handler
    self.default_exception_handler(context)
  File "C:\Users\Davide\AppData\Local\Programs\Python\Python312\Lib\asyncio\base_events.py", line 1821, in default_exception_handler
    logger.error('\n'.join(log_lines), exc_info=exc_info)
  File "C:\Users\Davide\AppData\Local\Programs\Python\Python312\Lib\logging\__init__.py", line 1568, in error
    self._log(ERROR, msg, args, **kwargs)
  File "C:\Users\Davide\AppData\Local\Programs\Python\Python312\Lib\logging\__init__.py", line 1684, in _log
    self.handle(record)
  File "C:\Users\Davide\AppData\Local\Programs\Python\Python312\Lib\logging\__init__.py", line 1700, in handle
    self.callHandlers(record)
  File "C:\Users\Davide\AppData\Local\Programs\Python\Python312\Lib\logging\__init__.py", line 1762, in callHandlers
    hdlr.handle(record)
  File "C:\Users\Davide\Desktop\ServerSmartPlug\log_manager.py", line 16, in handle
    listener(record)
  File "C:\Users\Davide\Desktop\ServerSmartPlug\gui\windows.py", line 25, in _add_console_line
    self.console_text.configure(state='normal')
  File "C:\Users\Davide\AppData\Local\Programs\Python\Python312\Lib\tkinter\__init__.py", line 1722, in configure
    return self._configure('configure', cnf, kw)
           ^^^^^^^^^^^^^^^^^^^^^^^^^^^^^^^^^^^^^
  File "C:\Users\Davide\AppData\Local\Programs\Python\Python312\Lib\tkinter\__init__.py", line 1712, in _configure
    self.tk.call(_flatten((self._w, cmd)) + self._options(cnf))
_tkinter.TclError: invalid command name ".!frame4.!frame.!text"
Discovery started...
Using proactor: IocpProactor
Listening on 127.0.0.1:8080
[DISCOVERY] 255.255.255.255 >> {'system': {'get_sysinfo': {}}}
Waiting 5 seconds for responses...
Using proactor: IocpProactor
Using SmartDevice for SMART.TAPOPLUG
Finding protocol for 192.168.100.112
Finding protocol for DeviceFamily.SmartTapoPlug
Finding transport for SMART.AES
Created AES transport for 192.168.100.112
[DISCOVERY] 192.168.100.112 << {'error_code': 0,
 'result': {'device_id': 'REDACTED_c913ec3cd97a6bec2fbb1ee',
            'device_model': 'P100',
            'device_type': 'SMART.TAPOPLUG',
            'factory_default': False,
            'ip': '192.168.100.112',
            'is_support_iot_cloud': True,
            'mac': '74-DA-88-00-00-00',
            'mgt_encrypt_schm': {'encrypt_type': 'AES',
                                 'http_port': 80,
                                 'is_support_https': False,
                                 'lv': 2},
            'owner': 'REDACTED_19347acd812465188388075'}}
Initializing 192.168.100.112 of type <class 'kasa.smart.smartdevice.SmartDevice'>
Discovery finished! Found: 1 device(s)
Discovered 1 devices
Discovery started...
Using proactor: IocpProactor
Listening on 127.0.0.1:8080
[DISCOVERY] 255.255.255.255 >> {'system': {'get_sysinfo': {}}}
Waiting 5 seconds for responses...
Using proactor: IocpProactor
Using SmartDevice for SMART.TAPOPLUG
Finding protocol for 192.168.100.112
Finding protocol for DeviceFamily.SmartTapoPlug
Finding transport for SMART.AES
Created AES transport for 192.168.100.112
[DISCOVERY] 192.168.100.112 << {'error_code': 0,
 'result': {'device_id': 'REDACTED_c913ec3cd97a6bec2fbb1ee',
            'device_model': 'P100',
            'device_type': 'SMART.TAPOPLUG',
            'factory_default': False,
            'ip': '192.168.100.112',
            'is_support_iot_cloud': True,
            'mac': '74-DA-88-00-00-00',
            'mgt_encrypt_schm': {'encrypt_type': 'AES',
                                 'http_port': 80,
                                 'is_support_https': False,
                                 'lv': 2},
            'owner': 'REDACTED_19347acd812465188388075'}}
Initializing 192.168.100.112 of type <class 'kasa.smart.smartdevice.SmartDevice'>
Discovery finished! Found: 1 device(s)
Discovered 1 devices
Using proactor: IocpProactor
[DISCOVERY] 192.168.100.112 >> {'system': {'get_sysinfo': {}}}
Waiting a total of 5 seconds for responses...
Using SmartDevice for SMART.TAPOPLUG
Finding protocol for 192.168.100.112
Finding protocol for DeviceFamily.SmartTapoPlug
Finding transport for SMART.AES
Created AES transport for 192.168.100.112
[DISCOVERY] 192.168.100.112 << {'error_code': 0,
 'result': {'device_id': 'REDACTED_c913ec3cd97a6bec2fbb1ee',
            'device_model': 'P100',
            'device_type': 'SMART.TAPOPLUG',
            'factory_default': False,
            'ip': '192.168.100.112',
            'is_support_iot_cloud': True,
            'mac': '74-DA-88-00-00-00',
            'mgt_encrypt_schm': {'encrypt_type': 'AES',
                                 'http_port': 80,
                                 'is_support_https': False,
                                 'lv': 2},
            'owner': 'REDACTED_19347acd812465188388075'}}
Initializing 192.168.100.112 of type <class 'kasa.smart.smartdevice.SmartDevice'>
<DeviceType.Unknown at 192.168.100.112 - None (P100) - update() needed>
192.168.100.112 multi-request-batch-1-of-1 >> '{"method":"multipleRequest","request_time_milis":1743674853935,"terminal_uuid":"KIloj+FC4qVugXMMk2NNpw==","params":{"requests":[{"method":"component_nego"},{"method":"get_device_info"},{"method":"get_connect_cloud_state"}]}}'
Will perform handshaking...
Posting to http://192.168.100.112/app
Generating keypair
Handshake request: {'method': 'handshake', 'params': {'key': '-----BEGIN PUBLIC KEY-----\nMIGfMA0GCSqGSIb3DQEBAQUAA4GNADCBiQKBgQCnLQS1XoGWUQh/aFwg1KgWCOSXJWFdoOgTfMZH+UIkThmizndbpgFaOsYxhhh4s2ZrubFpp6Ay67xB081JerSEppG6IQeGZSbGhONMzHnoLPow+0+pf4PbY7LpG+HuLg/hwB533ER3wT+s/gkVB8vAMdmJ04bGNGi4VNM7bdj3eQIDAQAB\n-----END PUBLIC KEY-----\n'}}
Device responded with: {'error_code': 0, 'result': {'key': 'mkXi/DqLEa3V3mvgTIm7YQzxmRPY26bcjg04AcsQ6CXQ/7Kk0wwidqRUx9sAlpzqxyrJlLB11HunBPRO4Ct/F76FH8JfILVU/3kKbdyoCXAfv3rO/q6KRxk5hyO1dsst5V5NDC9S+7/Do1XIuMogilZzLvgxI8rcSzd2toZUTdM='}}
Handshake with 192.168.100.112 complete
Posting to http://192.168.100.112/app
192.168.100.112: logged in with provided credentials
Posting to http://192.168.100.112/app?token=F355FE592E99289F48FF4BFC7BCC7ACD
Device 192.168.100.112 received an os error, enabling sequential request delay: Server disconnected
Device 192.168.100.112 got a connection error, will retry 3 times: ('Device connection error: 192.168.100.112: Server disconnected', ServerDisconnectedError('Server disconnected'))
192.168.100.112 multi-request-batch-1-of-1 >> '{"method":"multipleRequest","request_time_milis":1743674854074,"terminal_uuid":"KIloj+FC4qVugXMMk2NNpw==","params":{"requests":[{"method":"component_nego"},{"method":"get_device_info"},{"method":"get_connect_cloud_state"}]}}'
Device 192.168.100.112 waiting 0.25 seconds to send request
Posting to http://192.168.100.112/app?token=F355FE592E99289F48FF4BFC7BCC7ACD
192.168.100.112 multi-request-batch-1-of-1 << {'error_code': 0,
 'result': {'responses': [{'error_code': 0,
                           'method': 'component_nego',
                           'result': {'component_list': [{'id': 'device',
                                                          'ver_code': 2},
                                                         {'id': 'firmware',
                                                          'ver_code': 1},
                                                         {'id': 'quick_setup',
                                                          'ver_code': 3},
                                                         {'id': 'time',
                                                          'ver_code': 1},
                                                         {'id': 'wireless',
                                                          'ver_code': 1},
                                                         {'id': 'schedule',
                                                          'ver_code': 2},
                                                         {'id': 'countdown',
                                                          'ver_code': 2},
                                                         {'id': 'antitheft',
                                                          'ver_code': 1},
                                                         {'id': 'account',
                                                          'ver_code': 1},
                                                         {'id': 'synchronize',
                                                          'ver_code': 1},
                                                         {'id': 'sunrise_sunset',
                                                          'ver_code': 1},
                                                         {'id': 'led',
                                                          'ver_code': 1},
                                                         {'id': 'cloud_connect',
                                                          'ver_code': 1},
                                                         {'id': 'iot_cloud',
                                                          'ver_code': 1},
                                                         {'id': 'default_states',
                                                          'ver_code': 1}]}},
                          {'error_code': 0,
                           'method': 'get_device_info',
                           'result': {'avatar': 'plug',
                                      'default_states': {'state': {},
                                                         'type': 'last_states'},
                                      'device_id': 'REDACTED_DB80F24B353338FA05BB18C1C486215',
                                      'device_on': True,
                                      'fw_id': 'REDACTED_A25ABDE41405B20C6F98816',
                                      'fw_ver': '1.3.7 Build 20230711 Rel. '
                                                '61904',
                                      'has_set_location_info': True,
                                      'hw_id': 'REDACTED_5B29645B8150C392284029D',
                                      'hw_ver': '1.0.0',
                                      'ip': '192.168.100.112',
                                      'lang': 'it_IT',
                                      'latitude': 0,
                                      'location': '',
                                      'longitude': 0,
                                      'mac': '74-DA-88-00-00-00',
                                      'model': 'P100',
                                      'nickname': 'I01BU0tFRF9OQU1FIw==',
                                      'oem_id': 'REDACTED_06C60A9AEEA36A3347B6EBC',
                                      'on_time': 3337,
                                      'overheated': False,
                                      'region': 'Europe/Rome',
                                      'rssi': -40,
                                      'signal_level': 3,
                                      'specs': 'EU',
                                      'ssid': 'I01BU0tFRF9TU0lEIw==',
                                      'time_diff': 60,
                                      'type': 'SMART.TAPOPLUG'}},
                          {'error_code': 0,
                           'method': 'get_connect_cloud_state',
                           'result': {'status': 0}}]}}
Device 192.168.100.112, found required cloud_connect, adding Cloud to modules.
Device 192.168.100.112, found required device, adding DeviceModule to modules.
Device 192.168.100.112, found required firmware, adding Firmware to modules.
Device 192.168.100.112, found required led, adding Led to modules.
Device 192.168.100.112, found required None, adding OverheatProtection to modules.
Device 192.168.100.112, found required time, adding Time to modules.
Querying 192.168.100.112 for modules: Time, Led
192.168.100.112 multi-request-batch-1-of-1 >> '{"method":"multipleRequest","request_time_milis":1743674854410,"terminal_uuid":"KIloj+FC4qVugXMMk2NNpw==","params":{"requests":[{"method":"get_device_time"},{"method":"get_led_info"}]}}'
Device 192.168.100.112 waiting 0.23400000005494803 seconds to send request
Posting to http://192.168.100.112/app?token=F355FE592E99289F48FF4BFC7BCC7ACD
192.168.100.112 multi-request-batch-1-of-1 << {'error_code': 0,
 'result': {'responses': [{'error_code': 0,
                           'method': 'get_device_time',
                           'result': {'region': 'Europe/Rome',
                                      'time_diff': 60,
                                      'timestamp': 1743674850}},
                          {'error_code': 0,
                           'method': 'get_led_info',
                           'result': {'led_rule': 'always',
                                      'led_status': True,
                                      'night_mode': {'end_time': 0,
                                                     'night_mode_type': 'unknown',
                                                     'start_time': 0,
                                                     'sunrise_offset': 0,
                                                     'sunset_offset': 0}}}]}}
Update completed 192.168.100.112: ['component_nego', 'get_device_info', 'get_connect_cloud_state', 'get_device_time', 'get_led_info']
Unclosed client session
client_session: <aiohttp.client.ClientSession object at 0x0000024D4D481E80>
Exception in default exception handler
Traceback (most recent call last):
  File "C:\Users\Davide\AppData\Local\Programs\Python\Python312\Lib\asyncio\base_events.py", line 1847, in call_exception_handler
    self.default_exception_handler(context)
  File "C:\Users\Davide\AppData\Local\Programs\Python\Python312\Lib\asyncio\base_events.py", line 1821, in default_exception_handler
    logger.error('\n'.join(log_lines), exc_info=exc_info)
  File "C:\Users\Davide\AppData\Local\Programs\Python\Python312\Lib\logging\__init__.py", line 1568, in error
    self._log(ERROR, msg, args, **kwargs)
  File "C:\Users\Davide\AppData\Local\Programs\Python\Python312\Lib\logging\__init__.py", line 1684, in _log
    self.handle(record)
  File "C:\Users\Davide\AppData\Local\Programs\Python\Python312\Lib\logging\__init__.py", line 1700, in handle
    self.callHandlers(record)
  File "C:\Users\Davide\AppData\Local\Programs\Python\Python312\Lib\logging\__init__.py", line 1762, in callHandlers
    hdlr.handle(record)
  File "C:\Users\Davide\Desktop\ServerSmartPlug\log_manager.py", line 16, in handle
    listener(record)
  File "C:\Users\Davide\Desktop\ServerSmartPlug\gui\windows.py", line 25, in _add_console_line
    self.console_text.configure(state='normal')
  File "C:\Users\Davide\AppData\Local\Programs\Python\Python312\Lib\tkinter\__init__.py", line 1722, in configure
    return self._configure('configure', cnf, kw)
           ^^^^^^^^^^^^^^^^^^^^^^^^^^^^^^^^^^^^^
  File "C:\Users\Davide\AppData\Local\Programs\Python\Python312\Lib\tkinter\__init__.py", line 1712, in _configure
    self.tk.call(_flatten((self._w, cmd)) + self._options(cnf))
_tkinter.TclError: invalid command name ".!frame4.!frame.!text"
Unclosed connector
connections: ['deque([(<aiohttp.client_proto.ResponseHandler object at 0x0000024D4E8E7AD0>, 848410.453)])']
connector: <aiohttp.connector.TCPConnector object at 0x0000024D4D06F620>
Exception in default exception handler
Traceback (most recent call last):
  File "C:\Users\Davide\AppData\Local\Programs\Python\Python312\Lib\asyncio\base_events.py", line 1847, in call_exception_handler
    self.default_exception_handler(context)
  File "C:\Users\Davide\AppData\Local\Programs\Python\Python312\Lib\asyncio\base_events.py", line 1821, in default_exception_handler
    logger.error('\n'.join(log_lines), exc_info=exc_info)
  File "C:\Users\Davide\AppData\Local\Programs\Python\Python312\Lib\logging\__init__.py", line 1568, in error
    self._log(ERROR, msg, args, **kwargs)
  File "C:\Users\Davide\AppData\Local\Programs\Python\Python312\Lib\logging\__init__.py", line 1684, in _log
    self.handle(record)
  File "C:\Users\Davide\AppData\Local\Programs\Python\Python312\Lib\logging\__init__.py", line 1700, in handle
    self.callHandlers(record)
  File "C:\Users\Davide\AppData\Local\Programs\Python\Python312\Lib\logging\__init__.py", line 1762, in callHandlers
    hdlr.handle(record)
  File "C:\Users\Davide\Desktop\ServerSmartPlug\log_manager.py", line 16, in handle
    listener(record)
  File "C:\Users\Davide\Desktop\ServerSmartPlug\gui\windows.py", line 25, in _add_console_line
    self.console_text.configure(state='normal')
  File "C:\Users\Davide\AppData\Local\Programs\Python\Python312\Lib\tkinter\__init__.py", line 1722, in configure
    return self._configure('configure', cnf, kw)
           ^^^^^^^^^^^^^^^^^^^^^^^^^^^^^^^^^^^^^
  File "C:\Users\Davide\AppData\Local\Programs\Python\Python312\Lib\tkinter\__init__.py", line 1712, in _configure
    self.tk.call(_flatten((self._w, cmd)) + self._options(cnf))
_tkinter.TclError: invalid command name ".!frame4.!frame.!text"
Discovery started...
Using proactor: IocpProactor
Listening on 127.0.0.1:8080
[DISCOVERY] 255.255.255.255 >> {'system': {'get_sysinfo': {}}}
Waiting 5 seconds for responses...
Using proactor: IocpProactor
Using SmartDevice for SMART.TAPOPLUG
Finding protocol for 192.168.100.112
Finding protocol for DeviceFamily.SmartTapoPlug
Finding transport for SMART.AES
Created AES transport for 192.168.100.112
[DISCOVERY] 192.168.100.112 << {'error_code': 0,
 'result': {'device_id': 'REDACTED_c913ec3cd97a6bec2fbb1ee',
            'device_model': 'P100',
            'device_type': 'SMART.TAPOPLUG',
            'factory_default': False,
            'ip': '192.168.100.112',
            'is_support_iot_cloud': True,
            'mac': '74-DA-88-00-00-00',
            'mgt_encrypt_schm': {'encrypt_type': 'AES',
                                 'http_port': 80,
                                 'is_support_https': False,
                                 'lv': 2},
            'owner': 'REDACTED_19347acd812465188388075'}}
Initializing 192.168.100.112 of type <class 'kasa.smart.smartdevice.SmartDevice'>
Discovery finished! Found: 1 device(s)
Discovered 1 devices
Using proactor: IocpProactor
[DISCOVERY] 192.168.100.112 >> {'system': {'get_sysinfo': {}}}
Waiting a total of 5 seconds for responses...
Using SmartDevice for SMART.TAPOPLUG
Finding protocol for 192.168.100.112
Finding protocol for DeviceFamily.SmartTapoPlug
Finding transport for SMART.AES
Created AES transport for 192.168.100.112
[DISCOVERY] 192.168.100.112 << {'error_code': 0,
 'result': {'device_id': 'REDACTED_c913ec3cd97a6bec2fbb1ee',
            'device_model': 'P100',
            'device_type': 'SMART.TAPOPLUG',
            'factory_default': False,
            'ip': '192.168.100.112',
            'is_support_iot_cloud': True,
            'mac': '74-DA-88-00-00-00',
            'mgt_encrypt_schm': {'encrypt_type': 'AES',
                                 'http_port': 80,
                                 'is_support_https': False,
                                 'lv': 2},
            'owner': 'REDACTED_19347acd812465188388075'}}
Initializing 192.168.100.112 of type <class 'kasa.smart.smartdevice.SmartDevice'>
192.168.100.112 multi-request-batch-1-of-1 >> '{"method":"multipleRequest","request_time_milis":1743674881462,"terminal_uuid":"BWu17Y8sPPOCGsomPEIJNg==","params":{"requests":[{"method":"component_nego"},{"method":"get_device_info"},{"method":"get_connect_cloud_state"}]}}'
Will perform handshaking...
Posting to http://192.168.100.112/app
Generating keypair
Handshake request: {'method': 'handshake', 'params': {'key': '-----BEGIN PUBLIC KEY-----\nMIGfMA0GCSqGSIb3DQEBAQUAA4GNADCBiQKBgQC0h/Li1YsSiEdNpa8ISf6B7H0e/ldzaoqA8f6TU5FlXIWb1AnGKKiTgUWd68NsQvouokyVDQwTyS2GxWTcHbXfOhgUcKgJ3x2RRIR7k4F3Ue0B7PHELafOIaxG6qR/R36TmZwrIvQxPOHiBxpcB2OHqw5njGcTm7pZBi2FIGGA7wIDAQAB\n-----END PUBLIC KEY-----\n'}}
Device responded with: {'error_code': 0, 'result': {'key': 'gdSlpX01IUba0nQnIA7dKnDrl13RJMmQ5SsRpFHpZz1ckXGuN9QDS1sTZdXOrNi0QPH07xiiEoMXIoLnuic3zrnWWL19C9jnL2PRohimGo7wCciDYhS8TK7BZEjVTYLyIwE8SOXi0fyRP9MfZlzcUZNeIgnTx2pgKB08919Nkek='}}
Handshake with 192.168.100.112 complete
Posting to http://192.168.100.112/app
192.168.100.112: logged in with provided credentials
Posting to http://192.168.100.112/app?token=4B78937B1D4BF94ABE5AC45A675A5A5A
Device 192.168.100.112 received an os error, enabling sequential request delay: Server disconnected
Device 192.168.100.112 got a connection error, will retry 3 times: ('Device connection error: 192.168.100.112: Server disconnected', ServerDisconnectedError('Server disconnected'))
192.168.100.112 multi-request-batch-1-of-1 >> '{"method":"multipleRequest","request_time_milis":1743674881583,"terminal_uuid":"BWu17Y8sPPOCGsomPEIJNg==","params":{"requests":[{"method":"component_nego"},{"method":"get_device_info"},{"method":"get_connect_cloud_state"}]}}'
Device 192.168.100.112 waiting 0.25 seconds to send request
Posting to http://192.168.100.112/app?token=4B78937B1D4BF94ABE5AC45A675A5A5A
192.168.100.112 multi-request-batch-1-of-1 << {'error_code': 0,
 'result': {'responses': [{'error_code': 0,
                           'method': 'component_nego',
                           'result': {'component_list': [{'id': 'device',
                                                          'ver_code': 2},
                                                         {'id': 'firmware',
                                                          'ver_code': 1},
                                                         {'id': 'quick_setup',
                                                          'ver_code': 3},
                                                         {'id': 'time',
                                                          'ver_code': 1},
                                                         {'id': 'wireless',
                                                          'ver_code': 1},
                                                         {'id': 'schedule',
                                                          'ver_code': 2},
                                                         {'id': 'countdown',
                                                          'ver_code': 2},
                                                         {'id': 'antitheft',
                                                          'ver_code': 1},
                                                         {'id': 'account',
                                                          'ver_code': 1},
                                                         {'id': 'synchronize',
                                                          'ver_code': 1},
                                                         {'id': 'sunrise_sunset',
                                                          'ver_code': 1},
                                                         {'id': 'led',
                                                          'ver_code': 1},
                                                         {'id': 'cloud_connect',
                                                          'ver_code': 1},
                                                         {'id': 'iot_cloud',
                                                          'ver_code': 1},
                                                         {'id': 'default_states',
                                                          'ver_code': 1}]}},
                          {'error_code': 0,
                           'method': 'get_device_info',
                           'result': {'avatar': 'plug',
                                      'default_states': {'state': {},
                                                         'type': 'last_states'},
                                      'device_id': 'REDACTED_DB80F24B353338FA05BB18C1C486215',
                                      'device_on': True,
                                      'fw_id': 'REDACTED_A25ABDE41405B20C6F98816',
                                      'fw_ver': '1.3.7 Build 20230711 Rel. '
                                                '61904',
                                      'has_set_location_info': True,
                                      'hw_id': 'REDACTED_5B29645B8150C392284029D',
                                      'hw_ver': '1.0.0',
                                      'ip': '192.168.100.112',
                                      'lang': 'it_IT',
                                      'latitude': 0,
                                      'location': '',
                                      'longitude': 0,
                                      'mac': '74-DA-88-00-00-00',
                                      'model': 'P100',
                                      'nickname': 'I01BU0tFRF9OQU1FIw==',
                                      'oem_id': 'REDACTED_06C60A9AEEA36A3347B6EBC',
                                      'on_time': 3364,
                                      'overheated': False,
                                      'region': 'Europe/Rome',
                                      'rssi': -40,
                                      'signal_level': 3,
                                      'specs': 'EU',
                                      'ssid': 'I01BU0tFRF9TU0lEIw==',
                                      'time_diff': 60,
                                      'type': 'SMART.TAPOPLUG'}},
                          {'error_code': 0,
                           'method': 'get_connect_cloud_state',
                           'result': {'status': 0}}]}}
Device 192.168.100.112, found required cloud_connect, adding Cloud to modules.
Device 192.168.100.112, found required device, adding DeviceModule to modules.
Device 192.168.100.112, found required firmware, adding Firmware to modules.
Device 192.168.100.112, found required led, adding Led to modules.
Device 192.168.100.112, found required None, adding OverheatProtection to modules.
Device 192.168.100.112, found required time, adding Time to modules.
Querying 192.168.100.112 for modules: Time, Led
192.168.100.112 multi-request-batch-1-of-1 >> '{"method":"multipleRequest","request_time_milis":1743674881915,"terminal_uuid":"BWu17Y8sPPOCGsomPEIJNg==","params":{"requests":[{"method":"get_device_time"},{"method":"get_led_info"}]}}'
Device 192.168.100.112 waiting 0.25 seconds to send request
Posting to http://192.168.100.112/app?token=4B78937B1D4BF94ABE5AC45A675A5A5A
192.168.100.112 multi-request-batch-1-of-1 << {'error_code': 0,
 'result': {'responses': [{'error_code': 0,
                           'method': 'get_device_time',
                           'result': {'region': 'Europe/Rome',
                                      'time_diff': 60,
                                      'timestamp': 1743674877}},
                          {'error_code': 0,
                           'method': 'get_led_info',
                           'result': {'led_rule': 'always',
                                      'led_status': True,
                                      'night_mode': {'end_time': 0,
                                                     'night_mode_type': 'unknown',
                                                     'start_time': 0,
                                                     'sunrise_offset': 0,
                                                     'sunset_offset': 0}}}]}}
Update completed 192.168.100.112: ['component_nego', 'get_device_info', 'get_connect_cloud_state', 'get_device_time', 'get_led_info']
<DeviceType.Plug at 192.168.100.112 - a (P100)>
Unclosed client session
client_session: <aiohttp.client.ClientSession object at 0x000001F5EE70C1A0>
Exception in default exception handler
Traceback (most recent call last):
  File "C:\Users\Davide\AppData\Local\Programs\Python\Python312\Lib\asyncio\base_events.py", line 1847, in call_exception_handler
    self.default_exception_handler(context)
  File "C:\Users\Davide\AppData\Local\Programs\Python\Python312\Lib\asyncio\base_events.py", line 1821, in default_exception_handler
    logger.error('\n'.join(log_lines), exc_info=exc_info)
  File "C:\Users\Davide\AppData\Local\Programs\Python\Python312\Lib\logging\__init__.py", line 1568, in error
    self._log(ERROR, msg, args, **kwargs)
  File "C:\Users\Davide\AppData\Local\Programs\Python\Python312\Lib\logging\__init__.py", line 1684, in _log
    self.handle(record)
  File "C:\Users\Davide\AppData\Local\Programs\Python\Python312\Lib\logging\__init__.py", line 1700, in handle
    self.callHandlers(record)
  File "C:\Users\Davide\AppData\Local\Programs\Python\Python312\Lib\logging\__init__.py", line 1762, in callHandlers
    hdlr.handle(record)
  File "C:\Users\Davide\Desktop\ServerSmartPlug\log_manager.py", line 16, in handle
    listener(record)
  File "C:\Users\Davide\Desktop\ServerSmartPlug\gui\windows.py", line 25, in _add_console_line
    self.console_text.configure(state='normal')
  File "C:\Users\Davide\AppData\Local\Programs\Python\Python312\Lib\tkinter\__init__.py", line 1722, in configure
    return self._configure('configure', cnf, kw)
           ^^^^^^^^^^^^^^^^^^^^^^^^^^^^^^^^^^^^^
  File "C:\Users\Davide\AppData\Local\Programs\Python\Python312\Lib\tkinter\__init__.py", line 1712, in _configure
    self.tk.call(_flatten((self._w, cmd)) + self._options(cnf))
_tkinter.TclError: invalid command name ".!frame4.!frame.!text"
Unclosed connector
connections: ['deque([(<aiohttp.client_proto.ResponseHandler object at 0x000001F5EE673D10>, 848437.968)])']
connector: <aiohttp.connector.TCPConnector object at 0x000001F5EE70C260>
Exception in default exception handler
Traceback (most recent call last):
  File "C:\Users\Davide\AppData\Local\Programs\Python\Python312\Lib\asyncio\base_events.py", line 1847, in call_exception_handler
    self.default_exception_handler(context)
  File "C:\Users\Davide\AppData\Local\Programs\Python\Python312\Lib\asyncio\base_events.py", line 1821, in default_exception_handler
    logger.error('\n'.join(log_lines), exc_info=exc_info)
  File "C:\Users\Davide\AppData\Local\Programs\Python\Python312\Lib\logging\__init__.py", line 1568, in error
    self._log(ERROR, msg, args, **kwargs)
  File "C:\Users\Davide\AppData\Local\Programs\Python\Python312\Lib\logging\__init__.py", line 1684, in _log
    self.handle(record)
  File "C:\Users\Davide\AppData\Local\Programs\Python\Python312\Lib\logging\__init__.py", line 1700, in handle
    self.callHandlers(record)
  File "C:\Users\Davide\AppData\Local\Programs\Python\Python312\Lib\logging\__init__.py", line 1762, in callHandlers
    hdlr.handle(record)
  File "C:\Users\Davide\Desktop\ServerSmartPlug\log_manager.py", line 16, in handle
    listener(record)
  File "C:\Users\Davide\Desktop\ServerSmartPlug\gui\windows.py", line 25, in _add_console_line
    self.console_text.configure(state='normal')
  File "C:\Users\Davide\AppData\Local\Programs\Python\Python312\Lib\tkinter\__init__.py", line 1722, in configure
    return self._configure('configure', cnf, kw)
           ^^^^^^^^^^^^^^^^^^^^^^^^^^^^^^^^^^^^^
  File "C:\Users\Davide\AppData\Local\Programs\Python\Python312\Lib\tkinter\__init__.py", line 1712, in _configure
    self.tk.call(_flatten((self._w, cmd)) + self._options(cnf))
_tkinter.TclError: invalid command name ".!frame4.!frame.!text"
Discovery started...
Using proactor: IocpProactor
Listening on 127.0.0.1:8080
[DISCOVERY] 255.255.255.255 >> {'system': {'get_sysinfo': {}}}
Waiting 5 seconds for responses...
Using proactor: IocpProactor
Using SmartDevice for SMART.TAPOPLUG
Finding protocol for 192.168.100.112
Finding protocol for DeviceFamily.SmartTapoPlug
Finding transport for SMART.AES
Created AES transport for 192.168.100.112
[DISCOVERY] 192.168.100.112 << {'error_code': 0,
 'result': {'device_id': 'REDACTED_c913ec3cd97a6bec2fbb1ee',
            'device_model': 'P100',
            'device_type': 'SMART.TAPOPLUG',
            'factory_default': False,
            'ip': '192.168.100.112',
            'is_support_iot_cloud': True,
            'mac': '74-DA-88-00-00-00',
            'mgt_encrypt_schm': {'encrypt_type': 'AES',
                                 'http_port': 80,
                                 'is_support_https': False,
                                 'lv': 2},
            'owner': 'REDACTED_19347acd812465188388075'}}
Initializing 192.168.100.112 of type <class 'kasa.smart.smartdevice.SmartDevice'>
Discovery finished! Found: 1 device(s)
Discovered 1 devices
[DISCOVERY] 192.168.100.112 >> {'system': {'get_sysinfo': {}}}
Waiting a total of 5 seconds for responses...
Using SmartDevice for SMART.TAPOPLUG
Finding protocol for 192.168.100.112
Finding protocol for DeviceFamily.SmartTapoPlug
Finding transport for SMART.AES
Created AES transport for 192.168.100.112
[DISCOVERY] 192.168.100.112 << {'error_code': 0,
 'result': {'device_id': 'REDACTED_c913ec3cd97a6bec2fbb1ee',
            'device_model': 'P100',
            'device_type': 'SMART.TAPOPLUG',
            'factory_default': False,
            'ip': '192.168.100.112',
            'is_support_iot_cloud': True,
            'mac': '74-DA-88-00-00-00',
            'mgt_encrypt_schm': {'encrypt_type': 'AES',
                                 'http_port': 80,
                                 'is_support_https': False,
                                 'lv': 2},
            'owner': 'REDACTED_19347acd812465188388075'}}
Initializing 192.168.100.112 of type <class 'kasa.smart.smartdevice.SmartDevice'>
192.168.100.112 multi-request-batch-1-of-1 >> '{"method":"multipleRequest","request_time_milis":1743674935378,"terminal_uuid":"LMMtcIoksLtocWnoKjHzVA==","params":{"requests":[{"method":"component_nego"},{"method":"get_device_info"},{"method":"get_connect_cloud_state"}]}}'
Will perform handshaking...
Posting to http://192.168.100.112/app
Unable to query the device: 192.168.100.112, not retrying: ("Unable to query the device: 192.168.100.112: _patch_task.<locals>.task_new_init() got an unexpected keyword argument 'eager_start'", TypeError("_patch_task.<locals>.task_new_init() got an unexpected keyword argument 'eager_start'"))
Discovery started...
Using proactor: IocpProactor
Listening on 127.0.0.1:8080
[DISCOVERY] 255.255.255.255 >> {'system': {'get_sysinfo': {}}}
Waiting 5 seconds for responses...
Using proactor: IocpProactor
Using SmartDevice for SMART.TAPOPLUG
Finding protocol for 192.168.100.112
Finding protocol for DeviceFamily.SmartTapoPlug
Finding transport for SMART.AES
Created AES transport for 192.168.100.112
[DISCOVERY] 192.168.100.112 << {'error_code': 0,
 'result': {'device_id': 'REDACTED_c913ec3cd97a6bec2fbb1ee',
            'device_model': 'P100',
            'device_type': 'SMART.TAPOPLUG',
            'factory_default': False,
            'ip': '192.168.100.112',
            'is_support_iot_cloud': True,
            'mac': '74-DA-88-00-00-00',
            'mgt_encrypt_schm': {'encrypt_type': 'AES',
                                 'http_port': 80,
                                 'is_support_https': False,
                                 'lv': 2},
            'owner': 'REDACTED_19347acd812465188388075'}}
Initializing 192.168.100.112 of type <class 'kasa.smart.smartdevice.SmartDevice'>
Discovery finished! Found: 1 device(s)
Discovered 1 devices
[DISCOVERY] 192.168.100.112 >> {'system': {'get_sysinfo': {}}}
Waiting a total of 5 seconds for responses...
Using SmartDevice for SMART.TAPOPLUG
Finding protocol for 192.168.100.112
Finding protocol for DeviceFamily.SmartTapoPlug
Finding transport for SMART.AES
Created AES transport for 192.168.100.112
[DISCOVERY] 192.168.100.112 << {'error_code': 0,
 'result': {'device_id': 'REDACTED_c913ec3cd97a6bec2fbb1ee',
            'device_model': 'P100',
            'device_type': 'SMART.TAPOPLUG',
            'factory_default': False,
            'ip': '192.168.100.112',
            'is_support_iot_cloud': True,
            'mac': '74-DA-88-00-00-00',
            'mgt_encrypt_schm': {'encrypt_type': 'AES',
                                 'http_port': 80,
                                 'is_support_https': False,
                                 'lv': 2},
            'owner': 'REDACTED_19347acd812465188388075'}}
Initializing 192.168.100.112 of type <class 'kasa.smart.smartdevice.SmartDevice'>
192.168.100.112 multi-request-batch-1-of-1 >> '{"method":"multipleRequest","request_time_milis":1743675015433,"terminal_uuid":"gnR6OfK5LORS9h6SIIUItg==","params":{"requests":[{"method":"component_nego"},{"method":"get_device_info"},{"method":"get_connect_cloud_state"}]}}'
Will perform handshaking...
Posting to http://192.168.100.112/app
Unable to query the device: 192.168.100.112, not retrying: ("Unable to query the device: 192.168.100.112: _patch_task.<locals>.task_new_init() got an unexpected keyword argument 'eager_start'", TypeError("_patch_task.<locals>.task_new_init() got an unexpected keyword argument 'eager_start'"))
Discovery started...
Using proactor: IocpProactor
Listening on 127.0.0.1:8080
[DISCOVERY] 255.255.255.255 >> {'system': {'get_sysinfo': {}}}
Using proactor: IocpProactor
Waiting 5 seconds for responses...
Using SmartDevice for SMART.TAPOPLUG
Finding protocol for 192.168.100.112
Finding protocol for DeviceFamily.SmartTapoPlug
Finding transport for SMART.AES
Created AES transport for 192.168.100.112
[DISCOVERY] 192.168.100.112 << {'error_code': 0,
 'result': {'device_id': 'REDACTED_c913ec3cd97a6bec2fbb1ee',
            'device_model': 'P100',
            'device_type': 'SMART.TAPOPLUG',
            'factory_default': False,
            'ip': '192.168.100.112',
            'is_support_iot_cloud': True,
            'mac': '74-DA-88-00-00-00',
            'mgt_encrypt_schm': {'encrypt_type': 'AES',
                                 'http_port': 80,
                                 'is_support_https': False,
                                 'lv': 2},
            'owner': 'REDACTED_19347acd812465188388075'}}
Initializing 192.168.100.112 of type <class 'kasa.smart.smartdevice.SmartDevice'>
Discovery finished! Found: 1 device(s)
Discovered 1 devices
[DISCOVERY] 192.168.100.112 >> {'system': {'get_sysinfo': {}}}
Waiting a total of 5 seconds for responses...
Using SmartDevice for SMART.TAPOPLUG
Finding protocol for 192.168.100.112
Finding protocol for DeviceFamily.SmartTapoPlug
Finding transport for SMART.AES
Created AES transport for 192.168.100.112
[DISCOVERY] 192.168.100.112 << {'error_code': 0,
 'result': {'device_id': 'REDACTED_c913ec3cd97a6bec2fbb1ee',
            'device_model': 'P100',
            'device_type': 'SMART.TAPOPLUG',
            'factory_default': False,
            'ip': '192.168.100.112',
            'is_support_iot_cloud': True,
            'mac': '74-DA-88-00-00-00',
            'mgt_encrypt_schm': {'encrypt_type': 'AES',
                                 'http_port': 80,
                                 'is_support_https': False,
                                 'lv': 2},
            'owner': 'REDACTED_19347acd812465188388075'}}
Initializing 192.168.100.112 of type <class 'kasa.smart.smartdevice.SmartDevice'>
192.168.100.112 multi-request-batch-1-of-1 >> '{"method":"multipleRequest","request_time_milis":1743675090216,"terminal_uuid":"YPiR/KEvBIpuuOIeASg2fQ==","params":{"requests":[{"method":"component_nego"},{"method":"get_device_info"},{"method":"get_connect_cloud_state"}]}}'
Will perform handshaking...
Posting to http://192.168.100.112/app
Unable to query the device: 192.168.100.112, not retrying: ("Unable to query the device: 192.168.100.112: _patch_task.<locals>.task_new_init() got an unexpected keyword argument 'eager_start'", TypeError("_patch_task.<locals>.task_new_init() got an unexpected keyword argument 'eager_start'"))
Discovery started...
Using proactor: IocpProactor
Listening on 127.0.0.1:8080
[DISCOVERY] 255.255.255.255 >> {'system': {'get_sysinfo': {}}}
Waiting 5 seconds for responses...
Using proactor: IocpProactor
Using SmartDevice for SMART.TAPOPLUG
Finding protocol for 192.168.100.112
Finding protocol for DeviceFamily.SmartTapoPlug
Finding transport for SMART.AES
Created AES transport for 192.168.100.112
[DISCOVERY] 192.168.100.112 << {'error_code': 0,
 'result': {'device_id': 'REDACTED_c913ec3cd97a6bec2fbb1ee',
            'device_model': 'P100',
            'device_type': 'SMART.TAPOPLUG',
            'factory_default': False,
            'ip': '192.168.100.112',
            'is_support_iot_cloud': True,
            'mac': '74-DA-88-00-00-00',
            'mgt_encrypt_schm': {'encrypt_type': 'AES',
                                 'http_port': 80,
                                 'is_support_https': False,
                                 'lv': 2},
            'owner': 'REDACTED_19347acd812465188388075'}}
Initializing 192.168.100.112 of type <class 'kasa.smart.smartdevice.SmartDevice'>
Discovery finished! Found: 1 device(s)
Discovered 1 devices
Using proactor: IocpProactor
[DISCOVERY] 192.168.100.112 >> {'system': {'get_sysinfo': {}}}
Waiting a total of 5 seconds for responses...
Using SmartDevice for SMART.TAPOPLUG
Finding protocol for 192.168.100.112
Finding protocol for DeviceFamily.SmartTapoPlug
Finding transport for SMART.AES
Created AES transport for 192.168.100.112
[DISCOVERY] 192.168.100.112 << {'error_code': 0,
 'result': {'device_id': 'REDACTED_c913ec3cd97a6bec2fbb1ee',
            'device_model': 'P100',
            'device_type': 'SMART.TAPOPLUG',
            'factory_default': False,
            'ip': '192.168.100.112',
            'is_support_iot_cloud': True,
            'mac': '74-DA-88-00-00-00',
            'mgt_encrypt_schm': {'encrypt_type': 'AES',
                                 'http_port': 80,
                                 'is_support_https': False,
                                 'lv': 2},
            'owner': 'REDACTED_19347acd812465188388075'}}
Initializing 192.168.100.112 of type <class 'kasa.smart.smartdevice.SmartDevice'>
192.168.100.112 multi-request-batch-1-of-1 >> '{"method":"multipleRequest","request_time_milis":1743675112984,"terminal_uuid":"phLYBfyNvRi3n9F7VqfQmg==","params":{"requests":[{"method":"component_nego"},{"method":"get_device_info"},{"method":"get_connect_cloud_state"}]}}'
Will perform handshaking...
Posting to http://192.168.100.112/app
Generating keypair
Handshake request: {'method': 'handshake', 'params': {'key': '-----BEGIN PUBLIC KEY-----\nMIGfMA0GCSqGSIb3DQEBAQUAA4GNADCBiQKBgQC54ByqSKLRiQ49A9dHln/p0a1WL9121vYpclW34DgZyPabctWgrx15UyLuCqkGWXAtoqVqaGX0B4qDbTlyQYaVFTmbMjTLEUAkIeM1i4hioAP3GupFHiRZQjbZJv13mC+PmOO1YUUWHXkQ8yZ1L+jrEs920Osz+IBWmGH6myA++wIDAQAB\n-----END PUBLIC KEY-----\n'}}
Device responded with: {'error_code': 0, 'result': {'key': 'XO7BFKMsOamNiV+QSXw3cYwbgTbJ4ba/OLVa7HER26YAIeLOnq7/B/iHeZZ7xNn00oKOGFIUjTCu0cpK6Q9TskTZySfFoFcwpHfaRmAGZeRbwzq6538A6//uEo1YbobgLuOrAKiEVtFUMxboDNjKc4BLN1Y96GjDRvyK9ftVZeQ='}}
Handshake with 192.168.100.112 complete
Posting to http://192.168.100.112/app
192.168.100.112: logged in with provided credentials
Posting to http://192.168.100.112/app?token=8923FF289C98A79D1ECD83CF5FEF99EE
Device 192.168.100.112 received an os error, enabling sequential request delay: Server disconnected
Device 192.168.100.112 got a connection error, will retry 3 times: ('Device connection error: 192.168.100.112: Server disconnected', ServerDisconnectedError('Server disconnected'))
192.168.100.112 multi-request-batch-1-of-1 >> '{"method":"multipleRequest","request_time_milis":1743675113167,"terminal_uuid":"phLYBfyNvRi3n9F7VqfQmg==","params":{"requests":[{"method":"component_nego"},{"method":"get_device_info"},{"method":"get_connect_cloud_state"}]}}'
Device 192.168.100.112 waiting 0.25 seconds to send request
Posting to http://192.168.100.112/app?token=8923FF289C98A79D1ECD83CF5FEF99EE
192.168.100.112 multi-request-batch-1-of-1 << {'error_code': 0,
 'result': {'responses': [{'error_code': 0,
                           'method': 'component_nego',
                           'result': {'component_list': [{'id': 'device',
                                                          'ver_code': 2},
                                                         {'id': 'firmware',
                                                          'ver_code': 1},
                                                         {'id': 'quick_setup',
                                                          'ver_code': 3},
                                                         {'id': 'time',
                                                          'ver_code': 1},
                                                         {'id': 'wireless',
                                                          'ver_code': 1},
                                                         {'id': 'schedule',
                                                          'ver_code': 2},
                                                         {'id': 'countdown',
                                                          'ver_code': 2},
                                                         {'id': 'antitheft',
                                                          'ver_code': 1},
                                                         {'id': 'account',
                                                          'ver_code': 1},
                                                         {'id': 'synchronize',
                                                          'ver_code': 1},
                                                         {'id': 'sunrise_sunset',
                                                          'ver_code': 1},
                                                         {'id': 'led',
                                                          'ver_code': 1},
                                                         {'id': 'cloud_connect',
                                                          'ver_code': 1},
                                                         {'id': 'iot_cloud',
                                                          'ver_code': 1},
                                                         {'id': 'default_states',
                                                          'ver_code': 1}]}},
                          {'error_code': 0,
                           'method': 'get_device_info',
                           'result': {'avatar': 'plug',
                                      'default_states': {'state': {},
                                                         'type': 'last_states'},
                                      'device_id': 'REDACTED_DB80F24B353338FA05BB18C1C486215',
                                      'device_on': True,
                                      'fw_id': 'REDACTED_A25ABDE41405B20C6F98816',
                                      'fw_ver': '1.3.7 Build 20230711 Rel. '
                                                '61904',
                                      'has_set_location_info': True,
                                      'hw_id': 'REDACTED_5B29645B8150C392284029D',
                                      'hw_ver': '1.0.0',
                                      'ip': '192.168.100.112',
                                      'lang': 'it_IT',
                                      'latitude': 0,
                                      'location': '',
                                      'longitude': 0,
                                      'mac': '74-DA-88-00-00-00',
                                      'model': 'P100',
                                      'nickname': 'I01BU0tFRF9OQU1FIw==',
                                      'oem_id': 'REDACTED_06C60A9AEEA36A3347B6EBC',
                                      'on_time': 3596,
                                      'overheated': False,
                                      'region': 'Europe/Rome',
                                      'rssi': -40,
                                      'signal_level': 3,
                                      'specs': 'EU',
                                      'ssid': 'I01BU0tFRF9TU0lEIw==',
                                      'time_diff': 60,
                                      'type': 'SMART.TAPOPLUG'}},
                          {'error_code': 0,
                           'method': 'get_connect_cloud_state',
                           'result': {'status': 0}}]}}
Device 192.168.100.112, found required cloud_connect, adding Cloud to modules.
Device 192.168.100.112, found required device, adding DeviceModule to modules.
Device 192.168.100.112, found required firmware, adding Firmware to modules.
Device 192.168.100.112, found required led, adding Led to modules.
Device 192.168.100.112, found required None, adding OverheatProtection to modules.
Device 192.168.100.112, found required time, adding Time to modules.
Querying 192.168.100.112 for modules: Time, Led
192.168.100.112 multi-request-batch-1-of-1 >> '{"method":"multipleRequest","request_time_milis":1743675113522,"terminal_uuid":"phLYBfyNvRi3n9F7VqfQmg==","params":{"requests":[{"method":"get_device_time"},{"method":"get_led_info"}]}}'
Device 192.168.100.112 waiting 0.2339999999385327 seconds to send request
Posting to http://192.168.100.112/app?token=8923FF289C98A79D1ECD83CF5FEF99EE
192.168.100.112 multi-request-batch-1-of-1 << {'error_code': 0,
 'result': {'responses': [{'error_code': 0,
                           'method': 'get_device_time',
                           'result': {'region': 'Europe/Rome',
                                      'time_diff': 60,
                                      'timestamp': 1743675109}},
                          {'error_code': 0,
                           'method': 'get_led_info',
                           'result': {'led_rule': 'always',
                                      'led_status': True,
                                      'night_mode': {'end_time': 0,
                                                     'night_mode_type': 'unknown',
                                                     'start_time': 0,
                                                     'sunrise_offset': 0,
                                                     'sunset_offset': 0}}}]}}
Update completed 192.168.100.112: ['component_nego', 'get_device_info', 'get_connect_cloud_state', 'get_device_time', 'get_led_info']
Unclosed client session
client_session: <aiohttp.client.ClientSession object at 0x00000242F6C7B8F0>
Unclosed connector
connections: ['deque([(<aiohttp.client_proto.ResponseHandler object at 0x00000242F6CA79B0>, 848669.593)])']
connector: <aiohttp.connector.TCPConnector object at 0x00000242F57F40B0>
Discovery started...
Using proactor: IocpProactor
Listening on 127.0.0.1:8080
[DISCOVERY] 255.255.255.255 >> {'system': {'get_sysinfo': {}}}
Waiting 5 seconds for responses...
Using proactor: IocpProactor
Using SmartDevice for SMART.TAPOPLUG
Finding protocol for 192.168.100.112
Finding protocol for DeviceFamily.SmartTapoPlug
Finding transport for SMART.AES
Created AES transport for 192.168.100.112
[DISCOVERY] 192.168.100.112 << {'error_code': 0,
 'result': {'device_id': 'REDACTED_c913ec3cd97a6bec2fbb1ee',
            'device_model': 'P100',
            'device_type': 'SMART.TAPOPLUG',
            'factory_default': False,
            'ip': '192.168.100.112',
            'is_support_iot_cloud': True,
            'mac': '74-DA-88-00-00-00',
            'mgt_encrypt_schm': {'encrypt_type': 'AES',
                                 'http_port': 80,
                                 'is_support_https': False,
                                 'lv': 2},
            'owner': 'REDACTED_19347acd812465188388075'}}
Initializing 192.168.100.112 of type <class 'kasa.smart.smartdevice.SmartDevice'>
Discovery finished! Found: 1 device(s)
Discovered 1 devices
Using proactor: IocpProactor
[DISCOVERY] 192.168.100.112 >> {'system': {'get_sysinfo': {}}}
Waiting a total of 5 seconds for responses...
Using SmartDevice for SMART.TAPOPLUG
Finding protocol for 192.168.100.112
Finding protocol for DeviceFamily.SmartTapoPlug
Finding transport for SMART.AES
Created AES transport for 192.168.100.112
[DISCOVERY] 192.168.100.112 << {'error_code': 0,
 'result': {'device_id': 'REDACTED_c913ec3cd97a6bec2fbb1ee',
            'device_model': 'P100',
            'device_type': 'SMART.TAPOPLUG',
            'factory_default': False,
            'ip': '192.168.100.112',
            'is_support_iot_cloud': True,
            'mac': '74-DA-88-00-00-00',
            'mgt_encrypt_schm': {'encrypt_type': 'AES',
                                 'http_port': 80,
                                 'is_support_https': False,
                                 'lv': 2},
            'owner': 'REDACTED_19347acd812465188388075'}}
Initializing 192.168.100.112 of type <class 'kasa.smart.smartdevice.SmartDevice'>
192.168.100.112 multi-request-batch-1-of-1 >> '{"method":"multipleRequest","request_time_milis":1743675850911,"terminal_uuid":"/VNMOAjJmfZiX84ocEK1WA==","params":{"requests":[{"method":"component_nego"},{"method":"get_device_info"},{"method":"get_connect_cloud_state"}]}}'
Will perform handshaking...
Posting to http://192.168.100.112/app
Generating keypair
Handshake request: {'method': 'handshake', 'params': {'key': '-----BEGIN PUBLIC KEY-----\nMIGfMA0GCSqGSIb3DQEBAQUAA4GNADCBiQKBgQChm72ny7YdYkQmFezy//ERSmlQLufiT5E/L9ZHjGTQleDky6JzW5Ca275Ip2JBzFy1bwyzVzwKEVNDhXbXeW5uFUcUlZ5K+gEMiR5JzWLJCzJOjh+M8GXwbDyoGXGkIyBavZaEPo+hVsc9i74UQ92n8c42snQbrwbcOvPAjmZz4QIDAQAB\n-----END PUBLIC KEY-----\n'}}
Device responded with: {'error_code': 0, 'result': {'key': 'd91DDZeFb5LOuSiuzzEqxoz/uGXXf2wOiIKIrjbl+vuGmshvssaJyu1p/5nplgwhUG+1YdedF3KERz3puW/ZzEFWkzlK8PupLN/+duf5n3HfTdgmgDUgBB4SkCcMjuIGHg6D5BWXF/xkdNeBYnaJERUboJjPZ1QHeij1GHZX2MM='}}
Handshake with 192.168.100.112 complete
Posting to http://192.168.100.112/app
192.168.100.112: logged in with provided credentials
Posting to http://192.168.100.112/app?token=A3B14CB4BBE4C4E63FC680C775D722D7
Device 192.168.100.112 received an os error, enabling sequential request delay: Server disconnected
Device 192.168.100.112 got a connection error, will retry 3 times: ('Device connection error: 192.168.100.112: Server disconnected', ServerDisconnectedError('Server disconnected'))
192.168.100.112 multi-request-batch-1-of-1 >> '{"method":"multipleRequest","request_time_milis":1743675851050,"terminal_uuid":"/VNMOAjJmfZiX84ocEK1WA==","params":{"requests":[{"method":"component_nego"},{"method":"get_device_info"},{"method":"get_connect_cloud_state"}]}}'
Device 192.168.100.112 waiting 0.25 seconds to send request
Posting to http://192.168.100.112/app?token=A3B14CB4BBE4C4E63FC680C775D722D7
192.168.100.112 multi-request-batch-1-of-1 << {'error_code': 0,
 'result': {'responses': [{'error_code': 0,
                           'method': 'component_nego',
                           'result': {'component_list': [{'id': 'device',
                                                          'ver_code': 2},
                                                         {'id': 'firmware',
                                                          'ver_code': 1},
                                                         {'id': 'quick_setup',
                                                          'ver_code': 3},
                                                         {'id': 'time',
                                                          'ver_code': 1},
                                                         {'id': 'wireless',
                                                          'ver_code': 1},
                                                         {'id': 'schedule',
                                                          'ver_code': 2},
                                                         {'id': 'countdown',
                                                          'ver_code': 2},
                                                         {'id': 'antitheft',
                                                          'ver_code': 1},
                                                         {'id': 'account',
                                                          'ver_code': 1},
                                                         {'id': 'synchronize',
                                                          'ver_code': 1},
                                                         {'id': 'sunrise_sunset',
                                                          'ver_code': 1},
                                                         {'id': 'led',
                                                          'ver_code': 1},
                                                         {'id': 'cloud_connect',
                                                          'ver_code': 1},
                                                         {'id': 'iot_cloud',
                                                          'ver_code': 1},
                                                         {'id': 'default_states',
                                                          'ver_code': 1}]}},
                          {'error_code': 0,
                           'method': 'get_device_info',
                           'result': {'avatar': 'plug',
                                      'default_states': {'state': {},
                                                         'type': 'last_states'},
                                      'device_id': 'REDACTED_DB80F24B353338FA05BB18C1C486215',
                                      'device_on': True,
                                      'fw_id': 'REDACTED_A25ABDE41405B20C6F98816',
                                      'fw_ver': '1.3.7 Build 20230711 Rel. '
                                                '61904',
                                      'has_set_location_info': True,
                                      'hw_id': 'REDACTED_5B29645B8150C392284029D',
                                      'hw_ver': '1.0.0',
                                      'ip': '192.168.100.112',
                                      'lang': 'it_IT',
                                      'latitude': 0,
                                      'location': '',
                                      'longitude': 0,
                                      'mac': '74-DA-88-00-00-00',
                                      'model': 'P100',
                                      'nickname': 'I01BU0tFRF9OQU1FIw==',
                                      'oem_id': 'REDACTED_06C60A9AEEA36A3347B6EBC',
                                      'on_time': 4333,
                                      'overheated': False,
                                      'region': 'Europe/Rome',
                                      'rssi': -40,
                                      'signal_level': 3,
                                      'specs': 'EU',
                                      'ssid': 'I01BU0tFRF9TU0lEIw==',
                                      'time_diff': 60,
                                      'type': 'SMART.TAPOPLUG'}},
                          {'error_code': 0,
                           'method': 'get_connect_cloud_state',
                           'result': {'status': 0}}]}}
Device 192.168.100.112, found required cloud_connect, adding Cloud to modules.
Device 192.168.100.112, found required device, adding DeviceModule to modules.
Device 192.168.100.112, found required firmware, adding Firmware to modules.
Device 192.168.100.112, found required led, adding Led to modules.
Device 192.168.100.112, found required None, adding OverheatProtection to modules.
Device 192.168.100.112, found required time, adding Time to modules.
Querying 192.168.100.112 for modules: Time, Led
192.168.100.112 multi-request-batch-1-of-1 >> '{"method":"multipleRequest","request_time_milis":1743675851379,"terminal_uuid":"/VNMOAjJmfZiX84ocEK1WA==","params":{"requests":[{"method":"get_device_time"},{"method":"get_led_info"}]}}'
Device 192.168.100.112 waiting 0.23499999998603016 seconds to send request
Posting to http://192.168.100.112/app?token=A3B14CB4BBE4C4E63FC680C775D722D7
192.168.100.112 multi-request-batch-1-of-1 << {'error_code': 0,
 'result': {'responses': [{'error_code': 0,
                           'method': 'get_device_time',
                           'result': {'region': 'Europe/Rome',
                                      'time_diff': 60,
                                      'timestamp': 1743675847}},
                          {'error_code': 0,
                           'method': 'get_led_info',
                           'result': {'led_rule': 'always',
                                      'led_status': True,
                                      'night_mode': {'end_time': 0,
                                                     'night_mode_type': 'unknown',
                                                     'start_time': 0,
                                                     'sunrise_offset': 0,
                                                     'sunset_offset': 0}}}]}}
Update completed 192.168.100.112: ['component_nego', 'get_device_info', 'get_connect_cloud_state', 'get_device_time', 'get_led_info']
Unclosed client session
client_session: <aiohttp.client.ClientSession object at 0x0000017918734290>
Exception in default exception handler
Traceback (most recent call last):
  File "C:\Users\Davide\AppData\Local\Programs\Python\Python312\Lib\asyncio\base_events.py", line 1847, in call_exception_handler
    self.default_exception_handler(context)
  File "C:\Users\Davide\AppData\Local\Programs\Python\Python312\Lib\asyncio\base_events.py", line 1821, in default_exception_handler
    logger.error('\n'.join(log_lines), exc_info=exc_info)
  File "C:\Users\Davide\AppData\Local\Programs\Python\Python312\Lib\logging\__init__.py", line 1568, in error
    self._log(ERROR, msg, args, **kwargs)
  File "C:\Users\Davide\AppData\Local\Programs\Python\Python312\Lib\logging\__init__.py", line 1684, in _log
    self.handle(record)
  File "C:\Users\Davide\AppData\Local\Programs\Python\Python312\Lib\logging\__init__.py", line 1700, in handle
    self.callHandlers(record)
  File "C:\Users\Davide\AppData\Local\Programs\Python\Python312\Lib\logging\__init__.py", line 1762, in callHandlers
    hdlr.handle(record)
  File "C:\Users\Davide\Desktop\ServerSmartPlug\log_manager.py", line 16, in handle
    listener(record)
  File "C:\Users\Davide\Desktop\ServerSmartPlug\gui\windows.py", line 25, in _add_console_line
    self.console_text.configure(state='normal')
  File "C:\Users\Davide\AppData\Local\Programs\Python\Python312\Lib\tkinter\__init__.py", line 1722, in configure
    return self._configure('configure', cnf, kw)
           ^^^^^^^^^^^^^^^^^^^^^^^^^^^^^^^^^^^^^
  File "C:\Users\Davide\AppData\Local\Programs\Python\Python312\Lib\tkinter\__init__.py", line 1712, in _configure
    self.tk.call(_flatten((self._w, cmd)) + self._options(cnf))
_tkinter.TclError: invalid command name ".!frame4.!frame.!text"
Unclosed connector
connections: ['deque([(<aiohttp.client_proto.ResponseHandler object at 0x0000017918747B90>, 849407.468)])']
connector: <aiohttp.connector.TCPConnector object at 0x00000179187342C0>
Exception in default exception handler
Traceback (most recent call last):
  File "C:\Users\Davide\AppData\Local\Programs\Python\Python312\Lib\asyncio\base_events.py", line 1847, in call_exception_handler
    self.default_exception_handler(context)
  File "C:\Users\Davide\AppData\Local\Programs\Python\Python312\Lib\asyncio\base_events.py", line 1821, in default_exception_handler
    logger.error('\n'.join(log_lines), exc_info=exc_info)
  File "C:\Users\Davide\AppData\Local\Programs\Python\Python312\Lib\logging\__init__.py", line 1568, in error
    self._log(ERROR, msg, args, **kwargs)
  File "C:\Users\Davide\AppData\Local\Programs\Python\Python312\Lib\logging\__init__.py", line 1684, in _log
    self.handle(record)
  File "C:\Users\Davide\AppData\Local\Programs\Python\Python312\Lib\logging\__init__.py", line 1700, in handle
    self.callHandlers(record)
  File "C:\Users\Davide\AppData\Local\Programs\Python\Python312\Lib\logging\__init__.py", line 1762, in callHandlers
    hdlr.handle(record)
  File "C:\Users\Davide\Desktop\ServerSmartPlug\log_manager.py", line 16, in handle
    listener(record)
  File "C:\Users\Davide\Desktop\ServerSmartPlug\gui\windows.py", line 25, in _add_console_line
    self.console_text.configure(state='normal')
  File "C:\Users\Davide\AppData\Local\Programs\Python\Python312\Lib\tkinter\__init__.py", line 1722, in configure
    return self._configure('configure', cnf, kw)
           ^^^^^^^^^^^^^^^^^^^^^^^^^^^^^^^^^^^^^
  File "C:\Users\Davide\AppData\Local\Programs\Python\Python312\Lib\tkinter\__init__.py", line 1712, in _configure
    self.tk.call(_flatten((self._w, cmd)) + self._options(cnf))
_tkinter.TclError: invalid command name ".!frame4.!frame.!text"
Discovery started...
Using proactor: IocpProactor
Listening on 127.0.0.1:8080
[DISCOVERY] 255.255.255.255 >> {'system': {'get_sysinfo': {}}}
Waiting 5 seconds for responses...
Using proactor: IocpProactor
Using SmartDevice for SMART.TAPOPLUG
Finding protocol for 192.168.100.112
Finding protocol for DeviceFamily.SmartTapoPlug
Finding transport for SMART.AES
Created AES transport for 192.168.100.112
[DISCOVERY] 192.168.100.112 << {'error_code': 0,
 'result': {'device_id': 'REDACTED_c913ec3cd97a6bec2fbb1ee',
            'device_model': 'P100',
            'device_type': 'SMART.TAPOPLUG',
            'factory_default': False,
            'ip': '192.168.100.112',
            'is_support_iot_cloud': True,
            'mac': '74-DA-88-00-00-00',
            'mgt_encrypt_schm': {'encrypt_type': 'AES',
                                 'http_port': 80,
                                 'is_support_https': False,
                                 'lv': 2},
            'owner': 'REDACTED_19347acd812465188388075'}}
Initializing 192.168.100.112 of type <class 'kasa.smart.smartdevice.SmartDevice'>
Discovery finished! Found: 1 device(s)
Discovered 1 devices
Using proactor: IocpProactor
[DISCOVERY] 192.168.100.112 >> {'system': {'get_sysinfo': {}}}
Waiting a total of 5 seconds for responses...
Using SmartDevice for SMART.TAPOPLUG
Finding protocol for 192.168.100.112
Finding protocol for DeviceFamily.SmartTapoPlug
Finding transport for SMART.AES
Created AES transport for 192.168.100.112
[DISCOVERY] 192.168.100.112 << {'error_code': 0,
 'result': {'device_id': 'REDACTED_c913ec3cd97a6bec2fbb1ee',
            'device_model': 'P100',
            'device_type': 'SMART.TAPOPLUG',
            'factory_default': False,
            'ip': '192.168.100.112',
            'is_support_iot_cloud': True,
            'mac': '74-DA-88-00-00-00',
            'mgt_encrypt_schm': {'encrypt_type': 'AES',
                                 'http_port': 80,
                                 'is_support_https': False,
                                 'lv': 2},
            'owner': 'REDACTED_19347acd812465188388075'}}
Initializing 192.168.100.112 of type <class 'kasa.smart.smartdevice.SmartDevice'>
192.168.100.112 multi-request-batch-1-of-1 >> '{"method":"multipleRequest","request_time_milis":1743675908045,"terminal_uuid":"CR066CFlT8v5T9a/CBpG9g==","params":{"requests":[{"method":"component_nego"},{"method":"get_device_info"},{"method":"get_connect_cloud_state"}]}}'
Will perform handshaking...
Posting to http://192.168.100.112/app
Generating keypair
Handshake request: {'method': 'handshake', 'params': {'key': '-----BEGIN PUBLIC KEY-----\nMIGfMA0GCSqGSIb3DQEBAQUAA4GNADCBiQKBgQDEcggPwb7u0CgR1gYvVv2fGFtvwBUFRFcYCPOx4P4iynhlwqS4DnoHMiOcq9FOzDw5mTS/6TeD1pLs8en6bKejzR2MhnS1d4A5fe1IVgy2pQLzlOn9TpzuGOJaquEKgJ7I9R3C20Q1/rH2A7bhIlt7DZECh6/JOCdwye5IF2Tw1wIDAQAB\n-----END PUBLIC KEY-----\n'}}
Device responded with: {'error_code': 0, 'result': {'key': 'k4sWAH4cpHGIDZH/WuALb+OLdupAClJ7ZpLJnc0nxQkGYQwwYr3ZJ33rqaUJ0Q9vXq3q/6r0WfRG1Cgaix10WU/WlpKD5k/yDj6rX/QkV6J07lGE2LTgfPwbFZdcB2bY2ObGZkQFSpafEtlPiDYsUFp93Ai/3Kko8bXrbyLEi3c='}}
Handshake with 192.168.100.112 complete
Posting to http://192.168.100.112/app
192.168.100.112: logged in with provided credentials
Posting to http://192.168.100.112/app?token=F0BB7EB09A00DD05A755045731776076
Device 192.168.100.112 received an os error, enabling sequential request delay: Server disconnected
Device 192.168.100.112 got a connection error, will retry 3 times: ('Device connection error: 192.168.100.112: Server disconnected', ServerDisconnectedError('Server disconnected'))
192.168.100.112 multi-request-batch-1-of-1 >> '{"method":"multipleRequest","request_time_milis":1743675908186,"terminal_uuid":"CR066CFlT8v5T9a/CBpG9g==","params":{"requests":[{"method":"component_nego"},{"method":"get_device_info"},{"method":"get_connect_cloud_state"}]}}'
Device 192.168.100.112 waiting 0.25 seconds to send request
Posting to http://192.168.100.112/app?token=F0BB7EB09A00DD05A755045731776076
192.168.100.112 multi-request-batch-1-of-1 << {'error_code': 0,
 'result': {'responses': [{'error_code': 0,
                           'method': 'component_nego',
                           'result': {'component_list': [{'id': 'device',
                                                          'ver_code': 2},
                                                         {'id': 'firmware',
                                                          'ver_code': 1},
                                                         {'id': 'quick_setup',
                                                          'ver_code': 3},
                                                         {'id': 'time',
                                                          'ver_code': 1},
                                                         {'id': 'wireless',
                                                          'ver_code': 1},
                                                         {'id': 'schedule',
                                                          'ver_code': 2},
                                                         {'id': 'countdown',
                                                          'ver_code': 2},
                                                         {'id': 'antitheft',
                                                          'ver_code': 1},
                                                         {'id': 'account',
                                                          'ver_code': 1},
                                                         {'id': 'synchronize',
                                                          'ver_code': 1},
                                                         {'id': 'sunrise_sunset',
                                                          'ver_code': 1},
                                                         {'id': 'led',
                                                          'ver_code': 1},
                                                         {'id': 'cloud_connect',
                                                          'ver_code': 1},
                                                         {'id': 'iot_cloud',
                                                          'ver_code': 1},
                                                         {'id': 'default_states',
                                                          'ver_code': 1}]}},
                          {'error_code': 0,
                           'method': 'get_device_info',
                           'result': {'avatar': 'plug',
                                      'default_states': {'state': {},
                                                         'type': 'last_states'},
                                      'device_id': 'REDACTED_DB80F24B353338FA05BB18C1C486215',
                                      'device_on': True,
                                      'fw_id': 'REDACTED_A25ABDE41405B20C6F98816',
                                      'fw_ver': '1.3.7 Build 20230711 Rel. '
                                                '61904',
                                      'has_set_location_info': True,
                                      'hw_id': 'REDACTED_5B29645B8150C392284029D',
                                      'hw_ver': '1.0.0',
                                      'ip': '192.168.100.112',
                                      'lang': 'it_IT',
                                      'latitude': 0,
                                      'location': '',
                                      'longitude': 0,
                                      'mac': '74-DA-88-00-00-00',
                                      'model': 'P100',
                                      'nickname': 'I01BU0tFRF9OQU1FIw==',
                                      'oem_id': 'REDACTED_06C60A9AEEA36A3347B6EBC',
                                      'on_time': 4391,
                                      'overheated': False,
                                      'region': 'Europe/Rome',
                                      'rssi': -40,
                                      'signal_level': 3,
                                      'specs': 'EU',
                                      'ssid': 'I01BU0tFRF9TU0lEIw==',
                                      'time_diff': 60,
                                      'type': 'SMART.TAPOPLUG'}},
                          {'error_code': 0,
                           'method': 'get_connect_cloud_state',
                           'result': {'status': 0}}]}}
Device 192.168.100.112, found required cloud_connect, adding Cloud to modules.
Device 192.168.100.112, found required device, adding DeviceModule to modules.
Device 192.168.100.112, found required firmware, adding Firmware to modules.
Device 192.168.100.112, found required led, adding Led to modules.
Device 192.168.100.112, found required None, adding OverheatProtection to modules.
Device 192.168.100.112, found required time, adding Time to modules.
Querying 192.168.100.112 for modules: Time, Led
192.168.100.112 multi-request-batch-1-of-1 >> '{"method":"multipleRequest","request_time_milis":1743675908522,"terminal_uuid":"CR066CFlT8v5T9a/CBpG9g==","params":{"requests":[{"method":"get_device_time"},{"method":"get_led_info"}]}}'
Device 192.168.100.112 waiting 0.25 seconds to send request
Posting to http://192.168.100.112/app?token=F0BB7EB09A00DD05A755045731776076
192.168.100.112 multi-request-batch-1-of-1 << {'error_code': 0,
 'result': {'responses': [{'error_code': 0,
                           'method': 'get_device_time',
                           'result': {'region': 'Europe/Rome',
                                      'time_diff': 60,
                                      'timestamp': 1743675904}},
                          {'error_code': 0,
                           'method': 'get_led_info',
                           'result': {'led_rule': 'always',
                                      'led_status': True,
                                      'night_mode': {'end_time': 0,
                                                     'night_mode_type': 'unknown',
                                                     'start_time': 0,
                                                     'sunrise_offset': 0,
                                                     'sunset_offset': 0}}}]}}
Update completed 192.168.100.112: ['component_nego', 'get_device_info', 'get_connect_cloud_state', 'get_device_time', 'get_led_info']
True
Unclosed client session
client_session: <aiohttp.client.ClientSession object at 0x00000222FF2C4410>
Exception in default exception handler
Traceback (most recent call last):
  File "C:\Users\Davide\AppData\Local\Programs\Python\Python312\Lib\asyncio\base_events.py", line 1847, in call_exception_handler
    self.default_exception_handler(context)
  File "C:\Users\Davide\AppData\Local\Programs\Python\Python312\Lib\asyncio\base_events.py", line 1821, in default_exception_handler
    logger.error('\n'.join(log_lines), exc_info=exc_info)
  File "C:\Users\Davide\AppData\Local\Programs\Python\Python312\Lib\logging\__init__.py", line 1568, in error
    self._log(ERROR, msg, args, **kwargs)
  File "C:\Users\Davide\AppData\Local\Programs\Python\Python312\Lib\logging\__init__.py", line 1684, in _log
    self.handle(record)
  File "C:\Users\Davide\AppData\Local\Programs\Python\Python312\Lib\logging\__init__.py", line 1700, in handle
    self.callHandlers(record)
  File "C:\Users\Davide\AppData\Local\Programs\Python\Python312\Lib\logging\__init__.py", line 1762, in callHandlers
    hdlr.handle(record)
  File "C:\Users\Davide\Desktop\ServerSmartPlug\log_manager.py", line 16, in handle
    listener(record)
  File "C:\Users\Davide\Desktop\ServerSmartPlug\gui\windows.py", line 25, in _add_console_line
    self.console_text.configure(state='normal')
  File "C:\Users\Davide\AppData\Local\Programs\Python\Python312\Lib\tkinter\__init__.py", line 1722, in configure
    return self._configure('configure', cnf, kw)
           ^^^^^^^^^^^^^^^^^^^^^^^^^^^^^^^^^^^^^
  File "C:\Users\Davide\AppData\Local\Programs\Python\Python312\Lib\tkinter\__init__.py", line 1712, in _configure
    self.tk.call(_flatten((self._w, cmd)) + self._options(cnf))
_tkinter.TclError: invalid command name ".!frame4.!frame.!text"
Unclosed connector
connections: ['deque([(<aiohttp.client_proto.ResponseHandler object at 0x00000222FF2D7A70>, 849464.578)])']
connector: <aiohttp.connector.TCPConnector object at 0x00000222FDE2A0F0>
Exception in default exception handler
Traceback (most recent call last):
  File "C:\Users\Davide\AppData\Local\Programs\Python\Python312\Lib\asyncio\base_events.py", line 1847, in call_exception_handler
    self.default_exception_handler(context)
  File "C:\Users\Davide\AppData\Local\Programs\Python\Python312\Lib\asyncio\base_events.py", line 1821, in default_exception_handler
    logger.error('\n'.join(log_lines), exc_info=exc_info)
  File "C:\Users\Davide\AppData\Local\Programs\Python\Python312\Lib\logging\__init__.py", line 1568, in error
    self._log(ERROR, msg, args, **kwargs)
  File "C:\Users\Davide\AppData\Local\Programs\Python\Python312\Lib\logging\__init__.py", line 1684, in _log
    self.handle(record)
  File "C:\Users\Davide\AppData\Local\Programs\Python\Python312\Lib\logging\__init__.py", line 1700, in handle
    self.callHandlers(record)
  File "C:\Users\Davide\AppData\Local\Programs\Python\Python312\Lib\logging\__init__.py", line 1762, in callHandlers
    hdlr.handle(record)
  File "C:\Users\Davide\Desktop\ServerSmartPlug\log_manager.py", line 16, in handle
    listener(record)
  File "C:\Users\Davide\Desktop\ServerSmartPlug\gui\windows.py", line 25, in _add_console_line
    self.console_text.configure(state='normal')
  File "C:\Users\Davide\AppData\Local\Programs\Python\Python312\Lib\tkinter\__init__.py", line 1722, in configure
    return self._configure('configure', cnf, kw)
           ^^^^^^^^^^^^^^^^^^^^^^^^^^^^^^^^^^^^^
  File "C:\Users\Davide\AppData\Local\Programs\Python\Python312\Lib\tkinter\__init__.py", line 1712, in _configure
    self.tk.call(_flatten((self._w, cmd)) + self._options(cnf))
_tkinter.TclError: invalid command name ".!frame4.!frame.!text"
Discovery started...
Using proactor: IocpProactor
Listening on 127.0.0.1:8080
[DISCOVERY] 255.255.255.255 >> {'system': {'get_sysinfo': {}}}
Waiting 5 seconds for responses...
Using proactor: IocpProactor
Using SmartDevice for SMART.TAPOPLUG
Finding protocol for 192.168.100.112
Finding protocol for DeviceFamily.SmartTapoPlug
Finding transport for SMART.AES
Created AES transport for 192.168.100.112
[DISCOVERY] 192.168.100.112 << {'error_code': 0,
 'result': {'device_id': 'REDACTED_c913ec3cd97a6bec2fbb1ee',
            'device_model': 'P100',
            'device_type': 'SMART.TAPOPLUG',
            'factory_default': False,
            'ip': '192.168.100.112',
            'is_support_iot_cloud': True,
            'mac': '74-DA-88-00-00-00',
            'mgt_encrypt_schm': {'encrypt_type': 'AES',
                                 'http_port': 80,
                                 'is_support_https': False,
                                 'lv': 2},
            'owner': 'REDACTED_19347acd812465188388075'}}
Initializing 192.168.100.112 of type <class 'kasa.smart.smartdevice.SmartDevice'>
Discovery finished! Found: 1 device(s)
Discovered 1 devices
Discovery started...
Using proactor: IocpProactor
Listening on 127.0.0.1:8080
[DISCOVERY] 255.255.255.255 >> {'system': {'get_sysinfo': {}}}
Waiting 5 seconds for responses...
Using proactor: IocpProactor
Using SmartDevice for SMART.TAPOPLUG
Finding protocol for 192.168.100.112
Finding protocol for DeviceFamily.SmartTapoPlug
Finding transport for SMART.AES
Created AES transport for 192.168.100.112
[DISCOVERY] 192.168.100.112 << {'error_code': 0,
 'result': {'device_id': 'REDACTED_c913ec3cd97a6bec2fbb1ee',
            'device_model': 'P100',
            'device_type': 'SMART.TAPOPLUG',
            'factory_default': False,
            'ip': '192.168.100.112',
            'is_support_iot_cloud': True,
            'mac': '74-DA-88-00-00-00',
            'mgt_encrypt_schm': {'encrypt_type': 'AES',
                                 'http_port': 80,
                                 'is_support_https': False,
                                 'lv': 2},
            'owner': 'REDACTED_19347acd812465188388075'}}
Initializing 192.168.100.112 of type <class 'kasa.smart.smartdevice.SmartDevice'>
Discovery finished! Found: 1 device(s)
Discovered 1 devices
False
Discovery started...
Using proactor: IocpProactor
Listening on 127.0.0.1:8080
[DISCOVERY] 255.255.255.255 >> {'system': {'get_sysinfo': {}}}
Waiting 5 seconds for responses...
Using proactor: IocpProactor
Using SmartDevice for SMART.TAPOPLUG
Finding protocol for 192.168.100.112
Finding protocol for DeviceFamily.SmartTapoPlug
Finding transport for SMART.AES
Created AES transport for 192.168.100.112
[DISCOVERY] 192.168.100.112 << {'error_code': 0,
 'result': {'device_id': 'REDACTED_c913ec3cd97a6bec2fbb1ee',
            'device_model': 'P100',
            'device_type': 'SMART.TAPOPLUG',
            'factory_default': False,
            'ip': '192.168.100.112',
            'is_support_iot_cloud': True,
            'mac': '74-DA-88-00-00-00',
            'mgt_encrypt_schm': {'encrypt_type': 'AES',
                                 'http_port': 80,
                                 'is_support_https': False,
                                 'lv': 2},
            'owner': 'REDACTED_19347acd812465188388075'}}
Initializing 192.168.100.112 of type <class 'kasa.smart.smartdevice.SmartDevice'>
Discovery finished! Found: 1 device(s)
Discovered 1 devices
False
False
Discovery started...
Using proactor: IocpProactor
Listening on 127.0.0.1:8080
[DISCOVERY] 255.255.255.255 >> {'system': {'get_sysinfo': {}}}
Waiting 5 seconds for responses...
Using proactor: IocpProactor
Using SmartDevice for SMART.TAPOPLUG
Finding protocol for 192.168.100.112
Finding protocol for DeviceFamily.SmartTapoPlug
Finding transport for SMART.AES
Created AES transport for 192.168.100.112
[DISCOVERY] 192.168.100.112 << {'error_code': 0,
 'result': {'device_id': 'REDACTED_c913ec3cd97a6bec2fbb1ee',
            'device_model': 'P100',
            'device_type': 'SMART.TAPOPLUG',
            'factory_default': False,
            'ip': '192.168.100.112',
            'is_support_iot_cloud': True,
            'mac': '74-DA-88-00-00-00',
            'mgt_encrypt_schm': {'encrypt_type': 'AES',
                                 'http_port': 80,
                                 'is_support_https': False,
                                 'lv': 2},
            'owner': 'REDACTED_19347acd812465188388075'}}
Initializing 192.168.100.112 of type <class 'kasa.smart.smartdevice.SmartDevice'>
Discovery finished! Found: 1 device(s)
Discovered 1 devices
False
False
Discovery started...
Using proactor: IocpProactor
Listening on 127.0.0.1:8080
[DISCOVERY] 255.255.255.255 >> {'system': {'get_sysinfo': {}}}
Waiting 5 seconds for responses...
Using SmartDevice for SMART.TAPOPLUG
Finding protocol for 192.168.100.112
Finding protocol for DeviceFamily.SmartTapoPlug
Finding transport for SMART.AES
Created AES transport for 192.168.100.112
[DISCOVERY] 192.168.100.112 << {'error_code': 0,
 'result': {'device_id': 'REDACTED_c913ec3cd97a6bec2fbb1ee',
            'device_model': 'P100',
            'device_type': 'SMART.TAPOPLUG',
            'factory_default': False,
            'ip': '192.168.100.112',
            'is_support_iot_cloud': True,
            'mac': '74-DA-88-00-00-00',
            'mgt_encrypt_schm': {'encrypt_type': 'AES',
                                 'http_port': 80,
                                 'is_support_https': False,
                                 'lv': 2},
            'owner': 'REDACTED_19347acd812465188388075'}}
Initializing 192.168.100.112 of type <class 'kasa.smart.smartdevice.SmartDevice'>
Using proactor: IocpProactor
Discovery finished! Found: 1 device(s)
Discovered 1 devices
False
Discovery started...
Using proactor: IocpProactor
Listening on 127.0.0.1:8080
[DISCOVERY] 255.255.255.255 >> {'system': {'get_sysinfo': {}}}
Waiting 5 seconds for responses...
Using proactor: IocpProactor
Using SmartDevice for SMART.TAPOPLUG
Finding protocol for 192.168.100.112
Finding protocol for DeviceFamily.SmartTapoPlug
Finding transport for SMART.AES
Created AES transport for 192.168.100.112
[DISCOVERY] 192.168.100.112 << {'error_code': 0,
 'result': {'device_id': 'REDACTED_c913ec3cd97a6bec2fbb1ee',
            'device_model': 'P100',
            'device_type': 'SMART.TAPOPLUG',
            'factory_default': False,
            'ip': '192.168.100.112',
            'is_support_iot_cloud': True,
            'mac': '74-DA-88-00-00-00',
            'mgt_encrypt_schm': {'encrypt_type': 'AES',
                                 'http_port': 80,
                                 'is_support_https': False,
                                 'lv': 2},
            'owner': 'REDACTED_19347acd812465188388075'}}
Initializing 192.168.100.112 of type <class 'kasa.smart.smartdevice.SmartDevice'>
Discovery finished! Found: 1 device(s)
Discovered 1 devices
False
Discovery started...
Using proactor: IocpProactor
Listening on 127.0.0.1:8080
[DISCOVERY] 255.255.255.255 >> {'system': {'get_sysinfo': {}}}
Waiting 5 seconds for responses...
Using proactor: IocpProactor
Using SmartDevice for SMART.TAPOPLUG
Finding protocol for 192.168.100.112
Finding protocol for DeviceFamily.SmartTapoPlug
Finding transport for SMART.AES
Created AES transport for 192.168.100.112
[DISCOVERY] 192.168.100.112 << {'error_code': 0,
 'result': {'device_id': 'REDACTED_c913ec3cd97a6bec2fbb1ee',
            'device_model': 'P100',
            'device_type': 'SMART.TAPOPLUG',
            'factory_default': False,
            'ip': '192.168.100.112',
            'is_support_iot_cloud': True,
            'mac': '74-DA-88-00-00-00',
            'mgt_encrypt_schm': {'encrypt_type': 'AES',
                                 'http_port': 80,
                                 'is_support_https': False,
                                 'lv': 2},
            'owner': 'REDACTED_19347acd812465188388075'}}
Initializing 192.168.100.112 of type <class 'kasa.smart.smartdevice.SmartDevice'>
Discovery finished! Found: 1 device(s)
Discovered 1 devices
Using proactor: IocpProactor
[DISCOVERY] 192.168.100.112 >> {'system': {'get_sysinfo': {}}}
Waiting a total of 5 seconds for responses...
Using SmartDevice for SMART.TAPOPLUG
Finding protocol for 192.168.100.112
Finding protocol for DeviceFamily.SmartTapoPlug
Finding transport for SMART.AES
Created AES transport for 192.168.100.112
[DISCOVERY] 192.168.100.112 << {'error_code': 0,
 'result': {'device_id': 'REDACTED_c913ec3cd97a6bec2fbb1ee',
            'device_model': 'P100',
            'device_type': 'SMART.TAPOPLUG',
            'factory_default': False,
            'ip': '192.168.100.112',
            'is_support_iot_cloud': True,
            'mac': '74-DA-88-00-00-00',
            'mgt_encrypt_schm': {'encrypt_type': 'AES',
                                 'http_port': 80,
                                 'is_support_https': False,
                                 'lv': 2},
            'owner': 'REDACTED_19347acd812465188388075'}}
Initializing 192.168.100.112 of type <class 'kasa.smart.smartdevice.SmartDevice'>
192.168.100.112 multi-request-batch-1-of-1 >> '{"method":"multipleRequest","request_time_milis":1743682843272,"terminal_uuid":"jRNQrQVpmNkliruqHpKNPQ==","params":{"requests":[{"method":"component_nego"},{"method":"get_device_info"},{"method":"get_connect_cloud_state"}]}}'
Will perform handshaking...
Posting to http://192.168.100.112/app
Generating keypair
Handshake request: {'method': 'handshake', 'params': {'key': '-----BEGIN PUBLIC KEY-----\nMIGfMA0GCSqGSIb3DQEBAQUAA4GNADCBiQKBgQCTyB76b/ieT1tPScO8808y13TNQM5b/47V0bO6dSpTXGEwPRXHc861IdPtxXPQ83xeyEQBs6DaLih7sr6XEP7saZT9I7iaeKkDeLmXOu1LclP9cEJdzQ/uhVQCAUV5g1UcPXZRsZJAWaX5WklyAYQd/sSIwg5ltDLpM37bbBE2TwIDAQAB\n-----END PUBLIC KEY-----\n'}}
Device responded with: {'error_code': 0, 'result': {'key': 'LMp74w2XMnB16raeOScNbGPNOVQjXNHDLfDhw7TUVPQ2Vg8NZgdBUploR7Y3pqDJej5CeB4052PxTOco6VWn0qksQlfogZnR9ydnLNF+AR1JersBmhy+O90t2YxLstcv63ifkWuWNkWUlIstG4yqA9r2bZlaoyV45M3oKLTS2mc='}}
Handshake with 192.168.100.112 complete
Posting to http://192.168.100.112/app
192.168.100.112: logged in with provided credentials
Posting to http://192.168.100.112/app?token=32B02F4DF79A79EC958F52BC2C8DC79C
Device 192.168.100.112 received an os error, enabling sequential request delay: Server disconnected
Device 192.168.100.112 got a connection error, will retry 3 times: ('Device connection error: 192.168.100.112: Server disconnected', ServerDisconnectedError('Server disconnected'))
192.168.100.112 multi-request-batch-1-of-1 >> '{"method":"multipleRequest","request_time_milis":1743682843373,"terminal_uuid":"jRNQrQVpmNkliruqHpKNPQ==","params":{"requests":[{"method":"component_nego"},{"method":"get_device_info"},{"method":"get_connect_cloud_state"}]}}'
Device 192.168.100.112 waiting 0.25 seconds to send request
Posting to http://192.168.100.112/app?token=32B02F4DF79A79EC958F52BC2C8DC79C
192.168.100.112 multi-request-batch-1-of-1 << {'error_code': 0,
 'result': {'responses': [{'error_code': 0,
                           'method': 'component_nego',
                           'result': {'component_list': [{'id': 'device',
                                                          'ver_code': 2},
                                                         {'id': 'firmware',
                                                          'ver_code': 1},
                                                         {'id': 'quick_setup',
                                                          'ver_code': 3},
                                                         {'id': 'time',
                                                          'ver_code': 1},
                                                         {'id': 'wireless',
                                                          'ver_code': 1},
                                                         {'id': 'schedule',
                                                          'ver_code': 2},
                                                         {'id': 'countdown',
                                                          'ver_code': 2},
                                                         {'id': 'antitheft',
                                                          'ver_code': 1},
                                                         {'id': 'account',
                                                          'ver_code': 1},
                                                         {'id': 'synchronize',
                                                          'ver_code': 1},
                                                         {'id': 'sunrise_sunset',
                                                          'ver_code': 1},
                                                         {'id': 'led',
                                                          'ver_code': 1},
                                                         {'id': 'cloud_connect',
                                                          'ver_code': 1},
                                                         {'id': 'iot_cloud',
                                                          'ver_code': 1},
                                                         {'id': 'default_states',
                                                          'ver_code': 1}]}},
                          {'error_code': 0,
                           'method': 'get_device_info',
                           'result': {'avatar': 'plug',
                                      'default_states': {'state': {},
                                                         'type': 'last_states'},
                                      'device_id': 'REDACTED_DB80F24B353338FA05BB18C1C486215',
                                      'device_on': True,
                                      'fw_id': 'REDACTED_A25ABDE41405B20C6F98816',
                                      'fw_ver': '1.3.7 Build 20230711 Rel. '
                                                '61904',
                                      'has_set_location_info': True,
                                      'hw_id': 'REDACTED_5B29645B8150C392284029D',
                                      'hw_ver': '1.0.0',
                                      'ip': '192.168.100.112',
                                      'lang': 'it_IT',
                                      'latitude': 0,
                                      'location': '',
                                      'longitude': 0,
                                      'mac': '74-DA-88-00-00-00',
                                      'model': 'P100',
                                      'nickname': 'I01BU0tFRF9OQU1FIw==',
                                      'oem_id': 'REDACTED_06C60A9AEEA36A3347B6EBC',
                                      'on_time': 11326,
                                      'overheated': False,
                                      'region': 'Europe/Rome',
                                      'rssi': -40,
                                      'signal_level': 3,
                                      'specs': 'EU',
                                      'ssid': 'I01BU0tFRF9TU0lEIw==',
                                      'time_diff': 60,
                                      'type': 'SMART.TAPOPLUG'}},
                          {'error_code': 0,
                           'method': 'get_connect_cloud_state',
                           'result': {'status': 0}}]}}
Device 192.168.100.112, found required cloud_connect, adding Cloud to modules.
Device 192.168.100.112, found required device, adding DeviceModule to modules.
Device 192.168.100.112, found required firmware, adding Firmware to modules.
Device 192.168.100.112, found required led, adding Led to modules.
Device 192.168.100.112, found required None, adding OverheatProtection to modules.
Device 192.168.100.112, found required time, adding Time to modules.
Querying 192.168.100.112 for modules: Time, Led
192.168.100.112 multi-request-batch-1-of-1 >> '{"method":"multipleRequest","request_time_milis":1743682843699,"terminal_uuid":"jRNQrQVpmNkliruqHpKNPQ==","params":{"requests":[{"method":"get_device_time"},{"method":"get_led_info"}]}}'
Device 192.168.100.112 waiting 0.25 seconds to send request
Posting to http://192.168.100.112/app?token=32B02F4DF79A79EC958F52BC2C8DC79C
192.168.100.112 multi-request-batch-1-of-1 << {'error_code': 0,
 'result': {'responses': [{'error_code': 0,
                           'method': 'get_device_time',
                           'result': {'region': 'Europe/Rome',
                                      'time_diff': 60,
                                      'timestamp': 1743682839}},
                          {'error_code': 0,
                           'method': 'get_led_info',
                           'result': {'led_rule': 'always',
                                      'led_status': True,
                                      'night_mode': {'end_time': 0,
                                                     'night_mode_type': 'unknown',
                                                     'start_time': 0,
                                                     'sunrise_offset': 0,
                                                     'sunset_offset': 0}}}]}}
Update completed 192.168.100.112: ['component_nego', 'get_device_info', 'get_connect_cloud_state', 'get_device_time', 'get_led_info']
None
Discovery started...
Using proactor: IocpProactor
Listening on 127.0.0.1:8080
[DISCOVERY] 255.255.255.255 >> {'system': {'get_sysinfo': {}}}
Waiting 5 seconds for responses...
Using proactor: IocpProactor
Using SmartDevice for SMART.TAPOPLUG
Finding protocol for 192.168.100.112
Finding protocol for DeviceFamily.SmartTapoPlug
Finding transport for SMART.AES
Created AES transport for 192.168.100.112
[DISCOVERY] 192.168.100.112 << {'error_code': 0,
 'result': {'device_id': 'REDACTED_c913ec3cd97a6bec2fbb1ee',
            'device_model': 'P100',
            'device_type': 'SMART.TAPOPLUG',
            'factory_default': False,
            'ip': '192.168.100.112',
            'is_support_iot_cloud': True,
            'mac': '74-DA-88-00-00-00',
            'mgt_encrypt_schm': {'encrypt_type': 'AES',
                                 'http_port': 80,
                                 'is_support_https': False,
                                 'lv': 2},
            'owner': 'REDACTED_19347acd812465188388075'}}
Initializing 192.168.100.112 of type <class 'kasa.smart.smartdevice.SmartDevice'>
Discovery finished! Found: 1 device(s)
Discovered 1 devices
Using proactor: IocpProactor
[DISCOVERY] 192.168.100.112 >> {'system': {'get_sysinfo': {}}}
Waiting a total of 5 seconds for responses...
Using SmartDevice for SMART.TAPOPLUG
Finding protocol for 192.168.100.112
Finding protocol for DeviceFamily.SmartTapoPlug
Finding transport for SMART.AES
Created AES transport for 192.168.100.112
[DISCOVERY] 192.168.100.112 << {'error_code': 0,
 'result': {'device_id': 'REDACTED_c913ec3cd97a6bec2fbb1ee',
            'device_model': 'P100',
            'device_type': 'SMART.TAPOPLUG',
            'factory_default': False,
            'ip': '192.168.100.112',
            'is_support_iot_cloud': True,
            'mac': '74-DA-88-00-00-00',
            'mgt_encrypt_schm': {'encrypt_type': 'AES',
                                 'http_port': 80,
                                 'is_support_https': False,
                                 'lv': 2},
            'owner': 'REDACTED_19347acd812465188388075'}}
Initializing 192.168.100.112 of type <class 'kasa.smart.smartdevice.SmartDevice'>
192.168.100.112 multi-request-batch-1-of-1 >> '{"method":"multipleRequest","request_time_milis":1743683012323,"terminal_uuid":"XzCqoBByXJDcUvbGyqnskw==","params":{"requests":[{"method":"component_nego"},{"method":"get_device_info"},{"method":"get_connect_cloud_state"}]}}'
Will perform handshaking...
Posting to http://192.168.100.112/app
Generating keypair
Handshake request: {'method': 'handshake', 'params': {'key': '-----BEGIN PUBLIC KEY-----\nMIGfMA0GCSqGSIb3DQEBAQUAA4GNADCBiQKBgQDCZrb86REgH58JzM5R0ebBaLFkKsyxReFyXK0HGCTwEUnWUSM4H78bfBsno7nV/X3CgO6bH9qYx3PD9SXK1HMA3ZcY5rCufOeHStV237ld1xegxQzKOo7cK1t6PhXhK5C+W7wB0X1EV/lgZqmj+WkU2AbJx22LGDK+r/+nYa8xNwIDAQAB\n-----END PUBLIC KEY-----\n'}}
Device responded with: {'error_code': 0, 'result': {'key': 'qZZ0bBtuyxztZbJ2fKBu8xWdyZwda+aimWQLNbIXE80YVWCwSD7FXOALdNar67PAyy/tKh58ZOmrv6aCmtRP2T13mPgVKG7NeAhMggrU3C+PN4Mf16aNr509G+8gghWtqc2MdNhLhUnAX5mSRVmSERsyXBusiSL6RMQJtmW4U/4='}}
Handshake with 192.168.100.112 complete
Posting to http://192.168.100.112/app
192.168.100.112: logged in with provided credentials
Posting to http://192.168.100.112/app?token=D75AD158B178B2798A6903699F695B69
Device 192.168.100.112 received an os error, enabling sequential request delay: Server disconnected
Device 192.168.100.112 got a connection error, will retry 3 times: ('Device connection error: 192.168.100.112: Server disconnected', ServerDisconnectedError('Server disconnected'))
192.168.100.112 multi-request-batch-1-of-1 >> '{"method":"multipleRequest","request_time_milis":1743683012422,"terminal_uuid":"XzCqoBByXJDcUvbGyqnskw==","params":{"requests":[{"method":"component_nego"},{"method":"get_device_info"},{"method":"get_connect_cloud_state"}]}}'
Device 192.168.100.112 waiting 0.25 seconds to send request
Posting to http://192.168.100.112/app?token=D75AD158B178B2798A6903699F695B69
192.168.100.112 multi-request-batch-1-of-1 << {'error_code': 0,
 'result': {'responses': [{'error_code': 0,
                           'method': 'component_nego',
                           'result': {'component_list': [{'id': 'device',
                                                          'ver_code': 2},
                                                         {'id': 'firmware',
                                                          'ver_code': 1},
                                                         {'id': 'quick_setup',
                                                          'ver_code': 3},
                                                         {'id': 'time',
                                                          'ver_code': 1},
                                                         {'id': 'wireless',
                                                          'ver_code': 1},
                                                         {'id': 'schedule',
                                                          'ver_code': 2},
                                                         {'id': 'countdown',
                                                          'ver_code': 2},
                                                         {'id': 'antitheft',
                                                          'ver_code': 1},
                                                         {'id': 'account',
                                                          'ver_code': 1},
                                                         {'id': 'synchronize',
                                                          'ver_code': 1},
                                                         {'id': 'sunrise_sunset',
                                                          'ver_code': 1},
                                                         {'id': 'led',
                                                          'ver_code': 1},
                                                         {'id': 'cloud_connect',
                                                          'ver_code': 1},
                                                         {'id': 'iot_cloud',
                                                          'ver_code': 1},
                                                         {'id': 'default_states',
                                                          'ver_code': 1}]}},
                          {'error_code': 0,
                           'method': 'get_device_info',
                           'result': {'avatar': 'plug',
                                      'default_states': {'state': {},
                                                         'type': 'last_states'},
                                      'device_id': 'REDACTED_DB80F24B353338FA05BB18C1C486215',
                                      'device_on': True,
                                      'fw_id': 'REDACTED_A25ABDE41405B20C6F98816',
                                      'fw_ver': '1.3.7 Build 20230711 Rel. '
                                                '61904',
                                      'has_set_location_info': True,
                                      'hw_id': 'REDACTED_5B29645B8150C392284029D',
                                      'hw_ver': '1.0.0',
                                      'ip': '192.168.100.112',
                                      'lang': 'it_IT',
                                      'latitude': 0,
                                      'location': '',
                                      'longitude': 0,
                                      'mac': '74-DA-88-00-00-00',
                                      'model': 'P100',
                                      'nickname': 'I01BU0tFRF9OQU1FIw==',
                                      'oem_id': 'REDACTED_06C60A9AEEA36A3347B6EBC',
                                      'on_time': 11495,
                                      'overheated': False,
                                      'region': 'Europe/Rome',
                                      'rssi': -41,
                                      'signal_level': 3,
                                      'specs': 'EU',
                                      'ssid': 'I01BU0tFRF9TU0lEIw==',
                                      'time_diff': 60,
                                      'type': 'SMART.TAPOPLUG'}},
                          {'error_code': 0,
                           'method': 'get_connect_cloud_state',
                           'result': {'status': 0}}]}}
Device 192.168.100.112, found required cloud_connect, adding Cloud to modules.
Device 192.168.100.112, found required device, adding DeviceModule to modules.
Device 192.168.100.112, found required firmware, adding Firmware to modules.
Device 192.168.100.112, found required led, adding Led to modules.
Device 192.168.100.112, found required None, adding OverheatProtection to modules.
Device 192.168.100.112, found required time, adding Time to modules.
Querying 192.168.100.112 for modules: Time, Led
192.168.100.112 multi-request-batch-1-of-1 >> '{"method":"multipleRequest","request_time_milis":1743683012751,"terminal_uuid":"XzCqoBByXJDcUvbGyqnskw==","params":{"requests":[{"method":"get_device_time"},{"method":"get_led_info"}]}}'
Device 192.168.100.112 waiting 0.23499999998603016 seconds to send request
Posting to http://192.168.100.112/app?token=D75AD158B178B2798A6903699F695B69
192.168.100.112 multi-request-batch-1-of-1 << {'error_code': 0,
 'result': {'responses': [{'error_code': 0,
                           'method': 'get_device_time',
                           'result': {'region': 'Europe/Rome',
                                      'time_diff': 60,
                                      'timestamp': 1743683008}},
                          {'error_code': 0,
                           'method': 'get_led_info',
                           'result': {'led_rule': 'always',
                                      'led_status': True,
                                      'night_mode': {'end_time': 0,
                                                     'night_mode_type': 'unknown',
                                                     'start_time': 0,
                                                     'sunrise_offset': 0,
                                                     'sunset_offset': 0}}}]}}
Update completed 192.168.100.112: ['component_nego', 'get_device_info', 'get_connect_cloud_state', 'get_device_time', 'get_led_info']
result is: None
Unclosed client session
client_session: <aiohttp.client.ClientSession object at 0x000002A40C82E1E0>
Exception in default exception handler
Traceback (most recent call last):
  File "C:\Users\Davide\AppData\Local\Programs\Python\Python312\Lib\asyncio\base_events.py", line 1847, in call_exception_handler
    self.default_exception_handler(context)
  File "C:\Users\Davide\AppData\Local\Programs\Python\Python312\Lib\asyncio\base_events.py", line 1821, in default_exception_handler
    logger.error('\n'.join(log_lines), exc_info=exc_info)
  File "C:\Users\Davide\AppData\Local\Programs\Python\Python312\Lib\logging\__init__.py", line 1568, in error
    self._log(ERROR, msg, args, **kwargs)
  File "C:\Users\Davide\AppData\Local\Programs\Python\Python312\Lib\logging\__init__.py", line 1684, in _log
    self.handle(record)
  File "C:\Users\Davide\AppData\Local\Programs\Python\Python312\Lib\logging\__init__.py", line 1700, in handle
    self.callHandlers(record)
  File "C:\Users\Davide\AppData\Local\Programs\Python\Python312\Lib\logging\__init__.py", line 1762, in callHandlers
    hdlr.handle(record)
  File "C:\Users\Davide\Desktop\ServerSmartPlug\log_manager.py", line 16, in handle
    listener(record)
  File "C:\Users\Davide\Desktop\ServerSmartPlug\gui\windows.py", line 25, in _add_console_line
    self.console_text.configure(state='normal')
  File "C:\Users\Davide\AppData\Local\Programs\Python\Python312\Lib\tkinter\__init__.py", line 1722, in configure
    return self._configure('configure', cnf, kw)
           ^^^^^^^^^^^^^^^^^^^^^^^^^^^^^^^^^^^^^
  File "C:\Users\Davide\AppData\Local\Programs\Python\Python312\Lib\tkinter\__init__.py", line 1712, in _configure
    self.tk.call(_flatten((self._w, cmd)) + self._options(cnf))
_tkinter.TclError: invalid command name ".!frame4.!frame.!text"
Unclosed connector
connections: ['deque([(<aiohttp.client_proto.ResponseHandler object at 0x000002A40C8B78F0>, 856568.781)])']
connector: <aiohttp.connector.TCPConnector object at 0x000002A40C88BCB0>
Exception in default exception handler
Traceback (most recent call last):
  File "C:\Users\Davide\AppData\Local\Programs\Python\Python312\Lib\asyncio\base_events.py", line 1847, in call_exception_handler
    self.default_exception_handler(context)
  File "C:\Users\Davide\AppData\Local\Programs\Python\Python312\Lib\asyncio\base_events.py", line 1821, in default_exception_handler
    logger.error('\n'.join(log_lines), exc_info=exc_info)
  File "C:\Users\Davide\AppData\Local\Programs\Python\Python312\Lib\logging\__init__.py", line 1568, in error
    self._log(ERROR, msg, args, **kwargs)
  File "C:\Users\Davide\AppData\Local\Programs\Python\Python312\Lib\logging\__init__.py", line 1684, in _log
    self.handle(record)
  File "C:\Users\Davide\AppData\Local\Programs\Python\Python312\Lib\logging\__init__.py", line 1700, in handle
    self.callHandlers(record)
  File "C:\Users\Davide\AppData\Local\Programs\Python\Python312\Lib\logging\__init__.py", line 1762, in callHandlers
    hdlr.handle(record)
  File "C:\Users\Davide\Desktop\ServerSmartPlug\log_manager.py", line 16, in handle
    listener(record)
  File "C:\Users\Davide\Desktop\ServerSmartPlug\gui\windows.py", line 25, in _add_console_line
    self.console_text.configure(state='normal')
  File "C:\Users\Davide\AppData\Local\Programs\Python\Python312\Lib\tkinter\__init__.py", line 1722, in configure
    return self._configure('configure', cnf, kw)
           ^^^^^^^^^^^^^^^^^^^^^^^^^^^^^^^^^^^^^
  File "C:\Users\Davide\AppData\Local\Programs\Python\Python312\Lib\tkinter\__init__.py", line 1712, in _configure
    self.tk.call(_flatten((self._w, cmd)) + self._options(cnf))
_tkinter.TclError: invalid command name ".!frame4.!frame.!text"
Discovery started...
Using proactor: IocpProactor
Listening on 127.0.0.1:8080
[DISCOVERY] 255.255.255.255 >> {'system': {'get_sysinfo': {}}}
Waiting 5 seconds for responses...
Using proactor: IocpProactor
Using SmartDevice for SMART.TAPOPLUG
Finding protocol for 192.168.100.112
Finding protocol for DeviceFamily.SmartTapoPlug
Finding transport for SMART.AES
Created AES transport for 192.168.100.112
[DISCOVERY] 192.168.100.112 << {'error_code': 0,
 'result': {'device_id': 'REDACTED_c913ec3cd97a6bec2fbb1ee',
            'device_model': 'P100',
            'device_type': 'SMART.TAPOPLUG',
            'factory_default': False,
            'ip': '192.168.100.112',
            'is_support_iot_cloud': True,
            'mac': '74-DA-88-00-00-00',
            'mgt_encrypt_schm': {'encrypt_type': 'AES',
                                 'http_port': 80,
                                 'is_support_https': False,
                                 'lv': 2},
            'owner': 'REDACTED_19347acd812465188388075'}}
Initializing 192.168.100.112 of type <class 'kasa.smart.smartdevice.SmartDevice'>
Discovery finished! Found: 1 device(s)
Discovered 1 devices
Using proactor: IocpProactor
[DISCOVERY] 192.168.100.112 >> {'system': {'get_sysinfo': {}}}
Waiting a total of 5 seconds for responses...
Using SmartDevice for SMART.TAPOPLUG
Finding protocol for 192.168.100.112
Finding protocol for DeviceFamily.SmartTapoPlug
Finding transport for SMART.AES
Created AES transport for 192.168.100.112
[DISCOVERY] 192.168.100.112 << {'error_code': 0,
 'result': {'device_id': 'REDACTED_c913ec3cd97a6bec2fbb1ee',
            'device_model': 'P100',
            'device_type': 'SMART.TAPOPLUG',
            'factory_default': False,
            'ip': '192.168.100.112',
            'is_support_iot_cloud': True,
            'mac': '74-DA-88-00-00-00',
            'mgt_encrypt_schm': {'encrypt_type': 'AES',
                                 'http_port': 80,
                                 'is_support_https': False,
                                 'lv': 2},
            'owner': 'REDACTED_19347acd812465188388075'}}
Initializing 192.168.100.112 of type <class 'kasa.smart.smartdevice.SmartDevice'>
192.168.100.112 multi-request-batch-1-of-1 >> '{"method":"multipleRequest","request_time_milis":1743683054737,"terminal_uuid":"oqVyVB3oj6cK6N5g9FwEvQ==","params":{"requests":[{"method":"component_nego"},{"method":"get_device_info"},{"method":"get_connect_cloud_state"}]}}'
Will perform handshaking...
Posting to http://192.168.100.112/app
Generating keypair
Handshake request: {'method': 'handshake', 'params': {'key': '-----BEGIN PUBLIC KEY-----\nMIGfMA0GCSqGSIb3DQEBAQUAA4GNADCBiQKBgQDP3fDyWZE0jiWxK6ds3zrJX6Uq4k03k6Lf2OXiaPqf2jQu2Aq1iV8P1MLmgyh9EFV7JJi4eH7/9Ex9hqWdOFMr30PTR1qxHqYGDdCerTpFz/jcQx/N8kQ02GucCzNvdCafj1b9aRWcOS3i0soMc8B2n5SjA1NYwOZZulEEcYBqMQIDAQAB\n-----END PUBLIC KEY-----\n'}}
Device responded with: {'error_code': 0, 'result': {'key': 'ptDpdPkyam+Z3WBACe1YDusbyRZmeg/Dm49q1sunw5xXkmKHV4mvhWEe2nlGSGpO7VxMt2+XJHI1IDEsYb8Dd6ybvciSYU+oyFaLEdQ4D6msLdRZUJUZAMNj1Arkh6hlBbPo3qG6lwJ8OFvM/SMNHWrtBoLg/mJ8v01uizPIgm4='}}
Handshake with 192.168.100.112 complete
Posting to http://192.168.100.112/app
192.168.100.112: logged in with provided credentials
Posting to http://192.168.100.112/app?token=BC701D7C08BC50BADADA7ED93BE961E8
Device 192.168.100.112 received an os error, enabling sequential request delay: Server disconnected
Device 192.168.100.112 got a connection error, will retry 3 times: ('Device connection error: 192.168.100.112: Server disconnected', ServerDisconnectedError('Server disconnected'))
192.168.100.112 multi-request-batch-1-of-1 >> '{"method":"multipleRequest","request_time_milis":1743683054856,"terminal_uuid":"oqVyVB3oj6cK6N5g9FwEvQ==","params":{"requests":[{"method":"component_nego"},{"method":"get_device_info"},{"method":"get_connect_cloud_state"}]}}'
Device 192.168.100.112 waiting 0.25 seconds to send request
Posting to http://192.168.100.112/app?token=BC701D7C08BC50BADADA7ED93BE961E8
192.168.100.112 multi-request-batch-1-of-1 << {'error_code': 0,
 'result': {'responses': [{'error_code': 0,
                           'method': 'component_nego',
                           'result': {'component_list': [{'id': 'device',
                                                          'ver_code': 2},
                                                         {'id': 'firmware',
                                                          'ver_code': 1},
                                                         {'id': 'quick_setup',
                                                          'ver_code': 3},
                                                         {'id': 'time',
                                                          'ver_code': 1},
                                                         {'id': 'wireless',
                                                          'ver_code': 1},
                                                         {'id': 'schedule',
                                                          'ver_code': 2},
                                                         {'id': 'countdown',
                                                          'ver_code': 2},
                                                         {'id': 'antitheft',
                                                          'ver_code': 1},
                                                         {'id': 'account',
                                                          'ver_code': 1},
                                                         {'id': 'synchronize',
                                                          'ver_code': 1},
                                                         {'id': 'sunrise_sunset',
                                                          'ver_code': 1},
                                                         {'id': 'led',
                                                          'ver_code': 1},
                                                         {'id': 'cloud_connect',
                                                          'ver_code': 1},
                                                         {'id': 'iot_cloud',
                                                          'ver_code': 1},
                                                         {'id': 'default_states',
                                                          'ver_code': 1}]}},
                          {'error_code': 0,
                           'method': 'get_device_info',
                           'result': {'avatar': 'plug',
                                      'default_states': {'state': {},
                                                         'type': 'last_states'},
                                      'device_id': 'REDACTED_DB80F24B353338FA05BB18C1C486215',
                                      'device_on': True,
                                      'fw_id': 'REDACTED_A25ABDE41405B20C6F98816',
                                      'fw_ver': '1.3.7 Build 20230711 Rel. '
                                                '61904',
                                      'has_set_location_info': True,
                                      'hw_id': 'REDACTED_5B29645B8150C392284029D',
                                      'hw_ver': '1.0.0',
                                      'ip': '192.168.100.112',
                                      'lang': 'it_IT',
                                      'latitude': 0,
                                      'location': '',
                                      'longitude': 0,
                                      'mac': '74-DA-88-00-00-00',
                                      'model': 'P100',
                                      'nickname': 'I01BU0tFRF9OQU1FIw==',
                                      'oem_id': 'REDACTED_06C60A9AEEA36A3347B6EBC',
                                      'on_time': 11537,
                                      'overheated': False,
                                      'region': 'Europe/Rome',
                                      'rssi': -40,
                                      'signal_level': 3,
                                      'specs': 'EU',
                                      'ssid': 'I01BU0tFRF9TU0lEIw==',
                                      'time_diff': 60,
                                      'type': 'SMART.TAPOPLUG'}},
                          {'error_code': 0,
                           'method': 'get_connect_cloud_state',
                           'result': {'status': 0}}]}}
Device 192.168.100.112, found required cloud_connect, adding Cloud to modules.
Device 192.168.100.112, found required device, adding DeviceModule to modules.
Device 192.168.100.112, found required firmware, adding Firmware to modules.
Device 192.168.100.112, found required led, adding Led to modules.
Device 192.168.100.112, found required None, adding OverheatProtection to modules.
Device 192.168.100.112, found required time, adding Time to modules.
Querying 192.168.100.112 for modules: Time, Led
192.168.100.112 multi-request-batch-1-of-1 >> '{"method":"multipleRequest","request_time_milis":1743683055180,"terminal_uuid":"oqVyVB3oj6cK6N5g9FwEvQ==","params":{"requests":[{"method":"get_device_time"},{"method":"get_led_info"}]}}'
Device 192.168.100.112 waiting 0.25 seconds to send request
Posting to http://192.168.100.112/app?token=BC701D7C08BC50BADADA7ED93BE961E8
192.168.100.112 multi-request-batch-1-of-1 << {'error_code': 0,
 'result': {'responses': [{'error_code': 0,
                           'method': 'get_device_time',
                           'result': {'region': 'Europe/Rome',
                                      'time_diff': 60,
                                      'timestamp': 1743683050}},
                          {'error_code': 0,
                           'method': 'get_led_info',
                           'result': {'led_rule': 'always',
                                      'led_status': True,
                                      'night_mode': {'end_time': 0,
                                                     'night_mode_type': 'unknown',
                                                     'start_time': 0,
                                                     'sunrise_offset': 0,
                                                     'sunset_offset': 0}}}]}}
Update completed 192.168.100.112: ['component_nego', 'get_device_info', 'get_connect_cloud_state', 'get_device_time', 'get_led_info']
result is: None
Unclosed client session
client_session: <aiohttp.client.ClientSession object at 0x000001F6B5C5C890>
Unclosed connector
connections: ['deque([(<aiohttp.client_proto.ResponseHandler object at 0x000001F6B5C13A10>, 856611.218)])']
connector: <aiohttp.connector.TCPConnector object at 0x000001F6B5C5C9E0>
Discovery started...
Using proactor: IocpProactor
Listening on 127.0.0.1:8080
[DISCOVERY] 255.255.255.255 >> {'system': {'get_sysinfo': {}}}
Waiting 5 seconds for responses...
Using proactor: IocpProactor
Using SmartDevice for SMART.TAPOPLUG
Finding protocol for 192.168.100.112
Finding protocol for DeviceFamily.SmartTapoPlug
Finding transport for SMART.AES
Created AES transport for 192.168.100.112
[DISCOVERY] 192.168.100.112 << {'error_code': 0,
 'result': {'device_id': 'REDACTED_c913ec3cd97a6bec2fbb1ee',
            'device_model': 'P100',
            'device_type': 'SMART.TAPOPLUG',
            'factory_default': False,
            'ip': '192.168.100.112',
            'is_support_iot_cloud': True,
            'mac': '74-DA-88-00-00-00',
            'mgt_encrypt_schm': {'encrypt_type': 'AES',
                                 'http_port': 80,
                                 'is_support_https': False,
                                 'lv': 2},
            'owner': 'REDACTED_19347acd812465188388075'}}
Initializing 192.168.100.112 of type <class 'kasa.smart.smartdevice.SmartDevice'>
Discovery finished! Found: 1 device(s)
Discovered 1 devices
Using proactor: IocpProactor
[DISCOVERY] 192.168.100.112 >> {'system': {'get_sysinfo': {}}}
Waiting a total of 5 seconds for responses...
Using SmartDevice for SMART.TAPOPLUG
Finding protocol for 192.168.100.112
Finding protocol for DeviceFamily.SmartTapoPlug
Finding transport for SMART.AES
Created AES transport for 192.168.100.112
[DISCOVERY] 192.168.100.112 << {'error_code': 0,
 'result': {'device_id': 'REDACTED_c913ec3cd97a6bec2fbb1ee',
            'device_model': 'P100',
            'device_type': 'SMART.TAPOPLUG',
            'factory_default': False,
            'ip': '192.168.100.112',
            'is_support_iot_cloud': True,
            'mac': '74-DA-88-00-00-00',
            'mgt_encrypt_schm': {'encrypt_type': 'AES',
                                 'http_port': 80,
                                 'is_support_https': False,
                                 'lv': 2},
            'owner': 'REDACTED_19347acd812465188388075'}}
Initializing 192.168.100.112 of type <class 'kasa.smart.smartdevice.SmartDevice'>
192.168.100.112 multi-request-batch-1-of-1 >> '{"method":"multipleRequest","request_time_milis":1743683124801,"terminal_uuid":"qLEWNRtGFOfdMDDCz8EtJg==","params":{"requests":[{"method":"component_nego"},{"method":"get_device_info"},{"method":"get_connect_cloud_state"}]}}'
Will perform handshaking...
Posting to http://192.168.100.112/app
Generating keypair
Handshake request: {'method': 'handshake', 'params': {'key': '-----BEGIN PUBLIC KEY-----\nMIGfMA0GCSqGSIb3DQEBAQUAA4GNADCBiQKBgQDAKNs2eN5IMpYAXRddYv0nCajit6Xwb9ZpOIdxTYrI0OvohdudrCnU/h5wg/OXsCKmq0Hvqgl3b/Ocz2Qy50u+eogpRB4ym5avIGVUpOG6rwiC5js2uJxotbMv3P/Tv5iPGiWkcKeCfDFEOzT66BSBLZBPCr/zVwYwBaU3NQS8tQIDAQAB\n-----END PUBLIC KEY-----\n'}}
Device responded with: {'error_code': 0, 'result': {'key': 'e7R8ZBrRwCHUlxaF/eYgigKX38YZarGwyZvM9rDDF/fhhmz5oyElauCVzEjNpfE5gKM9o6DO7SSWoo1AJ8letgWT3ATRJAgeCNEBz9r8OxzKamLBjIXgNoSYjRC43wgvQd46xdsncVFhclJk2icxyeuaLmNsXCk9R7OPI8Qx+sY='}}
Handshake with 192.168.100.112 complete
Posting to http://192.168.100.112/app
192.168.100.112: logged in with provided credentials
Posting to http://192.168.100.112/app?token=108F508D5AADF2AC77BC2BBCE1BC47BC
Device 192.168.100.112 received an os error, enabling sequential request delay: Server disconnected
Device 192.168.100.112 got a connection error, will retry 3 times: ('Device connection error: 192.168.100.112: Server disconnected', ServerDisconnectedError('Server disconnected'))
192.168.100.112 multi-request-batch-1-of-1 >> '{"method":"multipleRequest","request_time_milis":1743683124880,"terminal_uuid":"qLEWNRtGFOfdMDDCz8EtJg==","params":{"requests":[{"method":"component_nego"},{"method":"get_device_info"},{"method":"get_connect_cloud_state"}]}}'
Device 192.168.100.112 waiting 0.25 seconds to send request
Posting to http://192.168.100.112/app?token=108F508D5AADF2AC77BC2BBCE1BC47BC
192.168.100.112 multi-request-batch-1-of-1 << {'error_code': 0,
 'result': {'responses': [{'error_code': 0,
                           'method': 'component_nego',
                           'result': {'component_list': [{'id': 'device',
                                                          'ver_code': 2},
                                                         {'id': 'firmware',
                                                          'ver_code': 1},
                                                         {'id': 'quick_setup',
                                                          'ver_code': 3},
                                                         {'id': 'time',
                                                          'ver_code': 1},
                                                         {'id': 'wireless',
                                                          'ver_code': 1},
                                                         {'id': 'schedule',
                                                          'ver_code': 2},
                                                         {'id': 'countdown',
                                                          'ver_code': 2},
                                                         {'id': 'antitheft',
                                                          'ver_code': 1},
                                                         {'id': 'account',
                                                          'ver_code': 1},
                                                         {'id': 'synchronize',
                                                          'ver_code': 1},
                                                         {'id': 'sunrise_sunset',
                                                          'ver_code': 1},
                                                         {'id': 'led',
                                                          'ver_code': 1},
                                                         {'id': 'cloud_connect',
                                                          'ver_code': 1},
                                                         {'id': 'iot_cloud',
                                                          'ver_code': 1},
                                                         {'id': 'default_states',
                                                          'ver_code': 1}]}},
                          {'error_code': 0,
                           'method': 'get_device_info',
                           'result': {'avatar': 'plug',
                                      'default_states': {'state': {},
                                                         'type': 'last_states'},
                                      'device_id': 'REDACTED_DB80F24B353338FA05BB18C1C486215',
                                      'device_on': True,
                                      'fw_id': 'REDACTED_A25ABDE41405B20C6F98816',
                                      'fw_ver': '1.3.7 Build 20230711 Rel. '
                                                '61904',
                                      'has_set_location_info': True,
                                      'hw_id': 'REDACTED_5B29645B8150C392284029D',
                                      'hw_ver': '1.0.0',
                                      'ip': '192.168.100.112',
                                      'lang': 'it_IT',
                                      'latitude': 0,
                                      'location': '',
                                      'longitude': 0,
                                      'mac': '74-DA-88-00-00-00',
                                      'model': 'P100',
                                      'nickname': 'I01BU0tFRF9OQU1FIw==',
                                      'oem_id': 'REDACTED_06C60A9AEEA36A3347B6EBC',
                                      'on_time': 11607,
                                      'overheated': False,
                                      'region': 'Europe/Rome',
                                      'rssi': -41,
                                      'signal_level': 3,
                                      'specs': 'EU',
                                      'ssid': 'I01BU0tFRF9TU0lEIw==',
                                      'time_diff': 60,
                                      'type': 'SMART.TAPOPLUG'}},
                          {'error_code': 0,
                           'method': 'get_connect_cloud_state',
                           'result': {'status': 0}}]}}
Device 192.168.100.112, found required cloud_connect, adding Cloud to modules.
Device 192.168.100.112, found required device, adding DeviceModule to modules.
Device 192.168.100.112, found required firmware, adding Firmware to modules.
Device 192.168.100.112, found required led, adding Led to modules.
Device 192.168.100.112, found required None, adding OverheatProtection to modules.
Device 192.168.100.112, found required time, adding Time to modules.
Querying 192.168.100.112 for modules: Time, Led
192.168.100.112 multi-request-batch-1-of-1 >> '{"method":"multipleRequest","request_time_milis":1743683125211,"terminal_uuid":"qLEWNRtGFOfdMDDCz8EtJg==","params":{"requests":[{"method":"get_device_time"},{"method":"get_led_info"}]}}'
Device 192.168.100.112 waiting 0.23499999998603016 seconds to send request
Posting to http://192.168.100.112/app?token=108F508D5AADF2AC77BC2BBCE1BC47BC
192.168.100.112 multi-request-batch-1-of-1 << {'error_code': 0,
 'result': {'responses': [{'error_code': 0,
                           'method': 'get_device_time',
                           'result': {'region': 'Europe/Rome',
                                      'time_diff': 60,
                                      'timestamp': 1743683120}},
                          {'error_code': 0,
                           'method': 'get_led_info',
                           'result': {'led_rule': 'always',
                                      'led_status': True,
                                      'night_mode': {'end_time': 0,
                                                     'night_mode_type': 'unknown',
                                                     'start_time': 0,
                                                     'sunrise_offset': 0,
                                                     'sunset_offset': 0}}}]}}
Update completed 192.168.100.112: ['component_nego', 'get_device_info', 'get_connect_cloud_state', 'get_device_time', 'get_led_info']
result is: <DeviceType.Plug at 192.168.100.112 - a (P100)>
Unclosed client session
client_session: <aiohttp.client.ClientSession object at 0x000002330BC0BFE0>
Exception in default exception handler
Traceback (most recent call last):
  File "C:\Users\Davide\AppData\Local\Programs\Python\Python312\Lib\asyncio\base_events.py", line 1847, in call_exception_handler
    self.default_exception_handler(context)
  File "C:\Users\Davide\AppData\Local\Programs\Python\Python312\Lib\asyncio\base_events.py", line 1821, in default_exception_handler
    logger.error('\n'.join(log_lines), exc_info=exc_info)
  File "C:\Users\Davide\AppData\Local\Programs\Python\Python312\Lib\logging\__init__.py", line 1568, in error
    self._log(ERROR, msg, args, **kwargs)
  File "C:\Users\Davide\AppData\Local\Programs\Python\Python312\Lib\logging\__init__.py", line 1684, in _log
    self.handle(record)
  File "C:\Users\Davide\AppData\Local\Programs\Python\Python312\Lib\logging\__init__.py", line 1700, in handle
    self.callHandlers(record)
  File "C:\Users\Davide\AppData\Local\Programs\Python\Python312\Lib\logging\__init__.py", line 1762, in callHandlers
    hdlr.handle(record)
  File "C:\Users\Davide\Desktop\ServerSmartPlug\log_manager.py", line 16, in handle
    listener(record)
  File "C:\Users\Davide\Desktop\ServerSmartPlug\gui\windows.py", line 25, in _add_console_line
    self.console_text.configure(state='normal')
  File "C:\Users\Davide\AppData\Local\Programs\Python\Python312\Lib\tkinter\__init__.py", line 1722, in configure
    return self._configure('configure', cnf, kw)
           ^^^^^^^^^^^^^^^^^^^^^^^^^^^^^^^^^^^^^
  File "C:\Users\Davide\AppData\Local\Programs\Python\Python312\Lib\tkinter\__init__.py", line 1712, in _configure
    self.tk.call(_flatten((self._w, cmd)) + self._options(cnf))
_tkinter.TclError: invalid command name ".!frame4.!frame.!text"
Unclosed connector
connections: ['deque([(<aiohttp.client_proto.ResponseHandler object at 0x000002330BC339B0>, 856681.218)])']
connector: <aiohttp.connector.TCPConnector object at 0x000002330BC0BF80>
Exception in default exception handler
Traceback (most recent call last):
  File "C:\Users\Davide\AppData\Local\Programs\Python\Python312\Lib\asyncio\base_events.py", line 1847, in call_exception_handler
    self.default_exception_handler(context)
  File "C:\Users\Davide\AppData\Local\Programs\Python\Python312\Lib\asyncio\base_events.py", line 1821, in default_exception_handler
    logger.error('\n'.join(log_lines), exc_info=exc_info)
  File "C:\Users\Davide\AppData\Local\Programs\Python\Python312\Lib\logging\__init__.py", line 1568, in error
    self._log(ERROR, msg, args, **kwargs)
  File "C:\Users\Davide\AppData\Local\Programs\Python\Python312\Lib\logging\__init__.py", line 1684, in _log
    self.handle(record)
  File "C:\Users\Davide\AppData\Local\Programs\Python\Python312\Lib\logging\__init__.py", line 1700, in handle
    self.callHandlers(record)
  File "C:\Users\Davide\AppData\Local\Programs\Python\Python312\Lib\logging\__init__.py", line 1762, in callHandlers
    hdlr.handle(record)
  File "C:\Users\Davide\Desktop\ServerSmartPlug\log_manager.py", line 16, in handle
    listener(record)
  File "C:\Users\Davide\Desktop\ServerSmartPlug\gui\windows.py", line 25, in _add_console_line
    self.console_text.configure(state='normal')
  File "C:\Users\Davide\AppData\Local\Programs\Python\Python312\Lib\tkinter\__init__.py", line 1722, in configure
    return self._configure('configure', cnf, kw)
           ^^^^^^^^^^^^^^^^^^^^^^^^^^^^^^^^^^^^^
  File "C:\Users\Davide\AppData\Local\Programs\Python\Python312\Lib\tkinter\__init__.py", line 1712, in _configure
    self.tk.call(_flatten((self._w, cmd)) + self._options(cnf))
_tkinter.TclError: invalid command name ".!frame4.!frame.!text"
Discovery started...
Using proactor: IocpProactor
Listening on 127.0.0.1:8080
[DISCOVERY] 255.255.255.255 >> {'system': {'get_sysinfo': {}}}
Waiting 5 seconds for responses...
Using SmartDevice for SMART.TAPOPLUG
Finding protocol for 192.168.100.112
Finding protocol for DeviceFamily.SmartTapoPlug
Finding transport for SMART.AES
Created AES transport for 192.168.100.112
[DISCOVERY] 192.168.100.112 << {'error_code': 0,
 'result': {'device_id': 'REDACTED_c913ec3cd97a6bec2fbb1ee',
            'device_model': 'P100',
            'device_type': 'SMART.TAPOPLUG',
            'factory_default': False,
            'ip': '192.168.100.112',
            'is_support_iot_cloud': True,
            'mac': '74-DA-88-00-00-00',
            'mgt_encrypt_schm': {'encrypt_type': 'AES',
                                 'http_port': 80,
                                 'is_support_https': False,
                                 'lv': 2},
            'owner': 'REDACTED_19347acd812465188388075'}}
Initializing 192.168.100.112 of type <class 'kasa.smart.smartdevice.SmartDevice'>
Using proactor: IocpProactor
Discovery finished! Found: 1 device(s)
Discovered 1 devices
Using proactor: IocpProactor
[DISCOVERY] 192.168.100.112 >> {'system': {'get_sysinfo': {}}}
Waiting a total of 5 seconds for responses...
Using SmartDevice for SMART.TAPOPLUG
Finding protocol for 192.168.100.112
Finding protocol for DeviceFamily.SmartTapoPlug
Finding transport for SMART.AES
Created AES transport for 192.168.100.112
[DISCOVERY] 192.168.100.112 << {'error_code': 0,
 'result': {'device_id': 'REDACTED_c913ec3cd97a6bec2fbb1ee',
            'device_model': 'P100',
            'device_type': 'SMART.TAPOPLUG',
            'factory_default': False,
            'ip': '192.168.100.112',
            'is_support_iot_cloud': True,
            'mac': '74-DA-88-00-00-00',
            'mgt_encrypt_schm': {'encrypt_type': 'AES',
                                 'http_port': 80,
                                 'is_support_https': False,
                                 'lv': 2},
            'owner': 'REDACTED_19347acd812465188388075'}}
Initializing 192.168.100.112 of type <class 'kasa.smart.smartdevice.SmartDevice'>
192.168.100.112 multi-request-batch-1-of-1 >> '{"method":"multipleRequest","request_time_milis":1743683199777,"terminal_uuid":"OLi1vdIfhwbM4VEBai9N5Q==","params":{"requests":[{"method":"component_nego"},{"method":"get_device_info"},{"method":"get_connect_cloud_state"}]}}'
Will perform handshaking...
Posting to http://192.168.100.112/app
Generating keypair
Handshake request: {'method': 'handshake', 'params': {'key': '-----BEGIN PUBLIC KEY-----\nMIGfMA0GCSqGSIb3DQEBAQUAA4GNADCBiQKBgQDP+fvygTFBRxetgr+YjDPZPfmperPqRxvKwlx5lAKDF4FNQSXMq7e2eFVRTiEDc0qOzbs2+oyJmwYmQqhYvoJU593ul7/fOMu5gEFDjP0wqDG3ivjBZvNSDsr35gAYT47fSXBOFNwumZ4mDKFzDtJEoisRt1+WmaF3UO7HvWtWcQIDAQAB\n-----END PUBLIC KEY-----\n'}}
Device responded with: {'error_code': 0, 'result': {'key': 'qTfXmw0DeILzUwhN5H+rpXX+i4rT9yzwpcKIF8FVM4gH5FDR/bxKjsy/Z1vpdTAjjSmPeC+euI79Z3+IntPFqHrkG+bqidsy3ha3exMYHzTVOliu/VlkSgiCa97QG7MDjTxKWhMbsYtvJ9q/nbE1BqYF4bpsfhRVvbKm1N6tI+o='}}
Handshake with 192.168.100.112 complete
Posting to http://192.168.100.112/app
192.168.100.112: logged in with provided credentials
Posting to http://192.168.100.112/app?token=CAFB27F9F0D98ED86DC85AC823C8B8C8
Device 192.168.100.112 received an os error, enabling sequential request delay: Server disconnected
Device 192.168.100.112 got a connection error, will retry 3 times: ('Device connection error: 192.168.100.112: Server disconnected', ServerDisconnectedError('Server disconnected'))
192.168.100.112 multi-request-batch-1-of-1 >> '{"method":"multipleRequest","request_time_milis":1743683199866,"terminal_uuid":"OLi1vdIfhwbM4VEBai9N5Q==","params":{"requests":[{"method":"component_nego"},{"method":"get_device_info"},{"method":"get_connect_cloud_state"}]}}'
Device 192.168.100.112 waiting 0.25 seconds to send request
Posting to http://192.168.100.112/app?token=CAFB27F9F0D98ED86DC85AC823C8B8C8
192.168.100.112 multi-request-batch-1-of-1 << {'error_code': 0,
 'result': {'responses': [{'error_code': 0,
                           'method': 'component_nego',
                           'result': {'component_list': [{'id': 'device',
                                                          'ver_code': 2},
                                                         {'id': 'firmware',
                                                          'ver_code': 1},
                                                         {'id': 'quick_setup',
                                                          'ver_code': 3},
                                                         {'id': 'time',
                                                          'ver_code': 1},
                                                         {'id': 'wireless',
                                                          'ver_code': 1},
                                                         {'id': 'schedule',
                                                          'ver_code': 2},
                                                         {'id': 'countdown',
                                                          'ver_code': 2},
                                                         {'id': 'antitheft',
                                                          'ver_code': 1},
                                                         {'id': 'account',
                                                          'ver_code': 1},
                                                         {'id': 'synchronize',
                                                          'ver_code': 1},
                                                         {'id': 'sunrise_sunset',
                                                          'ver_code': 1},
                                                         {'id': 'led',
                                                          'ver_code': 1},
                                                         {'id': 'cloud_connect',
                                                          'ver_code': 1},
                                                         {'id': 'iot_cloud',
                                                          'ver_code': 1},
                                                         {'id': 'default_states',
                                                          'ver_code': 1}]}},
                          {'error_code': 0,
                           'method': 'get_device_info',
                           'result': {'avatar': 'plug',
                                      'default_states': {'state': {},
                                                         'type': 'last_states'},
                                      'device_id': 'REDACTED_DB80F24B353338FA05BB18C1C486215',
                                      'device_on': True,
                                      'fw_id': 'REDACTED_A25ABDE41405B20C6F98816',
                                      'fw_ver': '1.3.7 Build 20230711 Rel. '
                                                '61904',
                                      'has_set_location_info': True,
                                      'hw_id': 'REDACTED_5B29645B8150C392284029D',
                                      'hw_ver': '1.0.0',
                                      'ip': '192.168.100.112',
                                      'lang': 'it_IT',
                                      'latitude': 0,
                                      'location': '',
                                      'longitude': 0,
                                      'mac': '74-DA-88-00-00-00',
                                      'model': 'P100',
                                      'nickname': 'I01BU0tFRF9OQU1FIw==',
                                      'oem_id': 'REDACTED_06C60A9AEEA36A3347B6EBC',
                                      'on_time': 11682,
                                      'overheated': False,
                                      'region': 'Europe/Rome',
                                      'rssi': -40,
                                      'signal_level': 3,
                                      'specs': 'EU',
                                      'ssid': 'I01BU0tFRF9TU0lEIw==',
                                      'time_diff': 60,
                                      'type': 'SMART.TAPOPLUG'}},
                          {'error_code': 0,
                           'method': 'get_connect_cloud_state',
                           'result': {'status': 0}}]}}
Device 192.168.100.112, found required cloud_connect, adding Cloud to modules.
Device 192.168.100.112, found required device, adding DeviceModule to modules.
Device 192.168.100.112, found required firmware, adding Firmware to modules.
Device 192.168.100.112, found required led, adding Led to modules.
Device 192.168.100.112, found required None, adding OverheatProtection to modules.
Device 192.168.100.112, found required time, adding Time to modules.
Querying 192.168.100.112 for modules: Time, Led
192.168.100.112 multi-request-batch-1-of-1 >> '{"method":"multipleRequest","request_time_milis":1743683200187,"terminal_uuid":"OLi1vdIfhwbM4VEBai9N5Q==","params":{"requests":[{"method":"get_device_time"},{"method":"get_led_info"}]}}'
Device 192.168.100.112 waiting 0.23400000005494803 seconds to send request
Posting to http://192.168.100.112/app?token=CAFB27F9F0D98ED86DC85AC823C8B8C8
192.168.100.112 multi-request-batch-1-of-1 << {'error_code': 0,
 'result': {'responses': [{'error_code': 0,
                           'method': 'get_device_time',
                           'result': {'region': 'Europe/Rome',
                                      'time_diff': 60,
                                      'timestamp': 1743683195}},
                          {'error_code': 0,
                           'method': 'get_led_info',
                           'result': {'led_rule': 'always',
                                      'led_status': True,
                                      'night_mode': {'end_time': 0,
                                                     'night_mode_type': 'unknown',
                                                     'start_time': 0,
                                                     'sunrise_offset': 0,
                                                     'sunset_offset': 0}}}]}}
Update completed 192.168.100.112: ['component_nego', 'get_device_info', 'get_connect_cloud_state', 'get_device_time', 'get_led_info']
result is: {'192.168.100.112': <DeviceType.Unknown at 192.168.100.112 - None (P100) - update() needed>}
Discovery started...
Using proactor: IocpProactor
Listening on 127.0.0.1:8080
[DISCOVERY] 255.255.255.255 >> {'system': {'get_sysinfo': {}}}
Waiting 5 seconds for responses...
Using SmartDevice for SMART.TAPOPLUG
Finding protocol for 192.168.100.112
Finding protocol for DeviceFamily.SmartTapoPlug
Finding transport for SMART.AES
Created AES transport for 192.168.100.112
[DISCOVERY] 192.168.100.112 << {'error_code': 0,
 'result': {'device_id': 'REDACTED_c913ec3cd97a6bec2fbb1ee',
            'device_model': 'P100',
            'device_type': 'SMART.TAPOPLUG',
            'factory_default': False,
            'ip': '192.168.100.112',
            'is_support_iot_cloud': True,
            'mac': '74-DA-88-00-00-00',
            'mgt_encrypt_schm': {'encrypt_type': 'AES',
                                 'http_port': 80,
                                 'is_support_https': False,
                                 'lv': 2},
            'owner': 'REDACTED_19347acd812465188388075'}}
Initializing 192.168.100.112 of type <class 'kasa.smart.smartdevice.SmartDevice'>
Using proactor: IocpProactor
Discovery finished! Found: 1 device(s)
Discovered 1 devices
Using proactor: IocpProactor
[DISCOVERY] 192.168.100.112 >> {'system': {'get_sysinfo': {}}}
Waiting a total of 5 seconds for responses...
Using SmartDevice for SMART.TAPOPLUG
Finding protocol for 192.168.100.112
Finding protocol for DeviceFamily.SmartTapoPlug
Finding transport for SMART.AES
Created AES transport for 192.168.100.112
[DISCOVERY] 192.168.100.112 << {'error_code': 0,
 'result': {'device_id': 'REDACTED_c913ec3cd97a6bec2fbb1ee',
            'device_model': 'P100',
            'device_type': 'SMART.TAPOPLUG',
            'factory_default': False,
            'ip': '192.168.100.112',
            'is_support_iot_cloud': True,
            'mac': '74-DA-88-00-00-00',
            'mgt_encrypt_schm': {'encrypt_type': 'AES',
                                 'http_port': 80,
                                 'is_support_https': False,
                                 'lv': 2},
            'owner': 'REDACTED_19347acd812465188388075'}}
Initializing 192.168.100.112 of type <class 'kasa.smart.smartdevice.SmartDevice'>
192.168.100.112 multi-request-batch-1-of-1 >> '{"method":"multipleRequest","request_time_milis":1743683270991,"terminal_uuid":"OjJd2DgVR+i5p6dmB8nPyw==","params":{"requests":[{"method":"component_nego"},{"method":"get_device_info"},{"method":"get_connect_cloud_state"}]}}'
Will perform handshaking...
Posting to http://192.168.100.112/app
Generating keypair
Handshake request: {'method': 'handshake', 'params': {'key': '-----BEGIN PUBLIC KEY-----\nMIGfMA0GCSqGSIb3DQEBAQUAA4GNADCBiQKBgQC0y0OpcYeDzUgbIxIQ18z2bkxLRD21NZT4Lnl1+khGzK8WQ09vZluZFRXN9G5+APYIHfFEzAt/9OWLwJvvlldCcRWrcKOfgEwWSWL8UtdZLfUDbGfsar3nvnnZSHUrRgNh6PLFiyjL1r/RgfGLrZ8X55xrMUI4vK5izL8OQLh6JwIDAQAB\n-----END PUBLIC KEY-----\n'}}
Device responded with: {'error_code': 0, 'result': {'key': 'DMq5zR2UqxPl+zNO9NK7bLIW8jcz0F662jRsqzTs14CuaoIfltg9Ya5znrkw8Q+AuzoTBKlUEcm9ftgGGfy0L8jlEs+taYNwbIWWoNL6kD7PMTlys1sBN9HOrxNUAuhcRGcVrX6mP4xVM0JkXjENHUw8IwYKNZ9GkT+UHJi9a+w='}}
Handshake with 192.168.100.112 complete
Posting to http://192.168.100.112/app
192.168.100.112: logged in with provided credentials
Posting to http://192.168.100.112/app?token=A5A764A5728512841994A19424947094
Device 192.168.100.112 received an os error, enabling sequential request delay: Server disconnected
Device 192.168.100.112 got a connection error, will retry 3 times: ('Device connection error: 192.168.100.112: Server disconnected', ServerDisconnectedError('Server disconnected'))
192.168.100.112 multi-request-batch-1-of-1 >> '{"method":"multipleRequest","request_time_milis":1743683271102,"terminal_uuid":"OjJd2DgVR+i5p6dmB8nPyw==","params":{"requests":[{"method":"component_nego"},{"method":"get_device_info"},{"method":"get_connect_cloud_state"}]}}'
Device 192.168.100.112 waiting 0.25 seconds to send request
Posting to http://192.168.100.112/app?token=A5A764A5728512841994A19424947094
192.168.100.112 multi-request-batch-1-of-1 << {'error_code': 0,
 'result': {'responses': [{'error_code': 0,
                           'method': 'component_nego',
                           'result': {'component_list': [{'id': 'device',
                                                          'ver_code': 2},
                                                         {'id': 'firmware',
                                                          'ver_code': 1},
                                                         {'id': 'quick_setup',
                                                          'ver_code': 3},
                                                         {'id': 'time',
                                                          'ver_code': 1},
                                                         {'id': 'wireless',
                                                          'ver_code': 1},
                                                         {'id': 'schedule',
                                                          'ver_code': 2},
                                                         {'id': 'countdown',
                                                          'ver_code': 2},
                                                         {'id': 'antitheft',
                                                          'ver_code': 1},
                                                         {'id': 'account',
                                                          'ver_code': 1},
                                                         {'id': 'synchronize',
                                                          'ver_code': 1},
                                                         {'id': 'sunrise_sunset',
                                                          'ver_code': 1},
                                                         {'id': 'led',
                                                          'ver_code': 1},
                                                         {'id': 'cloud_connect',
                                                          'ver_code': 1},
                                                         {'id': 'iot_cloud',
                                                          'ver_code': 1},
                                                         {'id': 'default_states',
                                                          'ver_code': 1}]}},
                          {'error_code': 0,
                           'method': 'get_device_info',
                           'result': {'avatar': 'plug',
                                      'default_states': {'state': {},
                                                         'type': 'last_states'},
                                      'device_id': 'REDACTED_DB80F24B353338FA05BB18C1C486215',
                                      'device_on': True,
                                      'fw_id': 'REDACTED_A25ABDE41405B20C6F98816',
                                      'fw_ver': '1.3.7 Build 20230711 Rel. '
                                                '61904',
                                      'has_set_location_info': True,
                                      'hw_id': 'REDACTED_5B29645B8150C392284029D',
                                      'hw_ver': '1.0.0',
                                      'ip': '192.168.100.112',
                                      'lang': 'it_IT',
                                      'latitude': 0,
                                      'location': '',
                                      'longitude': 0,
                                      'mac': '74-DA-88-00-00-00',
                                      'model': 'P100',
                                      'nickname': 'I01BU0tFRF9OQU1FIw==',
                                      'oem_id': 'REDACTED_06C60A9AEEA36A3347B6EBC',
                                      'on_time': 11753,
                                      'overheated': False,
                                      'region': 'Europe/Rome',
                                      'rssi': -40,
                                      'signal_level': 3,
                                      'specs': 'EU',
                                      'ssid': 'I01BU0tFRF9TU0lEIw==',
                                      'time_diff': 60,
                                      'type': 'SMART.TAPOPLUG'}},
                          {'error_code': 0,
                           'method': 'get_connect_cloud_state',
                           'result': {'status': 0}}]}}
Device 192.168.100.112, found required cloud_connect, adding Cloud to modules.
Device 192.168.100.112, found required device, adding DeviceModule to modules.
Device 192.168.100.112, found required firmware, adding Firmware to modules.
Device 192.168.100.112, found required led, adding Led to modules.
Device 192.168.100.112, found required None, adding OverheatProtection to modules.
Device 192.168.100.112, found required time, adding Time to modules.
Querying 192.168.100.112 for modules: Time, Led
192.168.100.112 multi-request-batch-1-of-1 >> '{"method":"multipleRequest","request_time_milis":1743683271418,"terminal_uuid":"OjJd2DgVR+i5p6dmB8nPyw==","params":{"requests":[{"method":"get_device_time"},{"method":"get_led_info"}]}}'
Device 192.168.100.112 waiting 0.25 seconds to send request
Posting to http://192.168.100.112/app?token=A5A764A5728512841994A19424947094
192.168.100.112 multi-request-batch-1-of-1 << {'error_code': 0,
 'result': {'responses': [{'error_code': 0,
                           'method': 'get_device_time',
                           'result': {'region': 'Europe/Rome',
                                      'time_diff': 60,
                                      'timestamp': 1743683267}},
                          {'error_code': 0,
                           'method': 'get_led_info',
                           'result': {'led_rule': 'always',
                                      'led_status': True,
                                      'night_mode': {'end_time': 0,
                                                     'night_mode_type': 'unknown',
                                                     'start_time': 0,
                                                     'sunrise_offset': 0,
                                                     'sunset_offset': 0}}}]}}
Update completed 192.168.100.112: ['component_nego', 'get_device_info', 'get_connect_cloud_state', 'get_device_time', 'get_led_info']
result is: {'192.168.100.112': <DeviceType.Unknown at 192.168.100.112 - None (P100) - update() needed>}
Discovery started...
Using proactor: IocpProactor
Listening on 127.0.0.1:8080
[DISCOVERY] 255.255.255.255 >> {'system': {'get_sysinfo': {}}}
Waiting 5 seconds for responses...
Using proactor: IocpProactor
Using SmartDevice for SMART.TAPOPLUG
Finding protocol for 192.168.100.112
Finding protocol for DeviceFamily.SmartTapoPlug
Finding transport for SMART.AES
Created AES transport for 192.168.100.112
[DISCOVERY] 192.168.100.112 << {'error_code': 0,
 'result': {'device_id': 'REDACTED_c913ec3cd97a6bec2fbb1ee',
            'device_model': 'P100',
            'device_type': 'SMART.TAPOPLUG',
            'factory_default': False,
            'ip': '192.168.100.112',
            'is_support_iot_cloud': True,
            'mac': '74-DA-88-00-00-00',
            'mgt_encrypt_schm': {'encrypt_type': 'AES',
                                 'http_port': 80,
                                 'is_support_https': False,
                                 'lv': 2},
            'owner': 'REDACTED_19347acd812465188388075'}}
Initializing 192.168.100.112 of type <class 'kasa.smart.smartdevice.SmartDevice'>
Discovery finished! Found: 1 device(s)
Discovered 1 devices
Discovery started...
Using proactor: IocpProactor
Listening on 127.0.0.1:8080
[DISCOVERY] 255.255.255.255 >> {'system': {'get_sysinfo': {}}}
Waiting 5 seconds for responses...
Using SmartDevice for SMART.TAPOPLUG
Finding protocol for 192.168.100.112
Finding protocol for DeviceFamily.SmartTapoPlug
Finding transport for SMART.AES
Created AES transport for 192.168.100.112
[DISCOVERY] 192.168.100.112 << {'error_code': 0,
 'result': {'device_id': 'REDACTED_c913ec3cd97a6bec2fbb1ee',
            'device_model': 'P100',
            'device_type': 'SMART.TAPOPLUG',
            'factory_default': False,
            'ip': '192.168.100.112',
            'is_support_iot_cloud': True,
            'mac': '74-DA-88-00-00-00',
            'mgt_encrypt_schm': {'encrypt_type': 'AES',
                                 'http_port': 80,
                                 'is_support_https': False,
                                 'lv': 2},
            'owner': 'REDACTED_19347acd812465188388075'}}
Initializing 192.168.100.112 of type <class 'kasa.smart.smartdevice.SmartDevice'>
Using proactor: IocpProactor
Discovery finished! Found: 1 device(s)
Discovered 1 devices
[DISCOVERY] 192.168.100.112 >> {'system': {'get_sysinfo': {}}}
Waiting a total of 5 seconds for responses...
Using SmartDevice for SMART.TAPOPLUG
Finding protocol for 192.168.100.112
Finding protocol for DeviceFamily.SmartTapoPlug
Finding transport for SMART.AES
Created AES transport for 192.168.100.112
[DISCOVERY] 192.168.100.112 << {'error_code': 0,
 'result': {'device_id': 'REDACTED_c913ec3cd97a6bec2fbb1ee',
            'device_model': 'P100',
            'device_type': 'SMART.TAPOPLUG',
            'factory_default': False,
            'ip': '192.168.100.112',
            'is_support_iot_cloud': True,
            'mac': '74-DA-88-00-00-00',
            'mgt_encrypt_schm': {'encrypt_type': 'AES',
                                 'http_port': 80,
                                 'is_support_https': False,
                                 'lv': 2},
            'owner': 'REDACTED_19347acd812465188388075'}}
Initializing 192.168.100.112 of type <class 'kasa.smart.smartdevice.SmartDevice'>
192.168.100.112 multi-request-batch-1-of-1 >> '{"method":"multipleRequest","request_time_milis":1743683625363,"terminal_uuid":"E/NFbntoVkElohRC7KzNRg==","params":{"requests":[{"method":"component_nego"},{"method":"get_device_info"},{"method":"get_connect_cloud_state"}]}}'
Will perform handshaking...
Posting to http://192.168.100.112/app
Unable to query the device: 192.168.100.112, not retrying: ("Unable to query the device: 192.168.100.112: _patch_task.<locals>.task_new_init() got an unexpected keyword argument 'eager_start'", TypeError("_patch_task.<locals>.task_new_init() got an unexpected keyword argument 'eager_start'"))
Discovery started...
Using proactor: IocpProactor
Listening on 127.0.0.1:8080
[DISCOVERY] 255.255.255.255 >> {'system': {'get_sysinfo': {}}}
Waiting 5 seconds for responses...
Using proactor: IocpProactor
Using SmartDevice for SMART.TAPOPLUG
Finding protocol for 192.168.100.112
Finding protocol for DeviceFamily.SmartTapoPlug
Finding transport for SMART.AES
Created AES transport for 192.168.100.112
[DISCOVERY] 192.168.100.112 << {'error_code': 0,
 'result': {'device_id': 'REDACTED_c913ec3cd97a6bec2fbb1ee',
            'device_model': 'P100',
            'device_type': 'SMART.TAPOPLUG',
            'factory_default': False,
            'ip': '192.168.100.112',
            'is_support_iot_cloud': True,
            'mac': '74-DA-88-00-00-00',
            'mgt_encrypt_schm': {'encrypt_type': 'AES',
                                 'http_port': 80,
                                 'is_support_https': False,
                                 'lv': 2},
            'owner': 'REDACTED_19347acd812465188388075'}}
Initializing 192.168.100.112 of type <class 'kasa.smart.smartdevice.SmartDevice'>
Discovery finished! Found: 1 device(s)
Discovered 1 devices
Using proactor: IocpProactor
[DISCOVERY] 192.168.100.112 >> {'system': {'get_sysinfo': {}}}
Waiting a total of 5 seconds for responses...
Using SmartDevice for SMART.TAPOPLUG
Finding protocol for 192.168.100.112
Finding protocol for DeviceFamily.SmartTapoPlug
Finding transport for SMART.AES
Created AES transport for 192.168.100.112
[DISCOVERY] 192.168.100.112 << {'error_code': 0,
 'result': {'device_id': 'REDACTED_c913ec3cd97a6bec2fbb1ee',
            'device_model': 'P100',
            'device_type': 'SMART.TAPOPLUG',
            'factory_default': False,
            'ip': '192.168.100.112',
            'is_support_iot_cloud': True,
            'mac': '74-DA-88-00-00-00',
            'mgt_encrypt_schm': {'encrypt_type': 'AES',
                                 'http_port': 80,
                                 'is_support_https': False,
                                 'lv': 2},
            'owner': 'REDACTED_19347acd812465188388075'}}
Initializing 192.168.100.112 of type <class 'kasa.smart.smartdevice.SmartDevice'>
192.168.100.112 multi-request-batch-1-of-1 >> '{"method":"multipleRequest","request_time_milis":1743683783551,"terminal_uuid":"rrlTKHD7izm/EEWWAWTZYg==","params":{"requests":[{"method":"component_nego"},{"method":"get_device_info"},{"method":"get_connect_cloud_state"}]}}'
Will perform handshaking...
Posting to http://192.168.100.112/app
Generating keypair
Handshake request: {'method': 'handshake', 'params': {'key': '-----BEGIN PUBLIC KEY-----\nMIGfMA0GCSqGSIb3DQEBAQUAA4GNADCBiQKBgQDPvoyD2oUfL788t9pWUNCna7E1hh5VU709S6glgO3WQRBrKNN+FDoxv7CKTCba/83TcQk2J5EnawcZOIQzxdQpScSCqCibSoTgS0Du0/W7qr6IRXbXdhq2+eQm8KCJ0Q4GCJLdt6SHtqYRNjsQCPVEI4iRT7D612fE17fHBWNIswIDAQAB\n-----END PUBLIC KEY-----\n'}}
Device responded with: {'error_code': 0, 'result': {'key': 'FPMyGC3pTMk1HDMySEZxjVM5NyZSBOU4tNat3fEkfrRckbLYTfTNfpzpv1XXGnDSiQH1mPqoFI7VcJrl51oKn/kfEceYs+jDLOcm4g9Rf6a3mdYByWnrqGXQgG2SdtD/5G1z5EWxB/HjACd9nRHgVL3Th6ehxg8TTpOVS5jUaFM='}}
Handshake with 192.168.100.112 complete
Posting to http://192.168.100.112/app
192.168.100.112: logged in with provided credentials
Posting to http://192.168.100.112/app?token=B98A58874757BF513031C4328302F903
Device 192.168.100.112 received an os error, enabling sequential request delay: Server disconnected
Device 192.168.100.112 got a connection error, will retry 3 times: ('Device connection error: 192.168.100.112: Server disconnected', ServerDisconnectedError('Server disconnected'))
192.168.100.112 multi-request-batch-1-of-1 >> '{"method":"multipleRequest","request_time_milis":1743683783675,"terminal_uuid":"rrlTKHD7izm/EEWWAWTZYg==","params":{"requests":[{"method":"component_nego"},{"method":"get_device_info"},{"method":"get_connect_cloud_state"}]}}'
Device 192.168.100.112 waiting 0.25 seconds to send request
Posting to http://192.168.100.112/app?token=B98A58874757BF513031C4328302F903
192.168.100.112 multi-request-batch-1-of-1 << {'error_code': 0,
 'result': {'responses': [{'error_code': 0,
                           'method': 'component_nego',
                           'result': {'component_list': [{'id': 'device',
                                                          'ver_code': 2},
                                                         {'id': 'firmware',
                                                          'ver_code': 1},
                                                         {'id': 'quick_setup',
                                                          'ver_code': 3},
                                                         {'id': 'time',
                                                          'ver_code': 1},
                                                         {'id': 'wireless',
                                                          'ver_code': 1},
                                                         {'id': 'schedule',
                                                          'ver_code': 2},
                                                         {'id': 'countdown',
                                                          'ver_code': 2},
                                                         {'id': 'antitheft',
                                                          'ver_code': 1},
                                                         {'id': 'account',
                                                          'ver_code': 1},
                                                         {'id': 'synchronize',
                                                          'ver_code': 1},
                                                         {'id': 'sunrise_sunset',
                                                          'ver_code': 1},
                                                         {'id': 'led',
                                                          'ver_code': 1},
                                                         {'id': 'cloud_connect',
                                                          'ver_code': 1},
                                                         {'id': 'iot_cloud',
                                                          'ver_code': 1},
                                                         {'id': 'default_states',
                                                          'ver_code': 1}]}},
                          {'error_code': 0,
                           'method': 'get_device_info',
                           'result': {'avatar': 'plug',
                                      'default_states': {'state': {},
                                                         'type': 'last_states'},
                                      'device_id': 'REDACTED_DB80F24B353338FA05BB18C1C486215',
                                      'device_on': True,
                                      'fw_id': 'REDACTED_A25ABDE41405B20C6F98816',
                                      'fw_ver': '1.3.7 Build 20230711 Rel. '
                                                '61904',
                                      'has_set_location_info': True,
                                      'hw_id': 'REDACTED_5B29645B8150C392284029D',
                                      'hw_ver': '1.0.0',
                                      'ip': '192.168.100.112',
                                      'lang': 'it_IT',
                                      'latitude': 0,
                                      'location': '',
                                      'longitude': 0,
                                      'mac': '74-DA-88-00-00-00',
                                      'model': 'P100',
                                      'nickname': 'I01BU0tFRF9OQU1FIw==',
                                      'oem_id': 'REDACTED_06C60A9AEEA36A3347B6EBC',
                                      'on_time': 12266,
                                      'overheated': False,
                                      'region': 'Europe/Rome',
                                      'rssi': -40,
                                      'signal_level': 3,
                                      'specs': 'EU',
                                      'ssid': 'I01BU0tFRF9TU0lEIw==',
                                      'time_diff': 60,
                                      'type': 'SMART.TAPOPLUG'}},
                          {'error_code': 0,
                           'method': 'get_connect_cloud_state',
                           'result': {'status': 0}}]}}
Device 192.168.100.112, found required cloud_connect, adding Cloud to modules.
Device 192.168.100.112, found required device, adding DeviceModule to modules.
Device 192.168.100.112, found required firmware, adding Firmware to modules.
Device 192.168.100.112, found required led, adding Led to modules.
Device 192.168.100.112, found required None, adding OverheatProtection to modules.
Device 192.168.100.112, found required time, adding Time to modules.
Querying 192.168.100.112 for modules: Time, Led
192.168.100.112 multi-request-batch-1-of-1 >> '{"method":"multipleRequest","request_time_milis":1743683784022,"terminal_uuid":"rrlTKHD7izm/EEWWAWTZYg==","params":{"requests":[{"method":"get_device_time"},{"method":"get_led_info"}]}}'
Device 192.168.100.112 waiting 0.25 seconds to send request
Posting to http://192.168.100.112/app?token=B98A58874757BF513031C4328302F903
192.168.100.112 multi-request-batch-1-of-1 << {'error_code': 0,
 'result': {'responses': [{'error_code': 0,
                           'method': 'get_device_time',
                           'result': {'region': 'Europe/Rome',
                                      'time_diff': 60,
                                      'timestamp': 1743683779}},
                          {'error_code': 0,
                           'method': 'get_led_info',
                           'result': {'led_rule': 'always',
                                      'led_status': True,
                                      'night_mode': {'end_time': 0,
                                                     'night_mode_type': 'unknown',
                                                     'start_time': 0,
                                                     'sunrise_offset': 0,
                                                     'sunset_offset': 0}}}]}}
Update completed 192.168.100.112: ['component_nego', 'get_device_info', 'get_connect_cloud_state', 'get_device_time', 'get_led_info']
result is: <DeviceType.Plug at 192.168.100.112 - a (P100)>
Unclosed client session
client_session: <aiohttp.client.ClientSession object at 0x0000024975134080>
Exception in default exception handler
Traceback (most recent call last):
  File "C:\Users\Davide\AppData\Local\Programs\Python\Python312\Lib\asyncio\base_events.py", line 1847, in call_exception_handler
    self.default_exception_handler(context)
  File "C:\Users\Davide\AppData\Local\Programs\Python\Python312\Lib\asyncio\base_events.py", line 1821, in default_exception_handler
    logger.error('\n'.join(log_lines), exc_info=exc_info)
  File "C:\Users\Davide\AppData\Local\Programs\Python\Python312\Lib\logging\__init__.py", line 1568, in error
    self._log(ERROR, msg, args, **kwargs)
  File "C:\Users\Davide\AppData\Local\Programs\Python\Python312\Lib\logging\__init__.py", line 1684, in _log
    self.handle(record)
  File "C:\Users\Davide\AppData\Local\Programs\Python\Python312\Lib\logging\__init__.py", line 1700, in handle
    self.callHandlers(record)
  File "C:\Users\Davide\AppData\Local\Programs\Python\Python312\Lib\logging\__init__.py", line 1762, in callHandlers
    hdlr.handle(record)
  File "C:\Users\Davide\Desktop\ServerSmartPlug\log_manager.py", line 16, in handle
    listener(record)
  File "C:\Users\Davide\Desktop\ServerSmartPlug\gui\windows.py", line 25, in _add_console_line
    self.console_text.configure(state='normal')
  File "C:\Users\Davide\AppData\Local\Programs\Python\Python312\Lib\tkinter\__init__.py", line 1722, in configure
    return self._configure('configure', cnf, kw)
           ^^^^^^^^^^^^^^^^^^^^^^^^^^^^^^^^^^^^^
  File "C:\Users\Davide\AppData\Local\Programs\Python\Python312\Lib\tkinter\__init__.py", line 1712, in _configure
    self.tk.call(_flatten((self._w, cmd)) + self._options(cnf))
_tkinter.TclError: invalid command name ".!frame4.!frame.!text"
Unclosed connector
connections: ['deque([(<aiohttp.client_proto.ResponseHandler object at 0x0000024975143950>, 857340.062)])']
connector: <aiohttp.connector.TCPConnector object at 0x0000024973B820F0>
Exception in default exception handler
Traceback (most recent call last):
  File "C:\Users\Davide\AppData\Local\Programs\Python\Python312\Lib\asyncio\base_events.py", line 1847, in call_exception_handler
    self.default_exception_handler(context)
  File "C:\Users\Davide\AppData\Local\Programs\Python\Python312\Lib\asyncio\base_events.py", line 1821, in default_exception_handler
    logger.error('\n'.join(log_lines), exc_info=exc_info)
  File "C:\Users\Davide\AppData\Local\Programs\Python\Python312\Lib\logging\__init__.py", line 1568, in error
    self._log(ERROR, msg, args, **kwargs)
  File "C:\Users\Davide\AppData\Local\Programs\Python\Python312\Lib\logging\__init__.py", line 1684, in _log
    self.handle(record)
  File "C:\Users\Davide\AppData\Local\Programs\Python\Python312\Lib\logging\__init__.py", line 1700, in handle
    self.callHandlers(record)
  File "C:\Users\Davide\AppData\Local\Programs\Python\Python312\Lib\logging\__init__.py", line 1762, in callHandlers
    hdlr.handle(record)
  File "C:\Users\Davide\Desktop\ServerSmartPlug\log_manager.py", line 16, in handle
    listener(record)
  File "C:\Users\Davide\Desktop\ServerSmartPlug\gui\windows.py", line 25, in _add_console_line
    self.console_text.configure(state='normal')
  File "C:\Users\Davide\AppData\Local\Programs\Python\Python312\Lib\tkinter\__init__.py", line 1722, in configure
    return self._configure('configure', cnf, kw)
           ^^^^^^^^^^^^^^^^^^^^^^^^^^^^^^^^^^^^^
  File "C:\Users\Davide\AppData\Local\Programs\Python\Python312\Lib\tkinter\__init__.py", line 1712, in _configure
    self.tk.call(_flatten((self._w, cmd)) + self._options(cnf))
_tkinter.TclError: invalid command name ".!frame4.!frame.!text"
Discovery started...
Using proactor: IocpProactor
Listening on 127.0.0.1:8080
[DISCOVERY] 255.255.255.255 >> {'system': {'get_sysinfo': {}}}
Waiting 5 seconds for responses...
Using proactor: IocpProactor
Using SmartDevice for SMART.TAPOPLUG
Finding protocol for 192.168.100.112
Finding protocol for DeviceFamily.SmartTapoPlug
Finding transport for SMART.AES
Created AES transport for 192.168.100.112
[DISCOVERY] 192.168.100.112 << {'error_code': 0,
 'result': {'device_id': 'REDACTED_c913ec3cd97a6bec2fbb1ee',
            'device_model': 'P100',
            'device_type': 'SMART.TAPOPLUG',
            'factory_default': False,
            'ip': '192.168.100.112',
            'is_support_iot_cloud': True,
            'mac': '74-DA-88-00-00-00',
            'mgt_encrypt_schm': {'encrypt_type': 'AES',
                                 'http_port': 80,
                                 'is_support_https': False,
                                 'lv': 2},
            'owner': 'REDACTED_19347acd812465188388075'}}
Initializing 192.168.100.112 of type <class 'kasa.smart.smartdevice.SmartDevice'>
Discovery finished! Found: 1 device(s)
Discovered 1 devices
Discovery started...
Using proactor: IocpProactor
Listening on 127.0.0.1:8080
[DISCOVERY] 255.255.255.255 >> {'system': {'get_sysinfo': {}}}
Waiting 5 seconds for responses...
Using proactor: IocpProactor
Using SmartDevice for SMART.TAPOPLUG
Finding protocol for 192.168.100.112
Finding protocol for DeviceFamily.SmartTapoPlug
Finding transport for SMART.AES
Created AES transport for 192.168.100.112
[DISCOVERY] 192.168.100.112 << {'error_code': 0,
 'result': {'device_id': 'REDACTED_c913ec3cd97a6bec2fbb1ee',
            'device_model': 'P100',
            'device_type': 'SMART.TAPOPLUG',
            'factory_default': False,
            'ip': '192.168.100.112',
            'is_support_iot_cloud': True,
            'mac': '74-DA-88-00-00-00',
            'mgt_encrypt_schm': {'encrypt_type': 'AES',
                                 'http_port': 80,
                                 'is_support_https': False,
                                 'lv': 2},
            'owner': 'REDACTED_19347acd812465188388075'}}
Initializing 192.168.100.112 of type <class 'kasa.smart.smartdevice.SmartDevice'>
Discovery finished! Found: 1 device(s)
Discovered 1 devices
Using proactor: IocpProactor
[DISCOVERY] 192.168.100.112 >> {'system': {'get_sysinfo': {}}}
Waiting a total of 5 seconds for responses...
Using SmartDevice for SMART.TAPOPLUG
Finding protocol for 192.168.100.112
Finding protocol for DeviceFamily.SmartTapoPlug
Finding transport for SMART.AES
Created AES transport for 192.168.100.112
[DISCOVERY] 192.168.100.112 << {'error_code': 0,
 'result': {'device_id': 'REDACTED_c913ec3cd97a6bec2fbb1ee',
            'device_model': 'P100',
            'device_type': 'SMART.TAPOPLUG',
            'factory_default': False,
            'ip': '192.168.100.112',
            'is_support_iot_cloud': True,
            'mac': '74-DA-88-00-00-00',
            'mgt_encrypt_schm': {'encrypt_type': 'AES',
                                 'http_port': 80,
                                 'is_support_https': False,
                                 'lv': 2},
            'owner': 'REDACTED_19347acd812465188388075'}}
Initializing 192.168.100.112 of type <class 'kasa.smart.smartdevice.SmartDevice'>
192.168.100.112 multi-request-batch-1-of-1 >> '{"method":"multipleRequest","request_time_milis":1743684339400,"terminal_uuid":"0nojZy2Pek/+8Am//7w7xg==","params":{"requests":[{"method":"component_nego"},{"method":"get_device_info"},{"method":"get_connect_cloud_state"}]}}'
Will perform handshaking...
Posting to http://192.168.100.112/app
Generating keypair
Handshake request: {'method': 'handshake', 'params': {'key': '-----BEGIN PUBLIC KEY-----\nMIGfMA0GCSqGSIb3DQEBAQUAA4GNADCBiQKBgQCnl0DgNyU1Rm7mKcR/jPv6Tj4i6HqCMnjcB+deBtGMGjhWC9suIgtCZSV6gnoylTJKYTOfQpNsngjOell30Tt4fJ/XNdDc2PhV6VGtxjigrJRCyqfccAGnn/nbOAnr/kC9rgKjTFd7geL3if1Hu1M4tBmLANUe67FGifEboiCfRQIDAQAB\n-----END PUBLIC KEY-----\n'}}
Device responded with: {'error_code': 0, 'result': {'key': 'FAu9yAxl9TEyFsuf6boz0SdM8m8b5rwj1nC1fTX4zUBZR2h3HILNf+kMvzJs2XfNywUXkQmC8N1+dyYzhQ1vXVA4tRNPT15pfdv6dwyzOzd61REmaE6FoKEzdAXFQahFMm3I9Q2Z96vIDHmTWFMtmRYRK/mNU+d/9LkRxDDiz5s='}}
Handshake with 192.168.100.112 complete
Posting to http://192.168.100.112/app
192.168.100.112: logged in with provided credentials
Posting to http://192.168.100.112/app?token=B2B387B7DEF74CF560D5A1D4B7C4D7C4
Device 192.168.100.112 received an os error, enabling sequential request delay: Server disconnected
Device 192.168.100.112 got a connection error, will retry 3 times: ('Device connection error: 192.168.100.112: Server disconnected', ServerDisconnectedError('Server disconnected'))
192.168.100.112 multi-request-batch-1-of-1 >> '{"method":"multipleRequest","request_time_milis":1743684339518,"terminal_uuid":"0nojZy2Pek/+8Am//7w7xg==","params":{"requests":[{"method":"component_nego"},{"method":"get_device_info"},{"method":"get_connect_cloud_state"}]}}'
Device 192.168.100.112 waiting 0.25 seconds to send request
Posting to http://192.168.100.112/app?token=B2B387B7DEF74CF560D5A1D4B7C4D7C4
192.168.100.112 multi-request-batch-1-of-1 << {'error_code': 0,
 'result': {'responses': [{'error_code': 0,
                           'method': 'component_nego',
                           'result': {'component_list': [{'id': 'device',
                                                          'ver_code': 2},
                                                         {'id': 'firmware',
                                                          'ver_code': 1},
                                                         {'id': 'quick_setup',
                                                          'ver_code': 3},
                                                         {'id': 'time',
                                                          'ver_code': 1},
                                                         {'id': 'wireless',
                                                          'ver_code': 1},
                                                         {'id': 'schedule',
                                                          'ver_code': 2},
                                                         {'id': 'countdown',
                                                          'ver_code': 2},
                                                         {'id': 'antitheft',
                                                          'ver_code': 1},
                                                         {'id': 'account',
                                                          'ver_code': 1},
                                                         {'id': 'synchronize',
                                                          'ver_code': 1},
                                                         {'id': 'sunrise_sunset',
                                                          'ver_code': 1},
                                                         {'id': 'led',
                                                          'ver_code': 1},
                                                         {'id': 'cloud_connect',
                                                          'ver_code': 1},
                                                         {'id': 'iot_cloud',
                                                          'ver_code': 1},
                                                         {'id': 'default_states',
                                                          'ver_code': 1}]}},
                          {'error_code': 0,
                           'method': 'get_device_info',
                           'result': {'avatar': 'plug',
                                      'default_states': {'state': {},
                                                         'type': 'last_states'},
                                      'device_id': 'REDACTED_DB80F24B353338FA05BB18C1C486215',
                                      'device_on': True,
                                      'fw_id': 'REDACTED_A25ABDE41405B20C6F98816',
                                      'fw_ver': '1.3.7 Build 20230711 Rel. '
                                                '61904',
                                      'has_set_location_info': True,
                                      'hw_id': 'REDACTED_5B29645B8150C392284029D',
                                      'hw_ver': '1.0.0',
                                      'ip': '192.168.100.112',
                                      'lang': 'it_IT',
                                      'latitude': 0,
                                      'location': '',
                                      'longitude': 0,
                                      'mac': '74-DA-88-00-00-00',
                                      'model': 'P100',
                                      'nickname': 'I01BU0tFRF9OQU1FIw==',
                                      'oem_id': 'REDACTED_06C60A9AEEA36A3347B6EBC',
                                      'on_time': 12822,
                                      'overheated': False,
                                      'region': 'Europe/Rome',
                                      'rssi': -40,
                                      'signal_level': 3,
                                      'specs': 'EU',
                                      'ssid': 'I01BU0tFRF9TU0lEIw==',
                                      'time_diff': 60,
                                      'type': 'SMART.TAPOPLUG'}},
                          {'error_code': 0,
                           'method': 'get_connect_cloud_state',
                           'result': {'status': 0}}]}}
Device 192.168.100.112, found required cloud_connect, adding Cloud to modules.
Device 192.168.100.112, found required device, adding DeviceModule to modules.
Device 192.168.100.112, found required firmware, adding Firmware to modules.
Device 192.168.100.112, found required led, adding Led to modules.
Device 192.168.100.112, found required None, adding OverheatProtection to modules.
Device 192.168.100.112, found required time, adding Time to modules.
Querying 192.168.100.112 for modules: Time, Led
192.168.100.112 multi-request-batch-1-of-1 >> '{"method":"multipleRequest","request_time_milis":1743684339834,"terminal_uuid":"0nojZy2Pek/+8Am//7w7xg==","params":{"requests":[{"method":"get_device_time"},{"method":"get_led_info"}]}}'
Device 192.168.100.112 waiting 0.23499999998603016 seconds to send request
Posting to http://192.168.100.112/app?token=B2B387B7DEF74CF560D5A1D4B7C4D7C4
192.168.100.112 multi-request-batch-1-of-1 << {'error_code': 0,
 'result': {'responses': [{'error_code': 0,
                           'method': 'get_device_time',
                           'result': {'region': 'Europe/Rome',
                                      'time_diff': 60,
                                      'timestamp': 1743684335}},
                          {'error_code': 0,
                           'method': 'get_led_info',
                           'result': {'led_rule': 'always',
                                      'led_status': True,
                                      'night_mode': {'end_time': 0,
                                                     'night_mode_type': 'unknown',
                                                     'start_time': 0,
                                                     'sunrise_offset': 0,
                                                     'sunset_offset': 0}}}]}}
Update completed 192.168.100.112: ['component_nego', 'get_device_info', 'get_connect_cloud_state', 'get_device_time', 'get_led_info']
result is: True
Unclosed client session
client_session: <aiohttp.client.ClientSession object at 0x00000220D5A9DDF0>
Exception in default exception handler
Traceback (most recent call last):
  File "C:\Users\Davide\AppData\Local\Programs\Python\Python312\Lib\asyncio\base_events.py", line 1847, in call_exception_handler
    self.default_exception_handler(context)
  File "C:\Users\Davide\AppData\Local\Programs\Python\Python312\Lib\asyncio\base_events.py", line 1821, in default_exception_handler
    logger.error('\n'.join(log_lines), exc_info=exc_info)
  File "C:\Users\Davide\AppData\Local\Programs\Python\Python312\Lib\logging\__init__.py", line 1568, in error
    self._log(ERROR, msg, args, **kwargs)
  File "C:\Users\Davide\AppData\Local\Programs\Python\Python312\Lib\logging\__init__.py", line 1684, in _log
    self.handle(record)
  File "C:\Users\Davide\AppData\Local\Programs\Python\Python312\Lib\logging\__init__.py", line 1700, in handle
    self.callHandlers(record)
  File "C:\Users\Davide\AppData\Local\Programs\Python\Python312\Lib\logging\__init__.py", line 1762, in callHandlers
    hdlr.handle(record)
  File "C:\Users\Davide\Desktop\ServerSmartPlug\log_manager.py", line 16, in handle
    listener(record)
  File "C:\Users\Davide\Desktop\ServerSmartPlug\gui\windows.py", line 25, in _add_console_line
    self.console_text.configure(state='normal')
  File "C:\Users\Davide\AppData\Local\Programs\Python\Python312\Lib\tkinter\__init__.py", line 1722, in configure
    return self._configure('configure', cnf, kw)
           ^^^^^^^^^^^^^^^^^^^^^^^^^^^^^^^^^^^^^
  File "C:\Users\Davide\AppData\Local\Programs\Python\Python312\Lib\tkinter\__init__.py", line 1712, in _configure
    self.tk.call(_flatten((self._w, cmd)) + self._options(cnf))
_tkinter.TclError: invalid command name ".!frame4.!frame.!text"
Unclosed connector
connections: ['deque([(<aiohttp.client_proto.ResponseHandler object at 0x00000220D711B9B0>, 857895.89)])']
connector: <aiohttp.connector.TCPConnector object at 0x00000220D70EF890>
Exception in default exception handler
Traceback (most recent call last):
  File "C:\Users\Davide\AppData\Local\Programs\Python\Python312\Lib\asyncio\base_events.py", line 1847, in call_exception_handler
    self.default_exception_handler(context)
  File "C:\Users\Davide\AppData\Local\Programs\Python\Python312\Lib\asyncio\base_events.py", line 1821, in default_exception_handler
    logger.error('\n'.join(log_lines), exc_info=exc_info)
  File "C:\Users\Davide\AppData\Local\Programs\Python\Python312\Lib\logging\__init__.py", line 1568, in error
    self._log(ERROR, msg, args, **kwargs)
  File "C:\Users\Davide\AppData\Local\Programs\Python\Python312\Lib\logging\__init__.py", line 1684, in _log
    self.handle(record)
  File "C:\Users\Davide\AppData\Local\Programs\Python\Python312\Lib\logging\__init__.py", line 1700, in handle
    self.callHandlers(record)
  File "C:\Users\Davide\AppData\Local\Programs\Python\Python312\Lib\logging\__init__.py", line 1762, in callHandlers
    hdlr.handle(record)
  File "C:\Users\Davide\Desktop\ServerSmartPlug\log_manager.py", line 16, in handle
    listener(record)
  File "C:\Users\Davide\Desktop\ServerSmartPlug\gui\windows.py", line 25, in _add_console_line
    self.console_text.configure(state='normal')
  File "C:\Users\Davide\AppData\Local\Programs\Python\Python312\Lib\tkinter\__init__.py", line 1722, in configure
    return self._configure('configure', cnf, kw)
           ^^^^^^^^^^^^^^^^^^^^^^^^^^^^^^^^^^^^^
  File "C:\Users\Davide\AppData\Local\Programs\Python\Python312\Lib\tkinter\__init__.py", line 1712, in _configure
    self.tk.call(_flatten((self._w, cmd)) + self._options(cnf))
_tkinter.TclError: invalid command name ".!frame4.!frame.!text"
Discovery started...
Using proactor: IocpProactor
Listening on 127.0.0.1:8080
[DISCOVERY] 255.255.255.255 >> {'system': {'get_sysinfo': {}}}
Waiting 5 seconds for responses...
Using proactor: IocpProactor
Using SmartDevice for SMART.TAPOPLUG
Finding protocol for 192.168.100.112
Finding protocol for DeviceFamily.SmartTapoPlug
Finding transport for SMART.AES
Created AES transport for 192.168.100.112
[DISCOVERY] 192.168.100.112 << {'error_code': 0,
 'result': {'device_id': 'REDACTED_c913ec3cd97a6bec2fbb1ee',
            'device_model': 'P100',
            'device_type': 'SMART.TAPOPLUG',
            'factory_default': False,
            'ip': '192.168.100.112',
            'is_support_iot_cloud': True,
            'mac': '74-DA-88-00-00-00',
            'mgt_encrypt_schm': {'encrypt_type': 'AES',
                                 'http_port': 80,
                                 'is_support_https': False,
                                 'lv': 2},
            'owner': 'REDACTED_19347acd812465188388075'}}
Initializing 192.168.100.112 of type <class 'kasa.smart.smartdevice.SmartDevice'>
Discovery finished! Found: 1 device(s)
Discovered 1 devices
Using proactor: IocpProactor
[DISCOVERY] 192.168.100.112 >> {'system': {'get_sysinfo': {}}}
Waiting a total of 5 seconds for responses...
Using SmartDevice for SMART.TAPOPLUG
Finding protocol for 192.168.100.112
Finding protocol for DeviceFamily.SmartTapoPlug
Finding transport for SMART.AES
Created AES transport for 192.168.100.112
[DISCOVERY] 192.168.100.112 << {'error_code': 0,
 'result': {'device_id': 'REDACTED_c913ec3cd97a6bec2fbb1ee',
            'device_model': 'P100',
            'device_type': 'SMART.TAPOPLUG',
            'factory_default': False,
            'ip': '192.168.100.112',
            'is_support_iot_cloud': True,
            'mac': '74-DA-88-00-00-00',
            'mgt_encrypt_schm': {'encrypt_type': 'AES',
                                 'http_port': 80,
                                 'is_support_https': False,
                                 'lv': 2},
            'owner': 'REDACTED_19347acd812465188388075'}}
Initializing 192.168.100.112 of type <class 'kasa.smart.smartdevice.SmartDevice'>
192.168.100.112 multi-request-batch-1-of-1 >> '{"method":"multipleRequest","request_time_milis":1743684352664,"terminal_uuid":"qk9hZ9KeEBFF+0pm0uQ9Vw==","params":{"requests":[{"method":"component_nego"},{"method":"get_device_info"},{"method":"get_connect_cloud_state"}]}}'
Will perform handshaking...
Posting to http://192.168.100.112/app
Generating keypair
Handshake request: {'method': 'handshake', 'params': {'key': '-----BEGIN PUBLIC KEY-----\nMIGfMA0GCSqGSIb3DQEBAQUAA4GNADCBiQKBgQCqgaK28AnR2453Mp9c+bDap4Jq0740Q5+/PruRONTxY42EwIzGEhs4gwEtC1QRfmeOfl4BSuJOpODjvnPB3yrkA3rjruOl22Hm7V51nNk+asug4QH/HFJf28fqOuVmCJXJAKB3IisY6PRIfpcOfZ+7LM80EGwdzlFtBKpPhfPUQQIDAQAB\n-----END PUBLIC KEY-----\n'}}
Device responded with: {'error_code': 0, 'result': {'key': 'X5vvd9BOz4tvNiUGARjJ9KLvzVhnNyBTVBWxSun//dN2AMlWQv6A2uEasyswLuABPu4HwTNL1F9bIMQZ0dHA80sIkY2Ap7mU7pCJl6d2tv8Spdp/i75MR/KzAtBM+Q4noiwq/lNRTIzdkYDLwccXHtv3yxlVj7fkXA7q7ASoZRg='}}
Handshake with 192.168.100.112 complete
Posting to http://192.168.100.112/app
192.168.100.112: logged in with provided credentials
Posting to http://192.168.100.112/app?token=F807CD199CF98EFEA68E2F8DB3BD7FBC
Device 192.168.100.112 received an os error, enabling sequential request delay: Server disconnected
Device 192.168.100.112 got a connection error, will retry 3 times: ('Device connection error: 192.168.100.112: Server disconnected', ServerDisconnectedError('Server disconnected'))
192.168.100.112 multi-request-batch-1-of-1 >> '{"method":"multipleRequest","request_time_milis":1743684352812,"terminal_uuid":"qk9hZ9KeEBFF+0pm0uQ9Vw==","params":{"requests":[{"method":"component_nego"},{"method":"get_device_info"},{"method":"get_connect_cloud_state"}]}}'
Device 192.168.100.112 waiting 0.25 seconds to send request
Posting to http://192.168.100.112/app?token=F807CD199CF98EFEA68E2F8DB3BD7FBC
192.168.100.112 multi-request-batch-1-of-1 << {'error_code': 0,
 'result': {'responses': [{'error_code': 0,
                           'method': 'component_nego',
                           'result': {'component_list': [{'id': 'device',
                                                          'ver_code': 2},
                                                         {'id': 'firmware',
                                                          'ver_code': 1},
                                                         {'id': 'quick_setup',
                                                          'ver_code': 3},
                                                         {'id': 'time',
                                                          'ver_code': 1},
                                                         {'id': 'wireless',
                                                          'ver_code': 1},
                                                         {'id': 'schedule',
                                                          'ver_code': 2},
                                                         {'id': 'countdown',
                                                          'ver_code': 2},
                                                         {'id': 'antitheft',
                                                          'ver_code': 1},
                                                         {'id': 'account',
                                                          'ver_code': 1},
                                                         {'id': 'synchronize',
                                                          'ver_code': 1},
                                                         {'id': 'sunrise_sunset',
                                                          'ver_code': 1},
                                                         {'id': 'led',
                                                          'ver_code': 1},
                                                         {'id': 'cloud_connect',
                                                          'ver_code': 1},
                                                         {'id': 'iot_cloud',
                                                          'ver_code': 1},
                                                         {'id': 'default_states',
                                                          'ver_code': 1}]}},
                          {'error_code': 0,
                           'method': 'get_device_info',
                           'result': {'avatar': 'plug',
                                      'default_states': {'state': {},
                                                         'type': 'last_states'},
                                      'device_id': 'REDACTED_DB80F24B353338FA05BB18C1C486215',
                                      'device_on': True,
                                      'fw_id': 'REDACTED_A25ABDE41405B20C6F98816',
                                      'fw_ver': '1.3.7 Build 20230711 Rel. '
                                                '61904',
                                      'has_set_location_info': True,
                                      'hw_id': 'REDACTED_5B29645B8150C392284029D',
                                      'hw_ver': '1.0.0',
                                      'ip': '192.168.100.112',
                                      'lang': 'it_IT',
                                      'latitude': 0,
                                      'location': '',
                                      'longitude': 0,
                                      'mac': '74-DA-88-00-00-00',
                                      'model': 'P100',
                                      'nickname': 'I01BU0tFRF9OQU1FIw==',
                                      'oem_id': 'REDACTED_06C60A9AEEA36A3347B6EBC',
                                      'on_time': 12835,
                                      'overheated': False,
                                      'region': 'Europe/Rome',
                                      'rssi': -40,
                                      'signal_level': 3,
                                      'specs': 'EU',
                                      'ssid': 'I01BU0tFRF9TU0lEIw==',
                                      'time_diff': 60,
                                      'type': 'SMART.TAPOPLUG'}},
                          {'error_code': 0,
                           'method': 'get_connect_cloud_state',
                           'result': {'status': 0}}]}}
Device 192.168.100.112, found required cloud_connect, adding Cloud to modules.
Device 192.168.100.112, found required device, adding DeviceModule to modules.
Device 192.168.100.112, found required firmware, adding Firmware to modules.
Device 192.168.100.112, found required led, adding Led to modules.
Device 192.168.100.112, found required None, adding OverheatProtection to modules.
Device 192.168.100.112, found required time, adding Time to modules.
Querying 192.168.100.112 for modules: Time, Led
192.168.100.112 multi-request-batch-1-of-1 >> '{"method":"multipleRequest","request_time_milis":1743684353182,"terminal_uuid":"qk9hZ9KeEBFF+0pm0uQ9Vw==","params":{"requests":[{"method":"get_device_time"},{"method":"get_led_info"}]}}'
Device 192.168.100.112 waiting 0.25 seconds to send request
Posting to http://192.168.100.112/app?token=F807CD199CF98EFEA68E2F8DB3BD7FBC
192.168.100.112 multi-request-batch-1-of-1 << {'error_code': 0,
 'result': {'responses': [{'error_code': 0,
                           'method': 'get_device_time',
                           'result': {'region': 'Europe/Rome',
                                      'time_diff': 60,
                                      'timestamp': 1743684348}},
                          {'error_code': 0,
                           'method': 'get_led_info',
                           'result': {'led_rule': 'always',
                                      'led_status': True,
                                      'night_mode': {'end_time': 0,
                                                     'night_mode_type': 'unknown',
                                                     'start_time': 0,
                                                     'sunrise_offset': 0,
                                                     'sunset_offset': 0}}}]}}
Update completed 192.168.100.112: ['component_nego', 'get_device_info', 'get_connect_cloud_state', 'get_device_time', 'get_led_info']
result is: True
Unclosed client session
client_session: <aiohttp.client.ClientSession object at 0x0000024BD51F4A40>
Exception in default exception handler
Traceback (most recent call last):
  File "C:\Users\Davide\AppData\Local\Programs\Python\Python312\Lib\asyncio\base_events.py", line 1847, in call_exception_handler
    self.default_exception_handler(context)
  File "C:\Users\Davide\AppData\Local\Programs\Python\Python312\Lib\asyncio\base_events.py", line 1821, in default_exception_handler
    logger.error('\n'.join(log_lines), exc_info=exc_info)
  File "C:\Users\Davide\AppData\Local\Programs\Python\Python312\Lib\logging\__init__.py", line 1568, in error
    self._log(ERROR, msg, args, **kwargs)
  File "C:\Users\Davide\AppData\Local\Programs\Python\Python312\Lib\logging\__init__.py", line 1684, in _log
    self.handle(record)
  File "C:\Users\Davide\AppData\Local\Programs\Python\Python312\Lib\logging\__init__.py", line 1700, in handle
    self.callHandlers(record)
  File "C:\Users\Davide\AppData\Local\Programs\Python\Python312\Lib\logging\__init__.py", line 1762, in callHandlers
    hdlr.handle(record)
  File "C:\Users\Davide\Desktop\ServerSmartPlug\log_manager.py", line 16, in handle
    listener(record)
  File "C:\Users\Davide\Desktop\ServerSmartPlug\gui\windows.py", line 25, in _add_console_line
    self.console_text.configure(state='normal')
  File "C:\Users\Davide\AppData\Local\Programs\Python\Python312\Lib\tkinter\__init__.py", line 1722, in configure
    return self._configure('configure', cnf, kw)
           ^^^^^^^^^^^^^^^^^^^^^^^^^^^^^^^^^^^^^
  File "C:\Users\Davide\AppData\Local\Programs\Python\Python312\Lib\tkinter\__init__.py", line 1712, in _configure
    self.tk.call(_flatten((self._w, cmd)) + self._options(cnf))
_tkinter.TclError: invalid command name ".!frame4.!frame.!text"
Unclosed connector
connections: ['deque([(<aiohttp.client_proto.ResponseHandler object at 0x0000024BD520F9B0>, 857909.25)])']
connector: <aiohttp.connector.TCPConnector object at 0x0000024BD51F40E0>
Exception in default exception handler
Traceback (most recent call last):
  File "C:\Users\Davide\AppData\Local\Programs\Python\Python312\Lib\asyncio\base_events.py", line 1847, in call_exception_handler
    self.default_exception_handler(context)
  File "C:\Users\Davide\AppData\Local\Programs\Python\Python312\Lib\asyncio\base_events.py", line 1821, in default_exception_handler
    logger.error('\n'.join(log_lines), exc_info=exc_info)
  File "C:\Users\Davide\AppData\Local\Programs\Python\Python312\Lib\logging\__init__.py", line 1568, in error
    self._log(ERROR, msg, args, **kwargs)
  File "C:\Users\Davide\AppData\Local\Programs\Python\Python312\Lib\logging\__init__.py", line 1684, in _log
    self.handle(record)
  File "C:\Users\Davide\AppData\Local\Programs\Python\Python312\Lib\logging\__init__.py", line 1700, in handle
    self.callHandlers(record)
  File "C:\Users\Davide\AppData\Local\Programs\Python\Python312\Lib\logging\__init__.py", line 1762, in callHandlers
    hdlr.handle(record)
  File "C:\Users\Davide\Desktop\ServerSmartPlug\log_manager.py", line 16, in handle
    listener(record)
  File "C:\Users\Davide\Desktop\ServerSmartPlug\gui\windows.py", line 25, in _add_console_line
    self.console_text.configure(state='normal')
  File "C:\Users\Davide\AppData\Local\Programs\Python\Python312\Lib\tkinter\__init__.py", line 1722, in configure
    return self._configure('configure', cnf, kw)
           ^^^^^^^^^^^^^^^^^^^^^^^^^^^^^^^^^^^^^
  File "C:\Users\Davide\AppData\Local\Programs\Python\Python312\Lib\tkinter\__init__.py", line 1712, in _configure
    self.tk.call(_flatten((self._w, cmd)) + self._options(cnf))
_tkinter.TclError: invalid command name ".!frame4.!frame.!text"
Discovery started...
Using proactor: IocpProactor
Listening on 127.0.0.1:8080
[DISCOVERY] 255.255.255.255 >> {'system': {'get_sysinfo': {}}}
Waiting 5 seconds for responses...
Using proactor: IocpProactor
Using SmartDevice for SMART.TAPOPLUG
Finding protocol for 192.168.100.112
Finding protocol for DeviceFamily.SmartTapoPlug
Finding transport for SMART.AES
Created AES transport for 192.168.100.112
[DISCOVERY] 192.168.100.112 << {'error_code': 0,
 'result': {'device_id': 'REDACTED_c913ec3cd97a6bec2fbb1ee',
            'device_model': 'P100',
            'device_type': 'SMART.TAPOPLUG',
            'factory_default': False,
            'ip': '192.168.100.112',
            'is_support_iot_cloud': True,
            'mac': '74-DA-88-00-00-00',
            'mgt_encrypt_schm': {'encrypt_type': 'AES',
                                 'http_port': 80,
                                 'is_support_https': False,
                                 'lv': 2},
            'owner': 'REDACTED_19347acd812465188388075'}}
Initializing 192.168.100.112 of type <class 'kasa.smart.smartdevice.SmartDevice'>
Discovery finished! Found: 1 device(s)
Discovered 1 devices
Using proactor: IocpProactor
[DISCOVERY] 192.168.100.112 >> {'system': {'get_sysinfo': {}}}
Waiting a total of 5 seconds for responses...
Using SmartDevice for SMART.TAPOPLUG
Finding protocol for 192.168.100.112
Finding protocol for DeviceFamily.SmartTapoPlug
Finding transport for SMART.AES
Created AES transport for 192.168.100.112
[DISCOVERY] 192.168.100.112 << {'error_code': 0,
 'result': {'device_id': 'REDACTED_c913ec3cd97a6bec2fbb1ee',
            'device_model': 'P100',
            'device_type': 'SMART.TAPOPLUG',
            'factory_default': False,
            'ip': '192.168.100.112',
            'is_support_iot_cloud': True,
            'mac': '74-DA-88-00-00-00',
            'mgt_encrypt_schm': {'encrypt_type': 'AES',
                                 'http_port': 80,
                                 'is_support_https': False,
                                 'lv': 2},
            'owner': 'REDACTED_19347acd812465188388075'}}
Initializing 192.168.100.112 of type <class 'kasa.smart.smartdevice.SmartDevice'>
192.168.100.112 multi-request-batch-1-of-1 >> '{"method":"multipleRequest","request_time_milis":1743684690547,"terminal_uuid":"JgWbypdf6ohMsaPLG6USfg==","params":{"requests":[{"method":"component_nego"},{"method":"get_device_info"},{"method":"get_connect_cloud_state"}]}}'
Will perform handshaking...
Posting to http://192.168.100.112/app
Generating keypair
Handshake request: {'method': 'handshake', 'params': {'key': '-----BEGIN PUBLIC KEY-----\nMIGfMA0GCSqGSIb3DQEBAQUAA4GNADCBiQKBgQC1dH1x3fTw+Wa5BJ324YRk/ievVLSJRbckyiJNhE85F5qE+2QJXXTgLrGH9oM27lcBi2J32mtc4VsQ7DGbhO4U7sPb5N3spI7diuC8WLNWQG/jMINNZm7fuVR5u7PfjWX3SZbOeZtLHLGlx9vjGh/0epBEG63TYvwhM/dkRTk0WwIDAQAB\n-----END PUBLIC KEY-----\n'}}
Device responded with: {'error_code': 0, 'result': {'key': 'RHvYPCHzMgg8Uj4DGbrqwJ8ZmnqHUHScu/rpfAXCMVTz/6mlTd/gV0zSO677oCUqizHYK9t8/pOGUg7YgG9lPtHKlB0giO+m4z+qzJ+kmRO54Hx3+hMfCyW9viGBbBLj/W/I2i+4Rwh/ofSe2kWyi32AAvkoqr63ltdwgDoUzMM='}}
Handshake with 192.168.100.112 complete
Posting to http://192.168.100.112/app
192.168.100.112: logged in with provided credentials
Posting to http://192.168.100.112/app?token=CEA49AA0D8E0F2E25BC2C6C312D35CD3
Device 192.168.100.112 received an os error, enabling sequential request delay: Server disconnected
Device 192.168.100.112 got a connection error, will retry 3 times: ('Device connection error: 192.168.100.112: Server disconnected', ServerDisconnectedError('Server disconnected'))
192.168.100.112 multi-request-batch-1-of-1 >> '{"method":"multipleRequest","request_time_milis":1743684690677,"terminal_uuid":"JgWbypdf6ohMsaPLG6USfg==","params":{"requests":[{"method":"component_nego"},{"method":"get_device_info"},{"method":"get_connect_cloud_state"}]}}'
Device 192.168.100.112 waiting 0.25 seconds to send request
Posting to http://192.168.100.112/app?token=CEA49AA0D8E0F2E25BC2C6C312D35CD3
192.168.100.112 multi-request-batch-1-of-1 << {'error_code': 0,
 'result': {'responses': [{'error_code': 0,
                           'method': 'component_nego',
                           'result': {'component_list': [{'id': 'device',
                                                          'ver_code': 2},
                                                         {'id': 'firmware',
                                                          'ver_code': 1},
                                                         {'id': 'quick_setup',
                                                          'ver_code': 3},
                                                         {'id': 'time',
                                                          'ver_code': 1},
                                                         {'id': 'wireless',
                                                          'ver_code': 1},
                                                         {'id': 'schedule',
                                                          'ver_code': 2},
                                                         {'id': 'countdown',
                                                          'ver_code': 2},
                                                         {'id': 'antitheft',
                                                          'ver_code': 1},
                                                         {'id': 'account',
                                                          'ver_code': 1},
                                                         {'id': 'synchronize',
                                                          'ver_code': 1},
                                                         {'id': 'sunrise_sunset',
                                                          'ver_code': 1},
                                                         {'id': 'led',
                                                          'ver_code': 1},
                                                         {'id': 'cloud_connect',
                                                          'ver_code': 1},
                                                         {'id': 'iot_cloud',
                                                          'ver_code': 1},
                                                         {'id': 'default_states',
                                                          'ver_code': 1}]}},
                          {'error_code': 0,
                           'method': 'get_device_info',
                           'result': {'avatar': 'plug',
                                      'default_states': {'state': {},
                                                         'type': 'last_states'},
                                      'device_id': 'REDACTED_DB80F24B353338FA05BB18C1C486215',
                                      'device_on': True,
                                      'fw_id': 'REDACTED_A25ABDE41405B20C6F98816',
                                      'fw_ver': '1.3.7 Build 20230711 Rel. '
                                                '61904',
                                      'has_set_location_info': True,
                                      'hw_id': 'REDACTED_5B29645B8150C392284029D',
                                      'hw_ver': '1.0.0',
                                      'ip': '192.168.100.112',
                                      'lang': 'it_IT',
                                      'latitude': 0,
                                      'location': '',
                                      'longitude': 0,
                                      'mac': '74-DA-88-00-00-00',
                                      'model': 'P100',
                                      'nickname': 'I01BU0tFRF9OQU1FIw==',
                                      'oem_id': 'REDACTED_06C60A9AEEA36A3347B6EBC',
                                      'on_time': 13173,
                                      'overheated': False,
                                      'region': 'Europe/Rome',
                                      'rssi': -40,
                                      'signal_level': 3,
                                      'specs': 'EU',
                                      'ssid': 'I01BU0tFRF9TU0lEIw==',
                                      'time_diff': 60,
                                      'type': 'SMART.TAPOPLUG'}},
                          {'error_code': 0,
                           'method': 'get_connect_cloud_state',
                           'result': {'status': 0}}]}}
Device 192.168.100.112, found required cloud_connect, adding Cloud to modules.
Device 192.168.100.112, found required device, adding DeviceModule to modules.
Device 192.168.100.112, found required firmware, adding Firmware to modules.
Device 192.168.100.112, found required led, adding Led to modules.
Device 192.168.100.112, found required None, adding OverheatProtection to modules.
Device 192.168.100.112, found required time, adding Time to modules.
Querying 192.168.100.112 for modules: Time, Led
192.168.100.112 multi-request-batch-1-of-1 >> '{"method":"multipleRequest","request_time_milis":1743684691067,"terminal_uuid":"JgWbypdf6ohMsaPLG6USfg==","params":{"requests":[{"method":"get_device_time"},{"method":"get_led_info"}]}}'
Device 192.168.100.112 waiting 0.23400000005494803 seconds to send request
Posting to http://192.168.100.112/app?token=CEA49AA0D8E0F2E25BC2C6C312D35CD3
192.168.100.112 multi-request-batch-1-of-1 << {'error_code': 0,
 'result': {'responses': [{'error_code': 0,
                           'method': 'get_device_time',
                           'result': {'region': 'Europe/Rome',
                                      'time_diff': 60,
                                      'timestamp': 1743684686}},
                          {'error_code': 0,
                           'method': 'get_led_info',
                           'result': {'led_rule': 'always',
                                      'led_status': True,
                                      'night_mode': {'end_time': 0,
                                                     'night_mode_type': 'unknown',
                                                     'start_time': 0,
                                                     'sunrise_offset': 0,
                                                     'sunset_offset': 0}}}]}}
Update completed 192.168.100.112: ['component_nego', 'get_device_info', 'get_connect_cloud_state', 'get_device_time', 'get_led_info']
result is: True
Unclosed client session
client_session: <aiohttp.client.ClientSession object at 0x0000021BBBFDBF80>
Unclosed connector
connections: ['deque([(<aiohttp.client_proto.ResponseHandler object at 0x0000021BBBFB7AD0>, 858247.109)])']
connector: <aiohttp.connector.TCPConnector object at 0x0000021BBBFDA1B0>
Discovery started...
Using proactor: IocpProactor
Listening on 127.0.0.1:8080
[DISCOVERY] 255.255.255.255 >> {'system': {'get_sysinfo': {}}}
Waiting 5 seconds for responses...
Using proactor: IocpProactor
Using SmartDevice for SMART.TAPOPLUG
Finding protocol for 192.168.100.112
Finding protocol for DeviceFamily.SmartTapoPlug
Finding transport for SMART.AES
Created AES transport for 192.168.100.112
[DISCOVERY] 192.168.100.112 << {'error_code': 0,
 'result': {'device_id': 'REDACTED_c913ec3cd97a6bec2fbb1ee',
            'device_model': 'P100',
            'device_type': 'SMART.TAPOPLUG',
            'factory_default': False,
            'ip': '192.168.100.112',
            'is_support_iot_cloud': True,
            'mac': '74-DA-88-00-00-00',
            'mgt_encrypt_schm': {'encrypt_type': 'AES',
                                 'http_port': 80,
                                 'is_support_https': False,
                                 'lv': 2},
            'owner': 'REDACTED_19347acd812465188388075'}}
Initializing 192.168.100.112 of type <class 'kasa.smart.smartdevice.SmartDevice'>
Discovery finished! Found: 1 device(s)
Discovered 1 devices
Using proactor: IocpProactor
[DISCOVERY] 192.168.100.112 >> {'system': {'get_sysinfo': {}}}
Waiting a total of 5 seconds for responses...
Using SmartDevice for SMART.TAPOPLUG
Finding protocol for 192.168.100.112
Finding protocol for DeviceFamily.SmartTapoPlug
Finding transport for SMART.AES
Created AES transport for 192.168.100.112
[DISCOVERY] 192.168.100.112 << {'error_code': 0,
 'result': {'device_id': 'REDACTED_c913ec3cd97a6bec2fbb1ee',
            'device_model': 'P100',
            'device_type': 'SMART.TAPOPLUG',
            'factory_default': False,
            'ip': '192.168.100.112',
            'is_support_iot_cloud': True,
            'mac': '74-DA-88-00-00-00',
            'mgt_encrypt_schm': {'encrypt_type': 'AES',
                                 'http_port': 80,
                                 'is_support_https': False,
                                 'lv': 2},
            'owner': 'REDACTED_19347acd812465188388075'}}
Initializing 192.168.100.112 of type <class 'kasa.smart.smartdevice.SmartDevice'>
192.168.100.112 multi-request-batch-1-of-1 >> '{"method":"multipleRequest","request_time_milis":1743684733155,"terminal_uuid":"7ZpWWzB78DD2fLREflcNxg==","params":{"requests":[{"method":"component_nego"},{"method":"get_device_info"},{"method":"get_connect_cloud_state"}]}}'
Will perform handshaking...
Posting to http://192.168.100.112/app
Generating keypair
Handshake request: {'method': 'handshake', 'params': {'key': '-----BEGIN PUBLIC KEY-----\nMIGfMA0GCSqGSIb3DQEBAQUAA4GNADCBiQKBgQCV/gLww8BSieD2sSJ73r4rHgstWnqlb5XogVLPz+nwvuMqVkOBbzW9PhsBxAS9FWFEHPpfugjPOh/oEoPFPU/NhFYGOiF/liha672nJSjvPhYJni8XHIHyx3BdFEcNYpGCKnMBkG/TgVi05dmSUMP4o8wFzmhy8OAFhgODWtUqVQIDAQAB\n-----END PUBLIC KEY-----\n'}}
Device responded with: {'error_code': 0, 'result': {'key': 'LEtx9GMSMGMg8mzX5tKk6Ze1i5pAjec4jmgscL8APheIcXyQ2hu1BhNNMk/fbLperQoxj1qmmp+zUWEuY7FunXgzLnBvNp2m817zhUal54EdvfH8xOxI04eV+3WIOLoh4f9TLHN70+OGg2j70+LUGOj3LE+hDGQ2oP43zD5TFSg='}}
Handshake with 192.168.100.112 complete
Posting to http://192.168.100.112/app
192.168.100.112: logged in with provided credentials
Posting to http://192.168.100.112/app?token=C0B0BBB708C735C4E4F4FAF512E595E5
Device 192.168.100.112 received an os error, enabling sequential request delay: Server disconnected
Device 192.168.100.112 got a connection error, will retry 3 times: ('Device connection error: 192.168.100.112: Server disconnected', ServerDisconnectedError('Server disconnected'))
192.168.100.112 multi-request-batch-1-of-1 >> '{"method":"multipleRequest","request_time_milis":1743684733280,"terminal_uuid":"7ZpWWzB78DD2fLREflcNxg==","params":{"requests":[{"method":"component_nego"},{"method":"get_device_info"},{"method":"get_connect_cloud_state"}]}}'
Device 192.168.100.112 waiting 0.23400000005494803 seconds to send request
Posting to http://192.168.100.112/app?token=C0B0BBB708C735C4E4F4FAF512E595E5
192.168.100.112 multi-request-batch-1-of-1 << {'error_code': 0,
 'result': {'responses': [{'error_code': 0,
                           'method': 'component_nego',
                           'result': {'component_list': [{'id': 'device',
                                                          'ver_code': 2},
                                                         {'id': 'firmware',
                                                          'ver_code': 1},
                                                         {'id': 'quick_setup',
                                                          'ver_code': 3},
                                                         {'id': 'time',
                                                          'ver_code': 1},
                                                         {'id': 'wireless',
                                                          'ver_code': 1},
                                                         {'id': 'schedule',
                                                          'ver_code': 2},
                                                         {'id': 'countdown',
                                                          'ver_code': 2},
                                                         {'id': 'antitheft',
                                                          'ver_code': 1},
                                                         {'id': 'account',
                                                          'ver_code': 1},
                                                         {'id': 'synchronize',
                                                          'ver_code': 1},
                                                         {'id': 'sunrise_sunset',
                                                          'ver_code': 1},
                                                         {'id': 'led',
                                                          'ver_code': 1},
                                                         {'id': 'cloud_connect',
                                                          'ver_code': 1},
                                                         {'id': 'iot_cloud',
                                                          'ver_code': 1},
                                                         {'id': 'default_states',
                                                          'ver_code': 1}]}},
                          {'error_code': 0,
                           'method': 'get_device_info',
                           'result': {'avatar': 'plug',
                                      'default_states': {'state': {},
                                                         'type': 'last_states'},
                                      'device_id': 'REDACTED_DB80F24B353338FA05BB18C1C486215',
                                      'device_on': True,
                                      'fw_id': 'REDACTED_A25ABDE41405B20C6F98816',
                                      'fw_ver': '1.3.7 Build 20230711 Rel. '
                                                '61904',
                                      'has_set_location_info': True,
                                      'hw_id': 'REDACTED_5B29645B8150C392284029D',
                                      'hw_ver': '1.0.0',
                                      'ip': '192.168.100.112',
                                      'lang': 'it_IT',
                                      'latitude': 0,
                                      'location': '',
                                      'longitude': 0,
                                      'mac': '74-DA-88-00-00-00',
                                      'model': 'P100',
                                      'nickname': 'I01BU0tFRF9OQU1FIw==',
                                      'oem_id': 'REDACTED_06C60A9AEEA36A3347B6EBC',
                                      'on_time': 13215,
                                      'overheated': False,
                                      'region': 'Europe/Rome',
                                      'rssi': -40,
                                      'signal_level': 3,
                                      'specs': 'EU',
                                      'ssid': 'I01BU0tFRF9TU0lEIw==',
                                      'time_diff': 60,
                                      'type': 'SMART.TAPOPLUG'}},
                          {'error_code': 0,
                           'method': 'get_connect_cloud_state',
                           'result': {'status': 0}}]}}
Device 192.168.100.112, found required cloud_connect, adding Cloud to modules.
Device 192.168.100.112, found required device, adding DeviceModule to modules.
Device 192.168.100.112, found required firmware, adding Firmware to modules.
Device 192.168.100.112, found required led, adding Led to modules.
Device 192.168.100.112, found required None, adding OverheatProtection to modules.
Device 192.168.100.112, found required time, adding Time to modules.
Querying 192.168.100.112 for modules: Time, Led
192.168.100.112 multi-request-batch-1-of-1 >> '{"method":"multipleRequest","request_time_milis":1743684733611,"terminal_uuid":"7ZpWWzB78DD2fLREflcNxg==","params":{"requests":[{"method":"get_device_time"},{"method":"get_led_info"}]}}'
Device 192.168.100.112 waiting 0.23400000005494803 seconds to send request
Posting to http://192.168.100.112/app?token=C0B0BBB708C735C4E4F4FAF512E595E5
192.168.100.112 multi-request-batch-1-of-1 << {'error_code': 0,
 'result': {'responses': [{'error_code': 0,
                           'method': 'get_device_time',
                           'result': {'region': 'Europe/Rome',
                                      'time_diff': 60,
                                      'timestamp': 1743684729}},
                          {'error_code': 0,
                           'method': 'get_led_info',
                           'result': {'led_rule': 'always',
                                      'led_status': True,
                                      'night_mode': {'end_time': 0,
                                                     'night_mode_type': 'unknown',
                                                     'start_time': 0,
                                                     'sunrise_offset': 0,
                                                     'sunset_offset': 0}}}]}}
Update completed 192.168.100.112: ['component_nego', 'get_device_info', 'get_connect_cloud_state', 'get_device_time', 'get_led_info']
result is: True
Unclosed client session
client_session: <aiohttp.client.ClientSession object at 0x000001E392EEFE90>
Exception in default exception handler
Traceback (most recent call last):
  File "C:\Users\Davide\AppData\Local\Programs\Python\Python312\Lib\asyncio\base_events.py", line 1847, in call_exception_handler
    self.default_exception_handler(context)
  File "C:\Users\Davide\AppData\Local\Programs\Python\Python312\Lib\asyncio\base_events.py", line 1821, in default_exception_handler
    logger.error('\n'.join(log_lines), exc_info=exc_info)
  File "C:\Users\Davide\AppData\Local\Programs\Python\Python312\Lib\logging\__init__.py", line 1568, in error
    self._log(ERROR, msg, args, **kwargs)
  File "C:\Users\Davide\AppData\Local\Programs\Python\Python312\Lib\logging\__init__.py", line 1684, in _log
    self.handle(record)
  File "C:\Users\Davide\AppData\Local\Programs\Python\Python312\Lib\logging\__init__.py", line 1700, in handle
    self.callHandlers(record)
  File "C:\Users\Davide\AppData\Local\Programs\Python\Python312\Lib\logging\__init__.py", line 1762, in callHandlers
    hdlr.handle(record)
  File "C:\Users\Davide\Desktop\ServerSmartPlug\log_manager.py", line 16, in handle
    listener(record)
  File "C:\Users\Davide\Desktop\ServerSmartPlug\gui\windows.py", line 25, in _add_console_line
    self.console_text.configure(state='normal')
  File "C:\Users\Davide\AppData\Local\Programs\Python\Python312\Lib\tkinter\__init__.py", line 1722, in configure
    return self._configure('configure', cnf, kw)
           ^^^^^^^^^^^^^^^^^^^^^^^^^^^^^^^^^^^^^
  File "C:\Users\Davide\AppData\Local\Programs\Python\Python312\Lib\tkinter\__init__.py", line 1712, in _configure
    self.tk.call(_flatten((self._w, cmd)) + self._options(cnf))
_tkinter.TclError: invalid command name ".!frame4.!frame.!text"
Unclosed connector
connections: ['deque([(<aiohttp.client_proto.ResponseHandler object at 0x000001E392F1F950>, 858289.656)])']
connector: <aiohttp.connector.TCPConnector object at 0x000001E392EEFEF0>
Exception in default exception handler
Traceback (most recent call last):
  File "C:\Users\Davide\AppData\Local\Programs\Python\Python312\Lib\asyncio\base_events.py", line 1847, in call_exception_handler
    self.default_exception_handler(context)
  File "C:\Users\Davide\AppData\Local\Programs\Python\Python312\Lib\asyncio\base_events.py", line 1821, in default_exception_handler
    logger.error('\n'.join(log_lines), exc_info=exc_info)
  File "C:\Users\Davide\AppData\Local\Programs\Python\Python312\Lib\logging\__init__.py", line 1568, in error
    self._log(ERROR, msg, args, **kwargs)
  File "C:\Users\Davide\AppData\Local\Programs\Python\Python312\Lib\logging\__init__.py", line 1684, in _log
    self.handle(record)
  File "C:\Users\Davide\AppData\Local\Programs\Python\Python312\Lib\logging\__init__.py", line 1700, in handle
    self.callHandlers(record)
  File "C:\Users\Davide\AppData\Local\Programs\Python\Python312\Lib\logging\__init__.py", line 1762, in callHandlers
    hdlr.handle(record)
  File "C:\Users\Davide\Desktop\ServerSmartPlug\log_manager.py", line 16, in handle
    listener(record)
  File "C:\Users\Davide\Desktop\ServerSmartPlug\gui\windows.py", line 25, in _add_console_line
    self.console_text.configure(state='normal')
  File "C:\Users\Davide\AppData\Local\Programs\Python\Python312\Lib\tkinter\__init__.py", line 1722, in configure
    return self._configure('configure', cnf, kw)
           ^^^^^^^^^^^^^^^^^^^^^^^^^^^^^^^^^^^^^
  File "C:\Users\Davide\AppData\Local\Programs\Python\Python312\Lib\tkinter\__init__.py", line 1712, in _configure
    self.tk.call(_flatten((self._w, cmd)) + self._options(cnf))
_tkinter.TclError: invalid command name ".!frame4.!frame.!text"
Discovery started...
Using proactor: IocpProactor
Listening on 127.0.0.1:8080
[DISCOVERY] 255.255.255.255 >> {'system': {'get_sysinfo': {}}}
Waiting 5 seconds for responses...
Using SmartDevice for SMART.TAPOPLUG
Finding protocol for 192.168.100.112
Finding protocol for DeviceFamily.SmartTapoPlug
Finding transport for SMART.AES
Created AES transport for 192.168.100.112
[DISCOVERY] 192.168.100.112 << {'error_code': 0,
 'result': {'device_id': 'REDACTED_c913ec3cd97a6bec2fbb1ee',
            'device_model': 'P100',
            'device_type': 'SMART.TAPOPLUG',
            'factory_default': False,
            'ip': '192.168.100.112',
            'is_support_iot_cloud': True,
            'mac': '74-DA-88-00-00-00',
            'mgt_encrypt_schm': {'encrypt_type': 'AES',
                                 'http_port': 80,
                                 'is_support_https': False,
                                 'lv': 2},
            'owner': 'REDACTED_19347acd812465188388075'}}
Initializing 192.168.100.112 of type <class 'kasa.smart.smartdevice.SmartDevice'>
Using proactor: IocpProactor
Discovery finished! Found: 1 device(s)
Discovered 1 devices
Using proactor: IocpProactor
[DISCOVERY] 192.168.100.112 >> {'system': {'get_sysinfo': {}}}
Waiting a total of 5 seconds for responses...
Using SmartDevice for SMART.TAPOPLUG
Finding protocol for 192.168.100.112
Finding protocol for DeviceFamily.SmartTapoPlug
Finding transport for SMART.AES
Created AES transport for 192.168.100.112
[DISCOVERY] 192.168.100.112 << {'error_code': 0,
 'result': {'device_id': 'REDACTED_c913ec3cd97a6bec2fbb1ee',
            'device_model': 'P100',
            'device_type': 'SMART.TAPOPLUG',
            'factory_default': False,
            'ip': '192.168.100.112',
            'is_support_iot_cloud': True,
            'mac': '74-DA-88-00-00-00',
            'mgt_encrypt_schm': {'encrypt_type': 'AES',
                                 'http_port': 80,
                                 'is_support_https': False,
                                 'lv': 2},
            'owner': 'REDACTED_19347acd812465188388075'}}
Initializing 192.168.100.112 of type <class 'kasa.smart.smartdevice.SmartDevice'>
192.168.100.112 multi-request-batch-1-of-1 >> '{"method":"multipleRequest","request_time_milis":1743684762749,"terminal_uuid":"pTMTBihtKz9wLhPT9iIlZA==","params":{"requests":[{"method":"component_nego"},{"method":"get_device_info"},{"method":"get_connect_cloud_state"}]}}'
Will perform handshaking...
Posting to http://192.168.100.112/app
Generating keypair
Handshake request: {'method': 'handshake', 'params': {'key': '-----BEGIN PUBLIC KEY-----\nMIGfMA0GCSqGSIb3DQEBAQUAA4GNADCBiQKBgQDjhpt1JdJwRlcVkHO+EFr+/sxFyyYY4d3gjOcvKAKgmKn767f0OlkriUGywMLsgWD6eK/hELFI7/Q3/MFgqtzQMBXLzQ8qEKwKCXm/St3nEleKB5eCpUCqSyuPF3rFmoY+UWXmkSDcXNud0MQ+BrNdHWrGahLe1qaNmye5fgG4OwIDAQAB\n-----END PUBLIC KEY-----\n'}}
Device responded with: {'error_code': 0, 'result': {'key': 'w89Sq8pOYBK1bzcWN871wjMB2htDSKspDF5I7TShNqj9ToP0KXOK7RBq1XmsIW6ApqjS4JVGEEkVYrIO8S2N/L10HTjByplLEi1GY/W+sYiscK8DqoGV/VGL8Y3ah3qIRGm6ymtQ5w9GIdTuTL664HrVD7LLCiFcfLWRu2psTWY='}}
Handshake with 192.168.100.112 complete
Posting to http://192.168.100.112/app
192.168.100.112: logged in with provided credentials
Posting to http://192.168.100.112/app?token=47EC27E6244614431D1385110931C530
Device 192.168.100.112 received an os error, enabling sequential request delay: Server disconnected
Device 192.168.100.112 got a connection error, will retry 3 times: ('Device connection error: 192.168.100.112: Server disconnected', ServerDisconnectedError('Server disconnected'))
192.168.100.112 multi-request-batch-1-of-1 >> '{"method":"multipleRequest","request_time_milis":1743684762908,"terminal_uuid":"pTMTBihtKz9wLhPT9iIlZA==","params":{"requests":[{"method":"component_nego"},{"method":"get_device_info"},{"method":"get_connect_cloud_state"}]}}'
Device 192.168.100.112 waiting 0.25 seconds to send request
Posting to http://192.168.100.112/app?token=47EC27E6244614431D1385110931C530
192.168.100.112 multi-request-batch-1-of-1 << {'error_code': 0,
 'result': {'responses': [{'error_code': 0,
                           'method': 'component_nego',
                           'result': {'component_list': [{'id': 'device',
                                                          'ver_code': 2},
                                                         {'id': 'firmware',
                                                          'ver_code': 1},
                                                         {'id': 'quick_setup',
                                                          'ver_code': 3},
                                                         {'id': 'time',
                                                          'ver_code': 1},
                                                         {'id': 'wireless',
                                                          'ver_code': 1},
                                                         {'id': 'schedule',
                                                          'ver_code': 2},
                                                         {'id': 'countdown',
                                                          'ver_code': 2},
                                                         {'id': 'antitheft',
                                                          'ver_code': 1},
                                                         {'id': 'account',
                                                          'ver_code': 1},
                                                         {'id': 'synchronize',
                                                          'ver_code': 1},
                                                         {'id': 'sunrise_sunset',
                                                          'ver_code': 1},
                                                         {'id': 'led',
                                                          'ver_code': 1},
                                                         {'id': 'cloud_connect',
                                                          'ver_code': 1},
                                                         {'id': 'iot_cloud',
                                                          'ver_code': 1},
                                                         {'id': 'default_states',
                                                          'ver_code': 1}]}},
                          {'error_code': 0,
                           'method': 'get_device_info',
                           'result': {'avatar': 'plug',
                                      'default_states': {'state': {},
                                                         'type': 'last_states'},
                                      'device_id': 'REDACTED_DB80F24B353338FA05BB18C1C486215',
                                      'device_on': True,
                                      'fw_id': 'REDACTED_A25ABDE41405B20C6F98816',
                                      'fw_ver': '1.3.7 Build 20230711 Rel. '
                                                '61904',
                                      'has_set_location_info': True,
                                      'hw_id': 'REDACTED_5B29645B8150C392284029D',
                                      'hw_ver': '1.0.0',
                                      'ip': '192.168.100.112',
                                      'lang': 'it_IT',
                                      'latitude': 0,
                                      'location': '',
                                      'longitude': 0,
                                      'mac': '74-DA-88-00-00-00',
                                      'model': 'P100',
                                      'nickname': 'I01BU0tFRF9OQU1FIw==',
                                      'oem_id': 'REDACTED_06C60A9AEEA36A3347B6EBC',
                                      'on_time': 13245,
                                      'overheated': False,
                                      'region': 'Europe/Rome',
                                      'rssi': -40,
                                      'signal_level': 3,
                                      'specs': 'EU',
                                      'ssid': 'I01BU0tFRF9TU0lEIw==',
                                      'time_diff': 60,
                                      'type': 'SMART.TAPOPLUG'}},
                          {'error_code': 0,
                           'method': 'get_connect_cloud_state',
                           'result': {'status': 0}}]}}
Device 192.168.100.112, found required cloud_connect, adding Cloud to modules.
Device 192.168.100.112, found required device, adding DeviceModule to modules.
Device 192.168.100.112, found required firmware, adding Firmware to modules.
Device 192.168.100.112, found required led, adding Led to modules.
Device 192.168.100.112, found required None, adding OverheatProtection to modules.
Device 192.168.100.112, found required time, adding Time to modules.
Querying 192.168.100.112 for modules: Time, Led
192.168.100.112 multi-request-batch-1-of-1 >> '{"method":"multipleRequest","request_time_milis":1743684763247,"terminal_uuid":"pTMTBihtKz9wLhPT9iIlZA==","params":{"requests":[{"method":"get_device_time"},{"method":"get_led_info"}]}}'
Device 192.168.100.112 waiting 0.25 seconds to send request
Posting to http://192.168.100.112/app?token=47EC27E6244614431D1385110931C530
192.168.100.112 multi-request-batch-1-of-1 << {'error_code': 0,
 'result': {'responses': [{'error_code': 0,
                           'method': 'get_device_time',
                           'result': {'region': 'Europe/Rome',
                                      'time_diff': 60,
                                      'timestamp': 1743684758}},
                          {'error_code': 0,
                           'method': 'get_led_info',
                           'result': {'led_rule': 'always',
                                      'led_status': True,
                                      'night_mode': {'end_time': 0,
                                                     'night_mode_type': 'unknown',
                                                     'start_time': 0,
                                                     'sunrise_offset': 0,
                                                     'sunset_offset': 0}}}]}}
Update completed 192.168.100.112: ['component_nego', 'get_device_info', 'get_connect_cloud_state', 'get_device_time', 'get_led_info']
result is: True
Switching status
Unclosed client session
client_session: <aiohttp.client.ClientSession object at 0x0000024CD431FF20>
Exception in default exception handler
Traceback (most recent call last):
  File "C:\Users\Davide\AppData\Local\Programs\Python\Python312\Lib\asyncio\base_events.py", line 1847, in call_exception_handler
    self.default_exception_handler(context)
  File "C:\Users\Davide\AppData\Local\Programs\Python\Python312\Lib\asyncio\base_events.py", line 1821, in default_exception_handler
    logger.error('\n'.join(log_lines), exc_info=exc_info)
  File "C:\Users\Davide\AppData\Local\Programs\Python\Python312\Lib\logging\__init__.py", line 1568, in error
    self._log(ERROR, msg, args, **kwargs)
  File "C:\Users\Davide\AppData\Local\Programs\Python\Python312\Lib\logging\__init__.py", line 1684, in _log
    self.handle(record)
  File "C:\Users\Davide\AppData\Local\Programs\Python\Python312\Lib\logging\__init__.py", line 1700, in handle
    self.callHandlers(record)
  File "C:\Users\Davide\AppData\Local\Programs\Python\Python312\Lib\logging\__init__.py", line 1762, in callHandlers
    hdlr.handle(record)
  File "C:\Users\Davide\Desktop\ServerSmartPlug\log_manager.py", line 16, in handle
    listener(record)
  File "C:\Users\Davide\Desktop\ServerSmartPlug\gui\windows.py", line 25, in _add_console_line
    self.console_text.configure(state='normal')
  File "C:\Users\Davide\AppData\Local\Programs\Python\Python312\Lib\tkinter\__init__.py", line 1722, in configure
    return self._configure('configure', cnf, kw)
           ^^^^^^^^^^^^^^^^^^^^^^^^^^^^^^^^^^^^^
  File "C:\Users\Davide\AppData\Local\Programs\Python\Python312\Lib\tkinter\__init__.py", line 1712, in _configure
    self.tk.call(_flatten((self._w, cmd)) + self._options(cnf))
_tkinter.TclError: invalid command name ".!frame4.!frame.!text"
Unclosed connector
connections: ['deque([(<aiohttp.client_proto.ResponseHandler object at 0x0000024CD434F950>, 858319.312)])']
connector: <aiohttp.connector.TCPConnector object at 0x0000024CD2B521B0>
Exception in default exception handler
Traceback (most recent call last):
  File "C:\Users\Davide\AppData\Local\Programs\Python\Python312\Lib\asyncio\base_events.py", line 1847, in call_exception_handler
    self.default_exception_handler(context)
  File "C:\Users\Davide\AppData\Local\Programs\Python\Python312\Lib\asyncio\base_events.py", line 1821, in default_exception_handler
    logger.error('\n'.join(log_lines), exc_info=exc_info)
  File "C:\Users\Davide\AppData\Local\Programs\Python\Python312\Lib\logging\__init__.py", line 1568, in error
    self._log(ERROR, msg, args, **kwargs)
  File "C:\Users\Davide\AppData\Local\Programs\Python\Python312\Lib\logging\__init__.py", line 1684, in _log
    self.handle(record)
  File "C:\Users\Davide\AppData\Local\Programs\Python\Python312\Lib\logging\__init__.py", line 1700, in handle
    self.callHandlers(record)
  File "C:\Users\Davide\AppData\Local\Programs\Python\Python312\Lib\logging\__init__.py", line 1762, in callHandlers
    hdlr.handle(record)
  File "C:\Users\Davide\Desktop\ServerSmartPlug\log_manager.py", line 16, in handle
    listener(record)
  File "C:\Users\Davide\Desktop\ServerSmartPlug\gui\windows.py", line 25, in _add_console_line
    self.console_text.configure(state='normal')
  File "C:\Users\Davide\AppData\Local\Programs\Python\Python312\Lib\tkinter\__init__.py", line 1722, in configure
    return self._configure('configure', cnf, kw)
           ^^^^^^^^^^^^^^^^^^^^^^^^^^^^^^^^^^^^^
  File "C:\Users\Davide\AppData\Local\Programs\Python\Python312\Lib\tkinter\__init__.py", line 1712, in _configure
    self.tk.call(_flatten((self._w, cmd)) + self._options(cnf))
_tkinter.TclError: invalid command name ".!frame4.!frame.!text"
Discovery started...
Using proactor: IocpProactor
Listening on 127.0.0.1:8080
[DISCOVERY] 255.255.255.255 >> {'system': {'get_sysinfo': {}}}
Waiting 5 seconds for responses...
Using proactor: IocpProactor
Using SmartDevice for SMART.TAPOPLUG
Finding protocol for 192.168.100.112
Finding protocol for DeviceFamily.SmartTapoPlug
Finding transport for SMART.AES
Created AES transport for 192.168.100.112
[DISCOVERY] 192.168.100.112 << {'error_code': 0,
 'result': {'device_id': 'REDACTED_c913ec3cd97a6bec2fbb1ee',
            'device_model': 'P100',
            'device_type': 'SMART.TAPOPLUG',
            'factory_default': False,
            'ip': '192.168.100.112',
            'is_support_iot_cloud': True,
            'mac': '74-DA-88-00-00-00',
            'mgt_encrypt_schm': {'encrypt_type': 'AES',
                                 'http_port': 80,
                                 'is_support_https': False,
                                 'lv': 2},
            'owner': 'REDACTED_19347acd812465188388075'}}
Initializing 192.168.100.112 of type <class 'kasa.smart.smartdevice.SmartDevice'>
Discovery finished! Found: 1 device(s)
Discovered 1 devices
Using proactor: IocpProactor
[DISCOVERY] 192.168.100.112 >> {'system': {'get_sysinfo': {}}}
Waiting a total of 5 seconds for responses...
Using SmartDevice for SMART.TAPOPLUG
Finding protocol for 192.168.100.112
Finding protocol for DeviceFamily.SmartTapoPlug
Finding transport for SMART.AES
Created AES transport for 192.168.100.112
[DISCOVERY] 192.168.100.112 << {'error_code': 0,
 'result': {'device_id': 'REDACTED_c913ec3cd97a6bec2fbb1ee',
            'device_model': 'P100',
            'device_type': 'SMART.TAPOPLUG',
            'factory_default': False,
            'ip': '192.168.100.112',
            'is_support_iot_cloud': True,
            'mac': '74-DA-88-00-00-00',
            'mgt_encrypt_schm': {'encrypt_type': 'AES',
                                 'http_port': 80,
                                 'is_support_https': False,
                                 'lv': 2},
            'owner': 'REDACTED_19347acd812465188388075'}}
Initializing 192.168.100.112 of type <class 'kasa.smart.smartdevice.SmartDevice'>
192.168.100.112 multi-request-batch-1-of-1 >> '{"method":"multipleRequest","request_time_milis":1743684917929,"terminal_uuid":"dvemy9pzBB0L26dqsw8Ldw==","params":{"requests":[{"method":"component_nego"},{"method":"get_device_info"},{"method":"get_connect_cloud_state"}]}}'
Will perform handshaking...
Posting to http://192.168.100.112/app
Generating keypair
Handshake request: {'method': 'handshake', 'params': {'key': '-----BEGIN PUBLIC KEY-----\nMIGfMA0GCSqGSIb3DQEBAQUAA4GNADCBiQKBgQCrS8dsjZFkYZ8WQyl8HvwtnqC79xdHePlkWaygQAXnbzGQaw6lMlFnG3+NntPjWhsexDxaL8ukWa+yWWVltQ8C1fQs5OKqaLKtbCIKfpEBOk3RYIcZBhVtJ34f+roMrQSorjDGjQFhzfYf6iv9hSd9fy7v5xoI1H1CaJuRZUJdYQIDAQAB\n-----END PUBLIC KEY-----\n'}}
Device responded with: {'error_code': 0, 'result': {'key': 'VTOlNpFj9fnW33c/Uy3LFmgvDnAqJjGNlfp06YLZab6/YUoIVdbHtHW88tp19p8BGBC3uqgEcaDEywtxJb5g/TiqgY/JqOCa1MwXKAuT1UQHFnN+Zzf262X3mMzcYtVUIGdEJhnAZ87FUX19v+/SxAKFp1JG97pAmaF5LaQKfes='}}
Handshake with 192.168.100.112 complete
Posting to http://192.168.100.112/app
192.168.100.112: logged in with provided credentials
Posting to http://192.168.100.112/app?token=7512150D1EFDAEFAA38A7B89FDB999B8
Device 192.168.100.112 received an os error, enabling sequential request delay: Server disconnected
Device 192.168.100.112 got a connection error, will retry 3 times: ('Device connection error: 192.168.100.112: Server disconnected', ServerDisconnectedError('Server disconnected'))
192.168.100.112 multi-request-batch-1-of-1 >> '{"method":"multipleRequest","request_time_milis":1743684918046,"terminal_uuid":"dvemy9pzBB0L26dqsw8Ldw==","params":{"requests":[{"method":"component_nego"},{"method":"get_device_info"},{"method":"get_connect_cloud_state"}]}}'
Device 192.168.100.112 waiting 0.25 seconds to send request
Posting to http://192.168.100.112/app?token=7512150D1EFDAEFAA38A7B89FDB999B8
192.168.100.112 multi-request-batch-1-of-1 << {'error_code': 0,
 'result': {'responses': [{'error_code': 0,
                           'method': 'component_nego',
                           'result': {'component_list': [{'id': 'device',
                                                          'ver_code': 2},
                                                         {'id': 'firmware',
                                                          'ver_code': 1},
                                                         {'id': 'quick_setup',
                                                          'ver_code': 3},
                                                         {'id': 'time',
                                                          'ver_code': 1},
                                                         {'id': 'wireless',
                                                          'ver_code': 1},
                                                         {'id': 'schedule',
                                                          'ver_code': 2},
                                                         {'id': 'countdown',
                                                          'ver_code': 2},
                                                         {'id': 'antitheft',
                                                          'ver_code': 1},
                                                         {'id': 'account',
                                                          'ver_code': 1},
                                                         {'id': 'synchronize',
                                                          'ver_code': 1},
                                                         {'id': 'sunrise_sunset',
                                                          'ver_code': 1},
                                                         {'id': 'led',
                                                          'ver_code': 1},
                                                         {'id': 'cloud_connect',
                                                          'ver_code': 1},
                                                         {'id': 'iot_cloud',
                                                          'ver_code': 1},
                                                         {'id': 'default_states',
                                                          'ver_code': 1}]}},
                          {'error_code': 0,
                           'method': 'get_device_info',
                           'result': {'avatar': 'plug',
                                      'default_states': {'state': {},
                                                         'type': 'last_states'},
                                      'device_id': 'REDACTED_DB80F24B353338FA05BB18C1C486215',
                                      'device_on': True,
                                      'fw_id': 'REDACTED_A25ABDE41405B20C6F98816',
                                      'fw_ver': '1.3.7 Build 20230711 Rel. '
                                                '61904',
                                      'has_set_location_info': True,
                                      'hw_id': 'REDACTED_5B29645B8150C392284029D',
                                      'hw_ver': '1.0.0',
                                      'ip': '192.168.100.112',
                                      'lang': 'it_IT',
                                      'latitude': 0,
                                      'location': '',
                                      'longitude': 0,
                                      'mac': '74-DA-88-00-00-00',
                                      'model': 'P100',
                                      'nickname': 'I01BU0tFRF9OQU1FIw==',
                                      'oem_id': 'REDACTED_06C60A9AEEA36A3347B6EBC',
                                      'on_time': 13400,
                                      'overheated': False,
                                      'region': 'Europe/Rome',
                                      'rssi': -40,
                                      'signal_level': 3,
                                      'specs': 'EU',
                                      'ssid': 'I01BU0tFRF9TU0lEIw==',
                                      'time_diff': 60,
                                      'type': 'SMART.TAPOPLUG'}},
                          {'error_code': 0,
                           'method': 'get_connect_cloud_state',
                           'result': {'status': 0}}]}}
Device 192.168.100.112, found required cloud_connect, adding Cloud to modules.
Device 192.168.100.112, found required device, adding DeviceModule to modules.
Device 192.168.100.112, found required firmware, adding Firmware to modules.
Device 192.168.100.112, found required led, adding Led to modules.
Device 192.168.100.112, found required None, adding OverheatProtection to modules.
Device 192.168.100.112, found required time, adding Time to modules.
Querying 192.168.100.112 for modules: Time, Led
192.168.100.112 multi-request-batch-1-of-1 >> '{"method":"multipleRequest","request_time_milis":1743684918389,"terminal_uuid":"dvemy9pzBB0L26dqsw8Ldw==","params":{"requests":[{"method":"get_device_time"},{"method":"get_led_info"}]}}'
Device 192.168.100.112 waiting 0.25 seconds to send request
Posting to http://192.168.100.112/app?token=7512150D1EFDAEFAA38A7B89FDB999B8
192.168.100.112 multi-request-batch-1-of-1 << {'error_code': 0,
 'result': {'responses': [{'error_code': 0,
                           'method': 'get_device_time',
                           'result': {'region': 'Europe/Rome',
                                      'time_diff': 60,
                                      'timestamp': 1743684914}},
                          {'error_code': 0,
                           'method': 'get_led_info',
                           'result': {'led_rule': 'always',
                                      'led_status': True,
                                      'night_mode': {'end_time': 0,
                                                     'night_mode_type': 'unknown',
                                                     'start_time': 0,
                                                     'sunrise_offset': 0,
                                                     'sunset_offset': 0}}}]}}
Update completed 192.168.100.112: ['component_nego', 'get_device_info', 'get_connect_cloud_state', 'get_device_time', 'get_led_info']
result is: True
Switching status
Using proactor: IocpProactor
[DISCOVERY] 192.168.100.112 >> {'system': {'get_sysinfo': {}}}
Waiting a total of 5 seconds for responses...
Using SmartDevice for SMART.TAPOPLUG
Finding protocol for 192.168.100.112
Finding protocol for DeviceFamily.SmartTapoPlug
Finding transport for SMART.AES
Created AES transport for 192.168.100.112
[DISCOVERY] 192.168.100.112 << {'error_code': 0,
 'result': {'device_id': 'REDACTED_c913ec3cd97a6bec2fbb1ee',
            'device_model': 'P100',
            'device_type': 'SMART.TAPOPLUG',
            'factory_default': False,
            'ip': '192.168.100.112',
            'is_support_iot_cloud': True,
            'mac': '74-DA-88-00-00-00',
            'mgt_encrypt_schm': {'encrypt_type': 'AES',
                                 'http_port': 80,
                                 'is_support_https': False,
                                 'lv': 2},
            'owner': 'REDACTED_19347acd812465188388075'}}
Initializing 192.168.100.112 of type <class 'kasa.smart.smartdevice.SmartDevice'>
192.168.100.112 >> '{"method":"set_device_info","request_time_milis":1743684922306,"terminal_uuid":"BWnTriIyMZc+jL8dvKR0/Q==","params":{"device_on":true}}'
Will perform handshaking...
Posting to http://192.168.100.112/app
Generating keypair
Handshake request: {'method': 'handshake', 'params': {'key': '-----BEGIN PUBLIC KEY-----\nMIGfMA0GCSqGSIb3DQEBAQUAA4GNADCBiQKBgQDX2kGMhj46tGQ7836cWnQatAEeabr6lut/NdGl+D3clyyMJGZHtPAftitdKfU424x2MGcSaF22TUnjEr2PGy1RK7wRhnZOaDiYN1BC7PVc8wAz8J663snz2NqwiW92srTnsQcab4jYveH2WKaMVcqfDXe7ika8SZ6rePuQx9RetQIDAQAB\n-----END PUBLIC KEY-----\n'}}
Device responded with: {'error_code': 0, 'result': {'key': 'cQztIL4qa8Tthp367ZLu6FxP7Dk4fUKFAXqnAZpxyq1aNmpG0iNoTwJuTu1+TyG73kF9aSmtiZgXMCzTtVDBN984fsFET8qaeOzxXbn8uibrlLIWR88lZEXh5xYQwW44YEFNRz/fjRQMk9nokN4DHFHAwAhREQM1qlrJULd+goQ='}}
Handshake with 192.168.100.112 complete
Posting to http://192.168.100.112/app
192.168.100.112: logged in with provided credentials
Posting to http://192.168.100.112/app?token=D670A87C43BCF4BA81DAD2D9E0E9C1E8
Device 192.168.100.112 received an os error, enabling sequential request delay: Server disconnected
Device 192.168.100.112 got a connection error, will retry 3 times: ('Device connection error: 192.168.100.112: Server disconnected', ServerDisconnectedError('Server disconnected'))
192.168.100.112 >> '{"method":"set_device_info","request_time_milis":1743684922441,"terminal_uuid":"BWnTriIyMZc+jL8dvKR0/Q==","params":{"device_on":true}}'
Device 192.168.100.112 waiting 0.25 seconds to send request
Posting to http://192.168.100.112/app?token=D670A87C43BCF4BA81DAD2D9E0E9C1E8
192.168.100.112 << {'error_code': 0}
192.168.100.112 multi-request-batch-1-of-1 >> '{"method":"multipleRequest","request_time_milis":1743684922765,"terminal_uuid":"BWnTriIyMZc+jL8dvKR0/Q==","params":{"requests":[{"method":"component_nego"},{"method":"get_device_info"},{"method":"get_connect_cloud_state"}]}}'
Device 192.168.100.112 waiting 0.25 seconds to send request
Posting to http://192.168.100.112/app?token=D670A87C43BCF4BA81DAD2D9E0E9C1E8
192.168.100.112 multi-request-batch-1-of-1 << {'error_code': 0,
 'result': {'responses': [{'error_code': 0,
                           'method': 'component_nego',
                           'result': {'component_list': [{'id': 'device',
                                                          'ver_code': 2},
                                                         {'id': 'firmware',
                                                          'ver_code': 1},
                                                         {'id': 'quick_setup',
                                                          'ver_code': 3},
                                                         {'id': 'time',
                                                          'ver_code': 1},
                                                         {'id': 'wireless',
                                                          'ver_code': 1},
                                                         {'id': 'schedule',
                                                          'ver_code': 2},
                                                         {'id': 'countdown',
                                                          'ver_code': 2},
                                                         {'id': 'antitheft',
                                                          'ver_code': 1},
                                                         {'id': 'account',
                                                          'ver_code': 1},
                                                         {'id': 'synchronize',
                                                          'ver_code': 1},
                                                         {'id': 'sunrise_sunset',
                                                          'ver_code': 1},
                                                         {'id': 'led',
                                                          'ver_code': 1},
                                                         {'id': 'cloud_connect',
                                                          'ver_code': 1},
                                                         {'id': 'iot_cloud',
                                                          'ver_code': 1},
                                                         {'id': 'default_states',
                                                          'ver_code': 1}]}},
                          {'error_code': 0,
                           'method': 'get_device_info',
                           'result': {'avatar': 'plug',
                                      'default_states': {'state': {},
                                                         'type': 'last_states'},
                                      'device_id': 'REDACTED_DB80F24B353338FA05BB18C1C486215',
                                      'device_on': True,
                                      'fw_id': 'REDACTED_A25ABDE41405B20C6F98816',
                                      'fw_ver': '1.3.7 Build 20230711 Rel. '
                                                '61904',
                                      'has_set_location_info': True,
                                      'hw_id': 'REDACTED_5B29645B8150C392284029D',
                                      'hw_ver': '1.0.0',
                                      'ip': '192.168.100.112',
                                      'lang': 'it_IT',
                                      'latitude': 0,
                                      'location': '',
                                      'longitude': 0,
                                      'mac': '74-DA-88-00-00-00',
                                      'model': 'P100',
                                      'nickname': 'I01BU0tFRF9OQU1FIw==',
                                      'oem_id': 'REDACTED_06C60A9AEEA36A3347B6EBC',
                                      'on_time': 13405,
                                      'overheated': False,
                                      'region': 'Europe/Rome',
                                      'rssi': -40,
                                      'signal_level': 3,
                                      'specs': 'EU',
                                      'ssid': 'I01BU0tFRF9TU0lEIw==',
                                      'time_diff': 60,
                                      'type': 'SMART.TAPOPLUG'}},
                          {'error_code': 0,
                           'method': 'get_connect_cloud_state',
                           'result': {'status': 0}}]}}
Device 192.168.100.112, found required cloud_connect, adding Cloud to modules.
Device 192.168.100.112, found required device, adding DeviceModule to modules.
Device 192.168.100.112, found required firmware, adding Firmware to modules.
Device 192.168.100.112, found required led, adding Led to modules.
Device 192.168.100.112, found required None, adding OverheatProtection to modules.
Device 192.168.100.112, found required time, adding Time to modules.
Querying 192.168.100.112 for modules: Time, Led
192.168.100.112 multi-request-batch-1-of-1 >> '{"method":"multipleRequest","request_time_milis":1743684923107,"terminal_uuid":"BWnTriIyMZc+jL8dvKR0/Q==","params":{"requests":[{"method":"get_device_time"},{"method":"get_led_info"}]}}'
Device 192.168.100.112 waiting 0.25 seconds to send request
Posting to http://192.168.100.112/app?token=D670A87C43BCF4BA81DAD2D9E0E9C1E8
192.168.100.112 multi-request-batch-1-of-1 << {'error_code': 0,
 'result': {'responses': [{'error_code': 0,
                           'method': 'get_device_time',
                           'result': {'region': 'Europe/Rome',
                                      'time_diff': 60,
                                      'timestamp': 1743684918}},
                          {'error_code': 0,
                           'method': 'get_led_info',
                           'result': {'led_rule': 'always',
                                      'led_status': True,
                                      'night_mode': {'end_time': 0,
                                                     'night_mode_type': 'unknown',
                                                     'start_time': 0,
                                                     'sunrise_offset': 0,
                                                     'sunset_offset': 0}}}]}}
Update completed 192.168.100.112: ['component_nego', 'get_device_info', 'get_connect_cloud_state', 'get_device_time', 'get_led_info']
Unclosed client session
client_session: <aiohttp.client.ClientSession object at 0x00000283AA94BD70>
Exception in default exception handler
Traceback (most recent call last):
  File "C:\Users\Davide\AppData\Local\Programs\Python\Python312\Lib\asyncio\base_events.py", line 1847, in call_exception_handler
    self.default_exception_handler(context)
  File "C:\Users\Davide\AppData\Local\Programs\Python\Python312\Lib\asyncio\base_events.py", line 1821, in default_exception_handler
    logger.error('\n'.join(log_lines), exc_info=exc_info)
  File "C:\Users\Davide\AppData\Local\Programs\Python\Python312\Lib\logging\__init__.py", line 1568, in error
    self._log(ERROR, msg, args, **kwargs)
  File "C:\Users\Davide\AppData\Local\Programs\Python\Python312\Lib\logging\__init__.py", line 1684, in _log
    self.handle(record)
  File "C:\Users\Davide\AppData\Local\Programs\Python\Python312\Lib\logging\__init__.py", line 1700, in handle
    self.callHandlers(record)
  File "C:\Users\Davide\AppData\Local\Programs\Python\Python312\Lib\logging\__init__.py", line 1762, in callHandlers
    hdlr.handle(record)
  File "C:\Users\Davide\Desktop\ServerSmartPlug\log_manager.py", line 16, in handle
    listener(record)
  File "C:\Users\Davide\Desktop\ServerSmartPlug\gui\windows.py", line 25, in _add_console_line
    self.console_text.configure(state='normal')
  File "C:\Users\Davide\AppData\Local\Programs\Python\Python312\Lib\tkinter\__init__.py", line 1722, in configure
    return self._configure('configure', cnf, kw)
           ^^^^^^^^^^^^^^^^^^^^^^^^^^^^^^^^^^^^^
  File "C:\Users\Davide\AppData\Local\Programs\Python\Python312\Lib\tkinter\__init__.py", line 1712, in _configure
    self.tk.call(_flatten((self._w, cmd)) + self._options(cnf))
_tkinter.TclError: invalid command name ".!frame4.!frame.!text"
Unclosed connector
connections: ['deque([(<aiohttp.client_proto.ResponseHandler object at 0x00000283AA97B890>, 858474.453)])']
connector: <aiohttp.connector.TCPConnector object at 0x00000283A90DA030>
Exception in default exception handler
Traceback (most recent call last):
  File "C:\Users\Davide\AppData\Local\Programs\Python\Python312\Lib\asyncio\base_events.py", line 1847, in call_exception_handler
    self.default_exception_handler(context)
  File "C:\Users\Davide\AppData\Local\Programs\Python\Python312\Lib\asyncio\base_events.py", line 1821, in default_exception_handler
    logger.error('\n'.join(log_lines), exc_info=exc_info)
  File "C:\Users\Davide\AppData\Local\Programs\Python\Python312\Lib\logging\__init__.py", line 1568, in error
    self._log(ERROR, msg, args, **kwargs)
  File "C:\Users\Davide\AppData\Local\Programs\Python\Python312\Lib\logging\__init__.py", line 1684, in _log
    self.handle(record)
  File "C:\Users\Davide\AppData\Local\Programs\Python\Python312\Lib\logging\__init__.py", line 1700, in handle
    self.callHandlers(record)
  File "C:\Users\Davide\AppData\Local\Programs\Python\Python312\Lib\logging\__init__.py", line 1762, in callHandlers
    hdlr.handle(record)
  File "C:\Users\Davide\Desktop\ServerSmartPlug\log_manager.py", line 16, in handle
    listener(record)
  File "C:\Users\Davide\Desktop\ServerSmartPlug\gui\windows.py", line 25, in _add_console_line
    self.console_text.configure(state='normal')
  File "C:\Users\Davide\AppData\Local\Programs\Python\Python312\Lib\tkinter\__init__.py", line 1722, in configure
    return self._configure('configure', cnf, kw)
           ^^^^^^^^^^^^^^^^^^^^^^^^^^^^^^^^^^^^^
  File "C:\Users\Davide\AppData\Local\Programs\Python\Python312\Lib\tkinter\__init__.py", line 1712, in _configure
    self.tk.call(_flatten((self._w, cmd)) + self._options(cnf))
_tkinter.TclError: invalid command name ".!frame4.!frame.!text"
Unclosed client session
client_session: <aiohttp.client.ClientSession object at 0x00000283AA9BF620>
Exception in default exception handler
Traceback (most recent call last):
  File "C:\Users\Davide\AppData\Local\Programs\Python\Python312\Lib\asyncio\base_events.py", line 1847, in call_exception_handler
    self.default_exception_handler(context)
  File "C:\Users\Davide\AppData\Local\Programs\Python\Python312\Lib\asyncio\base_events.py", line 1821, in default_exception_handler
    logger.error('\n'.join(log_lines), exc_info=exc_info)
  File "C:\Users\Davide\AppData\Local\Programs\Python\Python312\Lib\logging\__init__.py", line 1568, in error
    self._log(ERROR, msg, args, **kwargs)
  File "C:\Users\Davide\AppData\Local\Programs\Python\Python312\Lib\logging\__init__.py", line 1684, in _log
    self.handle(record)
  File "C:\Users\Davide\AppData\Local\Programs\Python\Python312\Lib\logging\__init__.py", line 1700, in handle
    self.callHandlers(record)
  File "C:\Users\Davide\AppData\Local\Programs\Python\Python312\Lib\logging\__init__.py", line 1762, in callHandlers
    hdlr.handle(record)
  File "C:\Users\Davide\Desktop\ServerSmartPlug\log_manager.py", line 16, in handle
    listener(record)
  File "C:\Users\Davide\Desktop\ServerSmartPlug\gui\windows.py", line 25, in _add_console_line
    self.console_text.configure(state='normal')
  File "C:\Users\Davide\AppData\Local\Programs\Python\Python312\Lib\tkinter\__init__.py", line 1722, in configure
    return self._configure('configure', cnf, kw)
           ^^^^^^^^^^^^^^^^^^^^^^^^^^^^^^^^^^^^^
  File "C:\Users\Davide\AppData\Local\Programs\Python\Python312\Lib\tkinter\__init__.py", line 1712, in _configure
    self.tk.call(_flatten((self._w, cmd)) + self._options(cnf))
_tkinter.TclError: invalid command name ".!frame4.!frame.!text"
Unclosed connector
connections: ['deque([(<aiohttp.client_proto.ResponseHandler object at 0x00000283AA97BD70>, 858479.156)])']
connector: <aiohttp.connector.TCPConnector object at 0x00000283AA9BF650>
Exception in default exception handler
Traceback (most recent call last):
  File "C:\Users\Davide\AppData\Local\Programs\Python\Python312\Lib\asyncio\base_events.py", line 1847, in call_exception_handler
    self.default_exception_handler(context)
  File "C:\Users\Davide\AppData\Local\Programs\Python\Python312\Lib\asyncio\base_events.py", line 1821, in default_exception_handler
    logger.error('\n'.join(log_lines), exc_info=exc_info)
  File "C:\Users\Davide\AppData\Local\Programs\Python\Python312\Lib\logging\__init__.py", line 1568, in error
    self._log(ERROR, msg, args, **kwargs)
  File "C:\Users\Davide\AppData\Local\Programs\Python\Python312\Lib\logging\__init__.py", line 1684, in _log
    self.handle(record)
  File "C:\Users\Davide\AppData\Local\Programs\Python\Python312\Lib\logging\__init__.py", line 1700, in handle
    self.callHandlers(record)
  File "C:\Users\Davide\AppData\Local\Programs\Python\Python312\Lib\logging\__init__.py", line 1762, in callHandlers
    hdlr.handle(record)
  File "C:\Users\Davide\Desktop\ServerSmartPlug\log_manager.py", line 16, in handle
    listener(record)
  File "C:\Users\Davide\Desktop\ServerSmartPlug\gui\windows.py", line 25, in _add_console_line
    self.console_text.configure(state='normal')
  File "C:\Users\Davide\AppData\Local\Programs\Python\Python312\Lib\tkinter\__init__.py", line 1722, in configure
    return self._configure('configure', cnf, kw)
           ^^^^^^^^^^^^^^^^^^^^^^^^^^^^^^^^^^^^^
  File "C:\Users\Davide\AppData\Local\Programs\Python\Python312\Lib\tkinter\__init__.py", line 1712, in _configure
    self.tk.call(_flatten((self._w, cmd)) + self._options(cnf))
_tkinter.TclError: invalid command name ".!frame4.!frame.!text"
Discovery started...
Using proactor: IocpProactor
Listening on 127.0.0.1:8080
[DISCOVERY] 255.255.255.255 >> {'system': {'get_sysinfo': {}}}
Waiting 5 seconds for responses...
Using proactor: IocpProactor
Using SmartDevice for SMART.TAPOPLUG
Finding protocol for 192.168.100.112
Finding protocol for DeviceFamily.SmartTapoPlug
Finding transport for SMART.AES
Created AES transport for 192.168.100.112
[DISCOVERY] 192.168.100.112 << {'error_code': 0,
 'result': {'device_id': 'REDACTED_c913ec3cd97a6bec2fbb1ee',
            'device_model': 'P100',
            'device_type': 'SMART.TAPOPLUG',
            'factory_default': False,
            'ip': '192.168.100.112',
            'is_support_iot_cloud': True,
            'mac': '74-DA-88-00-00-00',
            'mgt_encrypt_schm': {'encrypt_type': 'AES',
                                 'http_port': 80,
                                 'is_support_https': False,
                                 'lv': 2},
            'owner': 'REDACTED_19347acd812465188388075'}}
Initializing 192.168.100.112 of type <class 'kasa.smart.smartdevice.SmartDevice'>
Discovery finished! Found: 1 device(s)
Discovered 1 devices
Using proactor: IocpProactor
[DISCOVERY] 192.168.100.112 >> {'system': {'get_sysinfo': {}}}
Waiting a total of 5 seconds for responses...
Using SmartDevice for SMART.TAPOPLUG
Finding protocol for 192.168.100.112
Finding protocol for DeviceFamily.SmartTapoPlug
Finding transport for SMART.AES
Created AES transport for 192.168.100.112
[DISCOVERY] 192.168.100.112 << {'error_code': 0,
 'result': {'device_id': 'REDACTED_c913ec3cd97a6bec2fbb1ee',
            'device_model': 'P100',
            'device_type': 'SMART.TAPOPLUG',
            'factory_default': False,
            'ip': '192.168.100.112',
            'is_support_iot_cloud': True,
            'mac': '74-DA-88-00-00-00',
            'mgt_encrypt_schm': {'encrypt_type': 'AES',
                                 'http_port': 80,
                                 'is_support_https': False,
                                 'lv': 2},
            'owner': 'REDACTED_19347acd812465188388075'}}
Initializing 192.168.100.112 of type <class 'kasa.smart.smartdevice.SmartDevice'>
192.168.100.112 multi-request-batch-1-of-1 >> '{"method":"multipleRequest","request_time_milis":1743684955444,"terminal_uuid":"tzW5oAaoqtcYqrxZb4BckA==","params":{"requests":[{"method":"component_nego"},{"method":"get_device_info"},{"method":"get_connect_cloud_state"}]}}'
Will perform handshaking...
Posting to http://192.168.100.112/app
Generating keypair
Handshake request: {'method': 'handshake', 'params': {'key': '-----BEGIN PUBLIC KEY-----\nMIGfMA0GCSqGSIb3DQEBAQUAA4GNADCBiQKBgQC/h6hPejrDuPG2r/dXDWT/tSirgRRQ+JYPnCz7ZlFIhwfJvTSC5dC+I3vnk6t5i0i3cQF5dcy/xVOwKHPYbAVITzXOetyd+ct87egrvTvB4mKBAScV3XZZ8zPx3OUmp/ketrnlT3cCvizBUZFvKwXY/P5L4q1J9rR0ZZSG5VgzkwIDAQAB\n-----END PUBLIC KEY-----\n'}}
Device responded with: {'error_code': 0, 'result': {'key': 'ANH/HFgns6LQQ8sTFZhcGqR2O7O5GGvtNVH4JSza/Rz+NkRnd4SzqKWtCcq13ZlkDgnGVGSBMr3CFajuRbqy/NiX6bf+Sc9IoRBVOpMpml4ClNolR9WwgntsZCPTRYI0zNvDA2yQRgNJbtfTKLQQUbJunWiBi3vkokmeIAzCYs4='}}
Handshake with 192.168.100.112 complete
Posting to http://192.168.100.112/app
192.168.100.112: logged in with provided credentials
Posting to http://192.168.100.112/app?token=27DEAFD12321E726A156CB556065DD64
Device 192.168.100.112 received an os error, enabling sequential request delay: Server disconnected
Device 192.168.100.112 got a connection error, will retry 3 times: ('Device connection error: 192.168.100.112: Server disconnected', ServerDisconnectedError('Server disconnected'))
192.168.100.112 multi-request-batch-1-of-1 >> '{"method":"multipleRequest","request_time_milis":1743684955558,"terminal_uuid":"tzW5oAaoqtcYqrxZb4BckA==","params":{"requests":[{"method":"component_nego"},{"method":"get_device_info"},{"method":"get_connect_cloud_state"}]}}'
Device 192.168.100.112 waiting 0.25 seconds to send request
Posting to http://192.168.100.112/app?token=27DEAFD12321E726A156CB556065DD64
192.168.100.112 multi-request-batch-1-of-1 << {'error_code': 0,
 'result': {'responses': [{'error_code': 0,
                           'method': 'component_nego',
                           'result': {'component_list': [{'id': 'device',
                                                          'ver_code': 2},
                                                         {'id': 'firmware',
                                                          'ver_code': 1},
                                                         {'id': 'quick_setup',
                                                          'ver_code': 3},
                                                         {'id': 'time',
                                                          'ver_code': 1},
                                                         {'id': 'wireless',
                                                          'ver_code': 1},
                                                         {'id': 'schedule',
                                                          'ver_code': 2},
                                                         {'id': 'countdown',
                                                          'ver_code': 2},
                                                         {'id': 'antitheft',
                                                          'ver_code': 1},
                                                         {'id': 'account',
                                                          'ver_code': 1},
                                                         {'id': 'synchronize',
                                                          'ver_code': 1},
                                                         {'id': 'sunrise_sunset',
                                                          'ver_code': 1},
                                                         {'id': 'led',
                                                          'ver_code': 1},
                                                         {'id': 'cloud_connect',
                                                          'ver_code': 1},
                                                         {'id': 'iot_cloud',
                                                          'ver_code': 1},
                                                         {'id': 'default_states',
                                                          'ver_code': 1}]}},
                          {'error_code': 0,
                           'method': 'get_device_info',
                           'result': {'avatar': 'plug',
                                      'default_states': {'state': {},
                                                         'type': 'last_states'},
                                      'device_id': 'REDACTED_DB80F24B353338FA05BB18C1C486215',
                                      'device_on': False,
                                      'fw_id': 'REDACTED_A25ABDE41405B20C6F98816',
                                      'fw_ver': '1.3.7 Build 20230711 Rel. '
                                                '61904',
                                      'has_set_location_info': True,
                                      'hw_id': 'REDACTED_5B29645B8150C392284029D',
                                      'hw_ver': '1.0.0',
                                      'ip': '192.168.100.112',
                                      'lang': 'it_IT',
                                      'latitude': 0,
                                      'location': '',
                                      'longitude': 0,
                                      'mac': '74-DA-88-00-00-00',
                                      'model': 'P100',
                                      'nickname': 'I01BU0tFRF9OQU1FIw==',
                                      'oem_id': 'REDACTED_06C60A9AEEA36A3347B6EBC',
                                      'on_time': 0,
                                      'overheated': False,
                                      'region': 'Europe/Rome',
                                      'rssi': -40,
                                      'signal_level': 3,
                                      'specs': 'EU',
                                      'ssid': 'I01BU0tFRF9TU0lEIw==',
                                      'time_diff': 60,
                                      'type': 'SMART.TAPOPLUG'}},
                          {'error_code': 0,
                           'method': 'get_connect_cloud_state',
                           'result': {'status': 0}}]}}
Device 192.168.100.112, found required cloud_connect, adding Cloud to modules.
Device 192.168.100.112, found required device, adding DeviceModule to modules.
Device 192.168.100.112, found required firmware, adding Firmware to modules.
Device 192.168.100.112, found required led, adding Led to modules.
Device 192.168.100.112, found required None, adding OverheatProtection to modules.
Device 192.168.100.112, found required time, adding Time to modules.
Querying 192.168.100.112 for modules: Time, Led
192.168.100.112 multi-request-batch-1-of-1 >> '{"method":"multipleRequest","request_time_milis":1743684955910,"terminal_uuid":"tzW5oAaoqtcYqrxZb4BckA==","params":{"requests":[{"method":"get_device_time"},{"method":"get_led_info"}]}}'
Device 192.168.100.112 waiting 0.23400000005494803 seconds to send request
Posting to http://192.168.100.112/app?token=27DEAFD12321E726A156CB556065DD64
192.168.100.112 multi-request-batch-1-of-1 << {'error_code': 0,
 'result': {'responses': [{'error_code': 0,
                           'method': 'get_device_time',
                           'result': {'region': 'Europe/Rome',
                                      'time_diff': 60,
                                      'timestamp': 1743684951}},
                          {'error_code': 0,
                           'method': 'get_led_info',
                           'result': {'led_rule': 'always',
                                      'led_status': False,
                                      'night_mode': {'end_time': 0,
                                                     'night_mode_type': 'unknown',
                                                     'start_time': 0,
                                                     'sunrise_offset': 0,
                                                     'sunset_offset': 0}}}]}}
Update completed 192.168.100.112: ['component_nego', 'get_device_info', 'get_connect_cloud_state', 'get_device_time', 'get_led_info']
result is: False
Switching status
Using proactor: IocpProactor
[DISCOVERY] 192.168.100.112 >> {'system': {'get_sysinfo': {}}}
Waiting a total of 5 seconds for responses...
Using SmartDevice for SMART.TAPOPLUG
Finding protocol for 192.168.100.112
Finding protocol for DeviceFamily.SmartTapoPlug
Finding transport for SMART.AES
Created AES transport for 192.168.100.112
[DISCOVERY] 192.168.100.112 << {'error_code': 0,
 'result': {'device_id': 'REDACTED_c913ec3cd97a6bec2fbb1ee',
            'device_model': 'P100',
            'device_type': 'SMART.TAPOPLUG',
            'factory_default': False,
            'ip': '192.168.100.112',
            'is_support_iot_cloud': True,
            'mac': '74-DA-88-00-00-00',
            'mgt_encrypt_schm': {'encrypt_type': 'AES',
                                 'http_port': 80,
                                 'is_support_https': False,
                                 'lv': 2},
            'owner': 'REDACTED_19347acd812465188388075'}}
Initializing 192.168.100.112 of type <class 'kasa.smart.smartdevice.SmartDevice'>
192.168.100.112 >> '{"method":"set_device_info","request_time_milis":1743684960480,"terminal_uuid":"IHKvUIZpdneIfL81ir+SLQ==","params":{"device_on":false}}'
Will perform handshaking...
Posting to http://192.168.100.112/app
Generating keypair
Handshake request: {'method': 'handshake', 'params': {'key': '-----BEGIN PUBLIC KEY-----\nMIGfMA0GCSqGSIb3DQEBAQUAA4GNADCBiQKBgQDF+Ff0aIMmZEdRaJB20FAFWnNcO1etfEvYmjnU0ooJ0jUIaJORGlUTlfYGqIX4OL8RYsJJM3+fDHBdrY200/eli7VhXu/uiXumodAR0W2Ao5BcBxasGoowqGTL+YjOZi8CervJr6FEEz1yb64XmikoWf2n5/h2rPR82HP5kX7iBQIDAQAB\n-----END PUBLIC KEY-----\n'}}
Device responded with: {'error_code': 0, 'result': {'key': 'OnnHLeqjtdNgplU/JCRjv2adTz3mEWTVXgx5fTxbjjvLRrIxcZfEISWdpkbzy2toHzq20m3dslbRCfxzb+AZ+EJED1iVG/wkAwdfA/51MUsJLZ3DqlVG93ujBMy3hAte9ITpp8dE/Gj4v4puc4AxOvJPwwZ78Z7kgbx/8f7xsVk='}}
Handshake with 192.168.100.112 complete
Posting to http://192.168.100.112/app
192.168.100.112: logged in with provided credentials
Posting to http://192.168.100.112/app?token=BA91D39548D5F4D731F767F60DE6AEE6
Device 192.168.100.112 received an os error, enabling sequential request delay: Server disconnected
Device 192.168.100.112 got a connection error, will retry 3 times: ('Device connection error: 192.168.100.112: Server disconnected', ServerDisconnectedError('Server disconnected'))
192.168.100.112 >> '{"method":"set_device_info","request_time_milis":1743684960593,"terminal_uuid":"IHKvUIZpdneIfL81ir+SLQ==","params":{"device_on":false}}'
Device 192.168.100.112 waiting 0.25 seconds to send request
Posting to http://192.168.100.112/app?token=BA91D39548D5F4D731F767F60DE6AEE6
192.168.100.112 << {'error_code': 0}
192.168.100.112 multi-request-batch-1-of-1 >> '{"method":"multipleRequest","request_time_milis":1743684960963,"terminal_uuid":"IHKvUIZpdneIfL81ir+SLQ==","params":{"requests":[{"method":"component_nego"},{"method":"get_device_info"},{"method":"get_connect_cloud_state"}]}}'
Device 192.168.100.112 waiting 0.25 seconds to send request
Posting to http://192.168.100.112/app?token=BA91D39548D5F4D731F767F60DE6AEE6
192.168.100.112 multi-request-batch-1-of-1 << {'error_code': 0,
 'result': {'responses': [{'error_code': 0,
                           'method': 'component_nego',
                           'result': {'component_list': [{'id': 'device',
                                                          'ver_code': 2},
                                                         {'id': 'firmware',
                                                          'ver_code': 1},
                                                         {'id': 'quick_setup',
                                                          'ver_code': 3},
                                                         {'id': 'time',
                                                          'ver_code': 1},
                                                         {'id': 'wireless',
                                                          'ver_code': 1},
                                                         {'id': 'schedule',
                                                          'ver_code': 2},
                                                         {'id': 'countdown',
                                                          'ver_code': 2},
                                                         {'id': 'antitheft',
                                                          'ver_code': 1},
                                                         {'id': 'account',
                                                          'ver_code': 1},
                                                         {'id': 'synchronize',
                                                          'ver_code': 1},
                                                         {'id': 'sunrise_sunset',
                                                          'ver_code': 1},
                                                         {'id': 'led',
                                                          'ver_code': 1},
                                                         {'id': 'cloud_connect',
                                                          'ver_code': 1},
                                                         {'id': 'iot_cloud',
                                                          'ver_code': 1},
                                                         {'id': 'default_states',
                                                          'ver_code': 1}]}},
                          {'error_code': 0,
                           'method': 'get_device_info',
                           'result': {'avatar': 'plug',
                                      'default_states': {'state': {},
                                                         'type': 'last_states'},
                                      'device_id': 'REDACTED_DB80F24B353338FA05BB18C1C486215',
                                      'device_on': False,
                                      'fw_id': 'REDACTED_A25ABDE41405B20C6F98816',
                                      'fw_ver': '1.3.7 Build 20230711 Rel. '
                                                '61904',
                                      'has_set_location_info': True,
                                      'hw_id': 'REDACTED_5B29645B8150C392284029D',
                                      'hw_ver': '1.0.0',
                                      'ip': '192.168.100.112',
                                      'lang': 'it_IT',
                                      'latitude': 0,
                                      'location': '',
                                      'longitude': 0,
                                      'mac': '74-DA-88-00-00-00',
                                      'model': 'P100',
                                      'nickname': 'I01BU0tFRF9OQU1FIw==',
                                      'oem_id': 'REDACTED_06C60A9AEEA36A3347B6EBC',
                                      'on_time': 0,
                                      'overheated': False,
                                      'region': 'Europe/Rome',
                                      'rssi': -40,
                                      'signal_level': 3,
                                      'specs': 'EU',
                                      'ssid': 'I01BU0tFRF9TU0lEIw==',
                                      'time_diff': 60,
                                      'type': 'SMART.TAPOPLUG'}},
                          {'error_code': 0,
                           'method': 'get_connect_cloud_state',
                           'result': {'status': 0}}]}}
Device 192.168.100.112, found required cloud_connect, adding Cloud to modules.
Device 192.168.100.112, found required device, adding DeviceModule to modules.
Device 192.168.100.112, found required firmware, adding Firmware to modules.
Device 192.168.100.112, found required led, adding Led to modules.
Device 192.168.100.112, found required None, adding OverheatProtection to modules.
Device 192.168.100.112, found required time, adding Time to modules.
Querying 192.168.100.112 for modules: Time, Led
192.168.100.112 multi-request-batch-1-of-1 >> '{"method":"multipleRequest","request_time_milis":1743684961306,"terminal_uuid":"IHKvUIZpdneIfL81ir+SLQ==","params":{"requests":[{"method":"get_device_time"},{"method":"get_led_info"}]}}'
Device 192.168.100.112 waiting 0.25 seconds to send request
Posting to http://192.168.100.112/app?token=BA91D39548D5F4D731F767F60DE6AEE6
192.168.100.112 multi-request-batch-1-of-1 << {'error_code': 0,
 'result': {'responses': [{'error_code': 0,
                           'method': 'get_device_time',
                           'result': {'region': 'Europe/Rome',
                                      'time_diff': 60,
                                      'timestamp': 1743684956}},
                          {'error_code': 0,
                           'method': 'get_led_info',
                           'result': {'led_rule': 'always',
                                      'led_status': False,
                                      'night_mode': {'end_time': 0,
                                                     'night_mode_type': 'unknown',
                                                     'start_time': 0,
                                                     'sunrise_offset': 0,
                                                     'sunset_offset': 0}}}]}}
Update completed 192.168.100.112: ['component_nego', 'get_device_info', 'get_connect_cloud_state', 'get_device_time', 'get_led_info']
Unclosed client session
client_session: <aiohttp.client.ClientSession object at 0x0000027514775B50>
Unclosed connector
connections: ['deque([(<aiohttp.client_proto.ResponseHandler object at 0x0000027514757890>, 858511.953)])']
connector: <aiohttp.connector.TCPConnector object at 0x0000027513252870>
Unclosed client session
client_session: <aiohttp.client.ClientSession object at 0x000002751479B770>
Unclosed connector
connections: ['deque([(<aiohttp.client_proto.ResponseHandler object at 0x0000027514757D70>, 858517.359)])']
connector: <aiohttp.connector.TCPConnector object at 0x0000027514798DD0>
Discovery started...
Using proactor: IocpProactor
Listening on 127.0.0.1:8080
[DISCOVERY] 255.255.255.255 >> {'system': {'get_sysinfo': {}}}
Waiting 5 seconds for responses...
Using proactor: IocpProactor
Using SmartDevice for SMART.TAPOPLUG
Finding protocol for 192.168.100.112
Finding protocol for DeviceFamily.SmartTapoPlug
Finding transport for SMART.AES
Created AES transport for 192.168.100.112
[DISCOVERY] 192.168.100.112 << {'error_code': 0,
 'result': {'device_id': 'REDACTED_c913ec3cd97a6bec2fbb1ee',
            'device_model': 'P100',
            'device_type': 'SMART.TAPOPLUG',
            'factory_default': False,
            'ip': '192.168.100.112',
            'is_support_iot_cloud': True,
            'mac': '74-DA-88-00-00-00',
            'mgt_encrypt_schm': {'encrypt_type': 'AES',
                                 'http_port': 80,
                                 'is_support_https': False,
                                 'lv': 2},
            'owner': 'REDACTED_19347acd812465188388075'}}
Initializing 192.168.100.112 of type <class 'kasa.smart.smartdevice.SmartDevice'>
Discovery finished! Found: 1 device(s)
Discovered 1 devices
Using proactor: IocpProactor
[DISCOVERY] 192.168.100.112 >> {'system': {'get_sysinfo': {}}}
Waiting a total of 5 seconds for responses...
Using SmartDevice for SMART.TAPOPLUG
Finding protocol for 192.168.100.112
Finding protocol for DeviceFamily.SmartTapoPlug
Finding transport for SMART.AES
Created AES transport for 192.168.100.112
[DISCOVERY] 192.168.100.112 << {'error_code': 0,
 'result': {'device_id': 'REDACTED_c913ec3cd97a6bec2fbb1ee',
            'device_model': 'P100',
            'device_type': 'SMART.TAPOPLUG',
            'factory_default': False,
            'ip': '192.168.100.112',
            'is_support_iot_cloud': True,
            'mac': '74-DA-88-00-00-00',
            'mgt_encrypt_schm': {'encrypt_type': 'AES',
                                 'http_port': 80,
                                 'is_support_https': False,
                                 'lv': 2},
            'owner': 'REDACTED_19347acd812465188388075'}}
Initializing 192.168.100.112 of type <class 'kasa.smart.smartdevice.SmartDevice'>
192.168.100.112 multi-request-batch-1-of-1 >> '{"method":"multipleRequest","request_time_milis":1743685080472,"terminal_uuid":"kB7XtxTs4rerwLhcvaZAQA==","params":{"requests":[{"method":"component_nego"},{"method":"get_device_info"},{"method":"get_connect_cloud_state"}]}}'
Will perform handshaking...
Posting to http://192.168.100.112/app
Generating keypair
Handshake request: {'method': 'handshake', 'params': {'key': '-----BEGIN PUBLIC KEY-----\nMIGfMA0GCSqGSIb3DQEBAQUAA4GNADCBiQKBgQC2tW+zruxDFV3bsVygCKd2PKX4uOFoKtMhiroOqjC4mYH2yLfADLO2tA1HZytwx6O9BL7fYLqaZRHSTeGaCysbRWx+DKfuYzVMSok/W/Z0EowTHRe6kNcfVYu+khSv89LijWNB/kqM6FxEO3kQkx/E0Cj7nGd2G2K9/8OtbMG0mwIDAQAB\n-----END PUBLIC KEY-----\n'}}
Device responded with: {'error_code': 0, 'result': {'key': 'nhr8eEKnZ04w/F+8OsQdkRSwFkR8VzmvFhhA7hmwyGMHHRKqwOjdvgJA7Qo/1S5QSubnnniUeEhzeB0dP/tm5N5j5ITPwZdV3HHucOcEDspZAhhwRKYi5vfi1SFUO1oenWkFAr0KH2TMJbs8h4rPEuWHBIsEetGVTuSBMZAo/4Y='}}
Handshake with 192.168.100.112 complete
Posting to http://192.168.100.112/app
192.168.100.112: logged in with provided credentials
Posting to http://192.168.100.112/app?token=A0011A0CB7DC62DA34BA56B975894488
Device 192.168.100.112 received an os error, enabling sequential request delay: Server disconnected
Device 192.168.100.112 got a connection error, will retry 3 times: ('Device connection error: 192.168.100.112: Server disconnected', ServerDisconnectedError('Server disconnected'))
192.168.100.112 multi-request-batch-1-of-1 >> '{"method":"multipleRequest","request_time_milis":1743685080605,"terminal_uuid":"kB7XtxTs4rerwLhcvaZAQA==","params":{"requests":[{"method":"component_nego"},{"method":"get_device_info"},{"method":"get_connect_cloud_state"}]}}'
Device 192.168.100.112 waiting 0.25 seconds to send request
Posting to http://192.168.100.112/app?token=A0011A0CB7DC62DA34BA56B975894488
192.168.100.112 multi-request-batch-1-of-1 << {'error_code': 0,
 'result': {'responses': [{'error_code': 0,
                           'method': 'component_nego',
                           'result': {'component_list': [{'id': 'device',
                                                          'ver_code': 2},
                                                         {'id': 'firmware',
                                                          'ver_code': 1},
                                                         {'id': 'quick_setup',
                                                          'ver_code': 3},
                                                         {'id': 'time',
                                                          'ver_code': 1},
                                                         {'id': 'wireless',
                                                          'ver_code': 1},
                                                         {'id': 'schedule',
                                                          'ver_code': 2},
                                                         {'id': 'countdown',
                                                          'ver_code': 2},
                                                         {'id': 'antitheft',
                                                          'ver_code': 1},
                                                         {'id': 'account',
                                                          'ver_code': 1},
                                                         {'id': 'synchronize',
                                                          'ver_code': 1},
                                                         {'id': 'sunrise_sunset',
                                                          'ver_code': 1},
                                                         {'id': 'led',
                                                          'ver_code': 1},
                                                         {'id': 'cloud_connect',
                                                          'ver_code': 1},
                                                         {'id': 'iot_cloud',
                                                          'ver_code': 1},
                                                         {'id': 'default_states',
                                                          'ver_code': 1}]}},
                          {'error_code': 0,
                           'method': 'get_device_info',
                           'result': {'avatar': 'plug',
                                      'default_states': {'state': {},
                                                         'type': 'last_states'},
                                      'device_id': 'REDACTED_DB80F24B353338FA05BB18C1C486215',
                                      'device_on': False,
                                      'fw_id': 'REDACTED_A25ABDE41405B20C6F98816',
                                      'fw_ver': '1.3.7 Build 20230711 Rel. '
                                                '61904',
                                      'has_set_location_info': True,
                                      'hw_id': 'REDACTED_5B29645B8150C392284029D',
                                      'hw_ver': '1.0.0',
                                      'ip': '192.168.100.112',
                                      'lang': 'it_IT',
                                      'latitude': 0,
                                      'location': '',
                                      'longitude': 0,
                                      'mac': '74-DA-88-00-00-00',
                                      'model': 'P100',
                                      'nickname': 'I01BU0tFRF9OQU1FIw==',
                                      'oem_id': 'REDACTED_06C60A9AEEA36A3347B6EBC',
                                      'on_time': 0,
                                      'overheated': False,
                                      'region': 'Europe/Rome',
                                      'rssi': -40,
                                      'signal_level': 3,
                                      'specs': 'EU',
                                      'ssid': 'I01BU0tFRF9TU0lEIw==',
                                      'time_diff': 60,
                                      'type': 'SMART.TAPOPLUG'}},
                          {'error_code': 0,
                           'method': 'get_connect_cloud_state',
                           'result': {'status': 0}}]}}
Device 192.168.100.112, found required cloud_connect, adding Cloud to modules.
Device 192.168.100.112, found required device, adding DeviceModule to modules.
Device 192.168.100.112, found required firmware, adding Firmware to modules.
Device 192.168.100.112, found required led, adding Led to modules.
Device 192.168.100.112, found required None, adding OverheatProtection to modules.
Device 192.168.100.112, found required time, adding Time to modules.
Querying 192.168.100.112 for modules: Time, Led
192.168.100.112 multi-request-batch-1-of-1 >> '{"method":"multipleRequest","request_time_milis":1743685080954,"terminal_uuid":"kB7XtxTs4rerwLhcvaZAQA==","params":{"requests":[{"method":"get_device_time"},{"method":"get_led_info"}]}}'
Device 192.168.100.112 waiting 0.23499999998603016 seconds to send request
Posting to http://192.168.100.112/app?token=A0011A0CB7DC62DA34BA56B975894488
192.168.100.112 multi-request-batch-1-of-1 << {'error_code': 0,
 'result': {'responses': [{'error_code': 0,
                           'method': 'get_device_time',
                           'result': {'region': 'Europe/Rome',
                                      'time_diff': 60,
                                      'timestamp': 1743685076}},
                          {'error_code': 0,
                           'method': 'get_led_info',
                           'result': {'led_rule': 'always',
                                      'led_status': False,
                                      'night_mode': {'end_time': 0,
                                                     'night_mode_type': 'unknown',
                                                     'start_time': 0,
                                                     'sunrise_offset': 0,
                                                     'sunset_offset': 0}}}]}}
Update completed 192.168.100.112: ['component_nego', 'get_device_info', 'get_connect_cloud_state', 'get_device_time', 'get_led_info']
result is: False
Switching status
Using proactor: IocpProactor
[DISCOVERY] 192.168.100.112 >> {'system': {'get_sysinfo': {}}}
Waiting a total of 5 seconds for responses...
Using SmartDevice for SMART.TAPOPLUG
Finding protocol for 192.168.100.112
Finding protocol for DeviceFamily.SmartTapoPlug
Finding transport for SMART.AES
Created AES transport for 192.168.100.112
[DISCOVERY] 192.168.100.112 << {'error_code': 0,
 'result': {'device_id': 'REDACTED_c913ec3cd97a6bec2fbb1ee',
            'device_model': 'P100',
            'device_type': 'SMART.TAPOPLUG',
            'factory_default': False,
            'ip': '192.168.100.112',
            'is_support_iot_cloud': True,
            'mac': '74-DA-88-00-00-00',
            'mgt_encrypt_schm': {'encrypt_type': 'AES',
                                 'http_port': 80,
                                 'is_support_https': False,
                                 'lv': 2},
            'owner': 'REDACTED_19347acd812465188388075'}}
Initializing 192.168.100.112 of type <class 'kasa.smart.smartdevice.SmartDevice'>
192.168.100.112 >> '{"method":"set_device_info","request_time_milis":1743685083915,"terminal_uuid":"6qattseDCccXqLrf+I8sGA==","params":{"device_on":false}}'
Will perform handshaking...
Posting to http://192.168.100.112/app
Generating keypair
Handshake request: {'method': 'handshake', 'params': {'key': '-----BEGIN PUBLIC KEY-----\nMIGfMA0GCSqGSIb3DQEBAQUAA4GNADCBiQKBgQDKn8McMdo+kpq8EKR2L2DJUUG8w591uuI/kM7ZHMUMO5lVlSVQ3/xdWFjsOT0vV2n75FuJmQziL/DSc1ytFge9xS+ITMBXueX1n+NnM0ISmNdW2+EzCNMGKoxUN8bAuSWtrTBxBSR2AY92hERZ9njgSn8S2WKs6ov1UD6Sl3RPCQIDAQAB\n-----END PUBLIC KEY-----\n'}}
Device responded with: {'error_code': 0, 'result': {'key': 'iTyxhukm+tTECz39fmb3Ma7sSWv1lUK+ntiKd1lmbOoXV+Z7xcoli1fPj0VuRfakZSuxUd5AGb1v+w6gwev6RTvDHOLKYeJrV3Fi111Bf7KfnIlX8UOTHYrCkxe5C1xOqsfEUcitW35elyJ0Kj4yWTQt/ihnxOM14k31dZUp7v8='}}
Handshake with 192.168.100.112 complete
Posting to http://192.168.100.112/app
192.168.100.112: logged in with provided credentials
Posting to http://192.168.100.112/app?token=85DCD3D0B1109A162B763675EE456844
Device 192.168.100.112 received an os error, enabling sequential request delay: Server disconnected
Device 192.168.100.112 got a connection error, will retry 3 times: ('Device connection error: 192.168.100.112: Server disconnected', ServerDisconnectedError('Server disconnected'))
192.168.100.112 >> '{"method":"set_device_info","request_time_milis":1743685084067,"terminal_uuid":"6qattseDCccXqLrf+I8sGA==","params":{"device_on":false}}'
Device 192.168.100.112 waiting 0.25 seconds to send request
Posting to http://192.168.100.112/app?token=85DCD3D0B1109A162B763675EE456844
192.168.100.112 << {'error_code': 0}
192.168.100.112 multi-request-batch-1-of-1 >> '{"method":"multipleRequest","request_time_milis":1743685084377,"terminal_uuid":"6qattseDCccXqLrf+I8sGA==","params":{"requests":[{"method":"component_nego"},{"method":"get_device_info"},{"method":"get_connect_cloud_state"}]}}'
Device 192.168.100.112 waiting 0.25 seconds to send request
Posting to http://192.168.100.112/app?token=85DCD3D0B1109A162B763675EE456844
192.168.100.112 multi-request-batch-1-of-1 << {'error_code': 0,
 'result': {'responses': [{'error_code': 0,
                           'method': 'component_nego',
                           'result': {'component_list': [{'id': 'device',
                                                          'ver_code': 2},
                                                         {'id': 'firmware',
                                                          'ver_code': 1},
                                                         {'id': 'quick_setup',
                                                          'ver_code': 3},
                                                         {'id': 'time',
                                                          'ver_code': 1},
                                                         {'id': 'wireless',
                                                          'ver_code': 1},
                                                         {'id': 'schedule',
                                                          'ver_code': 2},
                                                         {'id': 'countdown',
                                                          'ver_code': 2},
                                                         {'id': 'antitheft',
                                                          'ver_code': 1},
                                                         {'id': 'account',
                                                          'ver_code': 1},
                                                         {'id': 'synchronize',
                                                          'ver_code': 1},
                                                         {'id': 'sunrise_sunset',
                                                          'ver_code': 1},
                                                         {'id': 'led',
                                                          'ver_code': 1},
                                                         {'id': 'cloud_connect',
                                                          'ver_code': 1},
                                                         {'id': 'iot_cloud',
                                                          'ver_code': 1},
                                                         {'id': 'default_states',
                                                          'ver_code': 1}]}},
                          {'error_code': 0,
                           'method': 'get_device_info',
                           'result': {'avatar': 'plug',
                                      'default_states': {'state': {},
                                                         'type': 'last_states'},
                                      'device_id': 'REDACTED_DB80F24B353338FA05BB18C1C486215',
                                      'device_on': False,
                                      'fw_id': 'REDACTED_A25ABDE41405B20C6F98816',
                                      'fw_ver': '1.3.7 Build 20230711 Rel. '
                                                '61904',
                                      'has_set_location_info': True,
                                      'hw_id': 'REDACTED_5B29645B8150C392284029D',
                                      'hw_ver': '1.0.0',
                                      'ip': '192.168.100.112',
                                      'lang': 'it_IT',
                                      'latitude': 0,
                                      'location': '',
                                      'longitude': 0,
                                      'mac': '74-DA-88-00-00-00',
                                      'model': 'P100',
                                      'nickname': 'I01BU0tFRF9OQU1FIw==',
                                      'oem_id': 'REDACTED_06C60A9AEEA36A3347B6EBC',
                                      'on_time': 0,
                                      'overheated': False,
                                      'region': 'Europe/Rome',
                                      'rssi': -40,
                                      'signal_level': 3,
                                      'specs': 'EU',
                                      'ssid': 'I01BU0tFRF9TU0lEIw==',
                                      'time_diff': 60,
                                      'type': 'SMART.TAPOPLUG'}},
                          {'error_code': 0,
                           'method': 'get_connect_cloud_state',
                           'result': {'status': 0}}]}}
Device 192.168.100.112, found required cloud_connect, adding Cloud to modules.
Device 192.168.100.112, found required device, adding DeviceModule to modules.
Device 192.168.100.112, found required firmware, adding Firmware to modules.
Device 192.168.100.112, found required led, adding Led to modules.
Device 192.168.100.112, found required None, adding OverheatProtection to modules.
Device 192.168.100.112, found required time, adding Time to modules.
Querying 192.168.100.112 for modules: Time, Led
192.168.100.112 multi-request-batch-1-of-1 >> '{"method":"multipleRequest","request_time_milis":1743685084738,"terminal_uuid":"6qattseDCccXqLrf+I8sGA==","params":{"requests":[{"method":"get_device_time"},{"method":"get_led_info"}]}}'
Device 192.168.100.112 waiting 0.23400000005494803 seconds to send request
Posting to http://192.168.100.112/app?token=85DCD3D0B1109A162B763675EE456844
192.168.100.112 multi-request-batch-1-of-1 << {'error_code': -1003}
Device 192.168.100.112 got a retryable error, will retry 3 times: JSON Decode failure, multi requests disabled
Will perform handshaking...
Posting to http://192.168.100.112/app
Generating keypair
Handshake request: {'method': 'handshake', 'params': {'key': '-----BEGIN PUBLIC KEY-----\nMIGfMA0GCSqGSIb3DQEBAQUAA4GNADCBiQKBgQDKn8McMdo+kpq8EKR2L2DJUUG8w591uuI/kM7ZHMUMO5lVlSVQ3/xdWFjsOT0vV2n75FuJmQziL/DSc1ytFge9xS+ITMBXueX1n+NnM0ISmNdW2+EzCNMGKoxUN8bAuSWtrTBxBSR2AY92hERZ9njgSn8S2WKs6ov1UD6Sl3RPCQIDAQAB\n-----END PUBLIC KEY-----\n'}}
Device responded with: {'error_code': 0, 'result': {'key': 's7Kut+XBI4UpBdw294jlDAPo23H0nW/wRhBfAWUodvWahmwF7FxoXsmaY5XjujzTqM3GP5DE4BmUpfJbJ8xaTxjw9v09W+Nb0rNCGCk0RdW9/osNkIJbS0sFlwBYxPblfQGxMt625wX9GGMui+JQSCvda8hxdXTDcGcMHvrQjs0='}}
Handshake with 192.168.100.112 complete
Device 192.168.100.112 waiting 0.25 seconds to send request
Posting to http://192.168.100.112/app
192.168.100.112: logged in with provided credentials
Device 192.168.100.112 waiting 0.25 seconds to send request
Posting to http://192.168.100.112/app?token=338E768D2CBD8EBCA3AC72AC64AC0CAC
Unable to query the device: 192.168.100.112, not retrying: ('Unable to query the device: 192.168.100.112: ', TimeoutError())
Error querying 192.168.100.112 for modules 'Time, Led' on first update: ('Unable to query the device: 192.168.100.112: ', TimeoutError())
192.168.100.112 >> '{"method":"get_device_time","request_time_milis":1743685096298,"terminal_uuid":"6qattseDCccXqLrf+I8sGA=="}'
Will perform handshaking...
Posting to http://192.168.100.112/app
Generating keypair
Handshake request: {'method': 'handshake', 'params': {'key': '-----BEGIN PUBLIC KEY-----\nMIGfMA0GCSqGSIb3DQEBAQUAA4GNADCBiQKBgQDKn8McMdo+kpq8EKR2L2DJUUG8w591uuI/kM7ZHMUMO5lVlSVQ3/xdWFjsOT0vV2n75FuJmQziL/DSc1ytFge9xS+ITMBXueX1n+NnM0ISmNdW2+EzCNMGKoxUN8bAuSWtrTBxBSR2AY92hERZ9njgSn8S2WKs6ov1UD6Sl3RPCQIDAQAB\n-----END PUBLIC KEY-----\n'}}
Device responded with: {'error_code': 0, 'result': {'key': 'aYOVYeH1x/s7WbbrMDnHLvQ3JozknU12hXMeu/JASL1iFlpslzthZBJn4JIJntyn4VX20L43De3HMm2c967z40luGg2KJ1hWEPf+fuACQjQZbaJfB9wt1Vms2XilP5E8fMK+aGnYe/fFpbWRCRPdvOz1HbupJK6EBpymxW3Fpqw='}}
Handshake with 192.168.100.112 complete
Device 192.168.100.112 waiting 0.25 seconds to send request
Posting to http://192.168.100.112/app
Device 192.168.100.112 got a retryable error, will retry 3 times: Error sending secure_passthrough message: 192.168.100.112: SESSION_TIMEOUT_ERROR(9999) (error_code=SESSION_TIMEOUT_ERROR)
192.168.100.112 >> '{"method":"get_device_time","request_time_milis":1743685102216,"terminal_uuid":"6qattseDCccXqLrf+I8sGA=="}'
Will perform handshaking...
Posting to http://192.168.100.112/app
Generating keypair
Handshake request: {'method': 'handshake', 'params': {'key': '-----BEGIN PUBLIC KEY-----\nMIGfMA0GCSqGSIb3DQEBAQUAA4GNADCBiQKBgQDKn8McMdo+kpq8EKR2L2DJUUG8w591uuI/kM7ZHMUMO5lVlSVQ3/xdWFjsOT0vV2n75FuJmQziL/DSc1ytFge9xS+ITMBXueX1n+NnM0ISmNdW2+EzCNMGKoxUN8bAuSWtrTBxBSR2AY92hERZ9njgSn8S2WKs6ov1UD6Sl3RPCQIDAQAB\n-----END PUBLIC KEY-----\n'}}
Device responded with: {'error_code': 0, 'result': {'key': 'HTlyhiJmo1KPUVmMrkVE/LB7fI4Y9XjuZ/YEkVHwj50aZxvVteHcY6McupiSpPxwnDL10Si1lMUPGXOwt9TEcIqIPSyY3LA2WfACPuAZ+pumDGbhhD98OZLI+HwmFymVaDI3Z3eBEGhrYI9VAhTLmfUqoGGPA+1hQY3/8ZMfSUc='}}
Handshake with 192.168.100.112 complete
Device 192.168.100.112 waiting 0.25 seconds to send request
Posting to http://192.168.100.112/app
192.168.100.112: logged in with provided credentials
Device 192.168.100.112 waiting 0.25 seconds to send request
Posting to http://192.168.100.112/app?token=B158DA4D611DDC1F013FD73EB12EDA2E
192.168.100.112 << {'error_code': 0,
 'result': {'region': 'Europe/Rome', 'time_diff': 60, 'timestamp': 1743685098}}
192.168.100.112 >> '{"method":"get_led_info","request_time_milis":1743685102896,"terminal_uuid":"6qattseDCccXqLrf+I8sGA=="}'
Device 192.168.100.112 waiting 0.25 seconds to send request
Posting to http://192.168.100.112/app?token=B158DA4D611DDC1F013FD73EB12EDA2E
192.168.100.112 << {'error_code': 0,
 'result': {'led_rule': 'always',
            'led_status': False,
            'night_mode': {'end_time': 0,
                           'night_mode_type': 'unknown',
                           'start_time': 0,
                           'sunrise_offset': 0,
                           'sunset_offset': 0}}}
Update completed 192.168.100.112: ['component_nego', 'get_device_info', 'get_connect_cloud_state', 'get_device_time', 'get_led_info']
Unclosed client session
client_session: <aiohttp.client.ClientSession object at 0x000001DA740BA8D0>
Exception in default exception handler
Traceback (most recent call last):
  File "C:\Users\Davide\AppData\Local\Programs\Python\Python312\Lib\asyncio\base_events.py", line 1847, in call_exception_handler
    self.default_exception_handler(context)
  File "C:\Users\Davide\AppData\Local\Programs\Python\Python312\Lib\asyncio\base_events.py", line 1821, in default_exception_handler
    logger.error('\n'.join(log_lines), exc_info=exc_info)
  File "C:\Users\Davide\AppData\Local\Programs\Python\Python312\Lib\logging\__init__.py", line 1568, in error
    self._log(ERROR, msg, args, **kwargs)
  File "C:\Users\Davide\AppData\Local\Programs\Python\Python312\Lib\logging\__init__.py", line 1684, in _log
    self.handle(record)
  File "C:\Users\Davide\AppData\Local\Programs\Python\Python312\Lib\logging\__init__.py", line 1700, in handle
    self.callHandlers(record)
  File "C:\Users\Davide\AppData\Local\Programs\Python\Python312\Lib\logging\__init__.py", line 1762, in callHandlers
    hdlr.handle(record)
  File "C:\Users\Davide\Desktop\ServerSmartPlug\log_manager.py", line 16, in handle
    listener(record)
  File "C:\Users\Davide\Desktop\ServerSmartPlug\gui\windows.py", line 25, in _add_console_line
    self.console_text.configure(state='normal')
  File "C:\Users\Davide\AppData\Local\Programs\Python\Python312\Lib\tkinter\__init__.py", line 1722, in configure
    return self._configure('configure', cnf, kw)
           ^^^^^^^^^^^^^^^^^^^^^^^^^^^^^^^^^^^^^
  File "C:\Users\Davide\AppData\Local\Programs\Python\Python312\Lib\tkinter\__init__.py", line 1712, in _configure
    self.tk.call(_flatten((self._w, cmd)) + self._options(cnf))
_tkinter.TclError: invalid command name ".!frame4.!frame.!text"
Unclosed connector
connections: ['deque([(<aiohttp.client_proto.ResponseHandler object at 0x000001DA741339B0>, 858637.0)])']
connector: <aiohttp.connector.TCPConnector object at 0x000001DA740BBEF0>
Exception in default exception handler
Traceback (most recent call last):
  File "C:\Users\Davide\AppData\Local\Programs\Python\Python312\Lib\asyncio\base_events.py", line 1847, in call_exception_handler
    self.default_exception_handler(context)
  File "C:\Users\Davide\AppData\Local\Programs\Python\Python312\Lib\asyncio\base_events.py", line 1821, in default_exception_handler
    logger.error('\n'.join(log_lines), exc_info=exc_info)
  File "C:\Users\Davide\AppData\Local\Programs\Python\Python312\Lib\logging\__init__.py", line 1568, in error
    self._log(ERROR, msg, args, **kwargs)
  File "C:\Users\Davide\AppData\Local\Programs\Python\Python312\Lib\logging\__init__.py", line 1684, in _log
    self.handle(record)
  File "C:\Users\Davide\AppData\Local\Programs\Python\Python312\Lib\logging\__init__.py", line 1700, in handle
    self.callHandlers(record)
  File "C:\Users\Davide\AppData\Local\Programs\Python\Python312\Lib\logging\__init__.py", line 1762, in callHandlers
    hdlr.handle(record)
  File "C:\Users\Davide\Desktop\ServerSmartPlug\log_manager.py", line 16, in handle
    listener(record)
  File "C:\Users\Davide\Desktop\ServerSmartPlug\gui\windows.py", line 25, in _add_console_line
    self.console_text.configure(state='normal')
  File "C:\Users\Davide\AppData\Local\Programs\Python\Python312\Lib\tkinter\__init__.py", line 1722, in configure
    return self._configure('configure', cnf, kw)
           ^^^^^^^^^^^^^^^^^^^^^^^^^^^^^^^^^^^^^
  File "C:\Users\Davide\AppData\Local\Programs\Python\Python312\Lib\tkinter\__init__.py", line 1712, in _configure
    self.tk.call(_flatten((self._w, cmd)) + self._options(cnf))
_tkinter.TclError: invalid command name ".!frame4.!frame.!text"
Unclosed client session
client_session: <aiohttp.client.ClientSession object at 0x000001DA7417B590>
Exception in default exception handler
Traceback (most recent call last):
  File "C:\Users\Davide\AppData\Local\Programs\Python\Python312\Lib\asyncio\base_events.py", line 1847, in call_exception_handler
    self.default_exception_handler(context)
  File "C:\Users\Davide\AppData\Local\Programs\Python\Python312\Lib\asyncio\base_events.py", line 1821, in default_exception_handler
    logger.error('\n'.join(log_lines), exc_info=exc_info)
  File "C:\Users\Davide\AppData\Local\Programs\Python\Python312\Lib\logging\__init__.py", line 1568, in error
    self._log(ERROR, msg, args, **kwargs)
  File "C:\Users\Davide\AppData\Local\Programs\Python\Python312\Lib\logging\__init__.py", line 1684, in _log
    self.handle(record)
  File "C:\Users\Davide\AppData\Local\Programs\Python\Python312\Lib\logging\__init__.py", line 1700, in handle
    self.callHandlers(record)
  File "C:\Users\Davide\AppData\Local\Programs\Python\Python312\Lib\logging\__init__.py", line 1762, in callHandlers
    hdlr.handle(record)
  File "C:\Users\Davide\Desktop\ServerSmartPlug\log_manager.py", line 16, in handle
    listener(record)
  File "C:\Users\Davide\Desktop\ServerSmartPlug\gui\windows.py", line 25, in _add_console_line
    self.console_text.configure(state='normal')
  File "C:\Users\Davide\AppData\Local\Programs\Python\Python312\Lib\tkinter\__init__.py", line 1722, in configure
    return self._configure('configure', cnf, kw)
           ^^^^^^^^^^^^^^^^^^^^^^^^^^^^^^^^^^^^^
  File "C:\Users\Davide\AppData\Local\Programs\Python\Python312\Lib\tkinter\__init__.py", line 1712, in _configure
    self.tk.call(_flatten((self._w, cmd)) + self._options(cnf))
_tkinter.TclError: invalid command name ".!frame4.!frame.!text"
Unclosed connector
connections: ['deque([(<aiohttp.client_proto.ResponseHandler object at 0x000001DA741C8290>, 858658.953)])']
connector: <aiohttp.connector.TCPConnector object at 0x000001DA7417B5C0>
Exception in default exception handler
Traceback (most recent call last):
  File "C:\Users\Davide\AppData\Local\Programs\Python\Python312\Lib\asyncio\base_events.py", line 1847, in call_exception_handler
    self.default_exception_handler(context)
  File "C:\Users\Davide\AppData\Local\Programs\Python\Python312\Lib\asyncio\base_events.py", line 1821, in default_exception_handler
    logger.error('\n'.join(log_lines), exc_info=exc_info)
  File "C:\Users\Davide\AppData\Local\Programs\Python\Python312\Lib\logging\__init__.py", line 1568, in error
    self._log(ERROR, msg, args, **kwargs)
  File "C:\Users\Davide\AppData\Local\Programs\Python\Python312\Lib\logging\__init__.py", line 1684, in _log
    self.handle(record)
  File "C:\Users\Davide\AppData\Local\Programs\Python\Python312\Lib\logging\__init__.py", line 1700, in handle
    self.callHandlers(record)
  File "C:\Users\Davide\AppData\Local\Programs\Python\Python312\Lib\logging\__init__.py", line 1762, in callHandlers
    hdlr.handle(record)
  File "C:\Users\Davide\Desktop\ServerSmartPlug\log_manager.py", line 16, in handle
    listener(record)
  File "C:\Users\Davide\Desktop\ServerSmartPlug\gui\windows.py", line 25, in _add_console_line
    self.console_text.configure(state='normal')
  File "C:\Users\Davide\AppData\Local\Programs\Python\Python312\Lib\tkinter\__init__.py", line 1722, in configure
    return self._configure('configure', cnf, kw)
           ^^^^^^^^^^^^^^^^^^^^^^^^^^^^^^^^^^^^^
  File "C:\Users\Davide\AppData\Local\Programs\Python\Python312\Lib\tkinter\__init__.py", line 1712, in _configure
    self.tk.call(_flatten((self._w, cmd)) + self._options(cnf))
_tkinter.TclError: invalid command name ".!frame4.!frame.!text"
Discovery started...
Using proactor: IocpProactor
Listening on 127.0.0.1:8080
[DISCOVERY] 255.255.255.255 >> {'system': {'get_sysinfo': {}}}
Waiting 5 seconds for responses...
Using proactor: IocpProactor
Using SmartDevice for SMART.TAPOPLUG
Finding protocol for 192.168.100.112
Finding protocol for DeviceFamily.SmartTapoPlug
Finding transport for SMART.AES
Created AES transport for 192.168.100.112
[DISCOVERY] 192.168.100.112 << {'error_code': 0,
 'result': {'device_id': 'REDACTED_c913ec3cd97a6bec2fbb1ee',
            'device_model': 'P100',
            'device_type': 'SMART.TAPOPLUG',
            'factory_default': False,
            'ip': '192.168.100.112',
            'is_support_iot_cloud': True,
            'mac': '74-DA-88-00-00-00',
            'mgt_encrypt_schm': {'encrypt_type': 'AES',
                                 'http_port': 80,
                                 'is_support_https': False,
                                 'lv': 2},
            'owner': 'REDACTED_19347acd812465188388075'}}
Initializing 192.168.100.112 of type <class 'kasa.smart.smartdevice.SmartDevice'>
Discovery finished! Found: 1 device(s)
Discovered 1 devices
Using proactor: IocpProactor
[DISCOVERY] 192.168.100.112 >> {'system': {'get_sysinfo': {}}}
Waiting a total of 5 seconds for responses...
Using SmartDevice for SMART.TAPOPLUG
Finding protocol for 192.168.100.112
Finding protocol for DeviceFamily.SmartTapoPlug
Finding transport for SMART.AES
Created AES transport for 192.168.100.112
[DISCOVERY] 192.168.100.112 << {'error_code': 0,
 'result': {'device_id': 'REDACTED_c913ec3cd97a6bec2fbb1ee',
            'device_model': 'P100',
            'device_type': 'SMART.TAPOPLUG',
            'factory_default': False,
            'ip': '192.168.100.112',
            'is_support_iot_cloud': True,
            'mac': '74-DA-88-00-00-00',
            'mgt_encrypt_schm': {'encrypt_type': 'AES',
                                 'http_port': 80,
                                 'is_support_https': False,
                                 'lv': 2},
            'owner': 'REDACTED_19347acd812465188388075'}}
Initializing 192.168.100.112 of type <class 'kasa.smart.smartdevice.SmartDevice'>
192.168.100.112 multi-request-batch-1-of-1 >> '{"method":"multipleRequest","request_time_milis":1743685135775,"terminal_uuid":"ezjuzu0PnQig+Tp4j7ow8A==","params":{"requests":[{"method":"component_nego"},{"method":"get_device_info"},{"method":"get_connect_cloud_state"}]}}'
Will perform handshaking...
Posting to http://192.168.100.112/app
Generating keypair
Handshake request: {'method': 'handshake', 'params': {'key': '-----BEGIN PUBLIC KEY-----\nMIGfMA0GCSqGSIb3DQEBAQUAA4GNADCBiQKBgQDCvcUvgHqa8I27GUmTCY8igcbjdasRqd3Ab3istgNwrbw+t+ZV8HjHjh7rVCB+CrI9bR0JJAgMg/L28lkfX2G5eUnOnRjfb+sa2aHDHWeu+XZ25sdHAd8+9XKEzv2nmEjy6sZ+PIAHM5pwi9AExaP9Kwf9kvZnBrqBhABD0Uw7NQIDAQAB\n-----END PUBLIC KEY-----\n'}}
Device responded with: {'error_code': 0, 'result': {'key': 'ER/Se3W657GZTbh6iSBQYYwd6wFoZHD3b297XCNK6JEBHRAnWJUvQfytE+Qlgrt3A4YgEuLOzabWPKr9WXgN1jLYq7eYPTcS2C4n7Tvm8qpqKr8ZPGL4ITFG9uVP45v6jTM6yre/kGEYX1P06SDTIOx2EdgtWkniM/YBRUvlXl4='}}
Handshake with 192.168.100.112 complete
Posting to http://192.168.100.112/app
192.168.100.112: logged in with provided credentials
Posting to http://192.168.100.112/app?token=5BDD6AD17B116317E377E774A744A545
Device 192.168.100.112 received an os error, enabling sequential request delay: Server disconnected
Device 192.168.100.112 got a connection error, will retry 3 times: ('Device connection error: 192.168.100.112: Server disconnected', ServerDisconnectedError('Server disconnected'))
192.168.100.112 multi-request-batch-1-of-1 >> '{"method":"multipleRequest","request_time_milis":1743685135895,"terminal_uuid":"ezjuzu0PnQig+Tp4j7ow8A==","params":{"requests":[{"method":"component_nego"},{"method":"get_device_info"},{"method":"get_connect_cloud_state"}]}}'
Device 192.168.100.112 waiting 0.25 seconds to send request
Posting to http://192.168.100.112/app?token=5BDD6AD17B116317E377E774A744A545
192.168.100.112 multi-request-batch-1-of-1 << {'error_code': 0,
 'result': {'responses': [{'error_code': 0,
                           'method': 'component_nego',
                           'result': {'component_list': [{'id': 'device',
                                                          'ver_code': 2},
                                                         {'id': 'firmware',
                                                          'ver_code': 1},
                                                         {'id': 'quick_setup',
                                                          'ver_code': 3},
                                                         {'id': 'time',
                                                          'ver_code': 1},
                                                         {'id': 'wireless',
                                                          'ver_code': 1},
                                                         {'id': 'schedule',
                                                          'ver_code': 2},
                                                         {'id': 'countdown',
                                                          'ver_code': 2},
                                                         {'id': 'antitheft',
                                                          'ver_code': 1},
                                                         {'id': 'account',
                                                          'ver_code': 1},
                                                         {'id': 'synchronize',
                                                          'ver_code': 1},
                                                         {'id': 'sunrise_sunset',
                                                          'ver_code': 1},
                                                         {'id': 'led',
                                                          'ver_code': 1},
                                                         {'id': 'cloud_connect',
                                                          'ver_code': 1},
                                                         {'id': 'iot_cloud',
                                                          'ver_code': 1},
                                                         {'id': 'default_states',
                                                          'ver_code': 1}]}},
                          {'error_code': 0,
                           'method': 'get_device_info',
                           'result': {'avatar': 'plug',
                                      'default_states': {'state': {},
                                                         'type': 'last_states'},
                                      'device_id': 'REDACTED_DB80F24B353338FA05BB18C1C486215',
                                      'device_on': False,
                                      'fw_id': 'REDACTED_A25ABDE41405B20C6F98816',
                                      'fw_ver': '1.3.7 Build 20230711 Rel. '
                                                '61904',
                                      'has_set_location_info': True,
                                      'hw_id': 'REDACTED_5B29645B8150C392284029D',
                                      'hw_ver': '1.0.0',
                                      'ip': '192.168.100.112',
                                      'lang': 'it_IT',
                                      'latitude': 0,
                                      'location': '',
                                      'longitude': 0,
                                      'mac': '74-DA-88-00-00-00',
                                      'model': 'P100',
                                      'nickname': 'I01BU0tFRF9OQU1FIw==',
                                      'oem_id': 'REDACTED_06C60A9AEEA36A3347B6EBC',
                                      'on_time': 0,
                                      'overheated': False,
                                      'region': 'Europe/Rome',
                                      'rssi': -40,
                                      'signal_level': 3,
                                      'specs': 'EU',
                                      'ssid': 'I01BU0tFRF9TU0lEIw==',
                                      'time_diff': 60,
                                      'type': 'SMART.TAPOPLUG'}},
                          {'error_code': 0,
                           'method': 'get_connect_cloud_state',
                           'result': {'status': 0}}]}}
Device 192.168.100.112, found required cloud_connect, adding Cloud to modules.
Device 192.168.100.112, found required device, adding DeviceModule to modules.
Device 192.168.100.112, found required firmware, adding Firmware to modules.
Device 192.168.100.112, found required led, adding Led to modules.
Device 192.168.100.112, found required None, adding OverheatProtection to modules.
Device 192.168.100.112, found required time, adding Time to modules.
Querying 192.168.100.112 for modules: Time, Led
192.168.100.112 multi-request-batch-1-of-1 >> '{"method":"multipleRequest","request_time_milis":1743685136233,"terminal_uuid":"ezjuzu0PnQig+Tp4j7ow8A==","params":{"requests":[{"method":"get_device_time"},{"method":"get_led_info"}]}}'
Device 192.168.100.112 waiting 0.25 seconds to send request
Posting to http://192.168.100.112/app?token=5BDD6AD17B116317E377E774A744A545
192.168.100.112 multi-request-batch-1-of-1 << {'error_code': 0,
 'result': {'responses': [{'error_code': 0,
                           'method': 'get_device_time',
                           'result': {'region': 'Europe/Rome',
                                      'time_diff': 60,
                                      'timestamp': 1743685131}},
                          {'error_code': 0,
                           'method': 'get_led_info',
                           'result': {'led_rule': 'always',
                                      'led_status': False,
                                      'night_mode': {'end_time': 0,
                                                     'night_mode_type': 'unknown',
                                                     'start_time': 0,
                                                     'sunrise_offset': 0,
                                                     'sunset_offset': 0}}}]}}
Update completed 192.168.100.112: ['component_nego', 'get_device_info', 'get_connect_cloud_state', 'get_device_time', 'get_led_info']
result is: False
Switching status
Using proactor: IocpProactor
[DISCOVERY] 192.168.100.112 >> {'system': {'get_sysinfo': {}}}
Waiting a total of 5 seconds for responses...
Using SmartDevice for SMART.TAPOPLUG
Finding protocol for 192.168.100.112
Finding protocol for DeviceFamily.SmartTapoPlug
Finding transport for SMART.AES
Created AES transport for 192.168.100.112
[DISCOVERY] 192.168.100.112 << {'error_code': 0,
 'result': {'device_id': 'REDACTED_c913ec3cd97a6bec2fbb1ee',
            'device_model': 'P100',
            'device_type': 'SMART.TAPOPLUG',
            'factory_default': False,
            'ip': '192.168.100.112',
            'is_support_iot_cloud': True,
            'mac': '74-DA-88-00-00-00',
            'mgt_encrypt_schm': {'encrypt_type': 'AES',
                                 'http_port': 80,
                                 'is_support_https': False,
                                 'lv': 2},
            'owner': 'REDACTED_19347acd812465188388075'}}
Initializing 192.168.100.112 of type <class 'kasa.smart.smartdevice.SmartDevice'>
192.168.100.112 >> '{"method":"set_device_info","request_time_milis":1743685145151,"terminal_uuid":"La1AQYkZWJlD3tuliH8H8Q==","params":{"device_on":false}}'
Will perform handshaking...
Posting to http://192.168.100.112/app
Generating keypair
Handshake request: {'method': 'handshake', 'params': {'key': '-----BEGIN PUBLIC KEY-----\nMIGfMA0GCSqGSIb3DQEBAQUAA4GNADCBiQKBgQDSiHwGC6r3hGiKeCMzH3PtiG0rOmf4J6v8RlIOTjgeupEL/nAtZyB+sZQvGSywCa26Ct+ScTYHrWli6A3viAQkmrGS+0hVv0lQpA0Y/KPUvK/gMK6/+ZVY2pQt4fnlbliBOI1hgBY4bvUdOTb58oibkljACcgql0Eg/MlXu8eCUQIDAQAB\n-----END PUBLIC KEY-----\n'}}
Device responded with: {'error_code': 0, 'result': {'key': 'zELJFdUHNgeH2E7bS7I2kxgUJhHOTrZkWy+l1Y2OEBnZluxnfFgIP8hN748jA4XiBd+A/JHPR4Q06UCBtkpV90sHSaWuUGUAxNXtlCRQvKLhphWm2CxGgWlz2PCSpea9rO8ss3ffBcgBELZKAepG3oeSHudjQT41LDp/M2o7XtQ='}}
Handshake with 192.168.100.112 complete
Posting to http://192.168.100.112/app
192.168.100.112: logged in with provided credentials
Posting to http://192.168.100.112/app?token=B8C97DC52305C103EE6317608050F451
Device 192.168.100.112 received an os error, enabling sequential request delay: Server disconnected
Device 192.168.100.112 got a connection error, will retry 3 times: ('Device connection error: 192.168.100.112: Server disconnected', ServerDisconnectedError('Server disconnected'))
192.168.100.112 >> '{"method":"set_device_info","request_time_milis":1743685145283,"terminal_uuid":"La1AQYkZWJlD3tuliH8H8Q==","params":{"device_on":false}}'
Device 192.168.100.112 waiting 0.25 seconds to send request
Posting to http://192.168.100.112/app?token=B8C97DC52305C103EE6317608050F451
192.168.100.112 << {'error_code': 0}
192.168.100.112 multi-request-batch-1-of-1 >> '{"method":"multipleRequest","request_time_milis":1743685145605,"terminal_uuid":"La1AQYkZWJlD3tuliH8H8Q==","params":{"requests":[{"method":"component_nego"},{"method":"get_device_info"},{"method":"get_connect_cloud_state"}]}}'
Device 192.168.100.112 waiting 0.25 seconds to send request
Posting to http://192.168.100.112/app?token=B8C97DC52305C103EE6317608050F451
192.168.100.112 multi-request-batch-1-of-1 << {'error_code': 0,
 'result': {'responses': [{'error_code': 0,
                           'method': 'component_nego',
                           'result': {'component_list': [{'id': 'device',
                                                          'ver_code': 2},
                                                         {'id': 'firmware',
                                                          'ver_code': 1},
                                                         {'id': 'quick_setup',
                                                          'ver_code': 3},
                                                         {'id': 'time',
                                                          'ver_code': 1},
                                                         {'id': 'wireless',
                                                          'ver_code': 1},
                                                         {'id': 'schedule',
                                                          'ver_code': 2},
                                                         {'id': 'countdown',
                                                          'ver_code': 2},
                                                         {'id': 'antitheft',
                                                          'ver_code': 1},
                                                         {'id': 'account',
                                                          'ver_code': 1},
                                                         {'id': 'synchronize',
                                                          'ver_code': 1},
                                                         {'id': 'sunrise_sunset',
                                                          'ver_code': 1},
                                                         {'id': 'led',
                                                          'ver_code': 1},
                                                         {'id': 'cloud_connect',
                                                          'ver_code': 1},
                                                         {'id': 'iot_cloud',
                                                          'ver_code': 1},
                                                         {'id': 'default_states',
                                                          'ver_code': 1}]}},
                          {'error_code': 0,
                           'method': 'get_device_info',
                           'result': {'avatar': 'plug',
                                      'default_states': {'state': {},
                                                         'type': 'last_states'},
                                      'device_id': 'REDACTED_DB80F24B353338FA05BB18C1C486215',
                                      'device_on': False,
                                      'fw_id': 'REDACTED_A25ABDE41405B20C6F98816',
                                      'fw_ver': '1.3.7 Build 20230711 Rel. '
                                                '61904',
                                      'has_set_location_info': True,
                                      'hw_id': 'REDACTED_5B29645B8150C392284029D',
                                      'hw_ver': '1.0.0',
                                      'ip': '192.168.100.112',
                                      'lang': 'it_IT',
                                      'latitude': 0,
                                      'location': '',
                                      'longitude': 0,
                                      'mac': '74-DA-88-00-00-00',
                                      'model': 'P100',
                                      'nickname': 'I01BU0tFRF9OQU1FIw==',
                                      'oem_id': 'REDACTED_06C60A9AEEA36A3347B6EBC',
                                      'on_time': 0,
                                      'overheated': False,
                                      'region': 'Europe/Rome',
                                      'rssi': -40,
                                      'signal_level': 3,
                                      'specs': 'EU',
                                      'ssid': 'I01BU0tFRF9TU0lEIw==',
                                      'time_diff': 60,
                                      'type': 'SMART.TAPOPLUG'}},
                          {'error_code': 0,
                           'method': 'get_connect_cloud_state',
                           'result': {'status': 0}}]}}
Device 192.168.100.112, found required cloud_connect, adding Cloud to modules.
Device 192.168.100.112, found required device, adding DeviceModule to modules.
Device 192.168.100.112, found required firmware, adding Firmware to modules.
Device 192.168.100.112, found required led, adding Led to modules.
Device 192.168.100.112, found required None, adding OverheatProtection to modules.
Device 192.168.100.112, found required time, adding Time to modules.
Querying 192.168.100.112 for modules: Time, Led
192.168.100.112 multi-request-batch-1-of-1 >> '{"method":"multipleRequest","request_time_milis":1743685145960,"terminal_uuid":"La1AQYkZWJlD3tuliH8H8Q==","params":{"requests":[{"method":"get_device_time"},{"method":"get_led_info"}]}}'
Device 192.168.100.112 waiting 0.25 seconds to send request
Posting to http://192.168.100.112/app?token=B8C97DC52305C103EE6317608050F451
192.168.100.112 multi-request-batch-1-of-1 << {'error_code': 0,
 'result': {'responses': [{'error_code': 0,
                           'method': 'get_device_time',
                           'result': {'region': 'Europe/Rome',
                                      'time_diff': 60,
                                      'timestamp': 1743685141}},
                          {'error_code': 0,
                           'method': 'get_led_info',
                           'result': {'led_rule': 'always',
                                      'led_status': False,
                                      'night_mode': {'end_time': 0,
                                                     'night_mode_type': 'unknown',
                                                     'start_time': 0,
                                                     'sunrise_offset': 0,
                                                     'sunset_offset': 0}}}]}}
Update completed 192.168.100.112: ['component_nego', 'get_device_info', 'get_connect_cloud_state', 'get_device_time', 'get_led_info']
Unclosed client session
client_session: <aiohttp.client.ClientSession object at 0x000001E34145AEA0>
Exception in default exception handler
Traceback (most recent call last):
  File "C:\Users\Davide\AppData\Local\Programs\Python\Python312\Lib\asyncio\base_events.py", line 1847, in call_exception_handler
    self.default_exception_handler(context)
  File "C:\Users\Davide\AppData\Local\Programs\Python\Python312\Lib\asyncio\base_events.py", line 1821, in default_exception_handler
    logger.error('\n'.join(log_lines), exc_info=exc_info)
  File "C:\Users\Davide\AppData\Local\Programs\Python\Python312\Lib\logging\__init__.py", line 1568, in error
    self._log(ERROR, msg, args, **kwargs)
  File "C:\Users\Davide\AppData\Local\Programs\Python\Python312\Lib\logging\__init__.py", line 1684, in _log
    self.handle(record)
  File "C:\Users\Davide\AppData\Local\Programs\Python\Python312\Lib\logging\__init__.py", line 1700, in handle
    self.callHandlers(record)
  File "C:\Users\Davide\AppData\Local\Programs\Python\Python312\Lib\logging\__init__.py", line 1762, in callHandlers
    hdlr.handle(record)
  File "C:\Users\Davide\Desktop\ServerSmartPlug\log_manager.py", line 16, in handle
    listener(record)
  File "C:\Users\Davide\Desktop\ServerSmartPlug\gui\windows.py", line 25, in _add_console_line
    self.console_text.configure(state='normal')
  File "C:\Users\Davide\AppData\Local\Programs\Python\Python312\Lib\tkinter\__init__.py", line 1722, in configure
    return self._configure('configure', cnf, kw)
           ^^^^^^^^^^^^^^^^^^^^^^^^^^^^^^^^^^^^^
  File "C:\Users\Davide\AppData\Local\Programs\Python\Python312\Lib\tkinter\__init__.py", line 1712, in _configure
    self.tk.call(_flatten((self._w, cmd)) + self._options(cnf))
_tkinter.TclError: invalid command name ".!frame4.!frame.!text"
Unclosed connector
connections: ['deque([(<aiohttp.client_proto.ResponseHandler object at 0x000001E342CD3950>, 858692.281)])']
connector: <aiohttp.connector.TCPConnector object at 0x000001E342C5BF20>
Exception in default exception handler
Traceback (most recent call last):
  File "C:\Users\Davide\AppData\Local\Programs\Python\Python312\Lib\asyncio\base_events.py", line 1847, in call_exception_handler
    self.default_exception_handler(context)
  File "C:\Users\Davide\AppData\Local\Programs\Python\Python312\Lib\asyncio\base_events.py", line 1821, in default_exception_handler
    logger.error('\n'.join(log_lines), exc_info=exc_info)
  File "C:\Users\Davide\AppData\Local\Programs\Python\Python312\Lib\logging\__init__.py", line 1568, in error
    self._log(ERROR, msg, args, **kwargs)
  File "C:\Users\Davide\AppData\Local\Programs\Python\Python312\Lib\logging\__init__.py", line 1684, in _log
    self.handle(record)
  File "C:\Users\Davide\AppData\Local\Programs\Python\Python312\Lib\logging\__init__.py", line 1700, in handle
    self.callHandlers(record)
  File "C:\Users\Davide\AppData\Local\Programs\Python\Python312\Lib\logging\__init__.py", line 1762, in callHandlers
    hdlr.handle(record)
  File "C:\Users\Davide\Desktop\ServerSmartPlug\log_manager.py", line 16, in handle
    listener(record)
  File "C:\Users\Davide\Desktop\ServerSmartPlug\gui\windows.py", line 25, in _add_console_line
    self.console_text.configure(state='normal')
  File "C:\Users\Davide\AppData\Local\Programs\Python\Python312\Lib\tkinter\__init__.py", line 1722, in configure
    return self._configure('configure', cnf, kw)
           ^^^^^^^^^^^^^^^^^^^^^^^^^^^^^^^^^^^^^
  File "C:\Users\Davide\AppData\Local\Programs\Python\Python312\Lib\tkinter\__init__.py", line 1712, in _configure
    self.tk.call(_flatten((self._w, cmd)) + self._options(cnf))
_tkinter.TclError: invalid command name ".!frame4.!frame.!text"
Unclosed client session
client_session: <aiohttp.client.ClientSession object at 0x000001E342D1F860>
Exception in default exception handler
Traceback (most recent call last):
  File "C:\Users\Davide\AppData\Local\Programs\Python\Python312\Lib\asyncio\base_events.py", line 1847, in call_exception_handler
    self.default_exception_handler(context)
  File "C:\Users\Davide\AppData\Local\Programs\Python\Python312\Lib\asyncio\base_events.py", line 1821, in default_exception_handler
    logger.error('\n'.join(log_lines), exc_info=exc_info)
  File "C:\Users\Davide\AppData\Local\Programs\Python\Python312\Lib\logging\__init__.py", line 1568, in error
    self._log(ERROR, msg, args, **kwargs)
  File "C:\Users\Davide\AppData\Local\Programs\Python\Python312\Lib\logging\__init__.py", line 1684, in _log
    self.handle(record)
  File "C:\Users\Davide\AppData\Local\Programs\Python\Python312\Lib\logging\__init__.py", line 1700, in handle
    self.callHandlers(record)
  File "C:\Users\Davide\AppData\Local\Programs\Python\Python312\Lib\logging\__init__.py", line 1762, in callHandlers
    hdlr.handle(record)
  File "C:\Users\Davide\Desktop\ServerSmartPlug\log_manager.py", line 16, in handle
    listener(record)
  File "C:\Users\Davide\Desktop\ServerSmartPlug\gui\windows.py", line 25, in _add_console_line
    self.console_text.configure(state='normal')
  File "C:\Users\Davide\AppData\Local\Programs\Python\Python312\Lib\tkinter\__init__.py", line 1722, in configure
    return self._configure('configure', cnf, kw)
           ^^^^^^^^^^^^^^^^^^^^^^^^^^^^^^^^^^^^^
  File "C:\Users\Davide\AppData\Local\Programs\Python\Python312\Lib\tkinter\__init__.py", line 1712, in _configure
    self.tk.call(_flatten((self._w, cmd)) + self._options(cnf))
_tkinter.TclError: invalid command name ".!frame4.!frame.!text"
Unclosed connector
connections: ['deque([(<aiohttp.client_proto.ResponseHandler object at 0x000001E342CD3E30>, 858702.015)])']
connector: <aiohttp.connector.TCPConnector object at 0x000001E342D1F890>
Exception in default exception handler
Traceback (most recent call last):
  File "C:\Users\Davide\AppData\Local\Programs\Python\Python312\Lib\asyncio\base_events.py", line 1847, in call_exception_handler
    self.default_exception_handler(context)
  File "C:\Users\Davide\AppData\Local\Programs\Python\Python312\Lib\asyncio\base_events.py", line 1821, in default_exception_handler
    logger.error('\n'.join(log_lines), exc_info=exc_info)
  File "C:\Users\Davide\AppData\Local\Programs\Python\Python312\Lib\logging\__init__.py", line 1568, in error
    self._log(ERROR, msg, args, **kwargs)
  File "C:\Users\Davide\AppData\Local\Programs\Python\Python312\Lib\logging\__init__.py", line 1684, in _log
    self.handle(record)
  File "C:\Users\Davide\AppData\Local\Programs\Python\Python312\Lib\logging\__init__.py", line 1700, in handle
    self.callHandlers(record)
  File "C:\Users\Davide\AppData\Local\Programs\Python\Python312\Lib\logging\__init__.py", line 1762, in callHandlers
    hdlr.handle(record)
  File "C:\Users\Davide\Desktop\ServerSmartPlug\log_manager.py", line 16, in handle
    listener(record)
  File "C:\Users\Davide\Desktop\ServerSmartPlug\gui\windows.py", line 25, in _add_console_line
    self.console_text.configure(state='normal')
  File "C:\Users\Davide\AppData\Local\Programs\Python\Python312\Lib\tkinter\__init__.py", line 1722, in configure
    return self._configure('configure', cnf, kw)
           ^^^^^^^^^^^^^^^^^^^^^^^^^^^^^^^^^^^^^
  File "C:\Users\Davide\AppData\Local\Programs\Python\Python312\Lib\tkinter\__init__.py", line 1712, in _configure
    self.tk.call(_flatten((self._w, cmd)) + self._options(cnf))
_tkinter.TclError: invalid command name ".!frame4.!frame.!text"
Discovery started...
Using proactor: IocpProactor
Listening on 127.0.0.1:8080
[DISCOVERY] 255.255.255.255 >> {'system': {'get_sysinfo': {}}}
Waiting 5 seconds for responses...
Using SmartDevice for SMART.TAPOPLUG
Finding protocol for 192.168.100.112
Finding protocol for DeviceFamily.SmartTapoPlug
Finding transport for SMART.AES
Created AES transport for 192.168.100.112
[DISCOVERY] 192.168.100.112 << {'error_code': 0,
 'result': {'device_id': 'REDACTED_c913ec3cd97a6bec2fbb1ee',
            'device_model': 'P100',
            'device_type': 'SMART.TAPOPLUG',
            'factory_default': False,
            'ip': '192.168.100.112',
            'is_support_iot_cloud': True,
            'mac': '74-DA-88-00-00-00',
            'mgt_encrypt_schm': {'encrypt_type': 'AES',
                                 'http_port': 80,
                                 'is_support_https': False,
                                 'lv': 2},
            'owner': 'REDACTED_19347acd812465188388075'}}
Initializing 192.168.100.112 of type <class 'kasa.smart.smartdevice.SmartDevice'>
Using proactor: IocpProactor
Discovery finished! Found: 1 device(s)
Discovered 1 devices
Using proactor: IocpProactor
[DISCOVERY] 192.168.100.112 >> {'system': {'get_sysinfo': {}}}
Waiting a total of 5 seconds for responses...
Using SmartDevice for SMART.TAPOPLUG
Finding protocol for 192.168.100.112
Finding protocol for DeviceFamily.SmartTapoPlug
Finding transport for SMART.AES
Created AES transport for 192.168.100.112
[DISCOVERY] 192.168.100.112 << {'error_code': 0,
 'result': {'device_id': 'REDACTED_c913ec3cd97a6bec2fbb1ee',
            'device_model': 'P100',
            'device_type': 'SMART.TAPOPLUG',
            'factory_default': False,
            'ip': '192.168.100.112',
            'is_support_iot_cloud': True,
            'mac': '74-DA-88-00-00-00',
            'mgt_encrypt_schm': {'encrypt_type': 'AES',
                                 'http_port': 80,
                                 'is_support_https': False,
                                 'lv': 2},
            'owner': 'REDACTED_19347acd812465188388075'}}
Initializing 192.168.100.112 of type <class 'kasa.smart.smartdevice.SmartDevice'>
192.168.100.112 multi-request-batch-1-of-1 >> '{"method":"multipleRequest","request_time_milis":1743685190889,"terminal_uuid":"5E2woyHm+wW3LESXhidE+w==","params":{"requests":[{"method":"component_nego"},{"method":"get_device_info"},{"method":"get_connect_cloud_state"}]}}'
Will perform handshaking...
Posting to http://192.168.100.112/app
Generating keypair
Handshake request: {'method': 'handshake', 'params': {'key': '-----BEGIN PUBLIC KEY-----\nMIGfMA0GCSqGSIb3DQEBAQUAA4GNADCBiQKBgQDX5eoPMQgKDP2yiiSoyvbGj4AJTy0ADzOWKtV8gmJV1HRma46785bjMthhuc9IRMf1jOnoRdIvg8s0UN3cXKR8KyyOHQKM37jLLvPEiqLkGhy5Reurz/NIj/W3N4aXjEVrjjQr69jySVYZyAF3KSXd/Z+oi22HEY5xqmP25mqRKwIDAQAB\n-----END PUBLIC KEY-----\n'}}
Device responded with: {'error_code': 0, 'result': {'key': 'h6zZjYyVZp3vGd+FgkqlcdkY1dpxJ9B+8JGwi3zUmQb1YA2AJF5m7j5azPqe0V1EElaRRgIIZe1CYhLGfm9SV++CtTWlyBWsP333Ug7+upaG8zpDRHJr5EcPX32eGrnOPY118Qx6KZSrFw+lAsEl7xsjW9Eja1ypT9AxeTL+Pf8='}}
Handshake with 192.168.100.112 complete
Posting to http://192.168.100.112/app
192.168.100.112: logged in with provided credentials
Posting to http://192.168.100.112/app?token=14D2D8D416B4F8B71F8760869B962496
Device 192.168.100.112 received an os error, enabling sequential request delay: Server disconnected
Device 192.168.100.112 got a connection error, will retry 3 times: ('Device connection error: 192.168.100.112: Server disconnected', ServerDisconnectedError('Server disconnected'))
192.168.100.112 multi-request-batch-1-of-1 >> '{"method":"multipleRequest","request_time_milis":1743685191057,"terminal_uuid":"5E2woyHm+wW3LESXhidE+w==","params":{"requests":[{"method":"component_nego"},{"method":"get_device_info"},{"method":"get_connect_cloud_state"}]}}'
Device 192.168.100.112 waiting 0.25 seconds to send request
Posting to http://192.168.100.112/app?token=14D2D8D416B4F8B71F8760869B962496
192.168.100.112 multi-request-batch-1-of-1 << {'error_code': 0,
 'result': {'responses': [{'error_code': 0,
                           'method': 'component_nego',
                           'result': {'component_list': [{'id': 'device',
                                                          'ver_code': 2},
                                                         {'id': 'firmware',
                                                          'ver_code': 1},
                                                         {'id': 'quick_setup',
                                                          'ver_code': 3},
                                                         {'id': 'time',
                                                          'ver_code': 1},
                                                         {'id': 'wireless',
                                                          'ver_code': 1},
                                                         {'id': 'schedule',
                                                          'ver_code': 2},
                                                         {'id': 'countdown',
                                                          'ver_code': 2},
                                                         {'id': 'antitheft',
                                                          'ver_code': 1},
                                                         {'id': 'account',
                                                          'ver_code': 1},
                                                         {'id': 'synchronize',
                                                          'ver_code': 1},
                                                         {'id': 'sunrise_sunset',
                                                          'ver_code': 1},
                                                         {'id': 'led',
                                                          'ver_code': 1},
                                                         {'id': 'cloud_connect',
                                                          'ver_code': 1},
                                                         {'id': 'iot_cloud',
                                                          'ver_code': 1},
                                                         {'id': 'default_states',
                                                          'ver_code': 1}]}},
                          {'error_code': 0,
                           'method': 'get_device_info',
                           'result': {'avatar': 'plug',
                                      'default_states': {'state': {},
                                                         'type': 'last_states'},
                                      'device_id': 'REDACTED_DB80F24B353338FA05BB18C1C486215',
                                      'device_on': False,
                                      'fw_id': 'REDACTED_A25ABDE41405B20C6F98816',
                                      'fw_ver': '1.3.7 Build 20230711 Rel. '
                                                '61904',
                                      'has_set_location_info': True,
                                      'hw_id': 'REDACTED_5B29645B8150C392284029D',
                                      'hw_ver': '1.0.0',
                                      'ip': '192.168.100.112',
                                      'lang': 'it_IT',
                                      'latitude': 0,
                                      'location': '',
                                      'longitude': 0,
                                      'mac': '74-DA-88-00-00-00',
                                      'model': 'P100',
                                      'nickname': 'I01BU0tFRF9OQU1FIw==',
                                      'oem_id': 'REDACTED_06C60A9AEEA36A3347B6EBC',
                                      'on_time': 0,
                                      'overheated': False,
                                      'region': 'Europe/Rome',
                                      'rssi': -40,
                                      'signal_level': 3,
                                      'specs': 'EU',
                                      'ssid': 'I01BU0tFRF9TU0lEIw==',
                                      'time_diff': 60,
                                      'type': 'SMART.TAPOPLUG'}},
                          {'error_code': 0,
                           'method': 'get_connect_cloud_state',
                           'result': {'status': 0}}]}}
Device 192.168.100.112, found required cloud_connect, adding Cloud to modules.
Device 192.168.100.112, found required device, adding DeviceModule to modules.
Device 192.168.100.112, found required firmware, adding Firmware to modules.
Device 192.168.100.112, found required led, adding Led to modules.
Device 192.168.100.112, found required None, adding OverheatProtection to modules.
Device 192.168.100.112, found required time, adding Time to modules.
Querying 192.168.100.112 for modules: Time, Led
192.168.100.112 multi-request-batch-1-of-1 >> '{"method":"multipleRequest","request_time_milis":1743685191407,"terminal_uuid":"5E2woyHm+wW3LESXhidE+w==","params":{"requests":[{"method":"get_device_time"},{"method":"get_led_info"}]}}'
Device 192.168.100.112 waiting 0.23400000005494803 seconds to send request
Posting to http://192.168.100.112/app?token=14D2D8D416B4F8B71F8760869B962496
192.168.100.112 multi-request-batch-1-of-1 << {'error_code': 0,
 'result': {'responses': [{'error_code': 0,
                           'method': 'get_device_time',
                           'result': {'region': 'Europe/Rome',
                                      'time_diff': 60,
                                      'timestamp': 1743685186}},
                          {'error_code': 0,
                           'method': 'get_led_info',
                           'result': {'led_rule': 'always',
                                      'led_status': False,
                                      'night_mode': {'end_time': 0,
                                                     'night_mode_type': 'unknown',
                                                     'start_time': 0,
                                                     'sunrise_offset': 0,
                                                     'sunset_offset': 0}}}]}}
Update completed 192.168.100.112: ['component_nego', 'get_device_info', 'get_connect_cloud_state', 'get_device_time', 'get_led_info']
Switching status
Using proactor: IocpProactor
[DISCOVERY] 192.168.100.112 >> {'system': {'get_sysinfo': {}}}
Waiting a total of 5 seconds for responses...
Using SmartDevice for SMART.TAPOPLUG
Finding protocol for 192.168.100.112
Finding protocol for DeviceFamily.SmartTapoPlug
Finding transport for SMART.AES
Created AES transport for 192.168.100.112
[DISCOVERY] 192.168.100.112 << {'error_code': 0,
 'result': {'device_id': 'REDACTED_c913ec3cd97a6bec2fbb1ee',
            'device_model': 'P100',
            'device_type': 'SMART.TAPOPLUG',
            'factory_default': False,
            'ip': '192.168.100.112',
            'is_support_iot_cloud': True,
            'mac': '74-DA-88-00-00-00',
            'mgt_encrypt_schm': {'encrypt_type': 'AES',
                                 'http_port': 80,
                                 'is_support_https': False,
                                 'lv': 2},
            'owner': 'REDACTED_19347acd812465188388075'}}
Initializing 192.168.100.112 of type <class 'kasa.smart.smartdevice.SmartDevice'>
192.168.100.112 >> '{"method":"set_device_info","request_time_milis":1743685195194,"terminal_uuid":"pVDInG5bsSyQNdKni8Ra0g==","params":{"device_on":false}}'
Will perform handshaking...
Posting to http://192.168.100.112/app
Generating keypair
Handshake request: {'method': 'handshake', 'params': {'key': '-----BEGIN PUBLIC KEY-----\nMIGfMA0GCSqGSIb3DQEBAQUAA4GNADCBiQKBgQCuiIVCwqueuyUMem/jasecB8GFPTZxy843aCmaR33zFZdGkm+ealLxgxGIeuaVHt/fqtmx2fOJMOMdJRX7ljebn5Ry/ZHREcnrdJCUK1pxLgFVAlKzR76iCAavue+sMYAxb7eHqEAqE2MF3hTSZYAzepJFlR3VSnJElGvXfswW7QIDAQAB\n-----END PUBLIC KEY-----\n'}}
Device responded with: {'error_code': 0, 'result': {'key': 'f5CXkPXiSObqVtjFYqF7YmH1uAtrKLn9nyOLNe3o0YsfVfyQb1z8ko2EdcC8I4hccNYcVW5htz9e/ac9zYeu/fQC2Hj2IM366rEBVDeCFK1ZEyY31M7EcT7vODWsoByPkmErWBu/BqalJprgxss/qd8W7ZfS7tklkANBXL90Mtw='}}
Handshake with 192.168.100.112 complete
Posting to http://192.168.100.112/app
192.168.100.112: logged in with provided credentials
Posting to http://192.168.100.112/app?token=E1BD0FB1E87197776C17D3142E24F925
Device 192.168.100.112 received an os error, enabling sequential request delay: Server disconnected
Device 192.168.100.112 got a connection error, will retry 3 times: ('Device connection error: 192.168.100.112: Server disconnected', ServerDisconnectedError('Server disconnected'))
192.168.100.112 >> '{"method":"set_device_info","request_time_milis":1743685195336,"terminal_uuid":"pVDInG5bsSyQNdKni8Ra0g==","params":{"device_on":false}}'
Device 192.168.100.112 waiting 0.25 seconds to send request
Posting to http://192.168.100.112/app?token=E1BD0FB1E87197776C17D3142E24F925
192.168.100.112 << {'error_code': 0}
192.168.100.112 multi-request-batch-1-of-1 >> '{"method":"multipleRequest","request_time_milis":1743685195671,"terminal_uuid":"pVDInG5bsSyQNdKni8Ra0g==","params":{"requests":[{"method":"component_nego"},{"method":"get_device_info"},{"method":"get_connect_cloud_state"}]}}'
Device 192.168.100.112 waiting 0.23499999998603016 seconds to send request
Posting to http://192.168.100.112/app?token=E1BD0FB1E87197776C17D3142E24F925
192.168.100.112 multi-request-batch-1-of-1 << {'error_code': 0,
 'result': {'responses': [{'error_code': 0,
                           'method': 'component_nego',
                           'result': {'component_list': [{'id': 'device',
                                                          'ver_code': 2},
                                                         {'id': 'firmware',
                                                          'ver_code': 1},
                                                         {'id': 'quick_setup',
                                                          'ver_code': 3},
                                                         {'id': 'time',
                                                          'ver_code': 1},
                                                         {'id': 'wireless',
                                                          'ver_code': 1},
                                                         {'id': 'schedule',
                                                          'ver_code': 2},
                                                         {'id': 'countdown',
                                                          'ver_code': 2},
                                                         {'id': 'antitheft',
                                                          'ver_code': 1},
                                                         {'id': 'account',
                                                          'ver_code': 1},
                                                         {'id': 'synchronize',
                                                          'ver_code': 1},
                                                         {'id': 'sunrise_sunset',
                                                          'ver_code': 1},
                                                         {'id': 'led',
                                                          'ver_code': 1},
                                                         {'id': 'cloud_connect',
                                                          'ver_code': 1},
                                                         {'id': 'iot_cloud',
                                                          'ver_code': 1},
                                                         {'id': 'default_states',
                                                          'ver_code': 1}]}},
                          {'error_code': 0,
                           'method': 'get_device_info',
                           'result': {'avatar': 'plug',
                                      'default_states': {'state': {},
                                                         'type': 'last_states'},
                                      'device_id': 'REDACTED_DB80F24B353338FA05BB18C1C486215',
                                      'device_on': False,
                                      'fw_id': 'REDACTED_A25ABDE41405B20C6F98816',
                                      'fw_ver': '1.3.7 Build 20230711 Rel. '
                                                '61904',
                                      'has_set_location_info': True,
                                      'hw_id': 'REDACTED_5B29645B8150C392284029D',
                                      'hw_ver': '1.0.0',
                                      'ip': '192.168.100.112',
                                      'lang': 'it_IT',
                                      'latitude': 0,
                                      'location': '',
                                      'longitude': 0,
                                      'mac': '74-DA-88-00-00-00',
                                      'model': 'P100',
                                      'nickname': 'I01BU0tFRF9OQU1FIw==',
                                      'oem_id': 'REDACTED_06C60A9AEEA36A3347B6EBC',
                                      'on_time': 0,
                                      'overheated': False,
                                      'region': 'Europe/Rome',
                                      'rssi': -40,
                                      'signal_level': 3,
                                      'specs': 'EU',
                                      'ssid': 'I01BU0tFRF9TU0lEIw==',
                                      'time_diff': 60,
                                      'type': 'SMART.TAPOPLUG'}},
                          {'error_code': 0,
                           'method': 'get_connect_cloud_state',
                           'result': {'status': 0}}]}}
Device 192.168.100.112, found required cloud_connect, adding Cloud to modules.
Device 192.168.100.112, found required device, adding DeviceModule to modules.
Device 192.168.100.112, found required firmware, adding Firmware to modules.
Device 192.168.100.112, found required led, adding Led to modules.
Device 192.168.100.112, found required None, adding OverheatProtection to modules.
Device 192.168.100.112, found required time, adding Time to modules.
Querying 192.168.100.112 for modules: Time, Led
192.168.100.112 multi-request-batch-1-of-1 >> '{"method":"multipleRequest","request_time_milis":1743685195981,"terminal_uuid":"pVDInG5bsSyQNdKni8Ra0g==","params":{"requests":[{"method":"get_device_time"},{"method":"get_led_info"}]}}'
Device 192.168.100.112 waiting 0.25 seconds to send request
Posting to http://192.168.100.112/app?token=E1BD0FB1E87197776C17D3142E24F925
192.168.100.112 multi-request-batch-1-of-1 << {'error_code': 0,
 'result': {'responses': [{'error_code': 0,
                           'method': 'get_device_time',
                           'result': {'region': 'Europe/Rome',
                                      'time_diff': 60,
                                      'timestamp': 1743685191}},
                          {'error_code': 0,
                           'method': 'get_led_info',
                           'result': {'led_rule': 'always',
                                      'led_status': False,
                                      'night_mode': {'end_time': 0,
                                                     'night_mode_type': 'unknown',
                                                     'start_time': 0,
                                                     'sunrise_offset': 0,
                                                     'sunset_offset': 0}}}]}}
Update completed 192.168.100.112: ['component_nego', 'get_device_info', 'get_connect_cloud_state', 'get_device_time', 'get_led_info']
Switching status
Using proactor: IocpProactor
[DISCOVERY] 192.168.100.112 >> {'system': {'get_sysinfo': {}}}
Waiting a total of 5 seconds for responses...
Using SmartDevice for SMART.TAPOPLUG
Finding protocol for 192.168.100.112
Finding protocol for DeviceFamily.SmartTapoPlug
Finding transport for SMART.AES
Created AES transport for 192.168.100.112
[DISCOVERY] 192.168.100.112 << {'error_code': 0,
 'result': {'device_id': 'REDACTED_c913ec3cd97a6bec2fbb1ee',
            'device_model': 'P100',
            'device_type': 'SMART.TAPOPLUG',
            'factory_default': False,
            'ip': '192.168.100.112',
            'is_support_iot_cloud': True,
            'mac': '74-DA-88-00-00-00',
            'mgt_encrypt_schm': {'encrypt_type': 'AES',
                                 'http_port': 80,
                                 'is_support_https': False,
                                 'lv': 2},
            'owner': 'REDACTED_19347acd812465188388075'}}
Initializing 192.168.100.112 of type <class 'kasa.smart.smartdevice.SmartDevice'>
192.168.100.112 >> '{"method":"set_device_info","request_time_milis":1743685212721,"terminal_uuid":"rB3Go/3n5Lf96fJrPUAf/w==","params":{"device_on":false}}'
Will perform handshaking...
Posting to http://192.168.100.112/app
Unclosed client session
client_session: <aiohttp.client.ClientSession object at 0x00000180C321D8E0>
Unclosed connector
connections: ['deque([(<aiohttp.client_proto.ResponseHandler object at 0x00000180C31DBE90>, 858752.015)])']
connector: <aiohttp.connector.TCPConnector object at 0x00000180C321F830>
Generating keypair
Handshake request: {'method': 'handshake', 'params': {'key': '-----BEGIN PUBLIC KEY-----\nMIGfMA0GCSqGSIb3DQEBAQUAA4GNADCBiQKBgQC7LNn0ryiMK5ykrPTi0NE7E+o0Xf1O1gfhX5McfOhgwLxUGqWVtJIlNJGiByT30KI8HSCq45i5ME7/6zcL+FayjJy8G2lJiO48bues9xYw7g09uXriW3VO5KKaS5aXWJ423Ju7McNhq7neOOu2GkGi1TYK3zb3PwavfZrTfy+ARQIDAQAB\n-----END PUBLIC KEY-----\n'}}
Device responded with: {'error_code': 0, 'result': {'key': 'm1/9PRju9w0cSUczEIT2SHm/EXKyWNsT3d+tALgG9XwByIAWRqxfKfAB6GcBC1JVcAu+zYFVyrgJHn0zm/W3YWVfoiBRP27i9JvbgdkOu90zNcxq8+OZJ0BbEfVR5yeUq/DzXVT6qI9W3KX/9E8Gy65bZEykCz2w1c11nk8/aCk='}}
Handshake with 192.168.100.112 complete
Posting to http://192.168.100.112/app
192.168.100.112: logged in with provided credentials
Posting to http://192.168.100.112/app?token=B4CE75C26B0283040C64F06737574156
Device 192.168.100.112 received an os error, enabling sequential request delay: Server disconnected
Device 192.168.100.112 got a connection error, will retry 3 times: ('Device connection error: 192.168.100.112: Server disconnected', ServerDisconnectedError('Server disconnected'))
192.168.100.112 >> '{"method":"set_device_info","request_time_milis":1743685212844,"terminal_uuid":"rB3Go/3n5Lf96fJrPUAf/w==","params":{"device_on":false}}'
Device 192.168.100.112 waiting 0.25 seconds to send request
Posting to http://192.168.100.112/app?token=B4CE75C26B0283040C64F06737574156
192.168.100.112 << {'error_code': 0}
192.168.100.112 multi-request-batch-1-of-1 >> '{"method":"multipleRequest","request_time_milis":1743685213151,"terminal_uuid":"rB3Go/3n5Lf96fJrPUAf/w==","params":{"requests":[{"method":"component_nego"},{"method":"get_device_info"},{"method":"get_connect_cloud_state"}]}}'
Device 192.168.100.112 waiting 0.25 seconds to send request
Posting to http://192.168.100.112/app?token=B4CE75C26B0283040C64F06737574156
192.168.100.112 multi-request-batch-1-of-1 << {'error_code': 0,
 'result': {'responses': [{'error_code': 0,
                           'method': 'component_nego',
                           'result': {'component_list': [{'id': 'device',
                                                          'ver_code': 2},
                                                         {'id': 'firmware',
                                                          'ver_code': 1},
                                                         {'id': 'quick_setup',
                                                          'ver_code': 3},
                                                         {'id': 'time',
                                                          'ver_code': 1},
                                                         {'id': 'wireless',
                                                          'ver_code': 1},
                                                         {'id': 'schedule',
                                                          'ver_code': 2},
                                                         {'id': 'countdown',
                                                          'ver_code': 2},
                                                         {'id': 'antitheft',
                                                          'ver_code': 1},
                                                         {'id': 'account',
                                                          'ver_code': 1},
                                                         {'id': 'synchronize',
                                                          'ver_code': 1},
                                                         {'id': 'sunrise_sunset',
                                                          'ver_code': 1},
                                                         {'id': 'led',
                                                          'ver_code': 1},
                                                         {'id': 'cloud_connect',
                                                          'ver_code': 1},
                                                         {'id': 'iot_cloud',
                                                          'ver_code': 1},
                                                         {'id': 'default_states',
                                                          'ver_code': 1}]}},
                          {'error_code': 0,
                           'method': 'get_device_info',
                           'result': {'avatar': 'plug',
                                      'default_states': {'state': {},
                                                         'type': 'last_states'},
                                      'device_id': 'REDACTED_DB80F24B353338FA05BB18C1C486215',
                                      'device_on': False,
                                      'fw_id': 'REDACTED_A25ABDE41405B20C6F98816',
                                      'fw_ver': '1.3.7 Build 20230711 Rel. '
                                                '61904',
                                      'has_set_location_info': True,
                                      'hw_id': 'REDACTED_5B29645B8150C392284029D',
                                      'hw_ver': '1.0.0',
                                      'ip': '192.168.100.112',
                                      'lang': 'it_IT',
                                      'latitude': 0,
                                      'location': '',
                                      'longitude': 0,
                                      'mac': '74-DA-88-00-00-00',
                                      'model': 'P100',
                                      'nickname': 'I01BU0tFRF9OQU1FIw==',
                                      'oem_id': 'REDACTED_06C60A9AEEA36A3347B6EBC',
                                      'on_time': 0,
                                      'overheated': False,
                                      'region': 'Europe/Rome',
                                      'rssi': -40,
                                      'signal_level': 3,
                                      'specs': 'EU',
                                      'ssid': 'I01BU0tFRF9TU0lEIw==',
                                      'time_diff': 60,
                                      'type': 'SMART.TAPOPLUG'}},
                          {'error_code': 0,
                           'method': 'get_connect_cloud_state',
                           'result': {'status': 0}}]}}
Device 192.168.100.112, found required cloud_connect, adding Cloud to modules.
Device 192.168.100.112, found required device, adding DeviceModule to modules.
Device 192.168.100.112, found required firmware, adding Firmware to modules.
Device 192.168.100.112, found required led, adding Led to modules.
Device 192.168.100.112, found required None, adding OverheatProtection to modules.
Device 192.168.100.112, found required time, adding Time to modules.
Querying 192.168.100.112 for modules: Time, Led
192.168.100.112 multi-request-batch-1-of-1 >> '{"method":"multipleRequest","request_time_milis":1743685213511,"terminal_uuid":"rB3Go/3n5Lf96fJrPUAf/w==","params":{"requests":[{"method":"get_device_time"},{"method":"get_led_info"}]}}'
Device 192.168.100.112 waiting 0.25 seconds to send request
Posting to http://192.168.100.112/app?token=B4CE75C26B0283040C64F06737574156
192.168.100.112 multi-request-batch-1-of-1 << {'error_code': 0,
 'result': {'responses': [{'error_code': 0,
                           'method': 'get_device_time',
                           'result': {'region': 'Europe/Rome',
                                      'time_diff': 60,
                                      'timestamp': 1743685209}},
                          {'error_code': 0,
                           'method': 'get_led_info',
                           'result': {'led_rule': 'always',
                                      'led_status': False,
                                      'night_mode': {'end_time': 0,
                                                     'night_mode_type': 'unknown',
                                                     'start_time': 0,
                                                     'sunrise_offset': 0,
                                                     'sunset_offset': 0}}}]}}
Update completed 192.168.100.112: ['component_nego', 'get_device_info', 'get_connect_cloud_state', 'get_device_time', 'get_led_info']
Unclosed client session
client_session: <aiohttp.client.ClientSession object at 0x00000180C210EE10>
Unclosed connector
connections: ['deque([(<aiohttp.client_proto.ResponseHandler object at 0x00000180C31DB9B0>, 858747.437)])']
connector: <aiohttp.connector.TCPConnector object at 0x00000180C212E300>
Unclosed client session
client_session: <aiohttp.client.ClientSession object at 0x00000180C3264500>
Unclosed connector
connections: ['deque([(<aiohttp.client_proto.ResponseHandler object at 0x00000180C31DBCB0>, 858769.562)])']
connector: <aiohttp.connector.TCPConnector object at 0x00000180C3264560>
Discovery started...
Using proactor: IocpProactor
Listening on 127.0.0.1:8080
[DISCOVERY] 255.255.255.255 >> {'system': {'get_sysinfo': {}}}
Waiting 5 seconds for responses...
Using SmartDevice for SMART.TAPOPLUG
Finding protocol for 192.168.100.112
Finding protocol for DeviceFamily.SmartTapoPlug
Finding transport for SMART.AES
Created AES transport for 192.168.100.112
[DISCOVERY] 192.168.100.112 << {'error_code': 0,
 'result': {'device_id': 'REDACTED_c913ec3cd97a6bec2fbb1ee',
            'device_model': 'P100',
            'device_type': 'SMART.TAPOPLUG',
            'factory_default': False,
            'ip': '192.168.100.112',
            'is_support_iot_cloud': True,
            'mac': '74-DA-88-00-00-00',
            'mgt_encrypt_schm': {'encrypt_type': 'AES',
                                 'http_port': 80,
                                 'is_support_https': False,
                                 'lv': 2},
            'owner': 'REDACTED_19347acd812465188388075'}}
Initializing 192.168.100.112 of type <class 'kasa.smart.smartdevice.SmartDevice'>
Using proactor: IocpProactor
Discovery finished! Found: 1 device(s)
Discovered 1 devices
Using proactor: IocpProactor
[DISCOVERY] 192.168.100.112 >> {'system': {'get_sysinfo': {}}}
Waiting a total of 5 seconds for responses...
Using SmartDevice for SMART.TAPOPLUG
Finding protocol for 192.168.100.112
Finding protocol for DeviceFamily.SmartTapoPlug
Finding transport for SMART.AES
Created AES transport for 192.168.100.112
[DISCOVERY] 192.168.100.112 << {'error_code': 0,
 'result': {'device_id': 'REDACTED_c913ec3cd97a6bec2fbb1ee',
            'device_model': 'P100',
            'device_type': 'SMART.TAPOPLUG',
            'factory_default': False,
            'ip': '192.168.100.112',
            'is_support_iot_cloud': True,
            'mac': '74-DA-88-00-00-00',
            'mgt_encrypt_schm': {'encrypt_type': 'AES',
                                 'http_port': 80,
                                 'is_support_https': False,
                                 'lv': 2},
            'owner': 'REDACTED_19347acd812465188388075'}}
Initializing 192.168.100.112 of type <class 'kasa.smart.smartdevice.SmartDevice'>
192.168.100.112 multi-request-batch-1-of-1 >> '{"method":"multipleRequest","request_time_milis":1743685248777,"terminal_uuid":"KmYLlXbDK4py9DRXHhsGKQ==","params":{"requests":[{"method":"component_nego"},{"method":"get_device_info"},{"method":"get_connect_cloud_state"}]}}'
Will perform handshaking...
Posting to http://192.168.100.112/app
Generating keypair
Handshake request: {'method': 'handshake', 'params': {'key': '-----BEGIN PUBLIC KEY-----\nMIGfMA0GCSqGSIb3DQEBAQUAA4GNADCBiQKBgQC6gXaed1Qa7vBYUqX6FVEmeti+JY0Wq8xcWhDw9N2qfnExRxjZKpjm5iaDJFNXLPEAEp/d6qCULeHNpaYeiSi2WM3skEd1jBrEyRC6rGgU8hjXbszbiqYpRKwtjTO4ZnoUBKIpE3EE66QqBLvEMSoIDwGgCe7QTksJxMxF8obgyQIDAQAB\n-----END PUBLIC KEY-----\n'}}
Device responded with: {'error_code': 0, 'result': {'key': 'X4WKnMwtFPU+bs9T74UAfYtsFOul9RSote/t1flcfGvZwVWtSdawArEAx4R0VVbTJGFEzWAI8l0bSNmDZVEhgzwgqRQtb4rpo7T/fnqI+hV6GBGO5RpMUnP4VnP1PtUCIndhWf9fCgIbiyWtTeSp7YDn2X2AFy1ARjOl+AgYElM='}}
Handshake with 192.168.100.112 complete
Posting to http://192.168.100.112/app
192.168.100.112: logged in with provided credentials
Posting to http://192.168.100.112/app?token=5488EA820722D027AE774575FA550F54
Device 192.168.100.112 received an os error, enabling sequential request delay: Server disconnected
Device 192.168.100.112 got a connection error, will retry 3 times: ('Device connection error: 192.168.100.112: Server disconnected', ServerDisconnectedError('Server disconnected'))
192.168.100.112 multi-request-batch-1-of-1 >> '{"method":"multipleRequest","request_time_milis":1743685248926,"terminal_uuid":"KmYLlXbDK4py9DRXHhsGKQ==","params":{"requests":[{"method":"component_nego"},{"method":"get_device_info"},{"method":"get_connect_cloud_state"}]}}'
Device 192.168.100.112 waiting 0.25 seconds to send request
Posting to http://192.168.100.112/app?token=5488EA820722D027AE774575FA550F54
192.168.100.112 multi-request-batch-1-of-1 << {'error_code': 0,
 'result': {'responses': [{'error_code': 0,
                           'method': 'component_nego',
                           'result': {'component_list': [{'id': 'device',
                                                          'ver_code': 2},
                                                         {'id': 'firmware',
                                                          'ver_code': 1},
                                                         {'id': 'quick_setup',
                                                          'ver_code': 3},
                                                         {'id': 'time',
                                                          'ver_code': 1},
                                                         {'id': 'wireless',
                                                          'ver_code': 1},
                                                         {'id': 'schedule',
                                                          'ver_code': 2},
                                                         {'id': 'countdown',
                                                          'ver_code': 2},
                                                         {'id': 'antitheft',
                                                          'ver_code': 1},
                                                         {'id': 'account',
                                                          'ver_code': 1},
                                                         {'id': 'synchronize',
                                                          'ver_code': 1},
                                                         {'id': 'sunrise_sunset',
                                                          'ver_code': 1},
                                                         {'id': 'led',
                                                          'ver_code': 1},
                                                         {'id': 'cloud_connect',
                                                          'ver_code': 1},
                                                         {'id': 'iot_cloud',
                                                          'ver_code': 1},
                                                         {'id': 'default_states',
                                                          'ver_code': 1}]}},
                          {'error_code': 0,
                           'method': 'get_device_info',
                           'result': {'avatar': 'plug',
                                      'default_states': {'state': {},
                                                         'type': 'last_states'},
                                      'device_id': 'REDACTED_DB80F24B353338FA05BB18C1C486215',
                                      'device_on': False,
                                      'fw_id': 'REDACTED_A25ABDE41405B20C6F98816',
                                      'fw_ver': '1.3.7 Build 20230711 Rel. '
                                                '61904',
                                      'has_set_location_info': True,
                                      'hw_id': 'REDACTED_5B29645B8150C392284029D',
                                      'hw_ver': '1.0.0',
                                      'ip': '192.168.100.112',
                                      'lang': 'it_IT',
                                      'latitude': 0,
                                      'location': '',
                                      'longitude': 0,
                                      'mac': '74-DA-88-00-00-00',
                                      'model': 'P100',
                                      'nickname': 'I01BU0tFRF9OQU1FIw==',
                                      'oem_id': 'REDACTED_06C60A9AEEA36A3347B6EBC',
                                      'on_time': 0,
                                      'overheated': False,
                                      'region': 'Europe/Rome',
                                      'rssi': -40,
                                      'signal_level': 3,
                                      'specs': 'EU',
                                      'ssid': 'I01BU0tFRF9TU0lEIw==',
                                      'time_diff': 60,
                                      'type': 'SMART.TAPOPLUG'}},
                          {'error_code': 0,
                           'method': 'get_connect_cloud_state',
                           'result': {'status': 0}}]}}
Device 192.168.100.112, found required cloud_connect, adding Cloud to modules.
Device 192.168.100.112, found required device, adding DeviceModule to modules.
Device 192.168.100.112, found required firmware, adding Firmware to modules.
Device 192.168.100.112, found required led, adding Led to modules.
Device 192.168.100.112, found required None, adding OverheatProtection to modules.
Device 192.168.100.112, found required time, adding Time to modules.
Querying 192.168.100.112 for modules: Time, Led
192.168.100.112 multi-request-batch-1-of-1 >> '{"method":"multipleRequest","request_time_milis":1743685249251,"terminal_uuid":"KmYLlXbDK4py9DRXHhsGKQ==","params":{"requests":[{"method":"get_device_time"},{"method":"get_led_info"}]}}'
Device 192.168.100.112 waiting 0.23499999998603016 seconds to send request
Posting to http://192.168.100.112/app?token=5488EA820722D027AE774575FA550F54
192.168.100.112 multi-request-batch-1-of-1 << {'error_code': 0,
 'result': {'responses': [{'error_code': 0,
                           'method': 'get_device_time',
                           'result': {'region': 'Europe/Rome',
                                      'time_diff': 60,
                                      'timestamp': 1743685244}},
                          {'error_code': 0,
                           'method': 'get_led_info',
                           'result': {'led_rule': 'always',
                                      'led_status': False,
                                      'night_mode': {'end_time': 0,
                                                     'night_mode_type': 'unknown',
                                                     'start_time': 0,
                                                     'sunrise_offset': 0,
                                                     'sunset_offset': 0}}}]}}
Update completed 192.168.100.112: ['component_nego', 'get_device_info', 'get_connect_cloud_state', 'get_device_time', 'get_led_info']
Switching status
Using proactor: IocpProactor
[DISCOVERY] 192.168.100.112 >> {'system': {'get_sysinfo': {}}}
Waiting a total of 5 seconds for responses...
Using SmartDevice for SMART.TAPOPLUG
Finding protocol for 192.168.100.112
Finding protocol for DeviceFamily.SmartTapoPlug
Finding transport for SMART.AES
Created AES transport for 192.168.100.112
[DISCOVERY] 192.168.100.112 << {'error_code': 0,
 'result': {'device_id': 'REDACTED_c913ec3cd97a6bec2fbb1ee',
            'device_model': 'P100',
            'device_type': 'SMART.TAPOPLUG',
            'factory_default': False,
            'ip': '192.168.100.112',
            'is_support_iot_cloud': True,
            'mac': '74-DA-88-00-00-00',
            'mgt_encrypt_schm': {'encrypt_type': 'AES',
                                 'http_port': 80,
                                 'is_support_https': False,
                                 'lv': 2},
            'owner': 'REDACTED_19347acd812465188388075'}}
Initializing 192.168.100.112 of type <class 'kasa.smart.smartdevice.SmartDevice'>
192.168.100.112 >> '{"method":"set_device_info","request_time_milis":1743685261022,"terminal_uuid":"q8HSbh7Lyos/lQOcD8bQ4w==","params":{"device_on":false}}'
Will perform handshaking...
Posting to http://192.168.100.112/app
Generating keypair
Handshake request: {'method': 'handshake', 'params': {'key': '-----BEGIN PUBLIC KEY-----\nMIGfMA0GCSqGSIb3DQEBAQUAA4GNADCBiQKBgQC/KRS1kBTsFzcrWVdLo1H1dkRXIogcOM+lpP08GDWJBHA9uJS7w3wCeGgSBQPRGHCmSDDoo7egksg7jSmpICjuGZFO4bB2E7LInV4ij7Fb3Ojt2ANqOs9zP9gwdZwx1ju1Pv1dVk53bFiNVBstIusVa16iTOW4IqCsJDmhG7eYgwIDAQAB\n-----END PUBLIC KEY-----\n'}}
Device responded with: {'error_code': 0, 'result': {'key': 'ltVDPH7fFIza6f0r4a1Ig66z+0OgfdKipGDAFMZgP9o6mz1bQSXsFg+JaGFoC3lzhXPi2IUVKp2F8RGdyO77KNjfcdnSarpvxU/iXFBu4zmFUQFIBneVI3XcN8tOkLJyRdg8BOdL5dLVjsNyobxf5szTLARMydSo7PImyfjL6uQ='}}
Handshake with 192.168.100.112 complete
Posting to http://192.168.100.112/app
192.168.100.112: logged in with provided credentials
Posting to http://192.168.100.112/app?token=4CF4E3F31683418033B010B121A138A1
Device 192.168.100.112 received an os error, enabling sequential request delay: Server disconnected
Device 192.168.100.112 got a connection error, will retry 3 times: ('Device connection error: 192.168.100.112: Server disconnected', ServerDisconnectedError('Server disconnected'))
192.168.100.112 >> '{"method":"set_device_info","request_time_milis":1743685261177,"terminal_uuid":"q8HSbh7Lyos/lQOcD8bQ4w==","params":{"device_on":false}}'
Device 192.168.100.112 waiting 0.25 seconds to send request
Posting to http://192.168.100.112/app?token=4CF4E3F31683418033B010B121A138A1
192.168.100.112 << {'error_code': 0}
192.168.100.112 multi-request-batch-1-of-1 >> '{"method":"multipleRequest","request_time_milis":1743685261497,"terminal_uuid":"q8HSbh7Lyos/lQOcD8bQ4w==","params":{"requests":[{"method":"component_nego"},{"method":"get_device_info"},{"method":"get_connect_cloud_state"}]}}'
Device 192.168.100.112 waiting 0.25 seconds to send request
Posting to http://192.168.100.112/app?token=4CF4E3F31683418033B010B121A138A1
192.168.100.112 multi-request-batch-1-of-1 << {'error_code': 0,
 'result': {'responses': [{'error_code': 0,
                           'method': 'component_nego',
                           'result': {'component_list': [{'id': 'device',
                                                          'ver_code': 2},
                                                         {'id': 'firmware',
                                                          'ver_code': 1},
                                                         {'id': 'quick_setup',
                                                          'ver_code': 3},
                                                         {'id': 'time',
                                                          'ver_code': 1},
                                                         {'id': 'wireless',
                                                          'ver_code': 1},
                                                         {'id': 'schedule',
                                                          'ver_code': 2},
                                                         {'id': 'countdown',
                                                          'ver_code': 2},
                                                         {'id': 'antitheft',
                                                          'ver_code': 1},
                                                         {'id': 'account',
                                                          'ver_code': 1},
                                                         {'id': 'synchronize',
                                                          'ver_code': 1},
                                                         {'id': 'sunrise_sunset',
                                                          'ver_code': 1},
                                                         {'id': 'led',
                                                          'ver_code': 1},
                                                         {'id': 'cloud_connect',
                                                          'ver_code': 1},
                                                         {'id': 'iot_cloud',
                                                          'ver_code': 1},
                                                         {'id': 'default_states',
                                                          'ver_code': 1}]}},
                          {'error_code': 0,
                           'method': 'get_device_info',
                           'result': {'avatar': 'plug',
                                      'default_states': {'state': {},
                                                         'type': 'last_states'},
                                      'device_id': 'REDACTED_DB80F24B353338FA05BB18C1C486215',
                                      'device_on': False,
                                      'fw_id': 'REDACTED_A25ABDE41405B20C6F98816',
                                      'fw_ver': '1.3.7 Build 20230711 Rel. '
                                                '61904',
                                      'has_set_location_info': True,
                                      'hw_id': 'REDACTED_5B29645B8150C392284029D',
                                      'hw_ver': '1.0.0',
                                      'ip': '192.168.100.112',
                                      'lang': 'it_IT',
                                      'latitude': 0,
                                      'location': '',
                                      'longitude': 0,
                                      'mac': '74-DA-88-00-00-00',
                                      'model': 'P100',
                                      'nickname': 'I01BU0tFRF9OQU1FIw==',
                                      'oem_id': 'REDACTED_06C60A9AEEA36A3347B6EBC',
                                      'on_time': 0,
                                      'overheated': False,
                                      'region': 'Europe/Rome',
                                      'rssi': -40,
                                      'signal_level': 3,
                                      'specs': 'EU',
                                      'ssid': 'I01BU0tFRF9TU0lEIw==',
                                      'time_diff': 60,
                                      'type': 'SMART.TAPOPLUG'}},
                          {'error_code': 0,
                           'method': 'get_connect_cloud_state',
                           'result': {'status': 0}}]}}
Device 192.168.100.112, found required cloud_connect, adding Cloud to modules.
Device 192.168.100.112, found required device, adding DeviceModule to modules.
Device 192.168.100.112, found required firmware, adding Firmware to modules.
Device 192.168.100.112, found required led, adding Led to modules.
Device 192.168.100.112, found required None, adding OverheatProtection to modules.
Device 192.168.100.112, found required time, adding Time to modules.
Querying 192.168.100.112 for modules: Time, Led
192.168.100.112 multi-request-batch-1-of-1 >> '{"method":"multipleRequest","request_time_milis":1743685261846,"terminal_uuid":"q8HSbh7Lyos/lQOcD8bQ4w==","params":{"requests":[{"method":"get_device_time"},{"method":"get_led_info"}]}}'
Device 192.168.100.112 waiting 0.2339999999385327 seconds to send request
Posting to http://192.168.100.112/app?token=4CF4E3F31683418033B010B121A138A1
192.168.100.112 multi-request-batch-1-of-1 << {'error_code': 0,
 'result': {'responses': [{'error_code': 0,
                           'method': 'get_device_time',
                           'result': {'region': 'Europe/Rome',
                                      'time_diff': 60,
                                      'timestamp': 1743685257}},
                          {'error_code': 0,
                           'method': 'get_led_info',
                           'result': {'led_rule': 'always',
                                      'led_status': False,
                                      'night_mode': {'end_time': 0,
                                                     'night_mode_type': 'unknown',
                                                     'start_time': 0,
                                                     'sunrise_offset': 0,
                                                     'sunset_offset': 0}}}]}}
Update completed 192.168.100.112: ['component_nego', 'get_device_info', 'get_connect_cloud_state', 'get_device_time', 'get_led_info']
Discovery started...
Using proactor: IocpProactor
Listening on 127.0.0.1:8080
[DISCOVERY] 255.255.255.255 >> {'system': {'get_sysinfo': {}}}
Waiting 5 seconds for responses...
Using proactor: IocpProactor
Using SmartDevice for SMART.TAPOPLUG
Finding protocol for 192.168.100.112
Finding protocol for DeviceFamily.SmartTapoPlug
Finding transport for SMART.AES
Created AES transport for 192.168.100.112
[DISCOVERY] 192.168.100.112 << {'error_code': 0,
 'result': {'device_id': 'REDACTED_c913ec3cd97a6bec2fbb1ee',
            'device_model': 'P100',
            'device_type': 'SMART.TAPOPLUG',
            'factory_default': False,
            'ip': '192.168.100.112',
            'is_support_iot_cloud': True,
            'mac': '74-DA-88-00-00-00',
            'mgt_encrypt_schm': {'encrypt_type': 'AES',
                                 'http_port': 80,
                                 'is_support_https': False,
                                 'lv': 2},
            'owner': 'REDACTED_19347acd812465188388075'}}
Initializing 192.168.100.112 of type <class 'kasa.smart.smartdevice.SmartDevice'>
Discovery finished! Found: 1 device(s)
Discovered 1 devices
Using proactor: IocpProactor
[DISCOVERY] 192.168.100.112 >> {'system': {'get_sysinfo': {}}}
Waiting a total of 5 seconds for responses...
Using SmartDevice for SMART.TAPOPLUG
Finding protocol for 192.168.100.112
Finding protocol for DeviceFamily.SmartTapoPlug
Finding transport for SMART.AES
Created AES transport for 192.168.100.112
[DISCOVERY] 192.168.100.112 << {'error_code': 0,
 'result': {'device_id': 'REDACTED_c913ec3cd97a6bec2fbb1ee',
            'device_model': 'P100',
            'device_type': 'SMART.TAPOPLUG',
            'factory_default': False,
            'ip': '192.168.100.112',
            'is_support_iot_cloud': True,
            'mac': '74-DA-88-00-00-00',
            'mgt_encrypt_schm': {'encrypt_type': 'AES',
                                 'http_port': 80,
                                 'is_support_https': False,
                                 'lv': 2},
            'owner': 'REDACTED_19347acd812465188388075'}}
Initializing 192.168.100.112 of type <class 'kasa.smart.smartdevice.SmartDevice'>
192.168.100.112 multi-request-batch-1-of-1 >> '{"method":"multipleRequest","request_time_milis":1743685312282,"terminal_uuid":"OQ8GQmz0cKC24ay9MVNCRg==","params":{"requests":[{"method":"component_nego"},{"method":"get_device_info"},{"method":"get_connect_cloud_state"}]}}'
Will perform handshaking...
Posting to http://192.168.100.112/app
Generating keypair
Handshake request: {'method': 'handshake', 'params': {'key': '-----BEGIN PUBLIC KEY-----\nMIGfMA0GCSqGSIb3DQEBAQUAA4GNADCBiQKBgQDMS0LqqC4W5ppyIDe8ZOjYC+/w0BeXROd1IgGGa9JjdPukD2g2hMRTjKZ3hQaOpPERvj4cH6LlutEnurV/fmHwRGEiI8LHBqWWKpj8doAFoe9GreYngl9LEnABtLI8TZNvBH9xfIJrUdQ0vUFydCIv721Mc55n0pLMEHsiPXQxPQIDAQAB\n-----END PUBLIC KEY-----\n'}}
Device responded with: {'error_code': 0, 'result': {'key': 'RVoSrVpNoadEakUwEgbuBwhifhiCytKKgon0z/UGy+oR9EdsSal3y1YKFIy/Q1ufKQnc27YNpysyMu4TkKMyce0rv3pYMyXlWo5QnYhk3TerHy23fDkLbmcv1GLwL2gkTJcpdbWwov2Yevhr1iZY01FkltUw8h1LE6V1QLIbDJA='}}
Handshake with 192.168.100.112 complete
Posting to http://192.168.100.112/app
192.168.100.112: logged in with provided credentials
Posting to http://192.168.100.112/app?token=FA8BC6810F2191247D74B2764C56A357
Device 192.168.100.112 received an os error, enabling sequential request delay: Server disconnected
Device 192.168.100.112 got a connection error, will retry 3 times: ('Device connection error: 192.168.100.112: Server disconnected', ServerDisconnectedError('Server disconnected'))
192.168.100.112 multi-request-batch-1-of-1 >> '{"method":"multipleRequest","request_time_milis":1743685312435,"terminal_uuid":"OQ8GQmz0cKC24ay9MVNCRg==","params":{"requests":[{"method":"component_nego"},{"method":"get_device_info"},{"method":"get_connect_cloud_state"}]}}'
Device 192.168.100.112 waiting 0.25 seconds to send request
Posting to http://192.168.100.112/app?token=FA8BC6810F2191247D74B2764C56A357
192.168.100.112 multi-request-batch-1-of-1 << {'error_code': 0,
 'result': {'responses': [{'error_code': 0,
                           'method': 'component_nego',
                           'result': {'component_list': [{'id': 'device',
                                                          'ver_code': 2},
                                                         {'id': 'firmware',
                                                          'ver_code': 1},
                                                         {'id': 'quick_setup',
                                                          'ver_code': 3},
                                                         {'id': 'time',
                                                          'ver_code': 1},
                                                         {'id': 'wireless',
                                                          'ver_code': 1},
                                                         {'id': 'schedule',
                                                          'ver_code': 2},
                                                         {'id': 'countdown',
                                                          'ver_code': 2},
                                                         {'id': 'antitheft',
                                                          'ver_code': 1},
                                                         {'id': 'account',
                                                          'ver_code': 1},
                                                         {'id': 'synchronize',
                                                          'ver_code': 1},
                                                         {'id': 'sunrise_sunset',
                                                          'ver_code': 1},
                                                         {'id': 'led',
                                                          'ver_code': 1},
                                                         {'id': 'cloud_connect',
                                                          'ver_code': 1},
                                                         {'id': 'iot_cloud',
                                                          'ver_code': 1},
                                                         {'id': 'default_states',
                                                          'ver_code': 1}]}},
                          {'error_code': 0,
                           'method': 'get_device_info',
                           'result': {'avatar': 'plug',
                                      'default_states': {'state': {},
                                                         'type': 'last_states'},
                                      'device_id': 'REDACTED_DB80F24B353338FA05BB18C1C486215',
                                      'device_on': False,
                                      'fw_id': 'REDACTED_A25ABDE41405B20C6F98816',
                                      'fw_ver': '1.3.7 Build 20230711 Rel. '
                                                '61904',
                                      'has_set_location_info': True,
                                      'hw_id': 'REDACTED_5B29645B8150C392284029D',
                                      'hw_ver': '1.0.0',
                                      'ip': '192.168.100.112',
                                      'lang': 'it_IT',
                                      'latitude': 0,
                                      'location': '',
                                      'longitude': 0,
                                      'mac': '74-DA-88-00-00-00',
                                      'model': 'P100',
                                      'nickname': 'I01BU0tFRF9OQU1FIw==',
                                      'oem_id': 'REDACTED_06C60A9AEEA36A3347B6EBC',
                                      'on_time': 0,
                                      'overheated': False,
                                      'region': 'Europe/Rome',
                                      'rssi': -40,
                                      'signal_level': 3,
                                      'specs': 'EU',
                                      'ssid': 'I01BU0tFRF9TU0lEIw==',
                                      'time_diff': 60,
                                      'type': 'SMART.TAPOPLUG'}},
                          {'error_code': 0,
                           'method': 'get_connect_cloud_state',
                           'result': {'status': 0}}]}}
Device 192.168.100.112, found required cloud_connect, adding Cloud to modules.
Device 192.168.100.112, found required device, adding DeviceModule to modules.
Device 192.168.100.112, found required firmware, adding Firmware to modules.
Device 192.168.100.112, found required led, adding Led to modules.
Device 192.168.100.112, found required None, adding OverheatProtection to modules.
Device 192.168.100.112, found required time, adding Time to modules.
Querying 192.168.100.112 for modules: Time, Led
192.168.100.112 multi-request-batch-1-of-1 >> '{"method":"multipleRequest","request_time_milis":1743685312761,"terminal_uuid":"OQ8GQmz0cKC24ay9MVNCRg==","params":{"requests":[{"method":"get_device_time"},{"method":"get_led_info"}]}}'
Device 192.168.100.112 waiting 0.25 seconds to send request
Posting to http://192.168.100.112/app?token=FA8BC6810F2191247D74B2764C56A357
192.168.100.112 multi-request-batch-1-of-1 << {'error_code': 0,
 'result': {'responses': [{'error_code': 0,
                           'method': 'get_device_time',
                           'result': {'region': 'Europe/Rome',
                                      'time_diff': 60,
                                      'timestamp': 1743685308}},
                          {'error_code': 0,
                           'method': 'get_led_info',
                           'result': {'led_rule': 'always',
                                      'led_status': False,
                                      'night_mode': {'end_time': 0,
                                                     'night_mode_type': 'unknown',
                                                     'start_time': 0,
                                                     'sunrise_offset': 0,
                                                     'sunset_offset': 0}}}]}}
Update completed 192.168.100.112: ['component_nego', 'get_device_info', 'get_connect_cloud_state', 'get_device_time', 'get_led_info']
Switching status
Using proactor: IocpProactor
[DISCOVERY] 192.168.100.112 >> {'system': {'get_sysinfo': {}}}
Waiting a total of 5 seconds for responses...
Using SmartDevice for SMART.TAPOPLUG
Finding protocol for 192.168.100.112
Finding protocol for DeviceFamily.SmartTapoPlug
Finding transport for SMART.AES
Created AES transport for 192.168.100.112
[DISCOVERY] 192.168.100.112 << {'error_code': 0,
 'result': {'device_id': 'REDACTED_c913ec3cd97a6bec2fbb1ee',
            'device_model': 'P100',
            'device_type': 'SMART.TAPOPLUG',
            'factory_default': False,
            'ip': '192.168.100.112',
            'is_support_iot_cloud': True,
            'mac': '74-DA-88-00-00-00',
            'mgt_encrypt_schm': {'encrypt_type': 'AES',
                                 'http_port': 80,
                                 'is_support_https': False,
                                 'lv': 2},
            'owner': 'REDACTED_19347acd812465188388075'}}
Initializing 192.168.100.112 of type <class 'kasa.smart.smartdevice.SmartDevice'>
192.168.100.112 >> '{"method":"set_device_info","request_time_milis":1743685316992,"terminal_uuid":"BQgAJJ9fiI/CdNp30oHAFg==","params":{"device_on":true}}'
Will perform handshaking...
Posting to http://192.168.100.112/app
Generating keypair
Handshake request: {'method': 'handshake', 'params': {'key': '-----BEGIN PUBLIC KEY-----\nMIGfMA0GCSqGSIb3DQEBAQUAA4GNADCBiQKBgQDGDpatdnfmCwVaXKvJu0frskzY57pF2xZddgEQSp4yDUBAfhDctzyihyqAW2BFOitjL7KSLYn2I12HzJAe4NJ26/XRvTqMufwwK5zmTr5LF5cHnlQ++2lJlt+rE7dsvY5uvsKuEMMzopmNKcUCb2djF1yb1XWBg0OX5hHHb1oiYwIDAQAB\n-----END PUBLIC KEY-----\n'}}
Device responded with: {'error_code': 0, 'result': {'key': 'vhN/LPzOZ1sw6UXjE8ggBqBK3ZBvuB/TGzwa3yR8XD0ou1OAv/ooR3GWEAf7+6KqH6GjjZp99JzOlWxb7zNyxrQ7KtqWFyv8ikT5tHGPvPbZ3JTq7GnP6xgE18NKkKEeOLifYERLsLauIXACar03J9evQM5TETVkZuwl3ijqjCk='}}
Handshake with 192.168.100.112 complete
Posting to http://192.168.100.112/app
192.168.100.112: logged in with provided credentials
Posting to http://192.168.100.112/app?token=21D6E8D17EA112A2D99267938283DD83
Device 192.168.100.112 received an os error, enabling sequential request delay: Server disconnected
Device 192.168.100.112 got a connection error, will retry 3 times: ('Device connection error: 192.168.100.112: Server disconnected', ServerDisconnectedError('Server disconnected'))
192.168.100.112 >> '{"method":"set_device_info","request_time_milis":1743685317113,"terminal_uuid":"BQgAJJ9fiI/CdNp30oHAFg==","params":{"device_on":true}}'
Device 192.168.100.112 waiting 0.25 seconds to send request
Posting to http://192.168.100.112/app?token=21D6E8D17EA112A2D99267938283DD83
192.168.100.112 << {'error_code': 0}
192.168.100.112 multi-request-batch-1-of-1 >> '{"method":"multipleRequest","request_time_milis":1743685317471,"terminal_uuid":"BQgAJJ9fiI/CdNp30oHAFg==","params":{"requests":[{"method":"component_nego"},{"method":"get_device_info"},{"method":"get_connect_cloud_state"}]}}'
Device 192.168.100.112 waiting 0.25 seconds to send request
Posting to http://192.168.100.112/app?token=21D6E8D17EA112A2D99267938283DD83
192.168.100.112 multi-request-batch-1-of-1 << {'error_code': 0,
 'result': {'responses': [{'error_code': 0,
                           'method': 'component_nego',
                           'result': {'component_list': [{'id': 'device',
                                                          'ver_code': 2},
                                                         {'id': 'firmware',
                                                          'ver_code': 1},
                                                         {'id': 'quick_setup',
                                                          'ver_code': 3},
                                                         {'id': 'time',
                                                          'ver_code': 1},
                                                         {'id': 'wireless',
                                                          'ver_code': 1},
                                                         {'id': 'schedule',
                                                          'ver_code': 2},
                                                         {'id': 'countdown',
                                                          'ver_code': 2},
                                                         {'id': 'antitheft',
                                                          'ver_code': 1},
                                                         {'id': 'account',
                                                          'ver_code': 1},
                                                         {'id': 'synchronize',
                                                          'ver_code': 1},
                                                         {'id': 'sunrise_sunset',
                                                          'ver_code': 1},
                                                         {'id': 'led',
                                                          'ver_code': 1},
                                                         {'id': 'cloud_connect',
                                                          'ver_code': 1},
                                                         {'id': 'iot_cloud',
                                                          'ver_code': 1},
                                                         {'id': 'default_states',
                                                          'ver_code': 1}]}},
                          {'error_code': 0,
                           'method': 'get_device_info',
                           'result': {'avatar': 'plug',
                                      'default_states': {'state': {},
                                                         'type': 'last_states'},
                                      'device_id': 'REDACTED_DB80F24B353338FA05BB18C1C486215',
                                      'device_on': True,
                                      'fw_id': 'REDACTED_A25ABDE41405B20C6F98816',
                                      'fw_ver': '1.3.7 Build 20230711 Rel. '
                                                '61904',
                                      'has_set_location_info': True,
                                      'hw_id': 'REDACTED_5B29645B8150C392284029D',
                                      'hw_ver': '1.0.0',
                                      'ip': '192.168.100.112',
                                      'lang': 'it_IT',
                                      'latitude': 0,
                                      'location': '',
                                      'longitude': 0,
                                      'mac': '74-DA-88-00-00-00',
                                      'model': 'P100',
                                      'nickname': 'I01BU0tFRF9OQU1FIw==',
                                      'oem_id': 'REDACTED_06C60A9AEEA36A3347B6EBC',
                                      'on_time': 1,
                                      'overheated': False,
                                      'region': 'Europe/Rome',
                                      'rssi': -40,
                                      'signal_level': 3,
                                      'specs': 'EU',
                                      'ssid': 'I01BU0tFRF9TU0lEIw==',
                                      'time_diff': 60,
                                      'type': 'SMART.TAPOPLUG'}},
                          {'error_code': 0,
                           'method': 'get_connect_cloud_state',
                           'result': {'status': 0}}]}}
Device 192.168.100.112, found required cloud_connect, adding Cloud to modules.
Device 192.168.100.112, found required device, adding DeviceModule to modules.
Device 192.168.100.112, found required firmware, adding Firmware to modules.
Device 192.168.100.112, found required led, adding Led to modules.
Device 192.168.100.112, found required None, adding OverheatProtection to modules.
Device 192.168.100.112, found required time, adding Time to modules.
Querying 192.168.100.112 for modules: Time, Led
192.168.100.112 multi-request-batch-1-of-1 >> '{"method":"multipleRequest","request_time_milis":1743685317811,"terminal_uuid":"BQgAJJ9fiI/CdNp30oHAFg==","params":{"requests":[{"method":"get_device_time"},{"method":"get_led_info"}]}}'
Device 192.168.100.112 waiting 0.25 seconds to send request
Posting to http://192.168.100.112/app?token=21D6E8D17EA112A2D99267938283DD83
192.168.100.112 multi-request-batch-1-of-1 << {'error_code': 0,
 'result': {'responses': [{'error_code': 0,
                           'method': 'get_device_time',
                           'result': {'region': 'Europe/Rome',
                                      'time_diff': 60,
                                      'timestamp': 1743685313}},
                          {'error_code': 0,
                           'method': 'get_led_info',
                           'result': {'led_rule': 'always',
                                      'led_status': True,
                                      'night_mode': {'end_time': 0,
                                                     'night_mode_type': 'unknown',
                                                     'start_time': 0,
                                                     'sunrise_offset': 0,
                                                     'sunset_offset': 0}}}]}}
Update completed 192.168.100.112: ['component_nego', 'get_device_info', 'get_connect_cloud_state', 'get_device_time', 'get_led_info']
Unclosed client session
client_session: <aiohttp.client.ClientSession object at 0x00000231A0301550>
Unclosed connector
connections: ['deque([(<aiohttp.client_proto.ResponseHandler object at 0x000002319E793A70>, 858868.812)])']
connector: <aiohttp.connector.TCPConnector object at 0x000002319F26EED0>
Unclosed client session
client_session: <aiohttp.client.ClientSession object at 0x00000231A035B740>
Unclosed connector
connections: ['deque([(<aiohttp.client_proto.ResponseHandler object at 0x00000231A0317D10>, 858873.843)])']
connector: <aiohttp.connector.TCPConnector object at 0x00000231A0359D60>
Discovery started...
Using proactor: IocpProactor
Listening on 127.0.0.1:8080
[DISCOVERY] 255.255.255.255 >> {'system': {'get_sysinfo': {}}}
Waiting 5 seconds for responses...
Using proactor: IocpProactor
Using SmartDevice for SMART.TAPOPLUG
Finding protocol for 192.168.100.112
Finding protocol for DeviceFamily.SmartTapoPlug
Finding transport for SMART.AES
Created AES transport for 192.168.100.112
[DISCOVERY] 192.168.100.112 << {'error_code': 0,
 'result': {'device_id': 'REDACTED_c913ec3cd97a6bec2fbb1ee',
            'device_model': 'P100',
            'device_type': 'SMART.TAPOPLUG',
            'factory_default': False,
            'ip': '192.168.100.112',
            'is_support_iot_cloud': True,
            'mac': '74-DA-88-00-00-00',
            'mgt_encrypt_schm': {'encrypt_type': 'AES',
                                 'http_port': 80,
                                 'is_support_https': False,
                                 'lv': 2},
            'owner': 'REDACTED_19347acd812465188388075'}}
Initializing 192.168.100.112 of type <class 'kasa.smart.smartdevice.SmartDevice'>
Discovery finished! Found: 1 device(s)
Discovered 1 devices
Using proactor: IocpProactor
[DISCOVERY] 192.168.100.112 >> {'system': {'get_sysinfo': {}}}
Waiting a total of 5 seconds for responses...
Using SmartDevice for SMART.TAPOPLUG
Finding protocol for 192.168.100.112
Finding protocol for DeviceFamily.SmartTapoPlug
Finding transport for SMART.AES
Created AES transport for 192.168.100.112
[DISCOVERY] 192.168.100.112 << {'error_code': 0,
 'result': {'device_id': 'REDACTED_c913ec3cd97a6bec2fbb1ee',
            'device_model': 'P100',
            'device_type': 'SMART.TAPOPLUG',
            'factory_default': False,
            'ip': '192.168.100.112',
            'is_support_iot_cloud': True,
            'mac': '74-DA-88-00-00-00',
            'mgt_encrypt_schm': {'encrypt_type': 'AES',
                                 'http_port': 80,
                                 'is_support_https': False,
                                 'lv': 2},
            'owner': 'REDACTED_19347acd812465188388075'}}
Initializing 192.168.100.112 of type <class 'kasa.smart.smartdevice.SmartDevice'>
192.168.100.112 multi-request-batch-1-of-1 >> '{"method":"multipleRequest","request_time_milis":1743685359884,"terminal_uuid":"wjhxZNJnO3+0kDvFXTdQUw==","params":{"requests":[{"method":"component_nego"},{"method":"get_device_info"},{"method":"get_connect_cloud_state"}]}}'
Will perform handshaking...
Posting to http://192.168.100.112/app
Generating keypair
Handshake request: {'method': 'handshake', 'params': {'key': '-----BEGIN PUBLIC KEY-----\nMIGfMA0GCSqGSIb3DQEBAQUAA4GNADCBiQKBgQDmquQPTYLws6m9drwmr5l33aE4bcCw3h1x1EzPqa3puk0nUw2kQX3V0HidgSMhV5yFmc0A568EMt+HGi1SIJewN/NoHUkbMaXFWJ9/hypfZbX+SAqKgto3hMMVMvKKvVEDAk2sXsYfhm/GFOC5W62b10F/5uT1hKaIKejfc8lMSQIDAQAB\n-----END PUBLIC KEY-----\n'}}
Device responded with: {'error_code': 0, 'result': {'key': 'keB8gU32LHBj2zDqQiI4JqSfG+1VUyoLVRcx5/Eg5yH6KdgeQPP3VCZNnoZJSbg/bu+i8xBHpfXWWWNnWafdr4kx340w2JEw3f/GHUM3OCJ2dIdeBdM4dFjgqgurb45MUH3Qva6xe4pI0zv1bg0a5tNTmEBc72WmT47RmRvQZHA='}}
Handshake with 192.168.100.112 complete
Posting to http://192.168.100.112/app
192.168.100.112: logged in with provided credentials
Posting to http://192.168.100.112/app?token=E355065E51EE23EB00BB31B920993098
Device 192.168.100.112 received an os error, enabling sequential request delay: Server disconnected
Device 192.168.100.112 got a connection error, will retry 3 times: ('Device connection error: 192.168.100.112: Server disconnected', ServerDisconnectedError('Server disconnected'))
192.168.100.112 multi-request-batch-1-of-1 >> '{"method":"multipleRequest","request_time_milis":1743685360034,"terminal_uuid":"wjhxZNJnO3+0kDvFXTdQUw==","params":{"requests":[{"method":"component_nego"},{"method":"get_device_info"},{"method":"get_connect_cloud_state"}]}}'
Device 192.168.100.112 waiting 0.25 seconds to send request
Posting to http://192.168.100.112/app?token=E355065E51EE23EB00BB31B920993098
192.168.100.112 multi-request-batch-1-of-1 << {'error_code': 0,
 'result': {'responses': [{'error_code': 0,
                           'method': 'component_nego',
                           'result': {'component_list': [{'id': 'device',
                                                          'ver_code': 2},
                                                         {'id': 'firmware',
                                                          'ver_code': 1},
                                                         {'id': 'quick_setup',
                                                          'ver_code': 3},
                                                         {'id': 'time',
                                                          'ver_code': 1},
                                                         {'id': 'wireless',
                                                          'ver_code': 1},
                                                         {'id': 'schedule',
                                                          'ver_code': 2},
                                                         {'id': 'countdown',
                                                          'ver_code': 2},
                                                         {'id': 'antitheft',
                                                          'ver_code': 1},
                                                         {'id': 'account',
                                                          'ver_code': 1},
                                                         {'id': 'synchronize',
                                                          'ver_code': 1},
                                                         {'id': 'sunrise_sunset',
                                                          'ver_code': 1},
                                                         {'id': 'led',
                                                          'ver_code': 1},
                                                         {'id': 'cloud_connect',
                                                          'ver_code': 1},
                                                         {'id': 'iot_cloud',
                                                          'ver_code': 1},
                                                         {'id': 'default_states',
                                                          'ver_code': 1}]}},
                          {'error_code': 0,
                           'method': 'get_device_info',
                           'result': {'avatar': 'plug',
                                      'default_states': {'state': {},
                                                         'type': 'last_states'},
                                      'device_id': 'REDACTED_DB80F24B353338FA05BB18C1C486215',
                                      'device_on': True,
                                      'fw_id': 'REDACTED_A25ABDE41405B20C6F98816',
                                      'fw_ver': '1.3.7 Build 20230711 Rel. '
                                                '61904',
                                      'has_set_location_info': True,
                                      'hw_id': 'REDACTED_5B29645B8150C392284029D',
                                      'hw_ver': '1.0.0',
                                      'ip': '192.168.100.112',
                                      'lang': 'it_IT',
                                      'latitude': 0,
                                      'location': '',
                                      'longitude': 0,
                                      'mac': '74-DA-88-00-00-00',
                                      'model': 'P100',
                                      'nickname': 'I01BU0tFRF9OQU1FIw==',
                                      'oem_id': 'REDACTED_06C60A9AEEA36A3347B6EBC',
                                      'on_time': 43,
                                      'overheated': False,
                                      'region': 'Europe/Rome',
                                      'rssi': -40,
                                      'signal_level': 3,
                                      'specs': 'EU',
                                      'ssid': 'I01BU0tFRF9TU0lEIw==',
                                      'time_diff': 60,
                                      'type': 'SMART.TAPOPLUG'}},
                          {'error_code': 0,
                           'method': 'get_connect_cloud_state',
                           'result': {'status': 0}}]}}
Device 192.168.100.112, found required cloud_connect, adding Cloud to modules.
Device 192.168.100.112, found required device, adding DeviceModule to modules.
Device 192.168.100.112, found required firmware, adding Firmware to modules.
Device 192.168.100.112, found required led, adding Led to modules.
Device 192.168.100.112, found required None, adding OverheatProtection to modules.
Device 192.168.100.112, found required time, adding Time to modules.
Querying 192.168.100.112 for modules: Time, Led
192.168.100.112 multi-request-batch-1-of-1 >> '{"method":"multipleRequest","request_time_milis":1743685360372,"terminal_uuid":"wjhxZNJnO3+0kDvFXTdQUw==","params":{"requests":[{"method":"get_device_time"},{"method":"get_led_info"}]}}'
Device 192.168.100.112 waiting 0.25 seconds to send request
Posting to http://192.168.100.112/app?token=E355065E51EE23EB00BB31B920993098
192.168.100.112 multi-request-batch-1-of-1 << {'error_code': 0,
 'result': {'responses': [{'error_code': 0,
                           'method': 'get_device_time',
                           'result': {'region': 'Europe/Rome',
                                      'time_diff': 60,
                                      'timestamp': 1743685355}},
                          {'error_code': 0,
                           'method': 'get_led_info',
                           'result': {'led_rule': 'always',
                                      'led_status': True,
                                      'night_mode': {'end_time': 0,
                                                     'night_mode_type': 'unknown',
                                                     'start_time': 0,
                                                     'sunrise_offset': 0,
                                                     'sunset_offset': 0}}}]}}
Update completed 192.168.100.112: ['component_nego', 'get_device_info', 'get_connect_cloud_state', 'get_device_time', 'get_led_info']
Switching status
Using proactor: IocpProactor
[DISCOVERY] 192.168.100.112 >> {'system': {'get_sysinfo': {}}}
Waiting a total of 5 seconds for responses...
Using SmartDevice for SMART.TAPOPLUG
Finding protocol for 192.168.100.112
Finding protocol for DeviceFamily.SmartTapoPlug
Finding transport for SMART.AES
Created AES transport for 192.168.100.112
[DISCOVERY] 192.168.100.112 << {'error_code': 0,
 'result': {'device_id': 'REDACTED_c913ec3cd97a6bec2fbb1ee',
            'device_model': 'P100',
            'device_type': 'SMART.TAPOPLUG',
            'factory_default': False,
            'ip': '192.168.100.112',
            'is_support_iot_cloud': True,
            'mac': '74-DA-88-00-00-00',
            'mgt_encrypt_schm': {'encrypt_type': 'AES',
                                 'http_port': 80,
                                 'is_support_https': False,
                                 'lv': 2},
            'owner': 'REDACTED_19347acd812465188388075'}}
Initializing 192.168.100.112 of type <class 'kasa.smart.smartdevice.SmartDevice'>
192.168.100.112 >> '{"method":"set_device_info","request_time_milis":1743685364090,"terminal_uuid":"g73eLS8oQENAVZi0SDccNg==","params":{"device_on":false}}'
Will perform handshaking...
Posting to http://192.168.100.112/app
Generating keypair
Handshake request: {'method': 'handshake', 'params': {'key': '-----BEGIN PUBLIC KEY-----\nMIGfMA0GCSqGSIb3DQEBAQUAA4GNADCBiQKBgQDtB7WRVDu9264oiYH/brTVXnYLdXrK0fHFHdUxFd14q5VMaceAQ4ibA2hyDAQ1OP0oN3FPB77MPbHhbIuvdCXYPLfi870fw90+IxOACdsWl09t3S24mIs30ZclcYJoeabqVYvp93xtaU2m+79gle5E2Of8CE/2c/dvjC383Vi2ewIDAQAB\n-----END PUBLIC KEY-----\n'}}
Device responded with: {'error_code': 0, 'result': {'key': 'uc/X4sbpsYqLUpW3xZsngOmBSfYI8F5vUqZWVXFLrnKzgflPDHihf086PDu3ximH5dHZ+j6gzRDnMuseBQi9HHqCBbq9p0jnGNfWLdryc5jbRJLS50aEqF/Y3pujOmJMoN3JMxbdqcoveb7L6koOlrA3YRm0NS8J7UJ+Eam5JIU='}}
Handshake with 192.168.100.112 complete
Posting to http://192.168.100.112/app
192.168.100.112: logged in with provided credentials
Posting to http://192.168.100.112/app?token=2D0A600EB24E9C4C756CE26D967DD57D
Device 192.168.100.112 received an os error, enabling sequential request delay: Server disconnected
Device 192.168.100.112 got a connection error, will retry 3 times: ('Device connection error: 192.168.100.112: Server disconnected', ServerDisconnectedError('Server disconnected'))
192.168.100.112 >> '{"method":"set_device_info","request_time_milis":1743685364208,"terminal_uuid":"g73eLS8oQENAVZi0SDccNg==","params":{"device_on":false}}'
Device 192.168.100.112 waiting 0.25 seconds to send request
Posting to http://192.168.100.112/app?token=2D0A600EB24E9C4C756CE26D967DD57D
192.168.100.112 << {'error_code': 0}
192.168.100.112 multi-request-batch-1-of-1 >> '{"method":"multipleRequest","request_time_milis":1743685364589,"terminal_uuid":"g73eLS8oQENAVZi0SDccNg==","params":{"requests":[{"method":"component_nego"},{"method":"get_device_info"},{"method":"get_connect_cloud_state"}]}}'
Device 192.168.100.112 waiting 0.25 seconds to send request
Posting to http://192.168.100.112/app?token=2D0A600EB24E9C4C756CE26D967DD57D
192.168.100.112 multi-request-batch-1-of-1 << {'error_code': 0,
 'result': {'responses': [{'error_code': 0,
                           'method': 'component_nego',
                           'result': {'component_list': [{'id': 'device',
                                                          'ver_code': 2},
                                                         {'id': 'firmware',
                                                          'ver_code': 1},
                                                         {'id': 'quick_setup',
                                                          'ver_code': 3},
                                                         {'id': 'time',
                                                          'ver_code': 1},
                                                         {'id': 'wireless',
                                                          'ver_code': 1},
                                                         {'id': 'schedule',
                                                          'ver_code': 2},
                                                         {'id': 'countdown',
                                                          'ver_code': 2},
                                                         {'id': 'antitheft',
                                                          'ver_code': 1},
                                                         {'id': 'account',
                                                          'ver_code': 1},
                                                         {'id': 'synchronize',
                                                          'ver_code': 1},
                                                         {'id': 'sunrise_sunset',
                                                          'ver_code': 1},
                                                         {'id': 'led',
                                                          'ver_code': 1},
                                                         {'id': 'cloud_connect',
                                                          'ver_code': 1},
                                                         {'id': 'iot_cloud',
                                                          'ver_code': 1},
                                                         {'id': 'default_states',
                                                          'ver_code': 1}]}},
                          {'error_code': 0,
                           'method': 'get_device_info',
                           'result': {'avatar': 'plug',
                                      'default_states': {'state': {},
                                                         'type': 'last_states'},
                                      'device_id': 'REDACTED_DB80F24B353338FA05BB18C1C486215',
                                      'device_on': False,
                                      'fw_id': 'REDACTED_A25ABDE41405B20C6F98816',
                                      'fw_ver': '1.3.7 Build 20230711 Rel. '
                                                '61904',
                                      'has_set_location_info': True,
                                      'hw_id': 'REDACTED_5B29645B8150C392284029D',
                                      'hw_ver': '1.0.0',
                                      'ip': '192.168.100.112',
                                      'lang': 'it_IT',
                                      'latitude': 0,
                                      'location': '',
                                      'longitude': 0,
                                      'mac': '74-DA-88-00-00-00',
                                      'model': 'P100',
                                      'nickname': 'I01BU0tFRF9OQU1FIw==',
                                      'oem_id': 'REDACTED_06C60A9AEEA36A3347B6EBC',
                                      'on_time': 0,
                                      'overheated': False,
                                      'region': 'Europe/Rome',
                                      'rssi': -40,
                                      'signal_level': 3,
                                      'specs': 'EU',
                                      'ssid': 'I01BU0tFRF9TU0lEIw==',
                                      'time_diff': 60,
                                      'type': 'SMART.TAPOPLUG'}},
                          {'error_code': 0,
                           'method': 'get_connect_cloud_state',
                           'result': {'status': 0}}]}}
Device 192.168.100.112, found required cloud_connect, adding Cloud to modules.
Device 192.168.100.112, found required device, adding DeviceModule to modules.
Device 192.168.100.112, found required firmware, adding Firmware to modules.
Device 192.168.100.112, found required led, adding Led to modules.
Device 192.168.100.112, found required None, adding OverheatProtection to modules.
Device 192.168.100.112, found required time, adding Time to modules.
Querying 192.168.100.112 for modules: Time, Led
192.168.100.112 multi-request-batch-1-of-1 >> '{"method":"multipleRequest","request_time_milis":1743685364935,"terminal_uuid":"g73eLS8oQENAVZi0SDccNg==","params":{"requests":[{"method":"get_device_time"},{"method":"get_led_info"}]}}'
Device 192.168.100.112 waiting 0.25 seconds to send request
Posting to http://192.168.100.112/app?token=2D0A600EB24E9C4C756CE26D967DD57D
192.168.100.112 multi-request-batch-1-of-1 << {'error_code': 0,
 'result': {'responses': [{'error_code': 0,
                           'method': 'get_device_time',
                           'result': {'region': 'Europe/Rome',
                                      'time_diff': 60,
                                      'timestamp': 1743685360}},
                          {'error_code': 0,
                           'method': 'get_led_info',
                           'result': {'led_rule': 'always',
                                      'led_status': False,
                                      'night_mode': {'end_time': 0,
                                                     'night_mode_type': 'unknown',
                                                     'start_time': 0,
                                                     'sunrise_offset': 0,
                                                     'sunset_offset': 0}}}]}}
Update completed 192.168.100.112: ['component_nego', 'get_device_info', 'get_connect_cloud_state', 'get_device_time', 'get_led_info']
Unclosed client session
client_session: <aiohttp.client.ClientSession object at 0x00000149B9BA0050>
Exception in default exception handler
Traceback (most recent call last):
  File "C:\Users\Davide\AppData\Local\Programs\Python\Python312\Lib\asyncio\base_events.py", line 1847, in call_exception_handler
    self.default_exception_handler(context)
  File "C:\Users\Davide\AppData\Local\Programs\Python\Python312\Lib\asyncio\base_events.py", line 1821, in default_exception_handler
    logger.error('\n'.join(log_lines), exc_info=exc_info)
  File "C:\Users\Davide\AppData\Local\Programs\Python\Python312\Lib\logging\__init__.py", line 1568, in error
    self._log(ERROR, msg, args, **kwargs)
  File "C:\Users\Davide\AppData\Local\Programs\Python\Python312\Lib\logging\__init__.py", line 1684, in _log
    self.handle(record)
  File "C:\Users\Davide\AppData\Local\Programs\Python\Python312\Lib\logging\__init__.py", line 1700, in handle
    self.callHandlers(record)
  File "C:\Users\Davide\AppData\Local\Programs\Python\Python312\Lib\logging\__init__.py", line 1762, in callHandlers
    hdlr.handle(record)
  File "C:\Users\Davide\Desktop\ServerSmartPlug\log_manager.py", line 16, in handle
    listener(record)
  File "C:\Users\Davide\Desktop\ServerSmartPlug\gui\windows.py", line 25, in _add_console_line
    self.console_text.configure(state='normal')
  File "C:\Users\Davide\AppData\Local\Programs\Python\Python312\Lib\tkinter\__init__.py", line 1722, in configure
    return self._configure('configure', cnf, kw)
           ^^^^^^^^^^^^^^^^^^^^^^^^^^^^^^^^^^^^^
  File "C:\Users\Davide\AppData\Local\Programs\Python\Python312\Lib\tkinter\__init__.py", line 1712, in _configure
    self.tk.call(_flatten((self._w, cmd)) + self._options(cnf))
_tkinter.TclError: invalid command name ".!frame4.!frame.!text"
Unclosed connector
connections: ['deque([(<aiohttp.client_proto.ResponseHandler object at 0x00000149B7CEBA70>, 858916.437)])']
connector: <aiohttp.connector.TCPConnector object at 0x00000149B9BA0080>
Exception in default exception handler
Traceback (most recent call last):
  File "C:\Users\Davide\AppData\Local\Programs\Python\Python312\Lib\asyncio\base_events.py", line 1847, in call_exception_handler
    self.default_exception_handler(context)
  File "C:\Users\Davide\AppData\Local\Programs\Python\Python312\Lib\asyncio\base_events.py", line 1821, in default_exception_handler
    logger.error('\n'.join(log_lines), exc_info=exc_info)
  File "C:\Users\Davide\AppData\Local\Programs\Python\Python312\Lib\logging\__init__.py", line 1568, in error
    self._log(ERROR, msg, args, **kwargs)
  File "C:\Users\Davide\AppData\Local\Programs\Python\Python312\Lib\logging\__init__.py", line 1684, in _log
    self.handle(record)
  File "C:\Users\Davide\AppData\Local\Programs\Python\Python312\Lib\logging\__init__.py", line 1700, in handle
    self.callHandlers(record)
  File "C:\Users\Davide\AppData\Local\Programs\Python\Python312\Lib\logging\__init__.py", line 1762, in callHandlers
    hdlr.handle(record)
  File "C:\Users\Davide\Desktop\ServerSmartPlug\log_manager.py", line 16, in handle
    listener(record)
  File "C:\Users\Davide\Desktop\ServerSmartPlug\gui\windows.py", line 25, in _add_console_line
    self.console_text.configure(state='normal')
  File "C:\Users\Davide\AppData\Local\Programs\Python\Python312\Lib\tkinter\__init__.py", line 1722, in configure
    return self._configure('configure', cnf, kw)
           ^^^^^^^^^^^^^^^^^^^^^^^^^^^^^^^^^^^^^
  File "C:\Users\Davide\AppData\Local\Programs\Python\Python312\Lib\tkinter\__init__.py", line 1712, in _configure
    self.tk.call(_flatten((self._w, cmd)) + self._options(cnf))
_tkinter.TclError: invalid command name ".!frame4.!frame.!text"
Unclosed client session
client_session: <aiohttp.client.ClientSession object at 0x00000149B9BFF920>
Exception in default exception handler
Traceback (most recent call last):
  File "C:\Users\Davide\AppData\Local\Programs\Python\Python312\Lib\asyncio\base_events.py", line 1847, in call_exception_handler
    self.default_exception_handler(context)
  File "C:\Users\Davide\AppData\Local\Programs\Python\Python312\Lib\asyncio\base_events.py", line 1821, in default_exception_handler
    logger.error('\n'.join(log_lines), exc_info=exc_info)
  File "C:\Users\Davide\AppData\Local\Programs\Python\Python312\Lib\logging\__init__.py", line 1568, in error
    self._log(ERROR, msg, args, **kwargs)
  File "C:\Users\Davide\AppData\Local\Programs\Python\Python312\Lib\logging\__init__.py", line 1684, in _log
    self.handle(record)
  File "C:\Users\Davide\AppData\Local\Programs\Python\Python312\Lib\logging\__init__.py", line 1700, in handle
    self.callHandlers(record)
  File "C:\Users\Davide\AppData\Local\Programs\Python\Python312\Lib\logging\__init__.py", line 1762, in callHandlers
    hdlr.handle(record)
  File "C:\Users\Davide\Desktop\ServerSmartPlug\log_manager.py", line 16, in handle
    listener(record)
  File "C:\Users\Davide\Desktop\ServerSmartPlug\gui\windows.py", line 25, in _add_console_line
    self.console_text.configure(state='normal')
  File "C:\Users\Davide\AppData\Local\Programs\Python\Python312\Lib\tkinter\__init__.py", line 1722, in configure
    return self._configure('configure', cnf, kw)
           ^^^^^^^^^^^^^^^^^^^^^^^^^^^^^^^^^^^^^
  File "C:\Users\Davide\AppData\Local\Programs\Python\Python312\Lib\tkinter\__init__.py", line 1712, in _configure
    self.tk.call(_flatten((self._w, cmd)) + self._options(cnf))
_tkinter.TclError: invalid command name ".!frame4.!frame.!text"
Unclosed connector
connections: ['deque([(<aiohttp.client_proto.ResponseHandler object at 0x00000149B9BB7D70>, 858921.0)])']
connector: <aiohttp.connector.TCPConnector object at 0x00000149B9BFF950>
Exception in default exception handler
Traceback (most recent call last):
  File "C:\Users\Davide\AppData\Local\Programs\Python\Python312\Lib\asyncio\base_events.py", line 1847, in call_exception_handler
    self.default_exception_handler(context)
  File "C:\Users\Davide\AppData\Local\Programs\Python\Python312\Lib\asyncio\base_events.py", line 1821, in default_exception_handler
    logger.error('\n'.join(log_lines), exc_info=exc_info)
  File "C:\Users\Davide\AppData\Local\Programs\Python\Python312\Lib\logging\__init__.py", line 1568, in error
    self._log(ERROR, msg, args, **kwargs)
  File "C:\Users\Davide\AppData\Local\Programs\Python\Python312\Lib\logging\__init__.py", line 1684, in _log
    self.handle(record)
  File "C:\Users\Davide\AppData\Local\Programs\Python\Python312\Lib\logging\__init__.py", line 1700, in handle
    self.callHandlers(record)
  File "C:\Users\Davide\AppData\Local\Programs\Python\Python312\Lib\logging\__init__.py", line 1762, in callHandlers
    hdlr.handle(record)
  File "C:\Users\Davide\Desktop\ServerSmartPlug\log_manager.py", line 16, in handle
    listener(record)
  File "C:\Users\Davide\Desktop\ServerSmartPlug\gui\windows.py", line 25, in _add_console_line
    self.console_text.configure(state='normal')
  File "C:\Users\Davide\AppData\Local\Programs\Python\Python312\Lib\tkinter\__init__.py", line 1722, in configure
    return self._configure('configure', cnf, kw)
           ^^^^^^^^^^^^^^^^^^^^^^^^^^^^^^^^^^^^^
  File "C:\Users\Davide\AppData\Local\Programs\Python\Python312\Lib\tkinter\__init__.py", line 1712, in _configure
    self.tk.call(_flatten((self._w, cmd)) + self._options(cnf))
_tkinter.TclError: invalid command name ".!frame4.!frame.!text"
Discovery started...
Using proactor: IocpProactor
Listening on 127.0.0.1:8080
[DISCOVERY] 255.255.255.255 >> {'system': {'get_sysinfo': {}}}
Waiting 5 seconds for responses...
Using proactor: IocpProactor
Using SmartDevice for SMART.TAPOPLUG
Finding protocol for 192.168.100.112
Finding protocol for DeviceFamily.SmartTapoPlug
Finding transport for SMART.AES
Created AES transport for 192.168.100.112
[DISCOVERY] 192.168.100.112 << {'error_code': 0,
 'result': {'device_id': 'REDACTED_c913ec3cd97a6bec2fbb1ee',
            'device_model': 'P100',
            'device_type': 'SMART.TAPOPLUG',
            'factory_default': False,
            'ip': '192.168.100.112',
            'is_support_iot_cloud': True,
            'mac': '74-DA-88-00-00-00',
            'mgt_encrypt_schm': {'encrypt_type': 'AES',
                                 'http_port': 80,
                                 'is_support_https': False,
                                 'lv': 2},
            'owner': 'REDACTED_19347acd812465188388075'}}
Initializing 192.168.100.112 of type <class 'kasa.smart.smartdevice.SmartDevice'>
Discovery finished! Found: 1 device(s)
Discovered 1 devices
Using proactor: IocpProactor
[DISCOVERY] 192.168.100.112 >> {'system': {'get_sysinfo': {}}}
Waiting a total of 5 seconds for responses...
Using SmartDevice for SMART.TAPOPLUG
Finding protocol for 192.168.100.112
Finding protocol for DeviceFamily.SmartTapoPlug
Finding transport for SMART.AES
Created AES transport for 192.168.100.112
[DISCOVERY] 192.168.100.112 << {'error_code': 0,
 'result': {'device_id': 'REDACTED_c913ec3cd97a6bec2fbb1ee',
            'device_model': 'P100',
            'device_type': 'SMART.TAPOPLUG',
            'factory_default': False,
            'ip': '192.168.100.112',
            'is_support_iot_cloud': True,
            'mac': '74-DA-88-00-00-00',
            'mgt_encrypt_schm': {'encrypt_type': 'AES',
                                 'http_port': 80,
                                 'is_support_https': False,
                                 'lv': 2},
            'owner': 'REDACTED_19347acd812465188388075'}}
Initializing 192.168.100.112 of type <class 'kasa.smart.smartdevice.SmartDevice'>
192.168.100.112 multi-request-batch-1-of-1 >> '{"method":"multipleRequest","request_time_milis":1743685412363,"terminal_uuid":"O7cDdwNI5rD0Mf05cUhX1A==","params":{"requests":[{"method":"component_nego"},{"method":"get_device_info"},{"method":"get_connect_cloud_state"}]}}'
Will perform handshaking...
Posting to http://192.168.100.112/app
Generating keypair
Handshake request: {'method': 'handshake', 'params': {'key': '-----BEGIN PUBLIC KEY-----\nMIGfMA0GCSqGSIb3DQEBAQUAA4GNADCBiQKBgQCgqWPd11WcYWuqU2xxBivZqa0627iWP7Z4eVPGgVgLFREO52OsvzETjmznEFN5PmXxum69jCXOpIC4+AapEdofnt4C2rcHscm04jEBoLVaGRA9ULpl8sKTHHRgefViIJDEmPZmVwZLb52zYfFgpCXx4cG8Ozak413zFgT0p0PfYwIDAQAB\n-----END PUBLIC KEY-----\n'}}
Device responded with: {'error_code': 0, 'result': {'key': 'b4Czq6FcBROQSJdQzOvqv+Gd+p9iY8L7Z703pC7FzWgCfmFe5nd4ophPaFQdYBLmDFK7rYnPEOi4U5vYRJTXHL2zeBvGfUlmYbrkzfu5kWTZaKOeE0lwvvVrGpnhBuCzlpak0Ag/kqd29mPjxdi0q9GiYDKWCdpQZmJc7+LNbAY='}}
Handshake with 192.168.100.112 complete
Posting to http://192.168.100.112/app
192.168.100.112: logged in with provided credentials
Posting to http://192.168.100.112/app?token=CB482C4C530CA80E1F2E622FB93F0F3F
Device 192.168.100.112 received an os error, enabling sequential request delay: Server disconnected
Device 192.168.100.112 got a connection error, will retry 3 times: ('Device connection error: 192.168.100.112: Server disconnected', ServerDisconnectedError('Server disconnected'))
192.168.100.112 multi-request-batch-1-of-1 >> '{"method":"multipleRequest","request_time_milis":1743685412485,"terminal_uuid":"O7cDdwNI5rD0Mf05cUhX1A==","params":{"requests":[{"method":"component_nego"},{"method":"get_device_info"},{"method":"get_connect_cloud_state"}]}}'
Device 192.168.100.112 waiting 0.25 seconds to send request
Posting to http://192.168.100.112/app?token=CB482C4C530CA80E1F2E622FB93F0F3F
192.168.100.112 multi-request-batch-1-of-1 << {'error_code': 0,
 'result': {'responses': [{'error_code': 0,
                           'method': 'component_nego',
                           'result': {'component_list': [{'id': 'device',
                                                          'ver_code': 2},
                                                         {'id': 'firmware',
                                                          'ver_code': 1},
                                                         {'id': 'quick_setup',
                                                          'ver_code': 3},
                                                         {'id': 'time',
                                                          'ver_code': 1},
                                                         {'id': 'wireless',
                                                          'ver_code': 1},
                                                         {'id': 'schedule',
                                                          'ver_code': 2},
                                                         {'id': 'countdown',
                                                          'ver_code': 2},
                                                         {'id': 'antitheft',
                                                          'ver_code': 1},
                                                         {'id': 'account',
                                                          'ver_code': 1},
                                                         {'id': 'synchronize',
                                                          'ver_code': 1},
                                                         {'id': 'sunrise_sunset',
                                                          'ver_code': 1},
                                                         {'id': 'led',
                                                          'ver_code': 1},
                                                         {'id': 'cloud_connect',
                                                          'ver_code': 1},
                                                         {'id': 'iot_cloud',
                                                          'ver_code': 1},
                                                         {'id': 'default_states',
                                                          'ver_code': 1}]}},
                          {'error_code': 0,
                           'method': 'get_device_info',
                           'result': {'avatar': 'plug',
                                      'default_states': {'state': {},
                                                         'type': 'last_states'},
                                      'device_id': 'REDACTED_DB80F24B353338FA05BB18C1C486215',
                                      'device_on': False,
                                      'fw_id': 'REDACTED_A25ABDE41405B20C6F98816',
                                      'fw_ver': '1.3.7 Build 20230711 Rel. '
                                                '61904',
                                      'has_set_location_info': True,
                                      'hw_id': 'REDACTED_5B29645B8150C392284029D',
                                      'hw_ver': '1.0.0',
                                      'ip': '192.168.100.112',
                                      'lang': 'it_IT',
                                      'latitude': 0,
                                      'location': '',
                                      'longitude': 0,
                                      'mac': '74-DA-88-00-00-00',
                                      'model': 'P100',
                                      'nickname': 'I01BU0tFRF9OQU1FIw==',
                                      'oem_id': 'REDACTED_06C60A9AEEA36A3347B6EBC',
                                      'on_time': 0,
                                      'overheated': False,
                                      'region': 'Europe/Rome',
                                      'rssi': -40,
                                      'signal_level': 3,
                                      'specs': 'EU',
                                      'ssid': 'I01BU0tFRF9TU0lEIw==',
                                      'time_diff': 60,
                                      'type': 'SMART.TAPOPLUG'}},
                          {'error_code': 0,
                           'method': 'get_connect_cloud_state',
                           'result': {'status': 0}}]}}
Device 192.168.100.112, found required cloud_connect, adding Cloud to modules.
Device 192.168.100.112, found required device, adding DeviceModule to modules.
Device 192.168.100.112, found required firmware, adding Firmware to modules.
Device 192.168.100.112, found required led, adding Led to modules.
Device 192.168.100.112, found required None, adding OverheatProtection to modules.
Device 192.168.100.112, found required time, adding Time to modules.
Querying 192.168.100.112 for modules: Time, Led
192.168.100.112 multi-request-batch-1-of-1 >> '{"method":"multipleRequest","request_time_milis":1743685412872,"terminal_uuid":"O7cDdwNI5rD0Mf05cUhX1A==","params":{"requests":[{"method":"get_device_time"},{"method":"get_led_info"}]}}'
Device 192.168.100.112 waiting 0.25 seconds to send request
Posting to http://192.168.100.112/app?token=CB482C4C530CA80E1F2E622FB93F0F3F
192.168.100.112 multi-request-batch-1-of-1 << {'error_code': 0,
 'result': {'responses': [{'error_code': 0,
                           'method': 'get_device_time',
                           'result': {'region': 'Europe/Rome',
                                      'time_diff': 60,
                                      'timestamp': 1743685408}},
                          {'error_code': 0,
                           'method': 'get_led_info',
                           'result': {'led_rule': 'always',
                                      'led_status': False,
                                      'night_mode': {'end_time': 0,
                                                     'night_mode_type': 'unknown',
                                                     'start_time': 0,
                                                     'sunrise_offset': 0,
                                                     'sunset_offset': 0}}}]}}
Update completed 192.168.100.112: ['component_nego', 'get_device_info', 'get_connect_cloud_state', 'get_device_time', 'get_led_info']
Switching status
Using proactor: IocpProactor
[DISCOVERY] 192.168.100.112 >> {'system': {'get_sysinfo': {}}}
Waiting a total of 5 seconds for responses...
Using SmartDevice for SMART.TAPOPLUG
Finding protocol for 192.168.100.112
Finding protocol for DeviceFamily.SmartTapoPlug
Finding transport for SMART.AES
Created AES transport for 192.168.100.112
[DISCOVERY] 192.168.100.112 << {'error_code': 0,
 'result': {'device_id': 'REDACTED_c913ec3cd97a6bec2fbb1ee',
            'device_model': 'P100',
            'device_type': 'SMART.TAPOPLUG',
            'factory_default': False,
            'ip': '192.168.100.112',
            'is_support_iot_cloud': True,
            'mac': '74-DA-88-00-00-00',
            'mgt_encrypt_schm': {'encrypt_type': 'AES',
                                 'http_port': 80,
                                 'is_support_https': False,
                                 'lv': 2},
            'owner': 'REDACTED_19347acd812465188388075'}}
Initializing 192.168.100.112 of type <class 'kasa.smart.smartdevice.SmartDevice'>
192.168.100.112 >> '{"method":"set_device_info","request_time_milis":1743685416364,"terminal_uuid":"+CzD/5zOxp+C4hYkyxhu3Q==","params":{"device_on":true}}'
Will perform handshaking...
Posting to http://192.168.100.112/app
Generating keypair
Handshake request: {'method': 'handshake', 'params': {'key': '-----BEGIN PUBLIC KEY-----\nMIGfMA0GCSqGSIb3DQEBAQUAA4GNADCBiQKBgQC4i3i3xdnTlpYXeABzV97uhRHn9IZly9DT5cJM7U5J1AiFsdxUSd+YmG7hHLHcShxK//ObkeoeaT1YdCqUHzHpOwf86ssK+zgD6p4LzdOgMaRx/WlFo9f40vK4yZ0gdeUvejzp2zRYq4ztYBxQIORz8X2y4/LPRb1EEJ+HJSZ6JQIDAQAB\n-----END PUBLIC KEY-----\n'}}
Device responded with: {'error_code': 0, 'result': {'key': 'TF6p3UTKda8vZ/uSTOSWQtySW8ycl+qcB8V5qDVonM0ir7lnuyW1Jq8pd4Ac94yuNWQwH5raVb7FuHSAZLhuhHstAe33GQi3tXo0f9WaQA6htyOdPbQ4SWPhQhCA8TCSny2otth1lAHQ+a/nLe7OMpTD+hmWu2YzM+uxuK079nQ='}}
Handshake with 192.168.100.112 complete
Posting to http://192.168.100.112/app
192.168.100.112: logged in with provided credentials
Posting to http://192.168.100.112/app?token=832D26297B69A16B0F4BE24A3D5ACB5A
Device 192.168.100.112 received an os error, enabling sequential request delay: Server disconnected
Device 192.168.100.112 got a connection error, will retry 3 times: ('Device connection error: 192.168.100.112: Server disconnected', ServerDisconnectedError('Server disconnected'))
192.168.100.112 >> '{"method":"set_device_info","request_time_milis":1743685416473,"terminal_uuid":"+CzD/5zOxp+C4hYkyxhu3Q==","params":{"device_on":true}}'
Device 192.168.100.112 waiting 0.25 seconds to send request
Posting to http://192.168.100.112/app?token=832D26297B69A16B0F4BE24A3D5ACB5A
192.168.100.112 << {'error_code': 0}
192.168.100.112 multi-request-batch-1-of-1 >> '{"method":"multipleRequest","request_time_milis":1743685416846,"terminal_uuid":"+CzD/5zOxp+C4hYkyxhu3Q==","params":{"requests":[{"method":"component_nego"},{"method":"get_device_info"},{"method":"get_connect_cloud_state"}]}}'
Device 192.168.100.112 waiting 0.25 seconds to send request
Posting to http://192.168.100.112/app?token=832D26297B69A16B0F4BE24A3D5ACB5A
192.168.100.112 multi-request-batch-1-of-1 << {'error_code': 0,
 'result': {'responses': [{'error_code': 0,
                           'method': 'component_nego',
                           'result': {'component_list': [{'id': 'device',
                                                          'ver_code': 2},
                                                         {'id': 'firmware',
                                                          'ver_code': 1},
                                                         {'id': 'quick_setup',
                                                          'ver_code': 3},
                                                         {'id': 'time',
                                                          'ver_code': 1},
                                                         {'id': 'wireless',
                                                          'ver_code': 1},
                                                         {'id': 'schedule',
                                                          'ver_code': 2},
                                                         {'id': 'countdown',
                                                          'ver_code': 2},
                                                         {'id': 'antitheft',
                                                          'ver_code': 1},
                                                         {'id': 'account',
                                                          'ver_code': 1},
                                                         {'id': 'synchronize',
                                                          'ver_code': 1},
                                                         {'id': 'sunrise_sunset',
                                                          'ver_code': 1},
                                                         {'id': 'led',
                                                          'ver_code': 1},
                                                         {'id': 'cloud_connect',
                                                          'ver_code': 1},
                                                         {'id': 'iot_cloud',
                                                          'ver_code': 1},
                                                         {'id': 'default_states',
                                                          'ver_code': 1}]}},
                          {'error_code': 0,
                           'method': 'get_device_info',
                           'result': {'avatar': 'plug',
                                      'default_states': {'state': {},
                                                         'type': 'last_states'},
                                      'device_id': 'REDACTED_DB80F24B353338FA05BB18C1C486215',
                                      'device_on': True,
                                      'fw_id': 'REDACTED_A25ABDE41405B20C6F98816',
                                      'fw_ver': '1.3.7 Build 20230711 Rel. '
                                                '61904',
                                      'has_set_location_info': True,
                                      'hw_id': 'REDACTED_5B29645B8150C392284029D',
                                      'hw_ver': '1.0.0',
                                      'ip': '192.168.100.112',
                                      'lang': 'it_IT',
                                      'latitude': 0,
                                      'location': '',
                                      'longitude': 0,
                                      'mac': '74-DA-88-00-00-00',
                                      'model': 'P100',
                                      'nickname': 'I01BU0tFRF9OQU1FIw==',
                                      'oem_id': 'REDACTED_06C60A9AEEA36A3347B6EBC',
                                      'on_time': 0,
                                      'overheated': False,
                                      'region': 'Europe/Rome',
                                      'rssi': -40,
                                      'signal_level': 3,
                                      'specs': 'EU',
                                      'ssid': 'I01BU0tFRF9TU0lEIw==',
                                      'time_diff': 60,
                                      'type': 'SMART.TAPOPLUG'}},
                          {'error_code': 0,
                           'method': 'get_connect_cloud_state',
                           'result': {'status': 0}}]}}
Device 192.168.100.112, found required cloud_connect, adding Cloud to modules.
Device 192.168.100.112, found required device, adding DeviceModule to modules.
Device 192.168.100.112, found required firmware, adding Firmware to modules.
Device 192.168.100.112, found required led, adding Led to modules.
Device 192.168.100.112, found required None, adding OverheatProtection to modules.
Device 192.168.100.112, found required time, adding Time to modules.
Querying 192.168.100.112 for modules: Time, Led
192.168.100.112 multi-request-batch-1-of-1 >> '{"method":"multipleRequest","request_time_milis":1743685417187,"terminal_uuid":"+CzD/5zOxp+C4hYkyxhu3Q==","params":{"requests":[{"method":"get_device_time"},{"method":"get_led_info"}]}}'
Device 192.168.100.112 waiting 0.23400000005494803 seconds to send request
Posting to http://192.168.100.112/app?token=832D26297B69A16B0F4BE24A3D5ACB5A
192.168.100.112 multi-request-batch-1-of-1 << {'error_code': 0,
 'result': {'responses': [{'error_code': 0,
                           'method': 'get_device_time',
                           'result': {'region': 'Europe/Rome',
                                      'time_diff': 60,
                                      'timestamp': 1743685412}},
                          {'error_code': 0,
                           'method': 'get_led_info',
                           'result': {'led_rule': 'always',
                                      'led_status': True,
                                      'night_mode': {'end_time': 0,
                                                     'night_mode_type': 'unknown',
                                                     'start_time': 0,
                                                     'sunrise_offset': 0,
                                                     'sunset_offset': 0}}}]}}
Update completed 192.168.100.112: ['component_nego', 'get_device_info', 'get_connect_cloud_state', 'get_device_time', 'get_led_info']
Unclosed client session
client_session: <aiohttp.client.ClientSession object at 0x0000021E98B5C740>
Exception in default exception handler
Traceback (most recent call last):
  File "C:\Users\Davide\AppData\Local\Programs\Python\Python312\Lib\asyncio\base_events.py", line 1847, in call_exception_handler
    self.default_exception_handler(context)
  File "C:\Users\Davide\AppData\Local\Programs\Python\Python312\Lib\asyncio\base_events.py", line 1821, in default_exception_handler
    logger.error('\n'.join(log_lines), exc_info=exc_info)
  File "C:\Users\Davide\AppData\Local\Programs\Python\Python312\Lib\logging\__init__.py", line 1568, in error
    self._log(ERROR, msg, args, **kwargs)
  File "C:\Users\Davide\AppData\Local\Programs\Python\Python312\Lib\logging\__init__.py", line 1684, in _log
    self.handle(record)
  File "C:\Users\Davide\AppData\Local\Programs\Python\Python312\Lib\logging\__init__.py", line 1700, in handle
    self.callHandlers(record)
  File "C:\Users\Davide\AppData\Local\Programs\Python\Python312\Lib\logging\__init__.py", line 1762, in callHandlers
    hdlr.handle(record)
  File "C:\Users\Davide\Desktop\ServerSmartPlug\log_manager.py", line 16, in handle
    listener(record)
  File "C:\Users\Davide\Desktop\ServerSmartPlug\gui\windows.py", line 25, in _add_console_line
    self.console_text.configure(state='normal')
  File "C:\Users\Davide\AppData\Local\Programs\Python\Python312\Lib\tkinter\__init__.py", line 1722, in configure
    return self._configure('configure', cnf, kw)
           ^^^^^^^^^^^^^^^^^^^^^^^^^^^^^^^^^^^^^
  File "C:\Users\Davide\AppData\Local\Programs\Python\Python312\Lib\tkinter\__init__.py", line 1712, in _configure
    self.tk.call(_flatten((self._w, cmd)) + self._options(cnf))
_tkinter.TclError: invalid command name ".!frame4.!frame.!text"
Unclosed connector
connections: ['deque([(<aiohttp.client_proto.ResponseHandler object at 0x0000021E98B1F950>, 858968.953)])']
connector: <aiohttp.connector.TCPConnector object at 0x0000021E98B5C440>
Exception in default exception handler
Traceback (most recent call last):
  File "C:\Users\Davide\AppData\Local\Programs\Python\Python312\Lib\asyncio\base_events.py", line 1847, in call_exception_handler
    self.default_exception_handler(context)
  File "C:\Users\Davide\AppData\Local\Programs\Python\Python312\Lib\asyncio\base_events.py", line 1821, in default_exception_handler
    logger.error('\n'.join(log_lines), exc_info=exc_info)
  File "C:\Users\Davide\AppData\Local\Programs\Python\Python312\Lib\logging\__init__.py", line 1568, in error
    self._log(ERROR, msg, args, **kwargs)
  File "C:\Users\Davide\AppData\Local\Programs\Python\Python312\Lib\logging\__init__.py", line 1684, in _log
    self.handle(record)
  File "C:\Users\Davide\AppData\Local\Programs\Python\Python312\Lib\logging\__init__.py", line 1700, in handle
    self.callHandlers(record)
  File "C:\Users\Davide\AppData\Local\Programs\Python\Python312\Lib\logging\__init__.py", line 1762, in callHandlers
    hdlr.handle(record)
  File "C:\Users\Davide\Desktop\ServerSmartPlug\log_manager.py", line 16, in handle
    listener(record)
  File "C:\Users\Davide\Desktop\ServerSmartPlug\gui\windows.py", line 25, in _add_console_line
    self.console_text.configure(state='normal')
  File "C:\Users\Davide\AppData\Local\Programs\Python\Python312\Lib\tkinter\__init__.py", line 1722, in configure
    return self._configure('configure', cnf, kw)
           ^^^^^^^^^^^^^^^^^^^^^^^^^^^^^^^^^^^^^
  File "C:\Users\Davide\AppData\Local\Programs\Python\Python312\Lib\tkinter\__init__.py", line 1712, in _configure
    self.tk.call(_flatten((self._w, cmd)) + self._options(cnf))
_tkinter.TclError: invalid command name ".!frame4.!frame.!text"
Unclosed client session
client_session: <aiohttp.client.ClientSession object at 0x0000021E98B5F920>
Exception in default exception handler
Traceback (most recent call last):
  File "C:\Users\Davide\AppData\Local\Programs\Python\Python312\Lib\asyncio\base_events.py", line 1847, in call_exception_handler
    self.default_exception_handler(context)
  File "C:\Users\Davide\AppData\Local\Programs\Python\Python312\Lib\asyncio\base_events.py", line 1821, in default_exception_handler
    logger.error('\n'.join(log_lines), exc_info=exc_info)
  File "C:\Users\Davide\AppData\Local\Programs\Python\Python312\Lib\logging\__init__.py", line 1568, in error
    self._log(ERROR, msg, args, **kwargs)
  File "C:\Users\Davide\AppData\Local\Programs\Python\Python312\Lib\logging\__init__.py", line 1684, in _log
    self.handle(record)
  File "C:\Users\Davide\AppData\Local\Programs\Python\Python312\Lib\logging\__init__.py", line 1700, in handle
    self.callHandlers(record)
  File "C:\Users\Davide\AppData\Local\Programs\Python\Python312\Lib\logging\__init__.py", line 1762, in callHandlers
    hdlr.handle(record)
  File "C:\Users\Davide\Desktop\ServerSmartPlug\log_manager.py", line 16, in handle
    listener(record)
  File "C:\Users\Davide\Desktop\ServerSmartPlug\gui\windows.py", line 25, in _add_console_line
    self.console_text.configure(state='normal')
  File "C:\Users\Davide\AppData\Local\Programs\Python\Python312\Lib\tkinter\__init__.py", line 1722, in configure
    return self._configure('configure', cnf, kw)
           ^^^^^^^^^^^^^^^^^^^^^^^^^^^^^^^^^^^^^
  File "C:\Users\Davide\AppData\Local\Programs\Python\Python312\Lib\tkinter\__init__.py", line 1712, in _configure
    self.tk.call(_flatten((self._w, cmd)) + self._options(cnf))
_tkinter.TclError: invalid command name ".!frame4.!frame.!text"
Unclosed connector
connections: ['deque([(<aiohttp.client_proto.ResponseHandler object at 0x0000021E98B1FE30>, 858973.218)])']
connector: <aiohttp.connector.TCPConnector object at 0x0000021E98B5F950>
Exception in default exception handler
Traceback (most recent call last):
  File "C:\Users\Davide\AppData\Local\Programs\Python\Python312\Lib\asyncio\base_events.py", line 1847, in call_exception_handler
    self.default_exception_handler(context)
  File "C:\Users\Davide\AppData\Local\Programs\Python\Python312\Lib\asyncio\base_events.py", line 1821, in default_exception_handler
    logger.error('\n'.join(log_lines), exc_info=exc_info)
  File "C:\Users\Davide\AppData\Local\Programs\Python\Python312\Lib\logging\__init__.py", line 1568, in error
    self._log(ERROR, msg, args, **kwargs)
  File "C:\Users\Davide\AppData\Local\Programs\Python\Python312\Lib\logging\__init__.py", line 1684, in _log
    self.handle(record)
  File "C:\Users\Davide\AppData\Local\Programs\Python\Python312\Lib\logging\__init__.py", line 1700, in handle
    self.callHandlers(record)
  File "C:\Users\Davide\AppData\Local\Programs\Python\Python312\Lib\logging\__init__.py", line 1762, in callHandlers
    hdlr.handle(record)
  File "C:\Users\Davide\Desktop\ServerSmartPlug\log_manager.py", line 16, in handle
    listener(record)
  File "C:\Users\Davide\Desktop\ServerSmartPlug\gui\windows.py", line 25, in _add_console_line
    self.console_text.configure(state='normal')
  File "C:\Users\Davide\AppData\Local\Programs\Python\Python312\Lib\tkinter\__init__.py", line 1722, in configure
    return self._configure('configure', cnf, kw)
           ^^^^^^^^^^^^^^^^^^^^^^^^^^^^^^^^^^^^^
  File "C:\Users\Davide\AppData\Local\Programs\Python\Python312\Lib\tkinter\__init__.py", line 1712, in _configure
    self.tk.call(_flatten((self._w, cmd)) + self._options(cnf))
_tkinter.TclError: invalid command name ".!frame4.!frame.!text"
Discovery started...
Using proactor: IocpProactor
Listening on 127.0.0.1:8080
[DISCOVERY] 255.255.255.255 >> {'system': {'get_sysinfo': {}}}
Waiting 5 seconds for responses...
Using proactor: IocpProactor
Using SmartDevice for SMART.TAPOPLUG
Finding protocol for 192.168.100.112
Finding protocol for DeviceFamily.SmartTapoPlug
Finding transport for SMART.AES
Created AES transport for 192.168.100.112
[DISCOVERY] 192.168.100.112 << {'error_code': 0,
 'result': {'device_id': 'REDACTED_c913ec3cd97a6bec2fbb1ee',
            'device_model': 'P100',
            'device_type': 'SMART.TAPOPLUG',
            'factory_default': False,
            'ip': '192.168.100.112',
            'is_support_iot_cloud': True,
            'mac': '74-DA-88-00-00-00',
            'mgt_encrypt_schm': {'encrypt_type': 'AES',
                                 'http_port': 80,
                                 'is_support_https': False,
                                 'lv': 2},
            'owner': 'REDACTED_19347acd812465188388075'}}
Initializing 192.168.100.112 of type <class 'kasa.smart.smartdevice.SmartDevice'>
Discovery finished! Found: 1 device(s)
Discovered 1 devices
Using proactor: IocpProactor
[DISCOVERY] 192.168.100.112 >> {'system': {'get_sysinfo': {}}}
Waiting a total of 5 seconds for responses...
Using SmartDevice for SMART.TAPOPLUG
Finding protocol for 192.168.100.112
Finding protocol for DeviceFamily.SmartTapoPlug
Finding transport for SMART.AES
Created AES transport for 192.168.100.112
[DISCOVERY] 192.168.100.112 << {'error_code': 0,
 'result': {'device_id': 'REDACTED_c913ec3cd97a6bec2fbb1ee',
            'device_model': 'P100',
            'device_type': 'SMART.TAPOPLUG',
            'factory_default': False,
            'ip': '192.168.100.112',
            'is_support_iot_cloud': True,
            'mac': '74-DA-88-00-00-00',
            'mgt_encrypt_schm': {'encrypt_type': 'AES',
                                 'http_port': 80,
                                 'is_support_https': False,
                                 'lv': 2},
            'owner': 'REDACTED_19347acd812465188388075'}}
Initializing 192.168.100.112 of type <class 'kasa.smart.smartdevice.SmartDevice'>
192.168.100.112 multi-request-batch-1-of-1 >> '{"method":"multipleRequest","request_time_milis":1743685465329,"terminal_uuid":"xCAUjbwkSP0Tsx+zuOlmLw==","params":{"requests":[{"method":"component_nego"},{"method":"get_device_info"},{"method":"get_connect_cloud_state"}]}}'
Will perform handshaking...
Posting to http://192.168.100.112/app
Generating keypair
Handshake request: {'method': 'handshake', 'params': {'key': '-----BEGIN PUBLIC KEY-----\nMIGfMA0GCSqGSIb3DQEBAQUAA4GNADCBiQKBgQC4MRBg+uZKF2nuVNwEL2/Fhau5ApCOWObjdj1MnlZ6PiHoqtBs0C49D34GwhayyPUIhtVZ3XC+iGechMIkqPwUkP9K+3J4oCswsDmqUqP3gEmyfqi2hjQlI0jHW4o0Il0z7/1VyLIfMJgkDfR2FROeywi6bSG6VPxRFGUX9yFnnwIDAQAB\n-----END PUBLIC KEY-----\n'}}
Device responded with: {'error_code': 0, 'result': {'key': 'cW6hsXYENJ+pVGF1Ib2HTsv4uh4/w8MzaNPfgZe8QPHz+S3ktIdvd98ntX3kgHqq9swee6N3sz25I89UttJtVfqHcXlBCkzjNfCtQGM2CSbynbkiYs6sIUM9V/0x06FLZGMv3gJqjbh2vyqph8RCqUIPF/W8mYG9OLUKuTq9mCQ='}}
Handshake with 192.168.100.112 complete
Posting to http://192.168.100.112/app
192.168.100.112: logged in with provided credentials
Posting to http://192.168.100.112/app?token=AA7EB77B672B61290109020832183B18
Device 192.168.100.112 received an os error, enabling sequential request delay: Server disconnected
Device 192.168.100.112 got a connection error, will retry 3 times: ('Device connection error: 192.168.100.112: Server disconnected', ServerDisconnectedError('Server disconnected'))
192.168.100.112 multi-request-batch-1-of-1 >> '{"method":"multipleRequest","request_time_milis":1743685465453,"terminal_uuid":"xCAUjbwkSP0Tsx+zuOlmLw==","params":{"requests":[{"method":"component_nego"},{"method":"get_device_info"},{"method":"get_connect_cloud_state"}]}}'
Device 192.168.100.112 waiting 0.25 seconds to send request
Posting to http://192.168.100.112/app?token=AA7EB77B672B61290109020832183B18
192.168.100.112 multi-request-batch-1-of-1 << {'error_code': 0,
 'result': {'responses': [{'error_code': 0,
                           'method': 'component_nego',
                           'result': {'component_list': [{'id': 'device',
                                                          'ver_code': 2},
                                                         {'id': 'firmware',
                                                          'ver_code': 1},
                                                         {'id': 'quick_setup',
                                                          'ver_code': 3},
                                                         {'id': 'time',
                                                          'ver_code': 1},
                                                         {'id': 'wireless',
                                                          'ver_code': 1},
                                                         {'id': 'schedule',
                                                          'ver_code': 2},
                                                         {'id': 'countdown',
                                                          'ver_code': 2},
                                                         {'id': 'antitheft',
                                                          'ver_code': 1},
                                                         {'id': 'account',
                                                          'ver_code': 1},
                                                         {'id': 'synchronize',
                                                          'ver_code': 1},
                                                         {'id': 'sunrise_sunset',
                                                          'ver_code': 1},
                                                         {'id': 'led',
                                                          'ver_code': 1},
                                                         {'id': 'cloud_connect',
                                                          'ver_code': 1},
                                                         {'id': 'iot_cloud',
                                                          'ver_code': 1},
                                                         {'id': 'default_states',
                                                          'ver_code': 1}]}},
                          {'error_code': 0,
                           'method': 'get_device_info',
                           'result': {'avatar': 'plug',
                                      'default_states': {'state': {},
                                                         'type': 'last_states'},
                                      'device_id': 'REDACTED_DB80F24B353338FA05BB18C1C486215',
                                      'device_on': True,
                                      'fw_id': 'REDACTED_A25ABDE41405B20C6F98816',
                                      'fw_ver': '1.3.7 Build 20230711 Rel. '
                                                '61904',
                                      'has_set_location_info': True,
                                      'hw_id': 'REDACTED_5B29645B8150C392284029D',
                                      'hw_ver': '1.0.0',
                                      'ip': '192.168.100.112',
                                      'lang': 'it_IT',
                                      'latitude': 0,
                                      'location': '',
                                      'longitude': 0,
                                      'mac': '74-DA-88-00-00-00',
                                      'model': 'P100',
                                      'nickname': 'I01BU0tFRF9OQU1FIw==',
                                      'oem_id': 'REDACTED_06C60A9AEEA36A3347B6EBC',
                                      'on_time': 49,
                                      'overheated': False,
                                      'region': 'Europe/Rome',
                                      'rssi': -40,
                                      'signal_level': 3,
                                      'specs': 'EU',
                                      'ssid': 'I01BU0tFRF9TU0lEIw==',
                                      'time_diff': 60,
                                      'type': 'SMART.TAPOPLUG'}},
                          {'error_code': 0,
                           'method': 'get_connect_cloud_state',
                           'result': {'status': 0}}]}}
Device 192.168.100.112, found required cloud_connect, adding Cloud to modules.
Device 192.168.100.112, found required device, adding DeviceModule to modules.
Device 192.168.100.112, found required firmware, adding Firmware to modules.
Device 192.168.100.112, found required led, adding Led to modules.
Device 192.168.100.112, found required None, adding OverheatProtection to modules.
Device 192.168.100.112, found required time, adding Time to modules.
Querying 192.168.100.112 for modules: Time, Led
192.168.100.112 multi-request-batch-1-of-1 >> '{"method":"multipleRequest","request_time_milis":1743685465823,"terminal_uuid":"xCAUjbwkSP0Tsx+zuOlmLw==","params":{"requests":[{"method":"get_device_time"},{"method":"get_led_info"}]}}'
Device 192.168.100.112 waiting 0.25 seconds to send request
Posting to http://192.168.100.112/app?token=AA7EB77B672B61290109020832183B18
192.168.100.112 multi-request-batch-1-of-1 << {'error_code': 0,
 'result': {'responses': [{'error_code': 0,
                           'method': 'get_device_time',
                           'result': {'region': 'Europe/Rome',
                                      'time_diff': 60,
                                      'timestamp': 1743685461}},
                          {'error_code': 0,
                           'method': 'get_led_info',
                           'result': {'led_rule': 'always',
                                      'led_status': True,
                                      'night_mode': {'end_time': 0,
                                                     'night_mode_type': 'unknown',
                                                     'start_time': 0,
                                                     'sunrise_offset': 0,
                                                     'sunset_offset': 0}}}]}}
Update completed 192.168.100.112: ['component_nego', 'get_device_info', 'get_connect_cloud_state', 'get_device_time', 'get_led_info']
Switching status
Using proactor: IocpProactor
[DISCOVERY] 192.168.100.112 >> {'system': {'get_sysinfo': {}}}
Waiting a total of 5 seconds for responses...
Using SmartDevice for SMART.TAPOPLUG
Finding protocol for 192.168.100.112
Finding protocol for DeviceFamily.SmartTapoPlug
Finding transport for SMART.AES
Created AES transport for 192.168.100.112
[DISCOVERY] 192.168.100.112 << {'error_code': 0,
 'result': {'device_id': 'REDACTED_c913ec3cd97a6bec2fbb1ee',
            'device_model': 'P100',
            'device_type': 'SMART.TAPOPLUG',
            'factory_default': False,
            'ip': '192.168.100.112',
            'is_support_iot_cloud': True,
            'mac': '74-DA-88-00-00-00',
            'mgt_encrypt_schm': {'encrypt_type': 'AES',
                                 'http_port': 80,
                                 'is_support_https': False,
                                 'lv': 2},
            'owner': 'REDACTED_19347acd812465188388075'}}
Initializing 192.168.100.112 of type <class 'kasa.smart.smartdevice.SmartDevice'>
192.168.100.112 >> '{"method":"set_device_info","request_time_milis":1743685467615,"terminal_uuid":"Y7Son1v1hM5KZaI8umWnlw==","params":{"device_on":false}}'
Will perform handshaking...
Posting to http://192.168.100.112/app
Generating keypair
Handshake request: {'method': 'handshake', 'params': {'key': '-----BEGIN PUBLIC KEY-----\nMIGfMA0GCSqGSIb3DQEBAQUAA4GNADCBiQKBgQCv4dIqo7pCZOPFuZ6sB+OYkq+R/3P6Cg1ipr8B+DXcEHMHN42GO0AWoRlkY11O40IOf9ClfcddWFvRd1+KLI7AuvTMXSthDNEgV4W6syOMZf54AAhgbId0R64z4m/8byaV7QEmJOFVI1w6VIj8obaEUoy9AYC0r9MR4suFjdj6UQIDAQAB\n-----END PUBLIC KEY-----\n'}}
Device responded with: {'error_code': 0, 'result': {'key': 'nkt/0f84e2R94lyZobhaHPr/NZRh97A6ddrbQDJMz49jBj09uyQvyw9uaGyvKvxTsz5aUUCe4lMzWQIpfgoJNXaIFhkMdDi+444l3z2a3UX4N7S64iIt65maHL0UbN5A9qTjg5WQNHr1VTACBxgHRPlis3ZXRftMMqjodk7IANI='}}
Handshake with 192.168.100.112 complete
Posting to http://192.168.100.112/app
192.168.100.112: logged in with provided credentials
Posting to http://192.168.100.112/app?token=9014561938C9DBCFE4AF15AC0A9CF29D
Device 192.168.100.112 received an os error, enabling sequential request delay: Server disconnected
Device 192.168.100.112 got a connection error, will retry 3 times: ('Device connection error: 192.168.100.112: Server disconnected', ServerDisconnectedError('Server disconnected'))
192.168.100.112 >> '{"method":"set_device_info","request_time_milis":1743685467738,"terminal_uuid":"Y7Son1v1hM5KZaI8umWnlw==","params":{"device_on":false}}'
Device 192.168.100.112 waiting 0.25 seconds to send request
Posting to http://192.168.100.112/app?token=9014561938C9DBCFE4AF15AC0A9CF29D
192.168.100.112 << {'error_code': 0}
192.168.100.112 multi-request-batch-1-of-1 >> '{"method":"multipleRequest","request_time_milis":1743685468144,"terminal_uuid":"Y7Son1v1hM5KZaI8umWnlw==","params":{"requests":[{"method":"component_nego"},{"method":"get_device_info"},{"method":"get_connect_cloud_state"}]}}'
Device 192.168.100.112 waiting 0.25 seconds to send request
Posting to http://192.168.100.112/app?token=9014561938C9DBCFE4AF15AC0A9CF29D
192.168.100.112 multi-request-batch-1-of-1 << {'error_code': 0,
 'result': {'responses': [{'error_code': 0,
                           'method': 'component_nego',
                           'result': {'component_list': [{'id': 'device',
                                                          'ver_code': 2},
                                                         {'id': 'firmware',
                                                          'ver_code': 1},
                                                         {'id': 'quick_setup',
                                                          'ver_code': 3},
                                                         {'id': 'time',
                                                          'ver_code': 1},
                                                         {'id': 'wireless',
                                                          'ver_code': 1},
                                                         {'id': 'schedule',
                                                          'ver_code': 2},
                                                         {'id': 'countdown',
                                                          'ver_code': 2},
                                                         {'id': 'antitheft',
                                                          'ver_code': 1},
                                                         {'id': 'account',
                                                          'ver_code': 1},
                                                         {'id': 'synchronize',
                                                          'ver_code': 1},
                                                         {'id': 'sunrise_sunset',
                                                          'ver_code': 1},
                                                         {'id': 'led',
                                                          'ver_code': 1},
                                                         {'id': 'cloud_connect',
                                                          'ver_code': 1},
                                                         {'id': 'iot_cloud',
                                                          'ver_code': 1},
                                                         {'id': 'default_states',
                                                          'ver_code': 1}]}},
                          {'error_code': 0,
                           'method': 'get_device_info',
                           'result': {'avatar': 'plug',
                                      'default_states': {'state': {},
                                                         'type': 'last_states'},
                                      'device_id': 'REDACTED_DB80F24B353338FA05BB18C1C486215',
                                      'device_on': False,
                                      'fw_id': 'REDACTED_A25ABDE41405B20C6F98816',
                                      'fw_ver': '1.3.7 Build 20230711 Rel. '
                                                '61904',
                                      'has_set_location_info': True,
                                      'hw_id': 'REDACTED_5B29645B8150C392284029D',
                                      'hw_ver': '1.0.0',
                                      'ip': '192.168.100.112',
                                      'lang': 'it_IT',
                                      'latitude': 0,
                                      'location': '',
                                      'longitude': 0,
                                      'mac': '74-DA-88-00-00-00',
                                      'model': 'P100',
                                      'nickname': 'I01BU0tFRF9OQU1FIw==',
                                      'oem_id': 'REDACTED_06C60A9AEEA36A3347B6EBC',
                                      'on_time': 0,
                                      'overheated': False,
                                      'region': 'Europe/Rome',
                                      'rssi': -40,
                                      'signal_level': 3,
                                      'specs': 'EU',
                                      'ssid': 'I01BU0tFRF9TU0lEIw==',
                                      'time_diff': 60,
                                      'type': 'SMART.TAPOPLUG'}},
                          {'error_code': 0,
                           'method': 'get_connect_cloud_state',
                           'result': {'status': 0}}]}}
Device 192.168.100.112, found required cloud_connect, adding Cloud to modules.
Device 192.168.100.112, found required device, adding DeviceModule to modules.
Device 192.168.100.112, found required firmware, adding Firmware to modules.
Device 192.168.100.112, found required led, adding Led to modules.
Device 192.168.100.112, found required None, adding OverheatProtection to modules.
Device 192.168.100.112, found required time, adding Time to modules.
Querying 192.168.100.112 for modules: Time, Led
192.168.100.112 multi-request-batch-1-of-1 >> '{"method":"multipleRequest","request_time_milis":1743685468475,"terminal_uuid":"Y7Son1v1hM5KZaI8umWnlw==","params":{"requests":[{"method":"get_device_time"},{"method":"get_led_info"}]}}'
Device 192.168.100.112 waiting 0.25 seconds to send request
Posting to http://192.168.100.112/app?token=9014561938C9DBCFE4AF15AC0A9CF29D
192.168.100.112 multi-request-batch-1-of-1 << {'error_code': 0,
 'result': {'responses': [{'error_code': 0,
                           'method': 'get_device_time',
                           'result': {'region': 'Europe/Rome',
                                      'time_diff': 60,
                                      'timestamp': 1743685464}},
                          {'error_code': 0,
                           'method': 'get_led_info',
                           'result': {'led_rule': 'always',
                                      'led_status': False,
                                      'night_mode': {'end_time': 0,
                                                     'night_mode_type': 'unknown',
                                                     'start_time': 0,
                                                     'sunrise_offset': 0,
                                                     'sunset_offset': 0}}}]}}
Update completed 192.168.100.112: ['component_nego', 'get_device_info', 'get_connect_cloud_state', 'get_device_time', 'get_led_info']
Switching status
Using proactor: IocpProactor
[DISCOVERY] 192.168.100.112 >> {'system': {'get_sysinfo': {}}}
Waiting a total of 5 seconds for responses...
Using SmartDevice for SMART.TAPOPLUG
Finding protocol for 192.168.100.112
Finding protocol for DeviceFamily.SmartTapoPlug
Finding transport for SMART.AES
Created AES transport for 192.168.100.112
[DISCOVERY] 192.168.100.112 << {'error_code': 0,
 'result': {'device_id': 'REDACTED_c913ec3cd97a6bec2fbb1ee',
            'device_model': 'P100',
            'device_type': 'SMART.TAPOPLUG',
            'factory_default': False,
            'ip': '192.168.100.112',
            'is_support_iot_cloud': True,
            'mac': '74-DA-88-00-00-00',
            'mgt_encrypt_schm': {'encrypt_type': 'AES',
                                 'http_port': 80,
                                 'is_support_https': False,
                                 'lv': 2},
            'owner': 'REDACTED_19347acd812465188388075'}}
Initializing 192.168.100.112 of type <class 'kasa.smart.smartdevice.SmartDevice'>
192.168.100.112 >> '{"method":"set_device_info","request_time_milis":1743685471602,"terminal_uuid":"ExHn1PjM6YaZg6QSEydWwg==","params":{"device_on":true}}'
Will perform handshaking...
Posting to http://192.168.100.112/app
Unclosed client session
client_session: <aiohttp.client.ClientSession object at 0x000001F977E19430>
Unclosed connector
connections: ['deque([(<aiohttp.client_proto.ResponseHandler object at 0x000001F977DD7E30>, 859024.531)])']
connector: <aiohttp.connector.TCPConnector object at 0x000001F977E1B830>
Generating keypair
Handshake request: {'method': 'handshake', 'params': {'key': '-----BEGIN PUBLIC KEY-----\nMIGfMA0GCSqGSIb3DQEBAQUAA4GNADCBiQKBgQC1jW1WkKhtTpNCqQSH2LQgg4mzPSdEzoXneUNJsUwVBgI4agptsgF+AutmIjtwneHZ1d8gwvkfDfCwbezkH3eyvOufPbhMGbaClUxGKAz4pcHeC5zH81S2NIimex+bM99kGu6Ztapvc+XX8dkC/IYbMcSjmp+AU7pGIvbHm9imVQIDAQAB\n-----END PUBLIC KEY-----\n'}}
Device responded with: {'error_code': 0, 'result': {'key': 'P/UU7tKZyqwyHL/yiPioaz3h4V9qWqHP3Mto0C7CiPSCeldehK9FdnYd7GjQn16rZquVrCPuaQsLy8DXJKdbMOFEfNOj/3EcqF/r4dc/f3zi/UTO2lp1yRQVajOXWEn7O20m5Xuvs+wTN1rAOPPxQhPkP0TpzYrNtIuDPjPOKlg='}}
Handshake with 192.168.100.112 complete
Posting to http://192.168.100.112/app
192.168.100.112: logged in with provided credentials
Posting to http://192.168.100.112/app?token=6A43794149614060D070D47094709670
Device 192.168.100.112 received an os error, enabling sequential request delay: Server disconnected
Device 192.168.100.112 got a connection error, will retry 3 times: ('Device connection error: 192.168.100.112: Server disconnected', ServerDisconnectedError('Server disconnected'))
192.168.100.112 >> '{"method":"set_device_info","request_time_milis":1743685471712,"terminal_uuid":"ExHn1PjM6YaZg6QSEydWwg==","params":{"device_on":true}}'
Device 192.168.100.112 waiting 0.25 seconds to send request
Posting to http://192.168.100.112/app?token=6A43794149614060D070D47094709670
192.168.100.112 << {'error_code': 0}
192.168.100.112 multi-request-batch-1-of-1 >> '{"method":"multipleRequest","request_time_milis":1743685472075,"terminal_uuid":"ExHn1PjM6YaZg6QSEydWwg==","params":{"requests":[{"method":"component_nego"},{"method":"get_device_info"},{"method":"get_connect_cloud_state"}]}}'
Device 192.168.100.112 waiting 0.25 seconds to send request
Posting to http://192.168.100.112/app?token=6A43794149614060D070D47094709670
192.168.100.112 multi-request-batch-1-of-1 << {'error_code': 0,
 'result': {'responses': [{'error_code': 0,
                           'method': 'component_nego',
                           'result': {'component_list': [{'id': 'device',
                                                          'ver_code': 2},
                                                         {'id': 'firmware',
                                                          'ver_code': 1},
                                                         {'id': 'quick_setup',
                                                          'ver_code': 3},
                                                         {'id': 'time',
                                                          'ver_code': 1},
                                                         {'id': 'wireless',
                                                          'ver_code': 1},
                                                         {'id': 'schedule',
                                                          'ver_code': 2},
                                                         {'id': 'countdown',
                                                          'ver_code': 2},
                                                         {'id': 'antitheft',
                                                          'ver_code': 1},
                                                         {'id': 'account',
                                                          'ver_code': 1},
                                                         {'id': 'synchronize',
                                                          'ver_code': 1},
                                                         {'id': 'sunrise_sunset',
                                                          'ver_code': 1},
                                                         {'id': 'led',
                                                          'ver_code': 1},
                                                         {'id': 'cloud_connect',
                                                          'ver_code': 1},
                                                         {'id': 'iot_cloud',
                                                          'ver_code': 1},
                                                         {'id': 'default_states',
                                                          'ver_code': 1}]}},
                          {'error_code': 0,
                           'method': 'get_device_info',
                           'result': {'avatar': 'plug',
                                      'default_states': {'state': {},
                                                         'type': 'last_states'},
                                      'device_id': 'REDACTED_DB80F24B353338FA05BB18C1C486215',
                                      'device_on': True,
                                      'fw_id': 'REDACTED_A25ABDE41405B20C6F98816',
                                      'fw_ver': '1.3.7 Build 20230711 Rel. '
                                                '61904',
                                      'has_set_location_info': True,
                                      'hw_id': 'REDACTED_5B29645B8150C392284029D',
                                      'hw_ver': '1.0.0',
                                      'ip': '192.168.100.112',
                                      'lang': 'it_IT',
                                      'latitude': 0,
                                      'location': '',
                                      'longitude': 0,
                                      'mac': '74-DA-88-00-00-00',
                                      'model': 'P100',
                                      'nickname': 'I01BU0tFRF9OQU1FIw==',
                                      'oem_id': 'REDACTED_06C60A9AEEA36A3347B6EBC',
                                      'on_time': 0,
                                      'overheated': False,
                                      'region': 'Europe/Rome',
                                      'rssi': -40,
                                      'signal_level': 3,
                                      'specs': 'EU',
                                      'ssid': 'I01BU0tFRF9TU0lEIw==',
                                      'time_diff': 60,
                                      'type': 'SMART.TAPOPLUG'}},
                          {'error_code': 0,
                           'method': 'get_connect_cloud_state',
                           'result': {'status': 0}}]}}
Device 192.168.100.112, found required cloud_connect, adding Cloud to modules.
Device 192.168.100.112, found required device, adding DeviceModule to modules.
Device 192.168.100.112, found required firmware, adding Firmware to modules.
Device 192.168.100.112, found required led, adding Led to modules.
Device 192.168.100.112, found required None, adding OverheatProtection to modules.
Device 192.168.100.112, found required time, adding Time to modules.
Querying 192.168.100.112 for modules: Time, Led
192.168.100.112 multi-request-batch-1-of-1 >> '{"method":"multipleRequest","request_time_milis":1743685472410,"terminal_uuid":"ExHn1PjM6YaZg6QSEydWwg==","params":{"requests":[{"method":"get_device_time"},{"method":"get_led_info"}]}}'
Device 192.168.100.112 waiting 0.23400000005494803 seconds to send request
Posting to http://192.168.100.112/app?token=6A43794149614060D070D47094709670
192.168.100.112 multi-request-batch-1-of-1 << {'error_code': 0,
 'result': {'responses': [{'error_code': 0,
                           'method': 'get_device_time',
                           'result': {'region': 'Europe/Rome',
                                      'time_diff': 60,
                                      'timestamp': 1743685467}},
                          {'error_code': 0,
                           'method': 'get_led_info',
                           'result': {'led_rule': 'always',
                                      'led_status': True,
                                      'night_mode': {'end_time': 0,
                                                     'night_mode_type': 'unknown',
                                                     'start_time': 0,
                                                     'sunrise_offset': 0,
                                                     'sunset_offset': 0}}}]}}
Update completed 192.168.100.112: ['component_nego', 'get_device_info', 'get_connect_cloud_state', 'get_device_time', 'get_led_info']
Switching status
Using proactor: IocpProactor
[DISCOVERY] 192.168.100.112 >> {'system': {'get_sysinfo': {}}}
Waiting a total of 5 seconds for responses...
Using SmartDevice for SMART.TAPOPLUG
Finding protocol for 192.168.100.112
Finding protocol for DeviceFamily.SmartTapoPlug
Finding transport for SMART.AES
Created AES transport for 192.168.100.112
[DISCOVERY] 192.168.100.112 << {'error_code': 0,
 'result': {'device_id': 'REDACTED_c913ec3cd97a6bec2fbb1ee',
            'device_model': 'P100',
            'device_type': 'SMART.TAPOPLUG',
            'factory_default': False,
            'ip': '192.168.100.112',
            'is_support_iot_cloud': True,
            'mac': '74-DA-88-00-00-00',
            'mgt_encrypt_schm': {'encrypt_type': 'AES',
                                 'http_port': 80,
                                 'is_support_https': False,
                                 'lv': 2},
            'owner': 'REDACTED_19347acd812465188388075'}}
Initializing 192.168.100.112 of type <class 'kasa.smart.smartdevice.SmartDevice'>
192.168.100.112 >> '{"method":"set_device_info","request_time_milis":1743685479277,"terminal_uuid":"gw6N+ZKFH4Et54XQeoP+tQ==","params":{"device_on":false}}'
Will perform handshaking...
Posting to http://192.168.100.112/app
Generating keypair
Handshake request: {'method': 'handshake', 'params': {'key': '-----BEGIN PUBLIC KEY-----\nMIGfMA0GCSqGSIb3DQEBAQUAA4GNADCBiQKBgQCYzxO04rgjgtwf2RweV330lLccbfCJL2hgV5uUI7v7xDqssuzLZxIrmFLr9huPEdrkWbAOMS7xU4jaqv5PQRAPhflLngQklv9BK25eYxAH/VOgS/yn7D51JXd+g/67rQUQIDbajG/hNhMj+nRrsa0VX2F3YVSttVjuO4LBQMse1QIDAQAB\n-----END PUBLIC KEY-----\n'}}
Device responded with: {'error_code': 0, 'result': {'key': 'ExScyFkrMYbhdVF83rZzRXRSFBxV2m4zFSSqdQV3sYCYYgjza4yPrDPTDZ98SRdfw9kbtPkpuol3xCOGhDl9hM8vuBvWH6K+0fn0jrBid0OIa0NRplbIwhAiH+Bz5qah7fQNJ0DQCs2lL1XiQ+Vym0bpeGx2kKw081SK07gp99I='}}
Handshake with 192.168.100.112 complete
Posting to http://192.168.100.112/app
192.168.100.112: logged in with provided credentials
Posting to http://192.168.100.112/app?token=8A856683A9E357E0B0D0C7D1BCC107C1
Device 192.168.100.112 received an os error, enabling sequential request delay: Server disconnected
Device 192.168.100.112 got a connection error, will retry 3 times: ('Device connection error: 192.168.100.112: Server disconnected', ServerDisconnectedError('Server disconnected'))
192.168.100.112 >> '{"method":"set_device_info","request_time_milis":1743685479435,"terminal_uuid":"gw6N+ZKFH4Et54XQeoP+tQ==","params":{"device_on":false}}'
Device 192.168.100.112 waiting 0.25 seconds to send request
Posting to http://192.168.100.112/app?token=8A856683A9E357E0B0D0C7D1BCC107C1
192.168.100.112 << {'error_code': 0}
192.168.100.112 multi-request-batch-1-of-1 >> '{"method":"multipleRequest","request_time_milis":1743685479828,"terminal_uuid":"gw6N+ZKFH4Et54XQeoP+tQ==","params":{"requests":[{"method":"component_nego"},{"method":"get_device_info"},{"method":"get_connect_cloud_state"}]}}'
Device 192.168.100.112 waiting 0.23499999998603016 seconds to send request
Posting to http://192.168.100.112/app?token=8A856683A9E357E0B0D0C7D1BCC107C1
192.168.100.112 multi-request-batch-1-of-1 << {'error_code': 0,
 'result': {'responses': [{'error_code': 0,
                           'method': 'component_nego',
                           'result': {'component_list': [{'id': 'device',
                                                          'ver_code': 2},
                                                         {'id': 'firmware',
                                                          'ver_code': 1},
                                                         {'id': 'quick_setup',
                                                          'ver_code': 3},
                                                         {'id': 'time',
                                                          'ver_code': 1},
                                                         {'id': 'wireless',
                                                          'ver_code': 1},
                                                         {'id': 'schedule',
                                                          'ver_code': 2},
                                                         {'id': 'countdown',
                                                          'ver_code': 2},
                                                         {'id': 'antitheft',
                                                          'ver_code': 1},
                                                         {'id': 'account',
                                                          'ver_code': 1},
                                                         {'id': 'synchronize',
                                                          'ver_code': 1},
                                                         {'id': 'sunrise_sunset',
                                                          'ver_code': 1},
                                                         {'id': 'led',
                                                          'ver_code': 1},
                                                         {'id': 'cloud_connect',
                                                          'ver_code': 1},
                                                         {'id': 'iot_cloud',
                                                          'ver_code': 1},
                                                         {'id': 'default_states',
                                                          'ver_code': 1}]}},
                          {'error_code': 0,
                           'method': 'get_device_info',
                           'result': {'avatar': 'plug',
                                      'default_states': {'state': {},
                                                         'type': 'last_states'},
                                      'device_id': 'REDACTED_DB80F24B353338FA05BB18C1C486215',
                                      'device_on': False,
                                      'fw_id': 'REDACTED_A25ABDE41405B20C6F98816',
                                      'fw_ver': '1.3.7 Build 20230711 Rel. '
                                                '61904',
                                      'has_set_location_info': True,
                                      'hw_id': 'REDACTED_5B29645B8150C392284029D',
                                      'hw_ver': '1.0.0',
                                      'ip': '192.168.100.112',
                                      'lang': 'it_IT',
                                      'latitude': 0,
                                      'location': '',
                                      'longitude': 0,
                                      'mac': '74-DA-88-00-00-00',
                                      'model': 'P100',
                                      'nickname': 'I01BU0tFRF9OQU1FIw==',
                                      'oem_id': 'REDACTED_06C60A9AEEA36A3347B6EBC',
                                      'on_time': 0,
                                      'overheated': False,
                                      'region': 'Europe/Rome',
                                      'rssi': -40,
                                      'signal_level': 3,
                                      'specs': 'EU',
                                      'ssid': 'I01BU0tFRF9TU0lEIw==',
                                      'time_diff': 60,
                                      'type': 'SMART.TAPOPLUG'}},
                          {'error_code': 0,
                           'method': 'get_connect_cloud_state',
                           'result': {'status': 0}}]}}
Device 192.168.100.112, found required cloud_connect, adding Cloud to modules.
Device 192.168.100.112, found required device, adding DeviceModule to modules.
Device 192.168.100.112, found required firmware, adding Firmware to modules.
Device 192.168.100.112, found required led, adding Led to modules.
Device 192.168.100.112, found required None, adding OverheatProtection to modules.
Device 192.168.100.112, found required time, adding Time to modules.
Querying 192.168.100.112 for modules: Time, Led
192.168.100.112 multi-request-batch-1-of-1 >> '{"method":"multipleRequest","request_time_milis":1743685480173,"terminal_uuid":"gw6N+ZKFH4Et54XQeoP+tQ==","params":{"requests":[{"method":"get_device_time"},{"method":"get_led_info"}]}}'
Device 192.168.100.112 waiting 0.23499999998603016 seconds to send request
Posting to http://192.168.100.112/app?token=8A856683A9E357E0B0D0C7D1BCC107C1
192.168.100.112 multi-request-batch-1-of-1 << {'error_code': 0,
 'result': {'responses': [{'error_code': 0,
                           'method': 'get_device_time',
                           'result': {'region': 'Europe/Rome',
                                      'time_diff': 60,
                                      'timestamp': 1743685475}},
                          {'error_code': 0,
                           'method': 'get_led_info',
                           'result': {'led_rule': 'always',
                                      'led_status': False,
                                      'night_mode': {'end_time': 0,
                                                     'night_mode_type': 'unknown',
                                                     'start_time': 0,
                                                     'sunrise_offset': 0,
                                                     'sunset_offset': 0}}}]}}
Update completed 192.168.100.112: ['component_nego', 'get_device_info', 'get_connect_cloud_state', 'get_device_time', 'get_led_info']
Unclosed client session
client_session: <aiohttp.client.ClientSession object at 0x000001F977E55130>
Exception in default exception handler
Traceback (most recent call last):
  File "C:\Users\Davide\AppData\Local\Programs\Python\Python312\Lib\asyncio\base_events.py", line 1847, in call_exception_handler
    self.default_exception_handler(context)
  File "C:\Users\Davide\AppData\Local\Programs\Python\Python312\Lib\asyncio\base_events.py", line 1821, in default_exception_handler
    logger.error('\n'.join(log_lines), exc_info=exc_info)
  File "C:\Users\Davide\AppData\Local\Programs\Python\Python312\Lib\logging\__init__.py", line 1568, in error
    self._log(ERROR, msg, args, **kwargs)
  File "C:\Users\Davide\AppData\Local\Programs\Python\Python312\Lib\logging\__init__.py", line 1684, in _log
    self.handle(record)
  File "C:\Users\Davide\AppData\Local\Programs\Python\Python312\Lib\logging\__init__.py", line 1700, in handle
    self.callHandlers(record)
  File "C:\Users\Davide\AppData\Local\Programs\Python\Python312\Lib\logging\__init__.py", line 1762, in callHandlers
    hdlr.handle(record)
  File "C:\Users\Davide\Desktop\ServerSmartPlug\log_manager.py", line 16, in handle
    listener(record)
  File "C:\Users\Davide\Desktop\ServerSmartPlug\gui\windows.py", line 25, in _add_console_line
    self.console_text.configure(state='normal')
  File "C:\Users\Davide\AppData\Local\Programs\Python\Python312\Lib\tkinter\__init__.py", line 1722, in configure
    return self._configure('configure', cnf, kw)
           ^^^^^^^^^^^^^^^^^^^^^^^^^^^^^^^^^^^^^
  File "C:\Users\Davide\AppData\Local\Programs\Python\Python312\Lib\tkinter\__init__.py", line 1712, in _configure
    self.tk.call(_flatten((self._w, cmd)) + self._options(cnf))
_tkinter.TclError: invalid command name ".!frame4.!frame.!text"
Unclosed connector
connections: ['deque([(<aiohttp.client_proto.ResponseHandler object at 0x000001F977E74050>, 859036.218)])']
connector: <aiohttp.connector.TCPConnector object at 0x000001F977E55160>
Exception in default exception handler
Traceback (most recent call last):
  File "C:\Users\Davide\AppData\Local\Programs\Python\Python312\Lib\asyncio\base_events.py", line 1847, in call_exception_handler
    self.default_exception_handler(context)
  File "C:\Users\Davide\AppData\Local\Programs\Python\Python312\Lib\asyncio\base_events.py", line 1821, in default_exception_handler
    logger.error('\n'.join(log_lines), exc_info=exc_info)
  File "C:\Users\Davide\AppData\Local\Programs\Python\Python312\Lib\logging\__init__.py", line 1568, in error
    self._log(ERROR, msg, args, **kwargs)
  File "C:\Users\Davide\AppData\Local\Programs\Python\Python312\Lib\logging\__init__.py", line 1684, in _log
    self.handle(record)
  File "C:\Users\Davide\AppData\Local\Programs\Python\Python312\Lib\logging\__init__.py", line 1700, in handle
    self.callHandlers(record)
  File "C:\Users\Davide\AppData\Local\Programs\Python\Python312\Lib\logging\__init__.py", line 1762, in callHandlers
    hdlr.handle(record)
  File "C:\Users\Davide\Desktop\ServerSmartPlug\log_manager.py", line 16, in handle
    listener(record)
  File "C:\Users\Davide\Desktop\ServerSmartPlug\gui\windows.py", line 25, in _add_console_line
    self.console_text.configure(state='normal')
  File "C:\Users\Davide\AppData\Local\Programs\Python\Python312\Lib\tkinter\__init__.py", line 1722, in configure
    return self._configure('configure', cnf, kw)
           ^^^^^^^^^^^^^^^^^^^^^^^^^^^^^^^^^^^^^
  File "C:\Users\Davide\AppData\Local\Programs\Python\Python312\Lib\tkinter\__init__.py", line 1712, in _configure
    self.tk.call(_flatten((self._w, cmd)) + self._options(cnf))
_tkinter.TclError: invalid command name ".!frame4.!frame.!text"
Unclosed client session
client_session: <aiohttp.client.ClientSession object at 0x000001F97696DB50>
Exception in default exception handler
Traceback (most recent call last):
  File "C:\Users\Davide\AppData\Local\Programs\Python\Python312\Lib\asyncio\base_events.py", line 1847, in call_exception_handler
    self.default_exception_handler(context)
  File "C:\Users\Davide\AppData\Local\Programs\Python\Python312\Lib\asyncio\base_events.py", line 1821, in default_exception_handler
    logger.error('\n'.join(log_lines), exc_info=exc_info)
  File "C:\Users\Davide\AppData\Local\Programs\Python\Python312\Lib\logging\__init__.py", line 1568, in error
    self._log(ERROR, msg, args, **kwargs)
  File "C:\Users\Davide\AppData\Local\Programs\Python\Python312\Lib\logging\__init__.py", line 1684, in _log
    self.handle(record)
  File "C:\Users\Davide\AppData\Local\Programs\Python\Python312\Lib\logging\__init__.py", line 1700, in handle
    self.callHandlers(record)
  File "C:\Users\Davide\AppData\Local\Programs\Python\Python312\Lib\logging\__init__.py", line 1762, in callHandlers
    hdlr.handle(record)
  File "C:\Users\Davide\Desktop\ServerSmartPlug\log_manager.py", line 16, in handle
    listener(record)
  File "C:\Users\Davide\Desktop\ServerSmartPlug\gui\windows.py", line 25, in _add_console_line
    self.console_text.configure(state='normal')
  File "C:\Users\Davide\AppData\Local\Programs\Python\Python312\Lib\tkinter\__init__.py", line 1722, in configure
    return self._configure('configure', cnf, kw)
           ^^^^^^^^^^^^^^^^^^^^^^^^^^^^^^^^^^^^^
  File "C:\Users\Davide\AppData\Local\Programs\Python\Python312\Lib\tkinter\__init__.py", line 1712, in _configure
    self.tk.call(_flatten((self._w, cmd)) + self._options(cnf))
_tkinter.TclError: invalid command name ".!frame4.!frame.!text"
Unclosed connector
connections: ['deque([(<aiohttp.client_proto.ResponseHandler object at 0x000001F977DD7950>, 859021.875)])']
connector: <aiohttp.connector.TCPConnector object at 0x000001F977E18A40>
Exception in default exception handler
Traceback (most recent call last):
  File "C:\Users\Davide\AppData\Local\Programs\Python\Python312\Lib\asyncio\base_events.py", line 1847, in call_exception_handler
    self.default_exception_handler(context)
  File "C:\Users\Davide\AppData\Local\Programs\Python\Python312\Lib\asyncio\base_events.py", line 1821, in default_exception_handler
    logger.error('\n'.join(log_lines), exc_info=exc_info)
  File "C:\Users\Davide\AppData\Local\Programs\Python\Python312\Lib\logging\__init__.py", line 1568, in error
    self._log(ERROR, msg, args, **kwargs)
  File "C:\Users\Davide\AppData\Local\Programs\Python\Python312\Lib\logging\__init__.py", line 1684, in _log
    self.handle(record)
  File "C:\Users\Davide\AppData\Local\Programs\Python\Python312\Lib\logging\__init__.py", line 1700, in handle
    self.callHandlers(record)
  File "C:\Users\Davide\AppData\Local\Programs\Python\Python312\Lib\logging\__init__.py", line 1762, in callHandlers
    hdlr.handle(record)
  File "C:\Users\Davide\Desktop\ServerSmartPlug\log_manager.py", line 16, in handle
    listener(record)
  File "C:\Users\Davide\Desktop\ServerSmartPlug\gui\windows.py", line 25, in _add_console_line
    self.console_text.configure(state='normal')
  File "C:\Users\Davide\AppData\Local\Programs\Python\Python312\Lib\tkinter\__init__.py", line 1722, in configure
    return self._configure('configure', cnf, kw)
           ^^^^^^^^^^^^^^^^^^^^^^^^^^^^^^^^^^^^^
  File "C:\Users\Davide\AppData\Local\Programs\Python\Python312\Lib\tkinter\__init__.py", line 1712, in _configure
    self.tk.call(_flatten((self._w, cmd)) + self._options(cnf))
_tkinter.TclError: invalid command name ".!frame4.!frame.!text"
Unclosed client session
client_session: <aiohttp.client.ClientSession object at 0x000001F977E54980>
Exception in default exception handler
Traceback (most recent call last):
  File "C:\Users\Davide\AppData\Local\Programs\Python\Python312\Lib\asyncio\base_events.py", line 1847, in call_exception_handler
    self.default_exception_handler(context)
  File "C:\Users\Davide\AppData\Local\Programs\Python\Python312\Lib\asyncio\base_events.py", line 1821, in default_exception_handler
    logger.error('\n'.join(log_lines), exc_info=exc_info)
  File "C:\Users\Davide\AppData\Local\Programs\Python\Python312\Lib\logging\__init__.py", line 1568, in error
    self._log(ERROR, msg, args, **kwargs)
  File "C:\Users\Davide\AppData\Local\Programs\Python\Python312\Lib\logging\__init__.py", line 1684, in _log
    self.handle(record)
  File "C:\Users\Davide\AppData\Local\Programs\Python\Python312\Lib\logging\__init__.py", line 1700, in handle
    self.callHandlers(record)
  File "C:\Users\Davide\AppData\Local\Programs\Python\Python312\Lib\logging\__init__.py", line 1762, in callHandlers
    hdlr.handle(record)
  File "C:\Users\Davide\Desktop\ServerSmartPlug\log_manager.py", line 16, in handle
    listener(record)
  File "C:\Users\Davide\Desktop\ServerSmartPlug\gui\windows.py", line 25, in _add_console_line
    self.console_text.configure(state='normal')
  File "C:\Users\Davide\AppData\Local\Programs\Python\Python312\Lib\tkinter\__init__.py", line 1722, in configure
    return self._configure('configure', cnf, kw)
           ^^^^^^^^^^^^^^^^^^^^^^^^^^^^^^^^^^^^^
  File "C:\Users\Davide\AppData\Local\Programs\Python\Python312\Lib\tkinter\__init__.py", line 1712, in _configure
    self.tk.call(_flatten((self._w, cmd)) + self._options(cnf))
_tkinter.TclError: invalid command name ".!frame4.!frame.!text"
Unclosed connector
connections: ['deque([(<aiohttp.client_proto.ResponseHandler object at 0x000001F977DD7FB0>, 859028.453)])']
connector: <aiohttp.connector.TCPConnector object at 0x000001F977E546E0>
Exception in default exception handler
Traceback (most recent call last):
  File "C:\Users\Davide\AppData\Local\Programs\Python\Python312\Lib\asyncio\base_events.py", line 1847, in call_exception_handler
    self.default_exception_handler(context)
  File "C:\Users\Davide\AppData\Local\Programs\Python\Python312\Lib\asyncio\base_events.py", line 1821, in default_exception_handler
    logger.error('\n'.join(log_lines), exc_info=exc_info)
  File "C:\Users\Davide\AppData\Local\Programs\Python\Python312\Lib\logging\__init__.py", line 1568, in error
    self._log(ERROR, msg, args, **kwargs)
  File "C:\Users\Davide\AppData\Local\Programs\Python\Python312\Lib\logging\__init__.py", line 1684, in _log
    self.handle(record)
  File "C:\Users\Davide\AppData\Local\Programs\Python\Python312\Lib\logging\__init__.py", line 1700, in handle
    self.callHandlers(record)
  File "C:\Users\Davide\AppData\Local\Programs\Python\Python312\Lib\logging\__init__.py", line 1762, in callHandlers
    hdlr.handle(record)
  File "C:\Users\Davide\Desktop\ServerSmartPlug\log_manager.py", line 16, in handle
    listener(record)
  File "C:\Users\Davide\Desktop\ServerSmartPlug\gui\windows.py", line 25, in _add_console_line
    self.console_text.configure(state='normal')
  File "C:\Users\Davide\AppData\Local\Programs\Python\Python312\Lib\tkinter\__init__.py", line 1722, in configure
    return self._configure('configure', cnf, kw)
           ^^^^^^^^^^^^^^^^^^^^^^^^^^^^^^^^^^^^^
  File "C:\Users\Davide\AppData\Local\Programs\Python\Python312\Lib\tkinter\__init__.py", line 1712, in _configure
    self.tk.call(_flatten((self._w, cmd)) + self._options(cnf))
_tkinter.TclError: invalid command name ".!frame4.!frame.!text"
Discovery started...
Using proactor: IocpProactor
Listening on 127.0.0.1:8080
[DISCOVERY] 255.255.255.255 >> {'system': {'get_sysinfo': {}}}
Waiting 5 seconds for responses...
Using proactor: IocpProactor
Using SmartDevice for SMART.TAPOPLUG
Finding protocol for 192.168.100.112
Finding protocol for DeviceFamily.SmartTapoPlug
Finding transport for SMART.AES
Created AES transport for 192.168.100.112
[DISCOVERY] 192.168.100.112 << {'error_code': 0,
 'result': {'device_id': 'REDACTED_c913ec3cd97a6bec2fbb1ee',
            'device_model': 'P100',
            'device_type': 'SMART.TAPOPLUG',
            'factory_default': False,
            'ip': '192.168.100.112',
            'is_support_iot_cloud': True,
            'mac': '74-DA-88-00-00-00',
            'mgt_encrypt_schm': {'encrypt_type': 'AES',
                                 'http_port': 80,
                                 'is_support_https': False,
                                 'lv': 2},
            'owner': 'REDACTED_19347acd812465188388075'}}
Initializing 192.168.100.112 of type <class 'kasa.smart.smartdevice.SmartDevice'>
Discovery finished! Found: 1 device(s)
Discovered 1 devices
Using proactor: IocpProactor
[DISCOVERY] 192.168.100.112 >> {'system': {'get_sysinfo': {}}}
Waiting a total of 5 seconds for responses...
Using SmartDevice for SMART.TAPOPLUG
Finding protocol for 192.168.100.112
Finding protocol for DeviceFamily.SmartTapoPlug
Finding transport for SMART.AES
Created AES transport for 192.168.100.112
[DISCOVERY] 192.168.100.112 << {'error_code': 0,
 'result': {'device_id': 'REDACTED_c913ec3cd97a6bec2fbb1ee',
            'device_model': 'P100',
            'device_type': 'SMART.TAPOPLUG',
            'factory_default': False,
            'ip': '192.168.100.112',
            'is_support_iot_cloud': True,
            'mac': '74-DA-88-00-00-00',
            'mgt_encrypt_schm': {'encrypt_type': 'AES',
                                 'http_port': 80,
                                 'is_support_https': False,
                                 'lv': 2},
            'owner': 'REDACTED_19347acd812465188388075'}}
Initializing 192.168.100.112 of type <class 'kasa.smart.smartdevice.SmartDevice'>
192.168.100.112 multi-request-batch-1-of-1 >> '{"method":"multipleRequest","request_time_milis":1743688503491,"terminal_uuid":"vHTusQfNP2YZvbHrxyEAaQ==","params":{"requests":[{"method":"component_nego"},{"method":"get_device_info"},{"method":"get_connect_cloud_state"}]}}'
Will perform handshaking...
Posting to http://192.168.100.112/app
Generating keypair
Handshake request: {'method': 'handshake', 'params': {'key': '-----BEGIN PUBLIC KEY-----\nMIGfMA0GCSqGSIb3DQEBAQUAA4GNADCBiQKBgQDYtDsijhKDai6rGpONbDV6+QDIWEIanQP3qW5F42N7+wN7aYEOn03mbBJp8AstB1SkJFuBp97QJjszQ2QXh0rkpB77p1uHaZDxJXtikGr/KO+GL8mBHLEwt2aZe3cxU9szowLueCPM/MEPCBiIInucfFKVpGUXUbkeB0ATVjefTQIDAQAB\n-----END PUBLIC KEY-----\n'}}
Device responded with: {'error_code': 0, 'result': {'key': 'QD8PjfHiGUaS3/fgZhsK3+XKBdMF7iNQKUrnb0HzpoyurySslLP9ElXNVhEkjaKpM3X1lv8FCxw5CY0OSL0sLvIekrYWesDbnNr5G8KUeRmzqpHNQEFRtoYBjM4Y2PecIyIDLy05I8ZR2pp0aRzSQrQBthbtNB339T83kzO3D3Y='}}
Handshake with 192.168.100.112 complete
Posting to http://192.168.100.112/app
192.168.100.112: logged in with provided credentials
Posting to http://192.168.100.112/app?token=AFF71CFC214CF049E619861B853BB53A
Device 192.168.100.112 received an os error, enabling sequential request delay: Server disconnected
Device 192.168.100.112 got a connection error, will retry 3 times: ('Device connection error: 192.168.100.112: Server disconnected', ServerDisconnectedError('Server disconnected'))
192.168.100.112 multi-request-batch-1-of-1 >> '{"method":"multipleRequest","request_time_milis":1743688503630,"terminal_uuid":"vHTusQfNP2YZvbHrxyEAaQ==","params":{"requests":[{"method":"component_nego"},{"method":"get_device_info"},{"method":"get_connect_cloud_state"}]}}'
Device 192.168.100.112 waiting 0.25 seconds to send request
Posting to http://192.168.100.112/app?token=AFF71CFC214CF049E619861B853BB53A
192.168.100.112 multi-request-batch-1-of-1 << {'error_code': 0,
 'result': {'responses': [{'error_code': 0,
                           'method': 'component_nego',
                           'result': {'component_list': [{'id': 'device',
                                                          'ver_code': 2},
                                                         {'id': 'firmware',
                                                          'ver_code': 1},
                                                         {'id': 'quick_setup',
                                                          'ver_code': 3},
                                                         {'id': 'time',
                                                          'ver_code': 1},
                                                         {'id': 'wireless',
                                                          'ver_code': 1},
                                                         {'id': 'schedule',
                                                          'ver_code': 2},
                                                         {'id': 'countdown',
                                                          'ver_code': 2},
                                                         {'id': 'antitheft',
                                                          'ver_code': 1},
                                                         {'id': 'account',
                                                          'ver_code': 1},
                                                         {'id': 'synchronize',
                                                          'ver_code': 1},
                                                         {'id': 'sunrise_sunset',
                                                          'ver_code': 1},
                                                         {'id': 'led',
                                                          'ver_code': 1},
                                                         {'id': 'cloud_connect',
                                                          'ver_code': 1},
                                                         {'id': 'iot_cloud',
                                                          'ver_code': 1},
                                                         {'id': 'default_states',
                                                          'ver_code': 1}]}},
                          {'error_code': 0,
                           'method': 'get_device_info',
                           'result': {'avatar': 'plug',
                                      'default_states': {'state': {},
                                                         'type': 'last_states'},
                                      'device_id': 'REDACTED_DB80F24B353338FA05BB18C1C486215',
                                      'device_on': False,
                                      'fw_id': 'REDACTED_A25ABDE41405B20C6F98816',
                                      'fw_ver': '1.3.7 Build 20230711 Rel. '
                                                '61904',
                                      'has_set_location_info': True,
                                      'hw_id': 'REDACTED_5B29645B8150C392284029D',
                                      'hw_ver': '1.0.0',
                                      'ip': '192.168.100.112',
                                      'lang': 'it_IT',
                                      'latitude': 0,
                                      'location': '',
                                      'longitude': 0,
                                      'mac': '74-DA-88-00-00-00',
                                      'model': 'P100',
                                      'nickname': 'I01BU0tFRF9OQU1FIw==',
                                      'oem_id': 'REDACTED_06C60A9AEEA36A3347B6EBC',
                                      'on_time': 0,
                                      'overheated': False,
                                      'region': 'Europe/Rome',
                                      'rssi': -40,
                                      'signal_level': 3,
                                      'specs': 'EU',
                                      'ssid': 'I01BU0tFRF9TU0lEIw==',
                                      'time_diff': 60,
                                      'type': 'SMART.TAPOPLUG'}},
                          {'error_code': 0,
                           'method': 'get_connect_cloud_state',
                           'result': {'status': 0}}]}}
Device 192.168.100.112, found required cloud_connect, adding Cloud to modules.
Device 192.168.100.112, found required device, adding DeviceModule to modules.
Device 192.168.100.112, found required firmware, adding Firmware to modules.
Device 192.168.100.112, found required led, adding Led to modules.
Device 192.168.100.112, found required None, adding OverheatProtection to modules.
Device 192.168.100.112, found required time, adding Time to modules.
Querying 192.168.100.112 for modules: Time, Led
192.168.100.112 multi-request-batch-1-of-1 >> '{"method":"multipleRequest","request_time_milis":1743688504006,"terminal_uuid":"vHTusQfNP2YZvbHrxyEAaQ==","params":{"requests":[{"method":"get_device_time"},{"method":"get_led_info"}]}}'
Device 192.168.100.112 waiting 0.23499999998603016 seconds to send request
Posting to http://192.168.100.112/app?token=AFF71CFC214CF049E619861B853BB53A
Discovery started...
Using proactor: IocpProactor
Listening on 127.0.0.1:8080
[DISCOVERY] 255.255.255.255 >> {'system': {'get_sysinfo': {}}}
Waiting 5 seconds for responses...
Using proactor: IocpProactor
Using SmartDevice for SMART.TAPOPLUG
Finding protocol for 192.168.100.112
Finding protocol for DeviceFamily.SmartTapoPlug
Finding transport for SMART.AES
Created AES transport for 192.168.100.112
[DISCOVERY] 192.168.100.112 << {'error_code': 0,
 'result': {'device_id': 'REDACTED_c913ec3cd97a6bec2fbb1ee',
            'device_model': 'P100',
            'device_type': 'SMART.TAPOPLUG',
            'factory_default': False,
            'ip': '192.168.100.112',
            'is_support_iot_cloud': True,
            'mac': '74-DA-88-00-00-00',
            'mgt_encrypt_schm': {'encrypt_type': 'AES',
                                 'http_port': 80,
                                 'is_support_https': False,
                                 'lv': 2},
            'owner': 'REDACTED_19347acd812465188388075'}}
Initializing 192.168.100.112 of type <class 'kasa.smart.smartdevice.SmartDevice'>
Discovery finished! Found: 1 device(s)
Discovered 1 devices
[DISCOVERY] 192.168.100.112 >> {'system': {'get_sysinfo': {}}}
Waiting a total of 5 seconds for responses...
Using SmartDevice for SMART.TAPOPLUG
Finding protocol for 192.168.100.112
Finding protocol for DeviceFamily.SmartTapoPlug
Finding transport for SMART.AES
Created AES transport for 192.168.100.112
[DISCOVERY] 192.168.100.112 << {'error_code': 0,
 'result': {'device_id': 'REDACTED_c913ec3cd97a6bec2fbb1ee',
            'device_model': 'P100',
            'device_type': 'SMART.TAPOPLUG',
            'factory_default': False,
            'ip': '192.168.100.112',
            'is_support_iot_cloud': True,
            'mac': '74-DA-88-00-00-00',
            'mgt_encrypt_schm': {'encrypt_type': 'AES',
                                 'http_port': 80,
                                 'is_support_https': False,
                                 'lv': 2},
            'owner': 'REDACTED_19347acd812465188388075'}}
Initializing 192.168.100.112 of type <class 'kasa.smart.smartdevice.SmartDevice'>
192.168.100.112 multi-request-batch-1-of-1 >> '{"method":"multipleRequest","request_time_milis":1743689324924,"terminal_uuid":"ShEazibxoJXG5xmRYwy8lA==","params":{"requests":[{"method":"component_nego"},{"method":"get_device_info"},{"method":"get_connect_cloud_state"}]}}'
Will perform handshaking...
Posting to http://192.168.100.112/app
Unable to query the device: 192.168.100.112, not retrying: ("Unable to query the device: 192.168.100.112: _patch_task.<locals>.task_new_init() got an unexpected keyword argument 'eager_start'", TypeError("_patch_task.<locals>.task_new_init() got an unexpected keyword argument 'eager_start'"))
Discovery started...
Using proactor: IocpProactor
Listening on 127.0.0.1:8080
[DISCOVERY] 255.255.255.255 >> {'system': {'get_sysinfo': {}}}
Waiting 5 seconds for responses...
Using proactor: IocpProactor
Using SmartDevice for SMART.TAPOPLUG
Finding protocol for 192.168.100.112
Finding protocol for DeviceFamily.SmartTapoPlug
Finding transport for SMART.AES
Created AES transport for 192.168.100.112
[DISCOVERY] 192.168.100.112 << {'error_code': 0,
 'result': {'device_id': 'REDACTED_c913ec3cd97a6bec2fbb1ee',
            'device_model': 'P100',
            'device_type': 'SMART.TAPOPLUG',
            'factory_default': False,
            'ip': '192.168.100.112',
            'is_support_iot_cloud': True,
            'mac': '74-DA-88-00-00-00',
            'mgt_encrypt_schm': {'encrypt_type': 'AES',
                                 'http_port': 80,
                                 'is_support_https': False,
                                 'lv': 2},
            'owner': 'REDACTED_19347acd812465188388075'}}
Initializing 192.168.100.112 of type <class 'kasa.smart.smartdevice.SmartDevice'>
Discovery finished! Found: 1 device(s)
Discovered 1 devices
[DISCOVERY] 192.168.100.112 >> {'system': {'get_sysinfo': {}}}
Waiting a total of 5 seconds for responses...
Using SmartDevice for SMART.TAPOPLUG
Finding protocol for 192.168.100.112
Finding protocol for DeviceFamily.SmartTapoPlug
Finding transport for SMART.AES
Created AES transport for 192.168.100.112
[DISCOVERY] 192.168.100.112 << {'error_code': 0,
 'result': {'device_id': 'REDACTED_c913ec3cd97a6bec2fbb1ee',
            'device_model': 'P100',
            'device_type': 'SMART.TAPOPLUG',
            'factory_default': False,
            'ip': '192.168.100.112',
            'is_support_iot_cloud': True,
            'mac': '74-DA-88-00-00-00',
            'mgt_encrypt_schm': {'encrypt_type': 'AES',
                                 'http_port': 80,
                                 'is_support_https': False,
                                 'lv': 2},
            'owner': 'REDACTED_19347acd812465188388075'}}
Initializing 192.168.100.112 of type <class 'kasa.smart.smartdevice.SmartDevice'>
192.168.100.112 multi-request-batch-1-of-1 >> '{"method":"multipleRequest","request_time_milis":1743689354109,"terminal_uuid":"7FM2QWFFqg1T+uEARgYxOQ==","params":{"requests":[{"method":"component_nego"},{"method":"get_device_info"},{"method":"get_connect_cloud_state"}]}}'
Will perform handshaking...
Posting to http://192.168.100.112/app
Unable to query the device: 192.168.100.112, not retrying: ("Unable to query the device: 192.168.100.112: _patch_task.<locals>.task_new_init() got an unexpected keyword argument 'eager_start'", TypeError("_patch_task.<locals>.task_new_init() got an unexpected keyword argument 'eager_start'"))
Discovery started...
Using proactor: IocpProactor
Listening on 127.0.0.1:8080
[DISCOVERY] 255.255.255.255 >> {'system': {'get_sysinfo': {}}}
Waiting 5 seconds for responses...
Using proactor: IocpProactor
Using SmartDevice for SMART.TAPOPLUG
Finding protocol for 192.168.100.112
Finding protocol for DeviceFamily.SmartTapoPlug
Finding transport for SMART.AES
Created AES transport for 192.168.100.112
[DISCOVERY] 192.168.100.112 << {'error_code': 0,
 'result': {'device_id': 'REDACTED_c913ec3cd97a6bec2fbb1ee',
            'device_model': 'P100',
            'device_type': 'SMART.TAPOPLUG',
            'factory_default': False,
            'ip': '192.168.100.112',
            'is_support_iot_cloud': True,
            'mac': '74-DA-88-00-00-00',
            'mgt_encrypt_schm': {'encrypt_type': 'AES',
                                 'http_port': 80,
                                 'is_support_https': False,
                                 'lv': 2},
            'owner': 'REDACTED_19347acd812465188388075'}}
Initializing 192.168.100.112 of type <class 'kasa.smart.smartdevice.SmartDevice'>
Discovery finished! Found: 1 device(s)
Discovered 1 devices
Discovery started...
Using proactor: IocpProactor
Listening on 127.0.0.1:8080
[DISCOVERY] 255.255.255.255 >> {'system': {'get_sysinfo': {}}}
Waiting 5 seconds for responses...
Using proactor: IocpProactor
Using SmartDevice for SMART.TAPOPLUG
Finding protocol for 192.168.100.112
Finding protocol for DeviceFamily.SmartTapoPlug
Finding transport for SMART.AES
Created AES transport for 192.168.100.112
[DISCOVERY] 192.168.100.112 << {'error_code': 0,
 'result': {'device_id': 'REDACTED_c913ec3cd97a6bec2fbb1ee',
            'device_model': 'P100',
            'device_type': 'SMART.TAPOPLUG',
            'factory_default': False,
            'ip': '192.168.100.112',
            'is_support_iot_cloud': True,
            'mac': '74-DA-88-00-00-00',
            'mgt_encrypt_schm': {'encrypt_type': 'AES',
                                 'http_port': 80,
                                 'is_support_https': False,
                                 'lv': 2},
            'owner': 'REDACTED_19347acd812465188388075'}}
Initializing 192.168.100.112 of type <class 'kasa.smart.smartdevice.SmartDevice'>
Discovery finished! Found: 1 device(s)
Discovered 1 devices
Using proactor: IocpProactor
[DISCOVERY] 192.168.100.112 >> {'system': {'get_sysinfo': {}}}
Waiting a total of 5 seconds for responses...
Using SmartDevice for SMART.TAPOPLUG
Finding protocol for 192.168.100.112
Finding protocol for DeviceFamily.SmartTapoPlug
Finding transport for SMART.AES
Created AES transport for 192.168.100.112
[DISCOVERY] 192.168.100.112 << {'error_code': 0,
 'result': {'device_id': 'REDACTED_c913ec3cd97a6bec2fbb1ee',
            'device_model': 'P100',
            'device_type': 'SMART.TAPOPLUG',
            'factory_default': False,
            'ip': '192.168.100.112',
            'is_support_iot_cloud': True,
            'mac': '74-DA-88-00-00-00',
            'mgt_encrypt_schm': {'encrypt_type': 'AES',
                                 'http_port': 80,
                                 'is_support_https': False,
                                 'lv': 2},
            'owner': 'REDACTED_19347acd812465188388075'}}
Initializing 192.168.100.112 of type <class 'kasa.smart.smartdevice.SmartDevice'>
192.168.100.112 multi-request-batch-1-of-1 >> '{"method":"multipleRequest","request_time_milis":1743689474756,"terminal_uuid":"Zrjnptjr5Dj2pYEMDIuM7g==","params":{"requests":[{"method":"component_nego"},{"method":"get_device_info"},{"method":"get_connect_cloud_state"}]}}'
Will perform handshaking...
Posting to http://192.168.100.112/app
Generating keypair
Handshake request: {'method': 'handshake', 'params': {'key': '-----BEGIN PUBLIC KEY-----\nMIGfMA0GCSqGSIb3DQEBAQUAA4GNADCBiQKBgQDBoczbOFFLJTL+ZO094+DOaBcXNEoLTvew1mQ2I45oKVtayXKbXrthJuGfWHsQw4k+VntFGYVBGnMmFUWmLLoiLURVW+VS9rLg8j68L9L0awKtd6yxH45IsGGyu/xhpPND1CH3DRF8km6zvAZ8rl1fmKsnK3RhkLqhEANlPYyf1wIDAQAB\n-----END PUBLIC KEY-----\n'}}
Device responded with: {'error_code': 0, 'result': {'key': 'gR67S9aMEJYEncdvN1h8UrWiFMw8BZzyYPP+tBou4our8nBNU5OVl3ZUr2ZvRCwP5lJ+A7r10Y8RHAhffRzXSBHE8B+f+Kuhe8L5f1UXvgAAMbCTOCn0on/7QyAolq/TRlEua4qTIzXuAE1/tUF3/BmNoqhnEUxqDGAc5YUypWU='}}
Handshake with 192.168.100.112 complete
Posting to http://192.168.100.112/app
192.168.100.112: logged in with provided credentials
Posting to http://192.168.100.112/app?token=7126921FA58EDC9A47DAF3D8BEF86CF9
Device 192.168.100.112 received an os error, enabling sequential request delay: Server disconnected
Device 192.168.100.112 got a connection error, will retry 3 times: ('Device connection error: 192.168.100.112: Server disconnected', ServerDisconnectedError('Server disconnected'))
192.168.100.112 multi-request-batch-1-of-1 >> '{"method":"multipleRequest","request_time_milis":1743689475046,"terminal_uuid":"Zrjnptjr5Dj2pYEMDIuM7g==","params":{"requests":[{"method":"component_nego"},{"method":"get_device_info"},{"method":"get_connect_cloud_state"}]}}'
Device 192.168.100.112 waiting 0.23499999998603016 seconds to send request
Posting to http://192.168.100.112/app?token=7126921FA58EDC9A47DAF3D8BEF86CF9
192.168.100.112 multi-request-batch-1-of-1 << {'error_code': 0,
 'result': {'responses': [{'error_code': 0,
                           'method': 'component_nego',
                           'result': {'component_list': [{'id': 'device',
                                                          'ver_code': 2},
                                                         {'id': 'firmware',
                                                          'ver_code': 1},
                                                         {'id': 'quick_setup',
                                                          'ver_code': 3},
                                                         {'id': 'time',
                                                          'ver_code': 1},
                                                         {'id': 'wireless',
                                                          'ver_code': 1},
                                                         {'id': 'schedule',
                                                          'ver_code': 2},
                                                         {'id': 'countdown',
                                                          'ver_code': 2},
                                                         {'id': 'antitheft',
                                                          'ver_code': 1},
                                                         {'id': 'account',
                                                          'ver_code': 1},
                                                         {'id': 'synchronize',
                                                          'ver_code': 1},
                                                         {'id': 'sunrise_sunset',
                                                          'ver_code': 1},
                                                         {'id': 'led',
                                                          'ver_code': 1},
                                                         {'id': 'cloud_connect',
                                                          'ver_code': 1},
                                                         {'id': 'iot_cloud',
                                                          'ver_code': 1},
                                                         {'id': 'default_states',
                                                          'ver_code': 1}]}},
                          {'error_code': 0,
                           'method': 'get_device_info',
                           'result': {'avatar': 'plug',
                                      'default_states': {'state': {},
                                                         'type': 'last_states'},
                                      'device_id': 'REDACTED_DB80F24B353338FA05BB18C1C486215',
                                      'device_on': False,
                                      'fw_id': 'REDACTED_A25ABDE41405B20C6F98816',
                                      'fw_ver': '1.3.7 Build 20230711 Rel. '
                                                '61904',
                                      'has_set_location_info': True,
                                      'hw_id': 'REDACTED_5B29645B8150C392284029D',
                                      'hw_ver': '1.0.0',
                                      'ip': '192.168.100.112',
                                      'lang': 'it_IT',
                                      'latitude': 0,
                                      'location': '',
                                      'longitude': 0,
                                      'mac': '74-DA-88-00-00-00',
                                      'model': 'P100',
                                      'nickname': 'I01BU0tFRF9OQU1FIw==',
                                      'oem_id': 'REDACTED_06C60A9AEEA36A3347B6EBC',
                                      'on_time': 0,
                                      'overheated': False,
                                      'region': 'Europe/Rome',
                                      'rssi': -39,
                                      'signal_level': 3,
                                      'specs': 'EU',
                                      'ssid': 'I01BU0tFRF9TU0lEIw==',
                                      'time_diff': 60,
                                      'type': 'SMART.TAPOPLUG'}},
                          {'error_code': 0,
                           'method': 'get_connect_cloud_state',
                           'result': {'status': 0}}]}}
Device 192.168.100.112, found required cloud_connect, adding Cloud to modules.
Device 192.168.100.112, found required device, adding DeviceModule to modules.
Device 192.168.100.112, found required firmware, adding Firmware to modules.
Device 192.168.100.112, found required led, adding Led to modules.
Device 192.168.100.112, found required None, adding OverheatProtection to modules.
Device 192.168.100.112, found required time, adding Time to modules.
Querying 192.168.100.112 for modules: Time, Led
192.168.100.112 multi-request-batch-1-of-1 >> '{"method":"multipleRequest","request_time_milis":1743689475408,"terminal_uuid":"Zrjnptjr5Dj2pYEMDIuM7g==","params":{"requests":[{"method":"get_device_time"},{"method":"get_led_info"}]}}'
Device 192.168.100.112 waiting 0.23400000005494803 seconds to send request
Posting to http://192.168.100.112/app?token=7126921FA58EDC9A47DAF3D8BEF86CF9
192.168.100.112 multi-request-batch-1-of-1 << {'error_code': 0,
 'result': {'responses': [{'error_code': 0,
                           'method': 'get_device_time',
                           'result': {'region': 'Europe/Rome',
                                      'time_diff': 60,
                                      'timestamp': 1743689470}},
                          {'error_code': 0,
                           'method': 'get_led_info',
                           'result': {'led_rule': 'always',
                                      'led_status': False,
                                      'night_mode': {'end_time': 0,
                                                     'night_mode_type': 'unknown',
                                                     'start_time': 0,
                                                     'sunrise_offset': 0,
                                                     'sunset_offset': 0}}}]}}
Update completed 192.168.100.112: ['component_nego', 'get_device_info', 'get_connect_cloud_state', 'get_device_time', 'get_led_info']
Unclosed client session
client_session: <aiohttp.client.ClientSession object at 0x000001215898BBC0>
Exception in default exception handler
Traceback (most recent call last):
  File "C:\Users\Davide\AppData\Local\Programs\Python\Python312\Lib\asyncio\base_events.py", line 1847, in call_exception_handler
    self.default_exception_handler(context)
  File "C:\Users\Davide\AppData\Local\Programs\Python\Python312\Lib\asyncio\base_events.py", line 1821, in default_exception_handler
    logger.error('\n'.join(log_lines), exc_info=exc_info)
  File "C:\Users\Davide\AppData\Local\Programs\Python\Python312\Lib\logging\__init__.py", line 1568, in error
    self._log(ERROR, msg, args, **kwargs)
  File "C:\Users\Davide\AppData\Local\Programs\Python\Python312\Lib\logging\__init__.py", line 1684, in _log
    self.handle(record)
  File "C:\Users\Davide\AppData\Local\Programs\Python\Python312\Lib\logging\__init__.py", line 1700, in handle
    self.callHandlers(record)
  File "C:\Users\Davide\AppData\Local\Programs\Python\Python312\Lib\logging\__init__.py", line 1762, in callHandlers
    hdlr.handle(record)
  File "C:\Users\Davide\Desktop\ServerSmartPlug\log_manager.py", line 16, in handle
    listener(record)
  File "C:\Users\Davide\Desktop\ServerSmartPlug\gui\windows.py", line 25, in _add_console_line
    self.console_text.configure(state='normal')
  File "C:\Users\Davide\AppData\Local\Programs\Python\Python312\Lib\tkinter\__init__.py", line 1722, in configure
    return self._configure('configure', cnf, kw)
           ^^^^^^^^^^^^^^^^^^^^^^^^^^^^^^^^^^^^^
  File "C:\Users\Davide\AppData\Local\Programs\Python\Python312\Lib\tkinter\__init__.py", line 1712, in _configure
    self.tk.call(_flatten((self._w, cmd)) + self._options(cnf))
_tkinter.TclError: invalid command name ".!frame4.!frame.!text"
Unclosed connector
connections: ['deque([(<aiohttp.client_proto.ResponseHandler object at 0x0000012158A03950>, 863031.453)])']
connector: <aiohttp.connector.TCPConnector object at 0x000001215898BE30>
Exception in default exception handler
Traceback (most recent call last):
  File "C:\Users\Davide\AppData\Local\Programs\Python\Python312\Lib\asyncio\base_events.py", line 1847, in call_exception_handler
    self.default_exception_handler(context)
  File "C:\Users\Davide\AppData\Local\Programs\Python\Python312\Lib\asyncio\base_events.py", line 1821, in default_exception_handler
    logger.error('\n'.join(log_lines), exc_info=exc_info)
  File "C:\Users\Davide\AppData\Local\Programs\Python\Python312\Lib\logging\__init__.py", line 1568, in error
    self._log(ERROR, msg, args, **kwargs)
  File "C:\Users\Davide\AppData\Local\Programs\Python\Python312\Lib\logging\__init__.py", line 1684, in _log
    self.handle(record)
  File "C:\Users\Davide\AppData\Local\Programs\Python\Python312\Lib\logging\__init__.py", line 1700, in handle
    self.callHandlers(record)
  File "C:\Users\Davide\AppData\Local\Programs\Python\Python312\Lib\logging\__init__.py", line 1762, in callHandlers
    hdlr.handle(record)
  File "C:\Users\Davide\Desktop\ServerSmartPlug\log_manager.py", line 16, in handle
    listener(record)
  File "C:\Users\Davide\Desktop\ServerSmartPlug\gui\windows.py", line 25, in _add_console_line
    self.console_text.configure(state='normal')
  File "C:\Users\Davide\AppData\Local\Programs\Python\Python312\Lib\tkinter\__init__.py", line 1722, in configure
    return self._configure('configure', cnf, kw)
           ^^^^^^^^^^^^^^^^^^^^^^^^^^^^^^^^^^^^^
  File "C:\Users\Davide\AppData\Local\Programs\Python\Python312\Lib\tkinter\__init__.py", line 1712, in _configure
    self.tk.call(_flatten((self._w, cmd)) + self._options(cnf))
_tkinter.TclError: invalid command name ".!frame4.!frame.!text"
Discovery started...
Using proactor: IocpProactor
Listening on 127.0.0.1:8080
[DISCOVERY] 255.255.255.255 >> {'system': {'get_sysinfo': {}}}
Waiting 5 seconds for responses...
Using proactor: IocpProactor
Using SmartDevice for SMART.TAPOPLUG
Finding protocol for 192.168.100.112
Finding protocol for DeviceFamily.SmartTapoPlug
Finding transport for SMART.AES
Created AES transport for 192.168.100.112
[DISCOVERY] 192.168.100.112 << {'error_code': 0,
 'result': {'device_id': 'REDACTED_c913ec3cd97a6bec2fbb1ee',
            'device_model': 'P100',
            'device_type': 'SMART.TAPOPLUG',
            'factory_default': False,
            'ip': '192.168.100.112',
            'is_support_iot_cloud': True,
            'mac': '74-DA-88-00-00-00',
            'mgt_encrypt_schm': {'encrypt_type': 'AES',
                                 'http_port': 80,
                                 'is_support_https': False,
                                 'lv': 2},
            'owner': 'REDACTED_19347acd812465188388075'}}
Initializing 192.168.100.112 of type <class 'kasa.smart.smartdevice.SmartDevice'>
Discovery finished! Found: 1 device(s)
Discovered 1 devices
Discovery started...
Using proactor: IocpProactor
Listening on 127.0.0.1:8080
[DISCOVERY] 255.255.255.255 >> {'system': {'get_sysinfo': {}}}
Waiting 5 seconds for responses...
Using proactor: IocpProactor
Using SmartDevice for SMART.TAPOPLUG
Finding protocol for 192.168.100.112
Finding protocol for DeviceFamily.SmartTapoPlug
Finding transport for SMART.AES
Created AES transport for 192.168.100.112
[DISCOVERY] 192.168.100.112 << {'error_code': 0,
 'result': {'device_id': 'REDACTED_c913ec3cd97a6bec2fbb1ee',
            'device_model': 'P100',
            'device_type': 'SMART.TAPOPLUG',
            'factory_default': False,
            'ip': '192.168.100.112',
            'is_support_iot_cloud': True,
            'mac': '74-DA-88-00-00-00',
            'mgt_encrypt_schm': {'encrypt_type': 'AES',
                                 'http_port': 80,
                                 'is_support_https': False,
                                 'lv': 2},
            'owner': 'REDACTED_19347acd812465188388075'}}
Initializing 192.168.100.112 of type <class 'kasa.smart.smartdevice.SmartDevice'>
Discovery finished! Found: 1 device(s)
Discovered 1 devices
Using proactor: IocpProactor
[DISCOVERY] 192.168.100.112 >> {'system': {'get_sysinfo': {}}}
Waiting a total of 5 seconds for responses...
Using SmartDevice for SMART.TAPOPLUG
Finding protocol for 192.168.100.112
Finding protocol for DeviceFamily.SmartTapoPlug
Finding transport for SMART.AES
Created AES transport for 192.168.100.112
[DISCOVERY] 192.168.100.112 << {'error_code': 0,
 'result': {'device_id': 'REDACTED_c913ec3cd97a6bec2fbb1ee',
            'device_model': 'P100',
            'device_type': 'SMART.TAPOPLUG',
            'factory_default': False,
            'ip': '192.168.100.112',
            'is_support_iot_cloud': True,
            'mac': '74-DA-88-00-00-00',
            'mgt_encrypt_schm': {'encrypt_type': 'AES',
                                 'http_port': 80,
                                 'is_support_https': False,
                                 'lv': 2},
            'owner': 'REDACTED_19347acd812465188388075'}}
Initializing 192.168.100.112 of type <class 'kasa.smart.smartdevice.SmartDevice'>
192.168.100.112 multi-request-batch-1-of-1 >> '{"method":"multipleRequest","request_time_milis":1743689649546,"terminal_uuid":"b3j1+PBTJ+HcApEROC5abw==","params":{"requests":[{"method":"component_nego"},{"method":"get_device_info"},{"method":"get_connect_cloud_state"}]}}'
Will perform handshaking...
Posting to http://192.168.100.112/app
Generating keypair
Handshake request: {'method': 'handshake', 'params': {'key': '-----BEGIN PUBLIC KEY-----\nMIGfMA0GCSqGSIb3DQEBAQUAA4GNADCBiQKBgQDtRndZ0CqfwWxi4oWRaW6PeTcDrVhuos4Hb9UqdiVsIdZ4LhhHc6a8Mv5yjpSg5Htz1tqzo2BiY83+Mx+Ry1onX/6iC0bSFCGjP4YV8y19kh7UPSl8+qVbppt1hGO5z7JmSG7EVR30jrkHDE0OE1GmbYWtVQdow7vhG5ErWk1F/wIDAQAB\n-----END PUBLIC KEY-----\n'}}
Device responded with: {'error_code': 0, 'result': {'key': 'p1v7o1g9eMXN8Qup9u1ssKQwAgEV4W2w0M7pnUeXWLaGCB2xE69RrOOuw3EZSYfE38lGTU7qpilCJpAbr6de5xZN1fe5Mmdr7XPJYe1PDw35f3t30tcQ42Cf9IhH/kpl44JGBINSVi53X6ieMmhAONEq5ukBU38Cs+if0tUAIAQ='}}
Handshake with 192.168.100.112 complete
Posting to http://192.168.100.112/app
192.168.100.112: logged in with provided credentials
Posting to http://192.168.100.112/app?token=0683B287FFC725C583E5E6E4BDF407F4
Device 192.168.100.112 received an os error, enabling sequential request delay: Server disconnected
Device 192.168.100.112 got a connection error, will retry 3 times: ('Device connection error: 192.168.100.112: Server disconnected', ServerDisconnectedError('Server disconnected'))
192.168.100.112 multi-request-batch-1-of-1 >> '{"method":"multipleRequest","request_time_milis":1743689649679,"terminal_uuid":"b3j1+PBTJ+HcApEROC5abw==","params":{"requests":[{"method":"component_nego"},{"method":"get_device_info"},{"method":"get_connect_cloud_state"}]}}'
Device 192.168.100.112 waiting 0.25 seconds to send request
Posting to http://192.168.100.112/app?token=0683B287FFC725C583E5E6E4BDF407F4
192.168.100.112 multi-request-batch-1-of-1 << {'error_code': 0,
 'result': {'responses': [{'error_code': 0,
                           'method': 'component_nego',
                           'result': {'component_list': [{'id': 'device',
                                                          'ver_code': 2},
                                                         {'id': 'firmware',
                                                          'ver_code': 1},
                                                         {'id': 'quick_setup',
                                                          'ver_code': 3},
                                                         {'id': 'time',
                                                          'ver_code': 1},
                                                         {'id': 'wireless',
                                                          'ver_code': 1},
                                                         {'id': 'schedule',
                                                          'ver_code': 2},
                                                         {'id': 'countdown',
                                                          'ver_code': 2},
                                                         {'id': 'antitheft',
                                                          'ver_code': 1},
                                                         {'id': 'account',
                                                          'ver_code': 1},
                                                         {'id': 'synchronize',
                                                          'ver_code': 1},
                                                         {'id': 'sunrise_sunset',
                                                          'ver_code': 1},
                                                         {'id': 'led',
                                                          'ver_code': 1},
                                                         {'id': 'cloud_connect',
                                                          'ver_code': 1},
                                                         {'id': 'iot_cloud',
                                                          'ver_code': 1},
                                                         {'id': 'default_states',
                                                          'ver_code': 1}]}},
                          {'error_code': 0,
                           'method': 'get_device_info',
                           'result': {'avatar': 'plug',
                                      'default_states': {'state': {},
                                                         'type': 'last_states'},
                                      'device_id': 'REDACTED_DB80F24B353338FA05BB18C1C486215',
                                      'device_on': False,
                                      'fw_id': 'REDACTED_A25ABDE41405B20C6F98816',
                                      'fw_ver': '1.3.7 Build 20230711 Rel. '
                                                '61904',
                                      'has_set_location_info': True,
                                      'hw_id': 'REDACTED_5B29645B8150C392284029D',
                                      'hw_ver': '1.0.0',
                                      'ip': '192.168.100.112',
                                      'lang': 'it_IT',
                                      'latitude': 0,
                                      'location': '',
                                      'longitude': 0,
                                      'mac': '74-DA-88-00-00-00',
                                      'model': 'P100',
                                      'nickname': 'I01BU0tFRF9OQU1FIw==',
                                      'oem_id': 'REDACTED_06C60A9AEEA36A3347B6EBC',
                                      'on_time': 0,
                                      'overheated': False,
                                      'region': 'Europe/Rome',
                                      'rssi': -39,
                                      'signal_level': 3,
                                      'specs': 'EU',
                                      'ssid': 'I01BU0tFRF9TU0lEIw==',
                                      'time_diff': 60,
                                      'type': 'SMART.TAPOPLUG'}},
                          {'error_code': 0,
                           'method': 'get_connect_cloud_state',
                           'result': {'status': 0}}]}}
Device 192.168.100.112, found required cloud_connect, adding Cloud to modules.
Device 192.168.100.112, found required device, adding DeviceModule to modules.
Device 192.168.100.112, found required firmware, adding Firmware to modules.
Device 192.168.100.112, found required led, adding Led to modules.
Device 192.168.100.112, found required None, adding OverheatProtection to modules.
Device 192.168.100.112, found required time, adding Time to modules.
Querying 192.168.100.112 for modules: Time, Led
192.168.100.112 multi-request-batch-1-of-1 >> '{"method":"multipleRequest","request_time_milis":1743689650025,"terminal_uuid":"b3j1+PBTJ+HcApEROC5abw==","params":{"requests":[{"method":"get_device_time"},{"method":"get_led_info"}]}}'
Device 192.168.100.112 waiting 0.25 seconds to send request
Posting to http://192.168.100.112/app?token=0683B287FFC725C583E5E6E4BDF407F4
192.168.100.112 multi-request-batch-1-of-1 << {'error_code': 0,
 'result': {'responses': [{'error_code': 0,
                           'method': 'get_device_time',
                           'result': {'region': 'Europe/Rome',
                                      'time_diff': 60,
                                      'timestamp': 1743689645}},
                          {'error_code': 0,
                           'method': 'get_led_info',
                           'result': {'led_rule': 'always',
                                      'led_status': False,
                                      'night_mode': {'end_time': 0,
                                                     'night_mode_type': 'unknown',
                                                     'start_time': 0,
                                                     'sunrise_offset': 0,
                                                     'sunset_offset': 0}}}]}}
Update completed 192.168.100.112: ['component_nego', 'get_device_info', 'get_connect_cloud_state', 'get_device_time', 'get_led_info']
Unclosed client session
client_session: <aiohttp.client.ClientSession object at 0x0000023A1C7D89B0>
Exception in default exception handler
Traceback (most recent call last):
  File "C:\Users\Davide\AppData\Local\Programs\Python\Python312\Lib\asyncio\base_events.py", line 1847, in call_exception_handler
    self.default_exception_handler(context)
  File "C:\Users\Davide\AppData\Local\Programs\Python\Python312\Lib\asyncio\base_events.py", line 1821, in default_exception_handler
    logger.error('\n'.join(log_lines), exc_info=exc_info)
  File "C:\Users\Davide\AppData\Local\Programs\Python\Python312\Lib\logging\__init__.py", line 1568, in error
    self._log(ERROR, msg, args, **kwargs)
  File "C:\Users\Davide\AppData\Local\Programs\Python\Python312\Lib\logging\__init__.py", line 1684, in _log
    self.handle(record)
  File "C:\Users\Davide\AppData\Local\Programs\Python\Python312\Lib\logging\__init__.py", line 1700, in handle
    self.callHandlers(record)
  File "C:\Users\Davide\AppData\Local\Programs\Python\Python312\Lib\logging\__init__.py", line 1762, in callHandlers
    hdlr.handle(record)
  File "C:\Users\Davide\Desktop\ServerSmartPlug\log_manager.py", line 16, in handle
    listener(record)
  File "C:\Users\Davide\Desktop\ServerSmartPlug\gui\windows.py", line 24, in _add_console_line
    self.console_text.configure(state='normal')
  File "C:\Users\Davide\AppData\Local\Programs\Python\Python312\Lib\tkinter\__init__.py", line 1722, in configure
    return self._configure('configure', cnf, kw)
           ^^^^^^^^^^^^^^^^^^^^^^^^^^^^^^^^^^^^^
  File "C:\Users\Davide\AppData\Local\Programs\Python\Python312\Lib\tkinter\__init__.py", line 1712, in _configure
    self.tk.call(_flatten((self._w, cmd)) + self._options(cnf))
_tkinter.TclError: invalid command name ".!frame4.!frame.!text"
Unclosed connector
connections: ['deque([(<aiohttp.client_proto.ResponseHandler object at 0x0000023A1C7E3A70>, 863206.593)])']
connector: <aiohttp.connector.TCPConnector object at 0x0000023A1C76BEF0>
Exception in default exception handler
Traceback (most recent call last):
  File "C:\Users\Davide\AppData\Local\Programs\Python\Python312\Lib\asyncio\base_events.py", line 1847, in call_exception_handler
    self.default_exception_handler(context)
  File "C:\Users\Davide\AppData\Local\Programs\Python\Python312\Lib\asyncio\base_events.py", line 1821, in default_exception_handler
    logger.error('\n'.join(log_lines), exc_info=exc_info)
  File "C:\Users\Davide\AppData\Local\Programs\Python\Python312\Lib\logging\__init__.py", line 1568, in error
    self._log(ERROR, msg, args, **kwargs)
  File "C:\Users\Davide\AppData\Local\Programs\Python\Python312\Lib\logging\__init__.py", line 1684, in _log
    self.handle(record)
  File "C:\Users\Davide\AppData\Local\Programs\Python\Python312\Lib\logging\__init__.py", line 1700, in handle
    self.callHandlers(record)
  File "C:\Users\Davide\AppData\Local\Programs\Python\Python312\Lib\logging\__init__.py", line 1762, in callHandlers
    hdlr.handle(record)
  File "C:\Users\Davide\Desktop\ServerSmartPlug\log_manager.py", line 16, in handle
    listener(record)
  File "C:\Users\Davide\Desktop\ServerSmartPlug\gui\windows.py", line 24, in _add_console_line
    self.console_text.configure(state='normal')
  File "C:\Users\Davide\AppData\Local\Programs\Python\Python312\Lib\tkinter\__init__.py", line 1722, in configure
    return self._configure('configure', cnf, kw)
           ^^^^^^^^^^^^^^^^^^^^^^^^^^^^^^^^^^^^^
  File "C:\Users\Davide\AppData\Local\Programs\Python\Python312\Lib\tkinter\__init__.py", line 1712, in _configure
    self.tk.call(_flatten((self._w, cmd)) + self._options(cnf))
_tkinter.TclError: invalid command name ".!frame4.!frame.!text"
Discovery started...
Using proactor: IocpProactor
Listening on 127.0.0.1:8080
[DISCOVERY] 255.255.255.255 >> {'system': {'get_sysinfo': {}}}
Waiting 5 seconds for responses...
Using proactor: IocpProactor
Using SmartDevice for SMART.TAPOPLUG
Finding protocol for 192.168.100.112
Finding protocol for DeviceFamily.SmartTapoPlug
Finding transport for SMART.AES
Created AES transport for 192.168.100.112
[DISCOVERY] 192.168.100.112 << {'error_code': 0,
 'result': {'device_id': 'REDACTED_c913ec3cd97a6bec2fbb1ee',
            'device_model': 'P100',
            'device_type': 'SMART.TAPOPLUG',
            'factory_default': False,
            'ip': '192.168.100.112',
            'is_support_iot_cloud': True,
            'mac': '74-DA-88-00-00-00',
            'mgt_encrypt_schm': {'encrypt_type': 'AES',
                                 'http_port': 80,
                                 'is_support_https': False,
                                 'lv': 2},
            'owner': 'REDACTED_19347acd812465188388075'}}
Initializing 192.168.100.112 of type <class 'kasa.smart.smartdevice.SmartDevice'>
Discovery finished! Found: 1 device(s)
Discovered 1 devices
Using proactor: IocpProactor
[DISCOVERY] 192.168.100.112 >> {'system': {'get_sysinfo': {}}}
Waiting a total of 5 seconds for responses...
Using SmartDevice for SMART.TAPOPLUG
Finding protocol for 192.168.100.112
Finding protocol for DeviceFamily.SmartTapoPlug
Finding transport for SMART.AES
Created AES transport for 192.168.100.112
[DISCOVERY] 192.168.100.112 << {'error_code': 0,
 'result': {'device_id': 'REDACTED_c913ec3cd97a6bec2fbb1ee',
            'device_model': 'P100',
            'device_type': 'SMART.TAPOPLUG',
            'factory_default': False,
            'ip': '192.168.100.112',
            'is_support_iot_cloud': True,
            'mac': '74-DA-88-00-00-00',
            'mgt_encrypt_schm': {'encrypt_type': 'AES',
                                 'http_port': 80,
                                 'is_support_https': False,
                                 'lv': 2},
            'owner': 'REDACTED_19347acd812465188388075'}}
Initializing 192.168.100.112 of type <class 'kasa.smart.smartdevice.SmartDevice'>
192.168.100.112 multi-request-batch-1-of-1 >> '{"method":"multipleRequest","request_time_milis":1743689674927,"terminal_uuid":"HxxmFvSMU+VcVL9W1hAztw==","params":{"requests":[{"method":"component_nego"},{"method":"get_device_info"},{"method":"get_connect_cloud_state"}]}}'
Will perform handshaking...
Posting to http://192.168.100.112/app
Generating keypair
Handshake request: {'method': 'handshake', 'params': {'key': '-----BEGIN PUBLIC KEY-----\nMIGfMA0GCSqGSIb3DQEBAQUAA4GNADCBiQKBgQDLmodVoKufPzKVlL+rZyM+iZektiSg7B1b1XDdVdhS0OGpdUo0TIpbFERJax9HAJqX/C2IrY5+9NdjaTPLaLSlSYspBQv0Fu0TD3TwJCeeagRbufRp8xVPkSrTn87ZI81LbFg6RZwMEPP/IQ8GeeE7TbqD8CrkNd5ZrDTxqmuY8wIDAQAB\n-----END PUBLIC KEY-----\n'}}
Device responded with: {'error_code': 0, 'result': {'key': 'dMpnNTqZYtjCN7CMx0oCUkK3upd2dKqARZCAee55VKo8BfS+d7RInOD0SA0wGXjTgdN1G5fKGlSqn8GAOCxjk7liNSyb9dfTSoo7FnssI/vVA+KMhQVpeNGjf3aCnsoH2et1Jtol6Zt/U7mHKxrQkey8NMqfwA2Z2iwzbYgBI/o='}}
Handshake with 192.168.100.112 complete
Posting to http://192.168.100.112/app
192.168.100.112: logged in with provided credentials
Posting to http://192.168.100.112/app?token=43B8D0B2EC122517B347D7459465A664
Device 192.168.100.112 received an os error, enabling sequential request delay: Server disconnected
Device 192.168.100.112 got a connection error, will retry 3 times: ('Device connection error: 192.168.100.112: Server disconnected', ServerDisconnectedError('Server disconnected'))
192.168.100.112 multi-request-batch-1-of-1 >> '{"method":"multipleRequest","request_time_milis":1743689675090,"terminal_uuid":"HxxmFvSMU+VcVL9W1hAztw==","params":{"requests":[{"method":"component_nego"},{"method":"get_device_info"},{"method":"get_connect_cloud_state"}]}}'
Device 192.168.100.112 waiting 0.25 seconds to send request
Posting to http://192.168.100.112/app?token=43B8D0B2EC122517B347D7459465A664
192.168.100.112 multi-request-batch-1-of-1 << {'error_code': 0,
 'result': {'responses': [{'error_code': 0,
                           'method': 'component_nego',
                           'result': {'component_list': [{'id': 'device',
                                                          'ver_code': 2},
                                                         {'id': 'firmware',
                                                          'ver_code': 1},
                                                         {'id': 'quick_setup',
                                                          'ver_code': 3},
                                                         {'id': 'time',
                                                          'ver_code': 1},
                                                         {'id': 'wireless',
                                                          'ver_code': 1},
                                                         {'id': 'schedule',
                                                          'ver_code': 2},
                                                         {'id': 'countdown',
                                                          'ver_code': 2},
                                                         {'id': 'antitheft',
                                                          'ver_code': 1},
                                                         {'id': 'account',
                                                          'ver_code': 1},
                                                         {'id': 'synchronize',
                                                          'ver_code': 1},
                                                         {'id': 'sunrise_sunset',
                                                          'ver_code': 1},
                                                         {'id': 'led',
                                                          'ver_code': 1},
                                                         {'id': 'cloud_connect',
                                                          'ver_code': 1},
                                                         {'id': 'iot_cloud',
                                                          'ver_code': 1},
                                                         {'id': 'default_states',
                                                          'ver_code': 1}]}},
                          {'error_code': 0,
                           'method': 'get_device_info',
                           'result': {'avatar': 'plug',
                                      'default_states': {'state': {},
                                                         'type': 'last_states'},
                                      'device_id': 'REDACTED_DB80F24B353338FA05BB18C1C486215',
                                      'device_on': False,
                                      'fw_id': 'REDACTED_A25ABDE41405B20C6F98816',
                                      'fw_ver': '1.3.7 Build 20230711 Rel. '
                                                '61904',
                                      'has_set_location_info': True,
                                      'hw_id': 'REDACTED_5B29645B8150C392284029D',
                                      'hw_ver': '1.0.0',
                                      'ip': '192.168.100.112',
                                      'lang': 'it_IT',
                                      'latitude': 0,
                                      'location': '',
                                      'longitude': 0,
                                      'mac': '74-DA-88-00-00-00',
                                      'model': 'P100',
                                      'nickname': 'I01BU0tFRF9OQU1FIw==',
                                      'oem_id': 'REDACTED_06C60A9AEEA36A3347B6EBC',
                                      'on_time': 0,
                                      'overheated': False,
                                      'region': 'Europe/Rome',
                                      'rssi': -39,
                                      'signal_level': 3,
                                      'specs': 'EU',
                                      'ssid': 'I01BU0tFRF9TU0lEIw==',
                                      'time_diff': 60,
                                      'type': 'SMART.TAPOPLUG'}},
                          {'error_code': 0,
                           'method': 'get_connect_cloud_state',
                           'result': {'status': 0}}]}}
Device 192.168.100.112, found required cloud_connect, adding Cloud to modules.
Device 192.168.100.112, found required device, adding DeviceModule to modules.
Device 192.168.100.112, found required firmware, adding Firmware to modules.
Device 192.168.100.112, found required led, adding Led to modules.
Device 192.168.100.112, found required None, adding OverheatProtection to modules.
Device 192.168.100.112, found required time, adding Time to modules.
Querying 192.168.100.112 for modules: Time, Led
192.168.100.112 multi-request-batch-1-of-1 >> '{"method":"multipleRequest","request_time_milis":1743689675457,"terminal_uuid":"HxxmFvSMU+VcVL9W1hAztw==","params":{"requests":[{"method":"get_device_time"},{"method":"get_led_info"}]}}'
Device 192.168.100.112 waiting 0.23499999998603016 seconds to send request
Posting to http://192.168.100.112/app?token=43B8D0B2EC122517B347D7459465A664
192.168.100.112 multi-request-batch-1-of-1 << {'error_code': 0,
 'result': {'responses': [{'error_code': 0,
                           'method': 'get_device_time',
                           'result': {'region': 'Europe/Rome',
                                      'time_diff': 60,
                                      'timestamp': 1743689670}},
                          {'error_code': 0,
                           'method': 'get_led_info',
                           'result': {'led_rule': 'always',
                                      'led_status': False,
                                      'night_mode': {'end_time': 0,
                                                     'night_mode_type': 'unknown',
                                                     'start_time': 0,
                                                     'sunrise_offset': 0,
                                                     'sunset_offset': 0}}}]}}
Update completed 192.168.100.112: ['component_nego', 'get_device_info', 'get_connect_cloud_state', 'get_device_time', 'get_led_info']
Unclosed client session
client_session: <aiohttp.client.ClientSession object at 0x0000025CC952BEF0>
Exception in default exception handler
Traceback (most recent call last):
  File "C:\Users\Davide\AppData\Local\Programs\Python\Python312\Lib\asyncio\base_events.py", line 1847, in call_exception_handler
    self.default_exception_handler(context)
  File "C:\Users\Davide\AppData\Local\Programs\Python\Python312\Lib\asyncio\base_events.py", line 1821, in default_exception_handler
    logger.error('\n'.join(log_lines), exc_info=exc_info)
  File "C:\Users\Davide\AppData\Local\Programs\Python\Python312\Lib\logging\__init__.py", line 1568, in error
    self._log(ERROR, msg, args, **kwargs)
  File "C:\Users\Davide\AppData\Local\Programs\Python\Python312\Lib\logging\__init__.py", line 1684, in _log
    self.handle(record)
  File "C:\Users\Davide\AppData\Local\Programs\Python\Python312\Lib\logging\__init__.py", line 1700, in handle
    self.callHandlers(record)
  File "C:\Users\Davide\AppData\Local\Programs\Python\Python312\Lib\logging\__init__.py", line 1762, in callHandlers
    hdlr.handle(record)
  File "C:\Users\Davide\Desktop\ServerSmartPlug\log_manager.py", line 16, in handle
    listener(record)
  File "C:\Users\Davide\Desktop\ServerSmartPlug\gui\windows.py", line 24, in _add_console_line
    self.console_text.configure(state='normal')
  File "C:\Users\Davide\AppData\Local\Programs\Python\Python312\Lib\tkinter\__init__.py", line 1722, in configure
    return self._configure('configure', cnf, kw)
           ^^^^^^^^^^^^^^^^^^^^^^^^^^^^^^^^^^^^^
  File "C:\Users\Davide\AppData\Local\Programs\Python\Python312\Lib\tkinter\__init__.py", line 1712, in _configure
    self.tk.call(_flatten((self._w, cmd)) + self._options(cnf))
_tkinter.TclError: invalid command name ".!frame4.!frame.!text"
Unclosed connector
connections: ['deque([(<aiohttp.client_proto.ResponseHandler object at 0x0000025CC95AB950>, 863231.5)])']
connector: <aiohttp.connector.TCPConnector object at 0x0000025CC952BFE0>
Exception in default exception handler
Traceback (most recent call last):
  File "C:\Users\Davide\AppData\Local\Programs\Python\Python312\Lib\asyncio\base_events.py", line 1847, in call_exception_handler
    self.default_exception_handler(context)
  File "C:\Users\Davide\AppData\Local\Programs\Python\Python312\Lib\asyncio\base_events.py", line 1821, in default_exception_handler
    logger.error('\n'.join(log_lines), exc_info=exc_info)
  File "C:\Users\Davide\AppData\Local\Programs\Python\Python312\Lib\logging\__init__.py", line 1568, in error
    self._log(ERROR, msg, args, **kwargs)
  File "C:\Users\Davide\AppData\Local\Programs\Python\Python312\Lib\logging\__init__.py", line 1684, in _log
    self.handle(record)
  File "C:\Users\Davide\AppData\Local\Programs\Python\Python312\Lib\logging\__init__.py", line 1700, in handle
    self.callHandlers(record)
  File "C:\Users\Davide\AppData\Local\Programs\Python\Python312\Lib\logging\__init__.py", line 1762, in callHandlers
    hdlr.handle(record)
  File "C:\Users\Davide\Desktop\ServerSmartPlug\log_manager.py", line 16, in handle
    listener(record)
  File "C:\Users\Davide\Desktop\ServerSmartPlug\gui\windows.py", line 24, in _add_console_line
    self.console_text.configure(state='normal')
  File "C:\Users\Davide\AppData\Local\Programs\Python\Python312\Lib\tkinter\__init__.py", line 1722, in configure
    return self._configure('configure', cnf, kw)
           ^^^^^^^^^^^^^^^^^^^^^^^^^^^^^^^^^^^^^
  File "C:\Users\Davide\AppData\Local\Programs\Python\Python312\Lib\tkinter\__init__.py", line 1712, in _configure
    self.tk.call(_flatten((self._w, cmd)) + self._options(cnf))
_tkinter.TclError: invalid command name ".!frame4.!frame.!text"
Discovery started...
Using proactor: IocpProactor
Listening on 127.0.0.1:8080
[DISCOVERY] 255.255.255.255 >> {'system': {'get_sysinfo': {}}}
Waiting 5 seconds for responses...
Using proactor: IocpProactor
Using SmartDevice for SMART.TAPOPLUG
Finding protocol for 192.168.100.112
Finding protocol for DeviceFamily.SmartTapoPlug
Finding transport for SMART.AES
Created AES transport for 192.168.100.112
[DISCOVERY] 192.168.100.112 << {'error_code': 0,
 'result': {'device_id': 'REDACTED_c913ec3cd97a6bec2fbb1ee',
            'device_model': 'P100',
            'device_type': 'SMART.TAPOPLUG',
            'factory_default': False,
            'ip': '192.168.100.112',
            'is_support_iot_cloud': True,
            'mac': '74-DA-88-00-00-00',
            'mgt_encrypt_schm': {'encrypt_type': 'AES',
                                 'http_port': 80,
                                 'is_support_https': False,
                                 'lv': 2},
            'owner': 'REDACTED_19347acd812465188388075'}}
Initializing 192.168.100.112 of type <class 'kasa.smart.smartdevice.SmartDevice'>
Discovery finished! Found: 1 device(s)
Discovered 1 devices
Discovery started...
Using proactor: IocpProactor
Listening on 127.0.0.1:8080
[DISCOVERY] 255.255.255.255 >> {'system': {'get_sysinfo': {}}}
Waiting 5 seconds for responses...
Using proactor: IocpProactor
Using SmartDevice for SMART.TAPOPLUG
Finding protocol for 192.168.100.112
Finding protocol for DeviceFamily.SmartTapoPlug
Finding transport for SMART.AES
Created AES transport for 192.168.100.112
[DISCOVERY] 192.168.100.112 << {'error_code': 0,
 'result': {'device_id': 'REDACTED_c913ec3cd97a6bec2fbb1ee',
            'device_model': 'P100',
            'device_type': 'SMART.TAPOPLUG',
            'factory_default': False,
            'ip': '192.168.100.112',
            'is_support_iot_cloud': True,
            'mac': '74-DA-88-00-00-00',
            'mgt_encrypt_schm': {'encrypt_type': 'AES',
                                 'http_port': 80,
                                 'is_support_https': False,
                                 'lv': 2},
            'owner': 'REDACTED_19347acd812465188388075'}}
Initializing 192.168.100.112 of type <class 'kasa.smart.smartdevice.SmartDevice'>
Discovery finished! Found: 1 device(s)
Discovered 1 devices
Using proactor: IocpProactor
[DISCOVERY] 192.168.100.112 >> {'system': {'get_sysinfo': {}}}
Waiting a total of 5 seconds for responses...
Using SmartDevice for SMART.TAPOPLUG
Finding protocol for 192.168.100.112
Finding protocol for DeviceFamily.SmartTapoPlug
Finding transport for SMART.AES
Created AES transport for 192.168.100.112
[DISCOVERY] 192.168.100.112 << {'error_code': 0,
 'result': {'device_id': 'REDACTED_c913ec3cd97a6bec2fbb1ee',
            'device_model': 'P100',
            'device_type': 'SMART.TAPOPLUG',
            'factory_default': False,
            'ip': '192.168.100.112',
            'is_support_iot_cloud': True,
            'mac': '74-DA-88-00-00-00',
            'mgt_encrypt_schm': {'encrypt_type': 'AES',
                                 'http_port': 80,
                                 'is_support_https': False,
                                 'lv': 2},
            'owner': 'REDACTED_19347acd812465188388075'}}
Initializing 192.168.100.112 of type <class 'kasa.smart.smartdevice.SmartDevice'>
192.168.100.112 multi-request-batch-1-of-1 >> '{"method":"multipleRequest","request_time_milis":1743690261253,"terminal_uuid":"BLKGF57jpT+lFtgOQpNFLQ==","params":{"requests":[{"method":"component_nego"},{"method":"get_device_info"},{"method":"get_connect_cloud_state"}]}}'
Will perform handshaking...
Posting to http://192.168.100.112/app
Generating keypair
Handshake request: {'method': 'handshake', 'params': {'key': '-----BEGIN PUBLIC KEY-----\nMIGfMA0GCSqGSIb3DQEBAQUAA4GNADCBiQKBgQDQOw2clzPBHDgmRc4uvl+qcgDcRMlhy1zecXi7D5ZfHlbPsRd6Hh7KHUfK2bt+oFi1clwOGv4psOUBcdfKigi7deBlqF52P33Tr2081yZiz6JujPkUy/TNHWTgXcqERp3b6mDJgvaUPhCpZuB83+33h2xyfkrH8OYoLIOB7tbYrQIDAQAB\n-----END PUBLIC KEY-----\n'}}
Device responded with: {'error_code': 0, 'result': {'key': 'mATQyXOwX/9YtO/XlzMHu8mhX4bTYAzkCBW1enj/lrrN1tpNl9noYN+4xCnuSLA/DMC++onLpZUJmKtP0eztB3agwUfs4UuJA/+IITS45CIvMSfj/Gnw02Fd5F6WlPsrSOoxiS5kaQs5s4rHyiKqERgQ7oSqHYZfI/jaAMQbbPs='}}
Handshake with 192.168.100.112 complete
Posting to http://192.168.100.112/app
192.168.100.112: logged in with provided credentials
Posting to http://192.168.100.112/app?token=5684F582C8E211E187D1E3D0A0C09AC0
Device 192.168.100.112 received an os error, enabling sequential request delay: Server disconnected
Device 192.168.100.112 got a connection error, will retry 3 times: ('Device connection error: 192.168.100.112: Server disconnected', ServerDisconnectedError('Server disconnected'))
192.168.100.112 multi-request-batch-1-of-1 >> '{"method":"multipleRequest","request_time_milis":1743690262184,"terminal_uuid":"BLKGF57jpT+lFtgOQpNFLQ==","params":{"requests":[{"method":"component_nego"},{"method":"get_device_info"},{"method":"get_connect_cloud_state"}]}}'
Device 192.168.100.112 waiting 0.25 seconds to send request
Posting to http://192.168.100.112/app?token=5684F582C8E211E187D1E3D0A0C09AC0
192.168.100.112 multi-request-batch-1-of-1 << {'error_code': 0,
 'result': {'responses': [{'error_code': 0,
                           'method': 'component_nego',
                           'result': {'component_list': [{'id': 'device',
                                                          'ver_code': 2},
                                                         {'id': 'firmware',
                                                          'ver_code': 1},
                                                         {'id': 'quick_setup',
                                                          'ver_code': 3},
                                                         {'id': 'time',
                                                          'ver_code': 1},
                                                         {'id': 'wireless',
                                                          'ver_code': 1},
                                                         {'id': 'schedule',
                                                          'ver_code': 2},
                                                         {'id': 'countdown',
                                                          'ver_code': 2},
                                                         {'id': 'antitheft',
                                                          'ver_code': 1},
                                                         {'id': 'account',
                                                          'ver_code': 1},
                                                         {'id': 'synchronize',
                                                          'ver_code': 1},
                                                         {'id': 'sunrise_sunset',
                                                          'ver_code': 1},
                                                         {'id': 'led',
                                                          'ver_code': 1},
                                                         {'id': 'cloud_connect',
                                                          'ver_code': 1},
                                                         {'id': 'iot_cloud',
                                                          'ver_code': 1},
                                                         {'id': 'default_states',
                                                          'ver_code': 1}]}},
                          {'error_code': 0,
                           'method': 'get_device_info',
                           'result': {'avatar': 'plug',
                                      'default_states': {'state': {},
                                                         'type': 'last_states'},
                                      'device_id': 'REDACTED_DB80F24B353338FA05BB18C1C486215',
                                      'device_on': False,
                                      'fw_id': 'REDACTED_A25ABDE41405B20C6F98816',
                                      'fw_ver': '1.3.7 Build 20230711 Rel. '
                                                '61904',
                                      'has_set_location_info': True,
                                      'hw_id': 'REDACTED_5B29645B8150C392284029D',
                                      'hw_ver': '1.0.0',
                                      'ip': '192.168.100.112',
                                      'lang': 'it_IT',
                                      'latitude': 0,
                                      'location': '',
                                      'longitude': 0,
                                      'mac': '74-DA-88-00-00-00',
                                      'model': 'P100',
                                      'nickname': 'I01BU0tFRF9OQU1FIw==',
                                      'oem_id': 'REDACTED_06C60A9AEEA36A3347B6EBC',
                                      'on_time': 0,
                                      'overheated': False,
                                      'region': 'Europe/Rome',
                                      'rssi': -40,
                                      'signal_level': 3,
                                      'specs': 'EU',
                                      'ssid': 'I01BU0tFRF9TU0lEIw==',
                                      'time_diff': 60,
                                      'type': 'SMART.TAPOPLUG'}},
                          {'error_code': 0,
                           'method': 'get_connect_cloud_state',
                           'result': {'status': 0}}]}}
Device 192.168.100.112, found required cloud_connect, adding Cloud to modules.
Device 192.168.100.112, found required device, adding DeviceModule to modules.
Device 192.168.100.112, found required firmware, adding Firmware to modules.
Device 192.168.100.112, found required led, adding Led to modules.
Device 192.168.100.112, found required None, adding OverheatProtection to modules.
Device 192.168.100.112, found required time, adding Time to modules.
Querying 192.168.100.112 for modules: Time, Led
192.168.100.112 multi-request-batch-1-of-1 >> '{"method":"multipleRequest","request_time_milis":1743690262523,"terminal_uuid":"BLKGF57jpT+lFtgOQpNFLQ==","params":{"requests":[{"method":"get_device_time"},{"method":"get_led_info"}]}}'
Device 192.168.100.112 waiting 0.25 seconds to send request
Posting to http://192.168.100.112/app?token=5684F582C8E211E187D1E3D0A0C09AC0
192.168.100.112 multi-request-batch-1-of-1 << {'error_code': 0,
 'result': {'responses': [{'error_code': 0,
                           'method': 'get_device_time',
                           'result': {'region': 'Europe/Rome',
                                      'time_diff': 60,
                                      'timestamp': 1743690257}},
                          {'error_code': 0,
                           'method': 'get_led_info',
                           'result': {'led_rule': 'always',
                                      'led_status': False,
                                      'night_mode': {'end_time': 0,
                                                     'night_mode_type': 'unknown',
                                                     'start_time': 0,
                                                     'sunrise_offset': 0,
                                                     'sunset_offset': 0}}}]}}
Update completed 192.168.100.112: ['component_nego', 'get_device_info', 'get_connect_cloud_state', 'get_device_time', 'get_led_info']
Unclosed client session
client_session: <aiohttp.client.ClientSession object at 0x000001CE443FB8F0>
Exception in default exception handler
Traceback (most recent call last):
  File "C:\Users\Davide\AppData\Local\Programs\Python\Python312\Lib\asyncio\base_events.py", line 1847, in call_exception_handler
    self.default_exception_handler(context)
  File "C:\Users\Davide\AppData\Local\Programs\Python\Python312\Lib\asyncio\base_events.py", line 1821, in default_exception_handler
    logger.error('\n'.join(log_lines), exc_info=exc_info)
  File "C:\Users\Davide\AppData\Local\Programs\Python\Python312\Lib\logging\__init__.py", line 1568, in error
    self._log(ERROR, msg, args, **kwargs)
  File "C:\Users\Davide\AppData\Local\Programs\Python\Python312\Lib\logging\__init__.py", line 1684, in _log
    self.handle(record)
  File "C:\Users\Davide\AppData\Local\Programs\Python\Python312\Lib\logging\__init__.py", line 1700, in handle
    self.callHandlers(record)
  File "C:\Users\Davide\AppData\Local\Programs\Python\Python312\Lib\logging\__init__.py", line 1762, in callHandlers
    hdlr.handle(record)
  File "C:\Users\Davide\Desktop\ServerSmartPlug\log_manager.py", line 16, in handle
    listener(record)
  File "C:\Users\Davide\Desktop\ServerSmartPlug\gui\windows.py", line 24, in _add_console_line
    self.console_text.configure(state='normal')
  File "C:\Users\Davide\AppData\Local\Programs\Python\Python312\Lib\tkinter\__init__.py", line 1722, in configure
    return self._configure('configure', cnf, kw)
           ^^^^^^^^^^^^^^^^^^^^^^^^^^^^^^^^^^^^^
  File "C:\Users\Davide\AppData\Local\Programs\Python\Python312\Lib\tkinter\__init__.py", line 1712, in _configure
    self.tk.call(_flatten((self._w, cmd)) + self._options(cnf))
_tkinter.TclError: invalid command name ".!frame4.!frame.!text"
Unclosed connector
connections: ['deque([(<aiohttp.client_proto.ResponseHandler object at 0x000001CE444739B0>, 863818.578)])']
connector: <aiohttp.connector.TCPConnector object at 0x000001CE430B1610>
Exception in default exception handler
Traceback (most recent call last):
  File "C:\Users\Davide\AppData\Local\Programs\Python\Python312\Lib\asyncio\base_events.py", line 1847, in call_exception_handler
    self.default_exception_handler(context)
  File "C:\Users\Davide\AppData\Local\Programs\Python\Python312\Lib\asyncio\base_events.py", line 1821, in default_exception_handler
    logger.error('\n'.join(log_lines), exc_info=exc_info)
  File "C:\Users\Davide\AppData\Local\Programs\Python\Python312\Lib\logging\__init__.py", line 1568, in error
    self._log(ERROR, msg, args, **kwargs)
  File "C:\Users\Davide\AppData\Local\Programs\Python\Python312\Lib\logging\__init__.py", line 1684, in _log
    self.handle(record)
  File "C:\Users\Davide\AppData\Local\Programs\Python\Python312\Lib\logging\__init__.py", line 1700, in handle
    self.callHandlers(record)
  File "C:\Users\Davide\AppData\Local\Programs\Python\Python312\Lib\logging\__init__.py", line 1762, in callHandlers
    hdlr.handle(record)
  File "C:\Users\Davide\Desktop\ServerSmartPlug\log_manager.py", line 16, in handle
    listener(record)
  File "C:\Users\Davide\Desktop\ServerSmartPlug\gui\windows.py", line 24, in _add_console_line
    self.console_text.configure(state='normal')
  File "C:\Users\Davide\AppData\Local\Programs\Python\Python312\Lib\tkinter\__init__.py", line 1722, in configure
    return self._configure('configure', cnf, kw)
           ^^^^^^^^^^^^^^^^^^^^^^^^^^^^^^^^^^^^^
  File "C:\Users\Davide\AppData\Local\Programs\Python\Python312\Lib\tkinter\__init__.py", line 1712, in _configure
    self.tk.call(_flatten((self._w, cmd)) + self._options(cnf))
_tkinter.TclError: invalid command name ".!frame4.!frame.!text"
Discovery started...
Using proactor: IocpProactor
Listening on 127.0.0.1:8080
[DISCOVERY] 255.255.255.255 >> {'system': {'get_sysinfo': {}}}
Waiting 5 seconds for responses...
Using proactor: IocpProactor
Using SmartDevice for SMART.TAPOPLUG
Finding protocol for 192.168.100.112
Finding protocol for DeviceFamily.SmartTapoPlug
Finding transport for SMART.AES
Created AES transport for 192.168.100.112
[DISCOVERY] 192.168.100.112 << {'error_code': 0,
 'result': {'device_id': 'REDACTED_c913ec3cd97a6bec2fbb1ee',
            'device_model': 'P100',
            'device_type': 'SMART.TAPOPLUG',
            'factory_default': False,
            'ip': '192.168.100.112',
            'is_support_iot_cloud': True,
            'mac': '74-DA-88-00-00-00',
            'mgt_encrypt_schm': {'encrypt_type': 'AES',
                                 'http_port': 80,
                                 'is_support_https': False,
                                 'lv': 2},
            'owner': 'REDACTED_19347acd812465188388075'}}
Initializing 192.168.100.112 of type <class 'kasa.smart.smartdevice.SmartDevice'>
Discovery finished! Found: 1 device(s)
Discovered 1 devices
Using proactor: IocpProactor
[DISCOVERY] 192.168.100.112 >> {'system': {'get_sysinfo': {}}}
Waiting a total of 5 seconds for responses...
Using SmartDevice for SMART.TAPOPLUG
Finding protocol for 192.168.100.112
Finding protocol for DeviceFamily.SmartTapoPlug
Finding transport for SMART.AES
Created AES transport for 192.168.100.112
[DISCOVERY] 192.168.100.112 << {'error_code': 0,
 'result': {'device_id': 'REDACTED_c913ec3cd97a6bec2fbb1ee',
            'device_model': 'P100',
            'device_type': 'SMART.TAPOPLUG',
            'factory_default': False,
            'ip': '192.168.100.112',
            'is_support_iot_cloud': True,
            'mac': '74-DA-88-00-00-00',
            'mgt_encrypt_schm': {'encrypt_type': 'AES',
                                 'http_port': 80,
                                 'is_support_https': False,
                                 'lv': 2},
            'owner': 'REDACTED_19347acd812465188388075'}}
Initializing 192.168.100.112 of type <class 'kasa.smart.smartdevice.SmartDevice'>
192.168.100.112 multi-request-batch-1-of-1 >> '{"method":"multipleRequest","request_time_milis":1743690325194,"terminal_uuid":"Nc3vVc3LOQuMlrSvk51EXg==","params":{"requests":[{"method":"component_nego"},{"method":"get_device_info"},{"method":"get_connect_cloud_state"}]}}'
Will perform handshaking...
Posting to http://192.168.100.112/app
Generating keypair
Handshake request: {'method': 'handshake', 'params': {'key': '-----BEGIN PUBLIC KEY-----\nMIGfMA0GCSqGSIb3DQEBAQUAA4GNADCBiQKBgQDahQJg9GlFfrBf29hQt5SQNhaA/JLBhvCjflRCUOR51+t3qoB3N9sezttuqiSIKnQbem4Jd/NPbprhqTp02OjVrnxJyOqUkmGovlg/dX09nmixrSheldtzefCaXrop5bDHDFfv2CWOLqTI+XDx8Slvyz9nLRY4iIgYnnC1xRQJGQIDAQAB\n-----END PUBLIC KEY-----\n'}}
Device responded with: {'error_code': 0, 'result': {'key': 'lqmZApEh+zlsFyvNg05DwYc3QsCa2Wm6XZPQY0SFhurtZZGRoHQiOafhGCRsQ6XL8nnasfvC/geLv5SeLupdOdU7EvVqaY59nCjjWOz2SG5QWbLQfAlVbM8GVzMJCU3BQ1YElAts7lQq5HLD0OQ/wkzrlbp2AuAqC8ThQCBho7o='}}
Handshake with 192.168.100.112 complete
Posting to http://192.168.100.112/app
192.168.100.112: logged in with provided credentials
Posting to http://192.168.100.112/app?token=C3FE71F25C328D349B54F35770674C66
Device 192.168.100.112 received an os error, enabling sequential request delay: Server disconnected
Device 192.168.100.112 got a connection error, will retry 3 times: ('Device connection error: 192.168.100.112: Server disconnected', ServerDisconnectedError('Server disconnected'))
192.168.100.112 multi-request-batch-1-of-1 >> '{"method":"multipleRequest","request_time_milis":1743690325335,"terminal_uuid":"Nc3vVc3LOQuMlrSvk51EXg==","params":{"requests":[{"method":"component_nego"},{"method":"get_device_info"},{"method":"get_connect_cloud_state"}]}}'
Device 192.168.100.112 waiting 0.25 seconds to send request
Posting to http://192.168.100.112/app?token=C3FE71F25C328D349B54F35770674C66
192.168.100.112 multi-request-batch-1-of-1 << {'error_code': 0,
 'result': {'responses': [{'error_code': 0,
                           'method': 'component_nego',
                           'result': {'component_list': [{'id': 'device',
                                                          'ver_code': 2},
                                                         {'id': 'firmware',
                                                          'ver_code': 1},
                                                         {'id': 'quick_setup',
                                                          'ver_code': 3},
                                                         {'id': 'time',
                                                          'ver_code': 1},
                                                         {'id': 'wireless',
                                                          'ver_code': 1},
                                                         {'id': 'schedule',
                                                          'ver_code': 2},
                                                         {'id': 'countdown',
                                                          'ver_code': 2},
                                                         {'id': 'antitheft',
                                                          'ver_code': 1},
                                                         {'id': 'account',
                                                          'ver_code': 1},
                                                         {'id': 'synchronize',
                                                          'ver_code': 1},
                                                         {'id': 'sunrise_sunset',
                                                          'ver_code': 1},
                                                         {'id': 'led',
                                                          'ver_code': 1},
                                                         {'id': 'cloud_connect',
                                                          'ver_code': 1},
                                                         {'id': 'iot_cloud',
                                                          'ver_code': 1},
                                                         {'id': 'default_states',
                                                          'ver_code': 1}]}},
                          {'error_code': 0,
                           'method': 'get_device_info',
                           'result': {'avatar': 'plug',
                                      'default_states': {'state': {},
                                                         'type': 'last_states'},
                                      'device_id': 'REDACTED_DB80F24B353338FA05BB18C1C486215',
                                      'device_on': False,
                                      'fw_id': 'REDACTED_A25ABDE41405B20C6F98816',
                                      'fw_ver': '1.3.7 Build 20230711 Rel. '
                                                '61904',
                                      'has_set_location_info': True,
                                      'hw_id': 'REDACTED_5B29645B8150C392284029D',
                                      'hw_ver': '1.0.0',
                                      'ip': '192.168.100.112',
                                      'lang': 'it_IT',
                                      'latitude': 0,
                                      'location': '',
                                      'longitude': 0,
                                      'mac': '74-DA-88-00-00-00',
                                      'model': 'P100',
                                      'nickname': 'I01BU0tFRF9OQU1FIw==',
                                      'oem_id': 'REDACTED_06C60A9AEEA36A3347B6EBC',
                                      'on_time': 0,
                                      'overheated': False,
                                      'region': 'Europe/Rome',
                                      'rssi': -40,
                                      'signal_level': 3,
                                      'specs': 'EU',
                                      'ssid': 'I01BU0tFRF9TU0lEIw==',
                                      'time_diff': 60,
                                      'type': 'SMART.TAPOPLUG'}},
                          {'error_code': 0,
                           'method': 'get_connect_cloud_state',
                           'result': {'status': 0}}]}}
Device 192.168.100.112, found required cloud_connect, adding Cloud to modules.
Device 192.168.100.112, found required device, adding DeviceModule to modules.
Device 192.168.100.112, found required firmware, adding Firmware to modules.
Device 192.168.100.112, found required led, adding Led to modules.
Device 192.168.100.112, found required None, adding OverheatProtection to modules.
Device 192.168.100.112, found required time, adding Time to modules.
Querying 192.168.100.112 for modules: Time, Led
192.168.100.112 multi-request-batch-1-of-1 >> '{"method":"multipleRequest","request_time_milis":1743690325659,"terminal_uuid":"Nc3vVc3LOQuMlrSvk51EXg==","params":{"requests":[{"method":"get_device_time"},{"method":"get_led_info"}]}}'
Device 192.168.100.112 waiting 0.23400000005494803 seconds to send request
Posting to http://192.168.100.112/app?token=C3FE71F25C328D349B54F35770674C66
192.168.100.112 multi-request-batch-1-of-1 << {'error_code': 0,
 'result': {'responses': [{'error_code': 0,
                           'method': 'get_device_time',
                           'result': {'region': 'Europe/Rome',
                                      'time_diff': 60,
                                      'timestamp': 1743690321}},
                          {'error_code': 0,
                           'method': 'get_led_info',
                           'result': {'led_rule': 'always',
                                      'led_status': False,
                                      'night_mode': {'end_time': 0,
                                                     'night_mode_type': 'unknown',
                                                     'start_time': 0,
                                                     'sunrise_offset': 0,
                                                     'sunset_offset': 0}}}]}}
Update completed 192.168.100.112: ['component_nego', 'get_device_info', 'get_connect_cloud_state', 'get_device_time', 'get_led_info']
Unclosed client session
client_session: <aiohttp.client.ClientSession object at 0x000002F1C8956BD0>
Exception in default exception handler
Traceback (most recent call last):
  File "C:\Users\Davide\AppData\Local\Programs\Python\Python312\Lib\asyncio\base_events.py", line 1847, in call_exception_handler
    self.default_exception_handler(context)
  File "C:\Users\Davide\AppData\Local\Programs\Python\Python312\Lib\asyncio\base_events.py", line 1821, in default_exception_handler
    logger.error('\n'.join(log_lines), exc_info=exc_info)
  File "C:\Users\Davide\AppData\Local\Programs\Python\Python312\Lib\logging\__init__.py", line 1568, in error
    self._log(ERROR, msg, args, **kwargs)
  File "C:\Users\Davide\AppData\Local\Programs\Python\Python312\Lib\logging\__init__.py", line 1684, in _log
    self.handle(record)
  File "C:\Users\Davide\AppData\Local\Programs\Python\Python312\Lib\logging\__init__.py", line 1700, in handle
    self.callHandlers(record)
  File "C:\Users\Davide\AppData\Local\Programs\Python\Python312\Lib\logging\__init__.py", line 1762, in callHandlers
    hdlr.handle(record)
  File "C:\Users\Davide\Desktop\ServerSmartPlug\log_manager.py", line 16, in handle
    listener(record)
  File "C:\Users\Davide\Desktop\ServerSmartPlug\gui\windows.py", line 24, in _add_console_line
    self.console_text.configure(state='normal')
  File "C:\Users\Davide\AppData\Local\Programs\Python\Python312\Lib\tkinter\__init__.py", line 1722, in configure
    return self._configure('configure', cnf, kw)
           ^^^^^^^^^^^^^^^^^^^^^^^^^^^^^^^^^^^^^
  File "C:\Users\Davide\AppData\Local\Programs\Python\Python312\Lib\tkinter\__init__.py", line 1712, in _configure
    self.tk.call(_flatten((self._w, cmd)) + self._options(cnf))
_tkinter.TclError: invalid command name ".!frame4.!frame.!text"
Unclosed connector
connections: ['deque([(<aiohttp.client_proto.ResponseHandler object at 0x000002F1C89639B0>, 863881.703)])']
connector: <aiohttp.connector.TCPConnector object at 0x000002F1C8956B10>
Exception in default exception handler
Traceback (most recent call last):
  File "C:\Users\Davide\AppData\Local\Programs\Python\Python312\Lib\asyncio\base_events.py", line 1847, in call_exception_handler
    self.default_exception_handler(context)
  File "C:\Users\Davide\AppData\Local\Programs\Python\Python312\Lib\asyncio\base_events.py", line 1821, in default_exception_handler
    logger.error('\n'.join(log_lines), exc_info=exc_info)
  File "C:\Users\Davide\AppData\Local\Programs\Python\Python312\Lib\logging\__init__.py", line 1568, in error
    self._log(ERROR, msg, args, **kwargs)
  File "C:\Users\Davide\AppData\Local\Programs\Python\Python312\Lib\logging\__init__.py", line 1684, in _log
    self.handle(record)
  File "C:\Users\Davide\AppData\Local\Programs\Python\Python312\Lib\logging\__init__.py", line 1700, in handle
    self.callHandlers(record)
  File "C:\Users\Davide\AppData\Local\Programs\Python\Python312\Lib\logging\__init__.py", line 1762, in callHandlers
    hdlr.handle(record)
  File "C:\Users\Davide\Desktop\ServerSmartPlug\log_manager.py", line 16, in handle
    listener(record)
  File "C:\Users\Davide\Desktop\ServerSmartPlug\gui\windows.py", line 24, in _add_console_line
    self.console_text.configure(state='normal')
  File "C:\Users\Davide\AppData\Local\Programs\Python\Python312\Lib\tkinter\__init__.py", line 1722, in configure
    return self._configure('configure', cnf, kw)
           ^^^^^^^^^^^^^^^^^^^^^^^^^^^^^^^^^^^^^
  File "C:\Users\Davide\AppData\Local\Programs\Python\Python312\Lib\tkinter\__init__.py", line 1712, in _configure
    self.tk.call(_flatten((self._w, cmd)) + self._options(cnf))
_tkinter.TclError: invalid command name ".!frame4.!frame.!text"
Discovery started...
Using proactor: IocpProactor
Listening on 127.0.0.1:8080
[DISCOVERY] 255.255.255.255 >> {'system': {'get_sysinfo': {}}}
Waiting 5 seconds for responses...
Using SmartDevice for SMART.TAPOPLUG
Finding protocol for 192.168.100.112
Finding protocol for DeviceFamily.SmartTapoPlug
Finding transport for SMART.AES
Created AES transport for 192.168.100.112
[DISCOVERY] 192.168.100.112 << {'error_code': 0,
 'result': {'device_id': 'REDACTED_c913ec3cd97a6bec2fbb1ee',
            'device_model': 'P100',
            'device_type': 'SMART.TAPOPLUG',
            'factory_default': False,
            'ip': '192.168.100.112',
            'is_support_iot_cloud': True,
            'mac': '74-DA-88-00-00-00',
            'mgt_encrypt_schm': {'encrypt_type': 'AES',
                                 'http_port': 80,
                                 'is_support_https': False,
                                 'lv': 2},
            'owner': 'REDACTED_19347acd812465188388075'}}
Initializing 192.168.100.112 of type <class 'kasa.smart.smartdevice.SmartDevice'>
Using proactor: IocpProactor
Discovery finished! Found: 1 device(s)
Discovered 1 devices
Using proactor: IocpProactor
[DISCOVERY] 192.168.100.112 >> {'system': {'get_sysinfo': {}}}
Waiting a total of 5 seconds for responses...
Using SmartDevice for SMART.TAPOPLUG
Finding protocol for 192.168.100.112
Finding protocol for DeviceFamily.SmartTapoPlug
Finding transport for SMART.AES
Created AES transport for 192.168.100.112
[DISCOVERY] 192.168.100.112 << {'error_code': 0,
 'result': {'device_id': 'REDACTED_c913ec3cd97a6bec2fbb1ee',
            'device_model': 'P100',
            'device_type': 'SMART.TAPOPLUG',
            'factory_default': False,
            'ip': '192.168.100.112',
            'is_support_iot_cloud': True,
            'mac': '74-DA-88-00-00-00',
            'mgt_encrypt_schm': {'encrypt_type': 'AES',
                                 'http_port': 80,
                                 'is_support_https': False,
                                 'lv': 2},
            'owner': 'REDACTED_19347acd812465188388075'}}
Initializing 192.168.100.112 of type <class 'kasa.smart.smartdevice.SmartDevice'>
192.168.100.112 multi-request-batch-1-of-1 >> '{"method":"multipleRequest","request_time_milis":1743690357227,"terminal_uuid":"aLQ9jbyb438rRpdYSPGi2w==","params":{"requests":[{"method":"component_nego"},{"method":"get_device_info"},{"method":"get_connect_cloud_state"}]}}'
Will perform handshaking...
Posting to http://192.168.100.112/app
Generating keypair
Handshake request: {'method': 'handshake', 'params': {'key': '-----BEGIN PUBLIC KEY-----\nMIGfMA0GCSqGSIb3DQEBAQUAA4GNADCBiQKBgQDaUrh5oU707aWsklYUrbNC2ZPgGlKfU5ibpFvvYrKGx8GSaBk/Tn+ElxkNMbmWPo5Tounkc2tS4vopQZeMtKf0Q+pWGF6wS7+DOM0CzhB6cLpM6WtpJ4ARrf6BB0hZIs2dFWdAS89v39ijvUKfBhr4/ydT9vX7a1cdGtn1LsU50QIDAQAB\n-----END PUBLIC KEY-----\n'}}
Device responded with: {'error_code': 0, 'result': {'key': 'NaYdgxNmLjVIs72b5MzrEc7b3nVHSznl0DITEfEOey8R5bW9uvIbbgZjtBedWNtniKrjSdo5SZgquq7B7D4MtxrthdiTkD2qaahHfRP+Cn/ZiyfgKKxkMmqEolCJKto1cRr0Cm8w+wqBwqC7EBwWNgkkekB9teCA9dTpDRGLcac='}}
Handshake with 192.168.100.112 complete
Posting to http://192.168.100.112/app
192.168.100.112: logged in with provided credentials
Posting to http://192.168.100.112/app?token=FB9C80903350065657364D35ED05E804
Device 192.168.100.112 received an os error, enabling sequential request delay: Server disconnected
Device 192.168.100.112 got a connection error, will retry 3 times: ('Device connection error: 192.168.100.112: Server disconnected', ServerDisconnectedError('Server disconnected'))
192.168.100.112 multi-request-batch-1-of-1 >> '{"method":"multipleRequest","request_time_milis":1743690357364,"terminal_uuid":"aLQ9jbyb438rRpdYSPGi2w==","params":{"requests":[{"method":"component_nego"},{"method":"get_device_info"},{"method":"get_connect_cloud_state"}]}}'
Device 192.168.100.112 waiting 0.25 seconds to send request
Posting to http://192.168.100.112/app?token=FB9C80903350065657364D35ED05E804
192.168.100.112 multi-request-batch-1-of-1 << {'error_code': 0,
 'result': {'responses': [{'error_code': 0,
                           'method': 'component_nego',
                           'result': {'component_list': [{'id': 'device',
                                                          'ver_code': 2},
                                                         {'id': 'firmware',
                                                          'ver_code': 1},
                                                         {'id': 'quick_setup',
                                                          'ver_code': 3},
                                                         {'id': 'time',
                                                          'ver_code': 1},
                                                         {'id': 'wireless',
                                                          'ver_code': 1},
                                                         {'id': 'schedule',
                                                          'ver_code': 2},
                                                         {'id': 'countdown',
                                                          'ver_code': 2},
                                                         {'id': 'antitheft',
                                                          'ver_code': 1},
                                                         {'id': 'account',
                                                          'ver_code': 1},
                                                         {'id': 'synchronize',
                                                          'ver_code': 1},
                                                         {'id': 'sunrise_sunset',
                                                          'ver_code': 1},
                                                         {'id': 'led',
                                                          'ver_code': 1},
                                                         {'id': 'cloud_connect',
                                                          'ver_code': 1},
                                                         {'id': 'iot_cloud',
                                                          'ver_code': 1},
                                                         {'id': 'default_states',
                                                          'ver_code': 1}]}},
                          {'error_code': 0,
                           'method': 'get_device_info',
                           'result': {'avatar': 'plug',
                                      'default_states': {'state': {},
                                                         'type': 'last_states'},
                                      'device_id': 'REDACTED_DB80F24B353338FA05BB18C1C486215',
                                      'device_on': False,
                                      'fw_id': 'REDACTED_A25ABDE41405B20C6F98816',
                                      'fw_ver': '1.3.7 Build 20230711 Rel. '
                                                '61904',
                                      'has_set_location_info': True,
                                      'hw_id': 'REDACTED_5B29645B8150C392284029D',
                                      'hw_ver': '1.0.0',
                                      'ip': '192.168.100.112',
                                      'lang': 'it_IT',
                                      'latitude': 0,
                                      'location': '',
                                      'longitude': 0,
                                      'mac': '74-DA-88-00-00-00',
                                      'model': 'P100',
                                      'nickname': 'I01BU0tFRF9OQU1FIw==',
                                      'oem_id': 'REDACTED_06C60A9AEEA36A3347B6EBC',
                                      'on_time': 0,
                                      'overheated': False,
                                      'region': 'Europe/Rome',
                                      'rssi': -40,
                                      'signal_level': 3,
                                      'specs': 'EU',
                                      'ssid': 'I01BU0tFRF9TU0lEIw==',
                                      'time_diff': 60,
                                      'type': 'SMART.TAPOPLUG'}},
                          {'error_code': 0,
                           'method': 'get_connect_cloud_state',
                           'result': {'status': 0}}]}}
Device 192.168.100.112, found required cloud_connect, adding Cloud to modules.
Device 192.168.100.112, found required device, adding DeviceModule to modules.
Device 192.168.100.112, found required firmware, adding Firmware to modules.
Device 192.168.100.112, found required led, adding Led to modules.
Device 192.168.100.112, found required None, adding OverheatProtection to modules.
Device 192.168.100.112, found required time, adding Time to modules.
Querying 192.168.100.112 for modules: Time, Led
192.168.100.112 multi-request-batch-1-of-1 >> '{"method":"multipleRequest","request_time_milis":1743690357704,"terminal_uuid":"aLQ9jbyb438rRpdYSPGi2w==","params":{"requests":[{"method":"get_device_time"},{"method":"get_led_info"}]}}'
Device 192.168.100.112 waiting 0.23499999998603016 seconds to send request
Posting to http://192.168.100.112/app?token=FB9C80903350065657364D35ED05E804
192.168.100.112 multi-request-batch-1-of-1 << {'error_code': 0,
 'result': {'responses': [{'error_code': 0,
                           'method': 'get_device_time',
                           'result': {'region': 'Europe/Rome',
                                      'time_diff': 60,
                                      'timestamp': 1743690353}},
                          {'error_code': 0,
                           'method': 'get_led_info',
                           'result': {'led_rule': 'always',
                                      'led_status': False,
                                      'night_mode': {'end_time': 0,
                                                     'night_mode_type': 'unknown',
                                                     'start_time': 0,
                                                     'sunrise_offset': 0,
                                                     'sunset_offset': 0}}}]}}
Update completed 192.168.100.112: ['component_nego', 'get_device_info', 'get_connect_cloud_state', 'get_device_time', 'get_led_info']
Unclosed client session
client_session: <aiohttp.client.ClientSession object at 0x000001D4FDD90380>
Exception in default exception handler
Traceback (most recent call last):
  File "C:\Users\Davide\AppData\Local\Programs\Python\Python312\Lib\asyncio\base_events.py", line 1847, in call_exception_handler
    self.default_exception_handler(context)
  File "C:\Users\Davide\AppData\Local\Programs\Python\Python312\Lib\asyncio\base_events.py", line 1821, in default_exception_handler
    logger.error('\n'.join(log_lines), exc_info=exc_info)
  File "C:\Users\Davide\AppData\Local\Programs\Python\Python312\Lib\logging\__init__.py", line 1568, in error
    self._log(ERROR, msg, args, **kwargs)
  File "C:\Users\Davide\AppData\Local\Programs\Python\Python312\Lib\logging\__init__.py", line 1684, in _log
    self.handle(record)
  File "C:\Users\Davide\AppData\Local\Programs\Python\Python312\Lib\logging\__init__.py", line 1700, in handle
    self.callHandlers(record)
  File "C:\Users\Davide\AppData\Local\Programs\Python\Python312\Lib\logging\__init__.py", line 1762, in callHandlers
    hdlr.handle(record)
  File "C:\Users\Davide\Desktop\ServerSmartPlug\log_manager.py", line 16, in handle
    listener(record)
  File "C:\Users\Davide\Desktop\ServerSmartPlug\gui\windows.py", line 24, in _add_console_line
    self.console_text.configure(state='normal')
  File "C:\Users\Davide\AppData\Local\Programs\Python\Python312\Lib\tkinter\__init__.py", line 1722, in configure
    return self._configure('configure', cnf, kw)
           ^^^^^^^^^^^^^^^^^^^^^^^^^^^^^^^^^^^^^
  File "C:\Users\Davide\AppData\Local\Programs\Python\Python312\Lib\tkinter\__init__.py", line 1712, in _configure
    self.tk.call(_flatten((self._w, cmd)) + self._options(cnf))
_tkinter.TclError: invalid command name ".!frame4.!frame.!text"
Unclosed connector
connections: ['deque([(<aiohttp.client_proto.ResponseHandler object at 0x000001D4FDDABAD0>, 863913.75)])']
connector: <aiohttp.connector.TCPConnector object at 0x000001D4FDD903B0>
Exception in default exception handler
Traceback (most recent call last):
  File "C:\Users\Davide\AppData\Local\Programs\Python\Python312\Lib\asyncio\base_events.py", line 1847, in call_exception_handler
    self.default_exception_handler(context)
  File "C:\Users\Davide\AppData\Local\Programs\Python\Python312\Lib\asyncio\base_events.py", line 1821, in default_exception_handler
    logger.error('\n'.join(log_lines), exc_info=exc_info)
  File "C:\Users\Davide\AppData\Local\Programs\Python\Python312\Lib\logging\__init__.py", line 1568, in error
    self._log(ERROR, msg, args, **kwargs)
  File "C:\Users\Davide\AppData\Local\Programs\Python\Python312\Lib\logging\__init__.py", line 1684, in _log
    self.handle(record)
  File "C:\Users\Davide\AppData\Local\Programs\Python\Python312\Lib\logging\__init__.py", line 1700, in handle
    self.callHandlers(record)
  File "C:\Users\Davide\AppData\Local\Programs\Python\Python312\Lib\logging\__init__.py", line 1762, in callHandlers
    hdlr.handle(record)
  File "C:\Users\Davide\Desktop\ServerSmartPlug\log_manager.py", line 16, in handle
    listener(record)
  File "C:\Users\Davide\Desktop\ServerSmartPlug\gui\windows.py", line 24, in _add_console_line
    self.console_text.configure(state='normal')
  File "C:\Users\Davide\AppData\Local\Programs\Python\Python312\Lib\tkinter\__init__.py", line 1722, in configure
    return self._configure('configure', cnf, kw)
           ^^^^^^^^^^^^^^^^^^^^^^^^^^^^^^^^^^^^^
  File "C:\Users\Davide\AppData\Local\Programs\Python\Python312\Lib\tkinter\__init__.py", line 1712, in _configure
    self.tk.call(_flatten((self._w, cmd)) + self._options(cnf))
_tkinter.TclError: invalid command name ".!frame4.!frame.!text"
Discovery started...
Using proactor: IocpProactor
Listening on 127.0.0.1:8080
[DISCOVERY] 255.255.255.255 >> {'system': {'get_sysinfo': {}}}
Waiting 5 seconds for responses...
Using SmartDevice for SMART.TAPOPLUG
Finding protocol for 192.168.100.112
Finding protocol for DeviceFamily.SmartTapoPlug
Finding transport for SMART.AES
Created AES transport for 192.168.100.112
[DISCOVERY] 192.168.100.112 << {'error_code': 0,
 'result': {'device_id': 'REDACTED_c913ec3cd97a6bec2fbb1ee',
            'device_model': 'P100',
            'device_type': 'SMART.TAPOPLUG',
            'factory_default': False,
            'ip': '192.168.100.112',
            'is_support_iot_cloud': True,
            'mac': '74-DA-88-00-00-00',
            'mgt_encrypt_schm': {'encrypt_type': 'AES',
                                 'http_port': 80,
                                 'is_support_https': False,
                                 'lv': 2},
            'owner': 'REDACTED_19347acd812465188388075'}}
Initializing 192.168.100.112 of type <class 'kasa.smart.smartdevice.SmartDevice'>
Using proactor: IocpProactor
Discovery finished! Found: 1 device(s)
Discovered 1 devices
Using proactor: IocpProactor
[DISCOVERY] 192.168.100.112 >> {'system': {'get_sysinfo': {}}}
Waiting a total of 5 seconds for responses...
Using SmartDevice for SMART.TAPOPLUG
Finding protocol for 192.168.100.112
Finding protocol for DeviceFamily.SmartTapoPlug
Finding transport for SMART.AES
Created AES transport for 192.168.100.112
[DISCOVERY] 192.168.100.112 << {'error_code': 0,
 'result': {'device_id': 'REDACTED_c913ec3cd97a6bec2fbb1ee',
            'device_model': 'P100',
            'device_type': 'SMART.TAPOPLUG',
            'factory_default': False,
            'ip': '192.168.100.112',
            'is_support_iot_cloud': True,
            'mac': '74-DA-88-00-00-00',
            'mgt_encrypt_schm': {'encrypt_type': 'AES',
                                 'http_port': 80,
                                 'is_support_https': False,
                                 'lv': 2},
            'owner': 'REDACTED_19347acd812465188388075'}}
Initializing 192.168.100.112 of type <class 'kasa.smart.smartdevice.SmartDevice'>
192.168.100.112 multi-request-batch-1-of-1 >> '{"method":"multipleRequest","request_time_milis":1743690393017,"terminal_uuid":"HBfvXaplFlFmBY9nCYhnyw==","params":{"requests":[{"method":"component_nego"},{"method":"get_device_info"},{"method":"get_connect_cloud_state"}]}}'
Will perform handshaking...
Posting to http://192.168.100.112/app
Generating keypair
Handshake request: {'method': 'handshake', 'params': {'key': '-----BEGIN PUBLIC KEY-----\nMIGfMA0GCSqGSIb3DQEBAQUAA4GNADCBiQKBgQC2pD4hV1GpCuTKw6c2j+mN17fTtih3iXmdLcmYrZNyLI6foLLETPLR6vtBQiDW8/hBmHnt+MQJ1zBQYQlZKzFv0ezm8YoGPTT3jl8+uaOQcvZgsEsJ37DdL49M7KcRqka+xuJHgOrDaGilkB+YcGvejuX9UF/6gR+DrXy5k5FA0wIDAQAB\n-----END PUBLIC KEY-----\n'}}
Device responded with: {'error_code': 0, 'result': {'key': 'fSHtMtydxsGyMbNjQU0vzC3zFs061bumtepkfXdkfOe0JtU1xtDEFxvgUhZjbcDAaJYBPNe3MIJwH24++DMP4M5An0DSEMyFg/iWYiS0ZBGUYc2GI7LwNod7Pc+wR69RqZWvaG5bou0lgBsAhFVboQKIkxt8m4zbUXhfpuB5lkQ='}}
Handshake with 192.168.100.112 complete
Posting to http://192.168.100.112/app
192.168.100.112: logged in with provided credentials
Posting to http://192.168.100.112/app?token=DC985E927A323337A1678565CC455644
Device 192.168.100.112 received an os error, enabling sequential request delay: Server disconnected
Device 192.168.100.112 got a connection error, will retry 3 times: ('Device connection error: 192.168.100.112: Server disconnected', ServerDisconnectedError('Server disconnected'))
192.168.100.112 multi-request-batch-1-of-1 >> '{"method":"multipleRequest","request_time_milis":1743690393173,"terminal_uuid":"HBfvXaplFlFmBY9nCYhnyw==","params":{"requests":[{"method":"component_nego"},{"method":"get_device_info"},{"method":"get_connect_cloud_state"}]}}'
Device 192.168.100.112 waiting 0.25 seconds to send request
Posting to http://192.168.100.112/app?token=DC985E927A323337A1678565CC455644
192.168.100.112 multi-request-batch-1-of-1 << {'error_code': 0,
 'result': {'responses': [{'error_code': 0,
                           'method': 'component_nego',
                           'result': {'component_list': [{'id': 'device',
                                                          'ver_code': 2},
                                                         {'id': 'firmware',
                                                          'ver_code': 1},
                                                         {'id': 'quick_setup',
                                                          'ver_code': 3},
                                                         {'id': 'time',
                                                          'ver_code': 1},
                                                         {'id': 'wireless',
                                                          'ver_code': 1},
                                                         {'id': 'schedule',
                                                          'ver_code': 2},
                                                         {'id': 'countdown',
                                                          'ver_code': 2},
                                                         {'id': 'antitheft',
                                                          'ver_code': 1},
                                                         {'id': 'account',
                                                          'ver_code': 1},
                                                         {'id': 'synchronize',
                                                          'ver_code': 1},
                                                         {'id': 'sunrise_sunset',
                                                          'ver_code': 1},
                                                         {'id': 'led',
                                                          'ver_code': 1},
                                                         {'id': 'cloud_connect',
                                                          'ver_code': 1},
                                                         {'id': 'iot_cloud',
                                                          'ver_code': 1},
                                                         {'id': 'default_states',
                                                          'ver_code': 1}]}},
                          {'error_code': 0,
                           'method': 'get_device_info',
                           'result': {'avatar': 'plug',
                                      'default_states': {'state': {},
                                                         'type': 'last_states'},
                                      'device_id': 'REDACTED_DB80F24B353338FA05BB18C1C486215',
                                      'device_on': False,
                                      'fw_id': 'REDACTED_A25ABDE41405B20C6F98816',
                                      'fw_ver': '1.3.7 Build 20230711 Rel. '
                                                '61904',
                                      'has_set_location_info': True,
                                      'hw_id': 'REDACTED_5B29645B8150C392284029D',
                                      'hw_ver': '1.0.0',
                                      'ip': '192.168.100.112',
                                      'lang': 'it_IT',
                                      'latitude': 0,
                                      'location': '',
                                      'longitude': 0,
                                      'mac': '74-DA-88-00-00-00',
                                      'model': 'P100',
                                      'nickname': 'I01BU0tFRF9OQU1FIw==',
                                      'oem_id': 'REDACTED_06C60A9AEEA36A3347B6EBC',
                                      'on_time': 0,
                                      'overheated': False,
                                      'region': 'Europe/Rome',
                                      'rssi': -40,
                                      'signal_level': 3,
                                      'specs': 'EU',
                                      'ssid': 'I01BU0tFRF9TU0lEIw==',
                                      'time_diff': 60,
                                      'type': 'SMART.TAPOPLUG'}},
                          {'error_code': 0,
                           'method': 'get_connect_cloud_state',
                           'result': {'status': 0}}]}}
Device 192.168.100.112, found required cloud_connect, adding Cloud to modules.
Device 192.168.100.112, found required device, adding DeviceModule to modules.
Device 192.168.100.112, found required firmware, adding Firmware to modules.
Device 192.168.100.112, found required led, adding Led to modules.
Device 192.168.100.112, found required None, adding OverheatProtection to modules.
Device 192.168.100.112, found required time, adding Time to modules.
Querying 192.168.100.112 for modules: Time, Led
192.168.100.112 multi-request-batch-1-of-1 >> '{"method":"multipleRequest","request_time_milis":1743690393512,"terminal_uuid":"HBfvXaplFlFmBY9nCYhnyw==","params":{"requests":[{"method":"get_device_time"},{"method":"get_led_info"}]}}'
Device 192.168.100.112 waiting 0.25 seconds to send request
Posting to http://192.168.100.112/app?token=DC985E927A323337A1678565CC455644
192.168.100.112 multi-request-batch-1-of-1 << {'error_code': 0,
 'result': {'responses': [{'error_code': 0,
                           'method': 'get_device_time',
                           'result': {'region': 'Europe/Rome',
                                      'time_diff': 60,
                                      'timestamp': 1743690388}},
                          {'error_code': 0,
                           'method': 'get_led_info',
                           'result': {'led_rule': 'always',
                                      'led_status': False,
                                      'night_mode': {'end_time': 0,
                                                     'night_mode_type': 'unknown',
                                                     'start_time': 0,
                                                     'sunrise_offset': 0,
                                                     'sunset_offset': 0}}}]}}
Update completed 192.168.100.112: ['component_nego', 'get_device_info', 'get_connect_cloud_state', 'get_device_time', 'get_led_info']
Unclosed client session
client_session: <aiohttp.client.ClientSession object at 0x0000017D29AAA030>
Exception in default exception handler
Traceback (most recent call last):
  File "C:\Users\Davide\AppData\Local\Programs\Python\Python312\Lib\asyncio\base_events.py", line 1847, in call_exception_handler
    self.default_exception_handler(context)
  File "C:\Users\Davide\AppData\Local\Programs\Python\Python312\Lib\asyncio\base_events.py", line 1821, in default_exception_handler
    logger.error('\n'.join(log_lines), exc_info=exc_info)
  File "C:\Users\Davide\AppData\Local\Programs\Python\Python312\Lib\logging\__init__.py", line 1568, in error
    self._log(ERROR, msg, args, **kwargs)
  File "C:\Users\Davide\AppData\Local\Programs\Python\Python312\Lib\logging\__init__.py", line 1684, in _log
    self.handle(record)
  File "C:\Users\Davide\AppData\Local\Programs\Python\Python312\Lib\logging\__init__.py", line 1700, in handle
    self.callHandlers(record)
  File "C:\Users\Davide\AppData\Local\Programs\Python\Python312\Lib\logging\__init__.py", line 1762, in callHandlers
    hdlr.handle(record)
  File "C:\Users\Davide\Desktop\ServerSmartPlug\log_manager.py", line 16, in handle
    listener(record)
  File "C:\Users\Davide\Desktop\ServerSmartPlug\gui\windows.py", line 24, in _add_console_line
    self.console_text.configure(state='normal')
  File "C:\Users\Davide\AppData\Local\Programs\Python\Python312\Lib\tkinter\__init__.py", line 1722, in configure
    return self._configure('configure', cnf, kw)
           ^^^^^^^^^^^^^^^^^^^^^^^^^^^^^^^^^^^^^
  File "C:\Users\Davide\AppData\Local\Programs\Python\Python312\Lib\tkinter\__init__.py", line 1712, in _configure
    self.tk.call(_flatten((self._w, cmd)) + self._options(cnf))
_tkinter.TclError: invalid command name ".!frame4.!frame.!text"
Unclosed connector
connections: ['deque([(<aiohttp.client_proto.ResponseHandler object at 0x0000017D2AE1B9B0>, 863949.562)])']
connector: <aiohttp.connector.TCPConnector object at 0x0000017D2ADE3EF0>
Exception in default exception handler
Traceback (most recent call last):
  File "C:\Users\Davide\AppData\Local\Programs\Python\Python312\Lib\asyncio\base_events.py", line 1847, in call_exception_handler
    self.default_exception_handler(context)
  File "C:\Users\Davide\AppData\Local\Programs\Python\Python312\Lib\asyncio\base_events.py", line 1821, in default_exception_handler
    logger.error('\n'.join(log_lines), exc_info=exc_info)
  File "C:\Users\Davide\AppData\Local\Programs\Python\Python312\Lib\logging\__init__.py", line 1568, in error
    self._log(ERROR, msg, args, **kwargs)
  File "C:\Users\Davide\AppData\Local\Programs\Python\Python312\Lib\logging\__init__.py", line 1684, in _log
    self.handle(record)
  File "C:\Users\Davide\AppData\Local\Programs\Python\Python312\Lib\logging\__init__.py", line 1700, in handle
    self.callHandlers(record)
  File "C:\Users\Davide\AppData\Local\Programs\Python\Python312\Lib\logging\__init__.py", line 1762, in callHandlers
    hdlr.handle(record)
  File "C:\Users\Davide\Desktop\ServerSmartPlug\log_manager.py", line 16, in handle
    listener(record)
  File "C:\Users\Davide\Desktop\ServerSmartPlug\gui\windows.py", line 24, in _add_console_line
    self.console_text.configure(state='normal')
  File "C:\Users\Davide\AppData\Local\Programs\Python\Python312\Lib\tkinter\__init__.py", line 1722, in configure
    return self._configure('configure', cnf, kw)
           ^^^^^^^^^^^^^^^^^^^^^^^^^^^^^^^^^^^^^
  File "C:\Users\Davide\AppData\Local\Programs\Python\Python312\Lib\tkinter\__init__.py", line 1712, in _configure
    self.tk.call(_flatten((self._w, cmd)) + self._options(cnf))
_tkinter.TclError: invalid command name ".!frame4.!frame.!text"
Discovery started...
Using proactor: IocpProactor
Listening on 127.0.0.1:8080
[DISCOVERY] 255.255.255.255 >> {'system': {'get_sysinfo': {}}}
Waiting 5 seconds for responses...
Using proactor: IocpProactor
Using SmartDevice for SMART.TAPOPLUG
Finding protocol for 192.168.100.112
Finding protocol for DeviceFamily.SmartTapoPlug
Finding transport for SMART.AES
Created AES transport for 192.168.100.112
[DISCOVERY] 192.168.100.112 << {'error_code': 0,
 'result': {'device_id': 'REDACTED_c913ec3cd97a6bec2fbb1ee',
            'device_model': 'P100',
            'device_type': 'SMART.TAPOPLUG',
            'factory_default': False,
            'ip': '192.168.100.112',
            'is_support_iot_cloud': True,
            'mac': '74-DA-88-00-00-00',
            'mgt_encrypt_schm': {'encrypt_type': 'AES',
                                 'http_port': 80,
                                 'is_support_https': False,
                                 'lv': 2},
            'owner': 'REDACTED_19347acd812465188388075'}}
Initializing 192.168.100.112 of type <class 'kasa.smart.smartdevice.SmartDevice'>
Discovery finished! Found: 1 device(s)
Discovered 1 devices
Using proactor: IocpProactor
[DISCOVERY] 192.168.100.112 >> {'system': {'get_sysinfo': {}}}
Waiting a total of 5 seconds for responses...
Using SmartDevice for SMART.TAPOPLUG
Finding protocol for 192.168.100.112
Finding protocol for DeviceFamily.SmartTapoPlug
Finding transport for SMART.AES
Created AES transport for 192.168.100.112
[DISCOVERY] 192.168.100.112 << {'error_code': 0,
 'result': {'device_id': 'REDACTED_c913ec3cd97a6bec2fbb1ee',
            'device_model': 'P100',
            'device_type': 'SMART.TAPOPLUG',
            'factory_default': False,
            'ip': '192.168.100.112',
            'is_support_iot_cloud': True,
            'mac': '74-DA-88-00-00-00',
            'mgt_encrypt_schm': {'encrypt_type': 'AES',
                                 'http_port': 80,
                                 'is_support_https': False,
                                 'lv': 2},
            'owner': 'REDACTED_19347acd812465188388075'}}
Initializing 192.168.100.112 of type <class 'kasa.smart.smartdevice.SmartDevice'>
192.168.100.112 multi-request-batch-1-of-1 >> '{"method":"multipleRequest","request_time_milis":1743691116379,"terminal_uuid":"PzCwUFWBBOJ7e7cEaIckOA==","params":{"requests":[{"method":"component_nego"},{"method":"get_device_info"},{"method":"get_connect_cloud_state"}]}}'
Will perform handshaking...
Posting to http://192.168.100.112/app
Generating keypair
Handshake request: {'method': 'handshake', 'params': {'key': '-----BEGIN PUBLIC KEY-----\nMIGfMA0GCSqGSIb3DQEBAQUAA4GNADCBiQKBgQClKDKktQT6zEBEo83HQi79wcGSzFlhU0FF793gAejid3rxhQmphzlIEF8XceTdAslA/yDyvtyvDsZZ4oL+Ehztdf+uGcVxldRV2cg0Llu1crhPtnuKZU63iQTETcFlnvvnI5h/fFilm/CkPirT9ml1kw/XgCe5aNAMYaHUUvoQuwIDAQAB\n-----END PUBLIC KEY-----\n'}}
Device responded with: {'error_code': 0, 'result': {'key': 'WeBB1TLyxF8p8wr3aJFSV7u3RCPOWUYPji16TR6vB4V2LRKZY1LLzt0ChWvXMhCSF+1QhlnNLHgiivUBJY9h3K5p4T7aGwxnscaGBlYs2wqWmrsT7k5GqdvCHVl/Nsxz9o338ge1bMfH0w085t1jfntzlm/1M6wRDNBvoeJaxds='}}
Handshake with 192.168.100.112 complete
Posting to http://192.168.100.112/app
192.168.100.112: logged in with provided credentials
Posting to http://192.168.100.112/app?token=5D870783ADC300C1D5E18BE069F04EF0
Device 192.168.100.112 received an os error, enabling sequential request delay: Server disconnected
Device 192.168.100.112 got a connection error, will retry 3 times: ('Device connection error: 192.168.100.112: Server disconnected', ServerDisconnectedError('Server disconnected'))
192.168.100.112 multi-request-batch-1-of-1 >> '{"method":"multipleRequest","request_time_milis":1743691116507,"terminal_uuid":"PzCwUFWBBOJ7e7cEaIckOA==","params":{"requests":[{"method":"component_nego"},{"method":"get_device_info"},{"method":"get_connect_cloud_state"}]}}'
Device 192.168.100.112 waiting 0.25 seconds to send request
Posting to http://192.168.100.112/app?token=5D870783ADC300C1D5E18BE069F04EF0
192.168.100.112 multi-request-batch-1-of-1 << {'error_code': 0,
 'result': {'responses': [{'error_code': 0,
                           'method': 'component_nego',
                           'result': {'component_list': [{'id': 'device',
                                                          'ver_code': 2},
                                                         {'id': 'firmware',
                                                          'ver_code': 1},
                                                         {'id': 'quick_setup',
                                                          'ver_code': 3},
                                                         {'id': 'time',
                                                          'ver_code': 1},
                                                         {'id': 'wireless',
                                                          'ver_code': 1},
                                                         {'id': 'schedule',
                                                          'ver_code': 2},
                                                         {'id': 'countdown',
                                                          'ver_code': 2},
                                                         {'id': 'antitheft',
                                                          'ver_code': 1},
                                                         {'id': 'account',
                                                          'ver_code': 1},
                                                         {'id': 'synchronize',
                                                          'ver_code': 1},
                                                         {'id': 'sunrise_sunset',
                                                          'ver_code': 1},
                                                         {'id': 'led',
                                                          'ver_code': 1},
                                                         {'id': 'cloud_connect',
                                                          'ver_code': 1},
                                                         {'id': 'iot_cloud',
                                                          'ver_code': 1},
                                                         {'id': 'default_states',
                                                          'ver_code': 1}]}},
                          {'error_code': 0,
                           'method': 'get_device_info',
                           'result': {'avatar': 'plug',
                                      'default_states': {'state': {},
                                                         'type': 'last_states'},
                                      'device_id': 'REDACTED_DB80F24B353338FA05BB18C1C486215',
                                      'device_on': False,
                                      'fw_id': 'REDACTED_A25ABDE41405B20C6F98816',
                                      'fw_ver': '1.3.7 Build 20230711 Rel. '
                                                '61904',
                                      'has_set_location_info': True,
                                      'hw_id': 'REDACTED_5B29645B8150C392284029D',
                                      'hw_ver': '1.0.0',
                                      'ip': '192.168.100.112',
                                      'lang': 'it_IT',
                                      'latitude': 0,
                                      'location': '',
                                      'longitude': 0,
                                      'mac': '74-DA-88-00-00-00',
                                      'model': 'P100',
                                      'nickname': 'I01BU0tFRF9OQU1FIw==',
                                      'oem_id': 'REDACTED_06C60A9AEEA36A3347B6EBC',
                                      'on_time': 0,
                                      'overheated': False,
                                      'region': 'Europe/Rome',
                                      'rssi': -40,
                                      'signal_level': 3,
                                      'specs': 'EU',
                                      'ssid': 'I01BU0tFRF9TU0lEIw==',
                                      'time_diff': 60,
                                      'type': 'SMART.TAPOPLUG'}},
                          {'error_code': 0,
                           'method': 'get_connect_cloud_state',
                           'result': {'status': 0}}]}}
Device 192.168.100.112, found required cloud_connect, adding Cloud to modules.
Device 192.168.100.112, found required device, adding DeviceModule to modules.
Device 192.168.100.112, found required firmware, adding Firmware to modules.
Device 192.168.100.112, found required led, adding Led to modules.
Device 192.168.100.112, found required None, adding OverheatProtection to modules.
Device 192.168.100.112, found required time, adding Time to modules.
Querying 192.168.100.112 for modules: Time, Led
192.168.100.112 multi-request-batch-1-of-1 >> '{"method":"multipleRequest","request_time_milis":1743691116850,"terminal_uuid":"PzCwUFWBBOJ7e7cEaIckOA==","params":{"requests":[{"method":"get_device_time"},{"method":"get_led_info"}]}}'
Device 192.168.100.112 waiting 0.25 seconds to send request
Posting to http://192.168.100.112/app?token=5D870783ADC300C1D5E18BE069F04EF0
192.168.100.112 multi-request-batch-1-of-1 << {'error_code': 0,
 'result': {'responses': [{'error_code': 0,
                           'method': 'get_device_time',
                           'result': {'region': 'Europe/Rome',
                                      'time_diff': 60,
                                      'timestamp': 1743691112}},
                          {'error_code': 0,
                           'method': 'get_led_info',
                           'result': {'led_rule': 'always',
                                      'led_status': False,
                                      'night_mode': {'end_time': 0,
                                                     'night_mode_type': 'unknown',
                                                     'start_time': 0,
                                                     'sunrise_offset': 0,
                                                     'sunset_offset': 0}}}]}}
Update completed 192.168.100.112: ['component_nego', 'get_device_info', 'get_connect_cloud_state', 'get_device_time', 'get_led_info']
Unclosed client session
client_session: <aiohttp.client.ClientSession object at 0x000001B01C908500>
Exception in default exception handler
Traceback (most recent call last):
  File "C:\Users\Davide\AppData\Local\Programs\Python\Python312\Lib\asyncio\base_events.py", line 1847, in call_exception_handler
    self.default_exception_handler(context)
  File "C:\Users\Davide\AppData\Local\Programs\Python\Python312\Lib\asyncio\base_events.py", line 1821, in default_exception_handler
    logger.error('\n'.join(log_lines), exc_info=exc_info)
  File "C:\Users\Davide\AppData\Local\Programs\Python\Python312\Lib\logging\__init__.py", line 1568, in error
    self._log(ERROR, msg, args, **kwargs)
  File "C:\Users\Davide\AppData\Local\Programs\Python\Python312\Lib\logging\__init__.py", line 1684, in _log
    self.handle(record)
  File "C:\Users\Davide\AppData\Local\Programs\Python\Python312\Lib\logging\__init__.py", line 1700, in handle
    self.callHandlers(record)
  File "C:\Users\Davide\AppData\Local\Programs\Python\Python312\Lib\logging\__init__.py", line 1762, in callHandlers
    hdlr.handle(record)
  File "C:\Users\Davide\Desktop\ServerSmartPlug\log_manager.py", line 16, in handle
    listener(record)
  File "C:\Users\Davide\Desktop\ServerSmartPlug\gui\windows.py", line 24, in _add_console_line
    self.console_text.configure(state='normal')
  File "C:\Users\Davide\AppData\Local\Programs\Python\Python312\Lib\tkinter\__init__.py", line 1722, in configure
    return self._configure('configure', cnf, kw)
           ^^^^^^^^^^^^^^^^^^^^^^^^^^^^^^^^^^^^^
  File "C:\Users\Davide\AppData\Local\Programs\Python\Python312\Lib\tkinter\__init__.py", line 1712, in _configure
    self.tk.call(_flatten((self._w, cmd)) + self._options(cnf))
_tkinter.TclError: invalid command name ".!frame4.!frame.!text"
Unclosed connector
connections: ['deque([(<aiohttp.client_proto.ResponseHandler object at 0x000001B01C917A10>, 864672.906)])']
connector: <aiohttp.connector.TCPConnector object at 0x000001B01C9084D0>
Exception in default exception handler
Traceback (most recent call last):
  File "C:\Users\Davide\AppData\Local\Programs\Python\Python312\Lib\asyncio\base_events.py", line 1847, in call_exception_handler
    self.default_exception_handler(context)
  File "C:\Users\Davide\AppData\Local\Programs\Python\Python312\Lib\asyncio\base_events.py", line 1821, in default_exception_handler
    logger.error('\n'.join(log_lines), exc_info=exc_info)
  File "C:\Users\Davide\AppData\Local\Programs\Python\Python312\Lib\logging\__init__.py", line 1568, in error
    self._log(ERROR, msg, args, **kwargs)
  File "C:\Users\Davide\AppData\Local\Programs\Python\Python312\Lib\logging\__init__.py", line 1684, in _log
    self.handle(record)
  File "C:\Users\Davide\AppData\Local\Programs\Python\Python312\Lib\logging\__init__.py", line 1700, in handle
    self.callHandlers(record)
  File "C:\Users\Davide\AppData\Local\Programs\Python\Python312\Lib\logging\__init__.py", line 1762, in callHandlers
    hdlr.handle(record)
  File "C:\Users\Davide\Desktop\ServerSmartPlug\log_manager.py", line 16, in handle
    listener(record)
  File "C:\Users\Davide\Desktop\ServerSmartPlug\gui\windows.py", line 24, in _add_console_line
    self.console_text.configure(state='normal')
  File "C:\Users\Davide\AppData\Local\Programs\Python\Python312\Lib\tkinter\__init__.py", line 1722, in configure
    return self._configure('configure', cnf, kw)
           ^^^^^^^^^^^^^^^^^^^^^^^^^^^^^^^^^^^^^
  File "C:\Users\Davide\AppData\Local\Programs\Python\Python312\Lib\tkinter\__init__.py", line 1712, in _configure
    self.tk.call(_flatten((self._w, cmd)) + self._options(cnf))
_tkinter.TclError: invalid command name ".!frame4.!frame.!text"
Discovery started...
Using proactor: IocpProactor
Listening on 127.0.0.1:8080
[DISCOVERY] 255.255.255.255 >> {'system': {'get_sysinfo': {}}}
Waiting 5 seconds for responses...
Using SmartDevice for SMART.TAPOPLUG
Finding protocol for 192.168.100.112
Finding protocol for DeviceFamily.SmartTapoPlug
Finding transport for SMART.AES
Created AES transport for 192.168.100.112
[DISCOVERY] 192.168.100.112 << {'error_code': 0,
 'result': {'device_id': 'REDACTED_c913ec3cd97a6bec2fbb1ee',
            'device_model': 'P100',
            'device_type': 'SMART.TAPOPLUG',
            'factory_default': False,
            'ip': '192.168.100.112',
            'is_support_iot_cloud': True,
            'mac': '74-DA-88-00-00-00',
            'mgt_encrypt_schm': {'encrypt_type': 'AES',
                                 'http_port': 80,
                                 'is_support_https': False,
                                 'lv': 2},
            'owner': 'REDACTED_19347acd812465188388075'}}
Initializing 192.168.100.112 of type <class 'kasa.smart.smartdevice.SmartDevice'>
Using proactor: IocpProactor
Discovery finished! Found: 1 device(s)
Discovered 1 devices
Using proactor: IocpProactor
[DISCOVERY] 192.168.100.112 >> {'system': {'get_sysinfo': {}}}
Waiting a total of 5 seconds for responses...
Using SmartDevice for SMART.TAPOPLUG
Finding protocol for 192.168.100.112
Finding protocol for DeviceFamily.SmartTapoPlug
Finding transport for SMART.AES
Created AES transport for 192.168.100.112
[DISCOVERY] 192.168.100.112 << {'error_code': 0,
 'result': {'device_id': 'REDACTED_c913ec3cd97a6bec2fbb1ee',
            'device_model': 'P100',
            'device_type': 'SMART.TAPOPLUG',
            'factory_default': False,
            'ip': '192.168.100.112',
            'is_support_iot_cloud': True,
            'mac': '74-DA-88-00-00-00',
            'mgt_encrypt_schm': {'encrypt_type': 'AES',
                                 'http_port': 80,
                                 'is_support_https': False,
                                 'lv': 2},
            'owner': 'REDACTED_19347acd812465188388075'}}
Initializing 192.168.100.112 of type <class 'kasa.smart.smartdevice.SmartDevice'>
192.168.100.112 multi-request-batch-1-of-1 >> '{"method":"multipleRequest","request_time_milis":1743691136838,"terminal_uuid":"U0eaCzBmuq03vpNQkLYvMg==","params":{"requests":[{"method":"component_nego"},{"method":"get_device_info"},{"method":"get_connect_cloud_state"}]}}'
Will perform handshaking...
Posting to http://192.168.100.112/app
Generating keypair
Handshake request: {'method': 'handshake', 'params': {'key': '-----BEGIN PUBLIC KEY-----\nMIGfMA0GCSqGSIb3DQEBAQUAA4GNADCBiQKBgQDB3XposGawmbCj0w7AyDMlD5geCmOtBSgJB3wH9z4wkYGUru9w5XYoaSwsqeZlRIGfIXjIt1kWy7GSDr/hvWEo1dmCgC5BlIAVPDPsBP+FLYaJzcK52K2Zvh9fxzzJxsiJ+81AYGUIPuZfS5aFXhzOqiriM8BHd22UClkLZYcK2QIDAQAB\n-----END PUBLIC KEY-----\n'}}
Device responded with: {'error_code': 0, 'result': {'key': 'cCS/o6DhJmH+71666ids+6BY3NJ5Or07iJo4Qed3HwV1bxtZ+V8Ogq3FLMAUwV4wLiIsGBm5Iy2eDm0F17licx5PZyiBhcGobF+3HUa57IJBK3MKy3zwvDcgG6dfeJcfmtOeqQMjTdjt5vFBmzu7ioQalxmSoij/DWIlV9FBtqA='}}
Handshake with 192.168.100.112 complete
Posting to http://192.168.100.112/app
192.168.100.112: logged in with provided credentials
Posting to http://192.168.100.112/app?token=6482168535F504F615C60DC785D701D7
Device 192.168.100.112 received an os error, enabling sequential request delay: Server disconnected
Device 192.168.100.112 got a connection error, will retry 3 times: ('Device connection error: 192.168.100.112: Server disconnected', ServerDisconnectedError('Server disconnected'))
192.168.100.112 multi-request-batch-1-of-1 >> '{"method":"multipleRequest","request_time_milis":1743691136948,"terminal_uuid":"U0eaCzBmuq03vpNQkLYvMg==","params":{"requests":[{"method":"component_nego"},{"method":"get_device_info"},{"method":"get_connect_cloud_state"}]}}'
Device 192.168.100.112 waiting 0.25 seconds to send request
Posting to http://192.168.100.112/app?token=6482168535F504F615C60DC785D701D7
192.168.100.112 multi-request-batch-1-of-1 << {'error_code': 0,
 'result': {'responses': [{'error_code': 0,
                           'method': 'component_nego',
                           'result': {'component_list': [{'id': 'device',
                                                          'ver_code': 2},
                                                         {'id': 'firmware',
                                                          'ver_code': 1},
                                                         {'id': 'quick_setup',
                                                          'ver_code': 3},
                                                         {'id': 'time',
                                                          'ver_code': 1},
                                                         {'id': 'wireless',
                                                          'ver_code': 1},
                                                         {'id': 'schedule',
                                                          'ver_code': 2},
                                                         {'id': 'countdown',
                                                          'ver_code': 2},
                                                         {'id': 'antitheft',
                                                          'ver_code': 1},
                                                         {'id': 'account',
                                                          'ver_code': 1},
                                                         {'id': 'synchronize',
                                                          'ver_code': 1},
                                                         {'id': 'sunrise_sunset',
                                                          'ver_code': 1},
                                                         {'id': 'led',
                                                          'ver_code': 1},
                                                         {'id': 'cloud_connect',
                                                          'ver_code': 1},
                                                         {'id': 'iot_cloud',
                                                          'ver_code': 1},
                                                         {'id': 'default_states',
                                                          'ver_code': 1}]}},
                          {'error_code': 0,
                           'method': 'get_device_info',
                           'result': {'avatar': 'plug',
                                      'default_states': {'state': {},
                                                         'type': 'last_states'},
                                      'device_id': 'REDACTED_DB80F24B353338FA05BB18C1C486215',
                                      'device_on': False,
                                      'fw_id': 'REDACTED_A25ABDE41405B20C6F98816',
                                      'fw_ver': '1.3.7 Build 20230711 Rel. '
                                                '61904',
                                      'has_set_location_info': True,
                                      'hw_id': 'REDACTED_5B29645B8150C392284029D',
                                      'hw_ver': '1.0.0',
                                      'ip': '192.168.100.112',
                                      'lang': 'it_IT',
                                      'latitude': 0,
                                      'location': '',
                                      'longitude': 0,
                                      'mac': '74-DA-88-00-00-00',
                                      'model': 'P100',
                                      'nickname': 'I01BU0tFRF9OQU1FIw==',
                                      'oem_id': 'REDACTED_06C60A9AEEA36A3347B6EBC',
                                      'on_time': 0,
                                      'overheated': False,
                                      'region': 'Europe/Rome',
                                      'rssi': -40,
                                      'signal_level': 3,
                                      'specs': 'EU',
                                      'ssid': 'I01BU0tFRF9TU0lEIw==',
                                      'time_diff': 60,
                                      'type': 'SMART.TAPOPLUG'}},
                          {'error_code': 0,
                           'method': 'get_connect_cloud_state',
                           'result': {'status': 0}}]}}
Device 192.168.100.112, found required cloud_connect, adding Cloud to modules.
Device 192.168.100.112, found required device, adding DeviceModule to modules.
Device 192.168.100.112, found required firmware, adding Firmware to modules.
Device 192.168.100.112, found required led, adding Led to modules.
Device 192.168.100.112, found required None, adding OverheatProtection to modules.
Device 192.168.100.112, found required time, adding Time to modules.
Querying 192.168.100.112 for modules: Time, Led
192.168.100.112 multi-request-batch-1-of-1 >> '{"method":"multipleRequest","request_time_milis":1743691137271,"terminal_uuid":"U0eaCzBmuq03vpNQkLYvMg==","params":{"requests":[{"method":"get_device_time"},{"method":"get_led_info"}]}}'
Device 192.168.100.112 waiting 0.2339999999385327 seconds to send request
Posting to http://192.168.100.112/app?token=6482168535F504F615C60DC785D701D7
192.168.100.112 multi-request-batch-1-of-1 << {'error_code': 0,
 'result': {'responses': [{'error_code': 0,
                           'method': 'get_device_time',
                           'result': {'region': 'Europe/Rome',
                                      'time_diff': 60,
                                      'timestamp': 1743691132}},
                          {'error_code': 0,
                           'method': 'get_led_info',
                           'result': {'led_rule': 'always',
                                      'led_status': False,
                                      'night_mode': {'end_time': 0,
                                                     'night_mode_type': 'unknown',
                                                     'start_time': 0,
                                                     'sunrise_offset': 0,
                                                     'sunset_offset': 0}}}]}}
Update completed 192.168.100.112: ['component_nego', 'get_device_info', 'get_connect_cloud_state', 'get_device_time', 'get_led_info']
Discovery started...
Using proactor: IocpProactor
Listening on 127.0.0.1:8080
[DISCOVERY] 255.255.255.255 >> {'system': {'get_sysinfo': {}}}
Waiting 5 seconds for responses...
Using proactor: IocpProactor
Using SmartDevice for SMART.TAPOPLUG
Finding protocol for 192.168.100.112
Finding protocol for DeviceFamily.SmartTapoPlug
Finding transport for SMART.AES
Created AES transport for 192.168.100.112
[DISCOVERY] 192.168.100.112 << {'error_code': 0,
 'result': {'device_id': 'REDACTED_c913ec3cd97a6bec2fbb1ee',
            'device_model': 'P100',
            'device_type': 'SMART.TAPOPLUG',
            'factory_default': False,
            'ip': '192.168.100.112',
            'is_support_iot_cloud': True,
            'mac': '74-DA-88-00-00-00',
            'mgt_encrypt_schm': {'encrypt_type': 'AES',
                                 'http_port': 80,
                                 'is_support_https': False,
                                 'lv': 2},
            'owner': 'REDACTED_19347acd812465188388075'}}
Initializing 192.168.100.112 of type <class 'kasa.smart.smartdevice.SmartDevice'>
Discovery finished! Found: 1 device(s)
Discovered 1 devices
Discovery started...
Using proactor: IocpProactor
Listening on 127.0.0.1:8080
[DISCOVERY] 255.255.255.255 >> {'system': {'get_sysinfo': {}}}
Waiting 5 seconds for responses...
Using proactor: IocpProactor
Using SmartDevice for SMART.TAPOPLUG
Finding protocol for 192.168.100.112
Finding protocol for DeviceFamily.SmartTapoPlug
Finding transport for SMART.AES
Created AES transport for 192.168.100.112
[DISCOVERY] 192.168.100.112 << {'error_code': 0,
 'result': {'device_id': 'REDACTED_c913ec3cd97a6bec2fbb1ee',
            'device_model': 'P100',
            'device_type': 'SMART.TAPOPLUG',
            'factory_default': False,
            'ip': '192.168.100.112',
            'is_support_iot_cloud': True,
            'mac': '74-DA-88-00-00-00',
            'mgt_encrypt_schm': {'encrypt_type': 'AES',
                                 'http_port': 80,
                                 'is_support_https': False,
                                 'lv': 2},
            'owner': 'REDACTED_19347acd812465188388075'}}
Initializing 192.168.100.112 of type <class 'kasa.smart.smartdevice.SmartDevice'>
Discovery finished! Found: 1 device(s)
Discovered 1 devices
Using proactor: IocpProactor
[DISCOVERY] 192.168.100.112 >> {'system': {'get_sysinfo': {}}}
Waiting a total of 5 seconds for responses...
Using SmartDevice for SMART.TAPOPLUG
Finding protocol for 192.168.100.112
Finding protocol for DeviceFamily.SmartTapoPlug
Finding transport for SMART.AES
Created AES transport for 192.168.100.112
[DISCOVERY] 192.168.100.112 << {'error_code': 0,
 'result': {'device_id': 'REDACTED_c913ec3cd97a6bec2fbb1ee',
            'device_model': 'P100',
            'device_type': 'SMART.TAPOPLUG',
            'factory_default': False,
            'ip': '192.168.100.112',
            'is_support_iot_cloud': True,
            'mac': '74-DA-88-00-00-00',
            'mgt_encrypt_schm': {'encrypt_type': 'AES',
                                 'http_port': 80,
                                 'is_support_https': False,
                                 'lv': 2},
            'owner': 'REDACTED_19347acd812465188388075'}}
Initializing 192.168.100.112 of type <class 'kasa.smart.smartdevice.SmartDevice'>
192.168.100.112 multi-request-batch-1-of-1 >> '{"method":"multipleRequest","request_time_milis":1743691481861,"terminal_uuid":"3P5pbL7WC88X1FJdsCF13Q==","params":{"requests":[{"method":"component_nego"},{"method":"get_device_info"},{"method":"get_connect_cloud_state"}]}}'
Will perform handshaking...
Posting to http://192.168.100.112/app
Generating keypair
Handshake request: {'method': 'handshake', 'params': {'key': '-----BEGIN PUBLIC KEY-----\nMIGfMA0GCSqGSIb3DQEBAQUAA4GNADCBiQKBgQDLCEmf2my25w+gmGov1sBfzTs7hrNLo3EMKCQEDF57ndDvvXO6y+ma9lSvQScid2l7NNfxb2qTQbtMG2bEEPkALrQFBYIV4RLrVAw8HN6spVG4XH4M4xtWroOFbhF2S3N1LLV104tJo2CYhyyBStA04veIJF6iZdXik7VeAte4HwIDAQAB\n-----END PUBLIC KEY-----\n'}}
Device responded with: {'error_code': 0, 'result': {'key': 'rwqhvwzyB65bORjWPs/FPlPHs2UzwjcDCMqdNWrlTdpWb/FgEpukGhUuO2t31grBCJ7ZImMZ9CS8pkdElB3mF6mp33bB4cXeF1K5Vg8ipqMKygGlUk1/ynGLHTrEcdVQ93kdgONTWW3f+F0909U6/O3hvG5FqH8BRVtRRw83X9c='}}
Handshake with 192.168.100.112 complete
Posting to http://192.168.100.112/app
192.168.100.112: logged in with provided credentials
Posting to http://192.168.100.112/app?token=B237553822C859CFEABFD7BC068C188D
Device 192.168.100.112 received an os error, enabling sequential request delay: Server disconnected
Device 192.168.100.112 got a connection error, will retry 3 times: ('Device connection error: 192.168.100.112: Server disconnected', ServerDisconnectedError('Server disconnected'))
192.168.100.112 multi-request-batch-1-of-1 >> '{"method":"multipleRequest","request_time_milis":1743691482000,"terminal_uuid":"3P5pbL7WC88X1FJdsCF13Q==","params":{"requests":[{"method":"component_nego"},{"method":"get_device_info"},{"method":"get_connect_cloud_state"}]}}'
Device 192.168.100.112 waiting 0.25 seconds to send request
Posting to http://192.168.100.112/app?token=B237553822C859CFEABFD7BC068C188D
192.168.100.112 multi-request-batch-1-of-1 << {'error_code': 0,
 'result': {'responses': [{'error_code': 0,
                           'method': 'component_nego',
                           'result': {'component_list': [{'id': 'device',
                                                          'ver_code': 2},
                                                         {'id': 'firmware',
                                                          'ver_code': 1},
                                                         {'id': 'quick_setup',
                                                          'ver_code': 3},
                                                         {'id': 'time',
                                                          'ver_code': 1},
                                                         {'id': 'wireless',
                                                          'ver_code': 1},
                                                         {'id': 'schedule',
                                                          'ver_code': 2},
                                                         {'id': 'countdown',
                                                          'ver_code': 2},
                                                         {'id': 'antitheft',
                                                          'ver_code': 1},
                                                         {'id': 'account',
                                                          'ver_code': 1},
                                                         {'id': 'synchronize',
                                                          'ver_code': 1},
                                                         {'id': 'sunrise_sunset',
                                                          'ver_code': 1},
                                                         {'id': 'led',
                                                          'ver_code': 1},
                                                         {'id': 'cloud_connect',
                                                          'ver_code': 1},
                                                         {'id': 'iot_cloud',
                                                          'ver_code': 1},
                                                         {'id': 'default_states',
                                                          'ver_code': 1}]}},
                          {'error_code': 0,
                           'method': 'get_device_info',
                           'result': {'avatar': 'plug',
                                      'default_states': {'state': {},
                                                         'type': 'last_states'},
                                      'device_id': 'REDACTED_DB80F24B353338FA05BB18C1C486215',
                                      'device_on': False,
                                      'fw_id': 'REDACTED_A25ABDE41405B20C6F98816',
                                      'fw_ver': '1.3.7 Build 20230711 Rel. '
                                                '61904',
                                      'has_set_location_info': True,
                                      'hw_id': 'REDACTED_5B29645B8150C392284029D',
                                      'hw_ver': '1.0.0',
                                      'ip': '192.168.100.112',
                                      'lang': 'it_IT',
                                      'latitude': 0,
                                      'location': '',
                                      'longitude': 0,
                                      'mac': '74-DA-88-00-00-00',
                                      'model': 'P100',
                                      'nickname': 'I01BU0tFRF9OQU1FIw==',
                                      'oem_id': 'REDACTED_06C60A9AEEA36A3347B6EBC',
                                      'on_time': 0,
                                      'overheated': False,
                                      'region': 'Europe/Rome',
                                      'rssi': -40,
                                      'signal_level': 3,
                                      'specs': 'EU',
                                      'ssid': 'I01BU0tFRF9TU0lEIw==',
                                      'time_diff': 60,
                                      'type': 'SMART.TAPOPLUG'}},
                          {'error_code': 0,
                           'method': 'get_connect_cloud_state',
                           'result': {'status': 0}}]}}
Device 192.168.100.112, found required cloud_connect, adding Cloud to modules.
Device 192.168.100.112, found required device, adding DeviceModule to modules.
Device 192.168.100.112, found required firmware, adding Firmware to modules.
Device 192.168.100.112, found required led, adding Led to modules.
Device 192.168.100.112, found required None, adding OverheatProtection to modules.
Device 192.168.100.112, found required time, adding Time to modules.
Querying 192.168.100.112 for modules: Time, Led
192.168.100.112 multi-request-batch-1-of-1 >> '{"method":"multipleRequest","request_time_milis":1743691482342,"terminal_uuid":"3P5pbL7WC88X1FJdsCF13Q==","params":{"requests":[{"method":"get_device_time"},{"method":"get_led_info"}]}}'
Device 192.168.100.112 waiting 0.25 seconds to send request
Posting to http://192.168.100.112/app?token=B237553822C859CFEABFD7BC068C188D
192.168.100.112 multi-request-batch-1-of-1 << {'error_code': 0,
 'result': {'responses': [{'error_code': 0,
                           'method': 'get_device_time',
                           'result': {'region': 'Europe/Rome',
                                      'time_diff': 60,
                                      'timestamp': 1743691477}},
                          {'error_code': 0,
                           'method': 'get_led_info',
                           'result': {'led_rule': 'always',
                                      'led_status': False,
                                      'night_mode': {'end_time': 0,
                                                     'night_mode_type': 'unknown',
                                                     'start_time': 0,
                                                     'sunrise_offset': 0,
                                                     'sunset_offset': 0}}}]}}
Update completed 192.168.100.112: ['component_nego', 'get_device_info', 'get_connect_cloud_state', 'get_device_time', 'get_led_info']
Unclosed client session
client_session: <aiohttp.client.ClientSession object at 0x0000027DD8468260>
Exception in default exception handler
Traceback (most recent call last):
  File "C:\Users\Davide\AppData\Local\Programs\Python\Python312\Lib\asyncio\base_events.py", line 1847, in call_exception_handler
    self.default_exception_handler(context)
  File "C:\Users\Davide\AppData\Local\Programs\Python\Python312\Lib\asyncio\base_events.py", line 1821, in default_exception_handler
    logger.error('\n'.join(log_lines), exc_info=exc_info)
  File "C:\Users\Davide\AppData\Local\Programs\Python\Python312\Lib\logging\__init__.py", line 1568, in error
    self._log(ERROR, msg, args, **kwargs)
  File "C:\Users\Davide\AppData\Local\Programs\Python\Python312\Lib\logging\__init__.py", line 1684, in _log
    self.handle(record)
  File "C:\Users\Davide\AppData\Local\Programs\Python\Python312\Lib\logging\__init__.py", line 1700, in handle
    self.callHandlers(record)
  File "C:\Users\Davide\AppData\Local\Programs\Python\Python312\Lib\logging\__init__.py", line 1762, in callHandlers
    hdlr.handle(record)
  File "C:\Users\Davide\Desktop\ServerSmartPlug\log_manager.py", line 16, in handle
    listener(record)
  File "C:\Users\Davide\Desktop\ServerSmartPlug\gui\windows.py", line 24, in _add_console_line
    self.console_text.configure(state='normal')
  File "C:\Users\Davide\AppData\Local\Programs\Python\Python312\Lib\tkinter\__init__.py", line 1722, in configure
    return self._configure('configure', cnf, kw)
           ^^^^^^^^^^^^^^^^^^^^^^^^^^^^^^^^^^^^^
  File "C:\Users\Davide\AppData\Local\Programs\Python\Python312\Lib\tkinter\__init__.py", line 1712, in _configure
    self.tk.call(_flatten((self._w, cmd)) + self._options(cnf))
_tkinter.TclError: invalid command name ".!frame4.!frame.!text"
Unclosed connector
connections: ['deque([(<aiohttp.client_proto.ResponseHandler object at 0x0000027DD84739B0>, 865038.39)])']
connector: <aiohttp.connector.TCPConnector object at 0x0000027DD84BC8C0>
Exception in default exception handler
Traceback (most recent call last):
  File "C:\Users\Davide\AppData\Local\Programs\Python\Python312\Lib\asyncio\base_events.py", line 1847, in call_exception_handler
    self.default_exception_handler(context)
  File "C:\Users\Davide\AppData\Local\Programs\Python\Python312\Lib\asyncio\base_events.py", line 1821, in default_exception_handler
    logger.error('\n'.join(log_lines), exc_info=exc_info)
  File "C:\Users\Davide\AppData\Local\Programs\Python\Python312\Lib\logging\__init__.py", line 1568, in error
    self._log(ERROR, msg, args, **kwargs)
  File "C:\Users\Davide\AppData\Local\Programs\Python\Python312\Lib\logging\__init__.py", line 1684, in _log
    self.handle(record)
  File "C:\Users\Davide\AppData\Local\Programs\Python\Python312\Lib\logging\__init__.py", line 1700, in handle
    self.callHandlers(record)
  File "C:\Users\Davide\AppData\Local\Programs\Python\Python312\Lib\logging\__init__.py", line 1762, in callHandlers
    hdlr.handle(record)
  File "C:\Users\Davide\Desktop\ServerSmartPlug\log_manager.py", line 16, in handle
    listener(record)
  File "C:\Users\Davide\Desktop\ServerSmartPlug\gui\windows.py", line 24, in _add_console_line
    self.console_text.configure(state='normal')
  File "C:\Users\Davide\AppData\Local\Programs\Python\Python312\Lib\tkinter\__init__.py", line 1722, in configure
    return self._configure('configure', cnf, kw)
           ^^^^^^^^^^^^^^^^^^^^^^^^^^^^^^^^^^^^^
  File "C:\Users\Davide\AppData\Local\Programs\Python\Python312\Lib\tkinter\__init__.py", line 1712, in _configure
    self.tk.call(_flatten((self._w, cmd)) + self._options(cnf))
_tkinter.TclError: invalid command name ".!frame4.!frame.!text"
Discovery started...
Using proactor: IocpProactor
Listening on 127.0.0.1:8080
[DISCOVERY] 255.255.255.255 >> {'system': {'get_sysinfo': {}}}
Waiting 5 seconds for responses...
Using SmartDevice for SMART.TAPOPLUG
Finding protocol for 192.168.100.112
Finding protocol for DeviceFamily.SmartTapoPlug
Finding transport for SMART.AES
Created AES transport for 192.168.100.112
[DISCOVERY] 192.168.100.112 << {'error_code': 0,
 'result': {'device_id': 'REDACTED_c913ec3cd97a6bec2fbb1ee',
            'device_model': 'P100',
            'device_type': 'SMART.TAPOPLUG',
            'factory_default': False,
            'ip': '192.168.100.112',
            'is_support_iot_cloud': True,
            'mac': '74-DA-88-00-00-00',
            'mgt_encrypt_schm': {'encrypt_type': 'AES',
                                 'http_port': 80,
                                 'is_support_https': False,
                                 'lv': 2},
            'owner': 'REDACTED_19347acd812465188388075'}}
Initializing 192.168.100.112 of type <class 'kasa.smart.smartdevice.SmartDevice'>
Using proactor: IocpProactor
Discovery started...
Using proactor: IocpProactor
Listening on 127.0.0.1:8080
[DISCOVERY] 255.255.255.255 >> {'system': {'get_sysinfo': {}}}
Waiting 5 seconds for responses...
Using SmartDevice for SMART.TAPOPLUG
Finding protocol for 192.168.100.112
Finding protocol for DeviceFamily.SmartTapoPlug
Finding transport for SMART.AES
Created AES transport for 192.168.100.112
[DISCOVERY] 192.168.100.112 << {'error_code': 0,
 'result': {'device_id': 'REDACTED_c913ec3cd97a6bec2fbb1ee',
            'device_model': 'P100',
            'device_type': 'SMART.TAPOPLUG',
            'factory_default': False,
            'ip': '192.168.100.112',
            'is_support_iot_cloud': True,
            'mac': '74-DA-88-00-00-00',
            'mgt_encrypt_schm': {'encrypt_type': 'AES',
                                 'http_port': 80,
                                 'is_support_https': False,
                                 'lv': 2},
            'owner': 'REDACTED_19347acd812465188388075'}}
Initializing 192.168.100.112 of type <class 'kasa.smart.smartdevice.SmartDevice'>
Using proactor: IocpProactor
Discovery finished! Found: 1 device(s)
Discovered 1 devices
Using proactor: IocpProactor
[DISCOVERY] 192.168.100.112 >> {'system': {'get_sysinfo': {}}}
Waiting a total of 5 seconds for responses...
Using SmartDevice for SMART.TAPOPLUG
Finding protocol for 192.168.100.112
Finding protocol for DeviceFamily.SmartTapoPlug
Finding transport for SMART.AES
Created AES transport for 192.168.100.112
[DISCOVERY] 192.168.100.112 << {'error_code': 0,
 'result': {'device_id': 'REDACTED_c913ec3cd97a6bec2fbb1ee',
            'device_model': 'P100',
            'device_type': 'SMART.TAPOPLUG',
            'factory_default': False,
            'ip': '192.168.100.112',
            'is_support_iot_cloud': True,
            'mac': '74-DA-88-00-00-00',
            'mgt_encrypt_schm': {'encrypt_type': 'AES',
                                 'http_port': 80,
                                 'is_support_https': False,
                                 'lv': 2},
            'owner': 'REDACTED_19347acd812465188388075'}}
Initializing 192.168.100.112 of type <class 'kasa.smart.smartdevice.SmartDevice'>
192.168.100.112 multi-request-batch-1-of-1 >> '{"method":"multipleRequest","request_time_milis":1743691589792,"terminal_uuid":"XCbByFKa8cMuv5cXrHlBEg==","params":{"requests":[{"method":"component_nego"},{"method":"get_device_info"},{"method":"get_connect_cloud_state"}]}}'
Will perform handshaking...
Posting to http://192.168.100.112/app
Generating keypair
Handshake request: {'method': 'handshake', 'params': {'key': '-----BEGIN PUBLIC KEY-----\nMIGfMA0GCSqGSIb3DQEBAQUAA4GNADCBiQKBgQDnGi6RO93CxdqCcGjN4TdKrOyOGc4N99rxb2pZhRtdZrxsF2TFpbmaVFY1JfjM1Vp77QclHvcD1uyJJsgwY2rKQssB+AoDkFq/rgSQkI8FDkZNDvtpPojgut9lmE7NtFg1I9YSrT7hZgjFQUtknDkTLVWimNy1/nd76uGdiXIgdwIDAQAB\n-----END PUBLIC KEY-----\n'}}
Device responded with: {'error_code': 0, 'result': {'key': 'jJQnP3XHKRf7ABUQrXae6wgF35ysoMygx/s8/JI/gKoWzefqfKlF4bilbMMk67mUsECPCqyq0qdIaqbFOBFZwvmuws2qz/cJ3HZ41zutrV9EKnSBRZxiMKis8ZIEIhHy3PQG+OFmavKUw+6AzO+tkykzSs27gEu0t29OJRJ4Cqs='}}
Handshake with 192.168.100.112 complete
Posting to http://192.168.100.112/app
192.168.100.112: logged in with provided credentials
Posting to http://192.168.100.112/app?token=D1EEB7E9DC996F9A52AA83AB95BBFDBB
Device 192.168.100.112 received an os error, enabling sequential request delay: Server disconnected
Device 192.168.100.112 got a connection error, will retry 3 times: ('Device connection error: 192.168.100.112: Server disconnected', ServerDisconnectedError('Server disconnected'))
192.168.100.112 multi-request-batch-1-of-1 >> '{"method":"multipleRequest","request_time_milis":1743691590000,"terminal_uuid":"XCbByFKa8cMuv5cXrHlBEg==","params":{"requests":[{"method":"component_nego"},{"method":"get_device_info"},{"method":"get_connect_cloud_state"}]}}'
Device 192.168.100.112 waiting 0.25 seconds to send request
Posting to http://192.168.100.112/app?token=D1EEB7E9DC996F9A52AA83AB95BBFDBB
192.168.100.112 multi-request-batch-1-of-1 << {'error_code': 0,
 'result': {'responses': [{'error_code': 0,
                           'method': 'component_nego',
                           'result': {'component_list': [{'id': 'device',
                                                          'ver_code': 2},
                                                         {'id': 'firmware',
                                                          'ver_code': 1},
                                                         {'id': 'quick_setup',
                                                          'ver_code': 3},
                                                         {'id': 'time',
                                                          'ver_code': 1},
                                                         {'id': 'wireless',
                                                          'ver_code': 1},
                                                         {'id': 'schedule',
                                                          'ver_code': 2},
                                                         {'id': 'countdown',
                                                          'ver_code': 2},
                                                         {'id': 'antitheft',
                                                          'ver_code': 1},
                                                         {'id': 'account',
                                                          'ver_code': 1},
                                                         {'id': 'synchronize',
                                                          'ver_code': 1},
                                                         {'id': 'sunrise_sunset',
                                                          'ver_code': 1},
                                                         {'id': 'led',
                                                          'ver_code': 1},
                                                         {'id': 'cloud_connect',
                                                          'ver_code': 1},
                                                         {'id': 'iot_cloud',
                                                          'ver_code': 1},
                                                         {'id': 'default_states',
                                                          'ver_code': 1}]}},
                          {'error_code': 0,
                           'method': 'get_device_info',
                           'result': {'avatar': 'plug',
                                      'default_states': {'state': {},
                                                         'type': 'last_states'},
                                      'device_id': 'REDACTED_DB80F24B353338FA05BB18C1C486215',
                                      'device_on': False,
                                      'fw_id': 'REDACTED_A25ABDE41405B20C6F98816',
                                      'fw_ver': '1.3.7 Build 20230711 Rel. '
                                                '61904',
                                      'has_set_location_info': True,
                                      'hw_id': 'REDACTED_5B29645B8150C392284029D',
                                      'hw_ver': '1.0.0',
                                      'ip': '192.168.100.112',
                                      'lang': 'it_IT',
                                      'latitude': 0,
                                      'location': '',
                                      'longitude': 0,
                                      'mac': '74-DA-88-00-00-00',
                                      'model': 'P100',
                                      'nickname': 'I01BU0tFRF9OQU1FIw==',
                                      'oem_id': 'REDACTED_06C60A9AEEA36A3347B6EBC',
                                      'on_time': 0,
                                      'overheated': False,
                                      'region': 'Europe/Rome',
                                      'rssi': -40,
                                      'signal_level': 3,
                                      'specs': 'EU',
                                      'ssid': 'I01BU0tFRF9TU0lEIw==',
                                      'time_diff': 60,
                                      'type': 'SMART.TAPOPLUG'}},
                          {'error_code': 0,
                           'method': 'get_connect_cloud_state',
                           'result': {'status': 0}}]}}
Device 192.168.100.112, found required cloud_connect, adding Cloud to modules.
Device 192.168.100.112, found required device, adding DeviceModule to modules.
Device 192.168.100.112, found required firmware, adding Firmware to modules.
Device 192.168.100.112, found required led, adding Led to modules.
Device 192.168.100.112, found required None, adding OverheatProtection to modules.
Device 192.168.100.112, found required time, adding Time to modules.
Querying 192.168.100.112 for modules: Time, Led
192.168.100.112 multi-request-batch-1-of-1 >> '{"method":"multipleRequest","request_time_milis":1743691590321,"terminal_uuid":"XCbByFKa8cMuv5cXrHlBEg==","params":{"requests":[{"method":"get_device_time"},{"method":"get_led_info"}]}}'
Device 192.168.100.112 waiting 0.25 seconds to send request
Posting to http://192.168.100.112/app?token=D1EEB7E9DC996F9A52AA83AB95BBFDBB
192.168.100.112 multi-request-batch-1-of-1 << {'error_code': 0,
 'result': {'responses': [{'error_code': 0,
                           'method': 'get_device_time',
                           'result': {'region': 'Europe/Rome',
                                      'time_diff': 60,
                                      'timestamp': 1743691585}},
                          {'error_code': 0,
                           'method': 'get_led_info',
                           'result': {'led_rule': 'always',
                                      'led_status': False,
                                      'night_mode': {'end_time': 0,
                                                     'night_mode_type': 'unknown',
                                                     'start_time': 0,
                                                     'sunrise_offset': 0,
                                                     'sunset_offset': 0}}}]}}
Update completed 192.168.100.112: ['component_nego', 'get_device_info', 'get_connect_cloud_state', 'get_device_time', 'get_led_info']
Unclosed client session
client_session: <aiohttp.client.ClientSession object at 0x0000017AFC633A70>
Exception in default exception handler
Traceback (most recent call last):
  File "C:\Users\Davide\AppData\Local\Programs\Python\Python312\Lib\asyncio\base_events.py", line 1847, in call_exception_handler
    self.default_exception_handler(context)
  File "C:\Users\Davide\AppData\Local\Programs\Python\Python312\Lib\asyncio\base_events.py", line 1821, in default_exception_handler
    logger.error('\n'.join(log_lines), exc_info=exc_info)
  File "C:\Users\Davide\AppData\Local\Programs\Python\Python312\Lib\logging\__init__.py", line 1568, in error
    self._log(ERROR, msg, args, **kwargs)
  File "C:\Users\Davide\AppData\Local\Programs\Python\Python312\Lib\logging\__init__.py", line 1684, in _log
    self.handle(record)
  File "C:\Users\Davide\AppData\Local\Programs\Python\Python312\Lib\logging\__init__.py", line 1700, in handle
    self.callHandlers(record)
  File "C:\Users\Davide\AppData\Local\Programs\Python\Python312\Lib\logging\__init__.py", line 1762, in callHandlers
    hdlr.handle(record)
  File "C:\Users\Davide\Desktop\ServerSmartPlug\log_manager.py", line 16, in handle
    listener(record)
  File "C:\Users\Davide\Desktop\ServerSmartPlug\gui\windows.py", line 24, in _add_console_line
    self.console_text.configure(state='normal')
  File "C:\Users\Davide\AppData\Local\Programs\Python\Python312\Lib\tkinter\__init__.py", line 1722, in configure
    return self._configure('configure', cnf, kw)
           ^^^^^^^^^^^^^^^^^^^^^^^^^^^^^^^^^^^^^
  File "C:\Users\Davide\AppData\Local\Programs\Python\Python312\Lib\tkinter\__init__.py", line 1712, in _configure
    self.tk.call(_flatten((self._w, cmd)) + self._options(cnf))
_tkinter.TclError: invalid command name ".!frame4.!frame.!text"
Unclosed connector
connections: ['deque([(<aiohttp.client_proto.ResponseHandler object at 0x0000017AFD91B9B0>, 865146.375)])']
connector: <aiohttp.connector.TCPConnector object at 0x0000017AFD874A40>
Exception in default exception handler
Traceback (most recent call last):
  File "C:\Users\Davide\AppData\Local\Programs\Python\Python312\Lib\asyncio\base_events.py", line 1847, in call_exception_handler
    self.default_exception_handler(context)
  File "C:\Users\Davide\AppData\Local\Programs\Python\Python312\Lib\asyncio\base_events.py", line 1821, in default_exception_handler
    logger.error('\n'.join(log_lines), exc_info=exc_info)
  File "C:\Users\Davide\AppData\Local\Programs\Python\Python312\Lib\logging\__init__.py", line 1568, in error
    self._log(ERROR, msg, args, **kwargs)
  File "C:\Users\Davide\AppData\Local\Programs\Python\Python312\Lib\logging\__init__.py", line 1684, in _log
    self.handle(record)
  File "C:\Users\Davide\AppData\Local\Programs\Python\Python312\Lib\logging\__init__.py", line 1700, in handle
    self.callHandlers(record)
  File "C:\Users\Davide\AppData\Local\Programs\Python\Python312\Lib\logging\__init__.py", line 1762, in callHandlers
    hdlr.handle(record)
  File "C:\Users\Davide\Desktop\ServerSmartPlug\log_manager.py", line 16, in handle
    listener(record)
  File "C:\Users\Davide\Desktop\ServerSmartPlug\gui\windows.py", line 24, in _add_console_line
    self.console_text.configure(state='normal')
  File "C:\Users\Davide\AppData\Local\Programs\Python\Python312\Lib\tkinter\__init__.py", line 1722, in configure
    return self._configure('configure', cnf, kw)
           ^^^^^^^^^^^^^^^^^^^^^^^^^^^^^^^^^^^^^
  File "C:\Users\Davide\AppData\Local\Programs\Python\Python312\Lib\tkinter\__init__.py", line 1712, in _configure
    self.tk.call(_flatten((self._w, cmd)) + self._options(cnf))
_tkinter.TclError: invalid command name ".!frame4.!frame.!text"
Discovery started...
Using proactor: IocpProactor
Listening on 127.0.0.1:8080
[DISCOVERY] 255.255.255.255 >> {'system': {'get_sysinfo': {}}}
Waiting 5 seconds for responses...
Using proactor: IocpProactor
Using SmartDevice for SMART.TAPOPLUG
Finding protocol for 192.168.100.112
Finding protocol for DeviceFamily.SmartTapoPlug
Finding transport for SMART.AES
Created AES transport for 192.168.100.112
[DISCOVERY] 192.168.100.112 << {'error_code': 0,
 'result': {'device_id': 'REDACTED_c913ec3cd97a6bec2fbb1ee',
            'device_model': 'P100',
            'device_type': 'SMART.TAPOPLUG',
            'factory_default': False,
            'ip': '192.168.100.112',
            'is_support_iot_cloud': True,
            'mac': '74-DA-88-00-00-00',
            'mgt_encrypt_schm': {'encrypt_type': 'AES',
                                 'http_port': 80,
                                 'is_support_https': False,
                                 'lv': 2},
            'owner': 'REDACTED_19347acd812465188388075'}}
Initializing 192.168.100.112 of type <class 'kasa.smart.smartdevice.SmartDevice'>
Discovery finished! Found: 1 device(s)
Discovered 1 devices
Using proactor: IocpProactor
[DISCOVERY] 192.168.100.112 >> {'system': {'get_sysinfo': {}}}
Waiting a total of 5 seconds for responses...
Using SmartDevice for SMART.TAPOPLUG
Finding protocol for 192.168.100.112
Finding protocol for DeviceFamily.SmartTapoPlug
Finding transport for SMART.AES
Created AES transport for 192.168.100.112
[DISCOVERY] 192.168.100.112 << {'error_code': 0,
 'result': {'device_id': 'REDACTED_c913ec3cd97a6bec2fbb1ee',
            'device_model': 'P100',
            'device_type': 'SMART.TAPOPLUG',
            'factory_default': False,
            'ip': '192.168.100.112',
            'is_support_iot_cloud': True,
            'mac': '74-DA-88-00-00-00',
            'mgt_encrypt_schm': {'encrypt_type': 'AES',
                                 'http_port': 80,
                                 'is_support_https': False,
                                 'lv': 2},
            'owner': 'REDACTED_19347acd812465188388075'}}
Initializing 192.168.100.112 of type <class 'kasa.smart.smartdevice.SmartDevice'>
192.168.100.112 multi-request-batch-1-of-1 >> '{"method":"multipleRequest","request_time_milis":1743691620711,"terminal_uuid":"wZin5wfOHY9J68GJAUuwVw==","params":{"requests":[{"method":"component_nego"},{"method":"get_device_info"},{"method":"get_connect_cloud_state"}]}}'
Will perform handshaking...
Posting to http://192.168.100.112/app
Generating keypair
Handshake request: {'method': 'handshake', 'params': {'key': '-----BEGIN PUBLIC KEY-----\nMIGfMA0GCSqGSIb3DQEBAQUAA4GNADCBiQKBgQDJjFSC4Bj0+I+JdBo4VtJeu4ZK2MYScPQLiidrjO00+D3fZI6Vvq2AAFMSLkMpvUxR9iyeMI8f69b+yUKH/IqEuHs9Lb9uFL0AmDdB+6OXFBGfvigMcqbQ1PcUf5jcymy6qYhZVtFxnidFubKJiFDoSqS5s0s4mMcNvbI1U0ujzQIDAQAB\n-----END PUBLIC KEY-----\n'}}
Device responded with: {'error_code': 0, 'result': {'key': 'xFnUMKoQ8CDOMjD2ooFvlfH3edq6PfJk6vyjYwoMQON9t0KYJDJj2NKNz2CHrhWRBOFvH/RJTrdhSXQdBZKkFb+Mry9UxRnQxF2lpzSUXcxJt96qEP0KVADL0HyiEWQVjhnyH1Y4s91Gqp1dfZD5BnBKrzOER8y7J9zvjvDDQEE='}}
Handshake with 192.168.100.112 complete
Posting to http://192.168.100.112/app
192.168.100.112: logged in with provided credentials
Posting to http://192.168.100.112/app?token=6F0E9A0DC53D3F3C902C6D2CB22C442C
Device 192.168.100.112 received an os error, enabling sequential request delay: Server disconnected
Device 192.168.100.112 got a connection error, will retry 3 times: ('Device connection error: 192.168.100.112: Server disconnected', ServerDisconnectedError('Server disconnected'))
192.168.100.112 multi-request-batch-1-of-1 >> '{"method":"multipleRequest","request_time_milis":1743691620838,"terminal_uuid":"wZin5wfOHY9J68GJAUuwVw==","params":{"requests":[{"method":"component_nego"},{"method":"get_device_info"},{"method":"get_connect_cloud_state"}]}}'
Device 192.168.100.112 waiting 0.25 seconds to send request
Posting to http://192.168.100.112/app?token=6F0E9A0DC53D3F3C902C6D2CB22C442C
192.168.100.112 multi-request-batch-1-of-1 << {'error_code': 0,
 'result': {'responses': [{'error_code': 0,
                           'method': 'component_nego',
                           'result': {'component_list': [{'id': 'device',
                                                          'ver_code': 2},
                                                         {'id': 'firmware',
                                                          'ver_code': 1},
                                                         {'id': 'quick_setup',
                                                          'ver_code': 3},
                                                         {'id': 'time',
                                                          'ver_code': 1},
                                                         {'id': 'wireless',
                                                          'ver_code': 1},
                                                         {'id': 'schedule',
                                                          'ver_code': 2},
                                                         {'id': 'countdown',
                                                          'ver_code': 2},
                                                         {'id': 'antitheft',
                                                          'ver_code': 1},
                                                         {'id': 'account',
                                                          'ver_code': 1},
                                                         {'id': 'synchronize',
                                                          'ver_code': 1},
                                                         {'id': 'sunrise_sunset',
                                                          'ver_code': 1},
                                                         {'id': 'led',
                                                          'ver_code': 1},
                                                         {'id': 'cloud_connect',
                                                          'ver_code': 1},
                                                         {'id': 'iot_cloud',
                                                          'ver_code': 1},
                                                         {'id': 'default_states',
                                                          'ver_code': 1}]}},
                          {'error_code': 0,
                           'method': 'get_device_info',
                           'result': {'avatar': 'plug',
                                      'default_states': {'state': {},
                                                         'type': 'last_states'},
                                      'device_id': 'REDACTED_DB80F24B353338FA05BB18C1C486215',
                                      'device_on': False,
                                      'fw_id': 'REDACTED_A25ABDE41405B20C6F98816',
                                      'fw_ver': '1.3.7 Build 20230711 Rel. '
                                                '61904',
                                      'has_set_location_info': True,
                                      'hw_id': 'REDACTED_5B29645B8150C392284029D',
                                      'hw_ver': '1.0.0',
                                      'ip': '192.168.100.112',
                                      'lang': 'it_IT',
                                      'latitude': 0,
                                      'location': '',
                                      'longitude': 0,
                                      'mac': '74-DA-88-00-00-00',
                                      'model': 'P100',
                                      'nickname': 'I01BU0tFRF9OQU1FIw==',
                                      'oem_id': 'REDACTED_06C60A9AEEA36A3347B6EBC',
                                      'on_time': 0,
                                      'overheated': False,
                                      'region': 'Europe/Rome',
                                      'rssi': -40,
                                      'signal_level': 3,
                                      'specs': 'EU',
                                      'ssid': 'I01BU0tFRF9TU0lEIw==',
                                      'time_diff': 60,
                                      'type': 'SMART.TAPOPLUG'}},
                          {'error_code': 0,
                           'method': 'get_connect_cloud_state',
                           'result': {'status': 0}}]}}
Device 192.168.100.112, found required cloud_connect, adding Cloud to modules.
Device 192.168.100.112, found required device, adding DeviceModule to modules.
Device 192.168.100.112, found required firmware, adding Firmware to modules.
Device 192.168.100.112, found required led, adding Led to modules.
Device 192.168.100.112, found required None, adding OverheatProtection to modules.
Device 192.168.100.112, found required time, adding Time to modules.
Querying 192.168.100.112 for modules: Time, Led
192.168.100.112 multi-request-batch-1-of-1 >> '{"method":"multipleRequest","request_time_milis":1743691621165,"terminal_uuid":"wZin5wfOHY9J68GJAUuwVw==","params":{"requests":[{"method":"get_device_time"},{"method":"get_led_info"}]}}'
Device 192.168.100.112 waiting 0.25 seconds to send request
Posting to http://192.168.100.112/app?token=6F0E9A0DC53D3F3C902C6D2CB22C442C
192.168.100.112 multi-request-batch-1-of-1 << {'error_code': 0,
 'result': {'responses': [{'error_code': 0,
                           'method': 'get_device_time',
                           'result': {'region': 'Europe/Rome',
                                      'time_diff': 60,
                                      'timestamp': 1743691616}},
                          {'error_code': 0,
                           'method': 'get_led_info',
                           'result': {'led_rule': 'always',
                                      'led_status': False,
                                      'night_mode': {'end_time': 0,
                                                     'night_mode_type': 'unknown',
                                                     'start_time': 0,
                                                     'sunrise_offset': 0,
                                                     'sunset_offset': 0}}}]}}
Update completed 192.168.100.112: ['component_nego', 'get_device_info', 'get_connect_cloud_state', 'get_device_time', 'get_led_info']
Unclosed client session
client_session: <aiohttp.client.ClientSession object at 0x000001BD337DCF80>
Exception in default exception handler
Traceback (most recent call last):
  File "C:\Users\Davide\AppData\Local\Programs\Python\Python312\Lib\asyncio\base_events.py", line 1847, in call_exception_handler
    self.default_exception_handler(context)
  File "C:\Users\Davide\AppData\Local\Programs\Python\Python312\Lib\asyncio\base_events.py", line 1821, in default_exception_handler
    logger.error('\n'.join(log_lines), exc_info=exc_info)
  File "C:\Users\Davide\AppData\Local\Programs\Python\Python312\Lib\logging\__init__.py", line 1568, in error
    self._log(ERROR, msg, args, **kwargs)
  File "C:\Users\Davide\AppData\Local\Programs\Python\Python312\Lib\logging\__init__.py", line 1684, in _log
    self.handle(record)
  File "C:\Users\Davide\AppData\Local\Programs\Python\Python312\Lib\logging\__init__.py", line 1700, in handle
    self.callHandlers(record)
  File "C:\Users\Davide\AppData\Local\Programs\Python\Python312\Lib\logging\__init__.py", line 1762, in callHandlers
    hdlr.handle(record)
  File "C:\Users\Davide\Desktop\ServerSmartPlug\log_manager.py", line 16, in handle
    listener(record)
  File "C:\Users\Davide\Desktop\ServerSmartPlug\gui\windows.py", line 24, in _add_console_line
    self.console_text.configure(state='normal')
  File "C:\Users\Davide\AppData\Local\Programs\Python\Python312\Lib\tkinter\__init__.py", line 1722, in configure
    return self._configure('configure', cnf, kw)
           ^^^^^^^^^^^^^^^^^^^^^^^^^^^^^^^^^^^^^
  File "C:\Users\Davide\AppData\Local\Programs\Python\Python312\Lib\tkinter\__init__.py", line 1712, in _configure
    self.tk.call(_flatten((self._w, cmd)) + self._options(cnf))
_tkinter.TclError: invalid command name ".!frame4.!frame.!text"
Unclosed connector
connections: ['deque([(<aiohttp.client_proto.ResponseHandler object at 0x000001BD33793950>, 865177.203)])']
connector: <aiohttp.connector.TCPConnector object at 0x000001BD337DD040>
Exception in default exception handler
Traceback (most recent call last):
  File "C:\Users\Davide\AppData\Local\Programs\Python\Python312\Lib\asyncio\base_events.py", line 1847, in call_exception_handler
    self.default_exception_handler(context)
  File "C:\Users\Davide\AppData\Local\Programs\Python\Python312\Lib\asyncio\base_events.py", line 1821, in default_exception_handler
    logger.error('\n'.join(log_lines), exc_info=exc_info)
  File "C:\Users\Davide\AppData\Local\Programs\Python\Python312\Lib\logging\__init__.py", line 1568, in error
    self._log(ERROR, msg, args, **kwargs)
  File "C:\Users\Davide\AppData\Local\Programs\Python\Python312\Lib\logging\__init__.py", line 1684, in _log
    self.handle(record)
  File "C:\Users\Davide\AppData\Local\Programs\Python\Python312\Lib\logging\__init__.py", line 1700, in handle
    self.callHandlers(record)
  File "C:\Users\Davide\AppData\Local\Programs\Python\Python312\Lib\logging\__init__.py", line 1762, in callHandlers
    hdlr.handle(record)
  File "C:\Users\Davide\Desktop\ServerSmartPlug\log_manager.py", line 16, in handle
    listener(record)
  File "C:\Users\Davide\Desktop\ServerSmartPlug\gui\windows.py", line 24, in _add_console_line
    self.console_text.configure(state='normal')
  File "C:\Users\Davide\AppData\Local\Programs\Python\Python312\Lib\tkinter\__init__.py", line 1722, in configure
    return self._configure('configure', cnf, kw)
           ^^^^^^^^^^^^^^^^^^^^^^^^^^^^^^^^^^^^^
  File "C:\Users\Davide\AppData\Local\Programs\Python\Python312\Lib\tkinter\__init__.py", line 1712, in _configure
    self.tk.call(_flatten((self._w, cmd)) + self._options(cnf))
_tkinter.TclError: invalid command name ".!frame4.!frame.!text"
C:\Users\Davide\AppData\Local\I3Lab - Politecnico di Milano\Server SmartPlug\options.json
Discovery started...
Using proactor: IocpProactor
Listening on 127.0.0.1:8080
[DISCOVERY] 255.255.255.255 >> {'system': {'get_sysinfo': {}}}
Waiting 5 seconds for responses...
Using proactor: IocpProactor
Using SmartDevice for SMART.TAPOPLUG
Finding protocol for 192.168.100.112
Finding protocol for DeviceFamily.SmartTapoPlug
Finding transport for SMART.AES
Created AES transport for 192.168.100.112
[DISCOVERY] 192.168.100.112 << {'error_code': 0,
 'result': {'device_id': 'REDACTED_c913ec3cd97a6bec2fbb1ee',
            'device_model': 'P100',
            'device_type': 'SMART.TAPOPLUG',
            'factory_default': False,
            'ip': '192.168.100.112',
            'is_support_iot_cloud': True,
            'mac': '74-DA-88-00-00-00',
            'mgt_encrypt_schm': {'encrypt_type': 'AES',
                                 'http_port': 80,
                                 'is_support_https': False,
                                 'lv': 2},
            'owner': 'REDACTED_19347acd812465188388075'}}
Initializing 192.168.100.112 of type <class 'kasa.smart.smartdevice.SmartDevice'>
Discovery finished! Found: 1 device(s)
Discovered 1 devices
Using proactor: IocpProactor
[DISCOVERY] 192.168.100.112 >> {'system': {'get_sysinfo': {}}}
Waiting a total of 5 seconds for responses...
Using SmartDevice for SMART.TAPOPLUG
Finding protocol for 192.168.100.112
Finding protocol for DeviceFamily.SmartTapoPlug
Finding transport for SMART.AES
Created AES transport for 192.168.100.112
[DISCOVERY] 192.168.100.112 << {'error_code': 0,
 'result': {'device_id': 'REDACTED_c913ec3cd97a6bec2fbb1ee',
            'device_model': 'P100',
            'device_type': 'SMART.TAPOPLUG',
            'factory_default': False,
            'ip': '192.168.100.112',
            'is_support_iot_cloud': True,
            'mac': '74-DA-88-00-00-00',
            'mgt_encrypt_schm': {'encrypt_type': 'AES',
                                 'http_port': 80,
                                 'is_support_https': False,
                                 'lv': 2},
            'owner': 'REDACTED_19347acd812465188388075'}}
Initializing 192.168.100.112 of type <class 'kasa.smart.smartdevice.SmartDevice'>
192.168.100.112 multi-request-batch-1-of-1 >> '{"method":"multipleRequest","request_time_milis":1743691772755,"terminal_uuid":"A7Md5tdeETnOVM4wOfzAYA==","params":{"requests":[{"method":"component_nego"},{"method":"get_device_info"},{"method":"get_connect_cloud_state"}]}}'
Will perform handshaking...
Posting to http://192.168.100.112/app
Generating keypair
Handshake request: {'method': 'handshake', 'params': {'key': '-----BEGIN PUBLIC KEY-----\nMIGfMA0GCSqGSIb3DQEBAQUAA4GNADCBiQKBgQDBau0KmRANLcp2NjqaZDxD7/MPaQRiusCMM6tvJ3GLMpyNhQJ3JYkkwArm3zGSLmUghMi6PnvAZMEtKw2n/B0wVSgqFU+6jWSBKUyYevhW5X3soAyEMRCwWaz2V/P5cn66NCWP5MvlIKi8GCo2kctbd3WGy16smCshyr4t8r4rXQIDAQAB\n-----END PUBLIC KEY-----\n'}}
Device responded with: {'error_code': 0, 'result': {'key': 'esCWS3BRdz90ThiixyoegCbkA1M/RlII0WaRG+s47+9FeIXDuAQSwIwNmO79x9oonOmGOj6bhCEqk0UI6AMsYF4EQPNRgsLxlkuSnVDGXEzeF2rdX77xUQeglPSB8zUj/ntwN1wuRhlPIw0xUqNYF1emxDmywJPDnzuzUrxmrbA='}}
Handshake with 192.168.100.112 complete
Posting to http://192.168.100.112/app
192.168.100.112: logged in with provided credentials
Posting to http://192.168.100.112/app?token=6D79D1831C24CA51AC02C7307C11C900
Device 192.168.100.112 received an os error, enabling sequential request delay: Server disconnected
Device 192.168.100.112 got a connection error, will retry 3 times: ('Device connection error: 192.168.100.112: Server disconnected', ServerDisconnectedError('Server disconnected'))
192.168.100.112 multi-request-batch-1-of-1 >> '{"method":"multipleRequest","request_time_milis":1743691772928,"terminal_uuid":"A7Md5tdeETnOVM4wOfzAYA==","params":{"requests":[{"method":"component_nego"},{"method":"get_device_info"},{"method":"get_connect_cloud_state"}]}}'
Device 192.168.100.112 waiting 0.25 seconds to send request
Posting to http://192.168.100.112/app?token=6D79D1831C24CA51AC02C7307C11C900
192.168.100.112 multi-request-batch-1-of-1 << {'error_code': 0,
 'result': {'responses': [{'error_code': 0,
                           'method': 'component_nego',
                           'result': {'component_list': [{'id': 'device',
                                                          'ver_code': 2},
                                                         {'id': 'firmware',
                                                          'ver_code': 1},
                                                         {'id': 'quick_setup',
                                                          'ver_code': 3},
                                                         {'id': 'time',
                                                          'ver_code': 1},
                                                         {'id': 'wireless',
                                                          'ver_code': 1},
                                                         {'id': 'schedule',
                                                          'ver_code': 2},
                                                         {'id': 'countdown',
                                                          'ver_code': 2},
                                                         {'id': 'antitheft',
                                                          'ver_code': 1},
                                                         {'id': 'account',
                                                          'ver_code': 1},
                                                         {'id': 'synchronize',
                                                          'ver_code': 1},
                                                         {'id': 'sunrise_sunset',
                                                          'ver_code': 1},
                                                         {'id': 'led',
                                                          'ver_code': 1},
                                                         {'id': 'cloud_connect',
                                                          'ver_code': 1},
                                                         {'id': 'iot_cloud',
                                                          'ver_code': 1},
                                                         {'id': 'default_states',
                                                          'ver_code': 1}]}},
                          {'error_code': 0,
                           'method': 'get_device_info',
                           'result': {'avatar': 'plug',
                                      'default_states': {'state': {},
                                                         'type': 'last_states'},
                                      'device_id': 'REDACTED_DB80F24B353338FA05BB18C1C486215',
                                      'device_on': False,
                                      'fw_id': 'REDACTED_A25ABDE41405B20C6F98816',
                                      'fw_ver': '1.3.7 Build 20230711 Rel. '
                                                '61904',
                                      'has_set_location_info': True,
                                      'hw_id': 'REDACTED_5B29645B8150C392284029D',
                                      'hw_ver': '1.0.0',
                                      'ip': '192.168.100.112',
                                      'lang': 'it_IT',
                                      'latitude': 0,
                                      'location': '',
                                      'longitude': 0,
                                      'mac': '74-DA-88-00-00-00',
                                      'model': 'P100',
                                      'nickname': 'I01BU0tFRF9OQU1FIw==',
                                      'oem_id': 'REDACTED_06C60A9AEEA36A3347B6EBC',
                                      'on_time': 0,
                                      'overheated': False,
                                      'region': 'Europe/Rome',
                                      'rssi': -40,
                                      'signal_level': 3,
                                      'specs': 'EU',
                                      'ssid': 'I01BU0tFRF9TU0lEIw==',
                                      'time_diff': 60,
                                      'type': 'SMART.TAPOPLUG'}},
                          {'error_code': 0,
                           'method': 'get_connect_cloud_state',
                           'result': {'status': 0}}]}}
Device 192.168.100.112, found required cloud_connect, adding Cloud to modules.
Device 192.168.100.112, found required device, adding DeviceModule to modules.
Device 192.168.100.112, found required firmware, adding Firmware to modules.
Device 192.168.100.112, found required led, adding Led to modules.
Device 192.168.100.112, found required None, adding OverheatProtection to modules.
Device 192.168.100.112, found required time, adding Time to modules.
Querying 192.168.100.112 for modules: Time, Led
192.168.100.112 multi-request-batch-1-of-1 >> '{"method":"multipleRequest","request_time_milis":1743691773275,"terminal_uuid":"A7Md5tdeETnOVM4wOfzAYA==","params":{"requests":[{"method":"get_device_time"},{"method":"get_led_info"}]}}'
Device 192.168.100.112 waiting 0.25 seconds to send request
Posting to http://192.168.100.112/app?token=6D79D1831C24CA51AC02C7307C11C900
192.168.100.112 multi-request-batch-1-of-1 << {'error_code': 0,
 'result': {'responses': [{'error_code': 0,
                           'method': 'get_device_time',
                           'result': {'region': 'Europe/Rome',
                                      'time_diff': 60,
                                      'timestamp': 1743691768}},
                          {'error_code': 0,
                           'method': 'get_led_info',
                           'result': {'led_rule': 'always',
                                      'led_status': False,
                                      'night_mode': {'end_time': 0,
                                                     'night_mode_type': 'unknown',
                                                     'start_time': 0,
                                                     'sunrise_offset': 0,
                                                     'sunset_offset': 0}}}]}}
Update completed 192.168.100.112: ['component_nego', 'get_device_info', 'get_connect_cloud_state', 'get_device_time', 'get_led_info']
Unclosed client session
client_session: <aiohttp.client.ClientSession object at 0x00000266B2F6BF20>
Unclosed connector
connections: ['deque([(<aiohttp.client_proto.ResponseHandler object at 0x00000266B1734AD0>, 865329.328)])']
connector: <aiohttp.connector.TCPConnector object at 0x00000266B2F6BEC0>
C:\Users\Davide\AppData\Local\I3Lab - Politecnico di Milano\Server SmartPlug\options.json
Discovery started...
Using proactor: IocpProactor
Listening on 127.0.0.1:8080
[DISCOVERY] 255.255.255.255 >> {'system': {'get_sysinfo': {}}}
Waiting 5 seconds for responses...
Using SmartDevice for SMART.TAPOPLUG
Finding protocol for 192.168.100.112
Finding protocol for DeviceFamily.SmartTapoPlug
Finding transport for SMART.AES
Created AES transport for 192.168.100.112
[DISCOVERY] 192.168.100.112 << {'error_code': 0,
 'result': {'device_id': 'REDACTED_c913ec3cd97a6bec2fbb1ee',
            'device_model': 'P100',
            'device_type': 'SMART.TAPOPLUG',
            'factory_default': False,
            'ip': '192.168.100.112',
            'is_support_iot_cloud': True,
            'mac': '74-DA-88-00-00-00',
            'mgt_encrypt_schm': {'encrypt_type': 'AES',
                                 'http_port': 80,
                                 'is_support_https': False,
                                 'lv': 2},
            'owner': 'REDACTED_19347acd812465188388075'}}
Initializing 192.168.100.112 of type <class 'kasa.smart.smartdevice.SmartDevice'>
Using proactor: IocpProactor
Discovery finished! Found: 1 device(s)
Discovered 1 devices
Using proactor: IocpProactor
[DISCOVERY] 192.168.100.112 >> {'system': {'get_sysinfo': {}}}
Waiting a total of 5 seconds for responses...
Using SmartDevice for SMART.TAPOPLUG
Finding protocol for 192.168.100.112
Finding protocol for DeviceFamily.SmartTapoPlug
Finding transport for SMART.AES
Created AES transport for 192.168.100.112
[DISCOVERY] 192.168.100.112 << {'error_code': 0,
 'result': {'device_id': 'REDACTED_c913ec3cd97a6bec2fbb1ee',
            'device_model': 'P100',
            'device_type': 'SMART.TAPOPLUG',
            'factory_default': False,
            'ip': '192.168.100.112',
            'is_support_iot_cloud': True,
            'mac': '74-DA-88-00-00-00',
            'mgt_encrypt_schm': {'encrypt_type': 'AES',
                                 'http_port': 80,
                                 'is_support_https': False,
                                 'lv': 2},
            'owner': 'REDACTED_19347acd812465188388075'}}
Initializing 192.168.100.112 of type <class 'kasa.smart.smartdevice.SmartDevice'>
192.168.100.112 multi-request-batch-1-of-1 >> '{"method":"multipleRequest","request_time_milis":1743692077445,"terminal_uuid":"4fTjHpn3T+2QgUjgpz7U+A==","params":{"requests":[{"method":"component_nego"},{"method":"get_device_info"},{"method":"get_connect_cloud_state"}]}}'
Will perform handshaking...
Posting to http://192.168.100.112/app
Generating keypair
Handshake request: {'method': 'handshake', 'params': {'key': '-----BEGIN PUBLIC KEY-----\nMIGfMA0GCSqGSIb3DQEBAQUAA4GNADCBiQKBgQDF6kgPOEW4zY9e5mlAfrIW/Pm9mB1r060XzzJZQdjKcFV69xdPKuDoPSk1vfEfT0UosIyp/6ws8ehHeM1vnrCL7CQLl7EYVgvDDm4JDBI+/w+7pfqnZkofqRCL5YlDRlPsVwf2GoHJplHOl48IWGxUB2hZV+fqh0NE61HyE8zLTwIDAQAB\n-----END PUBLIC KEY-----\n'}}
Device responded with: {'error_code': 0, 'result': {'key': 'pxsG2JLLhGi1jmHiD7Isa6Twqslb2fKyHaUY701v4zlPozo7TDN7DC14War6aw9BjJlqNFHXYD47skKkbxxW4KTn7sLNn8iqyXlTrXd5SqGmA8YMqDfzXyZjXKzrnvZw9ToOUd0NctEn7BpwPXY/CIbNbFrw7HNlyR/lwGFmp/0='}}
Handshake with 192.168.100.112 complete
Posting to http://192.168.100.112/app
192.168.100.112: logged in with provided credentials
Posting to http://192.168.100.112/app?token=76CF5EC2DF12C3140B74857761472E46
Device 192.168.100.112 received an os error, enabling sequential request delay: Server disconnected
Device 192.168.100.112 got a connection error, will retry 3 times: ('Device connection error: 192.168.100.112: Server disconnected', ServerDisconnectedError('Server disconnected'))
192.168.100.112 multi-request-batch-1-of-1 >> '{"method":"multipleRequest","request_time_milis":1743692077593,"terminal_uuid":"4fTjHpn3T+2QgUjgpz7U+A==","params":{"requests":[{"method":"component_nego"},{"method":"get_device_info"},{"method":"get_connect_cloud_state"}]}}'
Device 192.168.100.112 waiting 0.25 seconds to send request
Posting to http://192.168.100.112/app?token=76CF5EC2DF12C3140B74857761472E46
192.168.100.112 multi-request-batch-1-of-1 << {'error_code': 0,
 'result': {'responses': [{'error_code': 0,
                           'method': 'component_nego',
                           'result': {'component_list': [{'id': 'device',
                                                          'ver_code': 2},
                                                         {'id': 'firmware',
                                                          'ver_code': 1},
                                                         {'id': 'quick_setup',
                                                          'ver_code': 3},
                                                         {'id': 'time',
                                                          'ver_code': 1},
                                                         {'id': 'wireless',
                                                          'ver_code': 1},
                                                         {'id': 'schedule',
                                                          'ver_code': 2},
                                                         {'id': 'countdown',
                                                          'ver_code': 2},
                                                         {'id': 'antitheft',
                                                          'ver_code': 1},
                                                         {'id': 'account',
                                                          'ver_code': 1},
                                                         {'id': 'synchronize',
                                                          'ver_code': 1},
                                                         {'id': 'sunrise_sunset',
                                                          'ver_code': 1},
                                                         {'id': 'led',
                                                          'ver_code': 1},
                                                         {'id': 'cloud_connect',
                                                          'ver_code': 1},
                                                         {'id': 'iot_cloud',
                                                          'ver_code': 1},
                                                         {'id': 'default_states',
                                                          'ver_code': 1}]}},
                          {'error_code': 0,
                           'method': 'get_device_info',
                           'result': {'avatar': 'plug',
                                      'default_states': {'state': {},
                                                         'type': 'last_states'},
                                      'device_id': 'REDACTED_DB80F24B353338FA05BB18C1C486215',
                                      'device_on': False,
                                      'fw_id': 'REDACTED_A25ABDE41405B20C6F98816',
                                      'fw_ver': '1.3.7 Build 20230711 Rel. '
                                                '61904',
                                      'has_set_location_info': True,
                                      'hw_id': 'REDACTED_5B29645B8150C392284029D',
                                      'hw_ver': '1.0.0',
                                      'ip': '192.168.100.112',
                                      'lang': 'it_IT',
                                      'latitude': 0,
                                      'location': '',
                                      'longitude': 0,
                                      'mac': '74-DA-88-00-00-00',
                                      'model': 'P100',
                                      'nickname': 'I01BU0tFRF9OQU1FIw==',
                                      'oem_id': 'REDACTED_06C60A9AEEA36A3347B6EBC',
                                      'on_time': 0,
                                      'overheated': False,
                                      'region': 'Europe/Rome',
                                      'rssi': -40,
                                      'signal_level': 3,
                                      'specs': 'EU',
                                      'ssid': 'I01BU0tFRF9TU0lEIw==',
                                      'time_diff': 60,
                                      'type': 'SMART.TAPOPLUG'}},
                          {'error_code': 0,
                           'method': 'get_connect_cloud_state',
                           'result': {'status': 0}}]}}
Device 192.168.100.112, found required cloud_connect, adding Cloud to modules.
Device 192.168.100.112, found required device, adding DeviceModule to modules.
Device 192.168.100.112, found required firmware, adding Firmware to modules.
Device 192.168.100.112, found required led, adding Led to modules.
Device 192.168.100.112, found required None, adding OverheatProtection to modules.
Device 192.168.100.112, found required time, adding Time to modules.
Querying 192.168.100.112 for modules: Time, Led
192.168.100.112 multi-request-batch-1-of-1 >> '{"method":"multipleRequest","request_time_milis":1743692077923,"terminal_uuid":"4fTjHpn3T+2QgUjgpz7U+A==","params":{"requests":[{"method":"get_device_time"},{"method":"get_led_info"}]}}'
Device 192.168.100.112 waiting 0.23499999998603016 seconds to send request
Posting to http://192.168.100.112/app?token=76CF5EC2DF12C3140B74857761472E46
192.168.100.112 multi-request-batch-1-of-1 << {'error_code': 0,
 'result': {'responses': [{'error_code': 0,
                           'method': 'get_device_time',
                           'result': {'region': 'Europe/Rome',
                                      'time_diff': 60,
                                      'timestamp': 1743692073}},
                          {'error_code': 0,
                           'method': 'get_led_info',
                           'result': {'led_rule': 'always',
                                      'led_status': False,
                                      'night_mode': {'end_time': 0,
                                                     'night_mode_type': 'unknown',
                                                     'start_time': 0,
                                                     'sunrise_offset': 0,
                                                     'sunset_offset': 0}}}]}}
Update completed 192.168.100.112: ['component_nego', 'get_device_info', 'get_connect_cloud_state', 'get_device_time', 'get_led_info']
C:\Users\Davide\AppData\Local\I3Lab - Politecnico di Milano\Server SmartPlug\options.json
Discovery started...
Using proactor: IocpProactor
Listening on 127.0.0.1:8080
[DISCOVERY] 255.255.255.255 >> {'system': {'get_sysinfo': {}}}
Waiting 5 seconds for responses...
Using SmartDevice for SMART.TAPOPLUG
Finding protocol for 192.168.100.112
Finding protocol for DeviceFamily.SmartTapoPlug
Finding transport for SMART.AES
Created AES transport for 192.168.100.112
[DISCOVERY] 192.168.100.112 << {'error_code': 0,
 'result': {'device_id': 'REDACTED_c913ec3cd97a6bec2fbb1ee',
            'device_model': 'P100',
            'device_type': 'SMART.TAPOPLUG',
            'factory_default': False,
            'ip': '192.168.100.112',
            'is_support_iot_cloud': True,
            'mac': '74-DA-88-00-00-00',
            'mgt_encrypt_schm': {'encrypt_type': 'AES',
                                 'http_port': 80,
                                 'is_support_https': False,
                                 'lv': 2},
            'owner': 'REDACTED_19347acd812465188388075'}}
Initializing 192.168.100.112 of type <class 'kasa.smart.smartdevice.SmartDevice'>
Using proactor: IocpProactor
C:\Users\Davide\AppData\Local\I3Lab - Politecnico di Milano\Server SmartPlug\options.json
Discovery started...
Using proactor: IocpProactor
Listening on 127.0.0.1:8080
[DISCOVERY] 255.255.255.255 >> {'system': {'get_sysinfo': {}}}
Waiting 5 seconds for responses...
Using SmartDevice for SMART.TAPOPLUG
Finding protocol for 192.168.100.112
Finding protocol for DeviceFamily.SmartTapoPlug
Finding transport for SMART.AES
Created AES transport for 192.168.100.112
[DISCOVERY] 192.168.100.112 << {'error_code': 0,
 'result': {'device_id': 'REDACTED_c913ec3cd97a6bec2fbb1ee',
            'device_model': 'P100',
            'device_type': 'SMART.TAPOPLUG',
            'factory_default': False,
            'ip': '192.168.100.112',
            'is_support_iot_cloud': True,
            'mac': '74-DA-88-00-00-00',
            'mgt_encrypt_schm': {'encrypt_type': 'AES',
                                 'http_port': 80,
                                 'is_support_https': False,
                                 'lv': 2},
            'owner': 'REDACTED_19347acd812465188388075'}}
Initializing 192.168.100.112 of type <class 'kasa.smart.smartdevice.SmartDevice'>
Using proactor: IocpProactor
Discovery finished! Found: 1 device(s)
Discovered 1 devices
Using proactor: IocpProactor
[DISCOVERY] 192.168.100.112 >> {'system': {'get_sysinfo': {}}}
Waiting a total of 5 seconds for responses...
Using SmartDevice for SMART.TAPOPLUG
Finding protocol for 192.168.100.112
Finding protocol for DeviceFamily.SmartTapoPlug
Finding transport for SMART.AES
Created AES transport for 192.168.100.112
[DISCOVERY] 192.168.100.112 << {'error_code': 0,
 'result': {'device_id': 'REDACTED_c913ec3cd97a6bec2fbb1ee',
            'device_model': 'P100',
            'device_type': 'SMART.TAPOPLUG',
            'factory_default': False,
            'ip': '192.168.100.112',
            'is_support_iot_cloud': True,
            'mac': '74-DA-88-00-00-00',
            'mgt_encrypt_schm': {'encrypt_type': 'AES',
                                 'http_port': 80,
                                 'is_support_https': False,
                                 'lv': 2},
            'owner': 'REDACTED_19347acd812465188388075'}}
Initializing 192.168.100.112 of type <class 'kasa.smart.smartdevice.SmartDevice'>
192.168.100.112 multi-request-batch-1-of-1 >> '{"method":"multipleRequest","request_time_milis":1743692695555,"terminal_uuid":"GsO/QeBF87FYCU1woKy8/Q==","params":{"requests":[{"method":"component_nego"},{"method":"get_device_info"},{"method":"get_connect_cloud_state"}]}}'
Will perform handshaking...
Posting to http://192.168.100.112/app
Generating keypair
Handshake request: {'method': 'handshake', 'params': {'key': '-----BEGIN PUBLIC KEY-----\nMIGfMA0GCSqGSIb3DQEBAQUAA4GNADCBiQKBgQC9fmEHjaXLwpTaXmC/b1cdVLhgY9MWgY4/cJOHqRYkCatZVTQCzdM077e6JOWvzVNMuz8FRVjS4BFa2g+f/x7EEWw0sdpziorEnYu3qenD75oPiVzKZYNLTvQRPtY4fFLwNndPSB8sk+rAYkpUj2gJr3kOBp0aRo7ZWa62L1LO+wIDAQAB\n-----END PUBLIC KEY-----\n'}}
Device responded with: {'error_code': 0, 'result': {'key': 'OQQs0IaHG0YVlOyiUI4staTTwXiZ58/K14rJB+cMTI32YOuZdp62Qko9699UQ41uNDwEC7lJ6tgaQtpoXN+O3Nn19+quiJTDAZH8UkpYXcaNz4eAKSbr0ppC/8+5FP1CdOoT9+yssNlZJoFCOdOvIEo8vfUp59M0ItaN9S1l7k0='}}
Handshake with 192.168.100.112 complete
Posting to http://192.168.100.112/app
192.168.100.112: logged in with provided credentials
Posting to http://192.168.100.112/app?token=EFAB5EA74B67136199013D027032A233
Device 192.168.100.112 received an os error, enabling sequential request delay: Server disconnected
Device 192.168.100.112 got a connection error, will retry 3 times: ('Device connection error: 192.168.100.112: Server disconnected', ServerDisconnectedError('Server disconnected'))
192.168.100.112 multi-request-batch-1-of-1 >> '{"method":"multipleRequest","request_time_milis":1743692695850,"terminal_uuid":"GsO/QeBF87FYCU1woKy8/Q==","params":{"requests":[{"method":"component_nego"},{"method":"get_device_info"},{"method":"get_connect_cloud_state"}]}}'
Device 192.168.100.112 waiting 0.25 seconds to send request
Posting to http://192.168.100.112/app?token=EFAB5EA74B67136199013D027032A233
192.168.100.112 multi-request-batch-1-of-1 << {'error_code': 0,
 'result': {'responses': [{'error_code': 0,
                           'method': 'component_nego',
                           'result': {'component_list': [{'id': 'device',
                                                          'ver_code': 2},
                                                         {'id': 'firmware',
                                                          'ver_code': 1},
                                                         {'id': 'quick_setup',
                                                          'ver_code': 3},
                                                         {'id': 'time',
                                                          'ver_code': 1},
                                                         {'id': 'wireless',
                                                          'ver_code': 1},
                                                         {'id': 'schedule',
                                                          'ver_code': 2},
                                                         {'id': 'countdown',
                                                          'ver_code': 2},
                                                         {'id': 'antitheft',
                                                          'ver_code': 1},
                                                         {'id': 'account',
                                                          'ver_code': 1},
                                                         {'id': 'synchronize',
                                                          'ver_code': 1},
                                                         {'id': 'sunrise_sunset',
                                                          'ver_code': 1},
                                                         {'id': 'led',
                                                          'ver_code': 1},
                                                         {'id': 'cloud_connect',
                                                          'ver_code': 1},
                                                         {'id': 'iot_cloud',
                                                          'ver_code': 1},
                                                         {'id': 'default_states',
                                                          'ver_code': 1}]}},
                          {'error_code': 0,
                           'method': 'get_device_info',
                           'result': {'avatar': 'plug',
                                      'default_states': {'state': {},
                                                         'type': 'last_states'},
                                      'device_id': 'REDACTED_DB80F24B353338FA05BB18C1C486215',
                                      'device_on': False,
                                      'fw_id': 'REDACTED_A25ABDE41405B20C6F98816',
                                      'fw_ver': '1.3.7 Build 20230711 Rel. '
                                                '61904',
                                      'has_set_location_info': True,
                                      'hw_id': 'REDACTED_5B29645B8150C392284029D',
                                      'hw_ver': '1.0.0',
                                      'ip': '192.168.100.112',
                                      'lang': 'it_IT',
                                      'latitude': 0,
                                      'location': '',
                                      'longitude': 0,
                                      'mac': '74-DA-88-00-00-00',
                                      'model': 'P100',
                                      'nickname': 'I01BU0tFRF9OQU1FIw==',
                                      'oem_id': 'REDACTED_06C60A9AEEA36A3347B6EBC',
                                      'on_time': 0,
                                      'overheated': False,
                                      'region': 'Europe/Rome',
                                      'rssi': -41,
                                      'signal_level': 3,
                                      'specs': 'EU',
                                      'ssid': 'I01BU0tFRF9TU0lEIw==',
                                      'time_diff': 60,
                                      'type': 'SMART.TAPOPLUG'}},
                          {'error_code': 0,
                           'method': 'get_connect_cloud_state',
                           'result': {'status': 0}}]}}
Device 192.168.100.112, found required cloud_connect, adding Cloud to modules.
Device 192.168.100.112, found required device, adding DeviceModule to modules.
Device 192.168.100.112, found required firmware, adding Firmware to modules.
Device 192.168.100.112, found required led, adding Led to modules.
Device 192.168.100.112, found required None, adding OverheatProtection to modules.
Device 192.168.100.112, found required time, adding Time to modules.
Querying 192.168.100.112 for modules: Time, Led
192.168.100.112 multi-request-batch-1-of-1 >> '{"method":"multipleRequest","request_time_milis":1743692696184,"terminal_uuid":"GsO/QeBF87FYCU1woKy8/Q==","params":{"requests":[{"method":"get_device_time"},{"method":"get_led_info"}]}}'
Device 192.168.100.112 waiting 0.25 seconds to send request
Posting to http://192.168.100.112/app?token=EFAB5EA74B67136199013D027032A233
192.168.100.112 multi-request-batch-1-of-1 << {'error_code': 0,
 'result': {'responses': [{'error_code': 0,
                           'method': 'get_device_time',
                           'result': {'region': 'Europe/Rome',
                                      'time_diff': 60,
                                      'timestamp': 1743692691}},
                          {'error_code': 0,
                           'method': 'get_led_info',
                           'result': {'led_rule': 'always',
                                      'led_status': False,
                                      'night_mode': {'end_time': 0,
                                                     'night_mode_type': 'unknown',
                                                     'start_time': 0,
                                                     'sunrise_offset': 0,
                                                     'sunset_offset': 0}}}]}}
Update completed 192.168.100.112: ['component_nego', 'get_device_info', 'get_connect_cloud_state', 'get_device_time', 'get_led_info']
C:\Users\Davide\AppData\Local\I3Lab - Politecnico di Milano\Server SmartPlug\options.json
Discovery started...
Using proactor: IocpProactor
Listening on 127.0.0.1:8080
[DISCOVERY] 255.255.255.255 >> {'system': {'get_sysinfo': {}}}
Waiting 5 seconds for responses...
Using SmartDevice for SMART.TAPOPLUG
Finding protocol for 192.168.100.112
Finding protocol for DeviceFamily.SmartTapoPlug
Finding transport for SMART.AES
Created AES transport for 192.168.100.112
[DISCOVERY] 192.168.100.112 << {'error_code': 0,
 'result': {'device_id': 'REDACTED_c913ec3cd97a6bec2fbb1ee',
            'device_model': 'P100',
            'device_type': 'SMART.TAPOPLUG',
            'factory_default': False,
            'ip': '192.168.100.112',
            'is_support_iot_cloud': True,
            'mac': '74-DA-88-00-00-00',
            'mgt_encrypt_schm': {'encrypt_type': 'AES',
                                 'http_port': 80,
                                 'is_support_https': False,
                                 'lv': 2},
            'owner': 'REDACTED_19347acd812465188388075'}}
Initializing 192.168.100.112 of type <class 'kasa.smart.smartdevice.SmartDevice'>
Using proactor: IocpProactor
Discovery finished! Found: 1 device(s)
Discovered 1 devices
Using proactor: IocpProactor
[DISCOVERY] 192.168.100.112 >> {'system': {'get_sysinfo': {}}}
Waiting a total of 5 seconds for responses...
Using SmartDevice for SMART.TAPOPLUG
Finding protocol for 192.168.100.112
Finding protocol for DeviceFamily.SmartTapoPlug
Finding transport for SMART.AES
Created AES transport for 192.168.100.112
[DISCOVERY] 192.168.100.112 << {'error_code': 0,
 'result': {'device_id': 'REDACTED_c913ec3cd97a6bec2fbb1ee',
            'device_model': 'P100',
            'device_type': 'SMART.TAPOPLUG',
            'factory_default': False,
            'ip': '192.168.100.112',
            'is_support_iot_cloud': True,
            'mac': '74-DA-88-00-00-00',
            'mgt_encrypt_schm': {'encrypt_type': 'AES',
                                 'http_port': 80,
                                 'is_support_https': False,
                                 'lv': 2},
            'owner': 'REDACTED_19347acd812465188388075'}}
Initializing 192.168.100.112 of type <class 'kasa.smart.smartdevice.SmartDevice'>
192.168.100.112 multi-request-batch-1-of-1 >> '{"method":"multipleRequest","request_time_milis":1743693363272,"terminal_uuid":"JgAfqXEZJ0PCMwRF4YIMfg==","params":{"requests":[{"method":"component_nego"},{"method":"get_device_info"},{"method":"get_connect_cloud_state"}]}}'
Will perform handshaking...
Posting to http://192.168.100.112/app
Generating keypair
Handshake request: {'method': 'handshake', 'params': {'key': '-----BEGIN PUBLIC KEY-----\nMIGfMA0GCSqGSIb3DQEBAQUAA4GNADCBiQKBgQDH0mL4HsYGao5IrHVTSxlTyAyQNJZGAy3DlHXxKQj6Q61AW2FUcdutkXLvGkM22Ihl2y2bZU8i+6nAzUBd64jg3kX01sofy+6TI2f3/5YlIKADT89BALNvoovG3/LYWjR9icaXgmqOJfcKI8r4/jnbb32B+7LiYsVG3EdUcMBSrQIDAQAB\n-----END PUBLIC KEY-----\n'}}
Device responded with: {'error_code': 0, 'result': {'key': 'msPxMcn+gaExofcfyrtnoMa05SVzv6Zi6m/f+MGq6r/6HnjuGE0Ok0oRsLU0CZeM6f5w0okPmfwAV2TIOlKR8XUlMPhCI/ELpizfzECGdlgNZlhwaWDCBZkULo4k+FAc6rTww6sAvbEYf1VDm6YLS1aJm4n+SIMjHgM/CmHOx5Y='}}
Handshake with 192.168.100.112 complete
Posting to http://192.168.100.112/app
192.168.100.112: logged in with provided credentials
Posting to http://192.168.100.112/app?token=103B2E31C791509424C467C655E67CE7
Device 192.168.100.112 received an os error, enabling sequential request delay: Server disconnected
Device 192.168.100.112 got a connection error, will retry 3 times: ('Device connection error: 192.168.100.112: Server disconnected', ServerDisconnectedError('Server disconnected'))
192.168.100.112 multi-request-batch-1-of-1 >> '{"method":"multipleRequest","request_time_milis":1743693363432,"terminal_uuid":"JgAfqXEZJ0PCMwRF4YIMfg==","params":{"requests":[{"method":"component_nego"},{"method":"get_device_info"},{"method":"get_connect_cloud_state"}]}}'
Device 192.168.100.112 waiting 0.25 seconds to send request
Posting to http://192.168.100.112/app?token=103B2E31C791509424C467C655E67CE7
192.168.100.112 multi-request-batch-1-of-1 << {'error_code': 0,
 'result': {'responses': [{'error_code': 0,
                           'method': 'component_nego',
                           'result': {'component_list': [{'id': 'device',
                                                          'ver_code': 2},
                                                         {'id': 'firmware',
                                                          'ver_code': 1},
                                                         {'id': 'quick_setup',
                                                          'ver_code': 3},
                                                         {'id': 'time',
                                                          'ver_code': 1},
                                                         {'id': 'wireless',
                                                          'ver_code': 1},
                                                         {'id': 'schedule',
                                                          'ver_code': 2},
                                                         {'id': 'countdown',
                                                          'ver_code': 2},
                                                         {'id': 'antitheft',
                                                          'ver_code': 1},
                                                         {'id': 'account',
                                                          'ver_code': 1},
                                                         {'id': 'synchronize',
                                                          'ver_code': 1},
                                                         {'id': 'sunrise_sunset',
                                                          'ver_code': 1},
                                                         {'id': 'led',
                                                          'ver_code': 1},
                                                         {'id': 'cloud_connect',
                                                          'ver_code': 1},
                                                         {'id': 'iot_cloud',
                                                          'ver_code': 1},
                                                         {'id': 'default_states',
                                                          'ver_code': 1}]}},
                          {'error_code': 0,
                           'method': 'get_device_info',
                           'result': {'avatar': 'plug',
                                      'default_states': {'state': {},
                                                         'type': 'last_states'},
                                      'device_id': 'REDACTED_DB80F24B353338FA05BB18C1C486215',
                                      'device_on': False,
                                      'fw_id': 'REDACTED_A25ABDE41405B20C6F98816',
                                      'fw_ver': '1.3.7 Build 20230711 Rel. '
                                                '61904',
                                      'has_set_location_info': True,
                                      'hw_id': 'REDACTED_5B29645B8150C392284029D',
                                      'hw_ver': '1.0.0',
                                      'ip': '192.168.100.112',
                                      'lang': 'it_IT',
                                      'latitude': 0,
                                      'location': '',
                                      'longitude': 0,
                                      'mac': '74-DA-88-00-00-00',
                                      'model': 'P100',
                                      'nickname': 'I01BU0tFRF9OQU1FIw==',
                                      'oem_id': 'REDACTED_06C60A9AEEA36A3347B6EBC',
                                      'on_time': 0,
                                      'overheated': False,
                                      'region': 'Europe/Rome',
                                      'rssi': -41,
                                      'signal_level': 3,
                                      'specs': 'EU',
                                      'ssid': 'I01BU0tFRF9TU0lEIw==',
                                      'time_diff': 60,
                                      'type': 'SMART.TAPOPLUG'}},
                          {'error_code': 0,
                           'method': 'get_connect_cloud_state',
                           'result': {'status': 0}}]}}
Device 192.168.100.112, found required cloud_connect, adding Cloud to modules.
Device 192.168.100.112, found required device, adding DeviceModule to modules.
Device 192.168.100.112, found required firmware, adding Firmware to modules.
Device 192.168.100.112, found required led, adding Led to modules.
Device 192.168.100.112, found required None, adding OverheatProtection to modules.
Device 192.168.100.112, found required time, adding Time to modules.
Querying 192.168.100.112 for modules: Time, Led
192.168.100.112 multi-request-batch-1-of-1 >> '{"method":"multipleRequest","request_time_milis":1743693363779,"terminal_uuid":"JgAfqXEZJ0PCMwRF4YIMfg==","params":{"requests":[{"method":"get_device_time"},{"method":"get_led_info"}]}}'
Device 192.168.100.112 waiting 0.25 seconds to send request
Posting to http://192.168.100.112/app?token=103B2E31C791509424C467C655E67CE7
192.168.100.112 multi-request-batch-1-of-1 << {'error_code': 0,
 'result': {'responses': [{'error_code': 0,
                           'method': 'get_device_time',
                           'result': {'region': 'Europe/Rome',
                                      'time_diff': 60,
                                      'timestamp': 1743693359}},
                          {'error_code': 0,
                           'method': 'get_led_info',
                           'result': {'led_rule': 'always',
                                      'led_status': False,
                                      'night_mode': {'end_time': 0,
                                                     'night_mode_type': 'unknown',
                                                     'start_time': 0,
                                                     'sunrise_offset': 0,
                                                     'sunset_offset': 0}}}]}}
Update completed 192.168.100.112: ['component_nego', 'get_device_info', 'get_connect_cloud_state', 'get_device_time', 'get_led_info']
Unclosed client session
client_session: <aiohttp.client.ClientSession object at 0x0000020DCF96EA50>
Exception in default exception handler
Traceback (most recent call last):
  File "C:\Users\Davide\AppData\Local\Programs\Python\Python312\Lib\asyncio\base_events.py", line 1847, in call_exception_handler
    self.default_exception_handler(context)
  File "C:\Users\Davide\AppData\Local\Programs\Python\Python312\Lib\asyncio\base_events.py", line 1821, in default_exception_handler
    logger.error('\n'.join(log_lines), exc_info=exc_info)
  File "C:\Users\Davide\AppData\Local\Programs\Python\Python312\Lib\logging\__init__.py", line 1568, in error
    self._log(ERROR, msg, args, **kwargs)
  File "C:\Users\Davide\AppData\Local\Programs\Python\Python312\Lib\logging\__init__.py", line 1684, in _log
    self.handle(record)
  File "C:\Users\Davide\AppData\Local\Programs\Python\Python312\Lib\logging\__init__.py", line 1700, in handle
    self.callHandlers(record)
  File "C:\Users\Davide\AppData\Local\Programs\Python\Python312\Lib\logging\__init__.py", line 1762, in callHandlers
    hdlr.handle(record)
  File "C:\Users\Davide\Desktop\ServerSmartPlug\log_manager.py", line 16, in handle
    listener(record)
  File "C:\Users\Davide\Desktop\ServerSmartPlug\gui\windows.py", line 24, in _add_console_line
    self.console_text.configure(state='normal')
  File "C:\Users\Davide\AppData\Local\Programs\Python\Python312\Lib\tkinter\__init__.py", line 1722, in configure
    return self._configure('configure', cnf, kw)
           ^^^^^^^^^^^^^^^^^^^^^^^^^^^^^^^^^^^^^
  File "C:\Users\Davide\AppData\Local\Programs\Python\Python312\Lib\tkinter\__init__.py", line 1712, in _configure
    self.tk.call(_flatten((self._w, cmd)) + self._options(cnf))
_tkinter.TclError: invalid command name ".!frame4.!frame.!text"
Unclosed connector
connections: ['deque([(<aiohttp.client_proto.ResponseHandler object at 0x0000020DCE05FAD0>, 866919.843)])']
connector: <aiohttp.connector.TCPConnector object at 0x0000020DCF9DC260>
Exception in default exception handler
Traceback (most recent call last):
  File "C:\Users\Davide\AppData\Local\Programs\Python\Python312\Lib\asyncio\base_events.py", line 1847, in call_exception_handler
    self.default_exception_handler(context)
  File "C:\Users\Davide\AppData\Local\Programs\Python\Python312\Lib\asyncio\base_events.py", line 1821, in default_exception_handler
    logger.error('\n'.join(log_lines), exc_info=exc_info)
  File "C:\Users\Davide\AppData\Local\Programs\Python\Python312\Lib\logging\__init__.py", line 1568, in error
    self._log(ERROR, msg, args, **kwargs)
  File "C:\Users\Davide\AppData\Local\Programs\Python\Python312\Lib\logging\__init__.py", line 1684, in _log
    self.handle(record)
  File "C:\Users\Davide\AppData\Local\Programs\Python\Python312\Lib\logging\__init__.py", line 1700, in handle
    self.callHandlers(record)
  File "C:\Users\Davide\AppData\Local\Programs\Python\Python312\Lib\logging\__init__.py", line 1762, in callHandlers
    hdlr.handle(record)
  File "C:\Users\Davide\Desktop\ServerSmartPlug\log_manager.py", line 16, in handle
    listener(record)
  File "C:\Users\Davide\Desktop\ServerSmartPlug\gui\windows.py", line 24, in _add_console_line
    self.console_text.configure(state='normal')
  File "C:\Users\Davide\AppData\Local\Programs\Python\Python312\Lib\tkinter\__init__.py", line 1722, in configure
    return self._configure('configure', cnf, kw)
           ^^^^^^^^^^^^^^^^^^^^^^^^^^^^^^^^^^^^^
  File "C:\Users\Davide\AppData\Local\Programs\Python\Python312\Lib\tkinter\__init__.py", line 1712, in _configure
    self.tk.call(_flatten((self._w, cmd)) + self._options(cnf))
_tkinter.TclError: invalid command name ".!frame4.!frame.!text"
C:\Users\Davide\AppData\Local\I3Lab - Politecnico di Milano\Server SmartPlug\options.json
Discovery started...
Using proactor: IocpProactor
Listening on 127.0.0.1:8080
[DISCOVERY] 255.255.255.255 >> {'system': {'get_sysinfo': {}}}
Waiting 5 seconds for responses...
Using SmartDevice for SMART.TAPOPLUG
Finding protocol for 192.168.100.112
Finding protocol for DeviceFamily.SmartTapoPlug
Finding transport for SMART.AES
Created AES transport for 192.168.100.112
[DISCOVERY] 192.168.100.112 << {'error_code': 0,
 'result': {'device_id': 'REDACTED_c913ec3cd97a6bec2fbb1ee',
            'device_model': 'P100',
            'device_type': 'SMART.TAPOPLUG',
            'factory_default': False,
            'ip': '192.168.100.112',
            'is_support_iot_cloud': True,
            'mac': '74-DA-88-00-00-00',
            'mgt_encrypt_schm': {'encrypt_type': 'AES',
                                 'http_port': 80,
                                 'is_support_https': False,
                                 'lv': 2},
            'owner': 'REDACTED_19347acd812465188388075'}}
Initializing 192.168.100.112 of type <class 'kasa.smart.smartdevice.SmartDevice'>
Using proactor: IocpProactor
Discovery finished! Found: 1 device(s)
C:\Users\Davide\AppData\Local\I3Lab - Politecnico di Milano\Server SmartPlug\options.json
Discovery started...
Using proactor: IocpProactor
Listening on 127.0.0.1:8080
[DISCOVERY] 255.255.255.255 >> {'system': {'get_sysinfo': {}}}
Waiting 5 seconds for responses...
Using proactor: IocpProactor
Using SmartDevice for SMART.TAPOPLUG
Finding protocol for 192.168.100.112
Finding protocol for DeviceFamily.SmartTapoPlug
Finding transport for SMART.AES
Created AES transport for 192.168.100.112
[DISCOVERY] 192.168.100.112 << {'error_code': 0,
 'result': {'device_id': 'REDACTED_c913ec3cd97a6bec2fbb1ee',
            'device_model': 'P100',
            'device_type': 'SMART.TAPOPLUG',
            'factory_default': False,
            'ip': '192.168.100.112',
            'is_support_iot_cloud': True,
            'mac': '74-DA-88-00-00-00',
            'mgt_encrypt_schm': {'encrypt_type': 'AES',
                                 'http_port': 80,
                                 'is_support_https': False,
                                 'lv': 2},
            'owner': 'REDACTED_19347acd812465188388075'}}
Initializing 192.168.100.112 of type <class 'kasa.smart.smartdevice.SmartDevice'>
Discovery finished! Found: 1 device(s)
Discovered 1 devices
Using proactor: IocpProactor
[DISCOVERY] 192.168.100.112 >> {'system': {'get_sysinfo': {}}}
Waiting a total of 5 seconds for responses...
Using SmartDevice for SMART.TAPOPLUG
Finding protocol for 192.168.100.112
Finding protocol for DeviceFamily.SmartTapoPlug
Finding transport for SMART.AES
Created AES transport for 192.168.100.112
[DISCOVERY] 192.168.100.112 << {'error_code': 0,
 'result': {'device_id': 'REDACTED_c913ec3cd97a6bec2fbb1ee',
            'device_model': 'P100',
            'device_type': 'SMART.TAPOPLUG',
            'factory_default': False,
            'ip': '192.168.100.112',
            'is_support_iot_cloud': True,
            'mac': '74-DA-88-00-00-00',
            'mgt_encrypt_schm': {'encrypt_type': 'AES',
                                 'http_port': 80,
                                 'is_support_https': False,
                                 'lv': 2},
            'owner': 'REDACTED_19347acd812465188388075'}}
Initializing 192.168.100.112 of type <class 'kasa.smart.smartdevice.SmartDevice'>
192.168.100.112 multi-request-batch-1-of-1 >> '{"method":"multipleRequest","request_time_milis":1743694227867,"terminal_uuid":"1+nQHp2ctPuB/KD3c443Ew==","params":{"requests":[{"method":"component_nego"},{"method":"get_device_info"},{"method":"get_connect_cloud_state"}]}}'
Will perform handshaking...
Posting to http://192.168.100.112/app
Generating keypair
Handshake request: {'method': 'handshake', 'params': {'key': '-----BEGIN PUBLIC KEY-----\nMIGfMA0GCSqGSIb3DQEBAQUAA4GNADCBiQKBgQCdtItaP8Yvvk73W1uUAA0z19CHQ3m0QcAk+f7Y8SWgc2iTobRuO5oW6qtfK/jbOLu9tw05LJ93mmvqfH7Z5iUTcAkz1fVTODJSda6MTHyrXg1VBq9XNQckIXX0yHcJr2Hh955CkT/rEUKVDdLG3ytCBc815tozUm3mPlJnWhR+vwIDAQAB\n-----END PUBLIC KEY-----\n'}}
Device responded with: {'error_code': 0, 'result': {'key': 'jVZQHv4oz3Cf9v2uQ322a5pPOtX8ksNMLQ1ab/IBf9NiSfmqvh0O4tCYM2dSW3xWfYoyXuXAcT6YVd45A/K2X9UdK/ZhDf7o8delxr62OiXktsv793o/wHTWlIjC+KRqYE3qfUEE4V7STjrmx3OHPyfUtk0tUuLqryzDf8tica0='}}
Handshake with 192.168.100.112 complete
Posting to http://192.168.100.112/app
192.168.100.112: logged in with provided credentials
Posting to http://192.168.100.112/app?token=09C53DC07C906692C6B2CBB313A39DA3
Device 192.168.100.112 received an os error, enabling sequential request delay: Server disconnected
Device 192.168.100.112 got a connection error, will retry 3 times: ('Device connection error: 192.168.100.112: Server disconnected', ServerDisconnectedError('Server disconnected'))
192.168.100.112 multi-request-batch-1-of-1 >> '{"method":"multipleRequest","request_time_milis":1743694227972,"terminal_uuid":"1+nQHp2ctPuB/KD3c443Ew==","params":{"requests":[{"method":"component_nego"},{"method":"get_device_info"},{"method":"get_connect_cloud_state"}]}}'
Device 192.168.100.112 waiting 0.25 seconds to send request
Posting to http://192.168.100.112/app?token=09C53DC07C906692C6B2CBB313A39DA3
192.168.100.112 multi-request-batch-1-of-1 << {'error_code': 0,
 'result': {'responses': [{'error_code': 0,
                           'method': 'component_nego',
                           'result': {'component_list': [{'id': 'device',
                                                          'ver_code': 2},
                                                         {'id': 'firmware',
                                                          'ver_code': 1},
                                                         {'id': 'quick_setup',
                                                          'ver_code': 3},
                                                         {'id': 'time',
                                                          'ver_code': 1},
                                                         {'id': 'wireless',
                                                          'ver_code': 1},
                                                         {'id': 'schedule',
                                                          'ver_code': 2},
                                                         {'id': 'countdown',
                                                          'ver_code': 2},
                                                         {'id': 'antitheft',
                                                          'ver_code': 1},
                                                         {'id': 'account',
                                                          'ver_code': 1},
                                                         {'id': 'synchronize',
                                                          'ver_code': 1},
                                                         {'id': 'sunrise_sunset',
                                                          'ver_code': 1},
                                                         {'id': 'led',
                                                          'ver_code': 1},
                                                         {'id': 'cloud_connect',
                                                          'ver_code': 1},
                                                         {'id': 'iot_cloud',
                                                          'ver_code': 1},
                                                         {'id': 'default_states',
                                                          'ver_code': 1}]}},
                          {'error_code': 0,
                           'method': 'get_device_info',
                           'result': {'avatar': 'plug',
                                      'default_states': {'state': {},
                                                         'type': 'last_states'},
                                      'device_id': 'REDACTED_DB80F24B353338FA05BB18C1C486215',
                                      'device_on': False,
                                      'fw_id': 'REDACTED_A25ABDE41405B20C6F98816',
                                      'fw_ver': '1.3.7 Build 20230711 Rel. '
                                                '61904',
                                      'has_set_location_info': True,
                                      'hw_id': 'REDACTED_5B29645B8150C392284029D',
                                      'hw_ver': '1.0.0',
                                      'ip': '192.168.100.112',
                                      'lang': 'it_IT',
                                      'latitude': 0,
                                      'location': '',
                                      'longitude': 0,
                                      'mac': '74-DA-88-00-00-00',
                                      'model': 'P100',
                                      'nickname': 'I01BU0tFRF9OQU1FIw==',
                                      'oem_id': 'REDACTED_06C60A9AEEA36A3347B6EBC',
                                      'on_time': 0,
                                      'overheated': False,
                                      'region': 'Europe/Rome',
                                      'rssi': -41,
                                      'signal_level': 3,
                                      'specs': 'EU',
                                      'ssid': 'I01BU0tFRF9TU0lEIw==',
                                      'time_diff': 60,
                                      'type': 'SMART.TAPOPLUG'}},
                          {'error_code': 0,
                           'method': 'get_connect_cloud_state',
                           'result': {'status': 0}}]}}
Device 192.168.100.112, found required cloud_connect, adding Cloud to modules.
Device 192.168.100.112, found required device, adding DeviceModule to modules.
Device 192.168.100.112, found required firmware, adding Firmware to modules.
Device 192.168.100.112, found required led, adding Led to modules.
Device 192.168.100.112, found required None, adding OverheatProtection to modules.
Device 192.168.100.112, found required time, adding Time to modules.
Querying 192.168.100.112 for modules: Time, Led
192.168.100.112 multi-request-batch-1-of-1 >> '{"method":"multipleRequest","request_time_milis":1743694228283,"terminal_uuid":"1+nQHp2ctPuB/KD3c443Ew==","params":{"requests":[{"method":"get_device_time"},{"method":"get_led_info"}]}}'
Device 192.168.100.112 waiting 0.23400000005494803 seconds to send request
Posting to http://192.168.100.112/app?token=09C53DC07C906692C6B2CBB313A39DA3
192.168.100.112 multi-request-batch-1-of-1 << {'error_code': 0,
 'result': {'responses': [{'error_code': 0,
                           'method': 'get_device_time',
                           'result': {'region': 'Europe/Rome',
                                      'time_diff': 60,
                                      'timestamp': 1743694223}},
                          {'error_code': 0,
                           'method': 'get_led_info',
                           'result': {'led_rule': 'always',
                                      'led_status': False,
                                      'night_mode': {'end_time': 0,
                                                     'night_mode_type': 'unknown',
                                                     'start_time': 0,
                                                     'sunrise_offset': 0,
                                                     'sunset_offset': 0}}}]}}
Update completed 192.168.100.112: ['component_nego', 'get_device_info', 'get_connect_cloud_state', 'get_device_time', 'get_led_info']
Switching status
C:\Users\Davide\AppData\Local\I3Lab - Politecnico di Milano\Server SmartPlug\options.json
Discovery started...
Using proactor: IocpProactor
Listening on 127.0.0.1:8080
[DISCOVERY] 255.255.255.255 >> {'system': {'get_sysinfo': {}}}
Waiting 5 seconds for responses...
Using proactor: IocpProactor
Using SmartDevice for SMART.TAPOPLUG
Finding protocol for 192.168.100.112
Finding protocol for DeviceFamily.SmartTapoPlug
Finding transport for SMART.AES
Created AES transport for 192.168.100.112
[DISCOVERY] 192.168.100.112 << {'error_code': 0,
 'result': {'device_id': 'REDACTED_c913ec3cd97a6bec2fbb1ee',
            'device_model': 'P100',
            'device_type': 'SMART.TAPOPLUG',
            'factory_default': False,
            'ip': '192.168.100.112',
            'is_support_iot_cloud': True,
            'mac': '74-DA-88-00-00-00',
            'mgt_encrypt_schm': {'encrypt_type': 'AES',
                                 'http_port': 80,
                                 'is_support_https': False,
                                 'lv': 2},
            'owner': 'REDACTED_19347acd812465188388075'}}
Initializing 192.168.100.112 of type <class 'kasa.smart.smartdevice.SmartDevice'>
Discovery finished! Found: 1 device(s)
Discovered 1 devices
Using proactor: IocpProactor
[DISCOVERY] 192.168.100.112 >> {'system': {'get_sysinfo': {}}}
Waiting a total of 5 seconds for responses...
Using SmartDevice for SMART.TAPOPLUG
Finding protocol for 192.168.100.112
Finding protocol for DeviceFamily.SmartTapoPlug
Finding transport for SMART.AES
Created AES transport for 192.168.100.112
[DISCOVERY] 192.168.100.112 << {'error_code': 0,
 'result': {'device_id': 'REDACTED_c913ec3cd97a6bec2fbb1ee',
            'device_model': 'P100',
            'device_type': 'SMART.TAPOPLUG',
            'factory_default': False,
            'ip': '192.168.100.112',
            'is_support_iot_cloud': True,
            'mac': '74-DA-88-00-00-00',
            'mgt_encrypt_schm': {'encrypt_type': 'AES',
                                 'http_port': 80,
                                 'is_support_https': False,
                                 'lv': 2},
            'owner': 'REDACTED_19347acd812465188388075'}}
Initializing 192.168.100.112 of type <class 'kasa.smart.smartdevice.SmartDevice'>
192.168.100.112 multi-request-batch-1-of-1 >> '{"method":"multipleRequest","request_time_milis":1743694514646,"terminal_uuid":"B7tgGEYK/8uf7Mcb+oAYCg==","params":{"requests":[{"method":"component_nego"},{"method":"get_device_info"},{"method":"get_connect_cloud_state"}]}}'
Will perform handshaking...
Posting to http://192.168.100.112/app
Generating keypair
Handshake request: {'method': 'handshake', 'params': {'key': '-----BEGIN PUBLIC KEY-----\nMIGfMA0GCSqGSIb3DQEBAQUAA4GNADCBiQKBgQC3/iXWU4+yTyE3FrXLWYlezXKG8RwWGUW9oKMjm1sKiYBmDIxzprmODpf+d6AETnoT3KTYUiBA667oOcx/byuW76or2k5qdHs3vkpCUZv0tdWLNbCF9fJXye7WdzPC6e73JTQ2FI2EO/1iYmiWjOXyyZfFa8+GlidFMX95evjB3QIDAQAB\n-----END PUBLIC KEY-----\n'}}
Device responded with: {'error_code': 0, 'result': {'key': 'Z0UtoelK0xiEzcm3fT8HvKfXlh18fG0JVmNpXpZkyApcnyJN4e8BjbP9YHmVthlnIkm6a4O26nddnudoORwzq9ILVYtNrTFsAWJR6zn3wI66kZezExsGXHe3ntI1E98JTpl3sb24O5qtpCPVmF/PqYpm1yOYp+ch2DUtPHe8LZo='}}
Handshake with 192.168.100.112 complete
Posting to http://192.168.100.112/app
192.168.100.112: logged in with provided credentials
Posting to http://192.168.100.112/app?token=7F554458FD88688E3CEE7EED54DDFDDC
Device 192.168.100.112 received an os error, enabling sequential request delay: Server disconnected
Device 192.168.100.112 got a connection error, will retry 3 times: ('Device connection error: 192.168.100.112: Server disconnected', ServerDisconnectedError('Server disconnected'))
192.168.100.112 multi-request-batch-1-of-1 >> '{"method":"multipleRequest","request_time_milis":1743694514754,"terminal_uuid":"B7tgGEYK/8uf7Mcb+oAYCg==","params":{"requests":[{"method":"component_nego"},{"method":"get_device_info"},{"method":"get_connect_cloud_state"}]}}'
Device 192.168.100.112 waiting 0.25 seconds to send request
Posting to http://192.168.100.112/app?token=7F554458FD88688E3CEE7EED54DDFDDC
192.168.100.112 multi-request-batch-1-of-1 << {'error_code': 0,
 'result': {'responses': [{'error_code': 0,
                           'method': 'component_nego',
                           'result': {'component_list': [{'id': 'device',
                                                          'ver_code': 2},
                                                         {'id': 'firmware',
                                                          'ver_code': 1},
                                                         {'id': 'quick_setup',
                                                          'ver_code': 3},
                                                         {'id': 'time',
                                                          'ver_code': 1},
                                                         {'id': 'wireless',
                                                          'ver_code': 1},
                                                         {'id': 'schedule',
                                                          'ver_code': 2},
                                                         {'id': 'countdown',
                                                          'ver_code': 2},
                                                         {'id': 'antitheft',
                                                          'ver_code': 1},
                                                         {'id': 'account',
                                                          'ver_code': 1},
                                                         {'id': 'synchronize',
                                                          'ver_code': 1},
                                                         {'id': 'sunrise_sunset',
                                                          'ver_code': 1},
                                                         {'id': 'led',
                                                          'ver_code': 1},
                                                         {'id': 'cloud_connect',
                                                          'ver_code': 1},
                                                         {'id': 'iot_cloud',
                                                          'ver_code': 1},
                                                         {'id': 'default_states',
                                                          'ver_code': 1}]}},
                          {'error_code': 0,
                           'method': 'get_device_info',
                           'result': {'avatar': 'plug',
                                      'default_states': {'state': {},
                                                         'type': 'last_states'},
                                      'device_id': 'REDACTED_DB80F24B353338FA05BB18C1C486215',
                                      'device_on': False,
                                      'fw_id': 'REDACTED_A25ABDE41405B20C6F98816',
                                      'fw_ver': '1.3.7 Build 20230711 Rel. '
                                                '61904',
                                      'has_set_location_info': True,
                                      'hw_id': 'REDACTED_5B29645B8150C392284029D',
                                      'hw_ver': '1.0.0',
                                      'ip': '192.168.100.112',
                                      'lang': 'it_IT',
                                      'latitude': 0,
                                      'location': '',
                                      'longitude': 0,
                                      'mac': '74-DA-88-00-00-00',
                                      'model': 'P100',
                                      'nickname': 'I01BU0tFRF9OQU1FIw==',
                                      'oem_id': 'REDACTED_06C60A9AEEA36A3347B6EBC',
                                      'on_time': 0,
                                      'overheated': False,
                                      'region': 'Europe/Rome',
                                      'rssi': -40,
                                      'signal_level': 3,
                                      'specs': 'EU',
                                      'ssid': 'I01BU0tFRF9TU0lEIw==',
                                      'time_diff': 60,
                                      'type': 'SMART.TAPOPLUG'}},
                          {'error_code': 0,
                           'method': 'get_connect_cloud_state',
                           'result': {'status': 0}}]}}
Device 192.168.100.112, found required cloud_connect, adding Cloud to modules.
Device 192.168.100.112, found required device, adding DeviceModule to modules.
Device 192.168.100.112, found required firmware, adding Firmware to modules.
Device 192.168.100.112, found required led, adding Led to modules.
Device 192.168.100.112, found required None, adding OverheatProtection to modules.
Device 192.168.100.112, found required time, adding Time to modules.
Querying 192.168.100.112 for modules: Time, Led
192.168.100.112 multi-request-batch-1-of-1 >> '{"method":"multipleRequest","request_time_milis":1743694515103,"terminal_uuid":"B7tgGEYK/8uf7Mcb+oAYCg==","params":{"requests":[{"method":"get_device_time"},{"method":"get_led_info"}]}}'
Device 192.168.100.112 waiting 0.25 seconds to send request
Posting to http://192.168.100.112/app?token=7F554458FD88688E3CEE7EED54DDFDDC
192.168.100.112 multi-request-batch-1-of-1 << {'error_code': 0,
 'result': {'responses': [{'error_code': 0,
                           'method': 'get_device_time',
                           'result': {'region': 'Europe/Rome',
                                      'time_diff': 60,
                                      'timestamp': 1743694510}},
                          {'error_code': 0,
                           'method': 'get_led_info',
                           'result': {'led_rule': 'always',
                                      'led_status': False,
                                      'night_mode': {'end_time': 0,
                                                     'night_mode_type': 'unknown',
                                                     'start_time': 0,
                                                     'sunrise_offset': 0,
                                                     'sunset_offset': 0}}}]}}
Update completed 192.168.100.112: ['component_nego', 'get_device_info', 'get_connect_cloud_state', 'get_device_time', 'get_led_info']
Unclosed client session
client_session: <aiohttp.client.ClientSession object at 0x000001DDF556BEF0>
Exception in default exception handler
Traceback (most recent call last):
  File "C:\Users\Davide\AppData\Local\Programs\Python\Python312\Lib\asyncio\base_events.py", line 1847, in call_exception_handler
    self.default_exception_handler(context)
  File "C:\Users\Davide\AppData\Local\Programs\Python\Python312\Lib\asyncio\base_events.py", line 1821, in default_exception_handler
    logger.error('\n'.join(log_lines), exc_info=exc_info)
  File "C:\Users\Davide\AppData\Local\Programs\Python\Python312\Lib\logging\__init__.py", line 1568, in error
    self._log(ERROR, msg, args, **kwargs)
  File "C:\Users\Davide\AppData\Local\Programs\Python\Python312\Lib\logging\__init__.py", line 1684, in _log
    self.handle(record)
  File "C:\Users\Davide\AppData\Local\Programs\Python\Python312\Lib\logging\__init__.py", line 1700, in handle
    self.callHandlers(record)
  File "C:\Users\Davide\AppData\Local\Programs\Python\Python312\Lib\logging\__init__.py", line 1762, in callHandlers
    hdlr.handle(record)
  File "C:\Users\Davide\Desktop\ServerSmartPlug\log_manager.py", line 16, in handle
    listener(record)
  File "C:\Users\Davide\Desktop\ServerSmartPlug\gui\windows.py", line 24, in _add_console_line
    self.console_text.configure(state='normal')
  File "C:\Users\Davide\AppData\Local\Programs\Python\Python312\Lib\tkinter\__init__.py", line 1722, in configure
    return self._configure('configure', cnf, kw)
           ^^^^^^^^^^^^^^^^^^^^^^^^^^^^^^^^^^^^^
  File "C:\Users\Davide\AppData\Local\Programs\Python\Python312\Lib\tkinter\__init__.py", line 1712, in _configure
    self.tk.call(_flatten((self._w, cmd)) + self._options(cnf))
_tkinter.TclError: invalid command name ".!frame4.!frame.!text"
Unclosed connector
connections: ['deque([(<aiohttp.client_proto.ResponseHandler object at 0x000001DDF55E3C50>, 868071.156)])']
connector: <aiohttp.connector.TCPConnector object at 0x000001DDF556BF80>
Exception in default exception handler
Traceback (most recent call last):
  File "C:\Users\Davide\AppData\Local\Programs\Python\Python312\Lib\asyncio\base_events.py", line 1847, in call_exception_handler
    self.default_exception_handler(context)
  File "C:\Users\Davide\AppData\Local\Programs\Python\Python312\Lib\asyncio\base_events.py", line 1821, in default_exception_handler
    logger.error('\n'.join(log_lines), exc_info=exc_info)
  File "C:\Users\Davide\AppData\Local\Programs\Python\Python312\Lib\logging\__init__.py", line 1568, in error
    self._log(ERROR, msg, args, **kwargs)
  File "C:\Users\Davide\AppData\Local\Programs\Python\Python312\Lib\logging\__init__.py", line 1684, in _log
    self.handle(record)
  File "C:\Users\Davide\AppData\Local\Programs\Python\Python312\Lib\logging\__init__.py", line 1700, in handle
    self.callHandlers(record)
  File "C:\Users\Davide\AppData\Local\Programs\Python\Python312\Lib\logging\__init__.py", line 1762, in callHandlers
    hdlr.handle(record)
  File "C:\Users\Davide\Desktop\ServerSmartPlug\log_manager.py", line 16, in handle
    listener(record)
  File "C:\Users\Davide\Desktop\ServerSmartPlug\gui\windows.py", line 24, in _add_console_line
    self.console_text.configure(state='normal')
  File "C:\Users\Davide\AppData\Local\Programs\Python\Python312\Lib\tkinter\__init__.py", line 1722, in configure
    return self._configure('configure', cnf, kw)
           ^^^^^^^^^^^^^^^^^^^^^^^^^^^^^^^^^^^^^
  File "C:\Users\Davide\AppData\Local\Programs\Python\Python312\Lib\tkinter\__init__.py", line 1712, in _configure
    self.tk.call(_flatten((self._w, cmd)) + self._options(cnf))
_tkinter.TclError: invalid command name ".!frame4.!frame.!text"
C:\Users\Davide\AppData\Local\I3Lab - Politecnico di Milano\Server SmartPlug\options.json
Discovery started...
Using proactor: IocpProactor
Listening on 127.0.0.1:8080
[DISCOVERY] 255.255.255.255 >> {'system': {'get_sysinfo': {}}}
Waiting 5 seconds for responses...
Using SmartDevice for SMART.TAPOPLUG
Finding protocol for 192.168.100.112
Finding protocol for DeviceFamily.SmartTapoPlug
Finding transport for SMART.AES
Created AES transport for 192.168.100.112
[DISCOVERY] 192.168.100.112 << {'error_code': 0,
 'result': {'device_id': 'REDACTED_c913ec3cd97a6bec2fbb1ee',
            'device_model': 'P100',
            'device_type': 'SMART.TAPOPLUG',
            'factory_default': False,
            'ip': '192.168.100.112',
            'is_support_iot_cloud': True,
            'mac': '74-DA-88-00-00-00',
            'mgt_encrypt_schm': {'encrypt_type': 'AES',
                                 'http_port': 80,
                                 'is_support_https': False,
                                 'lv': 2},
            'owner': 'REDACTED_19347acd812465188388075'}}
Initializing 192.168.100.112 of type <class 'kasa.smart.smartdevice.SmartDevice'>
Using proactor: IocpProactor
Discovery finished! Found: 1 device(s)
Discovered 1 devices
Using proactor: IocpProactor
[DISCOVERY] 192.168.100.112 >> {'system': {'get_sysinfo': {}}}
Waiting a total of 5 seconds for responses...
Using SmartDevice for SMART.TAPOPLUG
Finding protocol for 192.168.100.112
Finding protocol for DeviceFamily.SmartTapoPlug
Finding transport for SMART.AES
Created AES transport for 192.168.100.112
[DISCOVERY] 192.168.100.112 << {'error_code': 0,
 'result': {'device_id': 'REDACTED_c913ec3cd97a6bec2fbb1ee',
            'device_model': 'P100',
            'device_type': 'SMART.TAPOPLUG',
            'factory_default': False,
            'ip': '192.168.100.112',
            'is_support_iot_cloud': True,
            'mac': '74-DA-88-00-00-00',
            'mgt_encrypt_schm': {'encrypt_type': 'AES',
                                 'http_port': 80,
                                 'is_support_https': False,
                                 'lv': 2},
            'owner': 'REDACTED_19347acd812465188388075'}}
Initializing 192.168.100.112 of type <class 'kasa.smart.smartdevice.SmartDevice'>
192.168.100.112 multi-request-batch-1-of-1 >> '{"method":"multipleRequest","request_time_milis":1743694663612,"terminal_uuid":"Bn3gYJaTOdRBh/HIzf+uDA==","params":{"requests":[{"method":"component_nego"},{"method":"get_device_info"},{"method":"get_connect_cloud_state"}]}}'
Will perform handshaking...
Posting to http://192.168.100.112/app
Generating keypair
Handshake request: {'method': 'handshake', 'params': {'key': '-----BEGIN PUBLIC KEY-----\nMIGfMA0GCSqGSIb3DQEBAQUAA4GNADCBiQKBgQClYtq4MGhg1epPAx81vBYegIFXYyn8YVz2zx7yDVWs30zkDE+u1v0MdwuStF+tYytb52+CTmKiBKTBa6PfnHV5z17CIPa1sNPPjshyQHtnSnfUraw1YPFu6aNHyMvrRgOIgjhO9FOTBGbIvc1GflZPk7ZIysFHwYURF7/0XYiezQIDAQAB\n-----END PUBLIC KEY-----\n'}}
Device responded with: {'error_code': 0, 'result': {'key': 'T7nEzqdC4bsQGdRYPyWIEmjpTKrWQ1M9ZSAnko2AWYBMIH/xrQt4r6WVIcVr6GH664Z1/bnqBXcfZcxdqw3eruVndZ/Z11V3mTjIbUhODAswYpwdk4E/eLJ1ELUcGycnvJuW3LkAw4ZArU+5k7qy+ST3MXDzV2tgrtqkkwbiKqk='}}
Handshake with 192.168.100.112 complete
Posting to http://192.168.100.112/app
192.168.100.112: logged in with provided credentials
Posting to http://192.168.100.112/app?token=ED3F0F3A206AD9684648B249F5598759
Device 192.168.100.112 received an os error, enabling sequential request delay: Server disconnected
Device 192.168.100.112 got a connection error, will retry 3 times: ('Device connection error: 192.168.100.112: Server disconnected', ServerDisconnectedError('Server disconnected'))
192.168.100.112 multi-request-batch-1-of-1 >> '{"method":"multipleRequest","request_time_milis":1743694663721,"terminal_uuid":"Bn3gYJaTOdRBh/HIzf+uDA==","params":{"requests":[{"method":"component_nego"},{"method":"get_device_info"},{"method":"get_connect_cloud_state"}]}}'
Device 192.168.100.112 waiting 0.25 seconds to send request
Posting to http://192.168.100.112/app?token=ED3F0F3A206AD9684648B249F5598759
192.168.100.112 multi-request-batch-1-of-1 << {'error_code': 0,
 'result': {'responses': [{'error_code': 0,
                           'method': 'component_nego',
                           'result': {'component_list': [{'id': 'device',
                                                          'ver_code': 2},
                                                         {'id': 'firmware',
                                                          'ver_code': 1},
                                                         {'id': 'quick_setup',
                                                          'ver_code': 3},
                                                         {'id': 'time',
                                                          'ver_code': 1},
                                                         {'id': 'wireless',
                                                          'ver_code': 1},
                                                         {'id': 'schedule',
                                                          'ver_code': 2},
                                                         {'id': 'countdown',
                                                          'ver_code': 2},
                                                         {'id': 'antitheft',
                                                          'ver_code': 1},
                                                         {'id': 'account',
                                                          'ver_code': 1},
                                                         {'id': 'synchronize',
                                                          'ver_code': 1},
                                                         {'id': 'sunrise_sunset',
                                                          'ver_code': 1},
                                                         {'id': 'led',
                                                          'ver_code': 1},
                                                         {'id': 'cloud_connect',
                                                          'ver_code': 1},
                                                         {'id': 'iot_cloud',
                                                          'ver_code': 1},
                                                         {'id': 'default_states',
                                                          'ver_code': 1}]}},
                          {'error_code': 0,
                           'method': 'get_device_info',
                           'result': {'avatar': 'plug',
                                      'default_states': {'state': {},
                                                         'type': 'last_states'},
                                      'device_id': 'REDACTED_DB80F24B353338FA05BB18C1C486215',
                                      'device_on': False,
                                      'fw_id': 'REDACTED_A25ABDE41405B20C6F98816',
                                      'fw_ver': '1.3.7 Build 20230711 Rel. '
                                                '61904',
                                      'has_set_location_info': True,
                                      'hw_id': 'REDACTED_5B29645B8150C392284029D',
                                      'hw_ver': '1.0.0',
                                      'ip': '192.168.100.112',
                                      'lang': 'it_IT',
                                      'latitude': 0,
                                      'location': '',
                                      'longitude': 0,
                                      'mac': '74-DA-88-00-00-00',
                                      'model': 'P100',
                                      'nickname': 'I01BU0tFRF9OQU1FIw==',
                                      'oem_id': 'REDACTED_06C60A9AEEA36A3347B6EBC',
                                      'on_time': 0,
                                      'overheated': False,
                                      'region': 'Europe/Rome',
                                      'rssi': -41,
                                      'signal_level': 3,
                                      'specs': 'EU',
                                      'ssid': 'I01BU0tFRF9TU0lEIw==',
                                      'time_diff': 60,
                                      'type': 'SMART.TAPOPLUG'}},
                          {'error_code': 0,
                           'method': 'get_connect_cloud_state',
                           'result': {'status': 0}}]}}
Device 192.168.100.112, found required cloud_connect, adding Cloud to modules.
Device 192.168.100.112, found required device, adding DeviceModule to modules.
Device 192.168.100.112, found required firmware, adding Firmware to modules.
Device 192.168.100.112, found required led, adding Led to modules.
Device 192.168.100.112, found required None, adding OverheatProtection to modules.
Device 192.168.100.112, found required time, adding Time to modules.
Querying 192.168.100.112 for modules: Time, Led
192.168.100.112 multi-request-batch-1-of-1 >> '{"method":"multipleRequest","request_time_milis":1743694664055,"terminal_uuid":"Bn3gYJaTOdRBh/HIzf+uDA==","params":{"requests":[{"method":"get_device_time"},{"method":"get_led_info"}]}}'
Device 192.168.100.112 waiting 0.25 seconds to send request
Posting to http://192.168.100.112/app?token=ED3F0F3A206AD9684648B249F5598759
192.168.100.112 multi-request-batch-1-of-1 << {'error_code': 0,
 'result': {'responses': [{'error_code': 0,
                           'method': 'get_device_time',
                           'result': {'region': 'Europe/Rome',
                                      'time_diff': 60,
                                      'timestamp': 1743694659}},
                          {'error_code': 0,
                           'method': 'get_led_info',
                           'result': {'led_rule': 'always',
                                      'led_status': False,
                                      'night_mode': {'end_time': 0,
                                                     'night_mode_type': 'unknown',
                                                     'start_time': 0,
                                                     'sunrise_offset': 0,
                                                     'sunset_offset': 0}}}]}}
Update completed 192.168.100.112: ['component_nego', 'get_device_info', 'get_connect_cloud_state', 'get_device_time', 'get_led_info']
Switching status
Using proactor: IocpProactor
[DISCOVERY] 192.168.100.112 >> {'system': {'get_sysinfo': {}}}
Waiting a total of 5 seconds for responses...
Using SmartDevice for SMART.TAPOPLUG
Finding protocol for 192.168.100.112
Finding protocol for DeviceFamily.SmartTapoPlug
Finding transport for SMART.AES
Created AES transport for 192.168.100.112
[DISCOVERY] 192.168.100.112 << {'error_code': 0,
 'result': {'device_id': 'REDACTED_c913ec3cd97a6bec2fbb1ee',
            'device_model': 'P100',
            'device_type': 'SMART.TAPOPLUG',
            'factory_default': False,
            'ip': '192.168.100.112',
            'is_support_iot_cloud': True,
            'mac': '74-DA-88-00-00-00',
            'mgt_encrypt_schm': {'encrypt_type': 'AES',
                                 'http_port': 80,
                                 'is_support_https': False,
                                 'lv': 2},
            'owner': 'REDACTED_19347acd812465188388075'}}
Initializing 192.168.100.112 of type <class 'kasa.smart.smartdevice.SmartDevice'>
192.168.100.112 >> '{"method":"set_device_info","request_time_milis":1743694667487,"terminal_uuid":"E3FQs1jJxh9q9L+X3KaKCQ==","params":{"device_on":true}}'
Will perform handshaking...
Posting to http://192.168.100.112/app
Generating keypair
Handshake request: {'method': 'handshake', 'params': {'key': '-----BEGIN PUBLIC KEY-----\nMIGfMA0GCSqGSIb3DQEBAQUAA4GNADCBiQKBgQC/o7Oa+IoUc3i5CDcmCzZGiS7D5plGc9Sqe1pjo9YVEL3akFCcgirJG8NbVtBHM6GcuHezWXpbYCeUIkntvsPYQzDeSAWQCrdicrNIZ1Y1m+qRsPbJJzQ17/kh0knazu9tRMEK5rjCa2m1G7E3GBKTP/Pao524Zx/GlTBDE8r5AQIDAQAB\n-----END PUBLIC KEY-----\n'}}
Device responded with: {'error_code': 0, 'result': {'key': 't803e6mKUgAj7HZevMskj3sbJW4e+LyKeGWjaxXtZ3ZfgNi3mIk+w+s95g6SswgYKuSzeLcHCu/G1Zj79iFYOLemXxLNp+B/Zfd6I+a1I0KLpW+IeciSJXzjwvYFhZguOvGEWYf8FZaFWbj5pfhiq2JslWxZ9iIbAmTJYbmCVm0='}}
Handshake with 192.168.100.112 complete
Posting to http://192.168.100.112/app
192.168.100.112: logged in with provided credentials
Posting to http://192.168.100.112/app?token=4CFF92F274221B24E844D74726773976
Device 192.168.100.112 received an os error, enabling sequential request delay: Server disconnected
Device 192.168.100.112 got a connection error, will retry 3 times: ('Device connection error: 192.168.100.112: Server disconnected', ServerDisconnectedError('Server disconnected'))
192.168.100.112 >> '{"method":"set_device_info","request_time_milis":1743694667594,"terminal_uuid":"E3FQs1jJxh9q9L+X3KaKCQ==","params":{"device_on":true}}'
Device 192.168.100.112 waiting 0.2339999999385327 seconds to send request
Posting to http://192.168.100.112/app?token=4CFF92F274221B24E844D74726773976
192.168.100.112 << {'error_code': 0}
192.168.100.112 multi-request-batch-1-of-1 >> '{"method":"multipleRequest","request_time_milis":1743694667947,"terminal_uuid":"E3FQs1jJxh9q9L+X3KaKCQ==","params":{"requests":[{"method":"component_nego"},{"method":"get_device_info"},{"method":"get_connect_cloud_state"}]}}'
Device 192.168.100.112 waiting 0.25 seconds to send request
Posting to http://192.168.100.112/app?token=4CFF92F274221B24E844D74726773976
192.168.100.112 multi-request-batch-1-of-1 << {'error_code': 0,
 'result': {'responses': [{'error_code': 0,
                           'method': 'component_nego',
                           'result': {'component_list': [{'id': 'device',
                                                          'ver_code': 2},
                                                         {'id': 'firmware',
                                                          'ver_code': 1},
                                                         {'id': 'quick_setup',
                                                          'ver_code': 3},
                                                         {'id': 'time',
                                                          'ver_code': 1},
                                                         {'id': 'wireless',
                                                          'ver_code': 1},
                                                         {'id': 'schedule',
                                                          'ver_code': 2},
                                                         {'id': 'countdown',
                                                          'ver_code': 2},
                                                         {'id': 'antitheft',
                                                          'ver_code': 1},
                                                         {'id': 'account',
                                                          'ver_code': 1},
                                                         {'id': 'synchronize',
                                                          'ver_code': 1},
                                                         {'id': 'sunrise_sunset',
                                                          'ver_code': 1},
                                                         {'id': 'led',
                                                          'ver_code': 1},
                                                         {'id': 'cloud_connect',
                                                          'ver_code': 1},
                                                         {'id': 'iot_cloud',
                                                          'ver_code': 1},
                                                         {'id': 'default_states',
                                                          'ver_code': 1}]}},
                          {'error_code': 0,
                           'method': 'get_device_info',
                           'result': {'avatar': 'plug',
                                      'default_states': {'state': {},
                                                         'type': 'last_states'},
                                      'device_id': 'REDACTED_DB80F24B353338FA05BB18C1C486215',
                                      'device_on': True,
                                      'fw_id': 'REDACTED_A25ABDE41405B20C6F98816',
                                      'fw_ver': '1.3.7 Build 20230711 Rel. '
                                                '61904',
                                      'has_set_location_info': True,
                                      'hw_id': 'REDACTED_5B29645B8150C392284029D',
                                      'hw_ver': '1.0.0',
                                      'ip': '192.168.100.112',
                                      'lang': 'it_IT',
                                      'latitude': 0,
                                      'location': '',
                                      'longitude': 0,
                                      'mac': '74-DA-88-00-00-00',
                                      'model': 'P100',
                                      'nickname': 'I01BU0tFRF9OQU1FIw==',
                                      'oem_id': 'REDACTED_06C60A9AEEA36A3347B6EBC',
                                      'on_time': 1,
                                      'overheated': False,
                                      'region': 'Europe/Rome',
                                      'rssi': -41,
                                      'signal_level': 3,
                                      'specs': 'EU',
                                      'ssid': 'I01BU0tFRF9TU0lEIw==',
                                      'time_diff': 60,
                                      'type': 'SMART.TAPOPLUG'}},
                          {'error_code': 0,
                           'method': 'get_connect_cloud_state',
                           'result': {'status': 0}}]}}
Device 192.168.100.112, found required cloud_connect, adding Cloud to modules.
Device 192.168.100.112, found required device, adding DeviceModule to modules.
Device 192.168.100.112, found required firmware, adding Firmware to modules.
Device 192.168.100.112, found required led, adding Led to modules.
Device 192.168.100.112, found required None, adding OverheatProtection to modules.
Device 192.168.100.112, found required time, adding Time to modules.
Querying 192.168.100.112 for modules: Time, Led
192.168.100.112 multi-request-batch-1-of-1 >> '{"method":"multipleRequest","request_time_milis":1743694668328,"terminal_uuid":"E3FQs1jJxh9q9L+X3KaKCQ==","params":{"requests":[{"method":"get_device_time"},{"method":"get_led_info"}]}}'
Device 192.168.100.112 waiting 0.23499999998603016 seconds to send request
Posting to http://192.168.100.112/app?token=4CFF92F274221B24E844D74726773976
192.168.100.112 multi-request-batch-1-of-1 << {'error_code': 0,
 'result': {'responses': [{'error_code': 0,
                           'method': 'get_device_time',
                           'result': {'region': 'Europe/Rome',
                                      'time_diff': 60,
                                      'timestamp': 1743694663}},
                          {'error_code': 0,
                           'method': 'get_led_info',
                           'result': {'led_rule': 'always',
                                      'led_status': True,
                                      'night_mode': {'end_time': 0,
                                                     'night_mode_type': 'unknown',
                                                     'start_time': 0,
                                                     'sunrise_offset': 0,
                                                     'sunset_offset': 0}}}]}}
Update completed 192.168.100.112: ['component_nego', 'get_device_info', 'get_connect_cloud_state', 'get_device_time', 'get_led_info']
Unclosed client session
client_session: <aiohttp.client.ClientSession object at 0x00000276C94F6E10>
Exception in default exception handler
Traceback (most recent call last):
  File "C:\Users\Davide\AppData\Local\Programs\Python\Python312\Lib\asyncio\base_events.py", line 1847, in call_exception_handler
    self.default_exception_handler(context)
  File "C:\Users\Davide\AppData\Local\Programs\Python\Python312\Lib\asyncio\base_events.py", line 1821, in default_exception_handler
    logger.error('\n'.join(log_lines), exc_info=exc_info)
  File "C:\Users\Davide\AppData\Local\Programs\Python\Python312\Lib\logging\__init__.py", line 1568, in error
    self._log(ERROR, msg, args, **kwargs)
  File "C:\Users\Davide\AppData\Local\Programs\Python\Python312\Lib\logging\__init__.py", line 1684, in _log
    self.handle(record)
  File "C:\Users\Davide\AppData\Local\Programs\Python\Python312\Lib\logging\__init__.py", line 1700, in handle
    self.callHandlers(record)
  File "C:\Users\Davide\AppData\Local\Programs\Python\Python312\Lib\logging\__init__.py", line 1762, in callHandlers
    hdlr.handle(record)
  File "C:\Users\Davide\Desktop\ServerSmartPlug\log_manager.py", line 16, in handle
    listener(record)
  File "C:\Users\Davide\Desktop\ServerSmartPlug\gui\windows.py", line 24, in _add_console_line
    self.console_text.configure(state='normal')
  File "C:\Users\Davide\AppData\Local\Programs\Python\Python312\Lib\tkinter\__init__.py", line 1722, in configure
    return self._configure('configure', cnf, kw)
           ^^^^^^^^^^^^^^^^^^^^^^^^^^^^^^^^^^^^^
  File "C:\Users\Davide\AppData\Local\Programs\Python\Python312\Lib\tkinter\__init__.py", line 1712, in _configure
    self.tk.call(_flatten((self._w, cmd)) + self._options(cnf))
_tkinter.TclError: invalid command name ".!frame4.!frame.!text"
Unclosed connector
connections: ['deque([(<aiohttp.client_proto.ResponseHandler object at 0x00000276CA86BB30>, 868220.078)])']
connector: <aiohttp.connector.TCPConnector object at 0x00000276CA7DF560>
Exception in default exception handler
Traceback (most recent call last):
  File "C:\Users\Davide\AppData\Local\Programs\Python\Python312\Lib\asyncio\base_events.py", line 1847, in call_exception_handler
    self.default_exception_handler(context)
  File "C:\Users\Davide\AppData\Local\Programs\Python\Python312\Lib\asyncio\base_events.py", line 1821, in default_exception_handler
    logger.error('\n'.join(log_lines), exc_info=exc_info)
  File "C:\Users\Davide\AppData\Local\Programs\Python\Python312\Lib\logging\__init__.py", line 1568, in error
    self._log(ERROR, msg, args, **kwargs)
  File "C:\Users\Davide\AppData\Local\Programs\Python\Python312\Lib\logging\__init__.py", line 1684, in _log
    self.handle(record)
  File "C:\Users\Davide\AppData\Local\Programs\Python\Python312\Lib\logging\__init__.py", line 1700, in handle
    self.callHandlers(record)
  File "C:\Users\Davide\AppData\Local\Programs\Python\Python312\Lib\logging\__init__.py", line 1762, in callHandlers
    hdlr.handle(record)
  File "C:\Users\Davide\Desktop\ServerSmartPlug\log_manager.py", line 16, in handle
    listener(record)
  File "C:\Users\Davide\Desktop\ServerSmartPlug\gui\windows.py", line 24, in _add_console_line
    self.console_text.configure(state='normal')
  File "C:\Users\Davide\AppData\Local\Programs\Python\Python312\Lib\tkinter\__init__.py", line 1722, in configure
    return self._configure('configure', cnf, kw)
           ^^^^^^^^^^^^^^^^^^^^^^^^^^^^^^^^^^^^^
  File "C:\Users\Davide\AppData\Local\Programs\Python\Python312\Lib\tkinter\__init__.py", line 1712, in _configure
    self.tk.call(_flatten((self._w, cmd)) + self._options(cnf))
_tkinter.TclError: invalid command name ".!frame4.!frame.!text"
Unclosed client session
client_session: <aiohttp.client.ClientSession object at 0x00000276CA8AE000>
Exception in default exception handler
Traceback (most recent call last):
  File "C:\Users\Davide\AppData\Local\Programs\Python\Python312\Lib\asyncio\base_events.py", line 1847, in call_exception_handler
    self.default_exception_handler(context)
  File "C:\Users\Davide\AppData\Local\Programs\Python\Python312\Lib\asyncio\base_events.py", line 1821, in default_exception_handler
    logger.error('\n'.join(log_lines), exc_info=exc_info)
  File "C:\Users\Davide\AppData\Local\Programs\Python\Python312\Lib\logging\__init__.py", line 1568, in error
    self._log(ERROR, msg, args, **kwargs)
  File "C:\Users\Davide\AppData\Local\Programs\Python\Python312\Lib\logging\__init__.py", line 1684, in _log
    self.handle(record)
  File "C:\Users\Davide\AppData\Local\Programs\Python\Python312\Lib\logging\__init__.py", line 1700, in handle
    self.callHandlers(record)
  File "C:\Users\Davide\AppData\Local\Programs\Python\Python312\Lib\logging\__init__.py", line 1762, in callHandlers
    hdlr.handle(record)
  File "C:\Users\Davide\Desktop\ServerSmartPlug\log_manager.py", line 16, in handle
    listener(record)
  File "C:\Users\Davide\Desktop\ServerSmartPlug\gui\windows.py", line 24, in _add_console_line
    self.console_text.configure(state='normal')
  File "C:\Users\Davide\AppData\Local\Programs\Python\Python312\Lib\tkinter\__init__.py", line 1722, in configure
    return self._configure('configure', cnf, kw)
           ^^^^^^^^^^^^^^^^^^^^^^^^^^^^^^^^^^^^^
  File "C:\Users\Davide\AppData\Local\Programs\Python\Python312\Lib\tkinter\__init__.py", line 1712, in _configure
    self.tk.call(_flatten((self._w, cmd)) + self._options(cnf))
_tkinter.TclError: invalid command name ".!frame4.!frame.!text"
Unclosed connector
connections: ['deque([(<aiohttp.client_proto.ResponseHandler object at 0x00000276CAA500B0>, 868224.359)])']
connector: <aiohttp.connector.TCPConnector object at 0x00000276CA8ACAA0>
Exception in default exception handler
Traceback (most recent call last):
  File "C:\Users\Davide\AppData\Local\Programs\Python\Python312\Lib\asyncio\base_events.py", line 1847, in call_exception_handler
    self.default_exception_handler(context)
  File "C:\Users\Davide\AppData\Local\Programs\Python\Python312\Lib\asyncio\base_events.py", line 1821, in default_exception_handler
    logger.error('\n'.join(log_lines), exc_info=exc_info)
  File "C:\Users\Davide\AppData\Local\Programs\Python\Python312\Lib\logging\__init__.py", line 1568, in error
    self._log(ERROR, msg, args, **kwargs)
  File "C:\Users\Davide\AppData\Local\Programs\Python\Python312\Lib\logging\__init__.py", line 1684, in _log
    self.handle(record)
  File "C:\Users\Davide\AppData\Local\Programs\Python\Python312\Lib\logging\__init__.py", line 1700, in handle
    self.callHandlers(record)
  File "C:\Users\Davide\AppData\Local\Programs\Python\Python312\Lib\logging\__init__.py", line 1762, in callHandlers
    hdlr.handle(record)
  File "C:\Users\Davide\Desktop\ServerSmartPlug\log_manager.py", line 16, in handle
    listener(record)
  File "C:\Users\Davide\Desktop\ServerSmartPlug\gui\windows.py", line 24, in _add_console_line
    self.console_text.configure(state='normal')
  File "C:\Users\Davide\AppData\Local\Programs\Python\Python312\Lib\tkinter\__init__.py", line 1722, in configure
    return self._configure('configure', cnf, kw)
           ^^^^^^^^^^^^^^^^^^^^^^^^^^^^^^^^^^^^^
  File "C:\Users\Davide\AppData\Local\Programs\Python\Python312\Lib\tkinter\__init__.py", line 1712, in _configure
    self.tk.call(_flatten((self._w, cmd)) + self._options(cnf))
_tkinter.TclError: invalid command name ".!frame4.!frame.!text"
C:\Users\Davide\AppData\Local\I3Lab - Politecnico di Milano\Server SmartPlug\options.json
Discovery started...
Using proactor: IocpProactor
Listening on 127.0.0.1:8080
[DISCOVERY] 255.255.255.255 >> {'system': {'get_sysinfo': {}}}
Waiting 5 seconds for responses...
Using proactor: IocpProactor
Discovery finished! Found: 0 device(s)
Discovered 0 devices
No device(s) found!
C:\Users\Davide\AppData\Local\I3Lab - Politecnico di Milano\Server SmartPlug\options.json
Discovery started...
Using proactor: IocpProactor
Listening on 127.0.0.1:8080
[DISCOVERY] 255.255.255.255 >> {'system': {'get_sysinfo': {}}}
Waiting 5 seconds for responses...
Using proactor: IocpProactor
Using SmartDevice for SMART.TAPOPLUG
Finding protocol for 192.168.100.112
Finding protocol for DeviceFamily.SmartTapoPlug
Finding transport for SMART.AES
Created AES transport for 192.168.100.112
[DISCOVERY] 192.168.100.112 << {'error_code': 0,
 'result': {'device_id': 'REDACTED_c913ec3cd97a6bec2fbb1ee',
            'device_model': 'P100',
            'device_type': 'SMART.TAPOPLUG',
            'factory_default': False,
            'ip': '192.168.100.112',
            'is_support_iot_cloud': True,
            'mac': '74-DA-88-00-00-00',
            'mgt_encrypt_schm': {'encrypt_type': 'AES',
                                 'http_port': 80,
                                 'is_support_https': False,
                                 'lv': 2},
            'owner': 'REDACTED_19347acd812465188388075'}}
Initializing 192.168.100.112 of type <class 'kasa.smart.smartdevice.SmartDevice'>
Discovery finished! Found: 1 device(s)
Discovered 1 devices
Using proactor: IocpProactor
[DISCOVERY] 192.168.100.112 >> {'system': {'get_sysinfo': {}}}
Waiting a total of 5 seconds for responses...
Using SmartDevice for SMART.TAPOPLUG
Finding protocol for 192.168.100.112
Finding protocol for DeviceFamily.SmartTapoPlug
Finding transport for SMART.AES
Created AES transport for 192.168.100.112
[DISCOVERY] 192.168.100.112 << {'error_code': 0,
 'result': {'device_id': 'REDACTED_c913ec3cd97a6bec2fbb1ee',
            'device_model': 'P100',
            'device_type': 'SMART.TAPOPLUG',
            'factory_default': False,
            'ip': '192.168.100.112',
            'is_support_iot_cloud': True,
            'mac': '74-DA-88-00-00-00',
            'mgt_encrypt_schm': {'encrypt_type': 'AES',
                                 'http_port': 80,
                                 'is_support_https': False,
                                 'lv': 2},
            'owner': 'REDACTED_19347acd812465188388075'}}
Initializing 192.168.100.112 of type <class 'kasa.smart.smartdevice.SmartDevice'>
192.168.100.112 multi-request-batch-1-of-1 >> '{"method":"multipleRequest","request_time_milis":1744028000952,"terminal_uuid":"WLme8Vc14IIJnwfjRsa+9w==","params":{"requests":[{"method":"component_nego"},{"method":"get_device_info"},{"method":"get_connect_cloud_state"}]}}'
Will perform handshaking...
Posting to http://192.168.100.112/app
Generating keypair
Handshake request: {'method': 'handshake', 'params': {'key': '-----BEGIN PUBLIC KEY-----\nMIGfMA0GCSqGSIb3DQEBAQUAA4GNADCBiQKBgQCsHhzSy+LfF7y0JWj5Kmj0l4+PzfO4WtXyGzggs0NKNXvyIgq5t60QdxWdcFF4ZQSHFYFAPyaW4Ckl8vFO87OSzobuzwbeRDjQtODsfmtkWP2hVwIFO9MR3Ypj727EGSkq83yp3bVM5xr9y81i56BgrcIZ0OY42BN4jQqSun4DLQIDAQAB\n-----END PUBLIC KEY-----\n'}}
Device responded with: {'error_code': 0, 'result': {'key': 'QTvZN4Rn0nhHsurJzfqIlYBkeBsO9g88N317+ITl4ux4bFHaevcJc7D+yGrhJvnr/urYgHRUGAiFW53P+YQiRKgvbl8ACAe/dOAdd/P99krjog+FcxJ3eN649vB41vNJdeRIdwjflXisX3qZD3mVKdoCkHUUp7ZklaW7bKGqZpY='}}
Handshake with 192.168.100.112 complete
Posting to http://192.168.100.112/app
192.168.100.112: logged in with provided credentials
Posting to http://192.168.100.112/app?token=AFBA65B7CB672E6179010302A8321D33
Device 192.168.100.112 received an os error, enabling sequential request delay: Server disconnected
Device 192.168.100.112 got a connection error, will retry 3 times: ('Device connection error: 192.168.100.112: Server disconnected', ServerDisconnectedError('Server disconnected'))
192.168.100.112 multi-request-batch-1-of-1 >> '{"method":"multipleRequest","request_time_milis":1744028001056,"terminal_uuid":"WLme8Vc14IIJnwfjRsa+9w==","params":{"requests":[{"method":"component_nego"},{"method":"get_device_info"},{"method":"get_connect_cloud_state"}]}}'
Device 192.168.100.112 waiting 0.25 seconds to send request
Posting to http://192.168.100.112/app?token=AFBA65B7CB672E6179010302A8321D33
192.168.100.112 multi-request-batch-1-of-1 << {'error_code': 0,
 'result': {'responses': [{'error_code': 0,
                           'method': 'component_nego',
                           'result': {'component_list': [{'id': 'device',
                                                          'ver_code': 2},
                                                         {'id': 'firmware',
                                                          'ver_code': 1},
                                                         {'id': 'quick_setup',
                                                          'ver_code': 3},
                                                         {'id': 'time',
                                                          'ver_code': 1},
                                                         {'id': 'wireless',
                                                          'ver_code': 1},
                                                         {'id': 'schedule',
                                                          'ver_code': 2},
                                                         {'id': 'countdown',
                                                          'ver_code': 2},
                                                         {'id': 'antitheft',
                                                          'ver_code': 1},
                                                         {'id': 'account',
                                                          'ver_code': 1},
                                                         {'id': 'synchronize',
                                                          'ver_code': 1},
                                                         {'id': 'sunrise_sunset',
                                                          'ver_code': 1},
                                                         {'id': 'led',
                                                          'ver_code': 1},
                                                         {'id': 'cloud_connect',
                                                          'ver_code': 1},
                                                         {'id': 'iot_cloud',
                                                          'ver_code': 1},
                                                         {'id': 'default_states',
                                                          'ver_code': 1}]}},
                          {'error_code': 0,
                           'method': 'get_device_info',
                           'result': {'avatar': 'plug',
                                      'default_states': {'state': {},
                                                         'type': 'last_states'},
                                      'device_id': 'REDACTED_DB80F24B353338FA05BB18C1C486215',
                                      'device_on': False,
                                      'fw_id': 'REDACTED_A25ABDE41405B20C6F98816',
                                      'fw_ver': '1.3.7 Build 20230711 Rel. '
                                                '61904',
                                      'has_set_location_info': True,
                                      'hw_id': 'REDACTED_5B29645B8150C392284029D',
                                      'hw_ver': '1.0.0',
                                      'ip': '192.168.100.112',
                                      'lang': 'it_IT',
                                      'latitude': 0,
                                      'location': '',
                                      'longitude': 0,
                                      'mac': '74-DA-88-00-00-00',
                                      'model': 'P100',
                                      'nickname': 'I01BU0tFRF9OQU1FIw==',
                                      'oem_id': 'REDACTED_06C60A9AEEA36A3347B6EBC',
                                      'on_time': 0,
                                      'overheated': False,
                                      'region': 'Europe/Rome',
                                      'rssi': -56,
                                      'signal_level': 2,
                                      'specs': 'EU',
                                      'ssid': 'I01BU0tFRF9TU0lEIw==',
                                      'time_diff': 60,
                                      'type': 'SMART.TAPOPLUG'}},
                          {'error_code': 0,
                           'method': 'get_connect_cloud_state',
                           'result': {'status': 0}}]}}
Device 192.168.100.112, found required cloud_connect, adding Cloud to modules.
Device 192.168.100.112, found required device, adding DeviceModule to modules.
Device 192.168.100.112, found required firmware, adding Firmware to modules.
Device 192.168.100.112, found required led, adding Led to modules.
Device 192.168.100.112, found required None, adding OverheatProtection to modules.
Device 192.168.100.112, found required time, adding Time to modules.
Querying 192.168.100.112 for modules: Time, Led
192.168.100.112 multi-request-batch-1-of-1 >> '{"method":"multipleRequest","request_time_milis":1744028001391,"terminal_uuid":"WLme8Vc14IIJnwfjRsa+9w==","params":{"requests":[{"method":"get_device_time"},{"method":"get_led_info"}]}}'
Device 192.168.100.112 waiting 0.25 seconds to send request
Posting to http://192.168.100.112/app?token=AFBA65B7CB672E6179010302A8321D33
192.168.100.112 multi-request-batch-1-of-1 << {'error_code': 0,
 'result': {'responses': [{'error_code': 0,
                           'method': 'get_device_time',
                           'result': {'region': 'Europe/Rome',
                                      'time_diff': 60,
                                      'timestamp': 1744028001}},
                          {'error_code': 0,
                           'method': 'get_led_info',
                           'result': {'led_rule': 'always',
                                      'led_status': False,
                                      'night_mode': {'end_time': 0,
                                                     'night_mode_type': 'unknown',
                                                     'start_time': 0,
                                                     'sunrise_offset': 0,
                                                     'sunset_offset': 0}}}]}}
Update completed 192.168.100.112: ['component_nego', 'get_device_info', 'get_connect_cloud_state', 'get_device_time', 'get_led_info']
Switching status
Using proactor: IocpProactor
[DISCOVERY] 192.168.100.112 >> {'system': {'get_sysinfo': {}}}
Waiting a total of 5 seconds for responses...
Using SmartDevice for SMART.TAPOPLUG
Finding protocol for 192.168.100.112
Finding protocol for DeviceFamily.SmartTapoPlug
Finding transport for SMART.AES
Created AES transport for 192.168.100.112
[DISCOVERY] 192.168.100.112 << {'error_code': 0,
 'result': {'device_id': 'REDACTED_c913ec3cd97a6bec2fbb1ee',
            'device_model': 'P100',
            'device_type': 'SMART.TAPOPLUG',
            'factory_default': False,
            'ip': '192.168.100.112',
            'is_support_iot_cloud': True,
            'mac': '74-DA-88-00-00-00',
            'mgt_encrypt_schm': {'encrypt_type': 'AES',
                                 'http_port': 80,
                                 'is_support_https': False,
                                 'lv': 2},
            'owner': 'REDACTED_19347acd812465188388075'}}
Initializing 192.168.100.112 of type <class 'kasa.smart.smartdevice.SmartDevice'>
192.168.100.112 >> '{"method":"set_device_info","request_time_milis":1744028005684,"terminal_uuid":"+M4S4xgJkCohS/uk2F8WsA==","params":{"device_on":true}}'
Will perform handshaking...
Posting to http://192.168.100.112/app
Generating keypair
Handshake request: {'method': 'handshake', 'params': {'key': '-----BEGIN PUBLIC KEY-----\nMIGfMA0GCSqGSIb3DQEBAQUAA4GNADCBiQKBgQDCIoIo807S1pD4RhuoIGu5cXQEA7+K/HZzTxzNxsIjnrzT4Dq4iIvL3CqqqARVQAXmevt1qlY2WIYRe8rjAp09LE0uABY/4BS93D07m4/XqoxLqEBhqZLIdbYcldsmV7in9i+uax8uqixdzaKrBRXiNgAO04MxaA2AJ23xx3dSfQIDAQAB\n-----END PUBLIC KEY-----\n'}}
Device responded with: {'error_code': 0, 'result': {'key': 'KlbdNfEqh0FGn2hAU5J9AeuoEkXG7nbwfC97Sg/IS/ogCR6mo+ruj8nYXo4Dfd7FrIVkX06X0su6NDkzKhmEB5HJD2DzD6rtPFUKGbg1YmQQi9NHgKrMxX8gH7t7MABMRPZEtBfaTCokJat/wnSV803XxaLtauFBSMHwSD6SrlA='}}
Handshake with 192.168.100.112 complete
Posting to http://192.168.100.112/app
192.168.100.112: logged in with provided credentials
Posting to http://192.168.100.112/app?token=5A31923D14FD78FBB39B059860A833A9
Device 192.168.100.112 received an os error, enabling sequential request delay: Server disconnected
Device 192.168.100.112 got a connection error, will retry 3 times: ('Device connection error: 192.168.100.112: Server disconnected', ServerDisconnectedError('Server disconnected'))
192.168.100.112 >> '{"method":"set_device_info","request_time_milis":1744028005798,"terminal_uuid":"+M4S4xgJkCohS/uk2F8WsA==","params":{"device_on":true}}'
Device 192.168.100.112 waiting 0.25 seconds to send request
Posting to http://192.168.100.112/app?token=5A31923D14FD78FBB39B059860A833A9
192.168.100.112 << {'error_code': 0}
192.168.100.112 multi-request-batch-1-of-1 >> '{"method":"multipleRequest","request_time_milis":1744028006161,"terminal_uuid":"+M4S4xgJkCohS/uk2F8WsA==","params":{"requests":[{"method":"component_nego"},{"method":"get_device_info"},{"method":"get_connect_cloud_state"}]}}'
Device 192.168.100.112 waiting 0.25 seconds to send request
Posting to http://192.168.100.112/app?token=5A31923D14FD78FBB39B059860A833A9
192.168.100.112 multi-request-batch-1-of-1 << {'error_code': 0,
 'result': {'responses': [{'error_code': 0,
                           'method': 'component_nego',
                           'result': {'component_list': [{'id': 'device',
                                                          'ver_code': 2},
                                                         {'id': 'firmware',
                                                          'ver_code': 1},
                                                         {'id': 'quick_setup',
                                                          'ver_code': 3},
                                                         {'id': 'time',
                                                          'ver_code': 1},
                                                         {'id': 'wireless',
                                                          'ver_code': 1},
                                                         {'id': 'schedule',
                                                          'ver_code': 2},
                                                         {'id': 'countdown',
                                                          'ver_code': 2},
                                                         {'id': 'antitheft',
                                                          'ver_code': 1},
                                                         {'id': 'account',
                                                          'ver_code': 1},
                                                         {'id': 'synchronize',
                                                          'ver_code': 1},
                                                         {'id': 'sunrise_sunset',
                                                          'ver_code': 1},
                                                         {'id': 'led',
                                                          'ver_code': 1},
                                                         {'id': 'cloud_connect',
                                                          'ver_code': 1},
                                                         {'id': 'iot_cloud',
                                                          'ver_code': 1},
                                                         {'id': 'default_states',
                                                          'ver_code': 1}]}},
                          {'error_code': 0,
                           'method': 'get_device_info',
                           'result': {'avatar': 'plug',
                                      'default_states': {'state': {},
                                                         'type': 'last_states'},
                                      'device_id': 'REDACTED_DB80F24B353338FA05BB18C1C486215',
                                      'device_on': True,
                                      'fw_id': 'REDACTED_A25ABDE41405B20C6F98816',
                                      'fw_ver': '1.3.7 Build 20230711 Rel. '
                                                '61904',
                                      'has_set_location_info': True,
                                      'hw_id': 'REDACTED_5B29645B8150C392284029D',
                                      'hw_ver': '1.0.0',
                                      'ip': '192.168.100.112',
                                      'lang': 'it_IT',
                                      'latitude': 0,
                                      'location': '',
                                      'longitude': 0,
                                      'mac': '74-DA-88-00-00-00',
                                      'model': 'P100',
                                      'nickname': 'I01BU0tFRF9OQU1FIw==',
                                      'oem_id': 'REDACTED_06C60A9AEEA36A3347B6EBC',
                                      'on_time': 0,
                                      'overheated': False,
                                      'region': 'Europe/Rome',
                                      'rssi': -54,
                                      'signal_level': 2,
                                      'specs': 'EU',
                                      'ssid': 'I01BU0tFRF9TU0lEIw==',
                                      'time_diff': 60,
                                      'type': 'SMART.TAPOPLUG'}},
                          {'error_code': 0,
                           'method': 'get_connect_cloud_state',
                           'result': {'status': 0}}]}}
Device 192.168.100.112, found required cloud_connect, adding Cloud to modules.
Device 192.168.100.112, found required device, adding DeviceModule to modules.
Device 192.168.100.112, found required firmware, adding Firmware to modules.
Device 192.168.100.112, found required led, adding Led to modules.
Device 192.168.100.112, found required None, adding OverheatProtection to modules.
Device 192.168.100.112, found required time, adding Time to modules.
Querying 192.168.100.112 for modules: Time, Led
192.168.100.112 multi-request-batch-1-of-1 >> '{"method":"multipleRequest","request_time_milis":1744028006480,"terminal_uuid":"+M4S4xgJkCohS/uk2F8WsA==","params":{"requests":[{"method":"get_device_time"},{"method":"get_led_info"}]}}'
Device 192.168.100.112 waiting 0.25 seconds to send request
Posting to http://192.168.100.112/app?token=5A31923D14FD78FBB39B059860A833A9
192.168.100.112 multi-request-batch-1-of-1 << {'error_code': 0,
 'result': {'responses': [{'error_code': 0,
                           'method': 'get_device_time',
                           'result': {'region': 'Europe/Rome',
                                      'time_diff': 60,
                                      'timestamp': 1744028006}},
                          {'error_code': 0,
                           'method': 'get_led_info',
                           'result': {'led_rule': 'always',
                                      'led_status': True,
                                      'night_mode': {'end_time': 0,
                                                     'night_mode_type': 'unknown',
                                                     'start_time': 0,
                                                     'sunrise_offset': 0,
                                                     'sunset_offset': 0}}}]}}
Update completed 192.168.100.112: ['component_nego', 'get_device_info', 'get_connect_cloud_state', 'get_device_time', 'get_led_info']
Switching status
Using proactor: IocpProactor
[DISCOVERY] 192.168.100.112 >> {'system': {'get_sysinfo': {}}}
Waiting a total of 5 seconds for responses...
Using SmartDevice for SMART.TAPOPLUG
Finding protocol for 192.168.100.112
Finding protocol for DeviceFamily.SmartTapoPlug
Finding transport for SMART.AES
Created AES transport for 192.168.100.112
[DISCOVERY] 192.168.100.112 << {'error_code': 0,
 'result': {'device_id': 'REDACTED_c913ec3cd97a6bec2fbb1ee',
            'device_model': 'P100',
            'device_type': 'SMART.TAPOPLUG',
            'factory_default': False,
            'ip': '192.168.100.112',
            'is_support_iot_cloud': True,
            'mac': '74-DA-88-00-00-00',
            'mgt_encrypt_schm': {'encrypt_type': 'AES',
                                 'http_port': 80,
                                 'is_support_https': False,
                                 'lv': 2},
            'owner': 'REDACTED_19347acd812465188388075'}}
Initializing 192.168.100.112 of type <class 'kasa.smart.smartdevice.SmartDevice'>
192.168.100.112 >> '{"method":"set_device_info","request_time_milis":1744028007906,"terminal_uuid":"OPuJiV/ZElxwDNg+WYP3/w==","params":{"device_on":false}}'
Will perform handshaking...
Posting to http://192.168.100.112/app
Unclosed client session
client_session: <aiohttp.client.ClientSession object at 0x00000258FFD9B590>
Unclosed connector
connections: ['deque([(<aiohttp.client_proto.ResponseHandler object at 0x00000258800101D0>, 1201575.562)])']
connector: <aiohttp.connector.TCPConnector object at 0x00000258FFD9B5C0>
Generating keypair
Handshake request: {'method': 'handshake', 'params': {'key': '-----BEGIN PUBLIC KEY-----\nMIGfMA0GCSqGSIb3DQEBAQUAA4GNADCBiQKBgQDlOE7yj3fKUiqQLoM1MrZhRdzrAY0ut/S5mmIlX4dQF4LTD+yp7bjH9jz1uOzwAYHX/0odv7Zg/I4tjtE//s3XJanO6ZNSXpPsrE00vsC1gUTBdZV0USVdbuOKIGvGqkoqTFThf+sQj8oVExX7iaKzkqQ7qzwDE1goJ6RvKaazbQIDAQAB\n-----END PUBLIC KEY-----\n'}}
Device responded with: {'error_code': 0, 'result': {'key': 'Pv7ubik+1JLSgoydcBytYKSQnuS6WIS7ZY/tlXrQYvLZec5HZp5q3TbIsYiJZ+tZXMo31R4+bPPP4nGaGBCFz9+ROYIR6dEDgVsl7lV+VaPpBpnRJx0neD3WduVWz5OUs/UWPDXB/XtkO7dPtbocbvBRefXMSUYSSMKC9I4/tw8='}}
Handshake with 192.168.100.112 complete
Posting to http://192.168.100.112/app
192.168.100.112: logged in with provided credentials
Posting to http://192.168.100.112/app?token=94263C24B104650523154915EA15DF15
Device 192.168.100.112 received an os error, enabling sequential request delay: Server disconnected
Device 192.168.100.112 got a connection error, will retry 3 times: ('Device connection error: 192.168.100.112: Server disconnected', ServerDisconnectedError('Server disconnected'))
192.168.100.112 >> '{"method":"set_device_info","request_time_milis":1744028007990,"terminal_uuid":"OPuJiV/ZElxwDNg+WYP3/w==","params":{"device_on":false}}'
Device 192.168.100.112 waiting 0.25 seconds to send request
Posting to http://192.168.100.112/app?token=94263C24B104650523154915EA15DF15
192.168.100.112 << {'error_code': 0}
192.168.100.112 multi-request-batch-1-of-1 >> '{"method":"multipleRequest","request_time_milis":1744028008340,"terminal_uuid":"OPuJiV/ZElxwDNg+WYP3/w==","params":{"requests":[{"method":"component_nego"},{"method":"get_device_info"},{"method":"get_connect_cloud_state"}]}}'
Device 192.168.100.112 waiting 0.25 seconds to send request
Posting to http://192.168.100.112/app?token=94263C24B104650523154915EA15DF15
192.168.100.112 multi-request-batch-1-of-1 << {'error_code': 0,
 'result': {'responses': [{'error_code': 0,
                           'method': 'component_nego',
                           'result': {'component_list': [{'id': 'device',
                                                          'ver_code': 2},
                                                         {'id': 'firmware',
                                                          'ver_code': 1},
                                                         {'id': 'quick_setup',
                                                          'ver_code': 3},
                                                         {'id': 'time',
                                                          'ver_code': 1},
                                                         {'id': 'wireless',
                                                          'ver_code': 1},
                                                         {'id': 'schedule',
                                                          'ver_code': 2},
                                                         {'id': 'countdown',
                                                          'ver_code': 2},
                                                         {'id': 'antitheft',
                                                          'ver_code': 1},
                                                         {'id': 'account',
                                                          'ver_code': 1},
                                                         {'id': 'synchronize',
                                                          'ver_code': 1},
                                                         {'id': 'sunrise_sunset',
                                                          'ver_code': 1},
                                                         {'id': 'led',
                                                          'ver_code': 1},
                                                         {'id': 'cloud_connect',
                                                          'ver_code': 1},
                                                         {'id': 'iot_cloud',
                                                          'ver_code': 1},
                                                         {'id': 'default_states',
                                                          'ver_code': 1}]}},
                          {'error_code': 0,
                           'method': 'get_device_info',
                           'result': {'avatar': 'plug',
                                      'default_states': {'state': {},
                                                         'type': 'last_states'},
                                      'device_id': 'REDACTED_DB80F24B353338FA05BB18C1C486215',
                                      'device_on': False,
                                      'fw_id': 'REDACTED_A25ABDE41405B20C6F98816',
                                      'fw_ver': '1.3.7 Build 20230711 Rel. '
                                                '61904',
                                      'has_set_location_info': True,
                                      'hw_id': 'REDACTED_5B29645B8150C392284029D',
                                      'hw_ver': '1.0.0',
                                      'ip': '192.168.100.112',
                                      'lang': 'it_IT',
                                      'latitude': 0,
                                      'location': '',
                                      'longitude': 0,
                                      'mac': '74-DA-88-00-00-00',
                                      'model': 'P100',
                                      'nickname': 'I01BU0tFRF9OQU1FIw==',
                                      'oem_id': 'REDACTED_06C60A9AEEA36A3347B6EBC',
                                      'on_time': 0,
                                      'overheated': False,
                                      'region': 'Europe/Rome',
                                      'rssi': -51,
                                      'signal_level': 2,
                                      'specs': 'EU',
                                      'ssid': 'I01BU0tFRF9TU0lEIw==',
                                      'time_diff': 60,
                                      'type': 'SMART.TAPOPLUG'}},
                          {'error_code': 0,
                           'method': 'get_connect_cloud_state',
                           'result': {'status': 0}}]}}
Device 192.168.100.112, found required cloud_connect, adding Cloud to modules.
Device 192.168.100.112, found required device, adding DeviceModule to modules.
Device 192.168.100.112, found required firmware, adding Firmware to modules.
Device 192.168.100.112, found required led, adding Led to modules.
Device 192.168.100.112, found required None, adding OverheatProtection to modules.
Device 192.168.100.112, found required time, adding Time to modules.
Querying 192.168.100.112 for modules: Time, Led
192.168.100.112 multi-request-batch-1-of-1 >> '{"method":"multipleRequest","request_time_milis":1744028008685,"terminal_uuid":"OPuJiV/ZElxwDNg+WYP3/w==","params":{"requests":[{"method":"get_device_time"},{"method":"get_led_info"}]}}'
Device 192.168.100.112 waiting 0.25 seconds to send request
Posting to http://192.168.100.112/app?token=94263C24B104650523154915EA15DF15
192.168.100.112 multi-request-batch-1-of-1 << {'error_code': 0,
 'result': {'responses': [{'error_code': 0,
                           'method': 'get_device_time',
                           'result': {'region': 'Europe/Rome',
                                      'time_diff': 60,
                                      'timestamp': 1744028008}},
                          {'error_code': 0,
                           'method': 'get_led_info',
                           'result': {'led_rule': 'always',
                                      'led_status': False,
                                      'night_mode': {'end_time': 0,
                                                     'night_mode_type': 'unknown',
                                                     'start_time': 0,
                                                     'sunrise_offset': 0,
                                                     'sunset_offset': 0}}}]}}
Update completed 192.168.100.112: ['component_nego', 'get_device_info', 'get_connect_cloud_state', 'get_device_time', 'get_led_info']
Unclosed client session
client_session: <aiohttp.client.ClientSession object at 0x00000258FFD238F0>
Unclosed connector
connections: ['deque([(<aiohttp.client_proto.ResponseHandler object at 0x00000258FFD57B30>, 1201570.453)])']
connector: <aiohttp.connector.TCPConnector object at 0x00000258FFD23EF0>
Unclosed client session
client_session: <aiohttp.client.ClientSession object at 0x0000025880014770>
Unclosed connector
connections: ['deque([(<aiohttp.client_proto.ResponseHandler object at 0x0000025880010170>, 1201577.75)])']
connector: <aiohttp.connector.TCPConnector object at 0x00000258800147A0>
C:\Users\Davide\AppData\Local\I3Lab - Politecnico di Milano\Server SmartPlug\options.json
Discovery started...
Using proactor: IocpProactor
Listening on 127.0.0.1:8080
[DISCOVERY] 255.255.255.255 >> {'system': {'get_sysinfo': {}}}
Waiting 5 seconds for responses...
Using proactor: IocpProactor
Using SmartDevice for SMART.TAPOPLUG
Finding protocol for 192.168.100.112
Finding protocol for DeviceFamily.SmartTapoPlug
Finding transport for SMART.AES
Created AES transport for 192.168.100.112
[DISCOVERY] 192.168.100.112 << {'error_code': 0,
 'result': {'device_id': 'REDACTED_c913ec3cd97a6bec2fbb1ee',
            'device_model': 'P100',
            'device_type': 'SMART.TAPOPLUG',
            'factory_default': False,
            'ip': '192.168.100.112',
            'is_support_iot_cloud': True,
            'mac': '74-DA-88-00-00-00',
            'mgt_encrypt_schm': {'encrypt_type': 'AES',
                                 'http_port': 80,
                                 'is_support_https': False,
                                 'lv': 2},
            'owner': 'REDACTED_19347acd812465188388075'}}
Initializing 192.168.100.112 of type <class 'kasa.smart.smartdevice.SmartDevice'>
Discovery finished! Found: 1 device(s)
Discovered 1 devices
Using proactor: IocpProactor
[DISCOVERY] 192.168.100.112 >> {'system': {'get_sysinfo': {}}}
Waiting a total of 5 seconds for responses...
Using SmartDevice for SMART.TAPOPLUG
Finding protocol for 192.168.100.112
Finding protocol for DeviceFamily.SmartTapoPlug
Finding transport for SMART.AES
Created AES transport for 192.168.100.112
[DISCOVERY] 192.168.100.112 << {'error_code': 0,
 'result': {'device_id': 'REDACTED_c913ec3cd97a6bec2fbb1ee',
            'device_model': 'P100',
            'device_type': 'SMART.TAPOPLUG',
            'factory_default': False,
            'ip': '192.168.100.112',
            'is_support_iot_cloud': True,
            'mac': '74-DA-88-00-00-00',
            'mgt_encrypt_schm': {'encrypt_type': 'AES',
                                 'http_port': 80,
                                 'is_support_https': False,
                                 'lv': 2},
            'owner': 'REDACTED_19347acd812465188388075'}}
Initializing 192.168.100.112 of type <class 'kasa.smart.smartdevice.SmartDevice'>
192.168.100.112 multi-request-batch-1-of-1 >> '{"method":"multipleRequest","request_time_milis":1744030451487,"terminal_uuid":"Us3aZsUbo2PCQoCrOla3Cg==","params":{"requests":[{"method":"component_nego"},{"method":"get_device_info"},{"method":"get_connect_cloud_state"}]}}'
Will perform handshaking...
Posting to http://192.168.100.112/app
Generating keypair
Handshake request: {'method': 'handshake', 'params': {'key': '-----BEGIN PUBLIC KEY-----\nMIGfMA0GCSqGSIb3DQEBAQUAA4GNADCBiQKBgQC6Xd3uJjibHlmHzLv7dWFR73O7AMbmf9UK/mabVNVMN7tgG/iomtSj7tTQJynUs7Lun+vgsX6ZpJLtVcbI26v1j7bIl/JjguQp98PO/WYE48290OoIgxdfCFHwtSegMLrFYU9XQd7gCM0bs8lfNtZ/TwyO+zRp8dKveRj5qN0x8QIDAQAB\n-----END PUBLIC KEY-----\n'}}
Device responded with: {'error_code': 0, 'result': {'key': 'slFHdUUwETmQGxDbj2Pi5nuB1qxl92Nk9Fc6wZLPJJ/4f6+7E0Nn3bvEEqBa05JvCQWHisPrz19DiybMa2WGN1ah1aoTsCQaZRs0+5f6Pxjk8w9ZYi5EMPPSyFHb+hiKSKPWsWW/rqrBr20GLVtjKIIcvbwi6Z/up59/ZNTtWvE='}}
Handshake with 192.168.100.112 complete
Posting to http://192.168.100.112/app
192.168.100.112: logged in with provided credentials
Posting to http://192.168.100.112/app?token=1A21122F9ACF16C8D2B894BBFE8B5D8A
Device 192.168.100.112 received an os error, enabling sequential request delay: Server disconnected
Device 192.168.100.112 got a connection error, will retry 3 times: ('Device connection error: 192.168.100.112: Server disconnected', ServerDisconnectedError('Server disconnected'))
192.168.100.112 multi-request-batch-1-of-1 >> '{"method":"multipleRequest","request_time_milis":1744030451590,"terminal_uuid":"Us3aZsUbo2PCQoCrOla3Cg==","params":{"requests":[{"method":"component_nego"},{"method":"get_device_info"},{"method":"get_connect_cloud_state"}]}}'
Device 192.168.100.112 waiting 0.25 seconds to send request
Posting to http://192.168.100.112/app?token=1A21122F9ACF16C8D2B894BBFE8B5D8A
192.168.100.112 multi-request-batch-1-of-1 << {'error_code': 0,
 'result': {'responses': [{'error_code': 0,
                           'method': 'component_nego',
                           'result': {'component_list': [{'id': 'device',
                                                          'ver_code': 2},
                                                         {'id': 'firmware',
                                                          'ver_code': 1},
                                                         {'id': 'quick_setup',
                                                          'ver_code': 3},
                                                         {'id': 'time',
                                                          'ver_code': 1},
                                                         {'id': 'wireless',
                                                          'ver_code': 1},
                                                         {'id': 'schedule',
                                                          'ver_code': 2},
                                                         {'id': 'countdown',
                                                          'ver_code': 2},
                                                         {'id': 'antitheft',
                                                          'ver_code': 1},
                                                         {'id': 'account',
                                                          'ver_code': 1},
                                                         {'id': 'synchronize',
                                                          'ver_code': 1},
                                                         {'id': 'sunrise_sunset',
                                                          'ver_code': 1},
                                                         {'id': 'led',
                                                          'ver_code': 1},
                                                         {'id': 'cloud_connect',
                                                          'ver_code': 1},
                                                         {'id': 'iot_cloud',
                                                          'ver_code': 1},
                                                         {'id': 'default_states',
                                                          'ver_code': 1}]}},
                          {'error_code': 0,
                           'method': 'get_device_info',
                           'result': {'avatar': 'plug',
                                      'default_states': {'state': {},
                                                         'type': 'last_states'},
                                      'device_id': 'REDACTED_DB80F24B353338FA05BB18C1C486215',
                                      'device_on': False,
                                      'fw_id': 'REDACTED_A25ABDE41405B20C6F98816',
                                      'fw_ver': '1.3.7 Build 20230711 Rel. '
                                                '61904',
                                      'has_set_location_info': True,
                                      'hw_id': 'REDACTED_5B29645B8150C392284029D',
                                      'hw_ver': '1.0.0',
                                      'ip': '192.168.100.112',
                                      'lang': 'it_IT',
                                      'latitude': 0,
                                      'location': '',
                                      'longitude': 0,
                                      'mac': '74-DA-88-00-00-00',
                                      'model': 'P100',
                                      'nickname': 'I01BU0tFRF9OQU1FIw==',
                                      'oem_id': 'REDACTED_06C60A9AEEA36A3347B6EBC',
                                      'on_time': 0,
                                      'overheated': False,
                                      'region': 'Europe/Rome',
                                      'rssi': -56,
                                      'signal_level': 2,
                                      'specs': 'EU',
                                      'ssid': 'I01BU0tFRF9TU0lEIw==',
                                      'time_diff': 60,
                                      'type': 'SMART.TAPOPLUG'}},
                          {'error_code': 0,
                           'method': 'get_connect_cloud_state',
                           'result': {'status': 0}}]}}
Device 192.168.100.112, found required cloud_connect, adding Cloud to modules.
Device 192.168.100.112, found required device, adding DeviceModule to modules.
Device 192.168.100.112, found required firmware, adding Firmware to modules.
Device 192.168.100.112, found required led, adding Led to modules.
Device 192.168.100.112, found required None, adding OverheatProtection to modules.
Device 192.168.100.112, found required time, adding Time to modules.
Querying 192.168.100.112 for modules: Time, Led
192.168.100.112 multi-request-batch-1-of-1 >> '{"method":"multipleRequest","request_time_milis":1744030451947,"terminal_uuid":"Us3aZsUbo2PCQoCrOla3Cg==","params":{"requests":[{"method":"get_device_time"},{"method":"get_led_info"}]}}'
Device 192.168.100.112 waiting 0.23400000017136335 seconds to send request
Posting to http://192.168.100.112/app?token=1A21122F9ACF16C8D2B894BBFE8B5D8A
192.168.100.112 multi-request-batch-1-of-1 << {'error_code': 0,
 'result': {'responses': [{'error_code': 0,
                           'method': 'get_device_time',
                           'result': {'region': 'Europe/Rome',
                                      'time_diff': 60,
                                      'timestamp': 1744030451}},
                          {'error_code': 0,
                           'method': 'get_led_info',
                           'result': {'led_rule': 'always',
                                      'led_status': False,
                                      'night_mode': {'end_time': 0,
                                                     'night_mode_type': 'unknown',
                                                     'start_time': 0,
                                                     'sunrise_offset': 0,
                                                     'sunset_offset': 0}}}]}}
Update completed 192.168.100.112: ['component_nego', 'get_device_info', 'get_connect_cloud_state', 'get_device_time', 'get_led_info']
C:\Users\Davide\AppData\Local\I3Lab - Politecnico di Milano\Server SmartPlug\options.json
Discovery started...
Using proactor: IocpProactor
Listening on 127.0.0.1:8080
[DISCOVERY] 255.255.255.255 >> {'system': {'get_sysinfo': {}}}
Waiting 5 seconds for responses...
Using proactor: IocpProactor
Using SmartDevice for SMART.TAPOPLUG
Finding protocol for 192.168.100.112
Finding protocol for DeviceFamily.SmartTapoPlug
Finding transport for SMART.AES
Created AES transport for 192.168.100.112
[DISCOVERY] 192.168.100.112 << {'error_code': 0,
 'result': {'device_id': 'REDACTED_c913ec3cd97a6bec2fbb1ee',
            'device_model': 'P100',
            'device_type': 'SMART.TAPOPLUG',
            'factory_default': False,
            'ip': '192.168.100.112',
            'is_support_iot_cloud': True,
            'mac': '74-DA-88-00-00-00',
            'mgt_encrypt_schm': {'encrypt_type': 'AES',
                                 'http_port': 80,
                                 'is_support_https': False,
                                 'lv': 2},
            'owner': 'REDACTED_19347acd812465188388075'}}
Initializing 192.168.100.112 of type <class 'kasa.smart.smartdevice.SmartDevice'>
Discovery finished! Found: 1 device(s)
Discovered 1 devices
Using proactor: IocpProactor
[DISCOVERY] 192.168.100.112 >> {'system': {'get_sysinfo': {}}}
Waiting a total of 5 seconds for responses...
Using SmartDevice for SMART.TAPOPLUG
Finding protocol for 192.168.100.112
Finding protocol for DeviceFamily.SmartTapoPlug
Finding transport for SMART.AES
Created AES transport for 192.168.100.112
[DISCOVERY] 192.168.100.112 << {'error_code': 0,
 'result': {'device_id': 'REDACTED_c913ec3cd97a6bec2fbb1ee',
            'device_model': 'P100',
            'device_type': 'SMART.TAPOPLUG',
            'factory_default': False,
            'ip': '192.168.100.112',
            'is_support_iot_cloud': True,
            'mac': '74-DA-88-00-00-00',
            'mgt_encrypt_schm': {'encrypt_type': 'AES',
                                 'http_port': 80,
                                 'is_support_https': False,
                                 'lv': 2},
            'owner': 'REDACTED_19347acd812465188388075'}}
Initializing 192.168.100.112 of type <class 'kasa.smart.smartdevice.SmartDevice'>
192.168.100.112 multi-request-batch-1-of-1 >> '{"method":"multipleRequest","request_time_milis":1744030618927,"terminal_uuid":"W53TGZ28FAoqHg0D18TsWQ==","params":{"requests":[{"method":"component_nego"},{"method":"get_device_info"},{"method":"get_connect_cloud_state"}]}}'
Will perform handshaking...
Posting to http://192.168.100.112/app
Generating keypair
Handshake request: {'method': 'handshake', 'params': {'key': '-----BEGIN PUBLIC KEY-----\nMIGfMA0GCSqGSIb3DQEBAQUAA4GNADCBiQKBgQCqFGbLsa7KOC92WUoPzZ7UFR5osTG+WoywgPMDv7HIjM5gmb4LjbTPziYFkwZ3OY6f1GR68vtZc0hzmyhh46NUEnByF94UWgRIdPD12xgTZqySl50NjrJjgUtmN9ElJQPQj+SV9d7WfCNDaCqVNEjYf2CGunqUIp4BtJt5WR8t8wIDAQAB\n-----END PUBLIC KEY-----\n'}}
Device responded with: {'error_code': 0, 'result': {'key': 'oTPiL09+lmPdxDe6esv4dYpH55EDquR7fYaeN6GHGEoKG0te12vCubDyPzBUBdy5xZVCTU0nrm+7DKyuxhVpgIFkwssxo4jAJ0VW2xz4uYX/pnPsLUT+OpvrRZPbPA4tXoW+6srriimrDQ4epHO7Lh+MMYIG+uNOu0r2XQdXInk='}}
Handshake with 192.168.100.112 complete
Posting to http://192.168.100.112/app
192.168.100.112: logged in with provided credentials
Posting to http://192.168.100.112/app?token=2FEADDE7FA378B319851A05221623563
Device 192.168.100.112 received an os error, enabling sequential request delay: Server disconnected
Device 192.168.100.112 got a connection error, will retry 3 times: ('Device connection error: 192.168.100.112: Server disconnected', ServerDisconnectedError('Server disconnected'))
192.168.100.112 multi-request-batch-1-of-1 >> '{"method":"multipleRequest","request_time_milis":1744030619032,"terminal_uuid":"W53TGZ28FAoqHg0D18TsWQ==","params":{"requests":[{"method":"component_nego"},{"method":"get_device_info"},{"method":"get_connect_cloud_state"}]}}'
Device 192.168.100.112 waiting 0.25 seconds to send request
Posting to http://192.168.100.112/app?token=2FEADDE7FA378B319851A05221623563
192.168.100.112 multi-request-batch-1-of-1 << {'error_code': 0,
 'result': {'responses': [{'error_code': 0,
                           'method': 'component_nego',
                           'result': {'component_list': [{'id': 'device',
                                                          'ver_code': 2},
                                                         {'id': 'firmware',
                                                          'ver_code': 1},
                                                         {'id': 'quick_setup',
                                                          'ver_code': 3},
                                                         {'id': 'time',
                                                          'ver_code': 1},
                                                         {'id': 'wireless',
                                                          'ver_code': 1},
                                                         {'id': 'schedule',
                                                          'ver_code': 2},
                                                         {'id': 'countdown',
                                                          'ver_code': 2},
                                                         {'id': 'antitheft',
                                                          'ver_code': 1},
                                                         {'id': 'account',
                                                          'ver_code': 1},
                                                         {'id': 'synchronize',
                                                          'ver_code': 1},
                                                         {'id': 'sunrise_sunset',
                                                          'ver_code': 1},
                                                         {'id': 'led',
                                                          'ver_code': 1},
                                                         {'id': 'cloud_connect',
                                                          'ver_code': 1},
                                                         {'id': 'iot_cloud',
                                                          'ver_code': 1},
                                                         {'id': 'default_states',
                                                          'ver_code': 1}]}},
                          {'error_code': 0,
                           'method': 'get_device_info',
                           'result': {'avatar': 'plug',
                                      'default_states': {'state': {},
                                                         'type': 'last_states'},
                                      'device_id': 'REDACTED_DB80F24B353338FA05BB18C1C486215',
                                      'device_on': False,
                                      'fw_id': 'REDACTED_A25ABDE41405B20C6F98816',
                                      'fw_ver': '1.3.7 Build 20230711 Rel. '
                                                '61904',
                                      'has_set_location_info': True,
                                      'hw_id': 'REDACTED_5B29645B8150C392284029D',
                                      'hw_ver': '1.0.0',
                                      'ip': '192.168.100.112',
                                      'lang': 'it_IT',
                                      'latitude': 0,
                                      'location': '',
                                      'longitude': 0,
                                      'mac': '74-DA-88-00-00-00',
                                      'model': 'P100',
                                      'nickname': 'I01BU0tFRF9OQU1FIw==',
                                      'oem_id': 'REDACTED_06C60A9AEEA36A3347B6EBC',
                                      'on_time': 0,
                                      'overheated': False,
                                      'region': 'Europe/Rome',
                                      'rssi': -54,
                                      'signal_level': 2,
                                      'specs': 'EU',
                                      'ssid': 'I01BU0tFRF9TU0lEIw==',
                                      'time_diff': 60,
                                      'type': 'SMART.TAPOPLUG'}},
                          {'error_code': 0,
                           'method': 'get_connect_cloud_state',
                           'result': {'status': 0}}]}}
Device 192.168.100.112, found required cloud_connect, adding Cloud to modules.
Device 192.168.100.112, found required device, adding DeviceModule to modules.
Device 192.168.100.112, found required firmware, adding Firmware to modules.
Device 192.168.100.112, found required led, adding Led to modules.
Device 192.168.100.112, found required None, adding OverheatProtection to modules.
Device 192.168.100.112, found required time, adding Time to modules.
Querying 192.168.100.112 for modules: Time, Led
192.168.100.112 multi-request-batch-1-of-1 >> '{"method":"multipleRequest","request_time_milis":1744030619347,"terminal_uuid":"W53TGZ28FAoqHg0D18TsWQ==","params":{"requests":[{"method":"get_device_time"},{"method":"get_led_info"}]}}'
Device 192.168.100.112 waiting 0.23499999986961484 seconds to send request
Posting to http://192.168.100.112/app?token=2FEADDE7FA378B319851A05221623563
192.168.100.112 multi-request-batch-1-of-1 << {'error_code': 0,
 'result': {'responses': [{'error_code': 0,
                           'method': 'get_device_time',
                           'result': {'region': 'Europe/Rome',
                                      'time_diff': 60,
                                      'timestamp': 1744030619}},
                          {'error_code': 0,
                           'method': 'get_led_info',
                           'result': {'led_rule': 'always',
                                      'led_status': False,
                                      'night_mode': {'end_time': 0,
                                                     'night_mode_type': 'unknown',
                                                     'start_time': 0,
                                                     'sunrise_offset': 0,
                                                     'sunset_offset': 0}}}]}}
Update completed 192.168.100.112: ['component_nego', 'get_device_info', 'get_connect_cloud_state', 'get_device_time', 'get_led_info']
C:\Users\Davide\AppData\Local\I3Lab - Politecnico di Milano\Server SmartPlug\options.json
Discovery started...
Listening on 127.0.0.1:8080
Using proactor: IocpProactor
[DISCOVERY] 255.255.255.255 >> {'system': {'get_sysinfo': {}}}
Waiting 5 seconds for responses...
Using proactor: IocpProactor
Using SmartDevice for SMART.TAPOPLUG
Finding protocol for 192.168.100.112
Finding protocol for DeviceFamily.SmartTapoPlug
Finding transport for SMART.AES
Created AES transport for 192.168.100.112
[DISCOVERY] 192.168.100.112 << {'error_code': 0,
 'result': {'device_id': 'REDACTED_c913ec3cd97a6bec2fbb1ee',
            'device_model': 'P100',
            'device_type': 'SMART.TAPOPLUG',
            'factory_default': False,
            'ip': '192.168.100.112',
            'is_support_iot_cloud': True,
            'mac': '74-DA-88-00-00-00',
            'mgt_encrypt_schm': {'encrypt_type': 'AES',
                                 'http_port': 80,
                                 'is_support_https': False,
                                 'lv': 2},
            'owner': 'REDACTED_19347acd812465188388075'}}
Initializing 192.168.100.112 of type <class 'kasa.smart.smartdevice.SmartDevice'>
Discovery finished! Found: 1 device(s)
Discovered 1 devices
[DISCOVERY] 192.168.100.112 >> {'system': {'get_sysinfo': {}}}
Waiting a total of 5 seconds for responses...
Using SmartDevice for SMART.TAPOPLUG
Finding protocol for 192.168.100.112
Finding protocol for DeviceFamily.SmartTapoPlug
Finding transport for SMART.AES
Created AES transport for 192.168.100.112
[DISCOVERY] 192.168.100.112 << {'error_code': 0,
 'result': {'device_id': 'REDACTED_c913ec3cd97a6bec2fbb1ee',
            'device_model': 'P100',
            'device_type': 'SMART.TAPOPLUG',
            'factory_default': False,
            'ip': '192.168.100.112',
            'is_support_iot_cloud': True,
            'mac': '74-DA-88-00-00-00',
            'mgt_encrypt_schm': {'encrypt_type': 'AES',
                                 'http_port': 80,
                                 'is_support_https': False,
                                 'lv': 2},
            'owner': 'REDACTED_19347acd812465188388075'}}
Initializing 192.168.100.112 of type <class 'kasa.smart.smartdevice.SmartDevice'>
192.168.100.112 multi-request-batch-1-of-1 >> '{"method":"multipleRequest","request_time_milis":1744030669927,"terminal_uuid":"Eyh2FOKNcUjFjjgAc3DM4Q==","params":{"requests":[{"method":"component_nego"},{"method":"get_device_info"},{"method":"get_connect_cloud_state"}]}}'
Will perform handshaking...
Posting to http://192.168.100.112/app
Unable to query the device: 192.168.100.112, not retrying: ("Unable to query the device: 192.168.100.112: _patch_task.<locals>.task_new_init() got an unexpected keyword argument 'eager_start'", TypeError("_patch_task.<locals>.task_new_init() got an unexpected keyword argument 'eager_start'"))
C:\Users\Davide\AppData\Local\I3Lab - Politecnico di Milano\Server SmartPlug\options.json
Discovery started...
Using proactor: IocpProactor
Listening on 127.0.0.1:8080
[DISCOVERY] 255.255.255.255 >> {'system': {'get_sysinfo': {}}}
Waiting 5 seconds for responses...
Using proactor: IocpProactor
Using SmartDevice for SMART.TAPOPLUG
Finding protocol for 192.168.100.112
Finding protocol for DeviceFamily.SmartTapoPlug
Finding transport for SMART.AES
Created AES transport for 192.168.100.112
[DISCOVERY] 192.168.100.112 << {'error_code': 0,
 'result': {'device_id': 'REDACTED_c913ec3cd97a6bec2fbb1ee',
            'device_model': 'P100',
            'device_type': 'SMART.TAPOPLUG',
            'factory_default': False,
            'ip': '192.168.100.112',
            'is_support_iot_cloud': True,
            'mac': '74-DA-88-00-00-00',
            'mgt_encrypt_schm': {'encrypt_type': 'AES',
                                 'http_port': 80,
                                 'is_support_https': False,
                                 'lv': 2},
            'owner': 'REDACTED_19347acd812465188388075'}}
Initializing 192.168.100.112 of type <class 'kasa.smart.smartdevice.SmartDevice'>
Discovery finished! Found: 1 device(s)
Discovered 1 devices
[DISCOVERY] 192.168.100.112 >> {'system': {'get_sysinfo': {}}}
Waiting a total of 5 seconds for responses...
Using SmartDevice for SMART.TAPOPLUG
Finding protocol for 192.168.100.112
Finding protocol for DeviceFamily.SmartTapoPlug
Finding transport for SMART.AES
Created AES transport for 192.168.100.112
[DISCOVERY] 192.168.100.112 << {'error_code': 0,
 'result': {'device_id': 'REDACTED_c913ec3cd97a6bec2fbb1ee',
            'device_model': 'P100',
            'device_type': 'SMART.TAPOPLUG',
            'factory_default': False,
            'ip': '192.168.100.112',
            'is_support_iot_cloud': True,
            'mac': '74-DA-88-00-00-00',
            'mgt_encrypt_schm': {'encrypt_type': 'AES',
                                 'http_port': 80,
                                 'is_support_https': False,
                                 'lv': 2},
            'owner': 'REDACTED_19347acd812465188388075'}}
Initializing 192.168.100.112 of type <class 'kasa.smart.smartdevice.SmartDevice'>
192.168.100.112 multi-request-batch-1-of-1 >> '{"method":"multipleRequest","request_time_milis":1744031031587,"terminal_uuid":"2hRhhlie0fWqFEptsV1phg==","params":{"requests":[{"method":"component_nego"},{"method":"get_device_info"},{"method":"get_connect_cloud_state"}]}}'
Will perform handshaking...
Posting to http://192.168.100.112/app
Unable to query the device: 192.168.100.112, not retrying: ("Unable to query the device: 192.168.100.112: _patch_task.<locals>.task_new_init() got an unexpected keyword argument 'eager_start'", TypeError("_patch_task.<locals>.task_new_init() got an unexpected keyword argument 'eager_start'"))
C:\Users\Davide\AppData\Local\I3Lab - Politecnico di Milano\Server SmartPlug\options.json
Discovery started...
Using proactor: IocpProactor
Listening on 127.0.0.1:8080
[DISCOVERY] 255.255.255.255 >> {'system': {'get_sysinfo': {}}}
Waiting 5 seconds for responses...
Using proactor: IocpProactor
Using SmartDevice for SMART.TAPOPLUG
Finding protocol for 192.168.100.112
Finding protocol for DeviceFamily.SmartTapoPlug
Finding transport for SMART.AES
Created AES transport for 192.168.100.112
[DISCOVERY] 192.168.100.112 << {'error_code': 0,
 'result': {'device_id': 'REDACTED_c913ec3cd97a6bec2fbb1ee',
            'device_model': 'P100',
            'device_type': 'SMART.TAPOPLUG',
            'factory_default': False,
            'ip': '192.168.100.112',
            'is_support_iot_cloud': True,
            'mac': '74-DA-88-00-00-00',
            'mgt_encrypt_schm': {'encrypt_type': 'AES',
                                 'http_port': 80,
                                 'is_support_https': False,
                                 'lv': 2},
            'owner': 'REDACTED_19347acd812465188388075'}}
Initializing 192.168.100.112 of type <class 'kasa.smart.smartdevice.SmartDevice'>
Discovery finished! Found: 1 device(s)
Discovered 1 devices
Using proactor: IocpProactor
[DISCOVERY] 192.168.100.112 >> {'system': {'get_sysinfo': {}}}
Waiting a total of 5 seconds for responses...
Using SmartDevice for SMART.TAPOPLUG
Finding protocol for 192.168.100.112
Finding protocol for DeviceFamily.SmartTapoPlug
Finding transport for SMART.AES
Created AES transport for 192.168.100.112
[DISCOVERY] 192.168.100.112 << {'error_code': 0,
 'result': {'device_id': 'REDACTED_c913ec3cd97a6bec2fbb1ee',
            'device_model': 'P100',
            'device_type': 'SMART.TAPOPLUG',
            'factory_default': False,
            'ip': '192.168.100.112',
            'is_support_iot_cloud': True,
            'mac': '74-DA-88-00-00-00',
            'mgt_encrypt_schm': {'encrypt_type': 'AES',
                                 'http_port': 80,
                                 'is_support_https': False,
                                 'lv': 2},
            'owner': 'REDACTED_19347acd812465188388075'}}
Initializing 192.168.100.112 of type <class 'kasa.smart.smartdevice.SmartDevice'>
192.168.100.112 multi-request-batch-1-of-1 >> '{"method":"multipleRequest","request_time_milis":1744031059063,"terminal_uuid":"0llVkkXXq9oKeroD1HyBQQ==","params":{"requests":[{"method":"component_nego"},{"method":"get_device_info"},{"method":"get_connect_cloud_state"}]}}'
Will perform handshaking...
Posting to http://192.168.100.112/app
Generating keypair
Handshake request: {'method': 'handshake', 'params': {'key': '-----BEGIN PUBLIC KEY-----\nMIGfMA0GCSqGSIb3DQEBAQUAA4GNADCBiQKBgQCh8irORz2PMOfk6CHFpTQopgh61IwdChAS4dGIm1d2mbNt40taMUepo6yvPowC/BSc1RTQah55S0LgPL8vdZvA4VFa7PZSHzdG+qGeVwjDQc5tWPuofStoi/ywPMqmUBcy9f4XxsaeV1Sn7jM8lAhWJTrtnMzai3ZWB5udme/4VwIDAQAB\n-----END PUBLIC KEY-----\n'}}
Device responded with: {'error_code': 0, 'result': {'key': 'NVjVZPdrlu6in4txvBAQAUKY/Ub17dHYHPgQ5cDtLm4mvI5imutfelq58ZEfok6MOWerp5CJH5HJdbGHtQeX6EK7bnz6GbbM8ICI82cMd//Gl/gMH98BAAAzuhyVvc0QSbl6+Sh5uIoiUXgnkBKeAXwVwU7WamaGKgLuZgqeaMs='}}
Handshake with 192.168.100.112 complete
Posting to http://192.168.100.112/app
192.168.100.112: logged in with provided credentials
Posting to http://192.168.100.112/app?token=EFA718A26FF21CF027D09ED10BC15FC1
Device 192.168.100.112 received an os error, enabling sequential request delay: Server disconnected
Device 192.168.100.112 got a connection error, will retry 3 times: ('Device connection error: 192.168.100.112: Server disconnected', ServerDisconnectedError('Server disconnected'))
192.168.100.112 multi-request-batch-1-of-1 >> '{"method":"multipleRequest","request_time_milis":1744031059176,"terminal_uuid":"0llVkkXXq9oKeroD1HyBQQ==","params":{"requests":[{"method":"component_nego"},{"method":"get_device_info"},{"method":"get_connect_cloud_state"}]}}'
Device 192.168.100.112 waiting 0.25 seconds to send request
Posting to http://192.168.100.112/app?token=EFA718A26FF21CF027D09ED10BC15FC1
192.168.100.112 multi-request-batch-1-of-1 << {'error_code': 0,
 'result': {'responses': [{'error_code': 0,
                           'method': 'component_nego',
                           'result': {'component_list': [{'id': 'device',
                                                          'ver_code': 2},
                                                         {'id': 'firmware',
                                                          'ver_code': 1},
                                                         {'id': 'quick_setup',
                                                          'ver_code': 3},
                                                         {'id': 'time',
                                                          'ver_code': 1},
                                                         {'id': 'wireless',
                                                          'ver_code': 1},
                                                         {'id': 'schedule',
                                                          'ver_code': 2},
                                                         {'id': 'countdown',
                                                          'ver_code': 2},
                                                         {'id': 'antitheft',
                                                          'ver_code': 1},
                                                         {'id': 'account',
                                                          'ver_code': 1},
                                                         {'id': 'synchronize',
                                                          'ver_code': 1},
                                                         {'id': 'sunrise_sunset',
                                                          'ver_code': 1},
                                                         {'id': 'led',
                                                          'ver_code': 1},
                                                         {'id': 'cloud_connect',
                                                          'ver_code': 1},
                                                         {'id': 'iot_cloud',
                                                          'ver_code': 1},
                                                         {'id': 'default_states',
                                                          'ver_code': 1}]}},
                          {'error_code': 0,
                           'method': 'get_device_info',
                           'result': {'avatar': 'plug',
                                      'default_states': {'state': {},
                                                         'type': 'last_states'},
                                      'device_id': 'REDACTED_DB80F24B353338FA05BB18C1C486215',
                                      'device_on': False,
                                      'fw_id': 'REDACTED_A25ABDE41405B20C6F98816',
                                      'fw_ver': '1.3.7 Build 20230711 Rel. '
                                                '61904',
                                      'has_set_location_info': True,
                                      'hw_id': 'REDACTED_5B29645B8150C392284029D',
                                      'hw_ver': '1.0.0',
                                      'ip': '192.168.100.112',
                                      'lang': 'it_IT',
                                      'latitude': 0,
                                      'location': '',
                                      'longitude': 0,
                                      'mac': '74-DA-88-00-00-00',
                                      'model': 'P100',
                                      'nickname': 'I01BU0tFRF9OQU1FIw==',
                                      'oem_id': 'REDACTED_06C60A9AEEA36A3347B6EBC',
                                      'on_time': 0,
                                      'overheated': False,
                                      'region': 'Europe/Rome',
                                      'rssi': -54,
                                      'signal_level': 2,
                                      'specs': 'EU',
                                      'ssid': 'I01BU0tFRF9TU0lEIw==',
                                      'time_diff': 60,
                                      'type': 'SMART.TAPOPLUG'}},
                          {'error_code': 0,
                           'method': 'get_connect_cloud_state',
                           'result': {'status': 0}}]}}
Device 192.168.100.112, found required cloud_connect, adding Cloud to modules.
Device 192.168.100.112, found required device, adding DeviceModule to modules.
Device 192.168.100.112, found required firmware, adding Firmware to modules.
Device 192.168.100.112, found required led, adding Led to modules.
Device 192.168.100.112, found required None, adding OverheatProtection to modules.
Device 192.168.100.112, found required time, adding Time to modules.
Querying 192.168.100.112 for modules: Time, Led
192.168.100.112 multi-request-batch-1-of-1 >> '{"method":"multipleRequest","request_time_milis":1744031059508,"terminal_uuid":"0llVkkXXq9oKeroD1HyBQQ==","params":{"requests":[{"method":"get_device_time"},{"method":"get_led_info"}]}}'
Device 192.168.100.112 waiting 0.2339999999385327 seconds to send request
Posting to http://192.168.100.112/app?token=EFA718A26FF21CF027D09ED10BC15FC1
192.168.100.112 multi-request-batch-1-of-1 << {'error_code': 0,
 'result': {'responses': [{'error_code': 0,
                           'method': 'get_device_time',
                           'result': {'region': 'Europe/Rome',
                                      'time_diff': 60,
                                      'timestamp': 1744031059}},
                          {'error_code': 0,
                           'method': 'get_led_info',
                           'result': {'led_rule': 'always',
                                      'led_status': False,
                                      'night_mode': {'end_time': 0,
                                                     'night_mode_type': 'unknown',
                                                     'start_time': 0,
                                                     'sunrise_offset': 0,
                                                     'sunset_offset': 0}}}]}}
Update completed 192.168.100.112: ['component_nego', 'get_device_info', 'get_connect_cloud_state', 'get_device_time', 'get_led_info']
C:\Users\Davide\AppData\Local\I3Lab - Politecnico di Milano\Server SmartPlug\options.json
Discovery started...
Using proactor: IocpProactor
Listening on 127.0.0.1:8080
[DISCOVERY] 255.255.255.255 >> {'system': {'get_sysinfo': {}}}
Waiting 5 seconds for responses...
Using proactor: IocpProactor
Using SmartDevice for SMART.TAPOPLUG
Finding protocol for 192.168.100.112
Finding protocol for DeviceFamily.SmartTapoPlug
Finding transport for SMART.AES
Created AES transport for 192.168.100.112
[DISCOVERY] 192.168.100.112 << {'error_code': 0,
 'result': {'device_id': 'REDACTED_c913ec3cd97a6bec2fbb1ee',
            'device_model': 'P100',
            'device_type': 'SMART.TAPOPLUG',
            'factory_default': False,
            'ip': '192.168.100.112',
            'is_support_iot_cloud': True,
            'mac': '74-DA-88-00-00-00',
            'mgt_encrypt_schm': {'encrypt_type': 'AES',
                                 'http_port': 80,
                                 'is_support_https': False,
                                 'lv': 2},
            'owner': 'REDACTED_19347acd812465188388075'}}
Initializing 192.168.100.112 of type <class 'kasa.smart.smartdevice.SmartDevice'>
Discovery finished! Found: 1 device(s)
Discovered 1 devices
[DISCOVERY] 192.168.100.112 >> {'system': {'get_sysinfo': {}}}
Waiting a total of 5 seconds for responses...
Using SmartDevice for SMART.TAPOPLUG
Finding protocol for 192.168.100.112
Finding protocol for DeviceFamily.SmartTapoPlug
Finding transport for SMART.AES
Created AES transport for 192.168.100.112
[DISCOVERY] 192.168.100.112 << {'error_code': 0,
 'result': {'device_id': 'REDACTED_c913ec3cd97a6bec2fbb1ee',
            'device_model': 'P100',
            'device_type': 'SMART.TAPOPLUG',
            'factory_default': False,
            'ip': '192.168.100.112',
            'is_support_iot_cloud': True,
            'mac': '74-DA-88-00-00-00',
            'mgt_encrypt_schm': {'encrypt_type': 'AES',
                                 'http_port': 80,
                                 'is_support_https': False,
                                 'lv': 2},
            'owner': 'REDACTED_19347acd812465188388075'}}
Initializing 192.168.100.112 of type <class 'kasa.smart.smartdevice.SmartDevice'>
192.168.100.112 multi-request-batch-1-of-1 >> '{"method":"multipleRequest","request_time_milis":1744031159412,"terminal_uuid":"oqN0RSWEVniDkffHf98yoQ==","params":{"requests":[{"method":"component_nego"},{"method":"get_device_info"},{"method":"get_connect_cloud_state"}]}}'
Will perform handshaking...
Posting to http://192.168.100.112/app
Unable to query the device: 192.168.100.112, not retrying: ("Unable to query the device: 192.168.100.112: _patch_task.<locals>.task_new_init() got an unexpected keyword argument 'eager_start'", TypeError("_patch_task.<locals>.task_new_init() got an unexpected keyword argument 'eager_start'"))
C:\Users\Davide\AppData\Local\I3Lab - Politecnico di Milano\Server SmartPlug\options.json
Discovery started...
Using proactor: IocpProactor
Listening on 127.0.0.1:8080
[DISCOVERY] 255.255.255.255 >> {'system': {'get_sysinfo': {}}}
Waiting 5 seconds for responses...
Using proactor: IocpProactor
Using SmartDevice for SMART.TAPOPLUG
Finding protocol for 192.168.100.112
Finding protocol for DeviceFamily.SmartTapoPlug
Finding transport for SMART.AES
Created AES transport for 192.168.100.112
[DISCOVERY] 192.168.100.112 << {'error_code': 0,
 'result': {'device_id': 'REDACTED_c913ec3cd97a6bec2fbb1ee',
            'device_model': 'P100',
            'device_type': 'SMART.TAPOPLUG',
            'factory_default': False,
            'ip': '192.168.100.112',
            'is_support_iot_cloud': True,
            'mac': '74-DA-88-00-00-00',
            'mgt_encrypt_schm': {'encrypt_type': 'AES',
                                 'http_port': 80,
                                 'is_support_https': False,
                                 'lv': 2},
            'owner': 'REDACTED_19347acd812465188388075'}}
Initializing 192.168.100.112 of type <class 'kasa.smart.smartdevice.SmartDevice'>
Discovery finished! Found: 1 device(s)
Discovered 1 devices
Using proactor: IocpProactor
[DISCOVERY] 192.168.100.112 >> {'system': {'get_sysinfo': {}}}
Waiting a total of 5 seconds for responses...
Using SmartDevice for SMART.TAPOPLUG
Finding protocol for 192.168.100.112
Finding protocol for DeviceFamily.SmartTapoPlug
Finding transport for SMART.AES
Created AES transport for 192.168.100.112
[DISCOVERY] 192.168.100.112 << {'error_code': 0,
 'result': {'device_id': 'REDACTED_c913ec3cd97a6bec2fbb1ee',
            'device_model': 'P100',
            'device_type': 'SMART.TAPOPLUG',
            'factory_default': False,
            'ip': '192.168.100.112',
            'is_support_iot_cloud': True,
            'mac': '74-DA-88-00-00-00',
            'mgt_encrypt_schm': {'encrypt_type': 'AES',
                                 'http_port': 80,
                                 'is_support_https': False,
                                 'lv': 2},
            'owner': 'REDACTED_19347acd812465188388075'}}
Initializing 192.168.100.112 of type <class 'kasa.smart.smartdevice.SmartDevice'>
192.168.100.112 multi-request-batch-1-of-1 >> '{"method":"multipleRequest","request_time_milis":1744031211748,"terminal_uuid":"afQPCnamyoxWxMuQtPSbFw==","params":{"requests":[{"method":"component_nego"},{"method":"get_device_info"},{"method":"get_connect_cloud_state"}]}}'
Will perform handshaking...
Posting to http://192.168.100.112/app
Generating keypair
Handshake request: {'method': 'handshake', 'params': {'key': '-----BEGIN PUBLIC KEY-----\nMIGfMA0GCSqGSIb3DQEBAQUAA4GNADCBiQKBgQDWCwmH+qwgPbDNNRQ9ygI67fW8pbat/6P8+KnYRawUwXoatYY6HairfffV5bnjbc+kbOj1Xd4rUl9RS6bSIwHYtM/OxiwUWacFh2z0QZOX7U9T0EZOLO2WGO9EXYDGmlP79KefxDwe2VeQcK32TczTn/lK7KzuQRRZReyZ7Pto+QIDAQAB\n-----END PUBLIC KEY-----\n'}}
Device responded with: {'error_code': 0, 'result': {'key': 'b2fDRZG4gWJty81tKmiyIVloxLICkHrqJZG4PLi0j4RQm1mFMbh6mEBH3krWxivYj7UB6K2uy7OJKuAYuVMKZu49wD2eutvtbmCJpaV4D1je0rnO3d4jELVQHby/vMh4f5qYk15rILXDeXTg3cFY/Qy09jYPI/Xdc3K+jANbhho='}}
Handshake with 192.168.100.112 complete
Posting to http://192.168.100.112/app
192.168.100.112: logged in with provided credentials
Posting to http://192.168.100.112/app?token=D24DAE486D18531AB23AA53BDD2B562B
Device 192.168.100.112 received an os error, enabling sequential request delay: Server disconnected
Device 192.168.100.112 got a connection error, will retry 3 times: ('Device connection error: 192.168.100.112: Server disconnected', ServerDisconnectedError('Server disconnected'))
192.168.100.112 multi-request-batch-1-of-1 >> '{"method":"multipleRequest","request_time_milis":1744031211859,"terminal_uuid":"afQPCnamyoxWxMuQtPSbFw==","params":{"requests":[{"method":"component_nego"},{"method":"get_device_info"},{"method":"get_connect_cloud_state"}]}}'
Device 192.168.100.112 waiting 0.25 seconds to send request
Posting to http://192.168.100.112/app?token=D24DAE486D18531AB23AA53BDD2B562B
192.168.100.112 multi-request-batch-1-of-1 << {'error_code': 0,
 'result': {'responses': [{'error_code': 0,
                           'method': 'component_nego',
                           'result': {'component_list': [{'id': 'device',
                                                          'ver_code': 2},
                                                         {'id': 'firmware',
                                                          'ver_code': 1},
                                                         {'id': 'quick_setup',
                                                          'ver_code': 3},
                                                         {'id': 'time',
                                                          'ver_code': 1},
                                                         {'id': 'wireless',
                                                          'ver_code': 1},
                                                         {'id': 'schedule',
                                                          'ver_code': 2},
                                                         {'id': 'countdown',
                                                          'ver_code': 2},
                                                         {'id': 'antitheft',
                                                          'ver_code': 1},
                                                         {'id': 'account',
                                                          'ver_code': 1},
                                                         {'id': 'synchronize',
                                                          'ver_code': 1},
                                                         {'id': 'sunrise_sunset',
                                                          'ver_code': 1},
                                                         {'id': 'led',
                                                          'ver_code': 1},
                                                         {'id': 'cloud_connect',
                                                          'ver_code': 1},
                                                         {'id': 'iot_cloud',
                                                          'ver_code': 1},
                                                         {'id': 'default_states',
                                                          'ver_code': 1}]}},
                          {'error_code': 0,
                           'method': 'get_device_info',
                           'result': {'avatar': 'plug',
                                      'default_states': {'state': {},
                                                         'type': 'last_states'},
                                      'device_id': 'REDACTED_DB80F24B353338FA05BB18C1C486215',
                                      'device_on': False,
                                      'fw_id': 'REDACTED_A25ABDE41405B20C6F98816',
                                      'fw_ver': '1.3.7 Build 20230711 Rel. '
                                                '61904',
                                      'has_set_location_info': True,
                                      'hw_id': 'REDACTED_5B29645B8150C392284029D',
                                      'hw_ver': '1.0.0',
                                      'ip': '192.168.100.112',
                                      'lang': 'it_IT',
                                      'latitude': 0,
                                      'location': '',
                                      'longitude': 0,
                                      'mac': '74-DA-88-00-00-00',
                                      'model': 'P100',
                                      'nickname': 'I01BU0tFRF9OQU1FIw==',
                                      'oem_id': 'REDACTED_06C60A9AEEA36A3347B6EBC',
                                      'on_time': 0,
                                      'overheated': False,
                                      'region': 'Europe/Rome',
                                      'rssi': -53,
                                      'signal_level': 2,
                                      'specs': 'EU',
                                      'ssid': 'I01BU0tFRF9TU0lEIw==',
                                      'time_diff': 60,
                                      'type': 'SMART.TAPOPLUG'}},
                          {'error_code': 0,
                           'method': 'get_connect_cloud_state',
                           'result': {'status': 0}}]}}
Device 192.168.100.112, found required cloud_connect, adding Cloud to modules.
Device 192.168.100.112, found required device, adding DeviceModule to modules.
Device 192.168.100.112, found required firmware, adding Firmware to modules.
Device 192.168.100.112, found required led, adding Led to modules.
Device 192.168.100.112, found required None, adding OverheatProtection to modules.
Device 192.168.100.112, found required time, adding Time to modules.
Querying 192.168.100.112 for modules: Time, Led
192.168.100.112 multi-request-batch-1-of-1 >> '{"method":"multipleRequest","request_time_milis":1744031212179,"terminal_uuid":"afQPCnamyoxWxMuQtPSbFw==","params":{"requests":[{"method":"get_device_time"},{"method":"get_led_info"}]}}'
Device 192.168.100.112 waiting 0.23499999986961484 seconds to send request
Posting to http://192.168.100.112/app?token=D24DAE486D18531AB23AA53BDD2B562B
192.168.100.112 multi-request-batch-1-of-1 << {'error_code': 0,
 'result': {'responses': [{'error_code': 0,
                           'method': 'get_device_time',
                           'result': {'region': 'Europe/Rome',
                                      'time_diff': 60,
                                      'timestamp': 1744031211}},
                          {'error_code': 0,
                           'method': 'get_led_info',
                           'result': {'led_rule': 'always',
                                      'led_status': False,
                                      'night_mode': {'end_time': 0,
                                                     'night_mode_type': 'unknown',
                                                     'start_time': 0,
                                                     'sunrise_offset': 0,
                                                     'sunset_offset': 0}}}]}}
Update completed 192.168.100.112: ['component_nego', 'get_device_info', 'get_connect_cloud_state', 'get_device_time', 'get_led_info']
Unclosed client session
client_session: <aiohttp.client.ClientSession object at 0x000002A155877FE0>
Unclosed connector
connections: ['deque([(<aiohttp.client_proto.ResponseHandler object at 0x000002A155857B90>, 1204781.265)])']
connector: <aiohttp.connector.TCPConnector object at 0x000002A15582B9B0>
C:\Users\Davide\AppData\Local\I3Lab - Politecnico di Milano\Server SmartPlug\options.json
Discovery started...
Using proactor: IocpProactor
Listening on 127.0.0.1:8080
[DISCOVERY] 255.255.255.255 >> {'system': {'get_sysinfo': {}}}
Waiting 5 seconds for responses...
Using proactor: IocpProactor
Using SmartDevice for SMART.TAPOPLUG
Finding protocol for 192.168.100.112
Finding protocol for DeviceFamily.SmartTapoPlug
Finding transport for SMART.AES
Created AES transport for 192.168.100.112
[DISCOVERY] 192.168.100.112 << {'error_code': 0,
 'result': {'device_id': 'REDACTED_c913ec3cd97a6bec2fbb1ee',
            'device_model': 'P100',
            'device_type': 'SMART.TAPOPLUG',
            'factory_default': False,
            'ip': '192.168.100.112',
            'is_support_iot_cloud': True,
            'mac': '74-DA-88-00-00-00',
            'mgt_encrypt_schm': {'encrypt_type': 'AES',
                                 'http_port': 80,
                                 'is_support_https': False,
                                 'lv': 2},
            'owner': 'REDACTED_19347acd812465188388075'}}
Initializing 192.168.100.112 of type <class 'kasa.smart.smartdevice.SmartDevice'>
Discovery finished! Found: 1 device(s)
Discovered 1 devices
Using proactor: IocpProactor
[DISCOVERY] 192.168.100.112 >> {'system': {'get_sysinfo': {}}}
Waiting a total of 5 seconds for responses...
Using SmartDevice for SMART.TAPOPLUG
Finding protocol for 192.168.100.112
Finding protocol for DeviceFamily.SmartTapoPlug
Finding transport for SMART.AES
Created AES transport for 192.168.100.112
[DISCOVERY] 192.168.100.112 << {'error_code': 0,
 'result': {'device_id': 'REDACTED_c913ec3cd97a6bec2fbb1ee',
            'device_model': 'P100',
            'device_type': 'SMART.TAPOPLUG',
            'factory_default': False,
            'ip': '192.168.100.112',
            'is_support_iot_cloud': True,
            'mac': '74-DA-88-00-00-00',
            'mgt_encrypt_schm': {'encrypt_type': 'AES',
                                 'http_port': 80,
                                 'is_support_https': False,
                                 'lv': 2},
            'owner': 'REDACTED_19347acd812465188388075'}}
Initializing 192.168.100.112 of type <class 'kasa.smart.smartdevice.SmartDevice'>
192.168.100.112 multi-request-batch-1-of-1 >> '{"method":"multipleRequest","request_time_milis":1744031254590,"terminal_uuid":"cmDzQgfvSm6JYTC2iKuQxw==","params":{"requests":[{"method":"component_nego"},{"method":"get_device_info"},{"method":"get_connect_cloud_state"}]}}'
Will perform handshaking...
Posting to http://192.168.100.112/app
Generating keypair
Handshake request: {'method': 'handshake', 'params': {'key': '-----BEGIN PUBLIC KEY-----\nMIGfMA0GCSqGSIb3DQEBAQUAA4GNADCBiQKBgQCa1g67jJIgoM+VDIrkGF2+nXoy5beeu3rrxn83rpVm3HRsPcmTD++6Y8nASQkvKpIw1jJGDxday+6S9YMvaaJ/j1vjaeIddsyT3L/Bg0gvjDeZV6gKytC0wWAD5kBlh1PqtbguXsWdlo/Ez/w8KkYc6FaWsxEp3eEGUP5cNVYDeQIDAQAB\n-----END PUBLIC KEY-----\n'}}
Device responded with: {'error_code': 0, 'result': {'key': 'Nj9XH7SBYiep+J5LQ9PSVkTQ7p6mu9nXZZjW7P3ju9zlbG4AResGQZJxT6+bw9SD+soow2hspcEQfquNKCsZiHSvC8umCDSzh/L10LuBz/46iUhls6PoljacCnjmbJjrVb9BNG7v8FDdL8jTFQc6qRtFDRN7heK11f6mxz2haQg='}}
Handshake with 192.168.100.112 complete
Posting to http://192.168.100.112/app
192.168.100.112: logged in with provided credentials
Posting to http://192.168.100.112/app?token=F4E587E0B4B085B29492849384838C83
Device 192.168.100.112 received an os error, enabling sequential request delay: Server disconnected
Device 192.168.100.112 got a connection error, will retry 3 times: ('Device connection error: 192.168.100.112: Server disconnected', ServerDisconnectedError('Server disconnected'))
192.168.100.112 multi-request-batch-1-of-1 >> '{"method":"multipleRequest","request_time_milis":1744031254751,"terminal_uuid":"cmDzQgfvSm6JYTC2iKuQxw==","params":{"requests":[{"method":"component_nego"},{"method":"get_device_info"},{"method":"get_connect_cloud_state"}]}}'
Device 192.168.100.112 waiting 0.25 seconds to send request
Posting to http://192.168.100.112/app?token=F4E587E0B4B085B29492849384838C83
192.168.100.112 multi-request-batch-1-of-1 << {'error_code': 0,
 'result': {'responses': [{'error_code': 0,
                           'method': 'component_nego',
                           'result': {'component_list': [{'id': 'device',
                                                          'ver_code': 2},
                                                         {'id': 'firmware',
                                                          'ver_code': 1},
                                                         {'id': 'quick_setup',
                                                          'ver_code': 3},
                                                         {'id': 'time',
                                                          'ver_code': 1},
                                                         {'id': 'wireless',
                                                          'ver_code': 1},
                                                         {'id': 'schedule',
                                                          'ver_code': 2},
                                                         {'id': 'countdown',
                                                          'ver_code': 2},
                                                         {'id': 'antitheft',
                                                          'ver_code': 1},
                                                         {'id': 'account',
                                                          'ver_code': 1},
                                                         {'id': 'synchronize',
                                                          'ver_code': 1},
                                                         {'id': 'sunrise_sunset',
                                                          'ver_code': 1},
                                                         {'id': 'led',
                                                          'ver_code': 1},
                                                         {'id': 'cloud_connect',
                                                          'ver_code': 1},
                                                         {'id': 'iot_cloud',
                                                          'ver_code': 1},
                                                         {'id': 'default_states',
                                                          'ver_code': 1}]}},
                          {'error_code': 0,
                           'method': 'get_device_info',
                           'result': {'avatar': 'plug',
                                      'default_states': {'state': {},
                                                         'type': 'last_states'},
                                      'device_id': 'REDACTED_DB80F24B353338FA05BB18C1C486215',
                                      'device_on': False,
                                      'fw_id': 'REDACTED_A25ABDE41405B20C6F98816',
                                      'fw_ver': '1.3.7 Build 20230711 Rel. '
                                                '61904',
                                      'has_set_location_info': True,
                                      'hw_id': 'REDACTED_5B29645B8150C392284029D',
                                      'hw_ver': '1.0.0',
                                      'ip': '192.168.100.112',
                                      'lang': 'it_IT',
                                      'latitude': 0,
                                      'location': '',
                                      'longitude': 0,
                                      'mac': '74-DA-88-00-00-00',
                                      'model': 'P100',
                                      'nickname': 'I01BU0tFRF9OQU1FIw==',
                                      'oem_id': 'REDACTED_06C60A9AEEA36A3347B6EBC',
                                      'on_time': 0,
                                      'overheated': False,
                                      'region': 'Europe/Rome',
                                      'rssi': -54,
                                      'signal_level': 2,
                                      'specs': 'EU',
                                      'ssid': 'I01BU0tFRF9TU0lEIw==',
                                      'time_diff': 60,
                                      'type': 'SMART.TAPOPLUG'}},
                          {'error_code': 0,
                           'method': 'get_connect_cloud_state',
                           'result': {'status': 0}}]}}
Device 192.168.100.112, found required cloud_connect, adding Cloud to modules.
Device 192.168.100.112, found required device, adding DeviceModule to modules.
Device 192.168.100.112, found required firmware, adding Firmware to modules.
Device 192.168.100.112, found required led, adding Led to modules.
Device 192.168.100.112, found required None, adding OverheatProtection to modules.
Device 192.168.100.112, found required time, adding Time to modules.
Querying 192.168.100.112 for modules: Time, Led
192.168.100.112 multi-request-batch-1-of-1 >> '{"method":"multipleRequest","request_time_milis":1744031255085,"terminal_uuid":"cmDzQgfvSm6JYTC2iKuQxw==","params":{"requests":[{"method":"get_device_time"},{"method":"get_led_info"}]}}'
Device 192.168.100.112 waiting 0.2339999999385327 seconds to send request
Posting to http://192.168.100.112/app?token=F4E587E0B4B085B29492849384838C83
192.168.100.112 multi-request-batch-1-of-1 << {'error_code': 0,
 'result': {'responses': [{'error_code': 0,
                           'method': 'get_device_time',
                           'result': {'region': 'Europe/Rome',
                                      'time_diff': 60,
                                      'timestamp': 1744031254}},
                          {'error_code': 0,
                           'method': 'get_led_info',
                           'result': {'led_rule': 'always',
                                      'led_status': False,
                                      'night_mode': {'end_time': 0,
                                                     'night_mode_type': 'unknown',
                                                     'start_time': 0,
                                                     'sunrise_offset': 0,
                                                     'sunset_offset': 0}}}]}}
Update completed 192.168.100.112: ['component_nego', 'get_device_info', 'get_connect_cloud_state', 'get_device_time', 'get_led_info']
Unclosed client session
client_session: <aiohttp.client.ClientSession object at 0x000002CC69ECCF80>
Unclosed connector
connections: ['deque([(<aiohttp.client_proto.ResponseHandler object at 0x000002CC69F57B90>, 1204824.156)])']
connector: <aiohttp.connector.TCPConnector object at 0x000002CC69F2BFE0>
C:\Users\Davide\AppData\Local\I3Lab - Politecnico di Milano\Server SmartPlug\options.json
Discovery started...
Using proactor: IocpProactor
Listening on 127.0.0.1:8080
[DISCOVERY] 255.255.255.255 >> {'system': {'get_sysinfo': {}}}
Waiting 5 seconds for responses...
Using proactor: IocpProactor
Using SmartDevice for SMART.TAPOPLUG
Finding protocol for 192.168.100.112
Finding protocol for DeviceFamily.SmartTapoPlug
Finding transport for SMART.AES
Created AES transport for 192.168.100.112
[DISCOVERY] 192.168.100.112 << {'error_code': 0,
 'result': {'device_id': 'REDACTED_c913ec3cd97a6bec2fbb1ee',
            'device_model': 'P100',
            'device_type': 'SMART.TAPOPLUG',
            'factory_default': False,
            'ip': '192.168.100.112',
            'is_support_iot_cloud': True,
            'mac': '74-DA-88-00-00-00',
            'mgt_encrypt_schm': {'encrypt_type': 'AES',
                                 'http_port': 80,
                                 'is_support_https': False,
                                 'lv': 2},
            'owner': 'REDACTED_19347acd812465188388075'}}
Initializing 192.168.100.112 of type <class 'kasa.smart.smartdevice.SmartDevice'>
Discovery finished! Found: 1 device(s)
Discovered 1 devices
Using proactor: IocpProactor
[DISCOVERY] 192.168.100.112 >> {'system': {'get_sysinfo': {}}}
Waiting a total of 5 seconds for responses...
Using SmartDevice for SMART.TAPOPLUG
Finding protocol for 192.168.100.112
Finding protocol for DeviceFamily.SmartTapoPlug
Finding transport for SMART.AES
Created AES transport for 192.168.100.112
[DISCOVERY] 192.168.100.112 << {'error_code': 0,
 'result': {'device_id': 'REDACTED_c913ec3cd97a6bec2fbb1ee',
            'device_model': 'P100',
            'device_type': 'SMART.TAPOPLUG',
            'factory_default': False,
            'ip': '192.168.100.112',
            'is_support_iot_cloud': True,
            'mac': '74-DA-88-00-00-00',
            'mgt_encrypt_schm': {'encrypt_type': 'AES',
                                 'http_port': 80,
                                 'is_support_https': False,
                                 'lv': 2},
            'owner': 'REDACTED_19347acd812465188388075'}}
Initializing 192.168.100.112 of type <class 'kasa.smart.smartdevice.SmartDevice'>
192.168.100.112 multi-request-batch-1-of-1 >> '{"method":"multipleRequest","request_time_milis":1744031338648,"terminal_uuid":"KJqtiJR9EqMnYitFkqN8fg==","params":{"requests":[{"method":"component_nego"},{"method":"get_device_info"},{"method":"get_connect_cloud_state"}]}}'
Will perform handshaking...
Posting to http://192.168.100.112/app
Generating keypair
Handshake request: {'method': 'handshake', 'params': {'key': '-----BEGIN PUBLIC KEY-----\nMIGfMA0GCSqGSIb3DQEBAQUAA4GNADCBiQKBgQC50CYT7XaZY4qmz/MY0a/oesA4zXD6PPm45ffGdVdFIBpO7qR9blp0GmpDDi8lgCkUwUmEL0/NJgGJHH/+Gl0zatvVQxWWc6MBTmYqvmI1fnD+9H2F19z2Ep24zH5b4GYWJTtx6XJCUsUE7W822AWFtddhTGq8GxGUUdnJdjiSowIDAQAB\n-----END PUBLIC KEY-----\n'}}
Device responded with: {'error_code': 0, 'result': {'key': 'MmbLLqVtorrVpdBogsTL3LfYSQLqfjuLwpTEzK7ZhMEm6A/OsrmUShynEgaAs+u7VdHmgCJjPAzhpS+OdbR5TxKEiFa87Ng0P5VUk3jgY1DI2pgxgOnvBZM6C8oFvbyMzAWZXrWejajZERCJ8bKboArc8ctZ15S0l1e+muXDfRk='}}
Handshake with 192.168.100.112 complete
Posting to http://192.168.100.112/app
192.168.100.112: logged in with provided credentials
Posting to http://192.168.100.112/app?token=5396339438B488B585A555A55BA5BBA5
Device 192.168.100.112 received an os error, enabling sequential request delay: Server disconnected
Device 192.168.100.112 got a connection error, will retry 3 times: ('Device connection error: 192.168.100.112: Server disconnected', ServerDisconnectedError('Server disconnected'))
192.168.100.112 multi-request-batch-1-of-1 >> '{"method":"multipleRequest","request_time_milis":1744031338757,"terminal_uuid":"KJqtiJR9EqMnYitFkqN8fg==","params":{"requests":[{"method":"component_nego"},{"method":"get_device_info"},{"method":"get_connect_cloud_state"}]}}'
Device 192.168.100.112 waiting 0.25 seconds to send request
Posting to http://192.168.100.112/app?token=5396339438B488B585A555A55BA5BBA5
192.168.100.112 multi-request-batch-1-of-1 << {'error_code': 0,
 'result': {'responses': [{'error_code': 0,
                           'method': 'component_nego',
                           'result': {'component_list': [{'id': 'device',
                                                          'ver_code': 2},
                                                         {'id': 'firmware',
                                                          'ver_code': 1},
                                                         {'id': 'quick_setup',
                                                          'ver_code': 3},
                                                         {'id': 'time',
                                                          'ver_code': 1},
                                                         {'id': 'wireless',
                                                          'ver_code': 1},
                                                         {'id': 'schedule',
                                                          'ver_code': 2},
                                                         {'id': 'countdown',
                                                          'ver_code': 2},
                                                         {'id': 'antitheft',
                                                          'ver_code': 1},
                                                         {'id': 'account',
                                                          'ver_code': 1},
                                                         {'id': 'synchronize',
                                                          'ver_code': 1},
                                                         {'id': 'sunrise_sunset',
                                                          'ver_code': 1},
                                                         {'id': 'led',
                                                          'ver_code': 1},
                                                         {'id': 'cloud_connect',
                                                          'ver_code': 1},
                                                         {'id': 'iot_cloud',
                                                          'ver_code': 1},
                                                         {'id': 'default_states',
                                                          'ver_code': 1}]}},
                          {'error_code': 0,
                           'method': 'get_device_info',
                           'result': {'avatar': 'plug',
                                      'default_states': {'state': {},
                                                         'type': 'last_states'},
                                      'device_id': 'REDACTED_DB80F24B353338FA05BB18C1C486215',
                                      'device_on': False,
                                      'fw_id': 'REDACTED_A25ABDE41405B20C6F98816',
                                      'fw_ver': '1.3.7 Build 20230711 Rel. '
                                                '61904',
                                      'has_set_location_info': True,
                                      'hw_id': 'REDACTED_5B29645B8150C392284029D',
                                      'hw_ver': '1.0.0',
                                      'ip': '192.168.100.112',
                                      'lang': 'it_IT',
                                      'latitude': 0,
                                      'location': '',
                                      'longitude': 0,
                                      'mac': '74-DA-88-00-00-00',
                                      'model': 'P100',
                                      'nickname': 'I01BU0tFRF9OQU1FIw==',
                                      'oem_id': 'REDACTED_06C60A9AEEA36A3347B6EBC',
                                      'on_time': 0,
                                      'overheated': False,
                                      'region': 'Europe/Rome',
                                      'rssi': -56,
                                      'signal_level': 2,
                                      'specs': 'EU',
                                      'ssid': 'I01BU0tFRF9TU0lEIw==',
                                      'time_diff': 60,
                                      'type': 'SMART.TAPOPLUG'}},
                          {'error_code': 0,
                           'method': 'get_connect_cloud_state',
                           'result': {'status': 0}}]}}
Device 192.168.100.112, found required cloud_connect, adding Cloud to modules.
Device 192.168.100.112, found required device, adding DeviceModule to modules.
Device 192.168.100.112, found required firmware, adding Firmware to modules.
Device 192.168.100.112, found required led, adding Led to modules.
Device 192.168.100.112, found required None, adding OverheatProtection to modules.
Device 192.168.100.112, found required time, adding Time to modules.
Querying 192.168.100.112 for modules: Time, Led
192.168.100.112 multi-request-batch-1-of-1 >> '{"method":"multipleRequest","request_time_milis":1744031339077,"terminal_uuid":"KJqtiJR9EqMnYitFkqN8fg==","params":{"requests":[{"method":"get_device_time"},{"method":"get_led_info"}]}}'
Device 192.168.100.112 waiting 0.25 seconds to send request
Posting to http://192.168.100.112/app?token=5396339438B488B585A555A55BA5BBA5
192.168.100.112 multi-request-batch-1-of-1 << {'error_code': 0,
 'result': {'responses': [{'error_code': 0,
                           'method': 'get_device_time',
                           'result': {'region': 'Europe/Rome',
                                      'time_diff': 60,
                                      'timestamp': 1744031338}},
                          {'error_code': 0,
                           'method': 'get_led_info',
                           'result': {'led_rule': 'always',
                                      'led_status': False,
                                      'night_mode': {'end_time': 0,
                                                     'night_mode_type': 'unknown',
                                                     'start_time': 0,
                                                     'sunrise_offset': 0,
                                                     'sunset_offset': 0}}}]}}
Update completed 192.168.100.112: ['component_nego', 'get_device_info', 'get_connect_cloud_state', 'get_device_time', 'get_led_info']
192.168.100.112
Unclosed client session
client_session: <aiohttp.client.ClientSession object at 0x0000028994878B30>
Exception in default exception handler
Traceback (most recent call last):
  File "C:\Users\Davide\AppData\Local\Programs\Python\Python312\Lib\asyncio\base_events.py", line 1847, in call_exception_handler
    self.default_exception_handler(context)
  File "C:\Users\Davide\AppData\Local\Programs\Python\Python312\Lib\asyncio\base_events.py", line 1821, in default_exception_handler
    logger.error('\n'.join(log_lines), exc_info=exc_info)
  File "C:\Users\Davide\AppData\Local\Programs\Python\Python312\Lib\logging\__init__.py", line 1568, in error
    self._log(ERROR, msg, args, **kwargs)
  File "C:\Users\Davide\AppData\Local\Programs\Python\Python312\Lib\logging\__init__.py", line 1684, in _log
    self.handle(record)
  File "C:\Users\Davide\AppData\Local\Programs\Python\Python312\Lib\logging\__init__.py", line 1700, in handle
    self.callHandlers(record)
  File "C:\Users\Davide\AppData\Local\Programs\Python\Python312\Lib\logging\__init__.py", line 1762, in callHandlers
    hdlr.handle(record)
  File "C:\Users\Davide\Desktop\ServerSmartPlug\log_manager.py", line 16, in handle
    listener(record)
  File "C:\Users\Davide\Desktop\ServerSmartPlug\gui\windows.py", line 25, in _add_console_line
    self.console_text.configure(state='normal')
  File "C:\Users\Davide\AppData\Local\Programs\Python\Python312\Lib\tkinter\__init__.py", line 1722, in configure
    return self._configure('configure', cnf, kw)
           ^^^^^^^^^^^^^^^^^^^^^^^^^^^^^^^^^^^^^
  File "C:\Users\Davide\AppData\Local\Programs\Python\Python312\Lib\tkinter\__init__.py", line 1712, in _configure
    self.tk.call(_flatten((self._w, cmd)) + self._options(cnf))
_tkinter.TclError: invalid command name ".!frame4.!frame.!text"
Unclosed connector
connections: ['deque([(<aiohttp.client_proto.ResponseHandler object at 0x000002899488BA70>, 1204908.14)])']
connector: <aiohttp.connector.TCPConnector object at 0x000002899487AC90>
Exception in default exception handler
Traceback (most recent call last):
  File "C:\Users\Davide\AppData\Local\Programs\Python\Python312\Lib\asyncio\base_events.py", line 1847, in call_exception_handler
    self.default_exception_handler(context)
  File "C:\Users\Davide\AppData\Local\Programs\Python\Python312\Lib\asyncio\base_events.py", line 1821, in default_exception_handler
    logger.error('\n'.join(log_lines), exc_info=exc_info)
  File "C:\Users\Davide\AppData\Local\Programs\Python\Python312\Lib\logging\__init__.py", line 1568, in error
    self._log(ERROR, msg, args, **kwargs)
  File "C:\Users\Davide\AppData\Local\Programs\Python\Python312\Lib\logging\__init__.py", line 1684, in _log
    self.handle(record)
  File "C:\Users\Davide\AppData\Local\Programs\Python\Python312\Lib\logging\__init__.py", line 1700, in handle
    self.callHandlers(record)
  File "C:\Users\Davide\AppData\Local\Programs\Python\Python312\Lib\logging\__init__.py", line 1762, in callHandlers
    hdlr.handle(record)
  File "C:\Users\Davide\Desktop\ServerSmartPlug\log_manager.py", line 16, in handle
    listener(record)
  File "C:\Users\Davide\Desktop\ServerSmartPlug\gui\windows.py", line 25, in _add_console_line
    self.console_text.configure(state='normal')
  File "C:\Users\Davide\AppData\Local\Programs\Python\Python312\Lib\tkinter\__init__.py", line 1722, in configure
    return self._configure('configure', cnf, kw)
           ^^^^^^^^^^^^^^^^^^^^^^^^^^^^^^^^^^^^^
  File "C:\Users\Davide\AppData\Local\Programs\Python\Python312\Lib\tkinter\__init__.py", line 1712, in _configure
    self.tk.call(_flatten((self._w, cmd)) + self._options(cnf))
_tkinter.TclError: invalid command name ".!frame4.!frame.!text"
C:\Users\Davide\AppData\Local\I3Lab - Politecnico di Milano\Server SmartPlug\options.json
Discovery started...
Using proactor: IocpProactor
Listening on 127.0.0.1:8080
[DISCOVERY] 255.255.255.255 >> {'system': {'get_sysinfo': {}}}
Waiting 5 seconds for responses...
Using proactor: IocpProactor
Using SmartDevice for SMART.TAPOPLUG
Finding protocol for 192.168.100.112
Finding protocol for DeviceFamily.SmartTapoPlug
Finding transport for SMART.AES
Created AES transport for 192.168.100.112
[DISCOVERY] 192.168.100.112 << {'error_code': 0,
 'result': {'device_id': 'REDACTED_c913ec3cd97a6bec2fbb1ee',
            'device_model': 'P100',
            'device_type': 'SMART.TAPOPLUG',
            'factory_default': False,
            'ip': '192.168.100.112',
            'is_support_iot_cloud': True,
            'mac': '74-DA-88-00-00-00',
            'mgt_encrypt_schm': {'encrypt_type': 'AES',
                                 'http_port': 80,
                                 'is_support_https': False,
                                 'lv': 2},
            'owner': 'REDACTED_19347acd812465188388075'}}
Initializing 192.168.100.112 of type <class 'kasa.smart.smartdevice.SmartDevice'>
Discovery finished! Found: 1 device(s)
Discovered 1 devices
Using proactor: IocpProactor
[DISCOVERY] 192.168.100.112 >> {'system': {'get_sysinfo': {}}}
Waiting a total of 5 seconds for responses...
Using SmartDevice for SMART.TAPOPLUG
Finding protocol for 192.168.100.112
Finding protocol for DeviceFamily.SmartTapoPlug
Finding transport for SMART.AES
Created AES transport for 192.168.100.112
[DISCOVERY] 192.168.100.112 << {'error_code': 0,
 'result': {'device_id': 'REDACTED_c913ec3cd97a6bec2fbb1ee',
            'device_model': 'P100',
            'device_type': 'SMART.TAPOPLUG',
            'factory_default': False,
            'ip': '192.168.100.112',
            'is_support_iot_cloud': True,
            'mac': '74-DA-88-00-00-00',
            'mgt_encrypt_schm': {'encrypt_type': 'AES',
                                 'http_port': 80,
                                 'is_support_https': False,
                                 'lv': 2},
            'owner': 'REDACTED_19347acd812465188388075'}}
Initializing 192.168.100.112 of type <class 'kasa.smart.smartdevice.SmartDevice'>
192.168.100.112 multi-request-batch-1-of-1 >> '{"method":"multipleRequest","request_time_milis":1744031470300,"terminal_uuid":"quWbatdP+mZMd7HehsxvSg==","params":{"requests":[{"method":"component_nego"},{"method":"get_device_info"},{"method":"get_connect_cloud_state"}]}}'
Will perform handshaking...
Posting to http://192.168.100.112/app
Generating keypair
Handshake request: {'method': 'handshake', 'params': {'key': '-----BEGIN PUBLIC KEY-----\nMIGfMA0GCSqGSIb3DQEBAQUAA4GNADCBiQKBgQDUxT1yAplq09kImunWPUo6hTGrogpog3Fz5GLj/IfmxGrkmG/+0Etc9zY1R/JnxxrxbptQHqUssMPl4Ay8QSnuK4m1V0lOQScvz+0tNZPWKiYXVPFC6QyxPKG8zfJjGKP2nlQSDJqUl0Ukkk6W3yLkPdr+u1TlzDH4D9Y4KlTrQwIDAQAB\n-----END PUBLIC KEY-----\n'}}
Device responded with: {'error_code': 0, 'result': {'key': 'icY92Q6o14zR53c3h/yaToeW2MMA4TEuWqZo2Ppv0kkBRlRWY2TI0L1gRqBqdcYYEsaiZCjx6vQFHFUeaNNYcIQewaTN1+Zb821etroXIaPLyex/f3gKKhYJekzfO99i+nQy8bauaN47Qkq6RgaNk3/faY5npnMvqn0mZcIcQ1Y='}}
Handshake with 192.168.100.112 complete
Posting to http://192.168.100.112/app
192.168.100.112: logged in with provided credentials
Posting to http://192.168.100.112/app?token=756F496B882B96297609790889188E18
Device 192.168.100.112 received an os error, enabling sequential request delay: Server disconnected
Device 192.168.100.112 got a connection error, will retry 3 times: ('Device connection error: 192.168.100.112: Server disconnected', ServerDisconnectedError('Server disconnected'))
192.168.100.112 multi-request-batch-1-of-1 >> '{"method":"multipleRequest","request_time_milis":1744031470427,"terminal_uuid":"quWbatdP+mZMd7HehsxvSg==","params":{"requests":[{"method":"component_nego"},{"method":"get_device_info"},{"method":"get_connect_cloud_state"}]}}'
Device 192.168.100.112 waiting 0.25 seconds to send request
Posting to http://192.168.100.112/app?token=756F496B882B96297609790889188E18
192.168.100.112 multi-request-batch-1-of-1 << {'error_code': 0,
 'result': {'responses': [{'error_code': 0,
                           'method': 'component_nego',
                           'result': {'component_list': [{'id': 'device',
                                                          'ver_code': 2},
                                                         {'id': 'firmware',
                                                          'ver_code': 1},
                                                         {'id': 'quick_setup',
                                                          'ver_code': 3},
                                                         {'id': 'time',
                                                          'ver_code': 1},
                                                         {'id': 'wireless',
                                                          'ver_code': 1},
                                                         {'id': 'schedule',
                                                          'ver_code': 2},
                                                         {'id': 'countdown',
                                                          'ver_code': 2},
                                                         {'id': 'antitheft',
                                                          'ver_code': 1},
                                                         {'id': 'account',
                                                          'ver_code': 1},
                                                         {'id': 'synchronize',
                                                          'ver_code': 1},
                                                         {'id': 'sunrise_sunset',
                                                          'ver_code': 1},
                                                         {'id': 'led',
                                                          'ver_code': 1},
                                                         {'id': 'cloud_connect',
                                                          'ver_code': 1},
                                                         {'id': 'iot_cloud',
                                                          'ver_code': 1},
                                                         {'id': 'default_states',
                                                          'ver_code': 1}]}},
                          {'error_code': 0,
                           'method': 'get_device_info',
                           'result': {'avatar': 'plug',
                                      'default_states': {'state': {},
                                                         'type': 'last_states'},
                                      'device_id': 'REDACTED_DB80F24B353338FA05BB18C1C486215',
                                      'device_on': False,
                                      'fw_id': 'REDACTED_A25ABDE41405B20C6F98816',
                                      'fw_ver': '1.3.7 Build 20230711 Rel. '
                                                '61904',
                                      'has_set_location_info': True,
                                      'hw_id': 'REDACTED_5B29645B8150C392284029D',
                                      'hw_ver': '1.0.0',
                                      'ip': '192.168.100.112',
                                      'lang': 'it_IT',
                                      'latitude': 0,
                                      'location': '',
                                      'longitude': 0,
                                      'mac': '74-DA-88-00-00-00',
                                      'model': 'P100',
                                      'nickname': 'I01BU0tFRF9OQU1FIw==',
                                      'oem_id': 'REDACTED_06C60A9AEEA36A3347B6EBC',
                                      'on_time': 0,
                                      'overheated': False,
                                      'region': 'Europe/Rome',
                                      'rssi': -54,
                                      'signal_level': 2,
                                      'specs': 'EU',
                                      'ssid': 'I01BU0tFRF9TU0lEIw==',
                                      'time_diff': 60,
                                      'type': 'SMART.TAPOPLUG'}},
                          {'error_code': 0,
                           'method': 'get_connect_cloud_state',
                           'result': {'status': 0}}]}}
Device 192.168.100.112, found required cloud_connect, adding Cloud to modules.
Device 192.168.100.112, found required device, adding DeviceModule to modules.
Device 192.168.100.112, found required firmware, adding Firmware to modules.
Device 192.168.100.112, found required led, adding Led to modules.
Device 192.168.100.112, found required None, adding OverheatProtection to modules.
Device 192.168.100.112, found required time, adding Time to modules.
Querying 192.168.100.112 for modules: Time, Led
192.168.100.112 multi-request-batch-1-of-1 >> '{"method":"multipleRequest","request_time_milis":1744031470762,"terminal_uuid":"quWbatdP+mZMd7HehsxvSg==","params":{"requests":[{"method":"get_device_time"},{"method":"get_led_info"}]}}'
Device 192.168.100.112 waiting 0.25 seconds to send request
Posting to http://192.168.100.112/app?token=756F496B882B96297609790889188E18
192.168.100.112 multi-request-batch-1-of-1 << {'error_code': 0,
 'result': {'responses': [{'error_code': 0,
                           'method': 'get_device_time',
                           'result': {'region': 'Europe/Rome',
                                      'time_diff': 60,
                                      'timestamp': 1744031470}},
                          {'error_code': 0,
                           'method': 'get_led_info',
                           'result': {'led_rule': 'always',
                                      'led_status': False,
                                      'night_mode': {'end_time': 0,
                                                     'night_mode_type': 'unknown',
                                                     'start_time': 0,
                                                     'sunrise_offset': 0,
                                                     'sunset_offset': 0}}}]}}
Update completed 192.168.100.112: ['component_nego', 'get_device_info', 'get_connect_cloud_state', 'get_device_time', 'get_led_info']
Unclosed client session
client_session: <aiohttp.client.ClientSession object at 0x0000020CEBEB8080>
Exception in default exception handler
Traceback (most recent call last):
  File "C:\Users\Davide\AppData\Local\Programs\Python\Python312\Lib\asyncio\base_events.py", line 1847, in call_exception_handler
    self.default_exception_handler(context)
  File "C:\Users\Davide\AppData\Local\Programs\Python\Python312\Lib\asyncio\base_events.py", line 1821, in default_exception_handler
    logger.error('\n'.join(log_lines), exc_info=exc_info)
  File "C:\Users\Davide\AppData\Local\Programs\Python\Python312\Lib\logging\__init__.py", line 1568, in error
    self._log(ERROR, msg, args, **kwargs)
  File "C:\Users\Davide\AppData\Local\Programs\Python\Python312\Lib\logging\__init__.py", line 1684, in _log
    self.handle(record)
  File "C:\Users\Davide\AppData\Local\Programs\Python\Python312\Lib\logging\__init__.py", line 1700, in handle
    self.callHandlers(record)
  File "C:\Users\Davide\AppData\Local\Programs\Python\Python312\Lib\logging\__init__.py", line 1762, in callHandlers
    hdlr.handle(record)
  File "C:\Users\Davide\Desktop\ServerSmartPlug\log_manager.py", line 16, in handle
    listener(record)
  File "C:\Users\Davide\Desktop\ServerSmartPlug\gui\windows.py", line 25, in _add_console_line
    self.console_text.configure(state='normal')
  File "C:\Users\Davide\AppData\Local\Programs\Python\Python312\Lib\tkinter\__init__.py", line 1722, in configure
    return self._configure('configure', cnf, kw)
           ^^^^^^^^^^^^^^^^^^^^^^^^^^^^^^^^^^^^^
  File "C:\Users\Davide\AppData\Local\Programs\Python\Python312\Lib\tkinter\__init__.py", line 1712, in _configure
    self.tk.call(_flatten((self._w, cmd)) + self._options(cnf))
_tkinter.TclError: invalid command name ".!frame4.!frame.!text"
Unclosed connector
connections: ['deque([(<aiohttp.client_proto.ResponseHandler object at 0x0000020CEA537410>, 1205039.843)])']
connector: <aiohttp.connector.TCPConnector object at 0x0000020CEBEB8110>
Exception in default exception handler
Traceback (most recent call last):
  File "C:\Users\Davide\AppData\Local\Programs\Python\Python312\Lib\asyncio\base_events.py", line 1847, in call_exception_handler
    self.default_exception_handler(context)
  File "C:\Users\Davide\AppData\Local\Programs\Python\Python312\Lib\asyncio\base_events.py", line 1821, in default_exception_handler
    logger.error('\n'.join(log_lines), exc_info=exc_info)
  File "C:\Users\Davide\AppData\Local\Programs\Python\Python312\Lib\logging\__init__.py", line 1568, in error
    self._log(ERROR, msg, args, **kwargs)
  File "C:\Users\Davide\AppData\Local\Programs\Python\Python312\Lib\logging\__init__.py", line 1684, in _log
    self.handle(record)
  File "C:\Users\Davide\AppData\Local\Programs\Python\Python312\Lib\logging\__init__.py", line 1700, in handle
    self.callHandlers(record)
  File "C:\Users\Davide\AppData\Local\Programs\Python\Python312\Lib\logging\__init__.py", line 1762, in callHandlers
    hdlr.handle(record)
  File "C:\Users\Davide\Desktop\ServerSmartPlug\log_manager.py", line 16, in handle
    listener(record)
  File "C:\Users\Davide\Desktop\ServerSmartPlug\gui\windows.py", line 25, in _add_console_line
    self.console_text.configure(state='normal')
  File "C:\Users\Davide\AppData\Local\Programs\Python\Python312\Lib\tkinter\__init__.py", line 1722, in configure
    return self._configure('configure', cnf, kw)
           ^^^^^^^^^^^^^^^^^^^^^^^^^^^^^^^^^^^^^
  File "C:\Users\Davide\AppData\Local\Programs\Python\Python312\Lib\tkinter\__init__.py", line 1712, in _configure
    self.tk.call(_flatten((self._w, cmd)) + self._options(cnf))
_tkinter.TclError: invalid command name ".!frame4.!frame.!text"
C:\Users\Davide\AppData\Local\I3Lab - Politecnico di Milano\Server SmartPlug\options.json
Discovery started...
Using proactor: IocpProactor
Listening on 127.0.0.1:8080
[DISCOVERY] 255.255.255.255 >> {'system': {'get_sysinfo': {}}}
Waiting 5 seconds for responses...
Using proactor: IocpProactor
Using SmartDevice for SMART.TAPOPLUG
Finding protocol for 192.168.100.112
Finding protocol for DeviceFamily.SmartTapoPlug
Finding transport for SMART.AES
Created AES transport for 192.168.100.112
[DISCOVERY] 192.168.100.112 << {'error_code': 0,
 'result': {'device_id': 'REDACTED_c913ec3cd97a6bec2fbb1ee',
            'device_model': 'P100',
            'device_type': 'SMART.TAPOPLUG',
            'factory_default': False,
            'ip': '192.168.100.112',
            'is_support_iot_cloud': True,
            'mac': '74-DA-88-00-00-00',
            'mgt_encrypt_schm': {'encrypt_type': 'AES',
                                 'http_port': 80,
                                 'is_support_https': False,
                                 'lv': 2},
            'owner': 'REDACTED_19347acd812465188388075'}}
Initializing 192.168.100.112 of type <class 'kasa.smart.smartdevice.SmartDevice'>
Discovery finished! Found: 1 device(s)
Discovered 1 devices
Using proactor: IocpProactor
[DISCOVERY] 192.168.100.112 >> {'system': {'get_sysinfo': {}}}
Waiting a total of 5 seconds for responses...
Using SmartDevice for SMART.TAPOPLUG
Finding protocol for 192.168.100.112
Finding protocol for DeviceFamily.SmartTapoPlug
Finding transport for SMART.AES
Created AES transport for 192.168.100.112
[DISCOVERY] 192.168.100.112 << {'error_code': 0,
 'result': {'device_id': 'REDACTED_c913ec3cd97a6bec2fbb1ee',
            'device_model': 'P100',
            'device_type': 'SMART.TAPOPLUG',
            'factory_default': False,
            'ip': '192.168.100.112',
            'is_support_iot_cloud': True,
            'mac': '74-DA-88-00-00-00',
            'mgt_encrypt_schm': {'encrypt_type': 'AES',
                                 'http_port': 80,
                                 'is_support_https': False,
                                 'lv': 2},
            'owner': 'REDACTED_19347acd812465188388075'}}
Initializing 192.168.100.112 of type <class 'kasa.smart.smartdevice.SmartDevice'>
192.168.100.112 multi-request-batch-1-of-1 >> '{"method":"multipleRequest","request_time_milis":1744031522766,"terminal_uuid":"EjMuNeZ7ldbgYNXfeNFA8w==","params":{"requests":[{"method":"component_nego"},{"method":"get_device_info"},{"method":"get_connect_cloud_state"}]}}'
Will perform handshaking...
Posting to http://192.168.100.112/app
Generating keypair
Handshake request: {'method': 'handshake', 'params': {'key': '-----BEGIN PUBLIC KEY-----\nMIGfMA0GCSqGSIb3DQEBAQUAA4GNADCBiQKBgQDn+zrMAZC4XXJVn+FdaWqANRhsB3cxci2Eu3xKsAUB9dpcig9fbDqZxCA9G7QrSrPD4mxIzHwPPFABskiag8TEWBOBx+PIbuxrrQETUFfrThy3jNRWKaEH9QY2BfzjV+UWsw4oEGe1V0yRFjm2Fvxi2d8UZ6saoHNqZcri0BLiOwIDAQAB\n-----END PUBLIC KEY-----\n'}}
Device responded with: {'error_code': 0, 'result': {'key': 'bhvO7QlPSFjlCttr64vZqvPJ3j8ro3Wlw7X0g7IOQep0ezEfi0CrIm6uFuCclyd/kkHiNXIv/B2ux9X+XwQKV3rng2eDkFuKgdASMMMn5oYQFTkjBtjzpiSfHla+BWN6rFCtyd1tlFnhyNp1MME9zCDvGWNegtON7jhwIYTrXJM='}}
Handshake with 192.168.100.112 complete
Posting to http://192.168.100.112/app
192.168.100.112: logged in with provided credentials
Posting to http://192.168.100.112/app?token=9EB36FB778F700F583D5BFD476C4E0C4
Device 192.168.100.112 received an os error, enabling sequential request delay: Server disconnected
Device 192.168.100.112 got a connection error, will retry 3 times: ('Device connection error: 192.168.100.112: Server disconnected', ServerDisconnectedError('Server disconnected'))
192.168.100.112 multi-request-batch-1-of-1 >> '{"method":"multipleRequest","request_time_milis":1744031522898,"terminal_uuid":"EjMuNeZ7ldbgYNXfeNFA8w==","params":{"requests":[{"method":"component_nego"},{"method":"get_device_info"},{"method":"get_connect_cloud_state"}]}}'
Device 192.168.100.112 waiting 0.25 seconds to send request
Posting to http://192.168.100.112/app?token=9EB36FB778F700F583D5BFD476C4E0C4
192.168.100.112 multi-request-batch-1-of-1 << {'error_code': 0,
 'result': {'responses': [{'error_code': 0,
                           'method': 'component_nego',
                           'result': {'component_list': [{'id': 'device',
                                                          'ver_code': 2},
                                                         {'id': 'firmware',
                                                          'ver_code': 1},
                                                         {'id': 'quick_setup',
                                                          'ver_code': 3},
                                                         {'id': 'time',
                                                          'ver_code': 1},
                                                         {'id': 'wireless',
                                                          'ver_code': 1},
                                                         {'id': 'schedule',
                                                          'ver_code': 2},
                                                         {'id': 'countdown',
                                                          'ver_code': 2},
                                                         {'id': 'antitheft',
                                                          'ver_code': 1},
                                                         {'id': 'account',
                                                          'ver_code': 1},
                                                         {'id': 'synchronize',
                                                          'ver_code': 1},
                                                         {'id': 'sunrise_sunset',
                                                          'ver_code': 1},
                                                         {'id': 'led',
                                                          'ver_code': 1},
                                                         {'id': 'cloud_connect',
                                                          'ver_code': 1},
                                                         {'id': 'iot_cloud',
                                                          'ver_code': 1},
                                                         {'id': 'default_states',
                                                          'ver_code': 1}]}},
                          {'error_code': 0,
                           'method': 'get_device_info',
                           'result': {'avatar': 'plug',
                                      'default_states': {'state': {},
                                                         'type': 'last_states'},
                                      'device_id': 'REDACTED_DB80F24B353338FA05BB18C1C486215',
                                      'device_on': False,
                                      'fw_id': 'REDACTED_A25ABDE41405B20C6F98816',
                                      'fw_ver': '1.3.7 Build 20230711 Rel. '
                                                '61904',
                                      'has_set_location_info': True,
                                      'hw_id': 'REDACTED_5B29645B8150C392284029D',
                                      'hw_ver': '1.0.0',
                                      'ip': '192.168.100.112',
                                      'lang': 'it_IT',
                                      'latitude': 0,
                                      'location': '',
                                      'longitude': 0,
                                      'mac': '74-DA-88-00-00-00',
                                      'model': 'P100',
                                      'nickname': 'I01BU0tFRF9OQU1FIw==',
                                      'oem_id': 'REDACTED_06C60A9AEEA36A3347B6EBC',
                                      'on_time': 0,
                                      'overheated': False,
                                      'region': 'Europe/Rome',
                                      'rssi': -54,
                                      'signal_level': 2,
                                      'specs': 'EU',
                                      'ssid': 'I01BU0tFRF9TU0lEIw==',
                                      'time_diff': 60,
                                      'type': 'SMART.TAPOPLUG'}},
                          {'error_code': 0,
                           'method': 'get_connect_cloud_state',
                           'result': {'status': 0}}]}}
Device 192.168.100.112, found required cloud_connect, adding Cloud to modules.
Device 192.168.100.112, found required device, adding DeviceModule to modules.
Device 192.168.100.112, found required firmware, adding Firmware to modules.
Device 192.168.100.112, found required led, adding Led to modules.
Device 192.168.100.112, found required None, adding OverheatProtection to modules.
Device 192.168.100.112, found required time, adding Time to modules.
Querying 192.168.100.112 for modules: Time, Led
192.168.100.112 multi-request-batch-1-of-1 >> '{"method":"multipleRequest","request_time_milis":1744031523224,"terminal_uuid":"EjMuNeZ7ldbgYNXfeNFA8w==","params":{"requests":[{"method":"get_device_time"},{"method":"get_led_info"}]}}'
Device 192.168.100.112 waiting 0.23499999986961484 seconds to send request
Posting to http://192.168.100.112/app?token=9EB36FB778F700F583D5BFD476C4E0C4
192.168.100.112 multi-request-batch-1-of-1 << {'error_code': 0,
 'result': {'responses': [{'error_code': 0,
                           'method': 'get_device_time',
                           'result': {'region': 'Europe/Rome',
                                      'time_diff': 60,
                                      'timestamp': 1744031522}},
                          {'error_code': 0,
                           'method': 'get_led_info',
                           'result': {'led_rule': 'always',
                                      'led_status': False,
                                      'night_mode': {'end_time': 0,
                                                     'night_mode_type': 'unknown',
                                                     'start_time': 0,
                                                     'sunrise_offset': 0,
                                                     'sunset_offset': 0}}}]}}
Update completed 192.168.100.112: ['component_nego', 'get_device_info', 'get_connect_cloud_state', 'get_device_time', 'get_led_info']
Unclosed client session
client_session: <aiohttp.client.ClientSession object at 0x000002755AF483B0>
Exception in default exception handler
Traceback (most recent call last):
  File "C:\Users\Davide\AppData\Local\Programs\Python\Python312\Lib\asyncio\base_events.py", line 1847, in call_exception_handler
    self.default_exception_handler(context)
  File "C:\Users\Davide\AppData\Local\Programs\Python\Python312\Lib\asyncio\base_events.py", line 1821, in default_exception_handler
    logger.error('\n'.join(log_lines), exc_info=exc_info)
  File "C:\Users\Davide\AppData\Local\Programs\Python\Python312\Lib\logging\__init__.py", line 1568, in error
    self._log(ERROR, msg, args, **kwargs)
  File "C:\Users\Davide\AppData\Local\Programs\Python\Python312\Lib\logging\__init__.py", line 1684, in _log
    self.handle(record)
  File "C:\Users\Davide\AppData\Local\Programs\Python\Python312\Lib\logging\__init__.py", line 1700, in handle
    self.callHandlers(record)
  File "C:\Users\Davide\AppData\Local\Programs\Python\Python312\Lib\logging\__init__.py", line 1762, in callHandlers
    hdlr.handle(record)
  File "C:\Users\Davide\Desktop\ServerSmartPlug\log_manager.py", line 16, in handle
    listener(record)
  File "C:\Users\Davide\Desktop\ServerSmartPlug\gui\windows.py", line 25, in _add_console_line
    self.console_text.configure(state='normal')
  File "C:\Users\Davide\AppData\Local\Programs\Python\Python312\Lib\tkinter\__init__.py", line 1722, in configure
    return self._configure('configure', cnf, kw)
           ^^^^^^^^^^^^^^^^^^^^^^^^^^^^^^^^^^^^^
  File "C:\Users\Davide\AppData\Local\Programs\Python\Python312\Lib\tkinter\__init__.py", line 1712, in _configure
    self.tk.call(_flatten((self._w, cmd)) + self._options(cnf))
_tkinter.TclError: invalid command name ".!frame4.!frame.!text"
Unclosed connector
connections: ['deque([(<aiohttp.client_proto.ResponseHandler object at 0x000002755AF5BAD0>, 1205092.281)])']
connector: <aiohttp.connector.TCPConnector object at 0x000002755AF48440>
Exception in default exception handler
Traceback (most recent call last):
  File "C:\Users\Davide\AppData\Local\Programs\Python\Python312\Lib\asyncio\base_events.py", line 1847, in call_exception_handler
    self.default_exception_handler(context)
  File "C:\Users\Davide\AppData\Local\Programs\Python\Python312\Lib\asyncio\base_events.py", line 1821, in default_exception_handler
    logger.error('\n'.join(log_lines), exc_info=exc_info)
  File "C:\Users\Davide\AppData\Local\Programs\Python\Python312\Lib\logging\__init__.py", line 1568, in error
    self._log(ERROR, msg, args, **kwargs)
  File "C:\Users\Davide\AppData\Local\Programs\Python\Python312\Lib\logging\__init__.py", line 1684, in _log
    self.handle(record)
  File "C:\Users\Davide\AppData\Local\Programs\Python\Python312\Lib\logging\__init__.py", line 1700, in handle
    self.callHandlers(record)
  File "C:\Users\Davide\AppData\Local\Programs\Python\Python312\Lib\logging\__init__.py", line 1762, in callHandlers
    hdlr.handle(record)
  File "C:\Users\Davide\Desktop\ServerSmartPlug\log_manager.py", line 16, in handle
    listener(record)
  File "C:\Users\Davide\Desktop\ServerSmartPlug\gui\windows.py", line 25, in _add_console_line
    self.console_text.configure(state='normal')
  File "C:\Users\Davide\AppData\Local\Programs\Python\Python312\Lib\tkinter\__init__.py", line 1722, in configure
    return self._configure('configure', cnf, kw)
           ^^^^^^^^^^^^^^^^^^^^^^^^^^^^^^^^^^^^^
  File "C:\Users\Davide\AppData\Local\Programs\Python\Python312\Lib\tkinter\__init__.py", line 1712, in _configure
    self.tk.call(_flatten((self._w, cmd)) + self._options(cnf))
_tkinter.TclError: invalid command name ".!frame4.!frame.!text"
C:\Users\Davide\AppData\Local\I3Lab - Politecnico di Milano\Server SmartPlug\options.json
Discovery started...
Using proactor: IocpProactor
Listening on 127.0.0.1:8080
[DISCOVERY] 255.255.255.255 >> {'system': {'get_sysinfo': {}}}
Waiting 5 seconds for responses...
Using proactor: IocpProactor
Using SmartDevice for SMART.TAPOPLUG
Finding protocol for 192.168.100.112
Finding protocol for DeviceFamily.SmartTapoPlug
Finding transport for SMART.AES
Created AES transport for 192.168.100.112
[DISCOVERY] 192.168.100.112 << {'error_code': 0,
 'result': {'device_id': 'REDACTED_c913ec3cd97a6bec2fbb1ee',
            'device_model': 'P100',
            'device_type': 'SMART.TAPOPLUG',
            'factory_default': False,
            'ip': '192.168.100.112',
            'is_support_iot_cloud': True,
            'mac': '74-DA-88-00-00-00',
            'mgt_encrypt_schm': {'encrypt_type': 'AES',
                                 'http_port': 80,
                                 'is_support_https': False,
                                 'lv': 2},
            'owner': 'REDACTED_19347acd812465188388075'}}
Initializing 192.168.100.112 of type <class 'kasa.smart.smartdevice.SmartDevice'>
Discovery finished! Found: 1 device(s)
Discovered 1 devices
Using proactor: IocpProactor
[DISCOVERY] 192.168.100.112 >> {'system': {'get_sysinfo': {}}}
Waiting a total of 5 seconds for responses...
Using SmartDevice for SMART.TAPOPLUG
Finding protocol for 192.168.100.112
Finding protocol for DeviceFamily.SmartTapoPlug
Finding transport for SMART.AES
Created AES transport for 192.168.100.112
[DISCOVERY] 192.168.100.112 << {'error_code': 0,
 'result': {'device_id': 'REDACTED_c913ec3cd97a6bec2fbb1ee',
            'device_model': 'P100',
            'device_type': 'SMART.TAPOPLUG',
            'factory_default': False,
            'ip': '192.168.100.112',
            'is_support_iot_cloud': True,
            'mac': '74-DA-88-00-00-00',
            'mgt_encrypt_schm': {'encrypt_type': 'AES',
                                 'http_port': 80,
                                 'is_support_https': False,
                                 'lv': 2},
            'owner': 'REDACTED_19347acd812465188388075'}}
Initializing 192.168.100.112 of type <class 'kasa.smart.smartdevice.SmartDevice'>
192.168.100.112 multi-request-batch-1-of-1 >> '{"method":"multipleRequest","request_time_milis":1744031544634,"terminal_uuid":"YTmT/iXb/zjIdr4lPtXq3w==","params":{"requests":[{"method":"component_nego"},{"method":"get_device_info"},{"method":"get_connect_cloud_state"}]}}'
Will perform handshaking...
Posting to http://192.168.100.112/app
Generating keypair
Handshake request: {'method': 'handshake', 'params': {'key': '-----BEGIN PUBLIC KEY-----\nMIGfMA0GCSqGSIb3DQEBAQUAA4GNADCBiQKBgQDA2htQALHHNOkWapG/wl9qZSmUF+rPgOGRo5ZjQcUu+gRCXmOthw9EB8s8SD6PoMyhszwMGdXNFY5HrnlRcP3KWzSLLrTLggaXLnfJFZbfHULRRfc5odPejdxAi60rsu67tWm4kAJjAn8Cz50B8lHoPT8uwjwqb6HcnAbgSiAnUQIDAQAB\n-----END PUBLIC KEY-----\n'}}
Device responded with: {'error_code': 0, 'result': {'key': 'qDr+7wH+Cs5o57royK/5PC0OD7VsqKiSMrWngI62V7dSbY0U9VAWlT9qKp3RmEHi7hyNgVNojfSgsf9ZbFAZN5YENUOyL5O2EBQrK438TDW9G1GGER4rTvUUnQtdCcuNtuzSDSzeVVmyquidmxj3mTUEef6URa7F1eORwmc1dbc='}}
Handshake with 192.168.100.112 complete
Posting to http://192.168.100.112/app
192.168.100.112: logged in with provided credentials
Posting to http://192.168.100.112/app?token=2ABD82B107715B779917B7145E24C925
Device 192.168.100.112 received an os error, enabling sequential request delay: Server disconnected
Device 192.168.100.112 got a connection error, will retry 3 times: ('Device connection error: 192.168.100.112: Server disconnected', ServerDisconnectedError('Server disconnected'))
192.168.100.112 multi-request-batch-1-of-1 >> '{"method":"multipleRequest","request_time_milis":1744031544771,"terminal_uuid":"YTmT/iXb/zjIdr4lPtXq3w==","params":{"requests":[{"method":"component_nego"},{"method":"get_device_info"},{"method":"get_connect_cloud_state"}]}}'
Device 192.168.100.112 waiting 0.25 seconds to send request
Posting to http://192.168.100.112/app?token=2ABD82B107715B779917B7145E24C925
192.168.100.112 multi-request-batch-1-of-1 << {'error_code': 0,
 'result': {'responses': [{'error_code': 0,
                           'method': 'component_nego',
                           'result': {'component_list': [{'id': 'device',
                                                          'ver_code': 2},
                                                         {'id': 'firmware',
                                                          'ver_code': 1},
                                                         {'id': 'quick_setup',
                                                          'ver_code': 3},
                                                         {'id': 'time',
                                                          'ver_code': 1},
                                                         {'id': 'wireless',
                                                          'ver_code': 1},
                                                         {'id': 'schedule',
                                                          'ver_code': 2},
                                                         {'id': 'countdown',
                                                          'ver_code': 2},
                                                         {'id': 'antitheft',
                                                          'ver_code': 1},
                                                         {'id': 'account',
                                                          'ver_code': 1},
                                                         {'id': 'synchronize',
                                                          'ver_code': 1},
                                                         {'id': 'sunrise_sunset',
                                                          'ver_code': 1},
                                                         {'id': 'led',
                                                          'ver_code': 1},
                                                         {'id': 'cloud_connect',
                                                          'ver_code': 1},
                                                         {'id': 'iot_cloud',
                                                          'ver_code': 1},
                                                         {'id': 'default_states',
                                                          'ver_code': 1}]}},
                          {'error_code': 0,
                           'method': 'get_device_info',
                           'result': {'avatar': 'plug',
                                      'default_states': {'state': {},
                                                         'type': 'last_states'},
                                      'device_id': 'REDACTED_DB80F24B353338FA05BB18C1C486215',
                                      'device_on': False,
                                      'fw_id': 'REDACTED_A25ABDE41405B20C6F98816',
                                      'fw_ver': '1.3.7 Build 20230711 Rel. '
                                                '61904',
                                      'has_set_location_info': True,
                                      'hw_id': 'REDACTED_5B29645B8150C392284029D',
                                      'hw_ver': '1.0.0',
                                      'ip': '192.168.100.112',
                                      'lang': 'it_IT',
                                      'latitude': 0,
                                      'location': '',
                                      'longitude': 0,
                                      'mac': '74-DA-88-00-00-00',
                                      'model': 'P100',
                                      'nickname': 'I01BU0tFRF9OQU1FIw==',
                                      'oem_id': 'REDACTED_06C60A9AEEA36A3347B6EBC',
                                      'on_time': 0,
                                      'overheated': False,
                                      'region': 'Europe/Rome',
                                      'rssi': -54,
                                      'signal_level': 2,
                                      'specs': 'EU',
                                      'ssid': 'I01BU0tFRF9TU0lEIw==',
                                      'time_diff': 60,
                                      'type': 'SMART.TAPOPLUG'}},
                          {'error_code': 0,
                           'method': 'get_connect_cloud_state',
                           'result': {'status': 0}}]}}
Device 192.168.100.112, found required cloud_connect, adding Cloud to modules.
Device 192.168.100.112, found required device, adding DeviceModule to modules.
Device 192.168.100.112, found required firmware, adding Firmware to modules.
Device 192.168.100.112, found required led, adding Led to modules.
Device 192.168.100.112, found required None, adding OverheatProtection to modules.
Device 192.168.100.112, found required time, adding Time to modules.
Querying 192.168.100.112 for modules: Time, Led
192.168.100.112 multi-request-batch-1-of-1 >> '{"method":"multipleRequest","request_time_milis":1744031545124,"terminal_uuid":"YTmT/iXb/zjIdr4lPtXq3w==","params":{"requests":[{"method":"get_device_time"},{"method":"get_led_info"}]}}'
Device 192.168.100.112 waiting 0.25 seconds to send request
Posting to http://192.168.100.112/app?token=2ABD82B107715B779917B7145E24C925
192.168.100.112 multi-request-batch-1-of-1 << {'error_code': 0,
 'result': {'responses': [{'error_code': 0,
                           'method': 'get_device_time',
                           'result': {'region': 'Europe/Rome',
                                      'time_diff': 60,
                                      'timestamp': 1744031544}},
                          {'error_code': 0,
                           'method': 'get_led_info',
                           'result': {'led_rule': 'always',
                                      'led_status': False,
                                      'night_mode': {'end_time': 0,
                                                     'night_mode_type': 'unknown',
                                                     'start_time': 0,
                                                     'sunrise_offset': 0,
                                                     'sunset_offset': 0}}}]}}
Update completed 192.168.100.112: ['component_nego', 'get_device_info', 'get_connect_cloud_state', 'get_device_time', 'get_led_info']
Unclosed client session
client_session: <aiohttp.client.ClientSession object at 0x0000027394288140>
Exception in default exception handler
Traceback (most recent call last):
  File "C:\Users\Davide\AppData\Local\Programs\Python\Python312\Lib\asyncio\base_events.py", line 1847, in call_exception_handler
    self.default_exception_handler(context)
  File "C:\Users\Davide\AppData\Local\Programs\Python\Python312\Lib\asyncio\base_events.py", line 1821, in default_exception_handler
    logger.error('\n'.join(log_lines), exc_info=exc_info)
  File "C:\Users\Davide\AppData\Local\Programs\Python\Python312\Lib\logging\__init__.py", line 1568, in error
    self._log(ERROR, msg, args, **kwargs)
  File "C:\Users\Davide\AppData\Local\Programs\Python\Python312\Lib\logging\__init__.py", line 1684, in _log
    self.handle(record)
  File "C:\Users\Davide\AppData\Local\Programs\Python\Python312\Lib\logging\__init__.py", line 1700, in handle
    self.callHandlers(record)
  File "C:\Users\Davide\AppData\Local\Programs\Python\Python312\Lib\logging\__init__.py", line 1762, in callHandlers
    hdlr.handle(record)
  File "C:\Users\Davide\Desktop\ServerSmartPlug\log_manager.py", line 16, in handle
    listener(record)
  File "C:\Users\Davide\Desktop\ServerSmartPlug\gui\windows.py", line 25, in _add_console_line
    self.console_text.configure(state='normal')
  File "C:\Users\Davide\AppData\Local\Programs\Python\Python312\Lib\tkinter\__init__.py", line 1722, in configure
    return self._configure('configure', cnf, kw)
           ^^^^^^^^^^^^^^^^^^^^^^^^^^^^^^^^^^^^^
  File "C:\Users\Davide\AppData\Local\Programs\Python\Python312\Lib\tkinter\__init__.py", line 1712, in _configure
    self.tk.call(_flatten((self._w, cmd)) + self._options(cnf))
_tkinter.TclError: invalid command name ".!frame4.!frame.!text"
Unclosed connector
connections: ['deque([(<aiohttp.client_proto.ResponseHandler object at 0x0000027394297B30>, 1205114.25)])']
connector: <aiohttp.connector.TCPConnector object at 0x00000273942881A0>
Exception in default exception handler
Traceback (most recent call last):
  File "C:\Users\Davide\AppData\Local\Programs\Python\Python312\Lib\asyncio\base_events.py", line 1847, in call_exception_handler
    self.default_exception_handler(context)
  File "C:\Users\Davide\AppData\Local\Programs\Python\Python312\Lib\asyncio\base_events.py", line 1821, in default_exception_handler
    logger.error('\n'.join(log_lines), exc_info=exc_info)
  File "C:\Users\Davide\AppData\Local\Programs\Python\Python312\Lib\logging\__init__.py", line 1568, in error
    self._log(ERROR, msg, args, **kwargs)
  File "C:\Users\Davide\AppData\Local\Programs\Python\Python312\Lib\logging\__init__.py", line 1684, in _log
    self.handle(record)
  File "C:\Users\Davide\AppData\Local\Programs\Python\Python312\Lib\logging\__init__.py", line 1700, in handle
    self.callHandlers(record)
  File "C:\Users\Davide\AppData\Local\Programs\Python\Python312\Lib\logging\__init__.py", line 1762, in callHandlers
    hdlr.handle(record)
  File "C:\Users\Davide\Desktop\ServerSmartPlug\log_manager.py", line 16, in handle
    listener(record)
  File "C:\Users\Davide\Desktop\ServerSmartPlug\gui\windows.py", line 25, in _add_console_line
    self.console_text.configure(state='normal')
  File "C:\Users\Davide\AppData\Local\Programs\Python\Python312\Lib\tkinter\__init__.py", line 1722, in configure
    return self._configure('configure', cnf, kw)
           ^^^^^^^^^^^^^^^^^^^^^^^^^^^^^^^^^^^^^
  File "C:\Users\Davide\AppData\Local\Programs\Python\Python312\Lib\tkinter\__init__.py", line 1712, in _configure
    self.tk.call(_flatten((self._w, cmd)) + self._options(cnf))
_tkinter.TclError: invalid command name ".!frame4.!frame.!text"
C:\Users\Davide\AppData\Local\I3Lab - Politecnico di Milano\Server SmartPlug\options.json
Discovery started...
Using proactor: IocpProactor
Listening on 127.0.0.1:8080
[DISCOVERY] 255.255.255.255 >> {'system': {'get_sysinfo': {}}}
Waiting 5 seconds for responses...
Using proactor: IocpProactor
Using SmartDevice for SMART.TAPOPLUG
Finding protocol for 192.168.100.112
Finding protocol for DeviceFamily.SmartTapoPlug
Finding transport for SMART.AES
Created AES transport for 192.168.100.112
[DISCOVERY] 192.168.100.112 << {'error_code': 0,
 'result': {'device_id': 'REDACTED_c913ec3cd97a6bec2fbb1ee',
            'device_model': 'P100',
            'device_type': 'SMART.TAPOPLUG',
            'factory_default': False,
            'ip': '192.168.100.112',
            'is_support_iot_cloud': True,
            'mac': '74-DA-88-00-00-00',
            'mgt_encrypt_schm': {'encrypt_type': 'AES',
                                 'http_port': 80,
                                 'is_support_https': False,
                                 'lv': 2},
            'owner': 'REDACTED_19347acd812465188388075'}}
Initializing 192.168.100.112 of type <class 'kasa.smart.smartdevice.SmartDevice'>
Discovery finished! Found: 1 device(s)
Discovered 1 devices
Using proactor: IocpProactor
[DISCOVERY] 192.168.100.112 >> {'system': {'get_sysinfo': {}}}
Waiting a total of 5 seconds for responses...
Using SmartDevice for SMART.TAPOPLUG
Finding protocol for 192.168.100.112
Finding protocol for DeviceFamily.SmartTapoPlug
Finding transport for SMART.AES
Created AES transport for 192.168.100.112
[DISCOVERY] 192.168.100.112 << {'error_code': 0,
 'result': {'device_id': 'REDACTED_c913ec3cd97a6bec2fbb1ee',
            'device_model': 'P100',
            'device_type': 'SMART.TAPOPLUG',
            'factory_default': False,
            'ip': '192.168.100.112',
            'is_support_iot_cloud': True,
            'mac': '74-DA-88-00-00-00',
            'mgt_encrypt_schm': {'encrypt_type': 'AES',
                                 'http_port': 80,
                                 'is_support_https': False,
                                 'lv': 2},
            'owner': 'REDACTED_19347acd812465188388075'}}
Initializing 192.168.100.112 of type <class 'kasa.smart.smartdevice.SmartDevice'>
192.168.100.112 multi-request-batch-1-of-1 >> '{"method":"multipleRequest","request_time_milis":1744031567803,"terminal_uuid":"XcP6qDa3tAgsHCPmVWgaRg==","params":{"requests":[{"method":"component_nego"},{"method":"get_device_info"},{"method":"get_connect_cloud_state"}]}}'
Will perform handshaking...
Posting to http://192.168.100.112/app
Generating keypair
Handshake request: {'method': 'handshake', 'params': {'key': '-----BEGIN PUBLIC KEY-----\nMIGfMA0GCSqGSIb3DQEBAQUAA4GNADCBiQKBgQDFwtgA06+AxMcHg95R5V/xecgj5TPlyno7y4cuB66i5V+VKzIvPnyGBggbqHafOkXg8nV6qmAs0ac+S0vQP3h26ofSQs407xnmIMzU0hNZ3vIwMnbuYtgosJh+kxNCjGV/icrFjJg+QSGIB0XmvKJQrnkJqfCEDL+Io3z1RH7eFQIDAQAB\n-----END PUBLIC KEY-----\n'}}
Device responded with: {'error_code': 0, 'result': {'key': 'Paq+eaVfSKdBzYKJfTTZIle5W+daF8vlap7z5M8rDjJHHxfUlaxVKos3VisukTI5fVfAb57umZ7fG7z2DYbdlJANbqAX/njDi8FlerBV8qH1XrkIJ52bnPaOZiY6HPS8vpjL0XXNFw1mLu0kNwDzduHOArFyhxLi9B8QqO9PJIY='}}
Handshake with 192.168.100.112 complete
Posting to http://192.168.100.112/app
192.168.100.112: logged in with provided credentials
Posting to http://192.168.100.112/app?token=7B91B06C0EBBEBCDBCAEC69D65AC50BD
Device 192.168.100.112 received an os error, enabling sequential request delay: Server disconnected
Device 192.168.100.112 got a connection error, will retry 3 times: ('Device connection error: 192.168.100.112: Server disconnected', ServerDisconnectedError('Server disconnected'))
192.168.100.112 multi-request-batch-1-of-1 >> '{"method":"multipleRequest","request_time_milis":1744031567949,"terminal_uuid":"XcP6qDa3tAgsHCPmVWgaRg==","params":{"requests":[{"method":"component_nego"},{"method":"get_device_info"},{"method":"get_connect_cloud_state"}]}}'
Device 192.168.100.112 waiting 0.25 seconds to send request
Posting to http://192.168.100.112/app?token=7B91B06C0EBBEBCDBCAEC69D65AC50BD
192.168.100.112 multi-request-batch-1-of-1 << {'error_code': 0,
 'result': {'responses': [{'error_code': 0,
                           'method': 'component_nego',
                           'result': {'component_list': [{'id': 'device',
                                                          'ver_code': 2},
                                                         {'id': 'firmware',
                                                          'ver_code': 1},
                                                         {'id': 'quick_setup',
                                                          'ver_code': 3},
                                                         {'id': 'time',
                                                          'ver_code': 1},
                                                         {'id': 'wireless',
                                                          'ver_code': 1},
                                                         {'id': 'schedule',
                                                          'ver_code': 2},
                                                         {'id': 'countdown',
                                                          'ver_code': 2},
                                                         {'id': 'antitheft',
                                                          'ver_code': 1},
                                                         {'id': 'account',
                                                          'ver_code': 1},
                                                         {'id': 'synchronize',
                                                          'ver_code': 1},
                                                         {'id': 'sunrise_sunset',
                                                          'ver_code': 1},
                                                         {'id': 'led',
                                                          'ver_code': 1},
                                                         {'id': 'cloud_connect',
                                                          'ver_code': 1},
                                                         {'id': 'iot_cloud',
                                                          'ver_code': 1},
                                                         {'id': 'default_states',
                                                          'ver_code': 1}]}},
                          {'error_code': 0,
                           'method': 'get_device_info',
                           'result': {'avatar': 'plug',
                                      'default_states': {'state': {},
                                                         'type': 'last_states'},
                                      'device_id': 'REDACTED_DB80F24B353338FA05BB18C1C486215',
                                      'device_on': False,
                                      'fw_id': 'REDACTED_A25ABDE41405B20C6F98816',
                                      'fw_ver': '1.3.7 Build 20230711 Rel. '
                                                '61904',
                                      'has_set_location_info': True,
                                      'hw_id': 'REDACTED_5B29645B8150C392284029D',
                                      'hw_ver': '1.0.0',
                                      'ip': '192.168.100.112',
                                      'lang': 'it_IT',
                                      'latitude': 0,
                                      'location': '',
                                      'longitude': 0,
                                      'mac': '74-DA-88-00-00-00',
                                      'model': 'P100',
                                      'nickname': 'I01BU0tFRF9OQU1FIw==',
                                      'oem_id': 'REDACTED_06C60A9AEEA36A3347B6EBC',
                                      'on_time': 0,
                                      'overheated': False,
                                      'region': 'Europe/Rome',
                                      'rssi': -53,
                                      'signal_level': 2,
                                      'specs': 'EU',
                                      'ssid': 'I01BU0tFRF9TU0lEIw==',
                                      'time_diff': 60,
                                      'type': 'SMART.TAPOPLUG'}},
                          {'error_code': 0,
                           'method': 'get_connect_cloud_state',
                           'result': {'status': 0}}]}}
Device 192.168.100.112, found required cloud_connect, adding Cloud to modules.
Device 192.168.100.112, found required device, adding DeviceModule to modules.
Device 192.168.100.112, found required firmware, adding Firmware to modules.
Device 192.168.100.112, found required led, adding Led to modules.
Device 192.168.100.112, found required None, adding OverheatProtection to modules.
Device 192.168.100.112, found required time, adding Time to modules.
Querying 192.168.100.112 for modules: Time, Led
192.168.100.112 multi-request-batch-1-of-1 >> '{"method":"multipleRequest","request_time_milis":1744031568280,"terminal_uuid":"XcP6qDa3tAgsHCPmVWgaRg==","params":{"requests":[{"method":"get_device_time"},{"method":"get_led_info"}]}}'
Device 192.168.100.112 waiting 0.25 seconds to send request
Posting to http://192.168.100.112/app?token=7B91B06C0EBBEBCDBCAEC69D65AC50BD
192.168.100.112 multi-request-batch-1-of-1 << {'error_code': 0,
 'result': {'responses': [{'error_code': 0,
                           'method': 'get_device_time',
                           'result': {'region': 'Europe/Rome',
                                      'time_diff': 60,
                                      'timestamp': 1744031567}},
                          {'error_code': 0,
                           'method': 'get_led_info',
                           'result': {'led_rule': 'always',
                                      'led_status': False,
                                      'night_mode': {'end_time': 0,
                                                     'night_mode_type': 'unknown',
                                                     'start_time': 0,
                                                     'sunrise_offset': 0,
                                                     'sunset_offset': 0}}}]}}
Update completed 192.168.100.112: ['component_nego', 'get_device_info', 'get_connect_cloud_state', 'get_device_time', 'get_led_info']
Switching status
C:\Users\Davide\AppData\Local\I3Lab - Politecnico di Milano\Server SmartPlug\options.json
Discovery started...
Using proactor: IocpProactor
Listening on 127.0.0.1:8080
[DISCOVERY] 255.255.255.255 >> {'system': {'get_sysinfo': {}}}
Waiting 5 seconds for responses...
Using SmartDevice for SMART.TAPOPLUG
Finding protocol for 192.168.100.112
Finding protocol for DeviceFamily.SmartTapoPlug
Finding transport for SMART.AES
Created AES transport for 192.168.100.112
[DISCOVERY] 192.168.100.112 << {'error_code': 0,
 'result': {'device_id': 'REDACTED_c913ec3cd97a6bec2fbb1ee',
            'device_model': 'P100',
            'device_type': 'SMART.TAPOPLUG',
            'factory_default': False,
            'ip': '192.168.100.112',
            'is_support_iot_cloud': True,
            'mac': '74-DA-88-00-00-00',
            'mgt_encrypt_schm': {'encrypt_type': 'AES',
                                 'http_port': 80,
                                 'is_support_https': False,
                                 'lv': 2},
            'owner': 'REDACTED_19347acd812465188388075'}}
Initializing 192.168.100.112 of type <class 'kasa.smart.smartdevice.SmartDevice'>
Using proactor: IocpProactor
Discovery finished! Found: 1 device(s)
Discovered 1 devices
Using proactor: IocpProactor
[DISCOVERY] 192.168.100.112 >> {'system': {'get_sysinfo': {}}}
Waiting a total of 5 seconds for responses...
Using SmartDevice for SMART.TAPOPLUG
Finding protocol for 192.168.100.112
Finding protocol for DeviceFamily.SmartTapoPlug
Finding transport for SMART.AES
Created AES transport for 192.168.100.112
[DISCOVERY] 192.168.100.112 << {'error_code': 0,
 'result': {'device_id': 'REDACTED_c913ec3cd97a6bec2fbb1ee',
            'device_model': 'P100',
            'device_type': 'SMART.TAPOPLUG',
            'factory_default': False,
            'ip': '192.168.100.112',
            'is_support_iot_cloud': True,
            'mac': '74-DA-88-00-00-00',
            'mgt_encrypt_schm': {'encrypt_type': 'AES',
                                 'http_port': 80,
                                 'is_support_https': False,
                                 'lv': 2},
            'owner': 'REDACTED_19347acd812465188388075'}}
Initializing 192.168.100.112 of type <class 'kasa.smart.smartdevice.SmartDevice'>
192.168.100.112 multi-request-batch-1-of-1 >> '{"method":"multipleRequest","request_time_milis":1744031687077,"terminal_uuid":"wuXR8BXu5kblWlDFohNitQ==","params":{"requests":[{"method":"component_nego"},{"method":"get_device_info"},{"method":"get_connect_cloud_state"}]}}'
Will perform handshaking...
Posting to http://192.168.100.112/app
Generating keypair
Handshake request: {'method': 'handshake', 'params': {'key': '-----BEGIN PUBLIC KEY-----\nMIGfMA0GCSqGSIb3DQEBAQUAA4GNADCBiQKBgQDQOFElOS1+ggxrkvVQ2tDqjMLRGiXShT6RU/DKr1X4MPb91B5IdAZ4G34MvNhT2LUor0AGp4x6oNzeLg1S/xycEqyn+oLT7qn0eAr+XmBcVhl3QNTkJqlYMYH0MfgkCn9nJqyUlAtiQ4neJeLlPEm6Pzf1ctScglXveakh03yJkQIDAQAB\n-----END PUBLIC KEY-----\n'}}
Device responded with: {'error_code': 0, 'result': {'key': 'Y089d/LIjHHQGfCFQjIdeirmFIIKTZyjF9yjvWepUspfaxRNXvtx4jpaOpViLUyuelrLwpQKo05K4CFO0tUzG528eIqm9fvjiWCIBJHqB9Z3o3RJvRCc2nd53PM/7TJV2V6j6AGj5kboIoXRpSjNofKc7Mq1cEwi+bUqIWSE24o='}}
Handshake with 192.168.100.112 complete
Posting to http://192.168.100.112/app
192.168.100.112: logged in with provided credentials
Posting to http://192.168.100.112/app?token=DF3B6233B7B3E1B783F7A8F511D584D4
Device 192.168.100.112 received an os error, enabling sequential request delay: Server disconnected
Device 192.168.100.112 got a connection error, will retry 3 times: ('Device connection error: 192.168.100.112: Server disconnected', ServerDisconnectedError('Server disconnected'))
192.168.100.112 multi-request-batch-1-of-1 >> '{"method":"multipleRequest","request_time_milis":1744031687253,"terminal_uuid":"wuXR8BXu5kblWlDFohNitQ==","params":{"requests":[{"method":"component_nego"},{"method":"get_device_info"},{"method":"get_connect_cloud_state"}]}}'
Device 192.168.100.112 waiting 0.25 seconds to send request
Posting to http://192.168.100.112/app?token=DF3B6233B7B3E1B783F7A8F511D584D4
192.168.100.112 multi-request-batch-1-of-1 << {'error_code': 0,
 'result': {'responses': [{'error_code': 0,
                           'method': 'component_nego',
                           'result': {'component_list': [{'id': 'device',
                                                          'ver_code': 2},
                                                         {'id': 'firmware',
                                                          'ver_code': 1},
                                                         {'id': 'quick_setup',
                                                          'ver_code': 3},
                                                         {'id': 'time',
                                                          'ver_code': 1},
                                                         {'id': 'wireless',
                                                          'ver_code': 1},
                                                         {'id': 'schedule',
                                                          'ver_code': 2},
                                                         {'id': 'countdown',
                                                          'ver_code': 2},
                                                         {'id': 'antitheft',
                                                          'ver_code': 1},
                                                         {'id': 'account',
                                                          'ver_code': 1},
                                                         {'id': 'synchronize',
                                                          'ver_code': 1},
                                                         {'id': 'sunrise_sunset',
                                                          'ver_code': 1},
                                                         {'id': 'led',
                                                          'ver_code': 1},
                                                         {'id': 'cloud_connect',
                                                          'ver_code': 1},
                                                         {'id': 'iot_cloud',
                                                          'ver_code': 1},
                                                         {'id': 'default_states',
                                                          'ver_code': 1}]}},
                          {'error_code': 0,
                           'method': 'get_device_info',
                           'result': {'avatar': 'plug',
                                      'default_states': {'state': {},
                                                         'type': 'last_states'},
                                      'device_id': 'REDACTED_DB80F24B353338FA05BB18C1C486215',
                                      'device_on': False,
                                      'fw_id': 'REDACTED_A25ABDE41405B20C6F98816',
                                      'fw_ver': '1.3.7 Build 20230711 Rel. '
                                                '61904',
                                      'has_set_location_info': True,
                                      'hw_id': 'REDACTED_5B29645B8150C392284029D',
                                      'hw_ver': '1.0.0',
                                      'ip': '192.168.100.112',
                                      'lang': 'it_IT',
                                      'latitude': 0,
                                      'location': '',
                                      'longitude': 0,
                                      'mac': '74-DA-88-00-00-00',
                                      'model': 'P100',
                                      'nickname': 'I01BU0tFRF9OQU1FIw==',
                                      'oem_id': 'REDACTED_06C60A9AEEA36A3347B6EBC',
                                      'on_time': 0,
                                      'overheated': False,
                                      'region': 'Europe/Rome',
                                      'rssi': -54,
                                      'signal_level': 2,
                                      'specs': 'EU',
                                      'ssid': 'I01BU0tFRF9TU0lEIw==',
                                      'time_diff': 60,
                                      'type': 'SMART.TAPOPLUG'}},
                          {'error_code': 0,
                           'method': 'get_connect_cloud_state',
                           'result': {'status': 0}}]}}
Device 192.168.100.112, found required cloud_connect, adding Cloud to modules.
Device 192.168.100.112, found required device, adding DeviceModule to modules.
Device 192.168.100.112, found required firmware, adding Firmware to modules.
Device 192.168.100.112, found required led, adding Led to modules.
Device 192.168.100.112, found required None, adding OverheatProtection to modules.
Device 192.168.100.112, found required time, adding Time to modules.
Querying 192.168.100.112 for modules: Time, Led
192.168.100.112 multi-request-batch-1-of-1 >> '{"method":"multipleRequest","request_time_milis":1744031687566,"terminal_uuid":"wuXR8BXu5kblWlDFohNitQ==","params":{"requests":[{"method":"get_device_time"},{"method":"get_led_info"}]}}'
Device 192.168.100.112 waiting 0.23400000017136335 seconds to send request
Posting to http://192.168.100.112/app?token=DF3B6233B7B3E1B783F7A8F511D584D4
192.168.100.112 multi-request-batch-1-of-1 << {'error_code': 0,
 'result': {'responses': [{'error_code': 0,
                           'method': 'get_device_time',
                           'result': {'region': 'Europe/Rome',
                                      'time_diff': 60,
                                      'timestamp': 1744031687}},
                          {'error_code': 0,
                           'method': 'get_led_info',
                           'result': {'led_rule': 'always',
                                      'led_status': False,
                                      'night_mode': {'end_time': 0,
                                                     'night_mode_type': 'unknown',
                                                     'start_time': 0,
                                                     'sunrise_offset': 0,
                                                     'sunset_offset': 0}}}]}}
Update completed 192.168.100.112: ['component_nego', 'get_device_info', 'get_connect_cloud_state', 'get_device_time', 'get_led_info']
C:\Users\Davide\AppData\Local\I3Lab - Politecnico di Milano\Server SmartPlug\options.json
Discovery started...
Using proactor: IocpProactor
Listening on 127.0.0.1:8080
[DISCOVERY] 255.255.255.255 >> {'system': {'get_sysinfo': {}}}
Waiting 5 seconds for responses...
Using proactor: IocpProactor
Using SmartDevice for SMART.TAPOPLUG
Finding protocol for 192.168.100.112
Finding protocol for DeviceFamily.SmartTapoPlug
Finding transport for SMART.AES
Created AES transport for 192.168.100.112
[DISCOVERY] 192.168.100.112 << {'error_code': 0,
 'result': {'device_id': 'REDACTED_c913ec3cd97a6bec2fbb1ee',
            'device_model': 'P100',
            'device_type': 'SMART.TAPOPLUG',
            'factory_default': False,
            'ip': '192.168.100.112',
            'is_support_iot_cloud': True,
            'mac': '74-DA-88-00-00-00',
            'mgt_encrypt_schm': {'encrypt_type': 'AES',
                                 'http_port': 80,
                                 'is_support_https': False,
                                 'lv': 2},
            'owner': 'REDACTED_19347acd812465188388075'}}
Initializing 192.168.100.112 of type <class 'kasa.smart.smartdevice.SmartDevice'>
Discovery finished! Found: 1 device(s)
Discovered 1 devices
Using proactor: IocpProactor
[DISCOVERY] 192.168.100.112 >> {'system': {'get_sysinfo': {}}}
Waiting a total of 5 seconds for responses...
Using SmartDevice for SMART.TAPOPLUG
Finding protocol for 192.168.100.112
Finding protocol for DeviceFamily.SmartTapoPlug
Finding transport for SMART.AES
Created AES transport for 192.168.100.112
[DISCOVERY] 192.168.100.112 << {'error_code': 0,
 'result': {'device_id': 'REDACTED_c913ec3cd97a6bec2fbb1ee',
            'device_model': 'P100',
            'device_type': 'SMART.TAPOPLUG',
            'factory_default': False,
            'ip': '192.168.100.112',
            'is_support_iot_cloud': True,
            'mac': '74-DA-88-00-00-00',
            'mgt_encrypt_schm': {'encrypt_type': 'AES',
                                 'http_port': 80,
                                 'is_support_https': False,
                                 'lv': 2},
            'owner': 'REDACTED_19347acd812465188388075'}}
Initializing 192.168.100.112 of type <class 'kasa.smart.smartdevice.SmartDevice'>
192.168.100.112 multi-request-batch-1-of-1 >> '{"method":"multipleRequest","request_time_milis":1744031739866,"terminal_uuid":"UY6UYR7bc1M2jmZNxqAeWw==","params":{"requests":[{"method":"component_nego"},{"method":"get_device_info"},{"method":"get_connect_cloud_state"}]}}'
Will perform handshaking...
Posting to http://192.168.100.112/app
Generating keypair
Handshake request: {'method': 'handshake', 'params': {'key': '-----BEGIN PUBLIC KEY-----\nMIGfMA0GCSqGSIb3DQEBAQUAA4GNADCBiQKBgQDCflNxIn1z4QBLxKQ27ESi74QY/DqNi5n39wsOcDkn4G3dx3lDmplEFqHh1IWyny3vdY5FNBgfTudkR7vXjdHxR3AKomyCnMhyAaz5sR6CwF6zdesbmlCi4F+BiZbitrVURYc0M9Lp5qr+m6LlboduFoY0EoIE1I41JrFAd68liwIDAQAB\n-----END PUBLIC KEY-----\n'}}
Device responded with: {'error_code': 0, 'result': {'key': 'ga1CAyJ+Tic5W2dHIYu0IY7qblNH5JrMh9bIv7DH9BKmDtq7h6TkvUNW4e9KnS5jV1Q6ZUwFYktrHYkGd5R6LD5Ceu7GjuXVyhAJ6DcIPD5SNB4/K60u2nGffjhoXNGZZihim1hvnZjbX701f94TPPI/6bOLJeOLC1sLO7KE01s='}}
Handshake with 192.168.100.112 complete
Posting to http://192.168.100.112/app
192.168.100.112: logged in with provided credentials
Posting to http://192.168.100.112/app?token=FCE8CBEBBADBA1DA11CA14CA44CA46CA
Device 192.168.100.112 received an os error, enabling sequential request delay: Server disconnected
Device 192.168.100.112 got a connection error, will retry 3 times: ('Device connection error: 192.168.100.112: Server disconnected', ServerDisconnectedError('Server disconnected'))
192.168.100.112 multi-request-batch-1-of-1 >> '{"method":"multipleRequest","request_time_milis":1744031739979,"terminal_uuid":"UY6UYR7bc1M2jmZNxqAeWw==","params":{"requests":[{"method":"component_nego"},{"method":"get_device_info"},{"method":"get_connect_cloud_state"}]}}'
Device 192.168.100.112 waiting 0.25 seconds to send request
Posting to http://192.168.100.112/app?token=FCE8CBEBBADBA1DA11CA14CA44CA46CA
192.168.100.112 multi-request-batch-1-of-1 << {'error_code': 0,
 'result': {'responses': [{'error_code': 0,
                           'method': 'component_nego',
                           'result': {'component_list': [{'id': 'device',
                                                          'ver_code': 2},
                                                         {'id': 'firmware',
                                                          'ver_code': 1},
                                                         {'id': 'quick_setup',
                                                          'ver_code': 3},
                                                         {'id': 'time',
                                                          'ver_code': 1},
                                                         {'id': 'wireless',
                                                          'ver_code': 1},
                                                         {'id': 'schedule',
                                                          'ver_code': 2},
                                                         {'id': 'countdown',
                                                          'ver_code': 2},
                                                         {'id': 'antitheft',
                                                          'ver_code': 1},
                                                         {'id': 'account',
                                                          'ver_code': 1},
                                                         {'id': 'synchronize',
                                                          'ver_code': 1},
                                                         {'id': 'sunrise_sunset',
                                                          'ver_code': 1},
                                                         {'id': 'led',
                                                          'ver_code': 1},
                                                         {'id': 'cloud_connect',
                                                          'ver_code': 1},
                                                         {'id': 'iot_cloud',
                                                          'ver_code': 1},
                                                         {'id': 'default_states',
                                                          'ver_code': 1}]}},
                          {'error_code': 0,
                           'method': 'get_device_info',
                           'result': {'avatar': 'plug',
                                      'default_states': {'state': {},
                                                         'type': 'last_states'},
                                      'device_id': 'REDACTED_DB80F24B353338FA05BB18C1C486215',
                                      'device_on': False,
                                      'fw_id': 'REDACTED_A25ABDE41405B20C6F98816',
                                      'fw_ver': '1.3.7 Build 20230711 Rel. '
                                                '61904',
                                      'has_set_location_info': True,
                                      'hw_id': 'REDACTED_5B29645B8150C392284029D',
                                      'hw_ver': '1.0.0',
                                      'ip': '192.168.100.112',
                                      'lang': 'it_IT',
                                      'latitude': 0,
                                      'location': '',
                                      'longitude': 0,
                                      'mac': '74-DA-88-00-00-00',
                                      'model': 'P100',
                                      'nickname': 'I01BU0tFRF9OQU1FIw==',
                                      'oem_id': 'REDACTED_06C60A9AEEA36A3347B6EBC',
                                      'on_time': 0,
                                      'overheated': False,
                                      'region': 'Europe/Rome',
                                      'rssi': -55,
                                      'signal_level': 2,
                                      'specs': 'EU',
                                      'ssid': 'I01BU0tFRF9TU0lEIw==',
                                      'time_diff': 60,
                                      'type': 'SMART.TAPOPLUG'}},
                          {'error_code': 0,
                           'method': 'get_connect_cloud_state',
                           'result': {'status': 0}}]}}
Device 192.168.100.112, found required cloud_connect, adding Cloud to modules.
Device 192.168.100.112, found required device, adding DeviceModule to modules.
Device 192.168.100.112, found required firmware, adding Firmware to modules.
Device 192.168.100.112, found required led, adding Led to modules.
Device 192.168.100.112, found required None, adding OverheatProtection to modules.
Device 192.168.100.112, found required time, adding Time to modules.
Querying 192.168.100.112 for modules: Time, Led
192.168.100.112 multi-request-batch-1-of-1 >> '{"method":"multipleRequest","request_time_milis":1744031740311,"terminal_uuid":"UY6UYR7bc1M2jmZNxqAeWw==","params":{"requests":[{"method":"get_device_time"},{"method":"get_led_info"}]}}'
Device 192.168.100.112 waiting 0.25 seconds to send request
Posting to http://192.168.100.112/app?token=FCE8CBEBBADBA1DA11CA14CA44CA46CA
192.168.100.112 multi-request-batch-1-of-1 << {'error_code': 0,
 'result': {'responses': [{'error_code': 0,
                           'method': 'get_device_time',
                           'result': {'region': 'Europe/Rome',
                                      'time_diff': 60,
                                      'timestamp': 1744031739}},
                          {'error_code': 0,
                           'method': 'get_led_info',
                           'result': {'led_rule': 'always',
                                      'led_status': False,
                                      'night_mode': {'end_time': 0,
                                                     'night_mode_type': 'unknown',
                                                     'start_time': 0,
                                                     'sunrise_offset': 0,
                                                     'sunset_offset': 0}}}]}}
Update completed 192.168.100.112: ['component_nego', 'get_device_info', 'get_connect_cloud_state', 'get_device_time', 'get_led_info']
Switching status
Unclosed client session
client_session: <aiohttp.client.ClientSession object at 0x0000021164368110>
Unclosed connector
connections: ['deque([(<aiohttp.client_proto.ResponseHandler object at 0x000002116437BAD0>, 1205309.39)])']
connector: <aiohttp.connector.TCPConnector object at 0x0000021164368080>
C:\Users\Davide\AppData\Local\I3Lab - Politecnico di Milano\Server SmartPlug\options.json
Discovery started...
Using proactor: IocpProactor
Listening on 127.0.0.1:8080
[DISCOVERY] 255.255.255.255 >> {'system': {'get_sysinfo': {}}}
Waiting 5 seconds for responses...
Using proactor: IocpProactor
Using SmartDevice for SMART.TAPOPLUG
Finding protocol for 192.168.100.112
Finding protocol for DeviceFamily.SmartTapoPlug
Finding transport for SMART.AES
Created AES transport for 192.168.100.112
[DISCOVERY] 192.168.100.112 << {'error_code': 0,
 'result': {'device_id': 'REDACTED_c913ec3cd97a6bec2fbb1ee',
            'device_model': 'P100',
            'device_type': 'SMART.TAPOPLUG',
            'factory_default': False,
            'ip': '192.168.100.112',
            'is_support_iot_cloud': True,
            'mac': '74-DA-88-00-00-00',
            'mgt_encrypt_schm': {'encrypt_type': 'AES',
                                 'http_port': 80,
                                 'is_support_https': False,
                                 'lv': 2},
            'owner': 'REDACTED_19347acd812465188388075'}}
Initializing 192.168.100.112 of type <class 'kasa.smart.smartdevice.SmartDevice'>
Discovery finished! Found: 1 device(s)
Discovered 1 devices
Using proactor: IocpProactor
[DISCOVERY] 192.168.100.112 >> {'system': {'get_sysinfo': {}}}
Waiting a total of 5 seconds for responses...
Using SmartDevice for SMART.TAPOPLUG
Finding protocol for 192.168.100.112
Finding protocol for DeviceFamily.SmartTapoPlug
Finding transport for SMART.AES
Created AES transport for 192.168.100.112
[DISCOVERY] 192.168.100.112 << {'error_code': 0,
 'result': {'device_id': 'REDACTED_c913ec3cd97a6bec2fbb1ee',
            'device_model': 'P100',
            'device_type': 'SMART.TAPOPLUG',
            'factory_default': False,
            'ip': '192.168.100.112',
            'is_support_iot_cloud': True,
            'mac': '74-DA-88-00-00-00',
            'mgt_encrypt_schm': {'encrypt_type': 'AES',
                                 'http_port': 80,
                                 'is_support_https': False,
                                 'lv': 2},
            'owner': 'REDACTED_19347acd812465188388075'}}
Initializing 192.168.100.112 of type <class 'kasa.smart.smartdevice.SmartDevice'>
192.168.100.112 multi-request-batch-1-of-1 >> '{"method":"multipleRequest","request_time_milis":1744031793204,"terminal_uuid":"VQedqecaw3w2LwIvsLuDYw==","params":{"requests":[{"method":"component_nego"},{"method":"get_device_info"},{"method":"get_connect_cloud_state"}]}}'
Will perform handshaking...
Posting to http://192.168.100.112/app
Generating keypair
Handshake request: {'method': 'handshake', 'params': {'key': '-----BEGIN PUBLIC KEY-----\nMIGfMA0GCSqGSIb3DQEBAQUAA4GNADCBiQKBgQDSLYD8ww+RicGpgnIwu2bRIsWvIWiZLSa9pqf0GP/bERAUazqaRQgL7/gnboyH/xxmQIghjNkc+sgT4ostyUEu4opTyve2YDp1subZxGUA/vxALP3LYN6CLGRPM/RkyzLoha0Uw/ilwbaEnbOC5WXJKMdgTfiren8+zm6bO2nYmQIDAQAB\n-----END PUBLIC KEY-----\n'}}
Device responded with: {'error_code': 0, 'result': {'key': 'e1KmZIWVhzMgBGNcwJtdTLVCc2TTvVvHpxE22kFCghxwjeqi/s3p0o5kju3CoGXDXz9I+SHT/NXf1TaMj5rVJa9iLvehj1CdJUzCGU2CEs34o97fZ8s0y6Y14+3exB49ZBxQPuoPvgw0YS8oDvLG6YmdPmvw80E7WrWZgCp+GNQ='}}
Handshake with 192.168.100.112 complete
Posting to http://192.168.100.112/app
192.168.100.112: logged in with provided credentials
Posting to http://192.168.100.112/app?token=E0418A4C219C9C9A41FA97F9F9C91AC8
Device 192.168.100.112 received an os error, enabling sequential request delay: Server disconnected
Device 192.168.100.112 got a connection error, will retry 3 times: ('Device connection error: 192.168.100.112: Server disconnected', ServerDisconnectedError('Server disconnected'))
192.168.100.112 multi-request-batch-1-of-1 >> '{"method":"multipleRequest","request_time_milis":1744031793345,"terminal_uuid":"VQedqecaw3w2LwIvsLuDYw==","params":{"requests":[{"method":"component_nego"},{"method":"get_device_info"},{"method":"get_connect_cloud_state"}]}}'
Device 192.168.100.112 waiting 0.25 seconds to send request
Posting to http://192.168.100.112/app?token=E0418A4C219C9C9A41FA97F9F9C91AC8
192.168.100.112 multi-request-batch-1-of-1 << {'error_code': 0,
 'result': {'responses': [{'error_code': 0,
                           'method': 'component_nego',
                           'result': {'component_list': [{'id': 'device',
                                                          'ver_code': 2},
                                                         {'id': 'firmware',
                                                          'ver_code': 1},
                                                         {'id': 'quick_setup',
                                                          'ver_code': 3},
                                                         {'id': 'time',
                                                          'ver_code': 1},
                                                         {'id': 'wireless',
                                                          'ver_code': 1},
                                                         {'id': 'schedule',
                                                          'ver_code': 2},
                                                         {'id': 'countdown',
                                                          'ver_code': 2},
                                                         {'id': 'antitheft',
                                                          'ver_code': 1},
                                                         {'id': 'account',
                                                          'ver_code': 1},
                                                         {'id': 'synchronize',
                                                          'ver_code': 1},
                                                         {'id': 'sunrise_sunset',
                                                          'ver_code': 1},
                                                         {'id': 'led',
                                                          'ver_code': 1},
                                                         {'id': 'cloud_connect',
                                                          'ver_code': 1},
                                                         {'id': 'iot_cloud',
                                                          'ver_code': 1},
                                                         {'id': 'default_states',
                                                          'ver_code': 1}]}},
                          {'error_code': 0,
                           'method': 'get_device_info',
                           'result': {'avatar': 'plug',
                                      'default_states': {'state': {},
                                                         'type': 'last_states'},
                                      'device_id': 'REDACTED_DB80F24B353338FA05BB18C1C486215',
                                      'device_on': False,
                                      'fw_id': 'REDACTED_A25ABDE41405B20C6F98816',
                                      'fw_ver': '1.3.7 Build 20230711 Rel. '
                                                '61904',
                                      'has_set_location_info': True,
                                      'hw_id': 'REDACTED_5B29645B8150C392284029D',
                                      'hw_ver': '1.0.0',
                                      'ip': '192.168.100.112',
                                      'lang': 'it_IT',
                                      'latitude': 0,
                                      'location': '',
                                      'longitude': 0,
                                      'mac': '74-DA-88-00-00-00',
                                      'model': 'P100',
                                      'nickname': 'I01BU0tFRF9OQU1FIw==',
                                      'oem_id': 'REDACTED_06C60A9AEEA36A3347B6EBC',
                                      'on_time': 0,
                                      'overheated': False,
                                      'region': 'Europe/Rome',
                                      'rssi': -55,
                                      'signal_level': 2,
                                      'specs': 'EU',
                                      'ssid': 'I01BU0tFRF9TU0lEIw==',
                                      'time_diff': 60,
                                      'type': 'SMART.TAPOPLUG'}},
                          {'error_code': 0,
                           'method': 'get_connect_cloud_state',
                           'result': {'status': 0}}]}}
Device 192.168.100.112, found required cloud_connect, adding Cloud to modules.
Device 192.168.100.112, found required device, adding DeviceModule to modules.
Device 192.168.100.112, found required firmware, adding Firmware to modules.
Device 192.168.100.112, found required led, adding Led to modules.
Device 192.168.100.112, found required None, adding OverheatProtection to modules.
Device 192.168.100.112, found required time, adding Time to modules.
Querying 192.168.100.112 for modules: Time, Led
192.168.100.112 multi-request-batch-1-of-1 >> '{"method":"multipleRequest","request_time_milis":1744031793697,"terminal_uuid":"VQedqecaw3w2LwIvsLuDYw==","params":{"requests":[{"method":"get_device_time"},{"method":"get_led_info"}]}}'
Device 192.168.100.112 waiting 0.23400000017136335 seconds to send request
Posting to http://192.168.100.112/app?token=E0418A4C219C9C9A41FA97F9F9C91AC8
192.168.100.112 multi-request-batch-1-of-1 << {'error_code': 0,
 'result': {'responses': [{'error_code': 0,
                           'method': 'get_device_time',
                           'result': {'region': 'Europe/Rome',
                                      'time_diff': 60,
                                      'timestamp': 1744031793}},
                          {'error_code': 0,
                           'method': 'get_led_info',
                           'result': {'led_rule': 'always',
                                      'led_status': False,
                                      'night_mode': {'end_time': 0,
                                                     'night_mode_type': 'unknown',
                                                     'start_time': 0,
                                                     'sunrise_offset': 0,
                                                     'sunset_offset': 0}}}]}}
Update completed 192.168.100.112: ['component_nego', 'get_device_info', 'get_connect_cloud_state', 'get_device_time', 'get_led_info']
macchina delle bolle
Unclosed client session
client_session: <aiohttp.client.ClientSession object at 0x0000021F26D37FB0>
Exception in default exception handler
Traceback (most recent call last):
  File "C:\Users\Davide\AppData\Local\Programs\Python\Python312\Lib\asyncio\base_events.py", line 1847, in call_exception_handler
    self.default_exception_handler(context)
  File "C:\Users\Davide\AppData\Local\Programs\Python\Python312\Lib\asyncio\base_events.py", line 1821, in default_exception_handler
    logger.error('\n'.join(log_lines), exc_info=exc_info)
  File "C:\Users\Davide\AppData\Local\Programs\Python\Python312\Lib\logging\__init__.py", line 1568, in error
    self._log(ERROR, msg, args, **kwargs)
  File "C:\Users\Davide\AppData\Local\Programs\Python\Python312\Lib\logging\__init__.py", line 1684, in _log
    self.handle(record)
  File "C:\Users\Davide\AppData\Local\Programs\Python\Python312\Lib\logging\__init__.py", line 1700, in handle
    self.callHandlers(record)
  File "C:\Users\Davide\AppData\Local\Programs\Python\Python312\Lib\logging\__init__.py", line 1762, in callHandlers
    hdlr.handle(record)
  File "C:\Users\Davide\Desktop\ServerSmartPlug\log_manager.py", line 16, in handle
    listener(record)
  File "C:\Users\Davide\Desktop\ServerSmartPlug\gui\windows.py", line 25, in _add_console_line
    self.console_text.configure(state='normal')
  File "C:\Users\Davide\AppData\Local\Programs\Python\Python312\Lib\tkinter\__init__.py", line 1722, in configure
    return self._configure('configure', cnf, kw)
           ^^^^^^^^^^^^^^^^^^^^^^^^^^^^^^^^^^^^^
  File "C:\Users\Davide\AppData\Local\Programs\Python\Python312\Lib\tkinter\__init__.py", line 1712, in _configure
    self.tk.call(_flatten((self._w, cmd)) + self._options(cnf))
_tkinter.TclError: invalid command name ".!frame4.!frame.!text"
Unclosed connector
connections: ['deque([(<aiohttp.client_proto.ResponseHandler object at 0x0000021F26D6BA10>, 1205362.765)])']
connector: <aiohttp.connector.TCPConnector object at 0x0000021F26D37FE0>
Exception in default exception handler
Traceback (most recent call last):
  File "C:\Users\Davide\AppData\Local\Programs\Python\Python312\Lib\asyncio\base_events.py", line 1847, in call_exception_handler
    self.default_exception_handler(context)
  File "C:\Users\Davide\AppData\Local\Programs\Python\Python312\Lib\asyncio\base_events.py", line 1821, in default_exception_handler
    logger.error('\n'.join(log_lines), exc_info=exc_info)
  File "C:\Users\Davide\AppData\Local\Programs\Python\Python312\Lib\logging\__init__.py", line 1568, in error
    self._log(ERROR, msg, args, **kwargs)
  File "C:\Users\Davide\AppData\Local\Programs\Python\Python312\Lib\logging\__init__.py", line 1684, in _log
    self.handle(record)
  File "C:\Users\Davide\AppData\Local\Programs\Python\Python312\Lib\logging\__init__.py", line 1700, in handle
    self.callHandlers(record)
  File "C:\Users\Davide\AppData\Local\Programs\Python\Python312\Lib\logging\__init__.py", line 1762, in callHandlers
    hdlr.handle(record)
  File "C:\Users\Davide\Desktop\ServerSmartPlug\log_manager.py", line 16, in handle
    listener(record)
  File "C:\Users\Davide\Desktop\ServerSmartPlug\gui\windows.py", line 25, in _add_console_line
    self.console_text.configure(state='normal')
  File "C:\Users\Davide\AppData\Local\Programs\Python\Python312\Lib\tkinter\__init__.py", line 1722, in configure
    return self._configure('configure', cnf, kw)
           ^^^^^^^^^^^^^^^^^^^^^^^^^^^^^^^^^^^^^
  File "C:\Users\Davide\AppData\Local\Programs\Python\Python312\Lib\tkinter\__init__.py", line 1712, in _configure
    self.tk.call(_flatten((self._w, cmd)) + self._options(cnf))
_tkinter.TclError: invalid command name ".!frame4.!frame.!text"
C:\Users\Davide\AppData\Local\I3Lab - Politecnico di Milano\Server SmartPlug\options.json
Discovery started...
Using proactor: IocpProactor
Listening on 127.0.0.1:8080
[DISCOVERY] 255.255.255.255 >> {'system': {'get_sysinfo': {}}}
Waiting 5 seconds for responses...
Using proactor: IocpProactor
Using SmartDevice for SMART.TAPOPLUG
Finding protocol for 192.168.100.112
Finding protocol for DeviceFamily.SmartTapoPlug
Finding transport for SMART.AES
Created AES transport for 192.168.100.112
[DISCOVERY] 192.168.100.112 << {'error_code': 0,
 'result': {'device_id': 'REDACTED_c913ec3cd97a6bec2fbb1ee',
            'device_model': 'P100',
            'device_type': 'SMART.TAPOPLUG',
            'factory_default': False,
            'ip': '192.168.100.112',
            'is_support_iot_cloud': True,
            'mac': '74-DA-88-00-00-00',
            'mgt_encrypt_schm': {'encrypt_type': 'AES',
                                 'http_port': 80,
                                 'is_support_https': False,
                                 'lv': 2},
            'owner': 'REDACTED_19347acd812465188388075'}}
Initializing 192.168.100.112 of type <class 'kasa.smart.smartdevice.SmartDevice'>
Discovery finished! Found: 1 device(s)
Discovered 1 devices
Using proactor: IocpProactor
[DISCOVERY] 192.168.100.112 >> {'system': {'get_sysinfo': {}}}
Waiting a total of 5 seconds for responses...
Using SmartDevice for SMART.TAPOPLUG
Finding protocol for 192.168.100.112
Finding protocol for DeviceFamily.SmartTapoPlug
Finding transport for SMART.AES
Created AES transport for 192.168.100.112
[DISCOVERY] 192.168.100.112 << {'error_code': 0,
 'result': {'device_id': 'REDACTED_c913ec3cd97a6bec2fbb1ee',
            'device_model': 'P100',
            'device_type': 'SMART.TAPOPLUG',
            'factory_default': False,
            'ip': '192.168.100.112',
            'is_support_iot_cloud': True,
            'mac': '74-DA-88-00-00-00',
            'mgt_encrypt_schm': {'encrypt_type': 'AES',
                                 'http_port': 80,
                                 'is_support_https': False,
                                 'lv': 2},
            'owner': 'REDACTED_19347acd812465188388075'}}
Initializing 192.168.100.112 of type <class 'kasa.smart.smartdevice.SmartDevice'>
192.168.100.112 multi-request-batch-1-of-1 >> '{"method":"multipleRequest","request_time_milis":1744031832238,"terminal_uuid":"sgX258qkyeGhnYswFM0Vdw==","params":{"requests":[{"method":"component_nego"},{"method":"get_device_info"},{"method":"get_connect_cloud_state"}]}}'
Will perform handshaking...
Posting to http://192.168.100.112/app
Generating keypair
Handshake request: {'method': 'handshake', 'params': {'key': '-----BEGIN PUBLIC KEY-----\nMIGfMA0GCSqGSIb3DQEBAQUAA4GNADCBiQKBgQCfwIArYqAYJK08nHLejl4xuX0osMgP7yWPpM9Y+9B/rzkjuCED63Wv0LccV22PpTCXamwwEYq8m3YvEAfpTF7n0BuGqhsn5UCDLJeySPFYmwEzTAmXmKyqZoKmois/RBX4SrX6xx3yZgrmoCRXkDHRiqKND+NlX9n7f15YCB6kuwIDAQAB\n-----END PUBLIC KEY-----\n'}}
Device responded with: {'error_code': 0, 'result': {'key': 'eU5t73E0n5CjWIhqlqeTPW7UzahsT2WFhB5hUxGWDRw1r02QrkkqzDuakAs4whw5YQJsip9VCd1B1jlORo8QdqMFAJme9UqjqYQhqjf0D3262zfVfi4WW3OjsPbp8p1dkbtzr1wi8i9RUR8Q9xTB2/Atsicw9m5GwVQfLCjsGmI='}}
Handshake with 192.168.100.112 complete
Posting to http://192.168.100.112/app
192.168.100.112: logged in with provided credentials
Posting to http://192.168.100.112/app?token=A817C819CBF9FBFEFA8EE28D6ABDEEBC
Device 192.168.100.112 received an os error, enabling sequential request delay: Server disconnected
Device 192.168.100.112 got a connection error, will retry 3 times: ('Device connection error: 192.168.100.112: Server disconnected', ServerDisconnectedError('Server disconnected'))
192.168.100.112 multi-request-batch-1-of-1 >> '{"method":"multipleRequest","request_time_milis":1744031832396,"terminal_uuid":"sgX258qkyeGhnYswFM0Vdw==","params":{"requests":[{"method":"component_nego"},{"method":"get_device_info"},{"method":"get_connect_cloud_state"}]}}'
Device 192.168.100.112 waiting 0.25 seconds to send request
Posting to http://192.168.100.112/app?token=A817C819CBF9FBFEFA8EE28D6ABDEEBC
192.168.100.112 multi-request-batch-1-of-1 << {'error_code': 0,
 'result': {'responses': [{'error_code': 0,
                           'method': 'component_nego',
                           'result': {'component_list': [{'id': 'device',
                                                          'ver_code': 2},
                                                         {'id': 'firmware',
                                                          'ver_code': 1},
                                                         {'id': 'quick_setup',
                                                          'ver_code': 3},
                                                         {'id': 'time',
                                                          'ver_code': 1},
                                                         {'id': 'wireless',
                                                          'ver_code': 1},
                                                         {'id': 'schedule',
                                                          'ver_code': 2},
                                                         {'id': 'countdown',
                                                          'ver_code': 2},
                                                         {'id': 'antitheft',
                                                          'ver_code': 1},
                                                         {'id': 'account',
                                                          'ver_code': 1},
                                                         {'id': 'synchronize',
                                                          'ver_code': 1},
                                                         {'id': 'sunrise_sunset',
                                                          'ver_code': 1},
                                                         {'id': 'led',
                                                          'ver_code': 1},
                                                         {'id': 'cloud_connect',
                                                          'ver_code': 1},
                                                         {'id': 'iot_cloud',
                                                          'ver_code': 1},
                                                         {'id': 'default_states',
                                                          'ver_code': 1}]}},
                          {'error_code': 0,
                           'method': 'get_device_info',
                           'result': {'avatar': 'plug',
                                      'default_states': {'state': {},
                                                         'type': 'last_states'},
                                      'device_id': 'REDACTED_DB80F24B353338FA05BB18C1C486215',
                                      'device_on': False,
                                      'fw_id': 'REDACTED_A25ABDE41405B20C6F98816',
                                      'fw_ver': '1.3.7 Build 20230711 Rel. '
                                                '61904',
                                      'has_set_location_info': True,
                                      'hw_id': 'REDACTED_5B29645B8150C392284029D',
                                      'hw_ver': '1.0.0',
                                      'ip': '192.168.100.112',
                                      'lang': 'it_IT',
                                      'latitude': 0,
                                      'location': '',
                                      'longitude': 0,
                                      'mac': '74-DA-88-00-00-00',
                                      'model': 'P100',
                                      'nickname': 'I01BU0tFRF9OQU1FIw==',
                                      'oem_id': 'REDACTED_06C60A9AEEA36A3347B6EBC',
                                      'on_time': 0,
                                      'overheated': False,
                                      'region': 'Europe/Rome',
                                      'rssi': -55,
                                      'signal_level': 2,
                                      'specs': 'EU',
                                      'ssid': 'I01BU0tFRF9TU0lEIw==',
                                      'time_diff': 60,
                                      'type': 'SMART.TAPOPLUG'}},
                          {'error_code': 0,
                           'method': 'get_connect_cloud_state',
                           'result': {'status': 0}}]}}
Device 192.168.100.112, found required cloud_connect, adding Cloud to modules.
Device 192.168.100.112, found required device, adding DeviceModule to modules.
Device 192.168.100.112, found required firmware, adding Firmware to modules.
Device 192.168.100.112, found required led, adding Led to modules.
Device 192.168.100.112, found required None, adding OverheatProtection to modules.
Device 192.168.100.112, found required time, adding Time to modules.
Querying 192.168.100.112 for modules: Time, Led
192.168.100.112 multi-request-batch-1-of-1 >> '{"method":"multipleRequest","request_time_milis":1744031832746,"terminal_uuid":"sgX258qkyeGhnYswFM0Vdw==","params":{"requests":[{"method":"get_device_time"},{"method":"get_led_info"}]}}'
Device 192.168.100.112 waiting 0.23400000017136335 seconds to send request
Posting to http://192.168.100.112/app?token=A817C819CBF9FBFEFA8EE28D6ABDEEBC
192.168.100.112 multi-request-batch-1-of-1 << {'error_code': 0,
 'result': {'responses': [{'error_code': 0,
                           'method': 'get_device_time',
                           'result': {'region': 'Europe/Rome',
                                      'time_diff': 60,
                                      'timestamp': 1744031832}},
                          {'error_code': 0,
                           'method': 'get_led_info',
                           'result': {'led_rule': 'always',
                                      'led_status': False,
                                      'night_mode': {'end_time': 0,
                                                     'night_mode_type': 'unknown',
                                                     'start_time': 0,
                                                     'sunrise_offset': 0,
                                                     'sunset_offset': 0}}}]}}
Update completed 192.168.100.112: ['component_nego', 'get_device_info', 'get_connect_cloud_state', 'get_device_time', 'get_led_info']
macchina delle bolle
Switching status
Unclosed client session
client_session: <aiohttp.client.ClientSession object at 0x000001B323AD4D40>
Exception in default exception handler
Traceback (most recent call last):
  File "C:\Users\Davide\AppData\Local\Programs\Python\Python312\Lib\asyncio\base_events.py", line 1847, in call_exception_handler
    self.default_exception_handler(context)
  File "C:\Users\Davide\AppData\Local\Programs\Python\Python312\Lib\asyncio\base_events.py", line 1821, in default_exception_handler
    logger.error('\n'.join(log_lines), exc_info=exc_info)
  File "C:\Users\Davide\AppData\Local\Programs\Python\Python312\Lib\logging\__init__.py", line 1568, in error
    self._log(ERROR, msg, args, **kwargs)
  File "C:\Users\Davide\AppData\Local\Programs\Python\Python312\Lib\logging\__init__.py", line 1684, in _log
    self.handle(record)
  File "C:\Users\Davide\AppData\Local\Programs\Python\Python312\Lib\logging\__init__.py", line 1700, in handle
    self.callHandlers(record)
  File "C:\Users\Davide\AppData\Local\Programs\Python\Python312\Lib\logging\__init__.py", line 1762, in callHandlers
    hdlr.handle(record)
  File "C:\Users\Davide\Desktop\ServerSmartPlug\log_manager.py", line 16, in handle
    listener(record)
  File "C:\Users\Davide\Desktop\ServerSmartPlug\gui\windows.py", line 25, in _add_console_line
    self.console_text.configure(state='normal')
  File "C:\Users\Davide\AppData\Local\Programs\Python\Python312\Lib\tkinter\__init__.py", line 1722, in configure
    return self._configure('configure', cnf, kw)
           ^^^^^^^^^^^^^^^^^^^^^^^^^^^^^^^^^^^^^
  File "C:\Users\Davide\AppData\Local\Programs\Python\Python312\Lib\tkinter\__init__.py", line 1712, in _configure
    self.tk.call(_flatten((self._w, cmd)) + self._options(cnf))
_tkinter.TclError: invalid command name ".!frame4.!frame.!text"
Unclosed connector
connections: ['deque([(<aiohttp.client_proto.ResponseHandler object at 0x000001B323B7BA70>, 1205401.812)])']
connector: <aiohttp.connector.TCPConnector object at 0x000001B323B47BC0>
Exception in default exception handler
Traceback (most recent call last):
  File "C:\Users\Davide\AppData\Local\Programs\Python\Python312\Lib\asyncio\base_events.py", line 1847, in call_exception_handler
    self.default_exception_handler(context)
  File "C:\Users\Davide\AppData\Local\Programs\Python\Python312\Lib\asyncio\base_events.py", line 1821, in default_exception_handler
    logger.error('\n'.join(log_lines), exc_info=exc_info)
  File "C:\Users\Davide\AppData\Local\Programs\Python\Python312\Lib\logging\__init__.py", line 1568, in error
    self._log(ERROR, msg, args, **kwargs)
  File "C:\Users\Davide\AppData\Local\Programs\Python\Python312\Lib\logging\__init__.py", line 1684, in _log
    self.handle(record)
  File "C:\Users\Davide\AppData\Local\Programs\Python\Python312\Lib\logging\__init__.py", line 1700, in handle
    self.callHandlers(record)
  File "C:\Users\Davide\AppData\Local\Programs\Python\Python312\Lib\logging\__init__.py", line 1762, in callHandlers
    hdlr.handle(record)
  File "C:\Users\Davide\Desktop\ServerSmartPlug\log_manager.py", line 16, in handle
    listener(record)
  File "C:\Users\Davide\Desktop\ServerSmartPlug\gui\windows.py", line 25, in _add_console_line
    self.console_text.configure(state='normal')
  File "C:\Users\Davide\AppData\Local\Programs\Python\Python312\Lib\tkinter\__init__.py", line 1722, in configure
    return self._configure('configure', cnf, kw)
           ^^^^^^^^^^^^^^^^^^^^^^^^^^^^^^^^^^^^^
  File "C:\Users\Davide\AppData\Local\Programs\Python\Python312\Lib\tkinter\__init__.py", line 1712, in _configure
    self.tk.call(_flatten((self._w, cmd)) + self._options(cnf))
_tkinter.TclError: invalid command name ".!frame4.!frame.!text"
C:\Users\Davide\AppData\Local\I3Lab - Politecnico di Milano\Server SmartPlug\options.json
Discovery started...
Using proactor: IocpProactor
Listening on 127.0.0.1:8080
[DISCOVERY] 255.255.255.255 >> {'system': {'get_sysinfo': {}}}
Waiting 5 seconds for responses...
Using SmartDevice for SMART.TAPOPLUG
Finding protocol for 192.168.100.112
Finding protocol for DeviceFamily.SmartTapoPlug
Finding transport for SMART.AES
Created AES transport for 192.168.100.112
[DISCOVERY] 192.168.100.112 << {'error_code': 0,
 'result': {'device_id': 'REDACTED_c913ec3cd97a6bec2fbb1ee',
            'device_model': 'P100',
            'device_type': 'SMART.TAPOPLUG',
            'factory_default': False,
            'ip': '192.168.100.112',
            'is_support_iot_cloud': True,
            'mac': '74-DA-88-00-00-00',
            'mgt_encrypt_schm': {'encrypt_type': 'AES',
                                 'http_port': 80,
                                 'is_support_https': False,
                                 'lv': 2},
            'owner': 'REDACTED_19347acd812465188388075'}}
Initializing 192.168.100.112 of type <class 'kasa.smart.smartdevice.SmartDevice'>
Using proactor: IocpProactor
Discovery finished! Found: 1 device(s)
Discovered 1 devices
Using proactor: IocpProactor
[DISCOVERY] 192.168.100.112 >> {'system': {'get_sysinfo': {}}}
Waiting a total of 5 seconds for responses...
Using SmartDevice for SMART.TAPOPLUG
Finding protocol for 192.168.100.112
Finding protocol for DeviceFamily.SmartTapoPlug
Finding transport for SMART.AES
Created AES transport for 192.168.100.112
[DISCOVERY] 192.168.100.112 << {'error_code': 0,
 'result': {'device_id': 'REDACTED_c913ec3cd97a6bec2fbb1ee',
            'device_model': 'P100',
            'device_type': 'SMART.TAPOPLUG',
            'factory_default': False,
            'ip': '192.168.100.112',
            'is_support_iot_cloud': True,
            'mac': '74-DA-88-00-00-00',
            'mgt_encrypt_schm': {'encrypt_type': 'AES',
                                 'http_port': 80,
                                 'is_support_https': False,
                                 'lv': 2},
            'owner': 'REDACTED_19347acd812465188388075'}}
Initializing 192.168.100.112 of type <class 'kasa.smart.smartdevice.SmartDevice'>
192.168.100.112 multi-request-batch-1-of-1 >> '{"method":"multipleRequest","request_time_milis":1744031988151,"terminal_uuid":"cWAFmtTflcAipvKLKZUbog==","params":{"requests":[{"method":"component_nego"},{"method":"get_device_info"},{"method":"get_connect_cloud_state"}]}}'
Will perform handshaking...
Posting to http://192.168.100.112/app
Generating keypair
Handshake request: {'method': 'handshake', 'params': {'key': '-----BEGIN PUBLIC KEY-----\nMIGfMA0GCSqGSIb3DQEBAQUAA4GNADCBiQKBgQD0B7bLlFoeIiY3x4Lr+MPW02L/tMp+8Z2IyfflQYY4kO+CbYXsvjv2TzIB2+a3nuA1/fbmGmv207r1exPdRzMunNpg+PeVtbLsfzina9hNQ7vDczSGVNASCZPUtJDP6n9Ewb6y8bac7RsEPVYAafwnW2AZSL+D+uNOE09Ekgiv2wIDAQAB\n-----END PUBLIC KEY-----\n'}}
Device responded with: {'error_code': 0, 'result': {'key': 'bfjExW3yLQG6YTXaxa82lVVoH4fCwvTrIdua9jERTPAVKI7afIapsIekRKw9QiNLwbJyP+bwVd5tuzN6S6qfiMcMXMuYLbFKPbXm/ToYsZiyPD1Zepo+mRicojaKh01PKWlwrXI6Zs/gazyBH2bHlZ3wXd2f+4Df8yupqoKsyDw='}}
Handshake with 192.168.100.112 complete
Posting to http://192.168.100.112/app
192.168.100.112: logged in with provided credentials
Posting to http://192.168.100.112/app?token=A59D0B91E651315747372C349F04A205
Device 192.168.100.112 received an os error, enabling sequential request delay: Server disconnected
Device 192.168.100.112 got a connection error, will retry 3 times: ('Device connection error: 192.168.100.112: Server disconnected', ServerDisconnectedError('Server disconnected'))
192.168.100.112 multi-request-batch-1-of-1 >> '{"method":"multipleRequest","request_time_milis":1744031988286,"terminal_uuid":"cWAFmtTflcAipvKLKZUbog==","params":{"requests":[{"method":"component_nego"},{"method":"get_device_info"},{"method":"get_connect_cloud_state"}]}}'
Device 192.168.100.112 waiting 0.25 seconds to send request
Posting to http://192.168.100.112/app?token=A59D0B91E651315747372C349F04A205
192.168.100.112 multi-request-batch-1-of-1 << {'error_code': 0,
 'result': {'responses': [{'error_code': 0,
                           'method': 'component_nego',
                           'result': {'component_list': [{'id': 'device',
                                                          'ver_code': 2},
                                                         {'id': 'firmware',
                                                          'ver_code': 1},
                                                         {'id': 'quick_setup',
                                                          'ver_code': 3},
                                                         {'id': 'time',
                                                          'ver_code': 1},
                                                         {'id': 'wireless',
                                                          'ver_code': 1},
                                                         {'id': 'schedule',
                                                          'ver_code': 2},
                                                         {'id': 'countdown',
                                                          'ver_code': 2},
                                                         {'id': 'antitheft',
                                                          'ver_code': 1},
                                                         {'id': 'account',
                                                          'ver_code': 1},
                                                         {'id': 'synchronize',
                                                          'ver_code': 1},
                                                         {'id': 'sunrise_sunset',
                                                          'ver_code': 1},
                                                         {'id': 'led',
                                                          'ver_code': 1},
                                                         {'id': 'cloud_connect',
                                                          'ver_code': 1},
                                                         {'id': 'iot_cloud',
                                                          'ver_code': 1},
                                                         {'id': 'default_states',
                                                          'ver_code': 1}]}},
                          {'error_code': 0,
                           'method': 'get_device_info',
                           'result': {'avatar': 'plug',
                                      'default_states': {'state': {},
                                                         'type': 'last_states'},
                                      'device_id': 'REDACTED_DB80F24B353338FA05BB18C1C486215',
                                      'device_on': False,
                                      'fw_id': 'REDACTED_A25ABDE41405B20C6F98816',
                                      'fw_ver': '1.3.7 Build 20230711 Rel. '
                                                '61904',
                                      'has_set_location_info': True,
                                      'hw_id': 'REDACTED_5B29645B8150C392284029D',
                                      'hw_ver': '1.0.0',
                                      'ip': '192.168.100.112',
                                      'lang': 'it_IT',
                                      'latitude': 0,
                                      'location': '',
                                      'longitude': 0,
                                      'mac': '74-DA-88-00-00-00',
                                      'model': 'P100',
                                      'nickname': 'I01BU0tFRF9OQU1FIw==',
                                      'oem_id': 'REDACTED_06C60A9AEEA36A3347B6EBC',
                                      'on_time': 0,
                                      'overheated': False,
                                      'region': 'Europe/Rome',
                                      'rssi': -55,
                                      'signal_level': 2,
                                      'specs': 'EU',
                                      'ssid': 'I01BU0tFRF9TU0lEIw==',
                                      'time_diff': 60,
                                      'type': 'SMART.TAPOPLUG'}},
                          {'error_code': 0,
                           'method': 'get_connect_cloud_state',
                           'result': {'status': 0}}]}}
Device 192.168.100.112, found required cloud_connect, adding Cloud to modules.
Device 192.168.100.112, found required device, adding DeviceModule to modules.
Device 192.168.100.112, found required firmware, adding Firmware to modules.
Device 192.168.100.112, found required led, adding Led to modules.
Device 192.168.100.112, found required None, adding OverheatProtection to modules.
Device 192.168.100.112, found required time, adding Time to modules.
Querying 192.168.100.112 for modules: Time, Led
192.168.100.112 multi-request-batch-1-of-1 >> '{"method":"multipleRequest","request_time_milis":1744031988619,"terminal_uuid":"cWAFmtTflcAipvKLKZUbog==","params":{"requests":[{"method":"get_device_time"},{"method":"get_led_info"}]}}'
Device 192.168.100.112 waiting 0.23400000017136335 seconds to send request
Posting to http://192.168.100.112/app?token=A59D0B91E651315747372C349F04A205
192.168.100.112 multi-request-batch-1-of-1 << {'error_code': 0,
 'result': {'responses': [{'error_code': 0,
                           'method': 'get_device_time',
                           'result': {'region': 'Europe/Rome',
                                      'time_diff': 60,
                                      'timestamp': 1744031988}},
                          {'error_code': 0,
                           'method': 'get_led_info',
                           'result': {'led_rule': 'always',
                                      'led_status': False,
                                      'night_mode': {'end_time': 0,
                                                     'night_mode_type': 'unknown',
                                                     'start_time': 0,
                                                     'sunrise_offset': 0,
                                                     'sunset_offset': 0}}}]}}
Update completed 192.168.100.112: ['component_nego', 'get_device_info', 'get_connect_cloud_state', 'get_device_time', 'get_led_info']
Switching status
C:\Users\Davide\AppData\Local\I3Lab - Politecnico di Milano\Server SmartPlug\options.json
Discovery started...
Using proactor: IocpProactor
Listening on 127.0.0.1:8080
[DISCOVERY] 255.255.255.255 >> {'system': {'get_sysinfo': {}}}
Waiting 5 seconds for responses...
Using proactor: IocpProactor
Using SmartDevice for SMART.TAPOPLUG
Finding protocol for 192.168.100.112
Finding protocol for DeviceFamily.SmartTapoPlug
Finding transport for SMART.AES
Created AES transport for 192.168.100.112
[DISCOVERY] 192.168.100.112 << {'error_code': 0,
 'result': {'device_id': 'REDACTED_c913ec3cd97a6bec2fbb1ee',
            'device_model': 'P100',
            'device_type': 'SMART.TAPOPLUG',
            'factory_default': False,
            'ip': '192.168.100.112',
            'is_support_iot_cloud': True,
            'mac': '74-DA-88-00-00-00',
            'mgt_encrypt_schm': {'encrypt_type': 'AES',
                                 'http_port': 80,
                                 'is_support_https': False,
                                 'lv': 2},
            'owner': 'REDACTED_19347acd812465188388075'}}
Initializing 192.168.100.112 of type <class 'kasa.smart.smartdevice.SmartDevice'>
Discovery finished! Found: 1 device(s)
Discovered 1 devices
Using proactor: IocpProactor
[DISCOVERY] 192.168.100.112 >> {'system': {'get_sysinfo': {}}}
Waiting a total of 5 seconds for responses...
Using SmartDevice for SMART.TAPOPLUG
Finding protocol for 192.168.100.112
Finding protocol for DeviceFamily.SmartTapoPlug
Finding transport for SMART.AES
Created AES transport for 192.168.100.112
[DISCOVERY] 192.168.100.112 << {'error_code': 0,
 'result': {'device_id': 'REDACTED_c913ec3cd97a6bec2fbb1ee',
            'device_model': 'P100',
            'device_type': 'SMART.TAPOPLUG',
            'factory_default': False,
            'ip': '192.168.100.112',
            'is_support_iot_cloud': True,
            'mac': '74-DA-88-00-00-00',
            'mgt_encrypt_schm': {'encrypt_type': 'AES',
                                 'http_port': 80,
                                 'is_support_https': False,
                                 'lv': 2},
            'owner': 'REDACTED_19347acd812465188388075'}}
Initializing 192.168.100.112 of type <class 'kasa.smart.smartdevice.SmartDevice'>
192.168.100.112 multi-request-batch-1-of-1 >> '{"method":"multipleRequest","request_time_milis":1744032055760,"terminal_uuid":"ipJbnZeSSAgjBesB5aOoFA==","params":{"requests":[{"method":"component_nego"},{"method":"get_device_info"},{"method":"get_connect_cloud_state"}]}}'
Will perform handshaking...
Posting to http://192.168.100.112/app
Generating keypair
Handshake request: {'method': 'handshake', 'params': {'key': '-----BEGIN PUBLIC KEY-----\nMIGfMA0GCSqGSIb3DQEBAQUAA4GNADCBiQKBgQC+s3c8XRSfibZY8a8mxFtfSWmivCmvF9HCTwOMYurgJvuN9uSSS2HzykuDyOuqasV3zfkSIsbGD7Sn0IhDnACj0iYohJQAZ/1LRW6nmtyUTBI/U8rEIcTK6UJLiVaO5vJsFKvLxLKU9SVZWJU5KNlkmgNBUuetgEd/XXI1pie+IwIDAQAB\n-----END PUBLIC KEY-----\n'}}
Device responded with: {'error_code': 0, 'result': {'key': 'a18whv0GbddEGCGWTX9SMVgt1vKhpRRgoMryuxe+whPNJyi6aneBpLyr5XI4yF7Z3SwKtoq8x5ZojIUp0A06iXJPRzDylenw6qpgr1h/imNVX20kMEUHZyloRgod6nX1KArU7yZgVr3CjQdl1Vv3Kb32hMOlzlWdjuaGd4CvzOE='}}
Handshake with 192.168.100.112 complete
Posting to http://192.168.100.112/app
192.168.100.112: logged in with provided credentials
Posting to http://192.168.100.112/app?token=306E9E657BD52CD05E807D824CA25DA3
Device 192.168.100.112 received an os error, enabling sequential request delay: Server disconnected
Device 192.168.100.112 got a connection error, will retry 3 times: ('Device connection error: 192.168.100.112: Server disconnected', ServerDisconnectedError('Server disconnected'))
192.168.100.112 multi-request-batch-1-of-1 >> '{"method":"multipleRequest","request_time_milis":1744032055905,"terminal_uuid":"ipJbnZeSSAgjBesB5aOoFA==","params":{"requests":[{"method":"component_nego"},{"method":"get_device_info"},{"method":"get_connect_cloud_state"}]}}'
Device 192.168.100.112 waiting 0.25 seconds to send request
Posting to http://192.168.100.112/app?token=306E9E657BD52CD05E807D824CA25DA3
192.168.100.112 multi-request-batch-1-of-1 << {'error_code': 0,
 'result': {'responses': [{'error_code': 0,
                           'method': 'component_nego',
                           'result': {'component_list': [{'id': 'device',
                                                          'ver_code': 2},
                                                         {'id': 'firmware',
                                                          'ver_code': 1},
                                                         {'id': 'quick_setup',
                                                          'ver_code': 3},
                                                         {'id': 'time',
                                                          'ver_code': 1},
                                                         {'id': 'wireless',
                                                          'ver_code': 1},
                                                         {'id': 'schedule',
                                                          'ver_code': 2},
                                                         {'id': 'countdown',
                                                          'ver_code': 2},
                                                         {'id': 'antitheft',
                                                          'ver_code': 1},
                                                         {'id': 'account',
                                                          'ver_code': 1},
                                                         {'id': 'synchronize',
                                                          'ver_code': 1},
                                                         {'id': 'sunrise_sunset',
                                                          'ver_code': 1},
                                                         {'id': 'led',
                                                          'ver_code': 1},
                                                         {'id': 'cloud_connect',
                                                          'ver_code': 1},
                                                         {'id': 'iot_cloud',
                                                          'ver_code': 1},
                                                         {'id': 'default_states',
                                                          'ver_code': 1}]}},
                          {'error_code': 0,
                           'method': 'get_device_info',
                           'result': {'avatar': 'plug',
                                      'default_states': {'state': {},
                                                         'type': 'last_states'},
                                      'device_id': 'REDACTED_DB80F24B353338FA05BB18C1C486215',
                                      'device_on': False,
                                      'fw_id': 'REDACTED_A25ABDE41405B20C6F98816',
                                      'fw_ver': '1.3.7 Build 20230711 Rel. '
                                                '61904',
                                      'has_set_location_info': True,
                                      'hw_id': 'REDACTED_5B29645B8150C392284029D',
                                      'hw_ver': '1.0.0',
                                      'ip': '192.168.100.112',
                                      'lang': 'it_IT',
                                      'latitude': 0,
                                      'location': '',
                                      'longitude': 0,
                                      'mac': '74-DA-88-00-00-00',
                                      'model': 'P100',
                                      'nickname': 'I01BU0tFRF9OQU1FIw==',
                                      'oem_id': 'REDACTED_06C60A9AEEA36A3347B6EBC',
                                      'on_time': 0,
                                      'overheated': False,
                                      'region': 'Europe/Rome',
                                      'rssi': -53,
                                      'signal_level': 2,
                                      'specs': 'EU',
                                      'ssid': 'I01BU0tFRF9TU0lEIw==',
                                      'time_diff': 60,
                                      'type': 'SMART.TAPOPLUG'}},
                          {'error_code': 0,
                           'method': 'get_connect_cloud_state',
                           'result': {'status': 0}}]}}
Device 192.168.100.112, found required cloud_connect, adding Cloud to modules.
Device 192.168.100.112, found required device, adding DeviceModule to modules.
Device 192.168.100.112, found required firmware, adding Firmware to modules.
Device 192.168.100.112, found required led, adding Led to modules.
Device 192.168.100.112, found required None, adding OverheatProtection to modules.
Device 192.168.100.112, found required time, adding Time to modules.
Querying 192.168.100.112 for modules: Time, Led
192.168.100.112 multi-request-batch-1-of-1 >> '{"method":"multipleRequest","request_time_milis":1744032056244,"terminal_uuid":"ipJbnZeSSAgjBesB5aOoFA==","params":{"requests":[{"method":"get_device_time"},{"method":"get_led_info"}]}}'
Device 192.168.100.112 waiting 0.23400000017136335 seconds to send request
Posting to http://192.168.100.112/app?token=306E9E657BD52CD05E807D824CA25DA3
192.168.100.112 multi-request-batch-1-of-1 << {'error_code': 0,
 'result': {'responses': [{'error_code': 0,
                           'method': 'get_device_time',
                           'result': {'region': 'Europe/Rome',
                                      'time_diff': 60,
                                      'timestamp': 1744032055}},
                          {'error_code': 0,
                           'method': 'get_led_info',
                           'result': {'led_rule': 'always',
                                      'led_status': False,
                                      'night_mode': {'end_time': 0,
                                                     'night_mode_type': 'unknown',
                                                     'start_time': 0,
                                                     'sunrise_offset': 0,
                                                     'sunset_offset': 0}}}]}}
Update completed 192.168.100.112: ['component_nego', 'get_device_info', 'get_connect_cloud_state', 'get_device_time', 'get_led_info']
Switching status
Using proactor: IocpProactor
[DISCOVERY] 192.168.100.112 >> {'system': {'get_sysinfo': {}}}
Waiting a total of 5 seconds for responses...
Using SmartDevice for SMART.TAPOPLUG
Finding protocol for 192.168.100.112
Finding protocol for DeviceFamily.SmartTapoPlug
Finding transport for SMART.AES
Created AES transport for 192.168.100.112
[DISCOVERY] 192.168.100.112 << {'error_code': 0,
 'result': {'device_id': 'REDACTED_c913ec3cd97a6bec2fbb1ee',
            'device_model': 'P100',
            'device_type': 'SMART.TAPOPLUG',
            'factory_default': False,
            'ip': '192.168.100.112',
            'is_support_iot_cloud': True,
            'mac': '74-DA-88-00-00-00',
            'mgt_encrypt_schm': {'encrypt_type': 'AES',
                                 'http_port': 80,
                                 'is_support_https': False,
                                 'lv': 2},
            'owner': 'REDACTED_19347acd812465188388075'}}
Initializing 192.168.100.112 of type <class 'kasa.smart.smartdevice.SmartDevice'>
192.168.100.112 >> '{"method":"set_device_info","request_time_milis":1744032058827,"terminal_uuid":"iAncmhO2D+ifS70e+Az9LQ==","params":{"device_on":true}}'
Will perform handshaking...
Posting to http://192.168.100.112/app
Generating keypair
Handshake request: {'method': 'handshake', 'params': {'key': '-----BEGIN PUBLIC KEY-----\nMIGfMA0GCSqGSIb3DQEBAQUAA4GNADCBiQKBgQDSanUUnMZNyCWqfYQiem5MPJOFlRJdIOYXHr+JL0clliJ/Mf7rwGJPTbLpGC+yZ5rmveFGx1a7kYP61HK1KF7XLQLcx1ET+cRuOCNGTmgUhwKu1uaOnLXuU11tS+YqmtpjY65xzrGqvcu0NakjNGj8whYVIWQ5XxITfVbXKQAoBwIDAQAB\n-----END PUBLIC KEY-----\n'}}
Device responded with: {'error_code': 0, 'result': {'key': 'BREGadghKeeaoJexBhJLOaP8BZ2aAOKJ7Kt6DLcZViiWd0lKrbx+uyhVlDK/lVT/m/bLpA6zdlZsLcNJvChlTEyNV4SZiLB5DGm870D1SgEg6SHgu1dKIVvxKdproLRJaepcWL+38/x2VbcC/nPVNOJLuHnzsmg1Rk63KuWm9jc='}}
Handshake with 192.168.100.112 complete
Posting to http://192.168.100.112/app
192.168.100.112: logged in with provided credentials
Posting to http://192.168.100.112/app?token=07AE87A28B624364C504A9076237DC36
Device 192.168.100.112 received an os error, enabling sequential request delay: Server disconnected
Device 192.168.100.112 got a connection error, will retry 3 times: ('Device connection error: 192.168.100.112: Server disconnected', ServerDisconnectedError('Server disconnected'))
192.168.100.112 >> '{"method":"set_device_info","request_time_milis":1744032058945,"terminal_uuid":"iAncmhO2D+ifS70e+Az9LQ==","params":{"device_on":true}}'
Device 192.168.100.112 waiting 0.25 seconds to send request
Posting to http://192.168.100.112/app?token=07AE87A28B624364C504A9076237DC36
192.168.100.112 << {'error_code': 0}
192.168.100.112 multi-request-batch-1-of-1 >> '{"method":"multipleRequest","request_time_milis":1744032059321,"terminal_uuid":"iAncmhO2D+ifS70e+Az9LQ==","params":{"requests":[{"method":"component_nego"},{"method":"get_device_info"},{"method":"get_connect_cloud_state"}]}}'
Device 192.168.100.112 waiting 0.25 seconds to send request
Posting to http://192.168.100.112/app?token=07AE87A28B624364C504A9076237DC36
192.168.100.112 multi-request-batch-1-of-1 << {'error_code': 0,
 'result': {'responses': [{'error_code': 0,
                           'method': 'component_nego',
                           'result': {'component_list': [{'id': 'device',
                                                          'ver_code': 2},
                                                         {'id': 'firmware',
                                                          'ver_code': 1},
                                                         {'id': 'quick_setup',
                                                          'ver_code': 3},
                                                         {'id': 'time',
                                                          'ver_code': 1},
                                                         {'id': 'wireless',
                                                          'ver_code': 1},
                                                         {'id': 'schedule',
                                                          'ver_code': 2},
                                                         {'id': 'countdown',
                                                          'ver_code': 2},
                                                         {'id': 'antitheft',
                                                          'ver_code': 1},
                                                         {'id': 'account',
                                                          'ver_code': 1},
                                                         {'id': 'synchronize',
                                                          'ver_code': 1},
                                                         {'id': 'sunrise_sunset',
                                                          'ver_code': 1},
                                                         {'id': 'led',
                                                          'ver_code': 1},
                                                         {'id': 'cloud_connect',
                                                          'ver_code': 1},
                                                         {'id': 'iot_cloud',
                                                          'ver_code': 1},
                                                         {'id': 'default_states',
                                                          'ver_code': 1}]}},
                          {'error_code': 0,
                           'method': 'get_device_info',
                           'result': {'avatar': 'plug',
                                      'default_states': {'state': {},
                                                         'type': 'last_states'},
                                      'device_id': 'REDACTED_DB80F24B353338FA05BB18C1C486215',
                                      'device_on': True,
                                      'fw_id': 'REDACTED_A25ABDE41405B20C6F98816',
                                      'fw_ver': '1.3.7 Build 20230711 Rel. '
                                                '61904',
                                      'has_set_location_info': True,
                                      'hw_id': 'REDACTED_5B29645B8150C392284029D',
                                      'hw_ver': '1.0.0',
                                      'ip': '192.168.100.112',
                                      'lang': 'it_IT',
                                      'latitude': 0,
                                      'location': '',
                                      'longitude': 0,
                                      'mac': '74-DA-88-00-00-00',
                                      'model': 'P100',
                                      'nickname': 'I01BU0tFRF9OQU1FIw==',
                                      'oem_id': 'REDACTED_06C60A9AEEA36A3347B6EBC',
                                      'on_time': 0,
                                      'overheated': False,
                                      'region': 'Europe/Rome',
                                      'rssi': -54,
                                      'signal_level': 2,
                                      'specs': 'EU',
                                      'ssid': 'I01BU0tFRF9TU0lEIw==',
                                      'time_diff': 60,
                                      'type': 'SMART.TAPOPLUG'}},
                          {'error_code': 0,
                           'method': 'get_connect_cloud_state',
                           'result': {'status': 0}}]}}
Device 192.168.100.112, found required cloud_connect, adding Cloud to modules.
Device 192.168.100.112, found required device, adding DeviceModule to modules.
Device 192.168.100.112, found required firmware, adding Firmware to modules.
Device 192.168.100.112, found required led, adding Led to modules.
Device 192.168.100.112, found required None, adding OverheatProtection to modules.
Device 192.168.100.112, found required time, adding Time to modules.
Querying 192.168.100.112 for modules: Time, Led
192.168.100.112 multi-request-batch-1-of-1 >> '{"method":"multipleRequest","request_time_milis":1744032059658,"terminal_uuid":"iAncmhO2D+ifS70e+Az9LQ==","params":{"requests":[{"method":"get_device_time"},{"method":"get_led_info"}]}}'
Device 192.168.100.112 waiting 0.25 seconds to send request
Posting to http://192.168.100.112/app?token=07AE87A28B624364C504A9076237DC36
192.168.100.112 multi-request-batch-1-of-1 << {'error_code': 0,
 'result': {'responses': [{'error_code': 0,
                           'method': 'get_device_time',
                           'result': {'region': 'Europe/Rome',
                                      'time_diff': 60,
                                      'timestamp': 1744032059}},
                          {'error_code': 0,
                           'method': 'get_led_info',
                           'result': {'led_rule': 'always',
                                      'led_status': True,
                                      'night_mode': {'end_time': 0,
                                                     'night_mode_type': 'unknown',
                                                     'start_time': 0,
                                                     'sunrise_offset': 0,
                                                     'sunset_offset': 0}}}]}}
Update completed 192.168.100.112: ['component_nego', 'get_device_info', 'get_connect_cloud_state', 'get_device_time', 'get_led_info']
Switching status
Using proactor: IocpProactor
[DISCOVERY] 192.168.100.112 >> {'system': {'get_sysinfo': {}}}
Waiting a total of 5 seconds for responses...
Using SmartDevice for SMART.TAPOPLUG
Finding protocol for 192.168.100.112
Finding protocol for DeviceFamily.SmartTapoPlug
Finding transport for SMART.AES
Created AES transport for 192.168.100.112
[DISCOVERY] 192.168.100.112 << {'error_code': 0,
 'result': {'device_id': 'REDACTED_c913ec3cd97a6bec2fbb1ee',
            'device_model': 'P100',
            'device_type': 'SMART.TAPOPLUG',
            'factory_default': False,
            'ip': '192.168.100.112',
            'is_support_iot_cloud': True,
            'mac': '74-DA-88-00-00-00',
            'mgt_encrypt_schm': {'encrypt_type': 'AES',
                                 'http_port': 80,
                                 'is_support_https': False,
                                 'lv': 2},
            'owner': 'REDACTED_19347acd812465188388075'}}
Initializing 192.168.100.112 of type <class 'kasa.smart.smartdevice.SmartDevice'>
192.168.100.112 >> '{"method":"set_device_info","request_time_milis":1744032061505,"terminal_uuid":"fOVvNGTbFqjGVtyCADNEzw==","params":{"device_on":false}}'
Will perform handshaking...
Posting to http://192.168.100.112/app
Unclosed client session
client_session: <aiohttp.client.ClientSession object at 0x0000028D7A3CDC70>
Unclosed connector
connections: ['deque([(<aiohttp.client_proto.ResponseHandler object at 0x0000028D7A570050>, 1205628.718)])']
connector: <aiohttp.connector.TCPConnector object at 0x0000028D7A3CCAA0>
Generating keypair
Handshake request: {'method': 'handshake', 'params': {'key': '-----BEGIN PUBLIC KEY-----\nMIGfMA0GCSqGSIb3DQEBAQUAA4GNADCBiQKBgQC3zeOUKBx5jwV7UY8Zbi4Z6FA5I9hKHzJcWoR2R/mPws4d164k8JDi5hPGIyt4gcqnszCFIq1aiK5bGlMT3rs+2edJSmOokB/rn6Mrmsa64nQfCvEdH+/z0C2bdGQc+7rS21QeJJYjYDXAdA9YE4qyiivuceUu5fXjfJz1DUP4dQIDAQAB\n-----END PUBLIC KEY-----\n'}}
Device responded with: {'error_code': 0, 'result': {'key': 'tGyufDx0/BJ9s43ZtCt6So6Bclfuw1XeoFohrh8u3+q0qd6npuZJGYHCZmd9T5n3ztv1DdWnWhaBTAAJVirDoArWPhbU7PV/hbyN79o046Q8V1L2B7WQGmMRIjCjWmOHHRsVCDXg4HOmc6nWR4VgkwTAaamFuG3eKYZpbCQUsRU='}}
Handshake with 192.168.100.112 complete
Posting to http://192.168.100.112/app
192.168.100.112: logged in with provided credentials
Posting to http://192.168.100.112/app?token=15FB17F63F26B6202240664324730E72
Device 192.168.100.112 received an os error, enabling sequential request delay: Server disconnected
Device 192.168.100.112 got a connection error, will retry 3 times: ('Device connection error: 192.168.100.112: Server disconnected', ServerDisconnectedError('Server disconnected'))
192.168.100.112 >> '{"method":"set_device_info","request_time_milis":1744032061640,"terminal_uuid":"fOVvNGTbFqjGVtyCADNEzw==","params":{"device_on":false}}'
Device 192.168.100.112 waiting 0.25 seconds to send request
Posting to http://192.168.100.112/app?token=15FB17F63F26B6202240664324730E72
192.168.100.112 << {'error_code': 0}
192.168.100.112 multi-request-batch-1-of-1 >> '{"method":"multipleRequest","request_time_milis":1744032061992,"terminal_uuid":"fOVvNGTbFqjGVtyCADNEzw==","params":{"requests":[{"method":"component_nego"},{"method":"get_device_info"},{"method":"get_connect_cloud_state"}]}}'
Device 192.168.100.112 waiting 0.25 seconds to send request
Posting to http://192.168.100.112/app?token=15FB17F63F26B6202240664324730E72
192.168.100.112 multi-request-batch-1-of-1 << {'error_code': 0,
 'result': {'responses': [{'error_code': 0,
                           'method': 'component_nego',
                           'result': {'component_list': [{'id': 'device',
                                                          'ver_code': 2},
                                                         {'id': 'firmware',
                                                          'ver_code': 1},
                                                         {'id': 'quick_setup',
                                                          'ver_code': 3},
                                                         {'id': 'time',
                                                          'ver_code': 1},
                                                         {'id': 'wireless',
                                                          'ver_code': 1},
                                                         {'id': 'schedule',
                                                          'ver_code': 2},
                                                         {'id': 'countdown',
                                                          'ver_code': 2},
                                                         {'id': 'antitheft',
                                                          'ver_code': 1},
                                                         {'id': 'account',
                                                          'ver_code': 1},
                                                         {'id': 'synchronize',
                                                          'ver_code': 1},
                                                         {'id': 'sunrise_sunset',
                                                          'ver_code': 1},
                                                         {'id': 'led',
                                                          'ver_code': 1},
                                                         {'id': 'cloud_connect',
                                                          'ver_code': 1},
                                                         {'id': 'iot_cloud',
                                                          'ver_code': 1},
                                                         {'id': 'default_states',
                                                          'ver_code': 1}]}},
                          {'error_code': 0,
                           'method': 'get_device_info',
                           'result': {'avatar': 'plug',
                                      'default_states': {'state': {},
                                                         'type': 'last_states'},
                                      'device_id': 'REDACTED_DB80F24B353338FA05BB18C1C486215',
                                      'device_on': False,
                                      'fw_id': 'REDACTED_A25ABDE41405B20C6F98816',
                                      'fw_ver': '1.3.7 Build 20230711 Rel. '
                                                '61904',
                                      'has_set_location_info': True,
                                      'hw_id': 'REDACTED_5B29645B8150C392284029D',
                                      'hw_ver': '1.0.0',
                                      'ip': '192.168.100.112',
                                      'lang': 'it_IT',
                                      'latitude': 0,
                                      'location': '',
                                      'longitude': 0,
                                      'mac': '74-DA-88-00-00-00',
                                      'model': 'P100',
                                      'nickname': 'I01BU0tFRF9OQU1FIw==',
                                      'oem_id': 'REDACTED_06C60A9AEEA36A3347B6EBC',
                                      'on_time': 0,
                                      'overheated': False,
                                      'region': 'Europe/Rome',
                                      'rssi': -54,
                                      'signal_level': 2,
                                      'specs': 'EU',
                                      'ssid': 'I01BU0tFRF9TU0lEIw==',
                                      'time_diff': 60,
                                      'type': 'SMART.TAPOPLUG'}},
                          {'error_code': 0,
                           'method': 'get_connect_cloud_state',
                           'result': {'status': 0}}]}}
Device 192.168.100.112, found required cloud_connect, adding Cloud to modules.
Device 192.168.100.112, found required device, adding DeviceModule to modules.
Device 192.168.100.112, found required firmware, adding Firmware to modules.
Device 192.168.100.112, found required led, adding Led to modules.
Device 192.168.100.112, found required None, adding OverheatProtection to modules.
Device 192.168.100.112, found required time, adding Time to modules.
Querying 192.168.100.112 for modules: Time, Led
192.168.100.112 multi-request-batch-1-of-1 >> '{"method":"multipleRequest","request_time_milis":1744032062328,"terminal_uuid":"fOVvNGTbFqjGVtyCADNEzw==","params":{"requests":[{"method":"get_device_time"},{"method":"get_led_info"}]}}'
Device 192.168.100.112 waiting 0.25 seconds to send request
Posting to http://192.168.100.112/app?token=15FB17F63F26B6202240664324730E72
192.168.100.112 multi-request-batch-1-of-1 << {'error_code': 0,
 'result': {'responses': [{'error_code': 0,
                           'method': 'get_device_time',
                           'result': {'region': 'Europe/Rome',
                                      'time_diff': 60,
                                      'timestamp': 1744032062}},
                          {'error_code': 0,
                           'method': 'get_led_info',
                           'result': {'led_rule': 'always',
                                      'led_status': False,
                                      'night_mode': {'end_time': 0,
                                                     'night_mode_type': 'unknown',
                                                     'start_time': 0,
                                                     'sunrise_offset': 0,
                                                     'sunset_offset': 0}}}]}}
Update completed 192.168.100.112: ['component_nego', 'get_device_info', 'get_connect_cloud_state', 'get_device_time', 'get_led_info']
Unclosed client session
client_session: <aiohttp.client.ClientSession object at 0x0000028D78DEDBE0>
Exception in default exception handler
Traceback (most recent call last):
  File "C:\Users\Davide\AppData\Local\Programs\Python\Python312\Lib\asyncio\base_events.py", line 1847, in call_exception_handler
    self.default_exception_handler(context)
  File "C:\Users\Davide\AppData\Local\Programs\Python\Python312\Lib\asyncio\base_events.py", line 1821, in default_exception_handler
    logger.error('\n'.join(log_lines), exc_info=exc_info)
  File "C:\Users\Davide\AppData\Local\Programs\Python\Python312\Lib\logging\__init__.py", line 1568, in error
    self._log(ERROR, msg, args, **kwargs)
  File "C:\Users\Davide\AppData\Local\Programs\Python\Python312\Lib\logging\__init__.py", line 1684, in _log
    self.handle(record)
  File "C:\Users\Davide\AppData\Local\Programs\Python\Python312\Lib\logging\__init__.py", line 1700, in handle
    self.callHandlers(record)
  File "C:\Users\Davide\AppData\Local\Programs\Python\Python312\Lib\logging\__init__.py", line 1762, in callHandlers
    hdlr.handle(record)
  File "C:\Users\Davide\Desktop\ServerSmartPlug\log_manager.py", line 16, in handle
    listener(record)
  File "C:\Users\Davide\Desktop\ServerSmartPlug\gui\windows.py", line 25, in _add_console_line
    self.console_text.configure(state='normal')
  File "C:\Users\Davide\AppData\Local\Programs\Python\Python312\Lib\tkinter\__init__.py", line 1722, in configure
    return self._configure('configure', cnf, kw)
           ^^^^^^^^^^^^^^^^^^^^^^^^^^^^^^^^^^^^^
  File "C:\Users\Davide\AppData\Local\Programs\Python\Python312\Lib\tkinter\__init__.py", line 1712, in _configure
    self.tk.call(_flatten((self._w, cmd)) + self._options(cnf))
_tkinter.TclError: invalid command name ".!frame4.!frame.!text"
Unclosed connector
connections: ['deque([(<aiohttp.client_proto.ResponseHandler object at 0x0000028D7A38BA70>, 1205625.328)])']
connector: <aiohttp.connector.TCPConnector object at 0x0000028D78DECB00>
Exception in default exception handler
Traceback (most recent call last):
  File "C:\Users\Davide\AppData\Local\Programs\Python\Python312\Lib\asyncio\base_events.py", line 1847, in call_exception_handler
    self.default_exception_handler(context)
  File "C:\Users\Davide\AppData\Local\Programs\Python\Python312\Lib\asyncio\base_events.py", line 1821, in default_exception_handler
    logger.error('\n'.join(log_lines), exc_info=exc_info)
  File "C:\Users\Davide\AppData\Local\Programs\Python\Python312\Lib\logging\__init__.py", line 1568, in error
    self._log(ERROR, msg, args, **kwargs)
  File "C:\Users\Davide\AppData\Local\Programs\Python\Python312\Lib\logging\__init__.py", line 1684, in _log
    self.handle(record)
  File "C:\Users\Davide\AppData\Local\Programs\Python\Python312\Lib\logging\__init__.py", line 1700, in handle
    self.callHandlers(record)
  File "C:\Users\Davide\AppData\Local\Programs\Python\Python312\Lib\logging\__init__.py", line 1762, in callHandlers
    hdlr.handle(record)
  File "C:\Users\Davide\Desktop\ServerSmartPlug\log_manager.py", line 16, in handle
    listener(record)
  File "C:\Users\Davide\Desktop\ServerSmartPlug\gui\windows.py", line 25, in _add_console_line
    self.console_text.configure(state='normal')
  File "C:\Users\Davide\AppData\Local\Programs\Python\Python312\Lib\tkinter\__init__.py", line 1722, in configure
    return self._configure('configure', cnf, kw)
           ^^^^^^^^^^^^^^^^^^^^^^^^^^^^^^^^^^^^^
  File "C:\Users\Davide\AppData\Local\Programs\Python\Python312\Lib\tkinter\__init__.py", line 1712, in _configure
    self.tk.call(_flatten((self._w, cmd)) + self._options(cnf))
_tkinter.TclError: invalid command name ".!frame4.!frame.!text"
Unclosed client session
client_session: <aiohttp.client.ClientSession object at 0x0000028D7A574800>
Exception in default exception handler
Traceback (most recent call last):
  File "C:\Users\Davide\AppData\Local\Programs\Python\Python312\Lib\asyncio\base_events.py", line 1847, in call_exception_handler
    self.default_exception_handler(context)
  File "C:\Users\Davide\AppData\Local\Programs\Python\Python312\Lib\asyncio\base_events.py", line 1821, in default_exception_handler
    logger.error('\n'.join(log_lines), exc_info=exc_info)
  File "C:\Users\Davide\AppData\Local\Programs\Python\Python312\Lib\logging\__init__.py", line 1568, in error
    self._log(ERROR, msg, args, **kwargs)
  File "C:\Users\Davide\AppData\Local\Programs\Python\Python312\Lib\logging\__init__.py", line 1684, in _log
    self.handle(record)
  File "C:\Users\Davide\AppData\Local\Programs\Python\Python312\Lib\logging\__init__.py", line 1700, in handle
    self.callHandlers(record)
  File "C:\Users\Davide\AppData\Local\Programs\Python\Python312\Lib\logging\__init__.py", line 1762, in callHandlers
    hdlr.handle(record)
  File "C:\Users\Davide\Desktop\ServerSmartPlug\log_manager.py", line 16, in handle
    listener(record)
  File "C:\Users\Davide\Desktop\ServerSmartPlug\gui\windows.py", line 25, in _add_console_line
    self.console_text.configure(state='normal')
  File "C:\Users\Davide\AppData\Local\Programs\Python\Python312\Lib\tkinter\__init__.py", line 1722, in configure
    return self._configure('configure', cnf, kw)
           ^^^^^^^^^^^^^^^^^^^^^^^^^^^^^^^^^^^^^
  File "C:\Users\Davide\AppData\Local\Programs\Python\Python312\Lib\tkinter\__init__.py", line 1712, in _configure
    self.tk.call(_flatten((self._w, cmd)) + self._options(cnf))
_tkinter.TclError: invalid command name ".!frame4.!frame.!text"
Unclosed connector
connections: ['deque([(<aiohttp.client_proto.ResponseHandler object at 0x0000028D7A38BD70>, 1205631.468)])']
connector: <aiohttp.connector.TCPConnector object at 0x0000028D7A574530>
Exception in default exception handler
Traceback (most recent call last):
  File "C:\Users\Davide\AppData\Local\Programs\Python\Python312\Lib\asyncio\base_events.py", line 1847, in call_exception_handler
    self.default_exception_handler(context)
  File "C:\Users\Davide\AppData\Local\Programs\Python\Python312\Lib\asyncio\base_events.py", line 1821, in default_exception_handler
    logger.error('\n'.join(log_lines), exc_info=exc_info)
  File "C:\Users\Davide\AppData\Local\Programs\Python\Python312\Lib\logging\__init__.py", line 1568, in error
    self._log(ERROR, msg, args, **kwargs)
  File "C:\Users\Davide\AppData\Local\Programs\Python\Python312\Lib\logging\__init__.py", line 1684, in _log
    self.handle(record)
  File "C:\Users\Davide\AppData\Local\Programs\Python\Python312\Lib\logging\__init__.py", line 1700, in handle
    self.callHandlers(record)
  File "C:\Users\Davide\AppData\Local\Programs\Python\Python312\Lib\logging\__init__.py", line 1762, in callHandlers
    hdlr.handle(record)
  File "C:\Users\Davide\Desktop\ServerSmartPlug\log_manager.py", line 16, in handle
    listener(record)
  File "C:\Users\Davide\Desktop\ServerSmartPlug\gui\windows.py", line 25, in _add_console_line
    self.console_text.configure(state='normal')
  File "C:\Users\Davide\AppData\Local\Programs\Python\Python312\Lib\tkinter\__init__.py", line 1722, in configure
    return self._configure('configure', cnf, kw)
           ^^^^^^^^^^^^^^^^^^^^^^^^^^^^^^^^^^^^^
  File "C:\Users\Davide\AppData\Local\Programs\Python\Python312\Lib\tkinter\__init__.py", line 1712, in _configure
    self.tk.call(_flatten((self._w, cmd)) + self._options(cnf))
_tkinter.TclError: invalid command name ".!frame4.!frame.!text"
C:\Users\Davide\AppData\Local\I3Lab - Politecnico di Milano\Server SmartPlug\options.json
Discovery started...
Using proactor: IocpProactor
Listening on 127.0.0.1:8080
[DISCOVERY] 255.255.255.255 >> {'system': {'get_sysinfo': {}}}
Waiting 5 seconds for responses...
Using proactor: IocpProactor
Using SmartDevice for SMART.TAPOPLUG
Finding protocol for 192.168.100.112
Finding protocol for DeviceFamily.SmartTapoPlug
Finding transport for SMART.AES
Created AES transport for 192.168.100.112
[DISCOVERY] 192.168.100.112 << {'error_code': 0,
 'result': {'device_id': 'REDACTED_c913ec3cd97a6bec2fbb1ee',
            'device_model': 'P100',
            'device_type': 'SMART.TAPOPLUG',
            'factory_default': False,
            'ip': '192.168.100.112',
            'is_support_iot_cloud': True,
            'mac': '74-DA-88-00-00-00',
            'mgt_encrypt_schm': {'encrypt_type': 'AES',
                                 'http_port': 80,
                                 'is_support_https': False,
                                 'lv': 2},
            'owner': 'REDACTED_19347acd812465188388075'}}
Initializing 192.168.100.112 of type <class 'kasa.smart.smartdevice.SmartDevice'>
Discovery finished! Found: 1 device(s)
Discovered 1 devices
Using proactor: IocpProactor
[DISCOVERY] 192.168.100.112 >> {'system': {'get_sysinfo': {}}}
Waiting a total of 5 seconds for responses...
Using SmartDevice for SMART.TAPOPLUG
Finding protocol for 192.168.100.112
Finding protocol for DeviceFamily.SmartTapoPlug
Finding transport for SMART.AES
Created AES transport for 192.168.100.112
[DISCOVERY] 192.168.100.112 << {'error_code': 0,
 'result': {'device_id': 'REDACTED_c913ec3cd97a6bec2fbb1ee',
            'device_model': 'P100',
            'device_type': 'SMART.TAPOPLUG',
            'factory_default': False,
            'ip': '192.168.100.112',
            'is_support_iot_cloud': True,
            'mac': '74-DA-88-00-00-00',
            'mgt_encrypt_schm': {'encrypt_type': 'AES',
                                 'http_port': 80,
                                 'is_support_https': False,
                                 'lv': 2},
            'owner': 'REDACTED_19347acd812465188388075'}}
Initializing 192.168.100.112 of type <class 'kasa.smart.smartdevice.SmartDevice'>
192.168.100.112 multi-request-batch-1-of-1 >> '{"method":"multipleRequest","request_time_milis":1744210588305,"terminal_uuid":"Ba67kX7ckUGb/5EE0Xn18g==","params":{"requests":[{"method":"component_nego"},{"method":"get_device_info"},{"method":"get_connect_cloud_state"}]}}'
Will perform handshaking...
Posting to http://192.168.100.112/app
Generating keypair
Handshake request: {'method': 'handshake', 'params': {'key': '-----BEGIN PUBLIC KEY-----\nMIGfMA0GCSqGSIb3DQEBAQUAA4GNADCBiQKBgQDxnA7ZwB5d0W9+WCDpgIaxGwlEu+ErdZhpQ8la5NoTzp1qZm7MXCV3v2w/59t+EJnMYhYKji1p2fmWLHnThEiSWBA7Bw//BU4AW0uXtCC+foSLfPRPmeXwM+NxQJEXCRzBz75ISdaCfmzTj3OixKNodl8rNEFVgW4hS8fxqoVCXwIDAQAB\n-----END PUBLIC KEY-----\n'}}
Device responded with: {'error_code': 0, 'result': {'key': '08WLA3YSMEgx1P6dSv/ato8u4r2NXgAVCRBVJUFC8ZB4GL77wVb3XqM13lyUN7lZ0nfLjokJOaMO7vxpyJTLYe/4n7rXV3AnKDelyytkNZfe8GV3i2EaHYFE5jdyuhlTZHOY+QAaSzN07U5AB1WHBB78cpOs1p5J4jkMj3wjgVk='}}
Handshake with 192.168.100.112 complete
Posting to http://192.168.100.112/app
192.168.100.112: logged in with provided credentials
Posting to http://192.168.100.112/app?token=98FDB4F37D13EB148F64CC67FE57D756
Device 192.168.100.112 received an os error, enabling sequential request delay: Server disconnected
Device 192.168.100.112 got a connection error, will retry 3 times: ('Device connection error: 192.168.100.112: Server disconnected', ServerDisconnectedError('Server disconnected'))
192.168.100.112 multi-request-batch-1-of-1 >> '{"method":"multipleRequest","request_time_milis":1744210588384,"terminal_uuid":"Ba67kX7ckUGb/5EE0Xn18g==","params":{"requests":[{"method":"component_nego"},{"method":"get_device_info"},{"method":"get_connect_cloud_state"}]}}'
Device 192.168.100.112 waiting 0.25 seconds to send request
Posting to http://192.168.100.112/app?token=98FDB4F37D13EB148F64CC67FE57D756
192.168.100.112 multi-request-batch-1-of-1 << {'error_code': 0,
 'result': {'responses': [{'error_code': 0,
                           'method': 'component_nego',
                           'result': {'component_list': [{'id': 'device',
                                                          'ver_code': 2},
                                                         {'id': 'firmware',
                                                          'ver_code': 1},
                                                         {'id': 'quick_setup',
                                                          'ver_code': 3},
                                                         {'id': 'time',
                                                          'ver_code': 1},
                                                         {'id': 'wireless',
                                                          'ver_code': 1},
                                                         {'id': 'schedule',
                                                          'ver_code': 2},
                                                         {'id': 'countdown',
                                                          'ver_code': 2},
                                                         {'id': 'antitheft',
                                                          'ver_code': 1},
                                                         {'id': 'account',
                                                          'ver_code': 1},
                                                         {'id': 'synchronize',
                                                          'ver_code': 1},
                                                         {'id': 'sunrise_sunset',
                                                          'ver_code': 1},
                                                         {'id': 'led',
                                                          'ver_code': 1},
                                                         {'id': 'cloud_connect',
                                                          'ver_code': 1},
                                                         {'id': 'iot_cloud',
                                                          'ver_code': 1},
                                                         {'id': 'default_states',
                                                          'ver_code': 1}]}},
                          {'error_code': 0,
                           'method': 'get_device_info',
                           'result': {'avatar': 'plug',
                                      'default_states': {'state': {},
                                                         'type': 'last_states'},
                                      'device_id': 'REDACTED_DB80F24B353338FA05BB18C1C486215',
                                      'device_on': False,
                                      'fw_id': 'REDACTED_A25ABDE41405B20C6F98816',
                                      'fw_ver': '1.3.7 Build 20230711 Rel. '
                                                '61904',
                                      'has_set_location_info': True,
                                      'hw_id': 'REDACTED_5B29645B8150C392284029D',
                                      'hw_ver': '1.0.0',
                                      'ip': '192.168.100.112',
                                      'lang': 'it_IT',
                                      'latitude': 0,
                                      'location': '',
                                      'longitude': 0,
                                      'mac': '74-DA-88-00-00-00',
                                      'model': 'P100',
                                      'nickname': 'I01BU0tFRF9OQU1FIw==',
                                      'oem_id': 'REDACTED_06C60A9AEEA36A3347B6EBC',
                                      'on_time': 0,
                                      'overheated': False,
                                      'region': 'Europe/Rome',
                                      'rssi': -48,
                                      'signal_level': 3,
                                      'specs': 'EU',
                                      'ssid': 'I01BU0tFRF9TU0lEIw==',
                                      'time_diff': 60,
                                      'type': 'SMART.TAPOPLUG'}},
                          {'error_code': 0,
                           'method': 'get_connect_cloud_state',
                           'result': {'status': 0}}]}}
Device 192.168.100.112, found required cloud_connect, adding Cloud to modules.
Device 192.168.100.112, found required device, adding DeviceModule to modules.
Device 192.168.100.112, found required firmware, adding Firmware to modules.
Device 192.168.100.112, found required led, adding Led to modules.
Device 192.168.100.112, found required None, adding OverheatProtection to modules.
Device 192.168.100.112, found required time, adding Time to modules.
Querying 192.168.100.112 for modules: Time, Led
192.168.100.112 multi-request-batch-1-of-1 >> '{"method":"multipleRequest","request_time_milis":1744210588705,"terminal_uuid":"Ba67kX7ckUGb/5EE0Xn18g==","params":{"requests":[{"method":"get_device_time"},{"method":"get_led_info"}]}}'
Device 192.168.100.112 waiting 0.2339999999385327 seconds to send request
Posting to http://192.168.100.112/app?token=98FDB4F37D13EB148F64CC67FE57D756
192.168.100.112 multi-request-batch-1-of-1 << {'error_code': 0,
 'result': {'responses': [{'error_code': 0,
                           'method': 'get_device_time',
                           'result': {'region': 'Europe/Rome',
                                      'time_diff': 60,
                                      'timestamp': 1744210587}},
                          {'error_code': 0,
                           'method': 'get_led_info',
                           'result': {'led_rule': 'always',
                                      'led_status': False,
                                      'night_mode': {'end_time': 0,
                                                     'night_mode_type': 'unknown',
                                                     'start_time': 0,
                                                     'sunrise_offset': 0,
                                                     'sunset_offset': 0}}}]}}
Update completed 192.168.100.112: ['component_nego', 'get_device_info', 'get_connect_cloud_state', 'get_device_time', 'get_led_info']
Discovery started...
Using proactor: IocpProactor
[DISCOVERY] 255.255.255.255 >> {'system': {'get_sysinfo': {}}}
Waiting 5 seconds for responses...
Using SmartDevice for SMART.TAPOPLUG
Finding protocol for 192.168.100.112
Finding protocol for DeviceFamily.SmartTapoPlug
Finding transport for SMART.AES
Created AES transport for 192.168.100.112
[DISCOVERY] 192.168.100.112 << {'error_code': 0,
 'result': {'device_id': 'REDACTED_c913ec3cd97a6bec2fbb1ee',
            'device_model': 'P100',
            'device_type': 'SMART.TAPOPLUG',
            'factory_default': False,
            'ip': '192.168.100.112',
            'is_support_iot_cloud': True,
            'mac': '74-DA-88-00-00-00',
            'mgt_encrypt_schm': {'encrypt_type': 'AES',
                                 'http_port': 80,
                                 'is_support_https': False,
                                 'lv': 2},
            'owner': 'REDACTED_19347acd812465188388075'}}
Initializing 192.168.100.112 of type <class 'kasa.smart.smartdevice.SmartDevice'>
Discovery finished! Found: 1 device(s)
Discovered 1 devices
Using proactor: IocpProactor
[DISCOVERY] 192.168.100.112 >> {'system': {'get_sysinfo': {}}}
Waiting a total of 5 seconds for responses...
Using SmartDevice for SMART.TAPOPLUG
Finding protocol for 192.168.100.112
Finding protocol for DeviceFamily.SmartTapoPlug
Finding transport for SMART.AES
Created AES transport for 192.168.100.112
[DISCOVERY] 192.168.100.112 << {'error_code': 0,
 'result': {'device_id': 'REDACTED_c913ec3cd97a6bec2fbb1ee',
            'device_model': 'P100',
            'device_type': 'SMART.TAPOPLUG',
            'factory_default': False,
            'ip': '192.168.100.112',
            'is_support_iot_cloud': True,
            'mac': '74-DA-88-00-00-00',
            'mgt_encrypt_schm': {'encrypt_type': 'AES',
                                 'http_port': 80,
                                 'is_support_https': False,
                                 'lv': 2},
            'owner': 'REDACTED_19347acd812465188388075'}}
Initializing 192.168.100.112 of type <class 'kasa.smart.smartdevice.SmartDevice'>
192.168.100.112 multi-request-batch-1-of-1 >> '{"method":"multipleRequest","request_time_milis":1744210603903,"terminal_uuid":"RAVmp9X3RPFpG3RIz5fcRg==","params":{"requests":[{"method":"component_nego"},{"method":"get_device_info"},{"method":"get_connect_cloud_state"}]}}'
Will perform handshaking...
Posting to http://192.168.100.112/app
Generating keypair
Handshake request: {'method': 'handshake', 'params': {'key': '-----BEGIN PUBLIC KEY-----\nMIGfMA0GCSqGSIb3DQEBAQUAA4GNADCBiQKBgQCvFBHvIACItkJQWDsAhG2KXD/oNaCXIwWBhg+NldXb6CYi+iLVV0bTclW0ln+m7utsxcZtfB9fwiE4LYiSmXn8u8di75cDRbxHF70xyC58oGP1XYRVCzHUEMoIpRJjTdEUboxJlLIjVVD6xiKSpwtakY3kzMavMIWv460y97UgdwIDAQAB\n-----END PUBLIC KEY-----\n'}}
Device responded with: {'error_code': 0, 'result': {'key': 'oCf9gEgkRXFRHs+8ZXzwUrun+oMwQK489kWqT9eHIfNNC2yrXLxaF+K//yZ9OyHdsXhRovqoO7VndTCzrOAuFZRJRthQfNfhh1y5NS7JqgEthpyYAZKVOdqUGOV4f1fBQ8q8q5QovmOASMR4qzOj7O+GQIWufoGRR0v+uG2NF2U='}}
Handshake with 192.168.100.112 complete
Posting to http://192.168.100.112/app
192.168.100.112: logged in with provided credentials
Posting to http://192.168.100.112/app?token=0FC1E8C297F264F353E322E331E301E3
Device 192.168.100.112 received an os error, enabling sequential request delay: Server disconnected
Device 192.168.100.112 got a connection error, will retry 3 times: ('Device connection error: 192.168.100.112: Server disconnected', ServerDisconnectedError('Server disconnected'))
192.168.100.112 multi-request-batch-1-of-1 >> '{"method":"multipleRequest","request_time_milis":1744210603960,"terminal_uuid":"RAVmp9X3RPFpG3RIz5fcRg==","params":{"requests":[{"method":"component_nego"},{"method":"get_device_info"},{"method":"get_connect_cloud_state"}]}}'
Device 192.168.100.112 waiting 0.25 seconds to send request
Posting to http://192.168.100.112/app?token=0FC1E8C297F264F353E322E331E301E3
192.168.100.112 multi-request-batch-1-of-1 << {'error_code': 0,
 'result': {'responses': [{'error_code': 0,
                           'method': 'component_nego',
                           'result': {'component_list': [{'id': 'device',
                                                          'ver_code': 2},
                                                         {'id': 'firmware',
                                                          'ver_code': 1},
                                                         {'id': 'quick_setup',
                                                          'ver_code': 3},
                                                         {'id': 'time',
                                                          'ver_code': 1},
                                                         {'id': 'wireless',
                                                          'ver_code': 1},
                                                         {'id': 'schedule',
                                                          'ver_code': 2},
                                                         {'id': 'countdown',
                                                          'ver_code': 2},
                                                         {'id': 'antitheft',
                                                          'ver_code': 1},
                                                         {'id': 'account',
                                                          'ver_code': 1},
                                                         {'id': 'synchronize',
                                                          'ver_code': 1},
                                                         {'id': 'sunrise_sunset',
                                                          'ver_code': 1},
                                                         {'id': 'led',
                                                          'ver_code': 1},
                                                         {'id': 'cloud_connect',
                                                          'ver_code': 1},
                                                         {'id': 'iot_cloud',
                                                          'ver_code': 1},
                                                         {'id': 'default_states',
                                                          'ver_code': 1}]}},
                          {'error_code': 0,
                           'method': 'get_device_info',
                           'result': {'avatar': 'plug',
                                      'default_states': {'state': {},
                                                         'type': 'last_states'},
                                      'device_id': 'REDACTED_DB80F24B353338FA05BB18C1C486215',
                                      'device_on': False,
                                      'fw_id': 'REDACTED_A25ABDE41405B20C6F98816',
                                      'fw_ver': '1.3.7 Build 20230711 Rel. '
                                                '61904',
                                      'has_set_location_info': True,
                                      'hw_id': 'REDACTED_5B29645B8150C392284029D',
                                      'hw_ver': '1.0.0',
                                      'ip': '192.168.100.112',
                                      'lang': 'it_IT',
                                      'latitude': 0,
                                      'location': '',
                                      'longitude': 0,
                                      'mac': '74-DA-88-00-00-00',
                                      'model': 'P100',
                                      'nickname': 'I01BU0tFRF9OQU1FIw==',
                                      'oem_id': 'REDACTED_06C60A9AEEA36A3347B6EBC',
                                      'on_time': 0,
                                      'overheated': False,
                                      'region': 'Europe/Rome',
                                      'rssi': -48,
                                      'signal_level': 3,
                                      'specs': 'EU',
                                      'ssid': 'I01BU0tFRF9TU0lEIw==',
                                      'time_diff': 60,
                                      'type': 'SMART.TAPOPLUG'}},
                          {'error_code': 0,
                           'method': 'get_connect_cloud_state',
                           'result': {'status': 0}}]}}
Device 192.168.100.112, found required cloud_connect, adding Cloud to modules.
Device 192.168.100.112, found required device, adding DeviceModule to modules.
Device 192.168.100.112, found required firmware, adding Firmware to modules.
Device 192.168.100.112, found required led, adding Led to modules.
Device 192.168.100.112, found required None, adding OverheatProtection to modules.
Device 192.168.100.112, found required time, adding Time to modules.
Querying 192.168.100.112 for modules: Time, Led
192.168.100.112 multi-request-batch-1-of-1 >> '{"method":"multipleRequest","request_time_milis":1744210604270,"terminal_uuid":"RAVmp9X3RPFpG3RIz5fcRg==","params":{"requests":[{"method":"get_device_time"},{"method":"get_led_info"}]}}'
Device 192.168.100.112 waiting 0.23500000010244548 seconds to send request
Posting to http://192.168.100.112/app?token=0FC1E8C297F264F353E322E331E301E3
192.168.100.112 multi-request-batch-1-of-1 << {'error_code': 0,
 'result': {'responses': [{'error_code': 0,
                           'method': 'get_device_time',
                           'result': {'region': 'Europe/Rome',
                                      'time_diff': 60,
                                      'timestamp': 1744210603}},
                          {'error_code': 0,
                           'method': 'get_led_info',
                           'result': {'led_rule': 'always',
                                      'led_status': False,
                                      'night_mode': {'end_time': 0,
                                                     'night_mode_type': 'unknown',
                                                     'start_time': 0,
                                                     'sunrise_offset': 0,
                                                     'sunset_offset': 0}}}]}}
Update completed 192.168.100.112: ['component_nego', 'get_device_info', 'get_connect_cloud_state', 'get_device_time', 'get_led_info']
Unclosed client session
client_session: <aiohttp.client.ClientSession object at 0x0000023883A54B00>
Exception in default exception handler
Traceback (most recent call last):
  File "C:\Users\Davide\AppData\Local\Programs\Python\Python312\Lib\asyncio\base_events.py", line 1847, in call_exception_handler
    self.default_exception_handler(context)
  File "C:\Users\Davide\AppData\Local\Programs\Python\Python312\Lib\asyncio\base_events.py", line 1821, in default_exception_handler
    logger.error('\n'.join(log_lines), exc_info=exc_info)
  File "C:\Users\Davide\AppData\Local\Programs\Python\Python312\Lib\logging\__init__.py", line 1568, in error
    self._log(ERROR, msg, args, **kwargs)
  File "C:\Users\Davide\AppData\Local\Programs\Python\Python312\Lib\logging\__init__.py", line 1684, in _log
    self.handle(record)
  File "C:\Users\Davide\AppData\Local\Programs\Python\Python312\Lib\logging\__init__.py", line 1700, in handle
    self.callHandlers(record)
  File "C:\Users\Davide\AppData\Local\Programs\Python\Python312\Lib\logging\__init__.py", line 1762, in callHandlers
    hdlr.handle(record)
  File "C:\Users\Davide\Desktop\ServerSmartPlug\log_manager.py", line 16, in handle
    listener(record)
  File "C:\Users\Davide\Desktop\ServerSmartPlug\gui\windows.py", line 25, in _add_console_line
    self.console_text.configure(state='normal')
  File "C:\Users\Davide\AppData\Local\Programs\Python\Python312\Lib\tkinter\__init__.py", line 1722, in configure
    return self._configure('configure', cnf, kw)
           ^^^^^^^^^^^^^^^^^^^^^^^^^^^^^^^^^^^^^
  File "C:\Users\Davide\AppData\Local\Programs\Python\Python312\Lib\tkinter\__init__.py", line 1712, in _configure
    self.tk.call(_flatten((self._w, cmd)) + self._options(cnf))
_tkinter.TclError: invalid command name ".!frame4.!frame.!text"
Unclosed connector
connections: ['deque([(<aiohttp.client_proto.ResponseHandler object at 0x0000023884D6BA10>, 1384160.125)])']
connector: <aiohttp.connector.TCPConnector object at 0x0000023884D59760>
Exception in default exception handler
Traceback (most recent call last):
  File "C:\Users\Davide\AppData\Local\Programs\Python\Python312\Lib\asyncio\base_events.py", line 1847, in call_exception_handler
    self.default_exception_handler(context)
  File "C:\Users\Davide\AppData\Local\Programs\Python\Python312\Lib\asyncio\base_events.py", line 1821, in default_exception_handler
    logger.error('\n'.join(log_lines), exc_info=exc_info)
  File "C:\Users\Davide\AppData\Local\Programs\Python\Python312\Lib\logging\__init__.py", line 1568, in error
    self._log(ERROR, msg, args, **kwargs)
  File "C:\Users\Davide\AppData\Local\Programs\Python\Python312\Lib\logging\__init__.py", line 1684, in _log
    self.handle(record)
  File "C:\Users\Davide\AppData\Local\Programs\Python\Python312\Lib\logging\__init__.py", line 1700, in handle
    self.callHandlers(record)
  File "C:\Users\Davide\AppData\Local\Programs\Python\Python312\Lib\logging\__init__.py", line 1762, in callHandlers
    hdlr.handle(record)
  File "C:\Users\Davide\Desktop\ServerSmartPlug\log_manager.py", line 16, in handle
    listener(record)
  File "C:\Users\Davide\Desktop\ServerSmartPlug\gui\windows.py", line 25, in _add_console_line
    self.console_text.configure(state='normal')
  File "C:\Users\Davide\AppData\Local\Programs\Python\Python312\Lib\tkinter\__init__.py", line 1722, in configure
    return self._configure('configure', cnf, kw)
           ^^^^^^^^^^^^^^^^^^^^^^^^^^^^^^^^^^^^^
  File "C:\Users\Davide\AppData\Local\Programs\Python\Python312\Lib\tkinter\__init__.py", line 1712, in _configure
    self.tk.call(_flatten((self._w, cmd)) + self._options(cnf))
_tkinter.TclError: invalid command name ".!frame4.!frame.!text"
Unclosed client session
client_session: <aiohttp.client.ClientSession object at 0x0000023884DAFC80>
Exception in default exception handler
Traceback (most recent call last):
  File "C:\Users\Davide\AppData\Local\Programs\Python\Python312\Lib\asyncio\base_events.py", line 1847, in call_exception_handler
    self.default_exception_handler(context)
  File "C:\Users\Davide\AppData\Local\Programs\Python\Python312\Lib\asyncio\base_events.py", line 1821, in default_exception_handler
    logger.error('\n'.join(log_lines), exc_info=exc_info)
  File "C:\Users\Davide\AppData\Local\Programs\Python\Python312\Lib\logging\__init__.py", line 1568, in error
    self._log(ERROR, msg, args, **kwargs)
  File "C:\Users\Davide\AppData\Local\Programs\Python\Python312\Lib\logging\__init__.py", line 1684, in _log
    self.handle(record)
  File "C:\Users\Davide\AppData\Local\Programs\Python\Python312\Lib\logging\__init__.py", line 1700, in handle
    self.callHandlers(record)
  File "C:\Users\Davide\AppData\Local\Programs\Python\Python312\Lib\logging\__init__.py", line 1762, in callHandlers
    hdlr.handle(record)
  File "C:\Users\Davide\Desktop\ServerSmartPlug\log_manager.py", line 16, in handle
    listener(record)
  File "C:\Users\Davide\Desktop\ServerSmartPlug\gui\windows.py", line 25, in _add_console_line
    self.console_text.configure(state='normal')
  File "C:\Users\Davide\AppData\Local\Programs\Python\Python312\Lib\tkinter\__init__.py", line 1722, in configure
    return self._configure('configure', cnf, kw)
           ^^^^^^^^^^^^^^^^^^^^^^^^^^^^^^^^^^^^^
  File "C:\Users\Davide\AppData\Local\Programs\Python\Python312\Lib\tkinter\__init__.py", line 1712, in _configure
    self.tk.call(_flatten((self._w, cmd)) + self._options(cnf))
_tkinter.TclError: invalid command name ".!frame4.!frame.!text"
Unclosed connector
connections: ['deque([(<aiohttp.client_proto.ResponseHandler object at 0x00000238857781D0>, 1384175.687)])']
connector: <aiohttp.connector.TCPConnector object at 0x0000023884DAFF20>
Exception in default exception handler
Traceback (most recent call last):
  File "C:\Users\Davide\AppData\Local\Programs\Python\Python312\Lib\asyncio\base_events.py", line 1847, in call_exception_handler
    self.default_exception_handler(context)
  File "C:\Users\Davide\AppData\Local\Programs\Python\Python312\Lib\asyncio\base_events.py", line 1821, in default_exception_handler
    logger.error('\n'.join(log_lines), exc_info=exc_info)
  File "C:\Users\Davide\AppData\Local\Programs\Python\Python312\Lib\logging\__init__.py", line 1568, in error
    self._log(ERROR, msg, args, **kwargs)
  File "C:\Users\Davide\AppData\Local\Programs\Python\Python312\Lib\logging\__init__.py", line 1684, in _log
    self.handle(record)
  File "C:\Users\Davide\AppData\Local\Programs\Python\Python312\Lib\logging\__init__.py", line 1700, in handle
    self.callHandlers(record)
  File "C:\Users\Davide\AppData\Local\Programs\Python\Python312\Lib\logging\__init__.py", line 1762, in callHandlers
    hdlr.handle(record)
  File "C:\Users\Davide\Desktop\ServerSmartPlug\log_manager.py", line 16, in handle
    listener(record)
  File "C:\Users\Davide\Desktop\ServerSmartPlug\gui\windows.py", line 25, in _add_console_line
    self.console_text.configure(state='normal')
  File "C:\Users\Davide\AppData\Local\Programs\Python\Python312\Lib\tkinter\__init__.py", line 1722, in configure
    return self._configure('configure', cnf, kw)
           ^^^^^^^^^^^^^^^^^^^^^^^^^^^^^^^^^^^^^
  File "C:\Users\Davide\AppData\Local\Programs\Python\Python312\Lib\tkinter\__init__.py", line 1712, in _configure
    self.tk.call(_flatten((self._w, cmd)) + self._options(cnf))
_tkinter.TclError: invalid command name ".!frame4.!frame.!text"
C:\Users\Davide\AppData\Local\I3Lab - Politecnico di Milano\Server SmartPlug\options.json
Discovery started...
Using proactor: IocpProactor
Listening on 127.0.0.1:7071
[DISCOVERY] 255.255.255.255 >> {'system': {'get_sysinfo': {}}}
Waiting 5 seconds for responses...
Using proactor: IocpProactor
Using SmartDevice for SMART.TAPOPLUG
Finding protocol for 192.168.100.112
Finding protocol for DeviceFamily.SmartTapoPlug
Finding transport for SMART.AES
Created AES transport for 192.168.100.112
[DISCOVERY] 192.168.100.112 << {'error_code': 0,
 'result': {'device_id': 'REDACTED_c913ec3cd97a6bec2fbb1ee',
            'device_model': 'P100',
            'device_type': 'SMART.TAPOPLUG',
            'factory_default': False,
            'ip': '192.168.100.112',
            'is_support_iot_cloud': True,
            'mac': '74-DA-88-00-00-00',
            'mgt_encrypt_schm': {'encrypt_type': 'AES',
                                 'http_port': 80,
                                 'is_support_https': False,
                                 'lv': 2},
            'owner': 'REDACTED_19347acd812465188388075'}}
Initializing 192.168.100.112 of type <class 'kasa.smart.smartdevice.SmartDevice'>
Discovery finished! Found: 1 device(s)
Discovered 1 devices
Using proactor: IocpProactor
[DISCOVERY] 192.168.100.112 >> {'system': {'get_sysinfo': {}}}
Waiting a total of 5 seconds for responses...
Using SmartDevice for SMART.TAPOPLUG
Finding protocol for 192.168.100.112
Finding protocol for DeviceFamily.SmartTapoPlug
Finding transport for SMART.AES
Created AES transport for 192.168.100.112
[DISCOVERY] 192.168.100.112 << {'error_code': 0,
 'result': {'device_id': 'REDACTED_c913ec3cd97a6bec2fbb1ee',
            'device_model': 'P100',
            'device_type': 'SMART.TAPOPLUG',
            'factory_default': False,
            'ip': '192.168.100.112',
            'is_support_iot_cloud': True,
            'mac': '74-DA-88-00-00-00',
            'mgt_encrypt_schm': {'encrypt_type': 'AES',
                                 'http_port': 80,
                                 'is_support_https': False,
                                 'lv': 2},
            'owner': 'REDACTED_19347acd812465188388075'}}
Initializing 192.168.100.112 of type <class 'kasa.smart.smartdevice.SmartDevice'>
192.168.100.112 multi-request-batch-1-of-1 >> '{"method":"multipleRequest","request_time_milis":1744210709019,"terminal_uuid":"nRD9jthFOpKgXkAQGVuWCw==","params":{"requests":[{"method":"component_nego"},{"method":"get_device_info"},{"method":"get_connect_cloud_state"}]}}'
Will perform handshaking...
Posting to http://192.168.100.112/app
Generating keypair
Handshake request: {'method': 'handshake', 'params': {'key': '-----BEGIN PUBLIC KEY-----\nMIGfMA0GCSqGSIb3DQEBAQUAA4GNADCBiQKBgQDPtOy8Kh7ut9WngEitEyiJFc7OhONkbXKIzPzPFyDsb4DvzuPTA185PoASomf4kOpxSWAuJpMMd9NicraYOOqn1seW02uekiEMm+CawCTOu+fbRFkALEUGqAn2GZrZ5Kv3wYuxmPHUCz1TUi3lz+hUYYxW8B2ocsKd5NDwsfxprQIDAQAB\n-----END PUBLIC KEY-----\n'}}
Device responded with: {'error_code': 0, 'result': {'key': 'QNahVeFT/nEDoTmCktutlp1UoJtqlmVKMy18HA95VoLC0nZu0MvMelOwiJJagOJR9lfyulw3xFMm24ACi1KyavShFdf1XYdGou+tzaDsDCeTRV8cU1XeAL2fTNxG0f783j54arJm47knrEER9vFVnCcgX8g+9wveDEjdX3gwv6I='}}
Handshake with 192.168.100.112 complete
Posting to http://192.168.100.112/app
192.168.100.112: logged in with provided credentials
Posting to http://192.168.100.112/app?token=0CBF31B2E86276649204D507A7378436
Device 192.168.100.112 received an os error, enabling sequential request delay: Server disconnected
Device 192.168.100.112 got a connection error, will retry 3 times: ('Device connection error: 192.168.100.112: Server disconnected', ServerDisconnectedError('Server disconnected'))
192.168.100.112 multi-request-batch-1-of-1 >> '{"method":"multipleRequest","request_time_milis":1744210709108,"terminal_uuid":"nRD9jthFOpKgXkAQGVuWCw==","params":{"requests":[{"method":"component_nego"},{"method":"get_device_info"},{"method":"get_connect_cloud_state"}]}}'
Device 192.168.100.112 waiting 0.25 seconds to send request
Posting to http://192.168.100.112/app?token=0CBF31B2E86276649204D507A7378436
192.168.100.112 multi-request-batch-1-of-1 << {'error_code': 0,
 'result': {'responses': [{'error_code': 0,
                           'method': 'component_nego',
                           'result': {'component_list': [{'id': 'device',
                                                          'ver_code': 2},
                                                         {'id': 'firmware',
                                                          'ver_code': 1},
                                                         {'id': 'quick_setup',
                                                          'ver_code': 3},
                                                         {'id': 'time',
                                                          'ver_code': 1},
                                                         {'id': 'wireless',
                                                          'ver_code': 1},
                                                         {'id': 'schedule',
                                                          'ver_code': 2},
                                                         {'id': 'countdown',
                                                          'ver_code': 2},
                                                         {'id': 'antitheft',
                                                          'ver_code': 1},
                                                         {'id': 'account',
                                                          'ver_code': 1},
                                                         {'id': 'synchronize',
                                                          'ver_code': 1},
                                                         {'id': 'sunrise_sunset',
                                                          'ver_code': 1},
                                                         {'id': 'led',
                                                          'ver_code': 1},
                                                         {'id': 'cloud_connect',
                                                          'ver_code': 1},
                                                         {'id': 'iot_cloud',
                                                          'ver_code': 1},
                                                         {'id': 'default_states',
                                                          'ver_code': 1}]}},
                          {'error_code': 0,
                           'method': 'get_device_info',
                           'result': {'avatar': 'plug',
                                      'default_states': {'state': {},
                                                         'type': 'last_states'},
                                      'device_id': 'REDACTED_DB80F24B353338FA05BB18C1C486215',
                                      'device_on': False,
                                      'fw_id': 'REDACTED_A25ABDE41405B20C6F98816',
                                      'fw_ver': '1.3.7 Build 20230711 Rel. '
                                                '61904',
                                      'has_set_location_info': True,
                                      'hw_id': 'REDACTED_5B29645B8150C392284029D',
                                      'hw_ver': '1.0.0',
                                      'ip': '192.168.100.112',
                                      'lang': 'it_IT',
                                      'latitude': 0,
                                      'location': '',
                                      'longitude': 0,
                                      'mac': '74-DA-88-00-00-00',
                                      'model': 'P100',
                                      'nickname': 'I01BU0tFRF9OQU1FIw==',
                                      'oem_id': 'REDACTED_06C60A9AEEA36A3347B6EBC',
                                      'on_time': 0,
                                      'overheated': False,
                                      'region': 'Europe/Rome',
                                      'rssi': -48,
                                      'signal_level': 3,
                                      'specs': 'EU',
                                      'ssid': 'I01BU0tFRF9TU0lEIw==',
                                      'time_diff': 60,
                                      'type': 'SMART.TAPOPLUG'}},
                          {'error_code': 0,
                           'method': 'get_connect_cloud_state',
                           'result': {'status': 0}}]}}
Device 192.168.100.112, found required cloud_connect, adding Cloud to modules.
Device 192.168.100.112, found required device, adding DeviceModule to modules.
Device 192.168.100.112, found required firmware, adding Firmware to modules.
Device 192.168.100.112, found required led, adding Led to modules.
Device 192.168.100.112, found required None, adding OverheatProtection to modules.
Device 192.168.100.112, found required time, adding Time to modules.
Querying 192.168.100.112 for modules: Time, Led
192.168.100.112 multi-request-batch-1-of-1 >> '{"method":"multipleRequest","request_time_milis":1744210709409,"terminal_uuid":"nRD9jthFOpKgXkAQGVuWCw==","params":{"requests":[{"method":"get_device_time"},{"method":"get_led_info"}]}}'
Device 192.168.100.112 waiting 0.2339999999385327 seconds to send request
Posting to http://192.168.100.112/app?token=0CBF31B2E86276649204D507A7378436
192.168.100.112 multi-request-batch-1-of-1 << {'error_code': 0,
 'result': {'responses': [{'error_code': 0,
                           'method': 'get_device_time',
                           'result': {'region': 'Europe/Rome',
                                      'time_diff': 60,
                                      'timestamp': 1744210708}},
                          {'error_code': 0,
                           'method': 'get_led_info',
                           'result': {'led_rule': 'always',
                                      'led_status': False,
                                      'night_mode': {'end_time': 0,
                                                     'night_mode_type': 'unknown',
                                                     'start_time': 0,
                                                     'sunrise_offset': 0,
                                                     'sunset_offset': 0}}}]}}
Update completed 192.168.100.112: ['component_nego', 'get_device_info', 'get_connect_cloud_state', 'get_device_time', 'get_led_info']
Unclosed client session
client_session: <aiohttp.client.ClientSession object at 0x00000263ACED80E0>
Exception in default exception handler
Traceback (most recent call last):
  File "C:\Users\Davide\AppData\Local\Programs\Python\Python312\Lib\asyncio\base_events.py", line 1847, in call_exception_handler
    self.default_exception_handler(context)
  File "C:\Users\Davide\AppData\Local\Programs\Python\Python312\Lib\asyncio\base_events.py", line 1821, in default_exception_handler
    logger.error('\n'.join(log_lines), exc_info=exc_info)
  File "C:\Users\Davide\AppData\Local\Programs\Python\Python312\Lib\logging\__init__.py", line 1568, in error
    self._log(ERROR, msg, args, **kwargs)
  File "C:\Users\Davide\AppData\Local\Programs\Python\Python312\Lib\logging\__init__.py", line 1684, in _log
    self.handle(record)
  File "C:\Users\Davide\AppData\Local\Programs\Python\Python312\Lib\logging\__init__.py", line 1700, in handle
    self.callHandlers(record)
  File "C:\Users\Davide\AppData\Local\Programs\Python\Python312\Lib\logging\__init__.py", line 1762, in callHandlers
    hdlr.handle(record)
  File "C:\Users\Davide\Desktop\ServerSmartPlug\log_manager.py", line 16, in handle
    listener(record)
  File "C:\Users\Davide\Desktop\ServerSmartPlug\gui\windows.py", line 25, in _add_console_line
    self.console_text.configure(state='normal')
  File "C:\Users\Davide\AppData\Local\Programs\Python\Python312\Lib\tkinter\__init__.py", line 1722, in configure
    return self._configure('configure', cnf, kw)
           ^^^^^^^^^^^^^^^^^^^^^^^^^^^^^^^^^^^^^
  File "C:\Users\Davide\AppData\Local\Programs\Python\Python312\Lib\tkinter\__init__.py", line 1712, in _configure
    self.tk.call(_flatten((self._w, cmd)) + self._options(cnf))
_tkinter.TclError: invalid command name ".!frame4.!frame.!text"
Unclosed connector
connections: ['deque([(<aiohttp.client_proto.ResponseHandler object at 0x00000263ACEE7A70>, 1384280.828)])']
connector: <aiohttp.connector.TCPConnector object at 0x00000263ABA78230>
Exception in default exception handler
Traceback (most recent call last):
  File "C:\Users\Davide\AppData\Local\Programs\Python\Python312\Lib\asyncio\base_events.py", line 1847, in call_exception_handler
    self.default_exception_handler(context)
  File "C:\Users\Davide\AppData\Local\Programs\Python\Python312\Lib\asyncio\base_events.py", line 1821, in default_exception_handler
    logger.error('\n'.join(log_lines), exc_info=exc_info)
  File "C:\Users\Davide\AppData\Local\Programs\Python\Python312\Lib\logging\__init__.py", line 1568, in error
    self._log(ERROR, msg, args, **kwargs)
  File "C:\Users\Davide\AppData\Local\Programs\Python\Python312\Lib\logging\__init__.py", line 1684, in _log
    self.handle(record)
  File "C:\Users\Davide\AppData\Local\Programs\Python\Python312\Lib\logging\__init__.py", line 1700, in handle
    self.callHandlers(record)
  File "C:\Users\Davide\AppData\Local\Programs\Python\Python312\Lib\logging\__init__.py", line 1762, in callHandlers
    hdlr.handle(record)
  File "C:\Users\Davide\Desktop\ServerSmartPlug\log_manager.py", line 16, in handle
    listener(record)
  File "C:\Users\Davide\Desktop\ServerSmartPlug\gui\windows.py", line 25, in _add_console_line
    self.console_text.configure(state='normal')
  File "C:\Users\Davide\AppData\Local\Programs\Python\Python312\Lib\tkinter\__init__.py", line 1722, in configure
    return self._configure('configure', cnf, kw)
           ^^^^^^^^^^^^^^^^^^^^^^^^^^^^^^^^^^^^^
  File "C:\Users\Davide\AppData\Local\Programs\Python\Python312\Lib\tkinter\__init__.py", line 1712, in _configure
    self.tk.call(_flatten((self._w, cmd)) + self._options(cnf))
_tkinter.TclError: invalid command name ".!frame4.!frame.!text"
C:\Users\Davide\AppData\Local\I3Lab - Politecnico di Milano\Server SmartPlug\options.json
Discovery started...
Using proactor: IocpProactor
Listening on 127.0.0.1:7071
[DISCOVERY] 255.255.255.255 >> {'system': {'get_sysinfo': {}}}
Waiting 5 seconds for responses...
Using proactor: IocpProactor
Using SmartDevice for SMART.TAPOPLUG
Finding protocol for 192.168.100.112
Finding protocol for DeviceFamily.SmartTapoPlug
Finding transport for SMART.AES
Created AES transport for 192.168.100.112
[DISCOVERY] 192.168.100.112 << {'error_code': 0,
 'result': {'device_id': 'REDACTED_c913ec3cd97a6bec2fbb1ee',
            'device_model': 'P100',
            'device_type': 'SMART.TAPOPLUG',
            'factory_default': False,
            'ip': '192.168.100.112',
            'is_support_iot_cloud': True,
            'mac': '74-DA-88-00-00-00',
            'mgt_encrypt_schm': {'encrypt_type': 'AES',
                                 'http_port': 80,
                                 'is_support_https': False,
                                 'lv': 2},
            'owner': 'REDACTED_19347acd812465188388075'}}
Initializing 192.168.100.112 of type <class 'kasa.smart.smartdevice.SmartDevice'>
Discovery finished! Found: 1 device(s)
Discovered 1 devices
Using proactor: IocpProactor
[DISCOVERY] 192.168.100.112 >> {'system': {'get_sysinfo': {}}}
Waiting a total of 5 seconds for responses...
Using SmartDevice for SMART.TAPOPLUG
Finding protocol for 192.168.100.112
Finding protocol for DeviceFamily.SmartTapoPlug
Finding transport for SMART.AES
Created AES transport for 192.168.100.112
[DISCOVERY] 192.168.100.112 << {'error_code': 0,
 'result': {'device_id': 'REDACTED_c913ec3cd97a6bec2fbb1ee',
            'device_model': 'P100',
            'device_type': 'SMART.TAPOPLUG',
            'factory_default': False,
            'ip': '192.168.100.112',
            'is_support_iot_cloud': True,
            'mac': '74-DA-88-00-00-00',
            'mgt_encrypt_schm': {'encrypt_type': 'AES',
                                 'http_port': 80,
                                 'is_support_https': False,
                                 'lv': 2},
            'owner': 'REDACTED_19347acd812465188388075'}}
Initializing 192.168.100.112 of type <class 'kasa.smart.smartdevice.SmartDevice'>
192.168.100.112 multi-request-batch-1-of-1 >> '{"method":"multipleRequest","request_time_milis":1744211446508,"terminal_uuid":"Yp3EElMaVnq4Twe7wC8YLQ==","params":{"requests":[{"method":"component_nego"},{"method":"get_device_info"},{"method":"get_connect_cloud_state"}]}}'
Will perform handshaking...
Posting to http://192.168.100.112/app
Generating keypair
Handshake request: {'method': 'handshake', 'params': {'key': '-----BEGIN PUBLIC KEY-----\nMIGfMA0GCSqGSIb3DQEBAQUAA4GNADCBiQKBgQDXVhj69sW7d8qXVYCsxvpMpot+3+Z/a2nNzvaGFLW2L7+9uuZUhxCKI7u9nIY7awDSYIUh4S8Cw6qQ0DEv6FBnnP6G9649QmJ6R6yrdsALeXPfKtDiet/s5teOwVmXQmu9PHxhogpwENUkk8CPNe7B0syzLjdnpXA62nWfm6sFdwIDAQAB\n-----END PUBLIC KEY-----\n'}}
Device responded with: {'error_code': 0, 'result': {'key': 'avC9HTu+hvT6ZewKebtmrsZyXkMCEr7LGHVGxH68BtGuHLS5N+o0jo8qYkDP+nqEAMLxtekt+/LQlFdgOgNRu3nHYcPAeZogrfSqU8eF2/H8VSPkbmKmNp+kG80F/wh44YTb6pPj4CJ7Pl7mR/nft295KabADQ0Yz2vv6lbyaME='}}
Handshake with 192.168.100.112 complete
Posting to http://192.168.100.112/app
192.168.100.112: logged in with provided credentials
Posting to http://192.168.100.112/app?token=87B782B2DAE250E0FCC039C167D18DD1
Device 192.168.100.112 received an os error, enabling sequential request delay: Server disconnected
Device 192.168.100.112 got a connection error, will retry 3 times: ('Device connection error: 192.168.100.112: Server disconnected', ServerDisconnectedError('Server disconnected'))
192.168.100.112 multi-request-batch-1-of-1 >> '{"method":"multipleRequest","request_time_milis":1744211446611,"terminal_uuid":"Yp3EElMaVnq4Twe7wC8YLQ==","params":{"requests":[{"method":"component_nego"},{"method":"get_device_info"},{"method":"get_connect_cloud_state"}]}}'
Device 192.168.100.112 waiting 0.25 seconds to send request
Posting to http://192.168.100.112/app?token=87B782B2DAE250E0FCC039C167D18DD1
192.168.100.112 multi-request-batch-1-of-1 << {'error_code': 0,
 'result': {'responses': [{'error_code': 0,
                           'method': 'component_nego',
                           'result': {'component_list': [{'id': 'device',
                                                          'ver_code': 2},
                                                         {'id': 'firmware',
                                                          'ver_code': 1},
                                                         {'id': 'quick_setup',
                                                          'ver_code': 3},
                                                         {'id': 'time',
                                                          'ver_code': 1},
                                                         {'id': 'wireless',
                                                          'ver_code': 1},
                                                         {'id': 'schedule',
                                                          'ver_code': 2},
                                                         {'id': 'countdown',
                                                          'ver_code': 2},
                                                         {'id': 'antitheft',
                                                          'ver_code': 1},
                                                         {'id': 'account',
                                                          'ver_code': 1},
                                                         {'id': 'synchronize',
                                                          'ver_code': 1},
                                                         {'id': 'sunrise_sunset',
                                                          'ver_code': 1},
                                                         {'id': 'led',
                                                          'ver_code': 1},
                                                         {'id': 'cloud_connect',
                                                          'ver_code': 1},
                                                         {'id': 'iot_cloud',
                                                          'ver_code': 1},
                                                         {'id': 'default_states',
                                                          'ver_code': 1}]}},
                          {'error_code': 0,
                           'method': 'get_device_info',
                           'result': {'avatar': 'plug',
                                      'default_states': {'state': {},
                                                         'type': 'last_states'},
                                      'device_id': 'REDACTED_DB80F24B353338FA05BB18C1C486215',
                                      'device_on': False,
                                      'fw_id': 'REDACTED_A25ABDE41405B20C6F98816',
                                      'fw_ver': '1.3.7 Build 20230711 Rel. '
                                                '61904',
                                      'has_set_location_info': True,
                                      'hw_id': 'REDACTED_5B29645B8150C392284029D',
                                      'hw_ver': '1.0.0',
                                      'ip': '192.168.100.112',
                                      'lang': 'it_IT',
                                      'latitude': 0,
                                      'location': '',
                                      'longitude': 0,
                                      'mac': '74-DA-88-00-00-00',
                                      'model': 'P100',
                                      'nickname': 'I01BU0tFRF9OQU1FIw==',
                                      'oem_id': 'REDACTED_06C60A9AEEA36A3347B6EBC',
                                      'on_time': 0,
                                      'overheated': False,
                                      'region': 'Europe/Rome',
                                      'rssi': -50,
                                      'signal_level': 2,
                                      'specs': 'EU',
                                      'ssid': 'I01BU0tFRF9TU0lEIw==',
                                      'time_diff': 60,
                                      'type': 'SMART.TAPOPLUG'}},
                          {'error_code': 0,
                           'method': 'get_connect_cloud_state',
                           'result': {'status': 0}}]}}
Device 192.168.100.112, found required cloud_connect, adding Cloud to modules.
Device 192.168.100.112, found required device, adding DeviceModule to modules.
Device 192.168.100.112, found required firmware, adding Firmware to modules.
Device 192.168.100.112, found required led, adding Led to modules.
Device 192.168.100.112, found required None, adding OverheatProtection to modules.
Device 192.168.100.112, found required time, adding Time to modules.
Querying 192.168.100.112 for modules: Time, Led
192.168.100.112 multi-request-batch-1-of-1 >> '{"method":"multipleRequest","request_time_milis":1744211446933,"terminal_uuid":"Yp3EElMaVnq4Twe7wC8YLQ==","params":{"requests":[{"method":"get_device_time"},{"method":"get_led_info"}]}}'
Device 192.168.100.112 waiting 0.23499999986961484 seconds to send request
Posting to http://192.168.100.112/app?token=87B782B2DAE250E0FCC039C167D18DD1
192.168.100.112 multi-request-batch-1-of-1 << {'error_code': 0,
 'result': {'responses': [{'error_code': 0,
                           'method': 'get_device_time',
                           'result': {'region': 'Europe/Rome',
                                      'time_diff': 60,
                                      'timestamp': 1744211446}},
                          {'error_code': 0,
                           'method': 'get_led_info',
                           'result': {'led_rule': 'always',
                                      'led_status': False,
                                      'night_mode': {'end_time': 0,
                                                     'night_mode_type': 'unknown',
                                                     'start_time': 0,
                                                     'sunrise_offset': 0,
                                                     'sunset_offset': 0}}}]}}
Update completed 192.168.100.112: ['component_nego', 'get_device_info', 'get_connect_cloud_state', 'get_device_time', 'get_led_info']
Received data: {'name': 'John Doe', 'age': 30}
Unclosed client session
client_session: <aiohttp.client.ClientSession object at 0x000002319D48BBF0>
Unclosed connector
connections: ['deque([(<aiohttp.client_proto.ResponseHandler object at 0x000002319D4C3CB0>, 1385018.343)])']
connector: <aiohttp.connector.TCPConnector object at 0x000002319D48BB30>
C:\Users\Davide\AppData\Local\I3Lab - Politecnico di Milano\Server SmartPlug\options.json
Listening on 127.0.0.1:7071
Using proactor: IocpProactor
C:\Users\Davide\AppData\Local\I3Lab - Politecnico di Milano\Server SmartPlug\options.json
Listening on 127.0.0.1:7071
Using proactor: IocpProactor
C:\Users\Davide\AppData\Local\I3Lab - Politecnico di Milano\Server SmartPlug\options.json
Discovery started...
Using proactor: IocpProactor
Listening on 127.0.0.1:7071
[DISCOVERY] 255.255.255.255 >> {'system': {'get_sysinfo': {}}}
Waiting 5 seconds for responses...
Using proactor: IocpProactor
Using SmartDevice for SMART.TAPOPLUG
Finding protocol for 192.168.100.112
Finding protocol for DeviceFamily.SmartTapoPlug
Finding transport for SMART.AES
Created AES transport for 192.168.100.112
[DISCOVERY] 192.168.100.112 << {'error_code': 0,
 'result': {'device_id': 'REDACTED_c913ec3cd97a6bec2fbb1ee',
            'device_model': 'P100',
            'device_type': 'SMART.TAPOPLUG',
            'factory_default': False,
            'ip': '192.168.100.112',
            'is_support_iot_cloud': True,
            'mac': '74-DA-88-00-00-00',
            'mgt_encrypt_schm': {'encrypt_type': 'AES',
                                 'http_port': 80,
                                 'is_support_https': False,
                                 'lv': 2},
            'owner': 'REDACTED_19347acd812465188388075'}}
Initializing 192.168.100.112 of type <class 'kasa.smart.smartdevice.SmartDevice'>
Discovery finished! Found: 1 device(s)
Discovered 1 devices
Using proactor: IocpProactor
[DISCOVERY] 192.168.100.112 >> {'system': {'get_sysinfo': {}}}
Waiting a total of 5 seconds for responses...
Using SmartDevice for SMART.TAPOPLUG
Finding protocol for 192.168.100.112
Finding protocol for DeviceFamily.SmartTapoPlug
Finding transport for SMART.AES
Created AES transport for 192.168.100.112
[DISCOVERY] 192.168.100.112 << {'error_code': 0,
 'result': {'device_id': 'REDACTED_c913ec3cd97a6bec2fbb1ee',
            'device_model': 'P100',
            'device_type': 'SMART.TAPOPLUG',
            'factory_default': False,
            'ip': '192.168.100.112',
            'is_support_iot_cloud': True,
            'mac': '74-DA-88-00-00-00',
            'mgt_encrypt_schm': {'encrypt_type': 'AES',
                                 'http_port': 80,
                                 'is_support_https': False,
                                 'lv': 2},
            'owner': 'REDACTED_19347acd812465188388075'}}
Initializing 192.168.100.112 of type <class 'kasa.smart.smartdevice.SmartDevice'>
192.168.100.112 multi-request-batch-1-of-1 >> '{"method":"multipleRequest","request_time_milis":1744292379485,"terminal_uuid":"h6KhwfGA2Q/gz/7/pXFdbg==","params":{"requests":[{"method":"component_nego"},{"method":"get_device_info"},{"method":"get_connect_cloud_state"}]}}'
Will perform handshaking...
Posting to http://192.168.100.112/app
Generating keypair
Handshake request: {'method': 'handshake', 'params': {'key': '-----BEGIN PUBLIC KEY-----\nMIGfMA0GCSqGSIb3DQEBAQUAA4GNADCBiQKBgQCmObR/pE9vKFAdk4EhWw6CVSA9686eCdv8bdM3Z4mY5MMxrmf+Ey9+YLjV1PdviztzivIhLgXXYdbOJXh0YwOvAt4mVvdECnPWGv1j8LShU4ZgBrfUSDXHisHBUV0DGVGFmtSBKoP84sPMX8w7oBC8Zpq3JqENMJB/+wvmj0zG/wIDAQAB\n-----END PUBLIC KEY-----\n'}}
Device responded with: {'error_code': 0, 'result': {'key': 'mCW9ZrCFgQGVigRJdX+RBpYPLOeqdFmtXrUhQim9Z8NalX6bD3KtMPxmPXyBemmGB87/N4H600+6Jk33itU+c7uzhSxixIbwb6BM9jYYtISWCBGmQ0drqRmEiZeqdRNZAw8peKehKVGCuzsBNQOhlN9jKch1gRipRTq42eEvf0k='}}
Handshake with 192.168.100.112 complete
Posting to http://192.168.100.112/app
192.168.100.112: logged in with provided credentials
Posting to http://192.168.100.112/app?token=7DADE3A107614867BA079D04EC34FF35
Device 192.168.100.112 received an os error, enabling sequential request delay: Server disconnected
Device 192.168.100.112 got a connection error, will retry 3 times: ('Device connection error: 192.168.100.112: Server disconnected', ServerDisconnectedError('Server disconnected'))
192.168.100.112 multi-request-batch-1-of-1 >> '{"method":"multipleRequest","request_time_milis":1744292379634,"terminal_uuid":"h6KhwfGA2Q/gz/7/pXFdbg==","params":{"requests":[{"method":"component_nego"},{"method":"get_device_info"},{"method":"get_connect_cloud_state"}]}}'
Device 192.168.100.112 waiting 0.25 seconds to send request
Posting to http://192.168.100.112/app?token=7DADE3A107614867BA079D04EC34FF35
192.168.100.112 multi-request-batch-1-of-1 << {'error_code': 0,
 'result': {'responses': [{'error_code': 0,
                           'method': 'component_nego',
                           'result': {'component_list': [{'id': 'device',
                                                          'ver_code': 2},
                                                         {'id': 'firmware',
                                                          'ver_code': 1},
                                                         {'id': 'quick_setup',
                                                          'ver_code': 3},
                                                         {'id': 'time',
                                                          'ver_code': 1},
                                                         {'id': 'wireless',
                                                          'ver_code': 1},
                                                         {'id': 'schedule',
                                                          'ver_code': 2},
                                                         {'id': 'countdown',
                                                          'ver_code': 2},
                                                         {'id': 'antitheft',
                                                          'ver_code': 1},
                                                         {'id': 'account',
                                                          'ver_code': 1},
                                                         {'id': 'synchronize',
                                                          'ver_code': 1},
                                                         {'id': 'sunrise_sunset',
                                                          'ver_code': 1},
                                                         {'id': 'led',
                                                          'ver_code': 1},
                                                         {'id': 'cloud_connect',
                                                          'ver_code': 1},
                                                         {'id': 'iot_cloud',
                                                          'ver_code': 1},
                                                         {'id': 'default_states',
                                                          'ver_code': 1}]}},
                          {'error_code': 0,
                           'method': 'get_device_info',
                           'result': {'avatar': 'plug',
                                      'default_states': {'state': {},
                                                         'type': 'last_states'},
                                      'device_id': 'REDACTED_DB80F24B353338FA05BB18C1C486215',
                                      'device_on': False,
                                      'fw_id': 'REDACTED_A25ABDE41405B20C6F98816',
                                      'fw_ver': '1.3.7 Build 20230711 Rel. '
                                                '61904',
                                      'has_set_location_info': True,
                                      'hw_id': 'REDACTED_5B29645B8150C392284029D',
                                      'hw_ver': '1.0.0',
                                      'ip': '192.168.100.112',
                                      'lang': 'it_IT',
                                      'latitude': 0,
                                      'location': '',
                                      'longitude': 0,
                                      'mac': '74-DA-88-00-00-00',
                                      'model': 'P100',
                                      'nickname': 'I01BU0tFRF9OQU1FIw==',
                                      'oem_id': 'REDACTED_06C60A9AEEA36A3347B6EBC',
                                      'on_time': 0,
                                      'overheated': False,
                                      'region': 'Europe/Rome',
                                      'rssi': -48,
                                      'signal_level': 3,
                                      'specs': 'EU',
                                      'ssid': 'I01BU0tFRF9TU0lEIw==',
                                      'time_diff': 60,
                                      'type': 'SMART.TAPOPLUG'}},
                          {'error_code': 0,
                           'method': 'get_connect_cloud_state',
                           'result': {'status': 0}}]}}
Device 192.168.100.112, found required cloud_connect, adding Cloud to modules.
Device 192.168.100.112, found required device, adding DeviceModule to modules.
Device 192.168.100.112, found required firmware, adding Firmware to modules.
Device 192.168.100.112, found required led, adding Led to modules.
Device 192.168.100.112, found required None, adding OverheatProtection to modules.
Device 192.168.100.112, found required time, adding Time to modules.
Querying 192.168.100.112 for modules: Time, Led
192.168.100.112 multi-request-batch-1-of-1 >> '{"method":"multipleRequest","request_time_milis":1744292380003,"terminal_uuid":"h6KhwfGA2Q/gz/7/pXFdbg==","params":{"requests":[{"method":"get_device_time"},{"method":"get_led_info"}]}}'
Device 192.168.100.112 waiting 0.23399999999674037 seconds to send request
Posting to http://192.168.100.112/app?token=7DADE3A107614867BA079D04EC34FF35
192.168.100.112 multi-request-batch-1-of-1 << {'error_code': 0,
 'result': {'responses': [{'error_code': 0,
                           'method': 'get_device_time',
                           'result': {'region': 'Europe/Rome',
                                      'time_diff': 60,
                                      'timestamp': 1744292377}},
                          {'error_code': 0,
                           'method': 'get_led_info',
                           'result': {'led_rule': 'always',
                                      'led_status': False,
                                      'night_mode': {'end_time': 0,
                                                     'night_mode_type': 'unknown',
                                                     'start_time': 0,
                                                     'sunrise_offset': 0,
                                                     'sunset_offset': 0}}}]}}
Update completed 192.168.100.112: ['component_nego', 'get_device_info', 'get_connect_cloud_state', 'get_device_time', 'get_led_info']
C:\Users\Davide\AppData\Local\I3Lab - Politecnico di Milano\Server SmartPlug\options.json
Listening on 127.0.0.1:7071
Using proactor: IocpProactor
C:\Users\Davide\AppData\Local\I3Lab - Politecnico di Milano\Server SmartPlug\options.json
Listening on 127.0.0.1:7071
Using proactor: IocpProactor
C:\Users\Davide\AppData\Local\I3Lab - Politecnico di Milano\Server SmartPlug\options.json
Listening on 127.0.0.1:7071
Using proactor: IocpProactor
C:\Users\Davide\AppData\Local\I3Lab - Politecnico di Milano\Server SmartPlug\options.json
Listening on 127.0.0.1:7071
Using proactor: IocpProactor
C:\Users\Davide\AppData\Local\I3Lab - Politecnico di Milano\Server SmartPlug\options.json
Listening on 127.0.0.1:7071
Using proactor: IocpProactor
C:\Users\Davide\AppData\Local\I3Lab - Politecnico di Milano\Server SmartPlug\options.json
Listening on 127.0.0.1:7071
Using proactor: IocpProactor
C:\Users\Davide\AppData\Local\I3Lab - Politecnico di Milano\Server SmartPlug\options.json
Listening on 127.0.0.1:7071
Using proactor: IocpProactor
C:\Users\Davide\AppData\Local\I3Lab - Politecnico di Milano\Server SmartPlug\options.json
Listening on 127.0.0.1:7071
Using proactor: IocpProactor
C:\Users\Davide\AppData\Local\I3Lab - Politecnico di Milano\Server SmartPlug\options.json
Listening on 127.0.0.1:7071
Using proactor: IocpProactor
C:\Users\Davide\AppData\Local\I3Lab - Politecnico di Milano\Server SmartPlug\options.json
Discovery started...
Using proactor: IocpProactor
Listening on 127.0.0.1:7071
[DISCOVERY] 255.255.255.255 >> {'system': {'get_sysinfo': {}}}
Waiting 5 seconds for responses...
Using SmartDevice for SMART.TAPOPLUG
Finding protocol for 192.168.100.112
Finding protocol for DeviceFamily.SmartTapoPlug
Finding transport for SMART.AES
Created AES transport for 192.168.100.112
[DISCOVERY] 192.168.100.112 << {'error_code': 0,
 'result': {'device_id': 'REDACTED_c913ec3cd97a6bec2fbb1ee',
            'device_model': 'P100',
            'device_type': 'SMART.TAPOPLUG',
            'factory_default': False,
            'ip': '192.168.100.112',
            'is_support_iot_cloud': True,
            'mac': '74-DA-88-00-00-00',
            'mgt_encrypt_schm': {'encrypt_type': 'AES',
                                 'http_port': 80,
                                 'is_support_https': False,
                                 'lv': 2},
            'owner': 'REDACTED_19347acd812465188388075'}}
Initializing 192.168.100.112 of type <class 'kasa.smart.smartdevice.SmartDevice'>
Using proactor: IocpProactor
Discovery finished! Found: 1 device(s)
Discovered 1 devices
[DISCOVERY] 192.168.100.112 >> {'system': {'get_sysinfo': {}}}
Waiting a total of 5 seconds for responses...
Using SmartDevice for SMART.TAPOPLUG
Finding protocol for 192.168.100.112
Finding protocol for DeviceFamily.SmartTapoPlug
Finding transport for SMART.AES
Created AES transport for 192.168.100.112
[DISCOVERY] 192.168.100.112 << {'error_code': 0,
 'result': {'device_id': 'REDACTED_c913ec3cd97a6bec2fbb1ee',
            'device_model': 'P100',
            'device_type': 'SMART.TAPOPLUG',
            'factory_default': False,
            'ip': '192.168.100.112',
            'is_support_iot_cloud': True,
            'mac': '74-DA-88-00-00-00',
            'mgt_encrypt_schm': {'encrypt_type': 'AES',
                                 'http_port': 80,
                                 'is_support_https': False,
                                 'lv': 2},
            'owner': 'REDACTED_19347acd812465188388075'}}
Initializing 192.168.100.112 of type <class 'kasa.smart.smartdevice.SmartDevice'>
192.168.100.112 multi-request-batch-1-of-1 >> '{"method":"multipleRequest","request_time_milis":1744298540253,"terminal_uuid":"OewU3wIflxfWeq0bLARkQg==","params":{"requests":[{"method":"component_nego"},{"method":"get_device_info"},{"method":"get_connect_cloud_state"}]}}'
Will perform handshaking...
Posting to http://192.168.100.112/app
Unable to query the device: 192.168.100.112, not retrying: ("Unable to query the device: 192.168.100.112: _patch_task.<locals>.task_new_init() got an unexpected keyword argument 'eager_start'", TypeError("_patch_task.<locals>.task_new_init() got an unexpected keyword argument 'eager_start'"))
C:\Users\Davide\AppData\Local\I3Lab - Politecnico di Milano\Server SmartPlug\options.json
Listening on 127.0.0.1:7071
Using proactor: IocpProactor
C:\Users\Davide\AppData\Local\I3Lab - Politecnico di Milano\Server SmartPlug\options.json
Listening on 127.0.0.1:7071
Using proactor: IocpProactor
C:\Users\Davide\AppData\Local\I3Lab - Politecnico di Milano\Server SmartPlug\options.json
Listening on 127.0.0.1:7071
Using proactor: IocpProactor
C:\Users\Davide\AppData\Local\I3Lab - Politecnico di Milano\Server SmartPlug\options.json
Listening on 127.0.0.1:7071
Using proactor: IocpProactor
C:\Users\Davide\AppData\Local\I3Lab - Politecnico di Milano\Server SmartPlug\options.json
Listening on 127.0.0.1:7071
Using proactor: IocpProactor
C:\Users\Davide\AppData\Local\I3Lab - Politecnico di Milano\Server SmartPlug\options.json
Discovery started...
Using proactor: IocpProactor
Listening on 127.0.0.1:7071
[DISCOVERY] 255.255.255.255 >> {'system': {'get_sysinfo': {}}}
Waiting 5 seconds for responses...
Using proactor: IocpProactor
Using SmartDevice for SMART.TAPOPLUG
Finding protocol for 192.168.100.112
Finding protocol for DeviceFamily.SmartTapoPlug
Finding transport for SMART.AES
Created AES transport for 192.168.100.112
[DISCOVERY] 192.168.100.112 << {'error_code': 0,
 'result': {'device_id': 'REDACTED_c913ec3cd97a6bec2fbb1ee',
            'device_model': 'P100',
            'device_type': 'SMART.TAPOPLUG',
            'factory_default': False,
            'ip': '192.168.100.112',
            'is_support_iot_cloud': True,
            'mac': '74-DA-88-00-00-00',
            'mgt_encrypt_schm': {'encrypt_type': 'AES',
                                 'http_port': 80,
                                 'is_support_https': False,
                                 'lv': 2},
            'owner': 'REDACTED_19347acd812465188388075'}}
Initializing 192.168.100.112 of type <class 'kasa.smart.smartdevice.SmartDevice'>
Discovery finished! Found: 1 device(s)
Discovered 1 devices
Using proactor: IocpProactor
[DISCOVERY] 192.168.100.112 >> {'system': {'get_sysinfo': {}}}
Waiting a total of 5 seconds for responses...
Using SmartDevice for SMART.TAPOPLUG
Finding protocol for 192.168.100.112
Finding protocol for DeviceFamily.SmartTapoPlug
Finding transport for SMART.AES
Created AES transport for 192.168.100.112
[DISCOVERY] 192.168.100.112 << {'error_code': 0,
 'result': {'device_id': 'REDACTED_c913ec3cd97a6bec2fbb1ee',
            'device_model': 'P100',
            'device_type': 'SMART.TAPOPLUG',
            'factory_default': False,
            'ip': '192.168.100.112',
            'is_support_iot_cloud': True,
            'mac': '74-DA-88-00-00-00',
            'mgt_encrypt_schm': {'encrypt_type': 'AES',
                                 'http_port': 80,
                                 'is_support_https': False,
                                 'lv': 2},
            'owner': 'REDACTED_19347acd812465188388075'}}
Initializing 192.168.100.112 of type <class 'kasa.smart.smartdevice.SmartDevice'>
192.168.100.112 multi-request-batch-1-of-1 >> '{"method":"multipleRequest","request_time_milis":1744300008839,"terminal_uuid":"cmWGvLT2fE9d5iVm8Xxk5A==","params":{"requests":[{"method":"component_nego"},{"method":"get_device_info"},{"method":"get_connect_cloud_state"}]}}'
Will perform handshaking...
Posting to http://192.168.100.112/app
Generating keypair
Handshake request: {'method': 'handshake', 'params': {'key': '-----BEGIN PUBLIC KEY-----\nMIGfMA0GCSqGSIb3DQEBAQUAA4GNADCBiQKBgQDLBAhAREV9HnrjvtIchn1kmU2YW7ubP+nfPCpeF8MSV8hUay4VbLR86q7Um+m0XDo6k1ZywkB0QTAcnGo4cDQzqfPk7dZB3PWyF7/p6gCKCp8YFllsXXpC7/6fQ7dlcBSLB9DbaYNm/Jpuvry4TUicFw3lqKUip9bZ6YM9pDz/NQIDAQAB\n-----END PUBLIC KEY-----\n'}}
Device responded with: {'error_code': 0, 'result': {'key': 'C8POB3eqfHIAefCVxYaB+b4SE7PL+NrRDjf15n17rftthtWWPCTo43QiY3d2iILRyyHS8rredv6k4Fh8/N9KiTg4dq/AdXTpScQrF4OmlIBDm0r8dJgY7sIdozO+CQBftArfyW1fnJW53OacqRy2MY5ptJFiSq2mlWhV1nVMpzE='}}
Handshake with 192.168.100.112 complete
Posting to http://192.168.100.112/app
192.168.100.112: logged in with provided credentials
Posting to http://192.168.100.112/app?token=6E83698611D692D4AEF46FF579E519E5
Device 192.168.100.112 received an os error, enabling sequential request delay: Server disconnected
Device 192.168.100.112 got a connection error, will retry 3 times: ('Device connection error: 192.168.100.112: Server disconnected', ServerDisconnectedError('Server disconnected'))
192.168.100.112 multi-request-batch-1-of-1 >> '{"method":"multipleRequest","request_time_milis":1744300008973,"terminal_uuid":"cmWGvLT2fE9d5iVm8Xxk5A==","params":{"requests":[{"method":"component_nego"},{"method":"get_device_info"},{"method":"get_connect_cloud_state"}]}}'
Device 192.168.100.112 waiting 0.25 seconds to send request
Posting to http://192.168.100.112/app?token=6E83698611D692D4AEF46FF579E519E5
192.168.100.112 multi-request-batch-1-of-1 << {'error_code': 0,
 'result': {'responses': [{'error_code': 0,
                           'method': 'component_nego',
                           'result': {'component_list': [{'id': 'device',
                                                          'ver_code': 2},
                                                         {'id': 'firmware',
                                                          'ver_code': 1},
                                                         {'id': 'quick_setup',
                                                          'ver_code': 3},
                                                         {'id': 'time',
                                                          'ver_code': 1},
                                                         {'id': 'wireless',
                                                          'ver_code': 1},
                                                         {'id': 'schedule',
                                                          'ver_code': 2},
                                                         {'id': 'countdown',
                                                          'ver_code': 2},
                                                         {'id': 'antitheft',
                                                          'ver_code': 1},
                                                         {'id': 'account',
                                                          'ver_code': 1},
                                                         {'id': 'synchronize',
                                                          'ver_code': 1},
                                                         {'id': 'sunrise_sunset',
                                                          'ver_code': 1},
                                                         {'id': 'led',
                                                          'ver_code': 1},
                                                         {'id': 'cloud_connect',
                                                          'ver_code': 1},
                                                         {'id': 'iot_cloud',
                                                          'ver_code': 1},
                                                         {'id': 'default_states',
                                                          'ver_code': 1}]}},
                          {'error_code': 0,
                           'method': 'get_device_info',
                           'result': {'avatar': 'plug',
                                      'default_states': {'state': {},
                                                         'type': 'last_states'},
                                      'device_id': 'REDACTED_DB80F24B353338FA05BB18C1C486215',
                                      'device_on': False,
                                      'fw_id': 'REDACTED_A25ABDE41405B20C6F98816',
                                      'fw_ver': '1.3.7 Build 20230711 Rel. '
                                                '61904',
                                      'has_set_location_info': True,
                                      'hw_id': 'REDACTED_5B29645B8150C392284029D',
                                      'hw_ver': '1.0.0',
                                      'ip': '192.168.100.112',
                                      'lang': 'it_IT',
                                      'latitude': 0,
                                      'location': '',
                                      'longitude': 0,
                                      'mac': '74-DA-88-00-00-00',
                                      'model': 'P100',
                                      'nickname': 'I01BU0tFRF9OQU1FIw==',
                                      'oem_id': 'REDACTED_06C60A9AEEA36A3347B6EBC',
                                      'on_time': 0,
                                      'overheated': False,
                                      'region': 'Europe/Rome',
                                      'rssi': -48,
                                      'signal_level': 3,
                                      'specs': 'EU',
                                      'ssid': 'I01BU0tFRF9TU0lEIw==',
                                      'time_diff': 60,
                                      'type': 'SMART.TAPOPLUG'}},
                          {'error_code': 0,
                           'method': 'get_connect_cloud_state',
                           'result': {'status': 0}}]}}
Device 192.168.100.112, found required cloud_connect, adding Cloud to modules.
Device 192.168.100.112, found required device, adding DeviceModule to modules.
Device 192.168.100.112, found required firmware, adding Firmware to modules.
Device 192.168.100.112, found required led, adding Led to modules.
Device 192.168.100.112, found required None, adding OverheatProtection to modules.
Device 192.168.100.112, found required time, adding Time to modules.
Querying 192.168.100.112 for modules: Time, Led
192.168.100.112 multi-request-batch-1-of-1 >> '{"method":"multipleRequest","request_time_milis":1744300009308,"terminal_uuid":"cmWGvLT2fE9d5iVm8Xxk5A==","params":{"requests":[{"method":"get_device_time"},{"method":"get_led_info"}]}}'
Device 192.168.100.112 waiting 0.23399999999674037 seconds to send request
Posting to http://192.168.100.112/app?token=6E83698611D692D4AEF46FF579E519E5
192.168.100.112 multi-request-batch-1-of-1 << {'error_code': 0,
 'result': {'responses': [{'error_code': 0,
                           'method': 'get_device_time',
                           'result': {'region': 'Europe/Rome',
                                      'time_diff': 60,
                                      'timestamp': 1744300006}},
                          {'error_code': 0,
                           'method': 'get_led_info',
                           'result': {'led_rule': 'always',
                                      'led_status': False,
                                      'night_mode': {'end_time': 0,
                                                     'night_mode_type': 'unknown',
                                                     'start_time': 0,
                                                     'sunrise_offset': 0,
                                                     'sunset_offset': 0}}}]}}
Update completed 192.168.100.112: ['component_nego', 'get_device_info', 'get_connect_cloud_state', 'get_device_time', 'get_led_info']
C:\Users\Davide\AppData\Local\I3Lab - Politecnico di Milano\Server SmartPlug\options.json
Discovery started...
Using proactor: IocpProactor
Listening on 127.0.0.1:7071
[DISCOVERY] 255.255.255.255 >> {'system': {'get_sysinfo': {}}}
Waiting 5 seconds for responses...
Using proactor: IocpProactor
Using SmartDevice for SMART.TAPOPLUG
Finding protocol for 192.168.100.112
Finding protocol for DeviceFamily.SmartTapoPlug
Finding transport for SMART.AES
Created AES transport for 192.168.100.112
[DISCOVERY] 192.168.100.112 << {'error_code': 0,
 'result': {'device_id': 'REDACTED_c913ec3cd97a6bec2fbb1ee',
            'device_model': 'P100',
            'device_type': 'SMART.TAPOPLUG',
            'factory_default': False,
            'ip': '192.168.100.112',
            'is_support_iot_cloud': True,
            'mac': '74-DA-88-00-00-00',
            'mgt_encrypt_schm': {'encrypt_type': 'AES',
                                 'http_port': 80,
                                 'is_support_https': False,
                                 'lv': 2},
            'owner': 'REDACTED_19347acd812465188388075'}}
Initializing 192.168.100.112 of type <class 'kasa.smart.smartdevice.SmartDevice'>
Discovery finished! Found: 1 device(s)
Discovered 1 devices
Using proactor: IocpProactor
[DISCOVERY] 192.168.100.112 >> {'system': {'get_sysinfo': {}}}
Waiting a total of 5 seconds for responses...
Using SmartDevice for SMART.TAPOPLUG
Finding protocol for 192.168.100.112
Finding protocol for DeviceFamily.SmartTapoPlug
Finding transport for SMART.AES
Created AES transport for 192.168.100.112
[DISCOVERY] 192.168.100.112 << {'error_code': 0,
 'result': {'device_id': 'REDACTED_c913ec3cd97a6bec2fbb1ee',
            'device_model': 'P100',
            'device_type': 'SMART.TAPOPLUG',
            'factory_default': False,
            'ip': '192.168.100.112',
            'is_support_iot_cloud': True,
            'mac': '74-DA-88-00-00-00',
            'mgt_encrypt_schm': {'encrypt_type': 'AES',
                                 'http_port': 80,
                                 'is_support_https': False,
                                 'lv': 2},
            'owner': 'REDACTED_19347acd812465188388075'}}
Initializing 192.168.100.112 of type <class 'kasa.smart.smartdevice.SmartDevice'>
192.168.100.112 multi-request-batch-1-of-1 >> '{"method":"multipleRequest","request_time_milis":1744300804320,"terminal_uuid":"YlL5XdazB/um2DsOfKzwcg==","params":{"requests":[{"method":"component_nego"},{"method":"get_device_info"},{"method":"get_connect_cloud_state"}]}}'
Will perform handshaking...
Posting to http://192.168.100.112/app
Generating keypair
Handshake request: {'method': 'handshake', 'params': {'key': '-----BEGIN PUBLIC KEY-----\nMIGfMA0GCSqGSIb3DQEBAQUAA4GNADCBiQKBgQDfEUF4q4kRdwM6UTAZQRsY4Mm37QGf1NVp3rIp5S972i8oubGd/1bTacNpxoXoXh880w6XLm5x5n+oTVDcepuA1bgKVgVd5Z3kyRqzbSmzO7y9eMioF3N2kiBGDvh+WjAcmDuHCAN4qxdDiTgkKDaF6spIRiSAWcWNdJ0LZYmwawIDAQAB\n-----END PUBLIC KEY-----\n'}}
Device responded with: {'error_code': 0, 'result': {'key': 'bZaevEiz18M2PfYQngOGnLYsmO9OAmZsoNiCbmrnbb4cLg/+vo8outiumocRlosIPw/O49p7+XjFo7OuypzVYAPEly2q4LKsrzN6MQGqWCcmerWufqYX/6XwbxxcULiN7duX3pkJAUrniQB4tCbJCe/z/SH46BD16Pll2Qbndg4='}}
Handshake with 192.168.100.112 complete
Posting to http://192.168.100.112/app
192.168.100.112: logged in with provided credentials
Posting to http://192.168.100.112/app?token=AAA135ABC90B060EF85E1F5C607C937D
Device 192.168.100.112 received an os error, enabling sequential request delay: Server disconnected
Device 192.168.100.112 got a connection error, will retry 3 times: ('Device connection error: 192.168.100.112: Server disconnected', ServerDisconnectedError('Server disconnected'))
192.168.100.112 multi-request-batch-1-of-1 >> '{"method":"multipleRequest","request_time_milis":1744300804513,"terminal_uuid":"YlL5XdazB/um2DsOfKzwcg==","params":{"requests":[{"method":"component_nego"},{"method":"get_device_info"},{"method":"get_connect_cloud_state"}]}}'
Device 192.168.100.112 waiting 0.25 seconds to send request
Posting to http://192.168.100.112/app?token=AAA135ABC90B060EF85E1F5C607C937D
192.168.100.112 multi-request-batch-1-of-1 << {'error_code': 0,
 'result': {'responses': [{'error_code': 0,
                           'method': 'component_nego',
                           'result': {'component_list': [{'id': 'device',
                                                          'ver_code': 2},
                                                         {'id': 'firmware',
                                                          'ver_code': 1},
                                                         {'id': 'quick_setup',
                                                          'ver_code': 3},
                                                         {'id': 'time',
                                                          'ver_code': 1},
                                                         {'id': 'wireless',
                                                          'ver_code': 1},
                                                         {'id': 'schedule',
                                                          'ver_code': 2},
                                                         {'id': 'countdown',
                                                          'ver_code': 2},
                                                         {'id': 'antitheft',
                                                          'ver_code': 1},
                                                         {'id': 'account',
                                                          'ver_code': 1},
                                                         {'id': 'synchronize',
                                                          'ver_code': 1},
                                                         {'id': 'sunrise_sunset',
                                                          'ver_code': 1},
                                                         {'id': 'led',
                                                          'ver_code': 1},
                                                         {'id': 'cloud_connect',
                                                          'ver_code': 1},
                                                         {'id': 'iot_cloud',
                                                          'ver_code': 1},
                                                         {'id': 'default_states',
                                                          'ver_code': 1}]}},
                          {'error_code': 0,
                           'method': 'get_device_info',
                           'result': {'avatar': 'plug',
                                      'default_states': {'state': {},
                                                         'type': 'last_states'},
                                      'device_id': 'REDACTED_DB80F24B353338FA05BB18C1C486215',
                                      'device_on': False,
                                      'fw_id': 'REDACTED_A25ABDE41405B20C6F98816',
                                      'fw_ver': '1.3.7 Build 20230711 Rel. '
                                                '61904',
                                      'has_set_location_info': True,
                                      'hw_id': 'REDACTED_5B29645B8150C392284029D',
                                      'hw_ver': '1.0.0',
                                      'ip': '192.168.100.112',
                                      'lang': 'it_IT',
                                      'latitude': 0,
                                      'location': '',
                                      'longitude': 0,
                                      'mac': '74-DA-88-00-00-00',
                                      'model': 'P100',
                                      'nickname': 'I01BU0tFRF9OQU1FIw==',
                                      'oem_id': 'REDACTED_06C60A9AEEA36A3347B6EBC',
                                      'on_time': 0,
                                      'overheated': False,
                                      'region': 'Europe/Rome',
                                      'rssi': -48,
                                      'signal_level': 3,
                                      'specs': 'EU',
                                      'ssid': 'I01BU0tFRF9TU0lEIw==',
                                      'time_diff': 60,
                                      'type': 'SMART.TAPOPLUG'}},
                          {'error_code': 0,
                           'method': 'get_connect_cloud_state',
                           'result': {'status': 0}}]}}
Device 192.168.100.112, found required cloud_connect, adding Cloud to modules.
Device 192.168.100.112, found required device, adding DeviceModule to modules.
Device 192.168.100.112, found required firmware, adding Firmware to modules.
Device 192.168.100.112, found required led, adding Led to modules.
Device 192.168.100.112, found required None, adding OverheatProtection to modules.
Device 192.168.100.112, found required time, adding Time to modules.
Querying 192.168.100.112 for modules: Time, Led
192.168.100.112 multi-request-batch-1-of-1 >> '{"method":"multipleRequest","request_time_milis":1744300804854,"terminal_uuid":"YlL5XdazB/um2DsOfKzwcg==","params":{"requests":[{"method":"get_device_time"},{"method":"get_led_info"}]}}'
Device 192.168.100.112 waiting 0.21899999999732245 seconds to send request
Posting to http://192.168.100.112/app?token=AAA135ABC90B060EF85E1F5C607C937D
192.168.100.112 multi-request-batch-1-of-1 << {'error_code': 0,
 'result': {'responses': [{'error_code': 0,
                           'method': 'get_device_time',
                           'result': {'region': 'Europe/Rome',
                                      'time_diff': 60,
                                      'timestamp': 1744300801}},
                          {'error_code': 0,
                           'method': 'get_led_info',
                           'result': {'led_rule': 'always',
                                      'led_status': False,
                                      'night_mode': {'end_time': 0,
                                                     'night_mode_type': 'unknown',
                                                     'start_time': 0,
                                                     'sunrise_offset': 0,
                                                     'sunset_offset': 0}}}]}}
Update completed 192.168.100.112: ['component_nego', 'get_device_info', 'get_connect_cloud_state', 'get_device_time', 'get_led_info']
Switching status
C:\Users\Davide\AppData\Local\I3Lab - Politecnico di Milano\Server SmartPlug\options.json
Discovery started...
Using proactor: IocpProactor
Listening on 127.0.0.1:7071
[DISCOVERY] 255.255.255.255 >> {'system': {'get_sysinfo': {}}}
Waiting 5 seconds for responses...
Using SmartDevice for SMART.TAPOPLUG
Finding protocol for 192.168.100.112
Finding protocol for DeviceFamily.SmartTapoPlug
Finding transport for SMART.AES
Created AES transport for 192.168.100.112
[DISCOVERY] 192.168.100.112 << {'error_code': 0,
 'result': {'device_id': 'REDACTED_c913ec3cd97a6bec2fbb1ee',
            'device_model': 'P100',
            'device_type': 'SMART.TAPOPLUG',
            'factory_default': False,
            'ip': '192.168.100.112',
            'is_support_iot_cloud': True,
            'mac': '74-DA-88-00-00-00',
            'mgt_encrypt_schm': {'encrypt_type': 'AES',
                                 'http_port': 80,
                                 'is_support_https': False,
                                 'lv': 2},
            'owner': 'REDACTED_19347acd812465188388075'}}
Initializing 192.168.100.112 of type <class 'kasa.smart.smartdevice.SmartDevice'>
Using proactor: IocpProactor
Discovery finished! Found: 1 device(s)
Discovered 1 devices
Using proactor: IocpProactor
[DISCOVERY] 192.168.100.112 >> {'system': {'get_sysinfo': {}}}
Waiting a total of 5 seconds for responses...
Using SmartDevice for SMART.TAPOPLUG
Finding protocol for 192.168.100.112
Finding protocol for DeviceFamily.SmartTapoPlug
Finding transport for SMART.AES
Created AES transport for 192.168.100.112
[DISCOVERY] 192.168.100.112 << {'error_code': 0,
 'result': {'device_id': 'REDACTED_c913ec3cd97a6bec2fbb1ee',
            'device_model': 'P100',
            'device_type': 'SMART.TAPOPLUG',
            'factory_default': False,
            'ip': '192.168.100.112',
            'is_support_iot_cloud': True,
            'mac': '74-DA-88-00-00-00',
            'mgt_encrypt_schm': {'encrypt_type': 'AES',
                                 'http_port': 80,
                                 'is_support_https': False,
                                 'lv': 2},
            'owner': 'REDACTED_19347acd812465188388075'}}
Initializing 192.168.100.112 of type <class 'kasa.smart.smartdevice.SmartDevice'>
192.168.100.112 multi-request-batch-1-of-1 >> '{"method":"multipleRequest","request_time_milis":1744300973543,"terminal_uuid":"vvj/a7XDvBzMUONmr6wwzw==","params":{"requests":[{"method":"component_nego"},{"method":"get_device_info"},{"method":"get_connect_cloud_state"}]}}'
Will perform handshaking...
Posting to http://192.168.100.112/app
Generating keypair
Handshake request: {'method': 'handshake', 'params': {'key': '-----BEGIN PUBLIC KEY-----\nMIGfMA0GCSqGSIb3DQEBAQUAA4GNADCBiQKBgQDOt9/LqoMtxb6A7kzRwi1Wh35nXJNsP5WELxu9t2t6ka2NXRPewvAk909aug9W+SRlcJka/+C7MBGKUPyVE40i+/Ge/mZ2TBULS9puIMYcwPp2FOOsvWUopSq7yrs9ySPNrGi4w6fjsXZDHB9F3GB34bM4jKZAWh+HTZhJ8Sdu9wIDAQAB\n-----END PUBLIC KEY-----\n'}}
Device responded with: {'error_code': 0, 'result': {'key': 'REj2nddaE9sgA+nlxw0ft4s2cRAx87MllI9lhgTx7e6pTpL7hOBXLcP5z/xuUMoPPRWpkismgMILzxGlFG3JUs3j5Ik9xO6uDu6eOOLJBA0jdhHskqb2ij5sRXerkwwnnX+PqvZ60nx0GF/IWm0n+aNSDR/Tpl6tBh6tWdjfx8g='}}
Handshake with 192.168.100.112 complete
Posting to http://192.168.100.112/app
192.168.100.112: logged in with provided credentials
Posting to http://192.168.100.112/app?token=40FA4BF6FB36F6302E50A0534C638B62
Device 192.168.100.112 received an os error, enabling sequential request delay: Server disconnected
Device 192.168.100.112 got a connection error, will retry 3 times: ('Device connection error: 192.168.100.112: Server disconnected', ServerDisconnectedError('Server disconnected'))
192.168.100.112 multi-request-batch-1-of-1 >> '{"method":"multipleRequest","request_time_milis":1744300973731,"terminal_uuid":"vvj/a7XDvBzMUONmr6wwzw==","params":{"requests":[{"method":"component_nego"},{"method":"get_device_info"},{"method":"get_connect_cloud_state"}]}}'
Device 192.168.100.112 waiting 0.25 seconds to send request
Posting to http://192.168.100.112/app?token=40FA4BF6FB36F6302E50A0534C638B62
192.168.100.112 multi-request-batch-1-of-1 << {'error_code': 0,
 'result': {'responses': [{'error_code': 0,
                           'method': 'component_nego',
                           'result': {'component_list': [{'id': 'device',
                                                          'ver_code': 2},
                                                         {'id': 'firmware',
                                                          'ver_code': 1},
                                                         {'id': 'quick_setup',
                                                          'ver_code': 3},
                                                         {'id': 'time',
                                                          'ver_code': 1},
                                                         {'id': 'wireless',
                                                          'ver_code': 1},
                                                         {'id': 'schedule',
                                                          'ver_code': 2},
                                                         {'id': 'countdown',
                                                          'ver_code': 2},
                                                         {'id': 'antitheft',
                                                          'ver_code': 1},
                                                         {'id': 'account',
                                                          'ver_code': 1},
                                                         {'id': 'synchronize',
                                                          'ver_code': 1},
                                                         {'id': 'sunrise_sunset',
                                                          'ver_code': 1},
                                                         {'id': 'led',
                                                          'ver_code': 1},
                                                         {'id': 'cloud_connect',
                                                          'ver_code': 1},
                                                         {'id': 'iot_cloud',
                                                          'ver_code': 1},
                                                         {'id': 'default_states',
                                                          'ver_code': 1}]}},
                          {'error_code': 0,
                           'method': 'get_device_info',
                           'result': {'avatar': 'plug',
                                      'default_states': {'state': {},
                                                         'type': 'last_states'},
                                      'device_id': 'REDACTED_DB80F24B353338FA05BB18C1C486215',
                                      'device_on': False,
                                      'fw_id': 'REDACTED_A25ABDE41405B20C6F98816',
                                      'fw_ver': '1.3.7 Build 20230711 Rel. '
                                                '61904',
                                      'has_set_location_info': True,
                                      'hw_id': 'REDACTED_5B29645B8150C392284029D',
                                      'hw_ver': '1.0.0',
                                      'ip': '192.168.100.112',
                                      'lang': 'it_IT',
                                      'latitude': 0,
                                      'location': '',
                                      'longitude': 0,
                                      'mac': '74-DA-88-00-00-00',
                                      'model': 'P100',
                                      'nickname': 'I01BU0tFRF9OQU1FIw==',
                                      'oem_id': 'REDACTED_06C60A9AEEA36A3347B6EBC',
                                      'on_time': 0,
                                      'overheated': False,
                                      'region': 'Europe/Rome',
                                      'rssi': -48,
                                      'signal_level': 3,
                                      'specs': 'EU',
                                      'ssid': 'I01BU0tFRF9TU0lEIw==',
                                      'time_diff': 60,
                                      'type': 'SMART.TAPOPLUG'}},
                          {'error_code': 0,
                           'method': 'get_connect_cloud_state',
                           'result': {'status': 0}}]}}
Device 192.168.100.112, found required cloud_connect, adding Cloud to modules.
Device 192.168.100.112, found required device, adding DeviceModule to modules.
Device 192.168.100.112, found required firmware, adding Firmware to modules.
Device 192.168.100.112, found required led, adding Led to modules.
Device 192.168.100.112, found required None, adding OverheatProtection to modules.
Device 192.168.100.112, found required time, adding Time to modules.
Querying 192.168.100.112 for modules: Time, Led
192.168.100.112 multi-request-batch-1-of-1 >> '{"method":"multipleRequest","request_time_milis":1744300974089,"terminal_uuid":"vvj/a7XDvBzMUONmr6wwzw==","params":{"requests":[{"method":"get_device_time"},{"method":"get_led_info"}]}}'
Device 192.168.100.112 waiting 0.23500000000058208 seconds to send request
Posting to http://192.168.100.112/app?token=40FA4BF6FB36F6302E50A0534C638B62
192.168.100.112 multi-request-batch-1-of-1 << {'error_code': 0,
 'result': {'responses': [{'error_code': 0,
                           'method': 'get_device_time',
                           'result': {'region': 'Europe/Rome',
                                      'time_diff': 60,
                                      'timestamp': 1744300970}},
                          {'error_code': 0,
                           'method': 'get_led_info',
                           'result': {'led_rule': 'always',
                                      'led_status': False,
                                      'night_mode': {'end_time': 0,
                                                     'night_mode_type': 'unknown',
                                                     'start_time': 0,
                                                     'sunrise_offset': 0,
                                                     'sunset_offset': 0}}}]}}
Update completed 192.168.100.112: ['component_nego', 'get_device_info', 'get_connect_cloud_state', 'get_device_time', 'get_led_info']
Switching status
192.168.100.112
Using proactor: IocpProactor
[DISCOVERY] 192.168.100.112 >> {'system': {'get_sysinfo': {}}}
Waiting a total of 5 seconds for responses...
Using SmartDevice for SMART.TAPOPLUG
Finding protocol for 192.168.100.112
Finding protocol for DeviceFamily.SmartTapoPlug
Finding transport for SMART.AES
Created AES transport for 192.168.100.112
[DISCOVERY] 192.168.100.112 << {'error_code': 0,
 'result': {'device_id': 'REDACTED_c913ec3cd97a6bec2fbb1ee',
            'device_model': 'P100',
            'device_type': 'SMART.TAPOPLUG',
            'factory_default': False,
            'ip': '192.168.100.112',
            'is_support_iot_cloud': True,
            'mac': '74-DA-88-00-00-00',
            'mgt_encrypt_schm': {'encrypt_type': 'AES',
                                 'http_port': 80,
                                 'is_support_https': False,
                                 'lv': 2},
            'owner': 'REDACTED_19347acd812465188388075'}}
Initializing 192.168.100.112 of type <class 'kasa.smart.smartdevice.SmartDevice'>
192.168.100.112 >> '{"method":"set_device_info","request_time_milis":1744300976125,"terminal_uuid":"emz7BhDKNAGFRlqvDXdCHg==","params":{"device_on":false}}'
Will perform handshaking...
Posting to http://192.168.100.112/app
Generating keypair
Handshake request: {'method': 'handshake', 'params': {'key': '-----BEGIN PUBLIC KEY-----\nMIGfMA0GCSqGSIb3DQEBAQUAA4GNADCBiQKBgQDcR/XoSyCvAiWjWBHa5fXvT08qLOrgMKFGDq4TLWiD3Z+bNWH9+fm3f1ZRl8/f+jF/IMUyVsgZeDsw9E8m40qO6AhBrdPMuX2TSfqcs/ygftk8cvLsHiKYTeihSo5Sy4xib+gjX8kCAKyKQHRm55oHVmV/8exYZNSWL6o5G5PT9QIDAQAB\n-----END PUBLIC KEY-----\n'}}
Device responded with: {'error_code': 0, 'result': {'key': 'f6DJrp/Smhj6ft8ePlSprzkXjX1q3Semuur4KBbouMyCeyUlzPiRSlV3U81BxEmez9Xs152voT804iOFL4fQUSsr3VY4MCd8t1/LWMUrHAFQO4p8ZBU1U4dYNCOmkEbiaTlH16zicx/k4q380Gfe4y1d6ev/LtxRU1n1haY+HEo='}}
Handshake with 192.168.100.112 complete
Posting to http://192.168.100.112/app
192.168.100.112: logged in with provided credentials
Posting to http://192.168.100.112/app?token=1E2879230A93399600C691C485E4C5E5
Device 192.168.100.112 received an os error, enabling sequential request delay: Server disconnected
Device 192.168.100.112 got a connection error, will retry 3 times: ('Device connection error: 192.168.100.112: Server disconnected', ServerDisconnectedError('Server disconnected'))
192.168.100.112 >> '{"method":"set_device_info","request_time_milis":1744300976313,"terminal_uuid":"emz7BhDKNAGFRlqvDXdCHg==","params":{"device_on":false}}'
Device 192.168.100.112 waiting 0.25 seconds to send request
Posting to http://192.168.100.112/app?token=1E2879230A93399600C691C485E4C5E5
192.168.100.112 << {'error_code': 0}
192.168.100.112 multi-request-batch-1-of-1 >> '{"method":"multipleRequest","request_time_milis":1744300976652,"terminal_uuid":"emz7BhDKNAGFRlqvDXdCHg==","params":{"requests":[{"method":"component_nego"},{"method":"get_device_info"},{"method":"get_connect_cloud_state"}]}}'
Device 192.168.100.112 waiting 0.25 seconds to send request
Posting to http://192.168.100.112/app?token=1E2879230A93399600C691C485E4C5E5
192.168.100.112 multi-request-batch-1-of-1 << {'error_code': 0,
 'result': {'responses': [{'error_code': 0,
                           'method': 'component_nego',
                           'result': {'component_list': [{'id': 'device',
                                                          'ver_code': 2},
                                                         {'id': 'firmware',
                                                          'ver_code': 1},
                                                         {'id': 'quick_setup',
                                                          'ver_code': 3},
                                                         {'id': 'time',
                                                          'ver_code': 1},
                                                         {'id': 'wireless',
                                                          'ver_code': 1},
                                                         {'id': 'schedule',
                                                          'ver_code': 2},
                                                         {'id': 'countdown',
                                                          'ver_code': 2},
                                                         {'id': 'antitheft',
                                                          'ver_code': 1},
                                                         {'id': 'account',
                                                          'ver_code': 1},
                                                         {'id': 'synchronize',
                                                          'ver_code': 1},
                                                         {'id': 'sunrise_sunset',
                                                          'ver_code': 1},
                                                         {'id': 'led',
                                                          'ver_code': 1},
                                                         {'id': 'cloud_connect',
                                                          'ver_code': 1},
                                                         {'id': 'iot_cloud',
                                                          'ver_code': 1},
                                                         {'id': 'default_states',
                                                          'ver_code': 1}]}},
                          {'error_code': 0,
                           'method': 'get_device_info',
                           'result': {'avatar': 'plug',
                                      'default_states': {'state': {},
                                                         'type': 'last_states'},
                                      'device_id': 'REDACTED_DB80F24B353338FA05BB18C1C486215',
                                      'device_on': False,
                                      'fw_id': 'REDACTED_A25ABDE41405B20C6F98816',
                                      'fw_ver': '1.3.7 Build 20230711 Rel. '
                                                '61904',
                                      'has_set_location_info': True,
                                      'hw_id': 'REDACTED_5B29645B8150C392284029D',
                                      'hw_ver': '1.0.0',
                                      'ip': '192.168.100.112',
                                      'lang': 'it_IT',
                                      'latitude': 0,
                                      'location': '',
                                      'longitude': 0,
                                      'mac': '74-DA-88-00-00-00',
                                      'model': 'P100',
                                      'nickname': 'I01BU0tFRF9OQU1FIw==',
                                      'oem_id': 'REDACTED_06C60A9AEEA36A3347B6EBC',
                                      'on_time': 0,
                                      'overheated': False,
                                      'region': 'Europe/Rome',
                                      'rssi': -48,
                                      'signal_level': 3,
                                      'specs': 'EU',
                                      'ssid': 'I01BU0tFRF9TU0lEIw==',
                                      'time_diff': 60,
                                      'type': 'SMART.TAPOPLUG'}},
                          {'error_code': 0,
                           'method': 'get_connect_cloud_state',
                           'result': {'status': 0}}]}}
Device 192.168.100.112, found required cloud_connect, adding Cloud to modules.
Device 192.168.100.112, found required device, adding DeviceModule to modules.
Device 192.168.100.112, found required firmware, adding Firmware to modules.
Device 192.168.100.112, found required led, adding Led to modules.
Device 192.168.100.112, found required None, adding OverheatProtection to modules.
Device 192.168.100.112, found required time, adding Time to modules.
Querying 192.168.100.112 for modules: Time, Led
192.168.100.112 multi-request-batch-1-of-1 >> '{"method":"multipleRequest","request_time_milis":1744300976997,"terminal_uuid":"emz7BhDKNAGFRlqvDXdCHg==","params":{"requests":[{"method":"get_device_time"},{"method":"get_led_info"}]}}'
Device 192.168.100.112 waiting 0.23399999999674037 seconds to send request
Posting to http://192.168.100.112/app?token=1E2879230A93399600C691C485E4C5E5
192.168.100.112 multi-request-batch-1-of-1 << {'error_code': 0,
 'result': {'responses': [{'error_code': 0,
                           'method': 'get_device_time',
                           'result': {'region': 'Europe/Rome',
                                      'time_diff': 60,
                                      'timestamp': 1744300973}},
                          {'error_code': 0,
                           'method': 'get_led_info',
                           'result': {'led_rule': 'always',
                                      'led_status': False,
                                      'night_mode': {'end_time': 0,
                                                     'night_mode_type': 'unknown',
                                                     'start_time': 0,
                                                     'sunrise_offset': 0,
                                                     'sunset_offset': 0}}}]}}
Update completed 192.168.100.112: ['component_nego', 'get_device_info', 'get_connect_cloud_state', 'get_device_time', 'get_led_info']
Switching status
192.168.100.112
Using proactor: IocpProactor
[DISCOVERY] 192.168.100.112 >> {'system': {'get_sysinfo': {}}}
Waiting a total of 5 seconds for responses...
Using SmartDevice for SMART.TAPOPLUG
Finding protocol for 192.168.100.112
Finding protocol for DeviceFamily.SmartTapoPlug
Finding transport for SMART.AES
Created AES transport for 192.168.100.112
[DISCOVERY] 192.168.100.112 << {'error_code': 0,
 'result': {'device_id': 'REDACTED_c913ec3cd97a6bec2fbb1ee',
            'device_model': 'P100',
            'device_type': 'SMART.TAPOPLUG',
            'factory_default': False,
            'ip': '192.168.100.112',
            'is_support_iot_cloud': True,
            'mac': '74-DA-88-00-00-00',
            'mgt_encrypt_schm': {'encrypt_type': 'AES',
                                 'http_port': 80,
                                 'is_support_https': False,
                                 'lv': 2},
            'owner': 'REDACTED_19347acd812465188388075'}}
Initializing 192.168.100.112 of type <class 'kasa.smart.smartdevice.SmartDevice'>
192.168.100.112 >> '{"method":"set_device_info","request_time_milis":1744300984005,"terminal_uuid":"lqdR8dzYm0UxL3HGZThgWg==","params":{"device_on":false}}'
Will perform handshaking...
Posting to http://192.168.100.112/app
Unclosed client session
client_session: <aiohttp.client.ClientSession object at 0x0000024EE26AB020>
Unclosed connector
connections: ['deque([(<aiohttp.client_proto.ResponseHandler object at 0x0000024EE4E241D0>, 89174.187)])']
connector: <aiohttp.connector.TCPConnector object at 0x0000024EE26A8AD0>
Generating keypair
Handshake request: {'method': 'handshake', 'params': {'key': '-----BEGIN PUBLIC KEY-----\nMIGfMA0GCSqGSIb3DQEBAQUAA4GNADCBiQKBgQDAYLtqAiVzYqXYzCcojk+BAASgvjsON0vVMic30QmV+EYw0lpK7FVjVhkYteEh8Glvozd+k7kdg1+nszUJ5qpWnBRAeEzdiWpQkt0iTqwbsWDxT1QgFFKoH5Ku9Y0gFAv3vXdF+tuQ6kZANprT6YQbDXj6WveWAoeqTPM96g8z6QIDAQAB\n-----END PUBLIC KEY-----\n'}}
Device responded with: {'error_code': 0, 'result': {'key': 'rIye7IOy6qDS1p8WrdONOsxD71nRce19j/DwgnIHHnHiq737stv5XcipjJ84gyjzjuipooaChdcXjRweoBWdhHblHkipbWs74xZjEknWpqruOCRVU3GrVYZZD7hWfpzL9p4Jg4pSxuTs/KaVGIF1ZgGco56Y9osSylsSdXzAZqU='}}
Handshake with 192.168.100.112 complete
Posting to http://192.168.100.112/app
192.168.100.112: logged in with provided credentials
Posting to http://192.168.100.112/app?token=90DD8DD05500DB063F6670658255A554
Device 192.168.100.112 received an os error, enabling sequential request delay: Server disconnected
Device 192.168.100.112 got a connection error, will retry 3 times: ('Device connection error: 192.168.100.112: Server disconnected', ServerDisconnectedError('Server disconnected'))
192.168.100.112 >> '{"method":"set_device_info","request_time_milis":1744300984179,"terminal_uuid":"lqdR8dzYm0UxL3HGZThgWg==","params":{"device_on":false}}'
Device 192.168.100.112 waiting 0.23399999999674037 seconds to send request
Posting to http://192.168.100.112/app?token=90DD8DD05500DB063F6670658255A554
192.168.100.112 << {'error_code': 0}
192.168.100.112 multi-request-batch-1-of-1 >> '{"method":"multipleRequest","request_time_milis":1744300984554,"terminal_uuid":"lqdR8dzYm0UxL3HGZThgWg==","params":{"requests":[{"method":"component_nego"},{"method":"get_device_info"},{"method":"get_connect_cloud_state"}]}}'
Device 192.168.100.112 waiting 0.25 seconds to send request
Posting to http://192.168.100.112/app?token=90DD8DD05500DB063F6670658255A554
192.168.100.112 multi-request-batch-1-of-1 << {'error_code': 0,
 'result': {'responses': [{'error_code': 0,
                           'method': 'component_nego',
                           'result': {'component_list': [{'id': 'device',
                                                          'ver_code': 2},
                                                         {'id': 'firmware',
                                                          'ver_code': 1},
                                                         {'id': 'quick_setup',
                                                          'ver_code': 3},
                                                         {'id': 'time',
                                                          'ver_code': 1},
                                                         {'id': 'wireless',
                                                          'ver_code': 1},
                                                         {'id': 'schedule',
                                                          'ver_code': 2},
                                                         {'id': 'countdown',
                                                          'ver_code': 2},
                                                         {'id': 'antitheft',
                                                          'ver_code': 1},
                                                         {'id': 'account',
                                                          'ver_code': 1},
                                                         {'id': 'synchronize',
                                                          'ver_code': 1},
                                                         {'id': 'sunrise_sunset',
                                                          'ver_code': 1},
                                                         {'id': 'led',
                                                          'ver_code': 1},
                                                         {'id': 'cloud_connect',
                                                          'ver_code': 1},
                                                         {'id': 'iot_cloud',
                                                          'ver_code': 1},
                                                         {'id': 'default_states',
                                                          'ver_code': 1}]}},
                          {'error_code': 0,
                           'method': 'get_device_info',
                           'result': {'avatar': 'plug',
                                      'default_states': {'state': {},
                                                         'type': 'last_states'},
                                      'device_id': 'REDACTED_DB80F24B353338FA05BB18C1C486215',
                                      'device_on': False,
                                      'fw_id': 'REDACTED_A25ABDE41405B20C6F98816',
                                      'fw_ver': '1.3.7 Build 20230711 Rel. '
                                                '61904',
                                      'has_set_location_info': True,
                                      'hw_id': 'REDACTED_5B29645B8150C392284029D',
                                      'hw_ver': '1.0.0',
                                      'ip': '192.168.100.112',
                                      'lang': 'it_IT',
                                      'latitude': 0,
                                      'location': '',
                                      'longitude': 0,
                                      'mac': '74-DA-88-00-00-00',
                                      'model': 'P100',
                                      'nickname': 'I01BU0tFRF9OQU1FIw==',
                                      'oem_id': 'REDACTED_06C60A9AEEA36A3347B6EBC',
                                      'on_time': 0,
                                      'overheated': False,
                                      'region': 'Europe/Rome',
                                      'rssi': -48,
                                      'signal_level': 3,
                                      'specs': 'EU',
                                      'ssid': 'I01BU0tFRF9TU0lEIw==',
                                      'time_diff': 60,
                                      'type': 'SMART.TAPOPLUG'}},
                          {'error_code': 0,
                           'method': 'get_connect_cloud_state',
                           'result': {'status': 0}}]}}
Device 192.168.100.112, found required cloud_connect, adding Cloud to modules.
Device 192.168.100.112, found required device, adding DeviceModule to modules.
Device 192.168.100.112, found required firmware, adding Firmware to modules.
Device 192.168.100.112, found required led, adding Led to modules.
Device 192.168.100.112, found required None, adding OverheatProtection to modules.
Device 192.168.100.112, found required time, adding Time to modules.
Querying 192.168.100.112 for modules: Time, Led
192.168.100.112 multi-request-batch-1-of-1 >> '{"method":"multipleRequest","request_time_milis":1744300984930,"terminal_uuid":"lqdR8dzYm0UxL3HGZThgWg==","params":{"requests":[{"method":"get_device_time"},{"method":"get_led_info"}]}}'
Device 192.168.100.112 waiting 0.23399999999674037 seconds to send request
Posting to http://192.168.100.112/app?token=90DD8DD05500DB063F6670658255A554
Unable to query the device: 192.168.100.112, not retrying: ('Unable to query the device: 192.168.100.112: ', TimeoutError())
Error querying 192.168.100.112 for modules 'Time, Led' on first update: ('Unable to query the device: 192.168.100.112: ', TimeoutError())
192.168.100.112 >> '{"method":"get_device_time","request_time_milis":1744300991122,"terminal_uuid":"lqdR8dzYm0UxL3HGZThgWg=="}'
Will perform handshaking...
Posting to http://192.168.100.112/app
Generating keypair
Handshake request: {'method': 'handshake', 'params': {'key': '-----BEGIN PUBLIC KEY-----\nMIGfMA0GCSqGSIb3DQEBAQUAA4GNADCBiQKBgQDAYLtqAiVzYqXYzCcojk+BAASgvjsON0vVMic30QmV+EYw0lpK7FVjVhkYteEh8Glvozd+k7kdg1+nszUJ5qpWnBRAeEzdiWpQkt0iTqwbsWDxT1QgFFKoH5Ku9Y0gFAv3vXdF+tuQ6kZANprT6YQbDXj6WveWAoeqTPM96g8z6QIDAQAB\n-----END PUBLIC KEY-----\n'}}
Device responded with: {'error_code': 0, 'result': {'key': 'ql64UdkVx0z+KqZAMgqOKYDxLWBrT1QL4pf2iixInrW49FxHAqKBDUs142Qt0Ya3jQvDNrCTFkatEq2HkqdkwV4UHj5AQ5cKZT50Y4Bx/EuQBrByrVOrICKzEItubr8CuYnTY0WVKZEgQ4rv0gf/y3GOL2LxRCkbeM1x+eph1BY='}}
Handshake with 192.168.100.112 complete
Device 192.168.100.112 waiting 0.25 seconds to send request
Posting to http://192.168.100.112/app
192.168.100.112: logged in with provided credentials
Device 192.168.100.112 waiting 0.25 seconds to send request
Posting to http://192.168.100.112/app?token=A84B774181E1EEE415B4AAB65F960097
192.168.100.112 << {'error_code': 0,
 'result': {'region': 'Europe/Rome', 'time_diff': 60, 'timestamp': 1744300992}}
192.168.100.112 >> '{"method":"get_led_info","request_time_milis":1744300995953,"terminal_uuid":"lqdR8dzYm0UxL3HGZThgWg=="}'
Device 192.168.100.112 waiting 0.25 seconds to send request
Posting to http://192.168.100.112/app?token=A84B774181E1EEE415B4AAB65F960097
192.168.100.112 << {'error_code': 0,
 'result': {'led_rule': 'always',
            'led_status': False,
            'night_mode': {'end_time': 0,
                           'night_mode_type': 'unknown',
                           'start_time': 0,
                           'sunrise_offset': 0,
                           'sunset_offset': 0}}}
Update completed 192.168.100.112: ['component_nego', 'get_device_info', 'get_connect_cloud_state', 'get_device_time', 'get_led_info']
Switching status
<tapo_plugs.TapoPlugs object at 0x0000024EE0F916A0>
Unclosed client session
client_session: <aiohttp.client.ClientSession object at 0x0000024EE25F0380>
Unclosed connector
connections: ['deque([(<aiohttp.client_proto.ResponseHandler object at 0x0000024EE2673A70>, 89171.296)])']
connector: <aiohttp.connector.TCPConnector object at 0x0000024EE264D5E0>
Unclosed client session
client_session: <aiohttp.client.ClientSession object at 0x0000024EE4E1D730>
Unclosed connector
connections: ['deque([(<aiohttp.client_proto.ResponseHandler object at 0x0000024EE4E243B0>, 89193.171)])']
connector: <aiohttp.connector.TCPConnector object at 0x0000024EE4E1D790>
C:\Users\Davide\AppData\Local\I3Lab - Politecnico di Milano\Server SmartPlug\options.json
Discovery started...
Using proactor: IocpProactor
Listening on 127.0.0.1:7071
[DISCOVERY] 255.255.255.255 >> {'system': {'get_sysinfo': {}}}
Waiting 5 seconds for responses...
Using proactor: IocpProactor
Using SmartDevice for SMART.TAPOPLUG
Finding protocol for 192.168.100.112
Finding protocol for DeviceFamily.SmartTapoPlug
Finding transport for SMART.AES
Created AES transport for 192.168.100.112
[DISCOVERY] 192.168.100.112 << {'error_code': 0,
 'result': {'device_id': 'REDACTED_c913ec3cd97a6bec2fbb1ee',
            'device_model': 'P100',
            'device_type': 'SMART.TAPOPLUG',
            'factory_default': False,
            'ip': '192.168.100.112',
            'is_support_iot_cloud': True,
            'mac': '74-DA-88-00-00-00',
            'mgt_encrypt_schm': {'encrypt_type': 'AES',
                                 'http_port': 80,
                                 'is_support_https': False,
                                 'lv': 2},
            'owner': 'REDACTED_19347acd812465188388075'}}
Initializing 192.168.100.112 of type <class 'kasa.smart.smartdevice.SmartDevice'>
Discovery finished! Found: 1 device(s)
Discovered 1 devices
Using proactor: IocpProactor
[DISCOVERY] 192.168.100.112 >> {'system': {'get_sysinfo': {}}}
Waiting a total of 5 seconds for responses...
Using SmartDevice for SMART.TAPOPLUG
Finding protocol for 192.168.100.112
Finding protocol for DeviceFamily.SmartTapoPlug
Finding transport for SMART.AES
Created AES transport for 192.168.100.112
[DISCOVERY] 192.168.100.112 << {'error_code': 0,
 'result': {'device_id': 'REDACTED_c913ec3cd97a6bec2fbb1ee',
            'device_model': 'P100',
            'device_type': 'SMART.TAPOPLUG',
            'factory_default': False,
            'ip': '192.168.100.112',
            'is_support_iot_cloud': True,
            'mac': '74-DA-88-00-00-00',
            'mgt_encrypt_schm': {'encrypt_type': 'AES',
                                 'http_port': 80,
                                 'is_support_https': False,
                                 'lv': 2},
            'owner': 'REDACTED_19347acd812465188388075'}}
Initializing 192.168.100.112 of type <class 'kasa.smart.smartdevice.SmartDevice'>
192.168.100.112 multi-request-batch-1-of-1 >> '{"method":"multipleRequest","request_time_milis":1744301294851,"terminal_uuid":"pXFfaFUzJh8oTDG6aLpIdQ==","params":{"requests":[{"method":"component_nego"},{"method":"get_device_info"},{"method":"get_connect_cloud_state"}]}}'
Will perform handshaking...
Posting to http://192.168.100.112/app
Generating keypair
Handshake request: {'method': 'handshake', 'params': {'key': '-----BEGIN PUBLIC KEY-----\nMIGfMA0GCSqGSIb3DQEBAQUAA4GNADCBiQKBgQDol8UR4tAjDV3WmNrY0RL5I2bqyJkEMktPAdbI1Q7JPBk20OnIzUN4ko97p/zoW7iBjxbC5PbBeMhcqfMg+ZXEUPorBGfz8YaP5XmWRVgewQBFNmPaUU1D3Yn5VVPK0FcnpiqlEFzzMT2BXTnuDFfAe3nRju1ZaKbkyNixMjCzDwIDAQAB\n-----END PUBLIC KEY-----\n'}}
Device responded with: {'error_code': 0, 'result': {'key': 'kEP06ryNvj+rUyeCK4NbYmRXr41CkHTo/QJ3sMNjNImr6fG4AKh3ZR5BJHV4RX/5GkUCUvei2Ny2Hy+kbGsvRu6LFd2QPkWl0qvLkHq1xUV9Cm+M/beNTH+fA2iYJ296Lk4c7/DLqaj1XQkZpLwndYGxWEKg8OlTWK98uHH7U/0='}}
Handshake with 192.168.100.112 complete
Posting to http://192.168.100.112/app
192.168.100.112: logged in with provided credentials
Posting to http://192.168.100.112/app?token=CAD8D2DB52EB56EA16FA1CFAB4FA31FA
Device 192.168.100.112 received an os error, enabling sequential request delay: Server disconnected
Device 192.168.100.112 got a connection error, will retry 3 times: ('Device connection error: 192.168.100.112: Server disconnected', ServerDisconnectedError('Server disconnected'))
192.168.100.112 multi-request-batch-1-of-1 >> '{"method":"multipleRequest","request_time_milis":1744301295011,"terminal_uuid":"pXFfaFUzJh8oTDG6aLpIdQ==","params":{"requests":[{"method":"component_nego"},{"method":"get_device_info"},{"method":"get_connect_cloud_state"}]}}'
Device 192.168.100.112 waiting 0.25 seconds to send request
Posting to http://192.168.100.112/app?token=CAD8D2DB52EB56EA16FA1CFAB4FA31FA
192.168.100.112 multi-request-batch-1-of-1 << {'error_code': 0,
 'result': {'responses': [{'error_code': 0,
                           'method': 'component_nego',
                           'result': {'component_list': [{'id': 'device',
                                                          'ver_code': 2},
                                                         {'id': 'firmware',
                                                          'ver_code': 1},
                                                         {'id': 'quick_setup',
                                                          'ver_code': 3},
                                                         {'id': 'time',
                                                          'ver_code': 1},
                                                         {'id': 'wireless',
                                                          'ver_code': 1},
                                                         {'id': 'schedule',
                                                          'ver_code': 2},
                                                         {'id': 'countdown',
                                                          'ver_code': 2},
                                                         {'id': 'antitheft',
                                                          'ver_code': 1},
                                                         {'id': 'account',
                                                          'ver_code': 1},
                                                         {'id': 'synchronize',
                                                          'ver_code': 1},
                                                         {'id': 'sunrise_sunset',
                                                          'ver_code': 1},
                                                         {'id': 'led',
                                                          'ver_code': 1},
                                                         {'id': 'cloud_connect',
                                                          'ver_code': 1},
                                                         {'id': 'iot_cloud',
                                                          'ver_code': 1},
                                                         {'id': 'default_states',
                                                          'ver_code': 1}]}},
                          {'error_code': 0,
                           'method': 'get_device_info',
                           'result': {'avatar': 'plug',
                                      'default_states': {'state': {},
                                                         'type': 'last_states'},
                                      'device_id': 'REDACTED_DB80F24B353338FA05BB18C1C486215',
                                      'device_on': False,
                                      'fw_id': 'REDACTED_A25ABDE41405B20C6F98816',
                                      'fw_ver': '1.3.7 Build 20230711 Rel. '
                                                '61904',
                                      'has_set_location_info': True,
                                      'hw_id': 'REDACTED_5B29645B8150C392284029D',
                                      'hw_ver': '1.0.0',
                                      'ip': '192.168.100.112',
                                      'lang': 'it_IT',
                                      'latitude': 0,
                                      'location': '',
                                      'longitude': 0,
                                      'mac': '74-DA-88-00-00-00',
                                      'model': 'P100',
                                      'nickname': 'I01BU0tFRF9OQU1FIw==',
                                      'oem_id': 'REDACTED_06C60A9AEEA36A3347B6EBC',
                                      'on_time': 0,
                                      'overheated': False,
                                      'region': 'Europe/Rome',
                                      'rssi': -48,
                                      'signal_level': 3,
                                      'specs': 'EU',
                                      'ssid': 'I01BU0tFRF9TU0lEIw==',
                                      'time_diff': 60,
                                      'type': 'SMART.TAPOPLUG'}},
                          {'error_code': 0,
                           'method': 'get_connect_cloud_state',
                           'result': {'status': 0}}]}}
Device 192.168.100.112, found required cloud_connect, adding Cloud to modules.
Device 192.168.100.112, found required device, adding DeviceModule to modules.
Device 192.168.100.112, found required firmware, adding Firmware to modules.
Device 192.168.100.112, found required led, adding Led to modules.
Device 192.168.100.112, found required None, adding OverheatProtection to modules.
Device 192.168.100.112, found required time, adding Time to modules.
Querying 192.168.100.112 for modules: Time, Led
192.168.100.112 multi-request-batch-1-of-1 >> '{"method":"multipleRequest","request_time_milis":1744301295333,"terminal_uuid":"pXFfaFUzJh8oTDG6aLpIdQ==","params":{"requests":[{"method":"get_device_time"},{"method":"get_led_info"}]}}'
Device 192.168.100.112 waiting 0.25 seconds to send request
Posting to http://192.168.100.112/app?token=CAD8D2DB52EB56EA16FA1CFAB4FA31FA
192.168.100.112 multi-request-batch-1-of-1 << {'error_code': 0,
 'result': {'responses': [{'error_code': 0,
                           'method': 'get_device_time',
                           'result': {'region': 'Europe/Rome',
                                      'time_diff': 60,
                                      'timestamp': 1744301292}},
                          {'error_code': 0,
                           'method': 'get_led_info',
                           'result': {'led_rule': 'always',
                                      'led_status': False,
                                      'night_mode': {'end_time': 0,
                                                     'night_mode_type': 'unknown',
                                                     'start_time': 0,
                                                     'sunrise_offset': 0,
                                                     'sunset_offset': 0}}}]}}
Update completed 192.168.100.112: ['component_nego', 'get_device_info', 'get_connect_cloud_state', 'get_device_time', 'get_led_info']
macchina delle bolle
{'192.168.100.112': 'macchina delle bolle'}
192.168.100.112
Switching status
Unclosed client session
client_session: <aiohttp.client.ClientSession object at 0x000002E058E6B1D0>
Exception in default exception handler
Traceback (most recent call last):
  File "C:\Users\Davide\AppData\Local\Programs\Python\Python312\Lib\asyncio\base_events.py", line 1847, in call_exception_handler
    self.default_exception_handler(context)
  File "C:\Users\Davide\AppData\Local\Programs\Python\Python312\Lib\asyncio\base_events.py", line 1821, in default_exception_handler
    logger.error('\n'.join(log_lines), exc_info=exc_info)
  File "C:\Users\Davide\AppData\Local\Programs\Python\Python312\Lib\logging\__init__.py", line 1568, in error
    self._log(ERROR, msg, args, **kwargs)
  File "C:\Users\Davide\AppData\Local\Programs\Python\Python312\Lib\logging\__init__.py", line 1684, in _log
    self.handle(record)
  File "C:\Users\Davide\AppData\Local\Programs\Python\Python312\Lib\logging\__init__.py", line 1700, in handle
    self.callHandlers(record)
  File "C:\Users\Davide\AppData\Local\Programs\Python\Python312\Lib\logging\__init__.py", line 1762, in callHandlers
    hdlr.handle(record)
  File "C:\Users\Davide\Desktop\ServerSmartPlug\log_manager.py", line 16, in handle
    listener(record)
  File "C:\Users\Davide\Desktop\ServerSmartPlug\gui\windows.py", line 25, in _add_console_line
    self.console_text.configure(state='normal')
  File "C:\Users\Davide\AppData\Local\Programs\Python\Python312\Lib\tkinter\__init__.py", line 1722, in configure
    return self._configure('configure', cnf, kw)
           ^^^^^^^^^^^^^^^^^^^^^^^^^^^^^^^^^^^^^
  File "C:\Users\Davide\AppData\Local\Programs\Python\Python312\Lib\tkinter\__init__.py", line 1712, in _configure
    self.tk.call(_flatten((self._w, cmd)) + self._options(cnf))
_tkinter.TclError: invalid command name ".!frame4.!frame.!text"
Unclosed connector
connections: ['deque([(<aiohttp.client_proto.ResponseHandler object at 0x000002E058E47C50>, 89492.546)])']
connector: <aiohttp.connector.TCPConnector object at 0x000002E058E88A70>
Exception in default exception handler
Traceback (most recent call last):
  File "C:\Users\Davide\AppData\Local\Programs\Python\Python312\Lib\asyncio\base_events.py", line 1847, in call_exception_handler
    self.default_exception_handler(context)
  File "C:\Users\Davide\AppData\Local\Programs\Python\Python312\Lib\asyncio\base_events.py", line 1821, in default_exception_handler
    logger.error('\n'.join(log_lines), exc_info=exc_info)
  File "C:\Users\Davide\AppData\Local\Programs\Python\Python312\Lib\logging\__init__.py", line 1568, in error
    self._log(ERROR, msg, args, **kwargs)
  File "C:\Users\Davide\AppData\Local\Programs\Python\Python312\Lib\logging\__init__.py", line 1684, in _log
    self.handle(record)
  File "C:\Users\Davide\AppData\Local\Programs\Python\Python312\Lib\logging\__init__.py", line 1700, in handle
    self.callHandlers(record)
  File "C:\Users\Davide\AppData\Local\Programs\Python\Python312\Lib\logging\__init__.py", line 1762, in callHandlers
    hdlr.handle(record)
  File "C:\Users\Davide\Desktop\ServerSmartPlug\log_manager.py", line 16, in handle
    listener(record)
  File "C:\Users\Davide\Desktop\ServerSmartPlug\gui\windows.py", line 25, in _add_console_line
    self.console_text.configure(state='normal')
  File "C:\Users\Davide\AppData\Local\Programs\Python\Python312\Lib\tkinter\__init__.py", line 1722, in configure
    return self._configure('configure', cnf, kw)
           ^^^^^^^^^^^^^^^^^^^^^^^^^^^^^^^^^^^^^
  File "C:\Users\Davide\AppData\Local\Programs\Python\Python312\Lib\tkinter\__init__.py", line 1712, in _configure
    self.tk.call(_flatten((self._w, cmd)) + self._options(cnf))
_tkinter.TclError: invalid command name ".!frame4.!frame.!text"
C:\Users\Davide\AppData\Local\I3Lab - Politecnico di Milano\Server SmartPlug\options.json
Discovery started...
Using proactor: IocpProactor
Listening on 127.0.0.1:7071
[DISCOVERY] 255.255.255.255 >> {'system': {'get_sysinfo': {}}}
Waiting 5 seconds for responses...
Using SmartDevice for SMART.TAPOPLUG
Finding protocol for 192.168.100.112
Finding protocol for DeviceFamily.SmartTapoPlug
Finding transport for SMART.AES
Created AES transport for 192.168.100.112
[DISCOVERY] 192.168.100.112 << {'error_code': 0,
 'result': {'device_id': 'REDACTED_c913ec3cd97a6bec2fbb1ee',
            'device_model': 'P100',
            'device_type': 'SMART.TAPOPLUG',
            'factory_default': False,
            'ip': '192.168.100.112',
            'is_support_iot_cloud': True,
            'mac': '74-DA-88-00-00-00',
            'mgt_encrypt_schm': {'encrypt_type': 'AES',
                                 'http_port': 80,
                                 'is_support_https': False,
                                 'lv': 2},
            'owner': 'REDACTED_19347acd812465188388075'}}
Initializing 192.168.100.112 of type <class 'kasa.smart.smartdevice.SmartDevice'>
Using proactor: IocpProactor
Discovery finished! Found: 1 device(s)
Discovered 1 devices
Using proactor: IocpProactor
[DISCOVERY] 192.168.100.112 >> {'system': {'get_sysinfo': {}}}
Waiting a total of 5 seconds for responses...
Using SmartDevice for SMART.TAPOPLUG
Finding protocol for 192.168.100.112
Finding protocol for DeviceFamily.SmartTapoPlug
Finding transport for SMART.AES
Created AES transport for 192.168.100.112
[DISCOVERY] 192.168.100.112 << {'error_code': 0,
 'result': {'device_id': 'REDACTED_c913ec3cd97a6bec2fbb1ee',
            'device_model': 'P100',
            'device_type': 'SMART.TAPOPLUG',
            'factory_default': False,
            'ip': '192.168.100.112',
            'is_support_iot_cloud': True,
            'mac': '74-DA-88-00-00-00',
            'mgt_encrypt_schm': {'encrypt_type': 'AES',
                                 'http_port': 80,
                                 'is_support_https': False,
                                 'lv': 2},
            'owner': 'REDACTED_19347acd812465188388075'}}
Initializing 192.168.100.112 of type <class 'kasa.smart.smartdevice.SmartDevice'>
192.168.100.112 multi-request-batch-1-of-1 >> '{"method":"multipleRequest","request_time_milis":1744301437226,"terminal_uuid":"8chhZe0Srh9hTY1YTkMDhA==","params":{"requests":[{"method":"component_nego"},{"method":"get_device_info"},{"method":"get_connect_cloud_state"}]}}'
Will perform handshaking...
Posting to http://192.168.100.112/app
Generating keypair
Handshake request: {'method': 'handshake', 'params': {'key': '-----BEGIN PUBLIC KEY-----\nMIGfMA0GCSqGSIb3DQEBAQUAA4GNADCBiQKBgQDa5+eL8OUiP11BbEb4ZS7FFPBdtgX9ucs7HvZB1eZPEFlUItQvMJXphKQ2Smpz6t5Mf1anvuSUmKdN26rDUmJy1BifrxMGF6T+csmjvGcoNGlGx8rquFAQ/vKoUXcdLmeDx5Co5hqgMSJe8bYy5xJRTgMBkJG23Q9G8h3VR6MwqwIDAQAB\n-----END PUBLIC KEY-----\n'}}
Device responded with: {'error_code': 0, 'result': {'key': 'jNspBH3A0G7vPvc4R01SjdWyVn0ZlORypYN7Eq8/RTkx5A6ia0Xn7p3yDqe6U6ZM9gB4mGoWrQWVnt6Iccv5xgulEptOVsZ5zxuHsxzty0HSz1xk05dhHJK3nTq1F+oh+jpIwiQvUa1k4DgSJbNc8JyNaidthXRbbB0HIC0/XyM='}}
Handshake with 192.168.100.112 complete
Posting to http://192.168.100.112/app
192.168.100.112: logged in with provided credentials
Posting to http://192.168.100.112/app?token=DD11331BD4BBABBE58EE67EC96CC89CD
Device 192.168.100.112 received an os error, enabling sequential request delay: Server disconnected
Device 192.168.100.112 got a connection error, will retry 3 times: ('Device connection error: 192.168.100.112: Server disconnected', ServerDisconnectedError('Server disconnected'))
192.168.100.112 multi-request-batch-1-of-1 >> '{"method":"multipleRequest","request_time_milis":1744301437437,"terminal_uuid":"8chhZe0Srh9hTY1YTkMDhA==","params":{"requests":[{"method":"component_nego"},{"method":"get_device_info"},{"method":"get_connect_cloud_state"}]}}'
Device 192.168.100.112 waiting 0.25 seconds to send request
Posting to http://192.168.100.112/app?token=DD11331BD4BBABBE58EE67EC96CC89CD
192.168.100.112 multi-request-batch-1-of-1 << {'error_code': 0,
 'result': {'responses': [{'error_code': 0,
                           'method': 'component_nego',
                           'result': {'component_list': [{'id': 'device',
                                                          'ver_code': 2},
                                                         {'id': 'firmware',
                                                          'ver_code': 1},
                                                         {'id': 'quick_setup',
                                                          'ver_code': 3},
                                                         {'id': 'time',
                                                          'ver_code': 1},
                                                         {'id': 'wireless',
                                                          'ver_code': 1},
                                                         {'id': 'schedule',
                                                          'ver_code': 2},
                                                         {'id': 'countdown',
                                                          'ver_code': 2},
                                                         {'id': 'antitheft',
                                                          'ver_code': 1},
                                                         {'id': 'account',
                                                          'ver_code': 1},
                                                         {'id': 'synchronize',
                                                          'ver_code': 1},
                                                         {'id': 'sunrise_sunset',
                                                          'ver_code': 1},
                                                         {'id': 'led',
                                                          'ver_code': 1},
                                                         {'id': 'cloud_connect',
                                                          'ver_code': 1},
                                                         {'id': 'iot_cloud',
                                                          'ver_code': 1},
                                                         {'id': 'default_states',
                                                          'ver_code': 1}]}},
                          {'error_code': 0,
                           'method': 'get_device_info',
                           'result': {'avatar': 'plug',
                                      'default_states': {'state': {},
                                                         'type': 'last_states'},
                                      'device_id': 'REDACTED_DB80F24B353338FA05BB18C1C486215',
                                      'device_on': False,
                                      'fw_id': 'REDACTED_A25ABDE41405B20C6F98816',
                                      'fw_ver': '1.3.7 Build 20230711 Rel. '
                                                '61904',
                                      'has_set_location_info': True,
                                      'hw_id': 'REDACTED_5B29645B8150C392284029D',
                                      'hw_ver': '1.0.0',
                                      'ip': '192.168.100.112',
                                      'lang': 'it_IT',
                                      'latitude': 0,
                                      'location': '',
                                      'longitude': 0,
                                      'mac': '74-DA-88-00-00-00',
                                      'model': 'P100',
                                      'nickname': 'I01BU0tFRF9OQU1FIw==',
                                      'oem_id': 'REDACTED_06C60A9AEEA36A3347B6EBC',
                                      'on_time': 0,
                                      'overheated': False,
                                      'region': 'Europe/Rome',
                                      'rssi': -48,
                                      'signal_level': 3,
                                      'specs': 'EU',
                                      'ssid': 'I01BU0tFRF9TU0lEIw==',
                                      'time_diff': 60,
                                      'type': 'SMART.TAPOPLUG'}},
                          {'error_code': 0,
                           'method': 'get_connect_cloud_state',
                           'result': {'status': 0}}]}}
Device 192.168.100.112, found required cloud_connect, adding Cloud to modules.
Device 192.168.100.112, found required device, adding DeviceModule to modules.
Device 192.168.100.112, found required firmware, adding Firmware to modules.
Device 192.168.100.112, found required led, adding Led to modules.
Device 192.168.100.112, found required None, adding OverheatProtection to modules.
Device 192.168.100.112, found required time, adding Time to modules.
Querying 192.168.100.112 for modules: Time, Led
192.168.100.112 multi-request-batch-1-of-1 >> '{"method":"multipleRequest","request_time_milis":1744301437834,"terminal_uuid":"8chhZe0Srh9hTY1YTkMDhA==","params":{"requests":[{"method":"get_device_time"},{"method":"get_led_info"}]}}'
Device 192.168.100.112 waiting 0.25 seconds to send request
Posting to http://192.168.100.112/app?token=DD11331BD4BBABBE58EE67EC96CC89CD
192.168.100.112 multi-request-batch-1-of-1 << {'error_code': 0,
 'result': {'responses': [{'error_code': 0,
                           'method': 'get_device_time',
                           'result': {'region': 'Europe/Rome',
                                      'time_diff': 60,
                                      'timestamp': 1744301434}},
                          {'error_code': 0,
                           'method': 'get_led_info',
                           'result': {'led_rule': 'always',
                                      'led_status': False,
                                      'night_mode': {'end_time': 0,
                                                     'night_mode_type': 'unknown',
                                                     'start_time': 0,
                                                     'sunrise_offset': 0,
                                                     'sunset_offset': 0}}}]}}
Update completed 192.168.100.112: ['component_nego', 'get_device_info', 'get_connect_cloud_state', 'get_device_time', 'get_led_info']
Switching status
C:\Users\Davide\AppData\Local\I3Lab - Politecnico di Milano\Server SmartPlug\options.json
Discovery started...
Using proactor: IocpProactor
Listening on 127.0.0.1:7071
[DISCOVERY] 255.255.255.255 >> {'system': {'get_sysinfo': {}}}
Waiting 5 seconds for responses...
Using SmartDevice for SMART.TAPOPLUG
Finding protocol for 192.168.100.112
Finding protocol for DeviceFamily.SmartTapoPlug
Finding transport for SMART.AES
Created AES transport for 192.168.100.112
[DISCOVERY] 192.168.100.112 << {'error_code': 0,
 'result': {'device_id': 'REDACTED_c913ec3cd97a6bec2fbb1ee',
            'device_model': 'P100',
            'device_type': 'SMART.TAPOPLUG',
            'factory_default': False,
            'ip': '192.168.100.112',
            'is_support_iot_cloud': True,
            'mac': '74-DA-88-00-00-00',
            'mgt_encrypt_schm': {'encrypt_type': 'AES',
                                 'http_port': 80,
                                 'is_support_https': False,
                                 'lv': 2},
            'owner': 'REDACTED_19347acd812465188388075'}}
Initializing 192.168.100.112 of type <class 'kasa.smart.smartdevice.SmartDevice'>
Using proactor: IocpProactor
Discovery finished! Found: 1 device(s)
Discovered 1 devices
Using proactor: IocpProactor
[DISCOVERY] 192.168.100.112 >> {'system': {'get_sysinfo': {}}}
Waiting a total of 5 seconds for responses...
Using SmartDevice for SMART.TAPOPLUG
Finding protocol for 192.168.100.112
Finding protocol for DeviceFamily.SmartTapoPlug
Finding transport for SMART.AES
Created AES transport for 192.168.100.112
[DISCOVERY] 192.168.100.112 << {'error_code': 0,
 'result': {'device_id': 'REDACTED_c913ec3cd97a6bec2fbb1ee',
            'device_model': 'P100',
            'device_type': 'SMART.TAPOPLUG',
            'factory_default': False,
            'ip': '192.168.100.112',
            'is_support_iot_cloud': True,
            'mac': '74-DA-88-00-00-00',
            'mgt_encrypt_schm': {'encrypt_type': 'AES',
                                 'http_port': 80,
                                 'is_support_https': False,
                                 'lv': 2},
            'owner': 'REDACTED_19347acd812465188388075'}}
Initializing 192.168.100.112 of type <class 'kasa.smart.smartdevice.SmartDevice'>
192.168.100.112 multi-request-batch-1-of-1 >> '{"method":"multipleRequest","request_time_milis":1744301548525,"terminal_uuid":"l/LJGpGR5/HXPx+0n2GkbQ==","params":{"requests":[{"method":"component_nego"},{"method":"get_device_info"},{"method":"get_connect_cloud_state"}]}}'
Will perform handshaking...
Posting to http://192.168.100.112/app
Generating keypair
Handshake request: {'method': 'handshake', 'params': {'key': '-----BEGIN PUBLIC KEY-----\nMIGfMA0GCSqGSIb3DQEBAQUAA4GNADCBiQKBgQDUvFF/pCoSGr+dLRpYl34w7qe75vrlsTnx77kfGMf+Lv4dC0YCK7VbsxOAHo6/P/bUP+71Y7rFUVFLxyDj8dYKNURVKbrAkrneeBOgaD9RV6xbFNWSrSltCjB+2tlZ90mceKC0azcwCRqGBprSauwC3Ui5Klv/DFkrmH8/KGQO8QIDAQAB\n-----END PUBLIC KEY-----\n'}}
Device responded with: {'error_code': 0, 'result': {'key': 'no+O/+c1DOzbTqwxjDJk2XE8ASEVkR8Uc8hl0O7isDCZfh9qefJpyOSv+b6XI3R1sKcDRjt7DZUQPP2pzBVg8qISjbAVV3FY5/EHZ/aE1BiOJaJxPcazeZacVTi46VOCahy/uymeA4nNs/T/eYOz/oNzc/5CkyFswyN+UDiWvqc='}}
Handshake with 192.168.100.112 complete
Posting to http://192.168.100.112/app
192.168.100.112: logged in with provided credentials
Posting to http://192.168.100.112/app?token=D566286AF7AA09ACE6CC19CFE6FF19FE
Device 192.168.100.112 received an os error, enabling sequential request delay: Server disconnected
Device 192.168.100.112 got a connection error, will retry 3 times: ('Device connection error: 192.168.100.112: Server disconnected', ServerDisconnectedError('Server disconnected'))
192.168.100.112 multi-request-batch-1-of-1 >> '{"method":"multipleRequest","request_time_milis":1744301548669,"terminal_uuid":"l/LJGpGR5/HXPx+0n2GkbQ==","params":{"requests":[{"method":"component_nego"},{"method":"get_device_info"},{"method":"get_connect_cloud_state"}]}}'
Device 192.168.100.112 waiting 0.25 seconds to send request
Posting to http://192.168.100.112/app?token=D566286AF7AA09ACE6CC19CFE6FF19FE
192.168.100.112 multi-request-batch-1-of-1 << {'error_code': 0,
 'result': {'responses': [{'error_code': 0,
                           'method': 'component_nego',
                           'result': {'component_list': [{'id': 'device',
                                                          'ver_code': 2},
                                                         {'id': 'firmware',
                                                          'ver_code': 1},
                                                         {'id': 'quick_setup',
                                                          'ver_code': 3},
                                                         {'id': 'time',
                                                          'ver_code': 1},
                                                         {'id': 'wireless',
                                                          'ver_code': 1},
                                                         {'id': 'schedule',
                                                          'ver_code': 2},
                                                         {'id': 'countdown',
                                                          'ver_code': 2},
                                                         {'id': 'antitheft',
                                                          'ver_code': 1},
                                                         {'id': 'account',
                                                          'ver_code': 1},
                                                         {'id': 'synchronize',
                                                          'ver_code': 1},
                                                         {'id': 'sunrise_sunset',
                                                          'ver_code': 1},
                                                         {'id': 'led',
                                                          'ver_code': 1},
                                                         {'id': 'cloud_connect',
                                                          'ver_code': 1},
                                                         {'id': 'iot_cloud',
                                                          'ver_code': 1},
                                                         {'id': 'default_states',
                                                          'ver_code': 1}]}},
                          {'error_code': 0,
                           'method': 'get_device_info',
                           'result': {'avatar': 'plug',
                                      'default_states': {'state': {},
                                                         'type': 'last_states'},
                                      'device_id': 'REDACTED_DB80F24B353338FA05BB18C1C486215',
                                      'device_on': False,
                                      'fw_id': 'REDACTED_A25ABDE41405B20C6F98816',
                                      'fw_ver': '1.3.7 Build 20230711 Rel. '
                                                '61904',
                                      'has_set_location_info': True,
                                      'hw_id': 'REDACTED_5B29645B8150C392284029D',
                                      'hw_ver': '1.0.0',
                                      'ip': '192.168.100.112',
                                      'lang': 'it_IT',
                                      'latitude': 0,
                                      'location': '',
                                      'longitude': 0,
                                      'mac': '74-DA-88-00-00-00',
                                      'model': 'P100',
                                      'nickname': 'I01BU0tFRF9OQU1FIw==',
                                      'oem_id': 'REDACTED_06C60A9AEEA36A3347B6EBC',
                                      'on_time': 0,
                                      'overheated': False,
                                      'region': 'Europe/Rome',
                                      'rssi': -48,
                                      'signal_level': 3,
                                      'specs': 'EU',
                                      'ssid': 'I01BU0tFRF9TU0lEIw==',
                                      'time_diff': 60,
                                      'type': 'SMART.TAPOPLUG'}},
                          {'error_code': 0,
                           'method': 'get_connect_cloud_state',
                           'result': {'status': 0}}]}}
Device 192.168.100.112, found required cloud_connect, adding Cloud to modules.
Device 192.168.100.112, found required device, adding DeviceModule to modules.
Device 192.168.100.112, found required firmware, adding Firmware to modules.
Device 192.168.100.112, found required led, adding Led to modules.
Device 192.168.100.112, found required None, adding OverheatProtection to modules.
Device 192.168.100.112, found required time, adding Time to modules.
Querying 192.168.100.112 for modules: Time, Led
192.168.100.112 multi-request-batch-1-of-1 >> '{"method":"multipleRequest","request_time_milis":1744301549002,"terminal_uuid":"l/LJGpGR5/HXPx+0n2GkbQ==","params":{"requests":[{"method":"get_device_time"},{"method":"get_led_info"}]}}'
Device 192.168.100.112 waiting 0.23399999999674037 seconds to send request
Posting to http://192.168.100.112/app?token=D566286AF7AA09ACE6CC19CFE6FF19FE
192.168.100.112 multi-request-batch-1-of-1 << {'error_code': 0,
 'result': {'responses': [{'error_code': 0,
                           'method': 'get_device_time',
                           'result': {'region': 'Europe/Rome',
                                      'time_diff': 60,
                                      'timestamp': 1744301545}},
                          {'error_code': 0,
                           'method': 'get_led_info',
                           'result': {'led_rule': 'always',
                                      'led_status': False,
                                      'night_mode': {'end_time': 0,
                                                     'night_mode_type': 'unknown',
                                                     'start_time': 0,
                                                     'sunrise_offset': 0,
                                                     'sunset_offset': 0}}}]}}
Update completed 192.168.100.112: ['component_nego', 'get_device_info', 'get_connect_cloud_state', 'get_device_time', 'get_led_info']
Switching status
C:\Users\Davide\AppData\Local\I3Lab - Politecnico di Milano\Server SmartPlug\options.json
Discovery started...
Using proactor: IocpProactor
Listening on 127.0.0.1:7071
[DISCOVERY] 255.255.255.255 >> {'system': {'get_sysinfo': {}}}
Waiting 5 seconds for responses...
Using proactor: IocpProactor
Using SmartDevice for SMART.TAPOPLUG
Finding protocol for 192.168.100.112
Finding protocol for DeviceFamily.SmartTapoPlug
Finding transport for SMART.AES
Created AES transport for 192.168.100.112
[DISCOVERY] 192.168.100.112 << {'error_code': 0,
 'result': {'device_id': 'REDACTED_c913ec3cd97a6bec2fbb1ee',
            'device_model': 'P100',
            'device_type': 'SMART.TAPOPLUG',
            'factory_default': False,
            'ip': '192.168.100.112',
            'is_support_iot_cloud': True,
            'mac': '74-DA-88-00-00-00',
            'mgt_encrypt_schm': {'encrypt_type': 'AES',
                                 'http_port': 80,
                                 'is_support_https': False,
                                 'lv': 2},
            'owner': 'REDACTED_19347acd812465188388075'}}
Initializing 192.168.100.112 of type <class 'kasa.smart.smartdevice.SmartDevice'>
Discovery finished! Found: 1 device(s)
Discovered 1 devices
Using proactor: IocpProactor
[DISCOVERY] 192.168.100.112 >> {'system': {'get_sysinfo': {}}}
Waiting a total of 5 seconds for responses...
Using SmartDevice for SMART.TAPOPLUG
Finding protocol for 192.168.100.112
Finding protocol for DeviceFamily.SmartTapoPlug
Finding transport for SMART.AES
Created AES transport for 192.168.100.112
[DISCOVERY] 192.168.100.112 << {'error_code': 0,
 'result': {'device_id': 'REDACTED_c913ec3cd97a6bec2fbb1ee',
            'device_model': 'P100',
            'device_type': 'SMART.TAPOPLUG',
            'factory_default': False,
            'ip': '192.168.100.112',
            'is_support_iot_cloud': True,
            'mac': '74-DA-88-00-00-00',
            'mgt_encrypt_schm': {'encrypt_type': 'AES',
                                 'http_port': 80,
                                 'is_support_https': False,
                                 'lv': 2},
            'owner': 'REDACTED_19347acd812465188388075'}}
Initializing 192.168.100.112 of type <class 'kasa.smart.smartdevice.SmartDevice'>
192.168.100.112 multi-request-batch-1-of-1 >> '{"method":"multipleRequest","request_time_milis":1744301669869,"terminal_uuid":"uVVAD/JsjLaN4U/XzaF2Ww==","params":{"requests":[{"method":"component_nego"},{"method":"get_device_info"},{"method":"get_connect_cloud_state"}]}}'
Will perform handshaking...
Posting to http://192.168.100.112/app
Generating keypair
Handshake request: {'method': 'handshake', 'params': {'key': '-----BEGIN PUBLIC KEY-----\nMIGfMA0GCSqGSIb3DQEBAQUAA4GNADCBiQKBgQC/Ci40M9mqZJpG8oiRqATBsAgUL9of2d0xLVAYiKjN3+OgjTNEm5ZweXGSB+PN3SJmIUngKBlNjoVIpZFuGaQ9UcWNYsh413imFGmLtDFILQ1He3f0mpJW3AQH+6P7ZhZpvbq7jwoc+I4G02RwW7RJDfhhGOhRQ84OWxbwa11cFwIDAQAB\n-----END PUBLIC KEY-----\n'}}
Device responded with: {'error_code': 0, 'result': {'key': 'vLC7UcQBjG3xREOYJBW6zf8d8B1+2wszLWm07GxbEq1i9eixfNzSP9mDb3V4g6O1wVkw/7/Jymyh26aK/Y6rJoJblfLvraZRhLBGPtrpElHWkdGow5UE4SEiOuQeY//0xRjnS1Try/AWJbNJWZFKWbBHo483IyW82kxgWIEoVzo='}}
Handshake with 192.168.100.112 complete
Posting to http://192.168.100.112/app
192.168.100.112: logged in with provided credentials
Posting to http://192.168.100.112/app?token=7BACFCA0806043667D069C0583357B34
Device 192.168.100.112 received an os error, enabling sequential request delay: Server disconnected
Device 192.168.100.112 got a connection error, will retry 3 times: ('Device connection error: 192.168.100.112: Server disconnected', ServerDisconnectedError('Server disconnected'))
192.168.100.112 multi-request-batch-1-of-1 >> '{"method":"multipleRequest","request_time_milis":1744301670043,"terminal_uuid":"uVVAD/JsjLaN4U/XzaF2Ww==","params":{"requests":[{"method":"component_nego"},{"method":"get_device_info"},{"method":"get_connect_cloud_state"}]}}'
Device 192.168.100.112 waiting 0.25 seconds to send request
Posting to http://192.168.100.112/app?token=7BACFCA0806043667D069C0583357B34
192.168.100.112 multi-request-batch-1-of-1 << {'error_code': 0,
 'result': {'responses': [{'error_code': 0,
                           'method': 'component_nego',
                           'result': {'component_list': [{'id': 'device',
                                                          'ver_code': 2},
                                                         {'id': 'firmware',
                                                          'ver_code': 1},
                                                         {'id': 'quick_setup',
                                                          'ver_code': 3},
                                                         {'id': 'time',
                                                          'ver_code': 1},
                                                         {'id': 'wireless',
                                                          'ver_code': 1},
                                                         {'id': 'schedule',
                                                          'ver_code': 2},
                                                         {'id': 'countdown',
                                                          'ver_code': 2},
                                                         {'id': 'antitheft',
                                                          'ver_code': 1},
                                                         {'id': 'account',
                                                          'ver_code': 1},
                                                         {'id': 'synchronize',
                                                          'ver_code': 1},
                                                         {'id': 'sunrise_sunset',
                                                          'ver_code': 1},
                                                         {'id': 'led',
                                                          'ver_code': 1},
                                                         {'id': 'cloud_connect',
                                                          'ver_code': 1},
                                                         {'id': 'iot_cloud',
                                                          'ver_code': 1},
                                                         {'id': 'default_states',
                                                          'ver_code': 1}]}},
                          {'error_code': 0,
                           'method': 'get_device_info',
                           'result': {'avatar': 'plug',
                                      'default_states': {'state': {},
                                                         'type': 'last_states'},
                                      'device_id': 'REDACTED_DB80F24B353338FA05BB18C1C486215',
                                      'device_on': False,
                                      'fw_id': 'REDACTED_A25ABDE41405B20C6F98816',
                                      'fw_ver': '1.3.7 Build 20230711 Rel. '
                                                '61904',
                                      'has_set_location_info': True,
                                      'hw_id': 'REDACTED_5B29645B8150C392284029D',
                                      'hw_ver': '1.0.0',
                                      'ip': '192.168.100.112',
                                      'lang': 'it_IT',
                                      'latitude': 0,
                                      'location': '',
                                      'longitude': 0,
                                      'mac': '74-DA-88-00-00-00',
                                      'model': 'P100',
                                      'nickname': 'I01BU0tFRF9OQU1FIw==',
                                      'oem_id': 'REDACTED_06C60A9AEEA36A3347B6EBC',
                                      'on_time': 0,
                                      'overheated': False,
                                      'region': 'Europe/Rome',
                                      'rssi': -48,
                                      'signal_level': 3,
                                      'specs': 'EU',
                                      'ssid': 'I01BU0tFRF9TU0lEIw==',
                                      'time_diff': 60,
                                      'type': 'SMART.TAPOPLUG'}},
                          {'error_code': 0,
                           'method': 'get_connect_cloud_state',
                           'result': {'status': 0}}]}}
Device 192.168.100.112, found required cloud_connect, adding Cloud to modules.
Device 192.168.100.112, found required device, adding DeviceModule to modules.
Device 192.168.100.112, found required firmware, adding Firmware to modules.
Device 192.168.100.112, found required led, adding Led to modules.
Device 192.168.100.112, found required None, adding OverheatProtection to modules.
Device 192.168.100.112, found required time, adding Time to modules.
Querying 192.168.100.112 for modules: Time, Led
192.168.100.112 multi-request-batch-1-of-1 >> '{"method":"multipleRequest","request_time_milis":1744301670397,"terminal_uuid":"uVVAD/JsjLaN4U/XzaF2Ww==","params":{"requests":[{"method":"get_device_time"},{"method":"get_led_info"}]}}'
Device 192.168.100.112 waiting 0.23399999999674037 seconds to send request
Posting to http://192.168.100.112/app?token=7BACFCA0806043667D069C0583357B34
192.168.100.112 multi-request-batch-1-of-1 << {'error_code': 0,
 'result': {'responses': [{'error_code': 0,
                           'method': 'get_device_time',
                           'result': {'region': 'Europe/Rome',
                                      'time_diff': 60,
                                      'timestamp': 1744301667}},
                          {'error_code': 0,
                           'method': 'get_led_info',
                           'result': {'led_rule': 'always',
                                      'led_status': False,
                                      'night_mode': {'end_time': 0,
                                                     'night_mode_type': 'unknown',
                                                     'start_time': 0,
                                                     'sunrise_offset': 0,
                                                     'sunset_offset': 0}}}]}}
Update completed 192.168.100.112: ['component_nego', 'get_device_info', 'get_connect_cloud_state', 'get_device_time', 'get_led_info']
Switching status
C:\Users\Davide\AppData\Local\I3Lab - Politecnico di Milano\Server SmartPlug\options.json
Discovery started...
Using proactor: IocpProactor
Listening on 127.0.0.1:7071
[DISCOVERY] 255.255.255.255 >> {'system': {'get_sysinfo': {}}}
Waiting 5 seconds for responses...
Using proactor: IocpProactor
Using SmartDevice for SMART.TAPOPLUG
Finding protocol for 192.168.100.112
Finding protocol for DeviceFamily.SmartTapoPlug
Finding transport for SMART.AES
Created AES transport for 192.168.100.112
[DISCOVERY] 192.168.100.112 << {'error_code': 0,
 'result': {'device_id': 'REDACTED_c913ec3cd97a6bec2fbb1ee',
            'device_model': 'P100',
            'device_type': 'SMART.TAPOPLUG',
            'factory_default': False,
            'ip': '192.168.100.112',
            'is_support_iot_cloud': True,
            'mac': '74-DA-88-00-00-00',
            'mgt_encrypt_schm': {'encrypt_type': 'AES',
                                 'http_port': 80,
                                 'is_support_https': False,
                                 'lv': 2},
            'owner': 'REDACTED_19347acd812465188388075'}}
Initializing 192.168.100.112 of type <class 'kasa.smart.smartdevice.SmartDevice'>
Discovery finished! Found: 1 device(s)
Discovered 1 devices
Using proactor: IocpProactor
[DISCOVERY] 192.168.100.112 >> {'system': {'get_sysinfo': {}}}
Waiting a total of 5 seconds for responses...
Using SmartDevice for SMART.TAPOPLUG
Finding protocol for 192.168.100.112
Finding protocol for DeviceFamily.SmartTapoPlug
Finding transport for SMART.AES
Created AES transport for 192.168.100.112
[DISCOVERY] 192.168.100.112 << {'error_code': 0,
 'result': {'device_id': 'REDACTED_c913ec3cd97a6bec2fbb1ee',
            'device_model': 'P100',
            'device_type': 'SMART.TAPOPLUG',
            'factory_default': False,
            'ip': '192.168.100.112',
            'is_support_iot_cloud': True,
            'mac': '74-DA-88-00-00-00',
            'mgt_encrypt_schm': {'encrypt_type': 'AES',
                                 'http_port': 80,
                                 'is_support_https': False,
                                 'lv': 2},
            'owner': 'REDACTED_19347acd812465188388075'}}
Initializing 192.168.100.112 of type <class 'kasa.smart.smartdevice.SmartDevice'>
192.168.100.112 multi-request-batch-1-of-1 >> '{"method":"multipleRequest","request_time_milis":1744360434564,"terminal_uuid":"qny4f51PCk95VnbyM7fSpQ==","params":{"requests":[{"method":"component_nego"},{"method":"get_device_info"},{"method":"get_connect_cloud_state"}]}}'
Will perform handshaking...
Posting to http://192.168.100.112/app
Generating keypair
Handshake request: {'method': 'handshake', 'params': {'key': '-----BEGIN PUBLIC KEY-----\nMIGfMA0GCSqGSIb3DQEBAQUAA4GNADCBiQKBgQC8RY20j7Uo5f74o4YFXHT21yk0VdYo1m+Rjyn3mLSn4NKZ4jTlp9WLOS52JTd0fofLeK6JnsKnHG0mkpNxni8lVew0z+m5WROSaAtVcRq8LPd/nWqMjiVpoQtBqWrrSCoJEw89lZng5Lvofn/Z0iKrqWEbZwlC6dvFKf8Ago9zMwIDAQAB\n-----END PUBLIC KEY-----\n'}}
Device responded with: {'error_code': 0, 'result': {'key': 'O3T5H3AcvyVfm+R60ZKLPkCu9GC8151aVbB8OeBEkxMeZPCNCNsZdkbmR+WoePsllR+YB6JRO/Kcazb7Dptf1L5DUpZszF1kkmJTnfVgqLLkOV+F3prdUnxqDg/siBxRHm7TzeN7JGSSf/SWhBehX8RJ+dFf2Iddd6o4eWt6nHc='}}
Handshake with 192.168.100.112 complete
Posting to http://192.168.100.112/app
192.168.100.112: logged in with provided credentials
Posting to http://192.168.100.112/app?token=5DCCCDC2C12201250F55EF56E0661867
Device 192.168.100.112 received an os error, enabling sequential request delay: Server disconnected
Device 192.168.100.112 got a connection error, will retry 3 times: ('Device connection error: 192.168.100.112: Server disconnected', ServerDisconnectedError('Server disconnected'))
192.168.100.112 multi-request-batch-1-of-1 >> '{"method":"multipleRequest","request_time_milis":1744360434750,"terminal_uuid":"qny4f51PCk95VnbyM7fSpQ==","params":{"requests":[{"method":"component_nego"},{"method":"get_device_info"},{"method":"get_connect_cloud_state"}]}}'
Device 192.168.100.112 waiting 0.25 seconds to send request
Posting to http://192.168.100.112/app?token=5DCCCDC2C12201250F55EF56E0661867
192.168.100.112 multi-request-batch-1-of-1 << {'error_code': 0,
 'result': {'responses': [{'error_code': 0,
                           'method': 'component_nego',
                           'result': {'component_list': [{'id': 'device',
                                                          'ver_code': 2},
                                                         {'id': 'firmware',
                                                          'ver_code': 1},
                                                         {'id': 'quick_setup',
                                                          'ver_code': 3},
                                                         {'id': 'time',
                                                          'ver_code': 1},
                                                         {'id': 'wireless',
                                                          'ver_code': 1},
                                                         {'id': 'schedule',
                                                          'ver_code': 2},
                                                         {'id': 'countdown',
                                                          'ver_code': 2},
                                                         {'id': 'antitheft',
                                                          'ver_code': 1},
                                                         {'id': 'account',
                                                          'ver_code': 1},
                                                         {'id': 'synchronize',
                                                          'ver_code': 1},
                                                         {'id': 'sunrise_sunset',
                                                          'ver_code': 1},
                                                         {'id': 'led',
                                                          'ver_code': 1},
                                                         {'id': 'cloud_connect',
                                                          'ver_code': 1},
                                                         {'id': 'iot_cloud',
                                                          'ver_code': 1},
                                                         {'id': 'default_states',
                                                          'ver_code': 1}]}},
                          {'error_code': 0,
                           'method': 'get_device_info',
                           'result': {'avatar': 'plug',
                                      'default_states': {'state': {},
                                                         'type': 'last_states'},
                                      'device_id': 'REDACTED_DB80F24B353338FA05BB18C1C486215',
                                      'device_on': False,
                                      'fw_id': 'REDACTED_A25ABDE41405B20C6F98816',
                                      'fw_ver': '1.3.7 Build 20230711 Rel. '
                                                '61904',
                                      'has_set_location_info': True,
                                      'hw_id': 'REDACTED_5B29645B8150C392284029D',
                                      'hw_ver': '1.0.0',
                                      'ip': '192.168.100.112',
                                      'lang': 'it_IT',
                                      'latitude': 0,
                                      'location': '',
                                      'longitude': 0,
                                      'mac': '74-DA-88-00-00-00',
                                      'model': 'P100',
                                      'nickname': 'I01BU0tFRF9OQU1FIw==',
                                      'oem_id': 'REDACTED_06C60A9AEEA36A3347B6EBC',
                                      'on_time': 0,
                                      'overheated': False,
                                      'region': 'Europe/Rome',
                                      'rssi': -44,
                                      'signal_level': 3,
                                      'specs': 'EU',
                                      'ssid': 'I01BU0tFRF9TU0lEIw==',
                                      'time_diff': 60,
                                      'type': 'SMART.TAPOPLUG'}},
                          {'error_code': 0,
                           'method': 'get_connect_cloud_state',
                           'result': {'status': 0}}]}}
Device 192.168.100.112, found required cloud_connect, adding Cloud to modules.
Device 192.168.100.112, found required device, adding DeviceModule to modules.
Device 192.168.100.112, found required firmware, adding Firmware to modules.
Device 192.168.100.112, found required led, adding Led to modules.
Device 192.168.100.112, found required None, adding OverheatProtection to modules.
Device 192.168.100.112, found required time, adding Time to modules.
Querying 192.168.100.112 for modules: Time, Led
192.168.100.112 multi-request-batch-1-of-1 >> '{"method":"multipleRequest","request_time_milis":1744360435120,"terminal_uuid":"qny4f51PCk95VnbyM7fSpQ==","params":{"requests":[{"method":"get_device_time"},{"method":"get_led_info"}]}}'
Device 192.168.100.112 waiting 0.2340000000258442 seconds to send request
Posting to http://192.168.100.112/app?token=5DCCCDC2C12201250F55EF56E0661867
192.168.100.112 multi-request-batch-1-of-1 << {'error_code': 0,
 'result': {'responses': [{'error_code': 0,
                           'method': 'get_device_time',
                           'result': {'region': 'Europe/Rome',
                                      'time_diff': 60,
                                      'timestamp': 1744360435}},
                          {'error_code': 0,
                           'method': 'get_led_info',
                           'result': {'led_rule': 'always',
                                      'led_status': False,
                                      'night_mode': {'end_time': 0,
                                                     'night_mode_type': 'unknown',
                                                     'start_time': 0,
                                                     'sunrise_offset': 0,
                                                     'sunset_offset': 0}}}]}}
Update completed 192.168.100.112: ['component_nego', 'get_device_info', 'get_connect_cloud_state', 'get_device_time', 'get_led_info']
Switching status
C:\Users\Davide\AppData\Local\I3Lab - Politecnico di Milano\Server SmartPlug\options.json
Listening on 127.0.0.1:7071
Using proactor: IocpProactor
C:\Users\Davide\AppData\Local\I3Lab - Politecnico di Milano\Server SmartPlug\options.json
Listening on 127.0.0.1:7071
Using proactor: IocpProactor
C:\Users\Davide\AppData\Local\I3Lab - Politecnico di Milano\Server SmartPlug\options.json
Discovery started...
Using proactor: IocpProactor
Listening on 127.0.0.1:7071
[DISCOVERY] 255.255.255.255 >> {'system': {'get_sysinfo': {}}}
Waiting 5 seconds for responses...
Using proactor: IocpProactor
Using SmartDevice for SMART.TAPOPLUG
Finding protocol for 192.168.100.112
Finding protocol for DeviceFamily.SmartTapoPlug
Finding transport for SMART.AES
Created AES transport for 192.168.100.112
[DISCOVERY] 192.168.100.112 << {'error_code': 0,
 'result': {'device_id': 'REDACTED_c913ec3cd97a6bec2fbb1ee',
            'device_model': 'P100',
            'device_type': 'SMART.TAPOPLUG',
            'factory_default': False,
            'ip': '192.168.100.112',
            'is_support_iot_cloud': True,
            'mac': '74-DA-88-00-00-00',
            'mgt_encrypt_schm': {'encrypt_type': 'AES',
                                 'http_port': 80,
                                 'is_support_https': False,
                                 'lv': 2},
            'owner': 'REDACTED_19347acd812465188388075'}}
Initializing 192.168.100.112 of type <class 'kasa.smart.smartdevice.SmartDevice'>
Discovery finished! Found: 1 device(s)
Discovered 1 devices
Using proactor: IocpProactor
[DISCOVERY] 192.168.100.112 >> {'system': {'get_sysinfo': {}}}
Waiting a total of 5 seconds for responses...
Using SmartDevice for SMART.TAPOPLUG
Finding protocol for 192.168.100.112
Finding protocol for DeviceFamily.SmartTapoPlug
Finding transport for SMART.AES
Created AES transport for 192.168.100.112
[DISCOVERY] 192.168.100.112 << {'error_code': 0,
 'result': {'device_id': 'REDACTED_c913ec3cd97a6bec2fbb1ee',
            'device_model': 'P100',
            'device_type': 'SMART.TAPOPLUG',
            'factory_default': False,
            'ip': '192.168.100.112',
            'is_support_iot_cloud': True,
            'mac': '74-DA-88-00-00-00',
            'mgt_encrypt_schm': {'encrypt_type': 'AES',
                                 'http_port': 80,
                                 'is_support_https': False,
                                 'lv': 2},
            'owner': 'REDACTED_19347acd812465188388075'}}
Initializing 192.168.100.112 of type <class 'kasa.smart.smartdevice.SmartDevice'>
192.168.100.112 multi-request-batch-1-of-1 >> '{"method":"multipleRequest","request_time_milis":1744362138148,"terminal_uuid":"Qr7VE7WMRzvC3LnSf4WMqg==","params":{"requests":[{"method":"component_nego"},{"method":"get_device_info"},{"method":"get_connect_cloud_state"}]}}'
Will perform handshaking...
Posting to http://192.168.100.112/app
Generating keypair
Handshake request: {'method': 'handshake', 'params': {'key': '-----BEGIN PUBLIC KEY-----\nMIGfMA0GCSqGSIb3DQEBAQUAA4GNADCBiQKBgQCdP8QRK1x/NiLBLGmDmWKmuvPqiuxQ6wBGZ42R0KOoorBSdVHENMUotLMP4U1FSbiMBEYfHi89ZXYYpe3Lf1y2088QLQ18srZ2j3EaPIzIQ7/Pdev3IqhPCEIygRFpG1QGztL26dkOfyjRyJjGeRfM2dvqSiOyblPO8QtKdbZpzQIDAQAB\n-----END PUBLIC KEY-----\n'}}
Device responded with: {'error_code': 0, 'result': {'key': 'FJgmWpNEtgTu+7bl4gQfc44qM0aHJT8JM8KX6ITXa9Ps2t2uNpb2sY99VMQiXSO8oEkePq/CJk8BFBxjCQ7vCmcaJLpUOMCUEWBACnUDKyNgplN7kQtsaXyj2BhNEaNM1G0PvYslhIQ649eVmrAGKQvr3H6GSq+3a9M/psgEmsU='}}
Handshake with 192.168.100.112 complete
Posting to http://192.168.100.112/app
192.168.100.112: logged in with provided credentials
Posting to http://192.168.100.112/app?token=19E394EB406B066F642F472D7E0DE70C
Device 192.168.100.112 received an os error, enabling sequential request delay: Server disconnected
Device 192.168.100.112 got a connection error, will retry 3 times: ('Device connection error: 192.168.100.112: Server disconnected', ServerDisconnectedError('Server disconnected'))
192.168.100.112 multi-request-batch-1-of-1 >> '{"method":"multipleRequest","request_time_milis":1744362138390,"terminal_uuid":"Qr7VE7WMRzvC3LnSf4WMqg==","params":{"requests":[{"method":"component_nego"},{"method":"get_device_info"},{"method":"get_connect_cloud_state"}]}}'
Device 192.168.100.112 waiting 0.25 seconds to send request
Posting to http://192.168.100.112/app?token=19E394EB406B066F642F472D7E0DE70C
192.168.100.112 multi-request-batch-1-of-1 << {'error_code': 0,
 'result': {'responses': [{'error_code': 0,
                           'method': 'component_nego',
                           'result': {'component_list': [{'id': 'device',
                                                          'ver_code': 2},
                                                         {'id': 'firmware',
                                                          'ver_code': 1},
                                                         {'id': 'quick_setup',
                                                          'ver_code': 3},
                                                         {'id': 'time',
                                                          'ver_code': 1},
                                                         {'id': 'wireless',
                                                          'ver_code': 1},
                                                         {'id': 'schedule',
                                                          'ver_code': 2},
                                                         {'id': 'countdown',
                                                          'ver_code': 2},
                                                         {'id': 'antitheft',
                                                          'ver_code': 1},
                                                         {'id': 'account',
                                                          'ver_code': 1},
                                                         {'id': 'synchronize',
                                                          'ver_code': 1},
                                                         {'id': 'sunrise_sunset',
                                                          'ver_code': 1},
                                                         {'id': 'led',
                                                          'ver_code': 1},
                                                         {'id': 'cloud_connect',
                                                          'ver_code': 1},
                                                         {'id': 'iot_cloud',
                                                          'ver_code': 1},
                                                         {'id': 'default_states',
                                                          'ver_code': 1}]}},
                          {'error_code': 0,
                           'method': 'get_device_info',
                           'result': {'avatar': 'plug',
                                      'default_states': {'state': {},
                                                         'type': 'last_states'},
                                      'device_id': 'REDACTED_DB80F24B353338FA05BB18C1C486215',
                                      'device_on': False,
                                      'fw_id': 'REDACTED_A25ABDE41405B20C6F98816',
                                      'fw_ver': '1.3.7 Build 20230711 Rel. '
                                                '61904',
                                      'has_set_location_info': True,
                                      'hw_id': 'REDACTED_5B29645B8150C392284029D',
                                      'hw_ver': '1.0.0',
                                      'ip': '192.168.100.112',
                                      'lang': 'it_IT',
                                      'latitude': 0,
                                      'location': '',
                                      'longitude': 0,
                                      'mac': '74-DA-88-00-00-00',
                                      'model': 'P100',
                                      'nickname': 'I01BU0tFRF9OQU1FIw==',
                                      'oem_id': 'REDACTED_06C60A9AEEA36A3347B6EBC',
                                      'on_time': 0,
                                      'overheated': False,
                                      'region': 'Europe/Rome',
                                      'rssi': -45,
                                      'signal_level': 3,
                                      'specs': 'EU',
                                      'ssid': 'I01BU0tFRF9TU0lEIw==',
                                      'time_diff': 60,
                                      'type': 'SMART.TAPOPLUG'}},
                          {'error_code': 0,
                           'method': 'get_connect_cloud_state',
                           'result': {'status': 0}}]}}
Device 192.168.100.112, found required cloud_connect, adding Cloud to modules.
Device 192.168.100.112, found required device, adding DeviceModule to modules.
Device 192.168.100.112, found required firmware, adding Firmware to modules.
Device 192.168.100.112, found required led, adding Led to modules.
Device 192.168.100.112, found required None, adding OverheatProtection to modules.
Device 192.168.100.112, found required time, adding Time to modules.
Querying 192.168.100.112 for modules: Time, Led
192.168.100.112 multi-request-batch-1-of-1 >> '{"method":"multipleRequest","request_time_milis":1744362138731,"terminal_uuid":"Qr7VE7WMRzvC3LnSf4WMqg==","params":{"requests":[{"method":"get_device_time"},{"method":"get_led_info"}]}}'
Device 192.168.100.112 waiting 0.23499999998603016 seconds to send request
Posting to http://192.168.100.112/app?token=19E394EB406B066F642F472D7E0DE70C
192.168.100.112 multi-request-batch-1-of-1 << {'error_code': 0,
 'result': {'responses': [{'error_code': 0,
                           'method': 'get_device_time',
                           'result': {'region': 'Europe/Rome',
                                      'time_diff': 60,
                                      'timestamp': 1744362138}},
                          {'error_code': 0,
                           'method': 'get_led_info',
                           'result': {'led_rule': 'always',
                                      'led_status': False,
                                      'night_mode': {'end_time': 0,
                                                     'night_mode_type': 'unknown',
                                                     'start_time': 0,
                                                     'sunrise_offset': 0,
                                                     'sunset_offset': 0}}}]}}
Update completed 192.168.100.112: ['component_nego', 'get_device_info', 'get_connect_cloud_state', 'get_device_time', 'get_led_info']
[DISCOVERY] 192.168.100.112 >> {'system': {'get_sysinfo': {}}}
Waiting a total of 5 seconds for responses...
Using SmartDevice for SMART.TAPOPLUG
Finding protocol for 192.168.100.112
Finding protocol for DeviceFamily.SmartTapoPlug
Finding transport for SMART.AES
Created AES transport for 192.168.100.112
[DISCOVERY] 192.168.100.112 << {'error_code': 0,
 'result': {'device_id': 'REDACTED_c913ec3cd97a6bec2fbb1ee',
            'device_model': 'P100',
            'device_type': 'SMART.TAPOPLUG',
            'factory_default': False,
            'ip': '192.168.100.112',
            'is_support_iot_cloud': True,
            'mac': '74-DA-88-00-00-00',
            'mgt_encrypt_schm': {'encrypt_type': 'AES',
                                 'http_port': 80,
                                 'is_support_https': False,
                                 'lv': 2},
            'owner': 'REDACTED_19347acd812465188388075'}}
Initializing 192.168.100.112 of type <class 'kasa.smart.smartdevice.SmartDevice'>
192.168.100.112 >> '{"method":"set_device_info","request_time_milis":1744362168843,"terminal_uuid":"ZutSWhdlg1lyaRaz+67XBQ==","params":{"device_on":false}}'
Will perform handshaking...
Posting to http://192.168.100.112/app
Generating keypair
Handshake request: {'method': 'handshake', 'params': {'key': '-----BEGIN PUBLIC KEY-----\nMIGfMA0GCSqGSIb3DQEBAQUAA4GNADCBiQKBgQCYYGYI/W3aJExW5ZXkYDQ/Zq0wCMNpC0c2zHErisnvDhwve+e3Ukk5msr2GOU7sYXv31BqMlGgNG5cNacUlwp28/PP79f8P+Gxd6n72s01LeRfXPNcxQoZN6PXOIKSyP/sDBjI/q33dw1dFTDQGzpbXZGYJRXtBYQ+8Qfav9cMnQIDAQAB\n-----END PUBLIC KEY-----\n'}}
Device responded with: {'error_code': 0, 'result': {'key': 'bvjRRX1FvSSAJhEk1ZXbDsTtWpgnwsnRtTix3Jgu2H8SinR8zp8jIdhSy8Np62TRVCCTYkqotpNXbtwVMqHsdiNuDvW/6Tzk308QKZIlr4VjJRF7AfbmDFPIl+uGdiVIYt4yCA5wdHc9CVZaKupY+cRQAoT38cyh2J/b0Qhomcs='}}
Handshake with 192.168.100.112 complete
Posting to http://192.168.100.112/app
192.168.100.112: logged in with provided credentials
Posting to http://192.168.100.112/app?token=0F5B34518DF110F4CCA40AA664868F87
Device 192.168.100.112 received an os error, enabling sequential request delay: Server disconnected
Device 192.168.100.112 got a connection error, will retry 3 times: ('Device connection error: 192.168.100.112: Server disconnected', ServerDisconnectedError('Server disconnected'))
192.168.100.112 >> '{"method":"set_device_info","request_time_milis":1744362168989,"terminal_uuid":"ZutSWhdlg1lyaRaz+67XBQ==","params":{"device_on":false}}'
Device 192.168.100.112 waiting 0.25 seconds to send request
Posting to http://192.168.100.112/app?token=0F5B34518DF110F4CCA40AA664868F87
192.168.100.112 << {'error_code': 0}
192.168.100.112 multi-request-batch-1-of-1 >> '{"method":"multipleRequest","request_time_milis":1744362169330,"terminal_uuid":"ZutSWhdlg1lyaRaz+67XBQ==","params":{"requests":[{"method":"component_nego"},{"method":"get_device_info"},{"method":"get_connect_cloud_state"}]}}'
Device 192.168.100.112 waiting 0.25 seconds to send request
Posting to http://192.168.100.112/app?token=0F5B34518DF110F4CCA40AA664868F87
192.168.100.112 multi-request-batch-1-of-1 << {'error_code': 0,
 'result': {'responses': [{'error_code': 0,
                           'method': 'component_nego',
                           'result': {'component_list': [{'id': 'device',
                                                          'ver_code': 2},
                                                         {'id': 'firmware',
                                                          'ver_code': 1},
                                                         {'id': 'quick_setup',
                                                          'ver_code': 3},
                                                         {'id': 'time',
                                                          'ver_code': 1},
                                                         {'id': 'wireless',
                                                          'ver_code': 1},
                                                         {'id': 'schedule',
                                                          'ver_code': 2},
                                                         {'id': 'countdown',
                                                          'ver_code': 2},
                                                         {'id': 'antitheft',
                                                          'ver_code': 1},
                                                         {'id': 'account',
                                                          'ver_code': 1},
                                                         {'id': 'synchronize',
                                                          'ver_code': 1},
                                                         {'id': 'sunrise_sunset',
                                                          'ver_code': 1},
                                                         {'id': 'led',
                                                          'ver_code': 1},
                                                         {'id': 'cloud_connect',
                                                          'ver_code': 1},
                                                         {'id': 'iot_cloud',
                                                          'ver_code': 1},
                                                         {'id': 'default_states',
                                                          'ver_code': 1}]}},
                          {'error_code': 0,
                           'method': 'get_device_info',
                           'result': {'avatar': 'plug',
                                      'default_states': {'state': {},
                                                         'type': 'last_states'},
                                      'device_id': 'REDACTED_DB80F24B353338FA05BB18C1C486215',
                                      'device_on': False,
                                      'fw_id': 'REDACTED_A25ABDE41405B20C6F98816',
                                      'fw_ver': '1.3.7 Build 20230711 Rel. '
                                                '61904',
                                      'has_set_location_info': True,
                                      'hw_id': 'REDACTED_5B29645B8150C392284029D',
                                      'hw_ver': '1.0.0',
                                      'ip': '192.168.100.112',
                                      'lang': 'it_IT',
                                      'latitude': 0,
                                      'location': '',
                                      'longitude': 0,
                                      'mac': '74-DA-88-00-00-00',
                                      'model': 'P100',
                                      'nickname': 'I01BU0tFRF9OQU1FIw==',
                                      'oem_id': 'REDACTED_06C60A9AEEA36A3347B6EBC',
                                      'on_time': 0,
                                      'overheated': False,
                                      'region': 'Europe/Rome',
                                      'rssi': -45,
                                      'signal_level': 3,
                                      'specs': 'EU',
                                      'ssid': 'I01BU0tFRF9TU0lEIw==',
                                      'time_diff': 60,
                                      'type': 'SMART.TAPOPLUG'}},
                          {'error_code': 0,
                           'method': 'get_connect_cloud_state',
                           'result': {'status': 0}}]}}
Device 192.168.100.112, found required cloud_connect, adding Cloud to modules.
Device 192.168.100.112, found required device, adding DeviceModule to modules.
Device 192.168.100.112, found required firmware, adding Firmware to modules.
Device 192.168.100.112, found required led, adding Led to modules.
Device 192.168.100.112, found required None, adding OverheatProtection to modules.
Device 192.168.100.112, found required time, adding Time to modules.
Querying 192.168.100.112 for modules: Time, Led
192.168.100.112 multi-request-batch-1-of-1 >> '{"method":"multipleRequest","request_time_milis":1744362169680,"terminal_uuid":"ZutSWhdlg1lyaRaz+67XBQ==","params":{"requests":[{"method":"get_device_time"},{"method":"get_led_info"}]}}'
Device 192.168.100.112 waiting 0.235000000015134 seconds to send request
Posting to http://192.168.100.112/app?token=0F5B34518DF110F4CCA40AA664868F87
192.168.100.112 multi-request-batch-1-of-1 << {'error_code': 0,
 'result': {'responses': [{'error_code': 0,
                           'method': 'get_device_time',
                           'result': {'region': 'Europe/Rome',
                                      'time_diff': 60,
                                      'timestamp': 1744362169}},
                          {'error_code': 0,
                           'method': 'get_led_info',
                           'result': {'led_rule': 'always',
                                      'led_status': False,
                                      'night_mode': {'end_time': 0,
                                                     'night_mode_type': 'unknown',
                                                     'start_time': 0,
                                                     'sunrise_offset': 0,
                                                     'sunset_offset': 0}}}]}}
Update completed 192.168.100.112: ['component_nego', 'get_device_info', 'get_connect_cloud_state', 'get_device_time', 'get_led_info']
Unclosed client session
client_session: <aiohttp.client.ClientSession object at 0x00000165086ED820>
Unclosed connector
connections: ['deque([(<aiohttp.client_proto.ResponseHandler object at 0x000001650870BAD0>, 150340.484)])']
connector: <aiohttp.connector.TCPConnector object at 0x00000165086EEC60>
Unclosed client session
client_session: <aiohttp.client.ClientSession object at 0x00000165088FE1B0>
C:\Users\Davide\AppData\Local\I3Lab - Politecnico di Milano\Server SmartPlug\options.json
Discovery started...
Using proactor: IocpProactor
Listening on 127.0.0.1:7071
[DISCOVERY] 255.255.255.255 >> {'system': {'get_sysinfo': {}}}
Waiting 5 seconds for responses...
Using proactor: IocpProactor
Using SmartDevice for SMART.TAPOPLUG
Finding protocol for 192.168.100.112
Finding protocol for DeviceFamily.SmartTapoPlug
Finding transport for SMART.AES
Created AES transport for 192.168.100.112
[DISCOVERY] 192.168.100.112 << {'error_code': 0,
 'result': {'device_id': 'REDACTED_c913ec3cd97a6bec2fbb1ee',
            'device_model': 'P100',
            'device_type': 'SMART.TAPOPLUG',
            'factory_default': False,
            'ip': '192.168.100.112',
            'is_support_iot_cloud': True,
            'mac': '74-DA-88-00-00-00',
            'mgt_encrypt_schm': {'encrypt_type': 'AES',
                                 'http_port': 80,
                                 'is_support_https': False,
                                 'lv': 2},
            'owner': 'REDACTED_19347acd812465188388075'}}
Initializing 192.168.100.112 of type <class 'kasa.smart.smartdevice.SmartDevice'>
Discovery finished! Found: 1 device(s)
Discovered 1 devices
Using proactor: IocpProactor
[DISCOVERY] 192.168.100.112 >> {'system': {'get_sysinfo': {}}}
Waiting a total of 5 seconds for responses...
Using SmartDevice for SMART.TAPOPLUG
Finding protocol for 192.168.100.112
Finding protocol for DeviceFamily.SmartTapoPlug
Finding transport for SMART.AES
Created AES transport for 192.168.100.112
[DISCOVERY] 192.168.100.112 << {'error_code': 0,
 'result': {'device_id': 'REDACTED_c913ec3cd97a6bec2fbb1ee',
            'device_model': 'P100',
            'device_type': 'SMART.TAPOPLUG',
            'factory_default': False,
            'ip': '192.168.100.112',
            'is_support_iot_cloud': True,
            'mac': '74-DA-88-00-00-00',
            'mgt_encrypt_schm': {'encrypt_type': 'AES',
                                 'http_port': 80,
                                 'is_support_https': False,
                                 'lv': 2},
            'owner': 'REDACTED_19347acd812465188388075'}}
Initializing 192.168.100.112 of type <class 'kasa.smart.smartdevice.SmartDevice'>
192.168.100.112 multi-request-batch-1-of-1 >> '{"method":"multipleRequest","request_time_milis":1744362245210,"terminal_uuid":"BLWt61c7ACuF3HD3cju1yw==","params":{"requests":[{"method":"component_nego"},{"method":"get_device_info"},{"method":"get_connect_cloud_state"}]}}'
Will perform handshaking...
Posting to http://192.168.100.112/app
Generating keypair
Handshake request: {'method': 'handshake', 'params': {'key': '-----BEGIN PUBLIC KEY-----\nMIGfMA0GCSqGSIb3DQEBAQUAA4GNADCBiQKBgQCzgjpSSTzTsdKtPie6i6UW7k/poi6cp/Y/6NUK/sI1YLIS0WAJE83pO3wMR4ClwW0jCDFMQFwa9AMUUnVtKq1g5CJzTrOqGb/Eu0mYiuj6rhdtBNc7xH14dztlC1NM53A1iXQzK5xIx8w4TjWhnstsFdsUPG09eRI6qXFXZeH0KQIDAQAB\n-----END PUBLIC KEY-----\n'}}
Device responded with: {'error_code': 0, 'result': {'key': 'WHNKxIF+ij/Xdh8DMRCDehlRRpj41/HkAYAyyQwLALRk+T+NpCqgryQNBJe0GUdwYlBXwjcjwXsZkVk7bFl++GAcUQaAO9OuDF42ci4EPtAxOS0enFlVMnNWbUNTT9P/UHpx8E5lOU6TwDhvn9WPe+n9GoJEOuGSOr3A9NlUmME='}}
Handshake with 192.168.100.112 complete
Posting to http://192.168.100.112/app
192.168.100.112: logged in with provided credentials
Posting to http://192.168.100.112/app?token=68989E94F1540A52B53240311F01ED00
Device 192.168.100.112 received an os error, enabling sequential request delay: Server disconnected
Device 192.168.100.112 got a connection error, will retry 3 times: ('Device connection error: 192.168.100.112: Server disconnected', ServerDisconnectedError('Server disconnected'))
192.168.100.112 multi-request-batch-1-of-1 >> '{"method":"multipleRequest","request_time_milis":1744362245365,"terminal_uuid":"BLWt61c7ACuF3HD3cju1yw==","params":{"requests":[{"method":"component_nego"},{"method":"get_device_info"},{"method":"get_connect_cloud_state"}]}}'
Device 192.168.100.112 waiting 0.25 seconds to send request
Posting to http://192.168.100.112/app?token=68989E94F1540A52B53240311F01ED00
192.168.100.112 multi-request-batch-1-of-1 << {'error_code': 0,
 'result': {'responses': [{'error_code': 0,
                           'method': 'component_nego',
                           'result': {'component_list': [{'id': 'device',
                                                          'ver_code': 2},
                                                         {'id': 'firmware',
                                                          'ver_code': 1},
                                                         {'id': 'quick_setup',
                                                          'ver_code': 3},
                                                         {'id': 'time',
                                                          'ver_code': 1},
                                                         {'id': 'wireless',
                                                          'ver_code': 1},
                                                         {'id': 'schedule',
                                                          'ver_code': 2},
                                                         {'id': 'countdown',
                                                          'ver_code': 2},
                                                         {'id': 'antitheft',
                                                          'ver_code': 1},
                                                         {'id': 'account',
                                                          'ver_code': 1},
                                                         {'id': 'synchronize',
                                                          'ver_code': 1},
                                                         {'id': 'sunrise_sunset',
                                                          'ver_code': 1},
                                                         {'id': 'led',
                                                          'ver_code': 1},
                                                         {'id': 'cloud_connect',
                                                          'ver_code': 1},
                                                         {'id': 'iot_cloud',
                                                          'ver_code': 1},
                                                         {'id': 'default_states',
                                                          'ver_code': 1}]}},
                          {'error_code': 0,
                           'method': 'get_device_info',
                           'result': {'avatar': 'plug',
                                      'default_states': {'state': {},
                                                         'type': 'last_states'},
                                      'device_id': 'REDACTED_DB80F24B353338FA05BB18C1C486215',
                                      'device_on': False,
                                      'fw_id': 'REDACTED_A25ABDE41405B20C6F98816',
                                      'fw_ver': '1.3.7 Build 20230711 Rel. '
                                                '61904',
                                      'has_set_location_info': True,
                                      'hw_id': 'REDACTED_5B29645B8150C392284029D',
                                      'hw_ver': '1.0.0',
                                      'ip': '192.168.100.112',
                                      'lang': 'it_IT',
                                      'latitude': 0,
                                      'location': '',
                                      'longitude': 0,
                                      'mac': '74-DA-88-00-00-00',
                                      'model': 'P100',
                                      'nickname': 'I01BU0tFRF9OQU1FIw==',
                                      'oem_id': 'REDACTED_06C60A9AEEA36A3347B6EBC',
                                      'on_time': 0,
                                      'overheated': False,
                                      'region': 'Europe/Rome',
                                      'rssi': -45,
                                      'signal_level': 3,
                                      'specs': 'EU',
                                      'ssid': 'I01BU0tFRF9TU0lEIw==',
                                      'time_diff': 60,
                                      'type': 'SMART.TAPOPLUG'}},
                          {'error_code': 0,
                           'method': 'get_connect_cloud_state',
                           'result': {'status': 0}}]}}
Device 192.168.100.112, found required cloud_connect, adding Cloud to modules.
Device 192.168.100.112, found required device, adding DeviceModule to modules.
Device 192.168.100.112, found required firmware, adding Firmware to modules.
Device 192.168.100.112, found required led, adding Led to modules.
Device 192.168.100.112, found required None, adding OverheatProtection to modules.
Device 192.168.100.112, found required time, adding Time to modules.
Querying 192.168.100.112 for modules: Time, Led
192.168.100.112 multi-request-batch-1-of-1 >> '{"method":"multipleRequest","request_time_milis":1744362245726,"terminal_uuid":"BLWt61c7ACuF3HD3cju1yw==","params":{"requests":[{"method":"get_device_time"},{"method":"get_led_info"}]}}'
Device 192.168.100.112 waiting 0.25 seconds to send request
Posting to http://192.168.100.112/app?token=68989E94F1540A52B53240311F01ED00
192.168.100.112 multi-request-batch-1-of-1 << {'error_code': 0,
 'result': {'responses': [{'error_code': 0,
                           'method': 'get_device_time',
                           'result': {'region': 'Europe/Rome',
                                      'time_diff': 60,
                                      'timestamp': 1744362245}},
                          {'error_code': 0,
                           'method': 'get_led_info',
                           'result': {'led_rule': 'always',
                                      'led_status': False,
                                      'night_mode': {'end_time': 0,
                                                     'night_mode_type': 'unknown',
                                                     'start_time': 0,
                                                     'sunrise_offset': 0,
                                                     'sunset_offset': 0}}}]}}
Update completed 192.168.100.112: ['component_nego', 'get_device_info', 'get_connect_cloud_state', 'get_device_time', 'get_led_info']
[DISCOVERY] 192.168.100.112 >> {'system': {'get_sysinfo': {}}}
Waiting a total of 5 seconds for responses...
Using SmartDevice for SMART.TAPOPLUG
Finding protocol for 192.168.100.112
Finding protocol for DeviceFamily.SmartTapoPlug
Finding transport for SMART.AES
Created AES transport for 192.168.100.112
[DISCOVERY] 192.168.100.112 << {'error_code': 0,
 'result': {'device_id': 'REDACTED_c913ec3cd97a6bec2fbb1ee',
            'device_model': 'P100',
            'device_type': 'SMART.TAPOPLUG',
            'factory_default': False,
            'ip': '192.168.100.112',
            'is_support_iot_cloud': True,
            'mac': '74-DA-88-00-00-00',
            'mgt_encrypt_schm': {'encrypt_type': 'AES',
                                 'http_port': 80,
                                 'is_support_https': False,
                                 'lv': 2},
            'owner': 'REDACTED_19347acd812465188388075'}}
Initializing 192.168.100.112 of type <class 'kasa.smart.smartdevice.SmartDevice'>
192.168.100.112 >> '{"method":"set_device_info","request_time_milis":1744362249004,"terminal_uuid":"jG6cE6iNh2+n6GlvUkHs1A==","params":{"device_on":true}}'
Will perform handshaking...
Posting to http://192.168.100.112/app
Generating keypair
Handshake request: {'method': 'handshake', 'params': {'key': '-----BEGIN PUBLIC KEY-----\nMIGfMA0GCSqGSIb3DQEBAQUAA4GNADCBiQKBgQCir8BOGLidbGjD0JolhxrS2xlIzH46FPqN4HmmQFrQhWC0ylZXNUovO5DuB4ZlGlxJEEjR9Uhps9mzo2nvnYPddRUXUEZryKaFLZE1RuBpqfbd58GLw5xuULoabTsw/eMvqBejL/anbY4u/sygawUKAg5X2oKgXeJqdZEb3i24OwIDAQAB\n-----END PUBLIC KEY-----\n'}}
Device responded with: {'error_code': 0, 'result': {'key': 'Q3KS8zXfGMzOYzZb8xlLYEJ2cdmWDHHoqYjbjC/H1NTzQHNrFCqDVm2Ne8SHDyF5DVl7Ce527Wc8kHVSHSU/Xgkbfyd9zNgqNNKl6xEw/+lTxdF8ccRcjkqMjkekmfngO44oSFiy4XWpGnJwegA7FYV41NfSbJ5O32yYVLa9Iws='}}
Handshake with 192.168.100.112 complete
Posting to http://192.168.100.112/app
192.168.100.112: logged in with provided credentials
Posting to http://192.168.100.112/app?token=B25CB85810189D1A493A073BED2B422B
Device 192.168.100.112 received an os error, enabling sequential request delay: Server disconnected
Device 192.168.100.112 got a connection error, will retry 3 times: ('Device connection error: 192.168.100.112: Server disconnected', ServerDisconnectedError('Server disconnected'))
192.168.100.112 >> '{"method":"set_device_info","request_time_milis":1744362249143,"terminal_uuid":"jG6cE6iNh2+n6GlvUkHs1A==","params":{"device_on":true}}'
Device 192.168.100.112 waiting 0.25 seconds to send request
Posting to http://192.168.100.112/app?token=B25CB85810189D1A493A073BED2B422B
192.168.100.112 << {'error_code': 0}
192.168.100.112 multi-request-batch-1-of-1 >> '{"method":"multipleRequest","request_time_milis":1744362249487,"terminal_uuid":"jG6cE6iNh2+n6GlvUkHs1A==","params":{"requests":[{"method":"component_nego"},{"method":"get_device_info"},{"method":"get_connect_cloud_state"}]}}'
Device 192.168.100.112 waiting 0.25 seconds to send request
Posting to http://192.168.100.112/app?token=B25CB85810189D1A493A073BED2B422B
192.168.100.112 multi-request-batch-1-of-1 << {'error_code': 0,
 'result': {'responses': [{'error_code': 0,
                           'method': 'component_nego',
                           'result': {'component_list': [{'id': 'device',
                                                          'ver_code': 2},
                                                         {'id': 'firmware',
                                                          'ver_code': 1},
                                                         {'id': 'quick_setup',
                                                          'ver_code': 3},
                                                         {'id': 'time',
                                                          'ver_code': 1},
                                                         {'id': 'wireless',
                                                          'ver_code': 1},
                                                         {'id': 'schedule',
                                                          'ver_code': 2},
                                                         {'id': 'countdown',
                                                          'ver_code': 2},
                                                         {'id': 'antitheft',
                                                          'ver_code': 1},
                                                         {'id': 'account',
                                                          'ver_code': 1},
                                                         {'id': 'synchronize',
                                                          'ver_code': 1},
                                                         {'id': 'sunrise_sunset',
                                                          'ver_code': 1},
                                                         {'id': 'led',
                                                          'ver_code': 1},
                                                         {'id': 'cloud_connect',
                                                          'ver_code': 1},
                                                         {'id': 'iot_cloud',
                                                          'ver_code': 1},
                                                         {'id': 'default_states',
                                                          'ver_code': 1}]}},
                          {'error_code': 0,
                           'method': 'get_device_info',
                           'result': {'avatar': 'plug',
                                      'default_states': {'state': {},
                                                         'type': 'last_states'},
                                      'device_id': 'REDACTED_DB80F24B353338FA05BB18C1C486215',
                                      'device_on': True,
                                      'fw_id': 'REDACTED_A25ABDE41405B20C6F98816',
                                      'fw_ver': '1.3.7 Build 20230711 Rel. '
                                                '61904',
                                      'has_set_location_info': True,
                                      'hw_id': 'REDACTED_5B29645B8150C392284029D',
                                      'hw_ver': '1.0.0',
                                      'ip': '192.168.100.112',
                                      'lang': 'it_IT',
                                      'latitude': 0,
                                      'location': '',
                                      'longitude': 0,
                                      'mac': '74-DA-88-00-00-00',
                                      'model': 'P100',
                                      'nickname': 'I01BU0tFRF9OQU1FIw==',
                                      'oem_id': 'REDACTED_06C60A9AEEA36A3347B6EBC',
                                      'on_time': 0,
                                      'overheated': False,
                                      'region': 'Europe/Rome',
                                      'rssi': -45,
                                      'signal_level': 3,
                                      'specs': 'EU',
                                      'ssid': 'I01BU0tFRF9TU0lEIw==',
                                      'time_diff': 60,
                                      'type': 'SMART.TAPOPLUG'}},
                          {'error_code': 0,
                           'method': 'get_connect_cloud_state',
                           'result': {'status': 0}}]}}
Device 192.168.100.112, found required cloud_connect, adding Cloud to modules.
Device 192.168.100.112, found required device, adding DeviceModule to modules.
Device 192.168.100.112, found required firmware, adding Firmware to modules.
Device 192.168.100.112, found required led, adding Led to modules.
Device 192.168.100.112, found required None, adding OverheatProtection to modules.
Device 192.168.100.112, found required time, adding Time to modules.
Querying 192.168.100.112 for modules: Time, Led
192.168.100.112 multi-request-batch-1-of-1 >> '{"method":"multipleRequest","request_time_milis":1744362249830,"terminal_uuid":"jG6cE6iNh2+n6GlvUkHs1A==","params":{"requests":[{"method":"get_device_time"},{"method":"get_led_info"}]}}'
Device 192.168.100.112 waiting 0.23399999999674037 seconds to send request
Posting to http://192.168.100.112/app?token=B25CB85810189D1A493A073BED2B422B
192.168.100.112 multi-request-batch-1-of-1 << {'error_code': 0,
 'result': {'responses': [{'error_code': 0,
                           'method': 'get_device_time',
                           'result': {'region': 'Europe/Rome',
                                      'time_diff': 60,
                                      'timestamp': 1744362249}},
                          {'error_code': 0,
                           'method': 'get_led_info',
                           'result': {'led_rule': 'always',
                                      'led_status': True,
                                      'night_mode': {'end_time': 0,
                                                     'night_mode_type': 'unknown',
                                                     'start_time': 0,
                                                     'sunrise_offset': 0,
                                                     'sunset_offset': 0}}}]}}
Update completed 192.168.100.112: ['component_nego', 'get_device_info', 'get_connect_cloud_state', 'get_device_time', 'get_led_info']
Unclosed client session
client_session: <aiohttp.client.ClientSession object at 0x000001B4BCF3AC60>
Unclosed connector
connections: ['deque([(<aiohttp.client_proto.ResponseHandler object at 0x000001B4BCF53BF0>, 150447.468)])']
connector: <aiohttp.connector.TCPConnector object at 0x000001B4BCF3BAD0>
Unclosed client session
client_session: <aiohttp.client.ClientSession object at 0x000001B4BD14DA60>
Unclosed connector
connections: ['deque([(<aiohttp.client_proto.ResponseHandler object at 0x000001B4BD154290>, 150451.562)])']
connector: <aiohttp.connector.TCPConnector object at 0x000001B4BD14DA90>
C:\Users\Davide\AppData\Local\I3Lab - Politecnico di Milano\Server SmartPlug\options.json
Discovery started...
Using proactor: IocpProactor
Listening on 127.0.0.1:7071
[DISCOVERY] 255.255.255.255 >> {'system': {'get_sysinfo': {}}}
Waiting 5 seconds for responses...
Using proactor: IocpProactor
Using SmartDevice for SMART.TAPOPLUG
Finding protocol for 192.168.100.112
Finding protocol for DeviceFamily.SmartTapoPlug
Finding transport for SMART.AES
Created AES transport for 192.168.100.112
[DISCOVERY] 192.168.100.112 << {'error_code': 0,
 'result': {'device_id': 'REDACTED_c913ec3cd97a6bec2fbb1ee',
            'device_model': 'P100',
            'device_type': 'SMART.TAPOPLUG',
            'factory_default': False,
            'ip': '192.168.100.112',
            'is_support_iot_cloud': True,
            'mac': '74-DA-88-00-00-00',
            'mgt_encrypt_schm': {'encrypt_type': 'AES',
                                 'http_port': 80,
                                 'is_support_https': False,
                                 'lv': 2},
            'owner': 'REDACTED_19347acd812465188388075'}}
Initializing 192.168.100.112 of type <class 'kasa.smart.smartdevice.SmartDevice'>
Discovery finished! Found: 1 device(s)
Discovered 1 devices
Using proactor: IocpProactor
[DISCOVERY] 192.168.100.112 >> {'system': {'get_sysinfo': {}}}
Waiting a total of 5 seconds for responses...
Using SmartDevice for SMART.TAPOPLUG
Finding protocol for 192.168.100.112
Finding protocol for DeviceFamily.SmartTapoPlug
Finding transport for SMART.AES
Created AES transport for 192.168.100.112
[DISCOVERY] 192.168.100.112 << {'error_code': 0,
 'result': {'device_id': 'REDACTED_c913ec3cd97a6bec2fbb1ee',
            'device_model': 'P100',
            'device_type': 'SMART.TAPOPLUG',
            'factory_default': False,
            'ip': '192.168.100.112',
            'is_support_iot_cloud': True,
            'mac': '74-DA-88-00-00-00',
            'mgt_encrypt_schm': {'encrypt_type': 'AES',
                                 'http_port': 80,
                                 'is_support_https': False,
                                 'lv': 2},
            'owner': 'REDACTED_19347acd812465188388075'}}
Initializing 192.168.100.112 of type <class 'kasa.smart.smartdevice.SmartDevice'>
192.168.100.112 multi-request-batch-1-of-1 >> '{"method":"multipleRequest","request_time_milis":1744362526387,"terminal_uuid":"KTXvZd04BEdGGVeIN2zZdQ==","params":{"requests":[{"method":"component_nego"},{"method":"get_device_info"},{"method":"get_connect_cloud_state"}]}}'
Will perform handshaking...
Posting to http://192.168.100.112/app
Generating keypair
Handshake request: {'method': 'handshake', 'params': {'key': '-----BEGIN PUBLIC KEY-----\nMIGfMA0GCSqGSIb3DQEBAQUAA4GNADCBiQKBgQDf4ZdULGqr9QC3pgWhLHy52D+/LNqR+jDqCyOwCgLAQotxAhTWZcTM1Mw7jLp6WmFZVohwTAN6K7+0fkHdsqAeUFp2zjbSjovdBkKLkS/o9iu3kVQy22YvQzcT3nTZlfYv9JkDmdJHedoz8hpDa1XR/rHzBYxaoK498hLRvPfqCQIDAQAB\n-----END PUBLIC KEY-----\n'}}
Device responded with: {'error_code': 0, 'result': {'key': 'IsZegJZfC0/fNjJLBEywUI6XlQ2MgDH30DxdlZI1HDSih8vIHonZDSE4/gQCGK4NAkUh99zHu66o1HcMnCEtJzWfJru69spgBofmqbzLC8QkAVDNUg7+hpNeMjhHkmHGqHZDVAGwKZiucChm/FxC7mQLj62gF6PHcn6lM/nytC0='}}
Handshake with 192.168.100.112 complete
Posting to http://192.168.100.112/app
192.168.100.112: logged in with provided credentials
Posting to http://192.168.100.112/app?token=F06F686AE43A20386E18841923095E09
Device 192.168.100.112 received an os error, enabling sequential request delay: Server disconnected
Device 192.168.100.112 got a connection error, will retry 3 times: ('Device connection error: 192.168.100.112: Server disconnected', ServerDisconnectedError('Server disconnected'))
192.168.100.112 multi-request-batch-1-of-1 >> '{"method":"multipleRequest","request_time_milis":1744362526527,"terminal_uuid":"KTXvZd04BEdGGVeIN2zZdQ==","params":{"requests":[{"method":"component_nego"},{"method":"get_device_info"},{"method":"get_connect_cloud_state"}]}}'
Device 192.168.100.112 waiting 0.25 seconds to send request
Posting to http://192.168.100.112/app?token=F06F686AE43A20386E18841923095E09
192.168.100.112 multi-request-batch-1-of-1 << {'error_code': 0,
 'result': {'responses': [{'error_code': 0,
                           'method': 'component_nego',
                           'result': {'component_list': [{'id': 'device',
                                                          'ver_code': 2},
                                                         {'id': 'firmware',
                                                          'ver_code': 1},
                                                         {'id': 'quick_setup',
                                                          'ver_code': 3},
                                                         {'id': 'time',
                                                          'ver_code': 1},
                                                         {'id': 'wireless',
                                                          'ver_code': 1},
                                                         {'id': 'schedule',
                                                          'ver_code': 2},
                                                         {'id': 'countdown',
                                                          'ver_code': 2},
                                                         {'id': 'antitheft',
                                                          'ver_code': 1},
                                                         {'id': 'account',
                                                          'ver_code': 1},
                                                         {'id': 'synchronize',
                                                          'ver_code': 1},
                                                         {'id': 'sunrise_sunset',
                                                          'ver_code': 1},
                                                         {'id': 'led',
                                                          'ver_code': 1},
                                                         {'id': 'cloud_connect',
                                                          'ver_code': 1},
                                                         {'id': 'iot_cloud',
                                                          'ver_code': 1},
                                                         {'id': 'default_states',
                                                          'ver_code': 1}]}},
                          {'error_code': 0,
                           'method': 'get_device_info',
                           'result': {'avatar': 'plug',
                                      'default_states': {'state': {},
                                                         'type': 'last_states'},
                                      'device_id': 'REDACTED_DB80F24B353338FA05BB18C1C486215',
                                      'device_on': True,
                                      'fw_id': 'REDACTED_A25ABDE41405B20C6F98816',
                                      'fw_ver': '1.3.7 Build 20230711 Rel. '
                                                '61904',
                                      'has_set_location_info': True,
                                      'hw_id': 'REDACTED_5B29645B8150C392284029D',
                                      'hw_ver': '1.0.0',
                                      'ip': '192.168.100.112',
                                      'lang': 'it_IT',
                                      'latitude': 0,
                                      'location': '',
                                      'longitude': 0,
                                      'mac': '74-DA-88-00-00-00',
                                      'model': 'P100',
                                      'nickname': 'I01BU0tFRF9OQU1FIw==',
                                      'oem_id': 'REDACTED_06C60A9AEEA36A3347B6EBC',
                                      'on_time': 277,
                                      'overheated': False,
                                      'region': 'Europe/Rome',
                                      'rssi': -43,
                                      'signal_level': 3,
                                      'specs': 'EU',
                                      'ssid': 'I01BU0tFRF9TU0lEIw==',
                                      'time_diff': 60,
                                      'type': 'SMART.TAPOPLUG'}},
                          {'error_code': 0,
                           'method': 'get_connect_cloud_state',
                           'result': {'status': 0}}]}}
Device 192.168.100.112, found required cloud_connect, adding Cloud to modules.
Device 192.168.100.112, found required device, adding DeviceModule to modules.
Device 192.168.100.112, found required firmware, adding Firmware to modules.
Device 192.168.100.112, found required led, adding Led to modules.
Device 192.168.100.112, found required None, adding OverheatProtection to modules.
Device 192.168.100.112, found required time, adding Time to modules.
Querying 192.168.100.112 for modules: Time, Led
192.168.100.112 multi-request-batch-1-of-1 >> '{"method":"multipleRequest","request_time_milis":1744362526878,"terminal_uuid":"KTXvZd04BEdGGVeIN2zZdQ==","params":{"requests":[{"method":"get_device_time"},{"method":"get_led_info"}]}}'
Device 192.168.100.112 waiting 0.25 seconds to send request
Posting to http://192.168.100.112/app?token=F06F686AE43A20386E18841923095E09
192.168.100.112 multi-request-batch-1-of-1 << {'error_code': 0,
 'result': {'responses': [{'error_code': 0,
                           'method': 'get_device_time',
                           'result': {'region': 'Europe/Rome',
                                      'time_diff': 60,
                                      'timestamp': 1744362526}},
                          {'error_code': 0,
                           'method': 'get_led_info',
                           'result': {'led_rule': 'always',
                                      'led_status': True,
                                      'night_mode': {'end_time': 0,
                                                     'night_mode_type': 'unknown',
                                                     'start_time': 0,
                                                     'sunrise_offset': 0,
                                                     'sunset_offset': 0}}}]}}
Update completed 192.168.100.112: ['component_nego', 'get_device_info', 'get_connect_cloud_state', 'get_device_time', 'get_led_info']
Switching status
Using proactor: IocpProactor
[DISCOVERY] 192.168.100.112 >> {'system': {'get_sysinfo': {}}}
Waiting a total of 5 seconds for responses...
Using SmartDevice for SMART.TAPOPLUG
Finding protocol for 192.168.100.112
Finding protocol for DeviceFamily.SmartTapoPlug
Finding transport for SMART.AES
Created AES transport for 192.168.100.112
[DISCOVERY] 192.168.100.112 << {'error_code': 0,
 'result': {'device_id': 'REDACTED_c913ec3cd97a6bec2fbb1ee',
            'device_model': 'P100',
            'device_type': 'SMART.TAPOPLUG',
            'factory_default': False,
            'ip': '192.168.100.112',
            'is_support_iot_cloud': True,
            'mac': '74-DA-88-00-00-00',
            'mgt_encrypt_schm': {'encrypt_type': 'AES',
                                 'http_port': 80,
                                 'is_support_https': False,
                                 'lv': 2},
            'owner': 'REDACTED_19347acd812465188388075'}}
Initializing 192.168.100.112 of type <class 'kasa.smart.smartdevice.SmartDevice'>
192.168.100.112 >> '{"method":"set_device_info","request_time_milis":1744362529346,"terminal_uuid":"fANaLa87210rQIiTUoEHhQ==","params":{"device_on":true}}'
Will perform handshaking...
Posting to http://192.168.100.112/app
Generating keypair
Handshake request: {'method': 'handshake', 'params': {'key': '-----BEGIN PUBLIC KEY-----\nMIGfMA0GCSqGSIb3DQEBAQUAA4GNADCBiQKBgQCjxrMt5ggWEShBqY1WDUWd5Ks7CCvqOI35e4vODOhRQS+se0yA3WYdZ+BAXP2kUYkZRGavsywKc+Lj1+XdP5v++iPSqOOKkpmRF10ZYWezianjCa/x2VKud/2JnOvnfipFNPRf2be8RRQ8wzZnklA9dq6rCs1SjWKizdtefIgcMQIDAQAB\n-----END PUBLIC KEY-----\n'}}
Device responded with: {'error_code': 0, 'result': {'key': 'fmE58kjxslW5Cc0ZTCU68ch8ovIFLqo7zi5+affGaZ5w/Y2hQ03kDK+9uyEp7T5eh+uXE5uJSwLbBs7SBdfc8PyrQUPtylwvnbOri9pGoH9CN0DiRcEeSB+CYGjD4hCZezVEN6CjBncUHGy8j3ctGqyLx0UsTChHZuffJSDLhNc='}}
Handshake with 192.168.100.112 complete
Posting to http://192.168.100.112/app
192.168.100.112: logged in with provided credentials
Posting to http://192.168.100.112/app?token=78C64CC50DF517F4BFE43AE466E4ACE4
Device 192.168.100.112 received an os error, enabling sequential request delay: Server disconnected
Device 192.168.100.112 got a connection error, will retry 3 times: ('Device connection error: 192.168.100.112: Server disconnected', ServerDisconnectedError('Server disconnected'))
192.168.100.112 >> '{"method":"set_device_info","request_time_milis":1744362529479,"terminal_uuid":"fANaLa87210rQIiTUoEHhQ==","params":{"device_on":true}}'
Device 192.168.100.112 waiting 0.25 seconds to send request
Posting to http://192.168.100.112/app?token=78C64CC50DF517F4BFE43AE466E4ACE4
192.168.100.112 << {'error_code': 0}
192.168.100.112 multi-request-batch-1-of-1 >> '{"method":"multipleRequest","request_time_milis":1744362529820,"terminal_uuid":"fANaLa87210rQIiTUoEHhQ==","params":{"requests":[{"method":"component_nego"},{"method":"get_device_info"},{"method":"get_connect_cloud_state"}]}}'
Device 192.168.100.112 waiting 0.23399999999674037 seconds to send request
Posting to http://192.168.100.112/app?token=78C64CC50DF517F4BFE43AE466E4ACE4
192.168.100.112 multi-request-batch-1-of-1 << {'error_code': 0,
 'result': {'responses': [{'error_code': 0,
                           'method': 'component_nego',
                           'result': {'component_list': [{'id': 'device',
                                                          'ver_code': 2},
                                                         {'id': 'firmware',
                                                          'ver_code': 1},
                                                         {'id': 'quick_setup',
                                                          'ver_code': 3},
                                                         {'id': 'time',
                                                          'ver_code': 1},
                                                         {'id': 'wireless',
                                                          'ver_code': 1},
                                                         {'id': 'schedule',
                                                          'ver_code': 2},
                                                         {'id': 'countdown',
                                                          'ver_code': 2},
                                                         {'id': 'antitheft',
                                                          'ver_code': 1},
                                                         {'id': 'account',
                                                          'ver_code': 1},
                                                         {'id': 'synchronize',
                                                          'ver_code': 1},
                                                         {'id': 'sunrise_sunset',
                                                          'ver_code': 1},
                                                         {'id': 'led',
                                                          'ver_code': 1},
                                                         {'id': 'cloud_connect',
                                                          'ver_code': 1},
                                                         {'id': 'iot_cloud',
                                                          'ver_code': 1},
                                                         {'id': 'default_states',
                                                          'ver_code': 1}]}},
                          {'error_code': 0,
                           'method': 'get_device_info',
                           'result': {'avatar': 'plug',
                                      'default_states': {'state': {},
                                                         'type': 'last_states'},
                                      'device_id': 'REDACTED_DB80F24B353338FA05BB18C1C486215',
                                      'device_on': True,
                                      'fw_id': 'REDACTED_A25ABDE41405B20C6F98816',
                                      'fw_ver': '1.3.7 Build 20230711 Rel. '
                                                '61904',
                                      'has_set_location_info': True,
                                      'hw_id': 'REDACTED_5B29645B8150C392284029D',
                                      'hw_ver': '1.0.0',
                                      'ip': '192.168.100.112',
                                      'lang': 'it_IT',
                                      'latitude': 0,
                                      'location': '',
                                      'longitude': 0,
                                      'mac': '74-DA-88-00-00-00',
                                      'model': 'P100',
                                      'nickname': 'I01BU0tFRF9OQU1FIw==',
                                      'oem_id': 'REDACTED_06C60A9AEEA36A3347B6EBC',
                                      'on_time': 280,
                                      'overheated': False,
                                      'region': 'Europe/Rome',
                                      'rssi': -43,
                                      'signal_level': 3,
                                      'specs': 'EU',
                                      'ssid': 'I01BU0tFRF9TU0lEIw==',
                                      'time_diff': 60,
                                      'type': 'SMART.TAPOPLUG'}},
                          {'error_code': 0,
                           'method': 'get_connect_cloud_state',
                           'result': {'status': 0}}]}}
Device 192.168.100.112, found required cloud_connect, adding Cloud to modules.
Device 192.168.100.112, found required device, adding DeviceModule to modules.
Device 192.168.100.112, found required firmware, adding Firmware to modules.
Device 192.168.100.112, found required led, adding Led to modules.
Device 192.168.100.112, found required None, adding OverheatProtection to modules.
Device 192.168.100.112, found required time, adding Time to modules.
Querying 192.168.100.112 for modules: Time, Led
192.168.100.112 multi-request-batch-1-of-1 >> '{"method":"multipleRequest","request_time_milis":1744362530164,"terminal_uuid":"fANaLa87210rQIiTUoEHhQ==","params":{"requests":[{"method":"get_device_time"},{"method":"get_led_info"}]}}'
Device 192.168.100.112 waiting 0.23399999999674037 seconds to send request
Posting to http://192.168.100.112/app?token=78C64CC50DF517F4BFE43AE466E4ACE4
192.168.100.112 multi-request-batch-1-of-1 << {'error_code': 0,
 'result': {'responses': [{'error_code': 0,
                           'method': 'get_device_time',
                           'result': {'region': 'Europe/Rome',
                                      'time_diff': 60,
                                      'timestamp': 1744362530}},
                          {'error_code': 0,
                           'method': 'get_led_info',
                           'result': {'led_rule': 'always',
                                      'led_status': True,
                                      'night_mode': {'end_time': 0,
                                                     'night_mode_type': 'unknown',
                                                     'start_time': 0,
                                                     'sunrise_offset': 0,
                                                     'sunset_offset': 0}}}]}}
Update completed 192.168.100.112: ['component_nego', 'get_device_info', 'get_connect_cloud_state', 'get_device_time', 'get_led_info']
C:\Users\Davide\AppData\Local\I3Lab - Politecnico di Milano\Server SmartPlug\options.json
Discovery started...
Using proactor: IocpProactor
Listening on 127.0.0.1:7071
[DISCOVERY] 255.255.255.255 >> {'system': {'get_sysinfo': {}}}
Waiting 5 seconds for responses...
Using proactor: IocpProactor
Using SmartDevice for SMART.TAPOPLUG
Finding protocol for 192.168.100.112
Finding protocol for DeviceFamily.SmartTapoPlug
Finding transport for SMART.AES
Created AES transport for 192.168.100.112
[DISCOVERY] 192.168.100.112 << {'error_code': 0,
 'result': {'device_id': 'REDACTED_c913ec3cd97a6bec2fbb1ee',
            'device_model': 'P100',
            'device_type': 'SMART.TAPOPLUG',
            'factory_default': False,
            'ip': '192.168.100.112',
            'is_support_iot_cloud': True,
            'mac': '74-DA-88-00-00-00',
            'mgt_encrypt_schm': {'encrypt_type': 'AES',
                                 'http_port': 80,
                                 'is_support_https': False,
                                 'lv': 2},
            'owner': 'REDACTED_19347acd812465188388075'}}
Initializing 192.168.100.112 of type <class 'kasa.smart.smartdevice.SmartDevice'>
Discovery finished! Found: 1 device(s)
Discovered 1 devices
Using proactor: IocpProactor
[DISCOVERY] 192.168.100.112 >> {'system': {'get_sysinfo': {}}}
Waiting a total of 5 seconds for responses...
Using SmartDevice for SMART.TAPOPLUG
Finding protocol for 192.168.100.112
Finding protocol for DeviceFamily.SmartTapoPlug
Finding transport for SMART.AES
Created AES transport for 192.168.100.112
[DISCOVERY] 192.168.100.112 << {'error_code': 0,
 'result': {'device_id': 'REDACTED_c913ec3cd97a6bec2fbb1ee',
            'device_model': 'P100',
            'device_type': 'SMART.TAPOPLUG',
            'factory_default': False,
            'ip': '192.168.100.112',
            'is_support_iot_cloud': True,
            'mac': '74-DA-88-00-00-00',
            'mgt_encrypt_schm': {'encrypt_type': 'AES',
                                 'http_port': 80,
                                 'is_support_https': False,
                                 'lv': 2},
            'owner': 'REDACTED_19347acd812465188388075'}}
Initializing 192.168.100.112 of type <class 'kasa.smart.smartdevice.SmartDevice'>
192.168.100.112 multi-request-batch-1-of-1 >> '{"method":"multipleRequest","request_time_milis":1744362609215,"terminal_uuid":"AZYzRA/Jb3SasM9x2RKY3w==","params":{"requests":[{"method":"component_nego"},{"method":"get_device_info"},{"method":"get_connect_cloud_state"}]}}'
Will perform handshaking...
Posting to http://192.168.100.112/app
Generating keypair
Handshake request: {'method': 'handshake', 'params': {'key': '-----BEGIN PUBLIC KEY-----\nMIGfMA0GCSqGSIb3DQEBAQUAA4GNADCBiQKBgQDJj2a5lZSEZz3xl8UFRueDc7E78LDhTrxyjWOqe9oTa5sg43uPFoclRJTTWdgSCGgS+7OUbidXFGaBCtf5C9NEVv18a5QZFRS/zZMxkAcKO1Z4d73LzPdCcV0RFrxUvo8f2T9L+BG6CmCxFG7rrQoxouGaYaKGWNC/HdOnBLQ9dwIDAQAB\n-----END PUBLIC KEY-----\n'}}
Device responded with: {'error_code': 0, 'result': {'key': 'LtpBcHxBJ5M8QK7fuyUm9jK6JVad0fvIyCiEzSRseTnGhYztJCRKcdXoIPLyCQhwYCF/ds9XHpOwdrewMmiYbToZjRbxIMDZZ6X0c/qz+xDrB+9Y2rSj/T7JYX7tC5fOXwcrNi9bo9hvrzSJysa7AVV00Q7O5K2CDzZbiKHzjOQ='}}
Handshake with 192.168.100.112 complete
Posting to http://192.168.100.112/app
192.168.100.112: logged in with provided credentials
Posting to http://192.168.100.112/app?token=B422C523DE336633E333BF337D335B33
Device 192.168.100.112 received an os error, enabling sequential request delay: Server disconnected
Device 192.168.100.112 got a connection error, will retry 3 times: ('Device connection error: 192.168.100.112: Server disconnected', ServerDisconnectedError('Server disconnected'))
192.168.100.112 multi-request-batch-1-of-1 >> '{"method":"multipleRequest","request_time_milis":1744362609405,"terminal_uuid":"AZYzRA/Jb3SasM9x2RKY3w==","params":{"requests":[{"method":"component_nego"},{"method":"get_device_info"},{"method":"get_connect_cloud_state"}]}}'
Device 192.168.100.112 waiting 0.25 seconds to send request
Posting to http://192.168.100.112/app?token=B422C523DE336633E333BF337D335B33
192.168.100.112 multi-request-batch-1-of-1 << {'error_code': 0,
 'result': {'responses': [{'error_code': 0,
                           'method': 'component_nego',
                           'result': {'component_list': [{'id': 'device',
                                                          'ver_code': 2},
                                                         {'id': 'firmware',
                                                          'ver_code': 1},
                                                         {'id': 'quick_setup',
                                                          'ver_code': 3},
                                                         {'id': 'time',
                                                          'ver_code': 1},
                                                         {'id': 'wireless',
                                                          'ver_code': 1},
                                                         {'id': 'schedule',
                                                          'ver_code': 2},
                                                         {'id': 'countdown',
                                                          'ver_code': 2},
                                                         {'id': 'antitheft',
                                                          'ver_code': 1},
                                                         {'id': 'account',
                                                          'ver_code': 1},
                                                         {'id': 'synchronize',
                                                          'ver_code': 1},
                                                         {'id': 'sunrise_sunset',
                                                          'ver_code': 1},
                                                         {'id': 'led',
                                                          'ver_code': 1},
                                                         {'id': 'cloud_connect',
                                                          'ver_code': 1},
                                                         {'id': 'iot_cloud',
                                                          'ver_code': 1},
                                                         {'id': 'default_states',
                                                          'ver_code': 1}]}},
                          {'error_code': 0,
                           'method': 'get_device_info',
                           'result': {'avatar': 'plug',
                                      'default_states': {'state': {},
                                                         'type': 'last_states'},
                                      'device_id': 'REDACTED_DB80F24B353338FA05BB18C1C486215',
                                      'device_on': True,
                                      'fw_id': 'REDACTED_A25ABDE41405B20C6F98816',
                                      'fw_ver': '1.3.7 Build 20230711 Rel. '
                                                '61904',
                                      'has_set_location_info': True,
                                      'hw_id': 'REDACTED_5B29645B8150C392284029D',
                                      'hw_ver': '1.0.0',
                                      'ip': '192.168.100.112',
                                      'lang': 'it_IT',
                                      'latitude': 0,
                                      'location': '',
                                      'longitude': 0,
                                      'mac': '74-DA-88-00-00-00',
                                      'model': 'P100',
                                      'nickname': 'I01BU0tFRF9OQU1FIw==',
                                      'oem_id': 'REDACTED_06C60A9AEEA36A3347B6EBC',
                                      'on_time': 360,
                                      'overheated': False,
                                      'region': 'Europe/Rome',
                                      'rssi': -43,
                                      'signal_level': 3,
                                      'specs': 'EU',
                                      'ssid': 'I01BU0tFRF9TU0lEIw==',
                                      'time_diff': 60,
                                      'type': 'SMART.TAPOPLUG'}},
                          {'error_code': 0,
                           'method': 'get_connect_cloud_state',
                           'result': {'status': 0}}]}}
Device 192.168.100.112, found required cloud_connect, adding Cloud to modules.
Device 192.168.100.112, found required device, adding DeviceModule to modules.
Device 192.168.100.112, found required firmware, adding Firmware to modules.
Device 192.168.100.112, found required led, adding Led to modules.
Device 192.168.100.112, found required None, adding OverheatProtection to modules.
Device 192.168.100.112, found required time, adding Time to modules.
Querying 192.168.100.112 for modules: Time, Led
192.168.100.112 multi-request-batch-1-of-1 >> '{"method":"multipleRequest","request_time_milis":1744362609748,"terminal_uuid":"AZYzRA/Jb3SasM9x2RKY3w==","params":{"requests":[{"method":"get_device_time"},{"method":"get_led_info"}]}}'
Device 192.168.100.112 waiting 0.2340000000258442 seconds to send request
Posting to http://192.168.100.112/app?token=B422C523DE336633E333BF337D335B33
192.168.100.112 multi-request-batch-1-of-1 << {'error_code': 0,
 'result': {'responses': [{'error_code': 0,
                           'method': 'get_device_time',
                           'result': {'region': 'Europe/Rome',
                                      'time_diff': 60,
                                      'timestamp': 1744362609}},
                          {'error_code': 0,
                           'method': 'get_led_info',
                           'result': {'led_rule': 'always',
                                      'led_status': True,
                                      'night_mode': {'end_time': 0,
                                                     'night_mode_type': 'unknown',
                                                     'start_time': 0,
                                                     'sunrise_offset': 0,
                                                     'sunset_offset': 0}}}]}}
Update completed 192.168.100.112: ['component_nego', 'get_device_info', 'get_connect_cloud_state', 'get_device_time', 'get_led_info']
Switching status
Using proactor: IocpProactor
[DISCOVERY] 192.168.100.112 >> {'system': {'get_sysinfo': {}}}
Waiting a total of 5 seconds for responses...
Using SmartDevice for SMART.TAPOPLUG
Finding protocol for 192.168.100.112
Finding protocol for DeviceFamily.SmartTapoPlug
Finding transport for SMART.AES
Created AES transport for 192.168.100.112
[DISCOVERY] 192.168.100.112 << {'error_code': 0,
 'result': {'device_id': 'REDACTED_c913ec3cd97a6bec2fbb1ee',
            'device_model': 'P100',
            'device_type': 'SMART.TAPOPLUG',
            'factory_default': False,
            'ip': '192.168.100.112',
            'is_support_iot_cloud': True,
            'mac': '74-DA-88-00-00-00',
            'mgt_encrypt_schm': {'encrypt_type': 'AES',
                                 'http_port': 80,
                                 'is_support_https': False,
                                 'lv': 2},
            'owner': 'REDACTED_19347acd812465188388075'}}
Initializing 192.168.100.112 of type <class 'kasa.smart.smartdevice.SmartDevice'>
192.168.100.112 >> '{"method":"set_device_info","request_time_milis":1744362611786,"terminal_uuid":"iZfbBmPkSSApv86j891C0A==","params":{"device_on":true}}'
Will perform handshaking...
Posting to http://192.168.100.112/app
Generating keypair
Handshake request: {'method': 'handshake', 'params': {'key': '-----BEGIN PUBLIC KEY-----\nMIGfMA0GCSqGSIb3DQEBAQUAA4GNADCBiQKBgQDApeNKhGdwDdHzi0cVZ0h+BvBHdDUrEkOYjfKp6ULynvg4nk9tHQpdkmV65acy3pXWMMK/K6f1VWUUglpDhu2uIYiMVUain5LRzzfN3bzIVML/sOejLWq8T6VJQG3i/oqtn8IFQ//h9pCeQr2tj/DcTj20azMOHCiYkMFu2yOWlQIDAQAB\n-----END PUBLIC KEY-----\n'}}
Device responded with: {'error_code': 0, 'result': {'key': 'M8kBQ9U8Tw/3MPKLyq3ZG4UcBv2Gip3gas02Iq489jz+k7jpKv6CYg766deVuN48MnAL/8nQzFLdBFhFxpaYhnsyyQns5Se6VhLu/5FtlGYGJ6sRCSJRDg9dW0IGBoN6C2uYVTahAmWeeosHgpcys+kkDbN2Z3aMvg4k5t3dqYs='}}
Handshake with 192.168.100.112 complete
Posting to http://192.168.100.112/app
192.168.100.112: logged in with provided credentials
Posting to http://192.168.100.112/app?token=507CDA787638B33AED1A071BA00BDD0B
Device 192.168.100.112 received an os error, enabling sequential request delay: Server disconnected
Device 192.168.100.112 got a connection error, will retry 3 times: ('Device connection error: 192.168.100.112: Server disconnected', ServerDisconnectedError('Server disconnected'))
192.168.100.112 >> '{"method":"set_device_info","request_time_milis":1744362611924,"terminal_uuid":"iZfbBmPkSSApv86j891C0A==","params":{"device_on":true}}'
Device 192.168.100.112 waiting 0.25 seconds to send request
Posting to http://192.168.100.112/app?token=507CDA787638B33AED1A071BA00BDD0B
192.168.100.112 << {'error_code': 0}
192.168.100.112 multi-request-batch-1-of-1 >> '{"method":"multipleRequest","request_time_milis":1744362612247,"terminal_uuid":"iZfbBmPkSSApv86j891C0A==","params":{"requests":[{"method":"component_nego"},{"method":"get_device_info"},{"method":"get_connect_cloud_state"}]}}'
Device 192.168.100.112 waiting 0.25 seconds to send request
Posting to http://192.168.100.112/app?token=507CDA787638B33AED1A071BA00BDD0B
192.168.100.112 multi-request-batch-1-of-1 << {'error_code': 0,
 'result': {'responses': [{'error_code': 0,
                           'method': 'component_nego',
                           'result': {'component_list': [{'id': 'device',
                                                          'ver_code': 2},
                                                         {'id': 'firmware',
                                                          'ver_code': 1},
                                                         {'id': 'quick_setup',
                                                          'ver_code': 3},
                                                         {'id': 'time',
                                                          'ver_code': 1},
                                                         {'id': 'wireless',
                                                          'ver_code': 1},
                                                         {'id': 'schedule',
                                                          'ver_code': 2},
                                                         {'id': 'countdown',
                                                          'ver_code': 2},
                                                         {'id': 'antitheft',
                                                          'ver_code': 1},
                                                         {'id': 'account',
                                                          'ver_code': 1},
                                                         {'id': 'synchronize',
                                                          'ver_code': 1},
                                                         {'id': 'sunrise_sunset',
                                                          'ver_code': 1},
                                                         {'id': 'led',
                                                          'ver_code': 1},
                                                         {'id': 'cloud_connect',
                                                          'ver_code': 1},
                                                         {'id': 'iot_cloud',
                                                          'ver_code': 1},
                                                         {'id': 'default_states',
                                                          'ver_code': 1}]}},
                          {'error_code': 0,
                           'method': 'get_device_info',
                           'result': {'avatar': 'plug',
                                      'default_states': {'state': {},
                                                         'type': 'last_states'},
                                      'device_id': 'REDACTED_DB80F24B353338FA05BB18C1C486215',
                                      'device_on': True,
                                      'fw_id': 'REDACTED_A25ABDE41405B20C6F98816',
                                      'fw_ver': '1.3.7 Build 20230711 Rel. '
                                                '61904',
                                      'has_set_location_info': True,
                                      'hw_id': 'REDACTED_5B29645B8150C392284029D',
                                      'hw_ver': '1.0.0',
                                      'ip': '192.168.100.112',
                                      'lang': 'it_IT',
                                      'latitude': 0,
                                      'location': '',
                                      'longitude': 0,
                                      'mac': '74-DA-88-00-00-00',
                                      'model': 'P100',
                                      'nickname': 'I01BU0tFRF9OQU1FIw==',
                                      'oem_id': 'REDACTED_06C60A9AEEA36A3347B6EBC',
                                      'on_time': 363,
                                      'overheated': False,
                                      'region': 'Europe/Rome',
                                      'rssi': -43,
                                      'signal_level': 3,
                                      'specs': 'EU',
                                      'ssid': 'I01BU0tFRF9TU0lEIw==',
                                      'time_diff': 60,
                                      'type': 'SMART.TAPOPLUG'}},
                          {'error_code': 0,
                           'method': 'get_connect_cloud_state',
                           'result': {'status': 0}}]}}
Device 192.168.100.112, found required cloud_connect, adding Cloud to modules.
Device 192.168.100.112, found required device, adding DeviceModule to modules.
Device 192.168.100.112, found required firmware, adding Firmware to modules.
Device 192.168.100.112, found required led, adding Led to modules.
Device 192.168.100.112, found required None, adding OverheatProtection to modules.
Device 192.168.100.112, found required time, adding Time to modules.
Querying 192.168.100.112 for modules: Time, Led
192.168.100.112 multi-request-batch-1-of-1 >> '{"method":"multipleRequest","request_time_milis":1744362612587,"terminal_uuid":"iZfbBmPkSSApv86j891C0A==","params":{"requests":[{"method":"get_device_time"},{"method":"get_led_info"}]}}'
Device 192.168.100.112 waiting 0.23399999999674037 seconds to send request
Posting to http://192.168.100.112/app?token=507CDA787638B33AED1A071BA00BDD0B
192.168.100.112 multi-request-batch-1-of-1 << {'error_code': 0,
 'result': {'responses': [{'error_code': 0,
                           'method': 'get_device_time',
                           'result': {'region': 'Europe/Rome',
                                      'time_diff': 60,
                                      'timestamp': 1744362612}},
                          {'error_code': 0,
                           'method': 'get_led_info',
                           'result': {'led_rule': 'always',
                                      'led_status': True,
                                      'night_mode': {'end_time': 0,
                                                     'night_mode_type': 'unknown',
                                                     'start_time': 0,
                                                     'sunrise_offset': 0,
                                                     'sunset_offset': 0}}}]}}
Update completed 192.168.100.112: ['component_nego', 'get_device_info', 'get_connect_cloud_state', 'get_device_time', 'get_led_info']
Unclosed client session
client_session: <aiohttp.client.ClientSession object at 0x000001C753BF9FD0>
Exception in default exception handler
Traceback (most recent call last):
  File "C:\Users\Davide\AppData\Local\Programs\Python\Python312\Lib\asyncio\base_events.py", line 1847, in call_exception_handler
    self.default_exception_handler(context)
  File "C:\Users\Davide\AppData\Local\Programs\Python\Python312\Lib\asyncio\base_events.py", line 1821, in default_exception_handler
    logger.error('\n'.join(log_lines), exc_info=exc_info)
  File "C:\Users\Davide\AppData\Local\Programs\Python\Python312\Lib\logging\__init__.py", line 1568, in error
    self._log(ERROR, msg, args, **kwargs)
  File "C:\Users\Davide\AppData\Local\Programs\Python\Python312\Lib\logging\__init__.py", line 1684, in _log
    self.handle(record)
  File "C:\Users\Davide\AppData\Local\Programs\Python\Python312\Lib\logging\__init__.py", line 1700, in handle
    self.callHandlers(record)
  File "C:\Users\Davide\AppData\Local\Programs\Python\Python312\Lib\logging\__init__.py", line 1762, in callHandlers
    hdlr.handle(record)
  File "C:\Users\Davide\Desktop\ServerSmartPlug\log_manager.py", line 16, in handle
    listener(record)
  File "C:\Users\Davide\Desktop\ServerSmartPlug\gui\windows.py", line 25, in _add_console_line
    self.console_text.configure(state='normal')
  File "C:\Users\Davide\AppData\Local\Programs\Python\Python312\Lib\tkinter\__init__.py", line 1722, in configure
    return self._configure('configure', cnf, kw)
           ^^^^^^^^^^^^^^^^^^^^^^^^^^^^^^^^^^^^^
  File "C:\Users\Davide\AppData\Local\Programs\Python\Python312\Lib\tkinter\__init__.py", line 1712, in _configure
    self.tk.call(_flatten((self._w, cmd)) + self._options(cnf))
_tkinter.TclError: invalid command name ".!frame4.!frame.!text"
Unclosed connector
connections: ['deque([(<aiohttp.client_proto.ResponseHandler object at 0x000001C75538BB90>, 150811.5)])']
connector: <aiohttp.connector.TCPConnector object at 0x000001C75536DAC0>
Exception in default exception handler
Traceback (most recent call last):
  File "C:\Users\Davide\AppData\Local\Programs\Python\Python312\Lib\asyncio\base_events.py", line 1847, in call_exception_handler
    self.default_exception_handler(context)
  File "C:\Users\Davide\AppData\Local\Programs\Python\Python312\Lib\asyncio\base_events.py", line 1821, in default_exception_handler
    logger.error('\n'.join(log_lines), exc_info=exc_info)
  File "C:\Users\Davide\AppData\Local\Programs\Python\Python312\Lib\logging\__init__.py", line 1568, in error
    self._log(ERROR, msg, args, **kwargs)
  File "C:\Users\Davide\AppData\Local\Programs\Python\Python312\Lib\logging\__init__.py", line 1684, in _log
    self.handle(record)
  File "C:\Users\Davide\AppData\Local\Programs\Python\Python312\Lib\logging\__init__.py", line 1700, in handle
    self.callHandlers(record)
  File "C:\Users\Davide\AppData\Local\Programs\Python\Python312\Lib\logging\__init__.py", line 1762, in callHandlers
    hdlr.handle(record)
  File "C:\Users\Davide\Desktop\ServerSmartPlug\log_manager.py", line 16, in handle
    listener(record)
  File "C:\Users\Davide\Desktop\ServerSmartPlug\gui\windows.py", line 25, in _add_console_line
    self.console_text.configure(state='normal')
  File "C:\Users\Davide\AppData\Local\Programs\Python\Python312\Lib\tkinter\__init__.py", line 1722, in configure
    return self._configure('configure', cnf, kw)
           ^^^^^^^^^^^^^^^^^^^^^^^^^^^^^^^^^^^^^
  File "C:\Users\Davide\AppData\Local\Programs\Python\Python312\Lib\tkinter\__init__.py", line 1712, in _configure
    self.tk.call(_flatten((self._w, cmd)) + self._options(cnf))
_tkinter.TclError: invalid command name ".!frame4.!frame.!text"
Unclosed client session
client_session: <aiohttp.client.ClientSession object at 0x000001C7553C6AB0>
Exception in default exception handler
Traceback (most recent call last):
  File "C:\Users\Davide\AppData\Local\Programs\Python\Python312\Lib\asyncio\base_events.py", line 1847, in call_exception_handler
    self.default_exception_handler(context)
  File "C:\Users\Davide\AppData\Local\Programs\Python\Python312\Lib\asyncio\base_events.py", line 1821, in default_exception_handler
    logger.error('\n'.join(log_lines), exc_info=exc_info)
  File "C:\Users\Davide\AppData\Local\Programs\Python\Python312\Lib\logging\__init__.py", line 1568, in error
    self._log(ERROR, msg, args, **kwargs)
  File "C:\Users\Davide\AppData\Local\Programs\Python\Python312\Lib\logging\__init__.py", line 1684, in _log
    self.handle(record)
  File "C:\Users\Davide\AppData\Local\Programs\Python\Python312\Lib\logging\__init__.py", line 1700, in handle
    self.callHandlers(record)
  File "C:\Users\Davide\AppData\Local\Programs\Python\Python312\Lib\logging\__init__.py", line 1762, in callHandlers
    hdlr.handle(record)
  File "C:\Users\Davide\Desktop\ServerSmartPlug\log_manager.py", line 16, in handle
    listener(record)
  File "C:\Users\Davide\Desktop\ServerSmartPlug\gui\windows.py", line 25, in _add_console_line
    self.console_text.configure(state='normal')
  File "C:\Users\Davide\AppData\Local\Programs\Python\Python312\Lib\tkinter\__init__.py", line 1722, in configure
    return self._configure('configure', cnf, kw)
           ^^^^^^^^^^^^^^^^^^^^^^^^^^^^^^^^^^^^^
  File "C:\Users\Davide\AppData\Local\Programs\Python\Python312\Lib\tkinter\__init__.py", line 1712, in _configure
    self.tk.call(_flatten((self._w, cmd)) + self._options(cnf))
_tkinter.TclError: invalid command name ".!frame4.!frame.!text"
Unclosed connector
connections: ['deque([(<aiohttp.client_proto.ResponseHandler object at 0x000001C755584110>, 150814.312)])']
connector: <aiohttp.connector.TCPConnector object at 0x000001C7553C6BA0>
Exception in default exception handler
Traceback (most recent call last):
  File "C:\Users\Davide\AppData\Local\Programs\Python\Python312\Lib\asyncio\base_events.py", line 1847, in call_exception_handler
    self.default_exception_handler(context)
  File "C:\Users\Davide\AppData\Local\Programs\Python\Python312\Lib\asyncio\base_events.py", line 1821, in default_exception_handler
    logger.error('\n'.join(log_lines), exc_info=exc_info)
  File "C:\Users\Davide\AppData\Local\Programs\Python\Python312\Lib\logging\__init__.py", line 1568, in error
    self._log(ERROR, msg, args, **kwargs)
  File "C:\Users\Davide\AppData\Local\Programs\Python\Python312\Lib\logging\__init__.py", line 1684, in _log
    self.handle(record)
  File "C:\Users\Davide\AppData\Local\Programs\Python\Python312\Lib\logging\__init__.py", line 1700, in handle
    self.callHandlers(record)
  File "C:\Users\Davide\AppData\Local\Programs\Python\Python312\Lib\logging\__init__.py", line 1762, in callHandlers
    hdlr.handle(record)
  File "C:\Users\Davide\Desktop\ServerSmartPlug\log_manager.py", line 16, in handle
    listener(record)
  File "C:\Users\Davide\Desktop\ServerSmartPlug\gui\windows.py", line 25, in _add_console_line
    self.console_text.configure(state='normal')
  File "C:\Users\Davide\AppData\Local\Programs\Python\Python312\Lib\tkinter\__init__.py", line 1722, in configure
    return self._configure('configure', cnf, kw)
           ^^^^^^^^^^^^^^^^^^^^^^^^^^^^^^^^^^^^^
  File "C:\Users\Davide\AppData\Local\Programs\Python\Python312\Lib\tkinter\__init__.py", line 1712, in _configure
    self.tk.call(_flatten((self._w, cmd)) + self._options(cnf))
_tkinter.TclError: invalid command name ".!frame4.!frame.!text"
C:\Users\Davide\AppData\Local\I3Lab - Politecnico di Milano\Server SmartPlug\options.json
Discovery started...
Using proactor: IocpProactor
Listening on 127.0.0.1:7071
[DISCOVERY] 255.255.255.255 >> {'system': {'get_sysinfo': {}}}
Waiting 5 seconds for responses...
Using proactor: IocpProactor
Using SmartDevice for SMART.TAPOPLUG
Finding protocol for 192.168.100.112
Finding protocol for DeviceFamily.SmartTapoPlug
Finding transport for SMART.AES
Created AES transport for 192.168.100.112
[DISCOVERY] 192.168.100.112 << {'error_code': 0,
 'result': {'device_id': 'REDACTED_c913ec3cd97a6bec2fbb1ee',
            'device_model': 'P100',
            'device_type': 'SMART.TAPOPLUG',
            'factory_default': False,
            'ip': '192.168.100.112',
            'is_support_iot_cloud': True,
            'mac': '74-DA-88-00-00-00',
            'mgt_encrypt_schm': {'encrypt_type': 'AES',
                                 'http_port': 80,
                                 'is_support_https': False,
                                 'lv': 2},
            'owner': 'REDACTED_19347acd812465188388075'}}
Initializing 192.168.100.112 of type <class 'kasa.smart.smartdevice.SmartDevice'>
Discovery finished! Found: 1 device(s)
Discovered 1 devices
Using proactor: IocpProactor
[DISCOVERY] 192.168.100.112 >> {'system': {'get_sysinfo': {}}}
Waiting a total of 5 seconds for responses...
Using SmartDevice for SMART.TAPOPLUG
Finding protocol for 192.168.100.112
Finding protocol for DeviceFamily.SmartTapoPlug
Finding transport for SMART.AES
Created AES transport for 192.168.100.112
[DISCOVERY] 192.168.100.112 << {'error_code': 0,
 'result': {'device_id': 'REDACTED_c913ec3cd97a6bec2fbb1ee',
            'device_model': 'P100',
            'device_type': 'SMART.TAPOPLUG',
            'factory_default': False,
            'ip': '192.168.100.112',
            'is_support_iot_cloud': True,
            'mac': '74-DA-88-00-00-00',
            'mgt_encrypt_schm': {'encrypt_type': 'AES',
                                 'http_port': 80,
                                 'is_support_https': False,
                                 'lv': 2},
            'owner': 'REDACTED_19347acd812465188388075'}}
Initializing 192.168.100.112 of type <class 'kasa.smart.smartdevice.SmartDevice'>
192.168.100.112 multi-request-batch-1-of-1 >> '{"method":"multipleRequest","request_time_milis":1744362636944,"terminal_uuid":"eEY9Qu19tXvMI/9Xk7Z8ow==","params":{"requests":[{"method":"component_nego"},{"method":"get_device_info"},{"method":"get_connect_cloud_state"}]}}'
Will perform handshaking...
Posting to http://192.168.100.112/app
Generating keypair
Handshake request: {'method': 'handshake', 'params': {'key': '-----BEGIN PUBLIC KEY-----\nMIGfMA0GCSqGSIb3DQEBAQUAA4GNADCBiQKBgQDv502QTj8jeoG/90a4rT+Hgae4poCD+7WkAmuo+Ncb3RKlRuUm6yy1DtAWXjz7R5I2skZPlaIY0G7kQtljTf8WpBC5Et1BWUTcxdR2gjH3LLB0yexlZCtjEVlIbWn0ixsV4E7UTj+IQTRUh1wn6szc6Vph9bR5lbrPqerQv6T4LwIDAQAB\n-----END PUBLIC KEY-----\n'}}
Device responded with: {'error_code': 0, 'result': {'key': 'H1gOKidPvE6iP5MxWH7+My6A4Iq1/LjziUlnl9B24d4AQBQkdAIOm/V4pzPJhiNPg9Y2TI48YTgd98eoRAU+clNiqeEQ9WvOVqm7WGzzGH2TeFH2L/KFfHZgcQCOuIZ5w8P3XwRPbR1G3V4pXypBXDpHgwXin5ngazliKlRwYhQ='}}
Handshake with 192.168.100.112 complete
Posting to http://192.168.100.112/app
192.168.100.112: logged in with provided credentials
Posting to http://192.168.100.112/app?token=B7789D7C3C3C213EF91E7F1F130FD00F
Device 192.168.100.112 received an os error, enabling sequential request delay: Server disconnected
Device 192.168.100.112 got a connection error, will retry 3 times: ('Device connection error: 192.168.100.112: Server disconnected', ServerDisconnectedError('Server disconnected'))
192.168.100.112 multi-request-batch-1-of-1 >> '{"method":"multipleRequest","request_time_milis":1744362637106,"terminal_uuid":"eEY9Qu19tXvMI/9Xk7Z8ow==","params":{"requests":[{"method":"component_nego"},{"method":"get_device_info"},{"method":"get_connect_cloud_state"}]}}'
Device 192.168.100.112 waiting 0.25 seconds to send request
Posting to http://192.168.100.112/app?token=B7789D7C3C3C213EF91E7F1F130FD00F
192.168.100.112 multi-request-batch-1-of-1 << {'error_code': 0,
 'result': {'responses': [{'error_code': 0,
                           'method': 'component_nego',
                           'result': {'component_list': [{'id': 'device',
                                                          'ver_code': 2},
                                                         {'id': 'firmware',
                                                          'ver_code': 1},
                                                         {'id': 'quick_setup',
                                                          'ver_code': 3},
                                                         {'id': 'time',
                                                          'ver_code': 1},
                                                         {'id': 'wireless',
                                                          'ver_code': 1},
                                                         {'id': 'schedule',
                                                          'ver_code': 2},
                                                         {'id': 'countdown',
                                                          'ver_code': 2},
                                                         {'id': 'antitheft',
                                                          'ver_code': 1},
                                                         {'id': 'account',
                                                          'ver_code': 1},
                                                         {'id': 'synchronize',
                                                          'ver_code': 1},
                                                         {'id': 'sunrise_sunset',
                                                          'ver_code': 1},
                                                         {'id': 'led',
                                                          'ver_code': 1},
                                                         {'id': 'cloud_connect',
                                                          'ver_code': 1},
                                                         {'id': 'iot_cloud',
                                                          'ver_code': 1},
                                                         {'id': 'default_states',
                                                          'ver_code': 1}]}},
                          {'error_code': 0,
                           'method': 'get_device_info',
                           'result': {'avatar': 'plug',
                                      'default_states': {'state': {},
                                                         'type': 'last_states'},
                                      'device_id': 'REDACTED_DB80F24B353338FA05BB18C1C486215',
                                      'device_on': True,
                                      'fw_id': 'REDACTED_A25ABDE41405B20C6F98816',
                                      'fw_ver': '1.3.7 Build 20230711 Rel. '
                                                '61904',
                                      'has_set_location_info': True,
                                      'hw_id': 'REDACTED_5B29645B8150C392284029D',
                                      'hw_ver': '1.0.0',
                                      'ip': '192.168.100.112',
                                      'lang': 'it_IT',
                                      'latitude': 0,
                                      'location': '',
                                      'longitude': 0,
                                      'mac': '74-DA-88-00-00-00',
                                      'model': 'P100',
                                      'nickname': 'I01BU0tFRF9OQU1FIw==',
                                      'oem_id': 'REDACTED_06C60A9AEEA36A3347B6EBC',
                                      'on_time': 388,
                                      'overheated': False,
                                      'region': 'Europe/Rome',
                                      'rssi': -43,
                                      'signal_level': 3,
                                      'specs': 'EU',
                                      'ssid': 'I01BU0tFRF9TU0lEIw==',
                                      'time_diff': 60,
                                      'type': 'SMART.TAPOPLUG'}},
                          {'error_code': 0,
                           'method': 'get_connect_cloud_state',
                           'result': {'status': 0}}]}}
Device 192.168.100.112, found required cloud_connect, adding Cloud to modules.
Device 192.168.100.112, found required device, adding DeviceModule to modules.
Device 192.168.100.112, found required firmware, adding Firmware to modules.
Device 192.168.100.112, found required led, adding Led to modules.
Device 192.168.100.112, found required None, adding OverheatProtection to modules.
Device 192.168.100.112, found required time, adding Time to modules.
Querying 192.168.100.112 for modules: Time, Led
192.168.100.112 multi-request-batch-1-of-1 >> '{"method":"multipleRequest","request_time_milis":1744362637457,"terminal_uuid":"eEY9Qu19tXvMI/9Xk7Z8ow==","params":{"requests":[{"method":"get_device_time"},{"method":"get_led_info"}]}}'
Device 192.168.100.112 waiting 0.25 seconds to send request
Posting to http://192.168.100.112/app?token=B7789D7C3C3C213EF91E7F1F130FD00F
192.168.100.112 multi-request-batch-1-of-1 << {'error_code': 0,
 'result': {'responses': [{'error_code': 0,
                           'method': 'get_device_time',
                           'result': {'region': 'Europe/Rome',
                                      'time_diff': 60,
                                      'timestamp': 1744362637}},
                          {'error_code': 0,
                           'method': 'get_led_info',
                           'result': {'led_rule': 'always',
                                      'led_status': True,
                                      'night_mode': {'end_time': 0,
                                                     'night_mode_type': 'unknown',
                                                     'start_time': 0,
                                                     'sunrise_offset': 0,
                                                     'sunset_offset': 0}}}]}}
Update completed 192.168.100.112: ['component_nego', 'get_device_info', 'get_connect_cloud_state', 'get_device_time', 'get_led_info']
Switching status
Using proactor: IocpProactor
[DISCOVERY] 192.168.100.112 >> {'system': {'get_sysinfo': {}}}
Waiting a total of 5 seconds for responses...
Using SmartDevice for SMART.TAPOPLUG
Finding protocol for 192.168.100.112
Finding protocol for DeviceFamily.SmartTapoPlug
Finding transport for SMART.AES
Created AES transport for 192.168.100.112
[DISCOVERY] 192.168.100.112 << {'error_code': 0,
 'result': {'device_id': 'REDACTED_c913ec3cd97a6bec2fbb1ee',
            'device_model': 'P100',
            'device_type': 'SMART.TAPOPLUG',
            'factory_default': False,
            'ip': '192.168.100.112',
            'is_support_iot_cloud': True,
            'mac': '74-DA-88-00-00-00',
            'mgt_encrypt_schm': {'encrypt_type': 'AES',
                                 'http_port': 80,
                                 'is_support_https': False,
                                 'lv': 2},
            'owner': 'REDACTED_19347acd812465188388075'}}
Initializing 192.168.100.112 of type <class 'kasa.smart.smartdevice.SmartDevice'>
192.168.100.112 >> '{"method":"set_device_info","request_time_milis":1744362661994,"terminal_uuid":"/OqMFkRC4GbmCCn0vGUrUA==","params":{"device_on":true}}'
Will perform handshaking...
Posting to http://192.168.100.112/app
Generating keypair
Handshake request: {'method': 'handshake', 'params': {'key': '-----BEGIN PUBLIC KEY-----\nMIGfMA0GCSqGSIb3DQEBAQUAA4GNADCBiQKBgQCu/Dd2jZ6r64zkiE6FNQL63Dx/JPitUjs7D4Z/j7drbod4hBbNmi+8Gj5etx5IhgGlPv+zjotQrA9BkV/Qi3PvePpwsd7OULWoZN3Pp+j83mAGvQYgS18rugUm2z4Nh2C/c1SqxC+VidlMzs1BnaK9iJ2lkPrFd0ma+dnb71ZI/QIDAQAB\n-----END PUBLIC KEY-----\n'}}
Device responded with: {'error_code': 0, 'result': {'key': 'WuND35OifIQ81S0o8iXclylC7+4GGEbep4lRkRFHBxbTp9Uozp9/Zc9b1v5yb7xJeswqM5cwnnkFLYuzpJo8T5oS1fiBmvHzX1r0YcQrFcZCfX00e8KWc05OY50gZ/KOjOm+AbGmj3V/quAQwD2koTuXxyVjkUkcD7LwXSM64xc='}}
Handshake with 192.168.100.112 complete
Posting to http://192.168.100.112/app
192.168.100.112: logged in with provided credentials
Posting to http://192.168.100.112/app?token=8E95149FB83F753AAB6A4D682248D949
Device 192.168.100.112 received an os error, enabling sequential request delay: Server disconnected
Device 192.168.100.112 got a connection error, will retry 3 times: ('Device connection error: 192.168.100.112: Server disconnected', ServerDisconnectedError('Server disconnected'))
192.168.100.112 >> '{"method":"set_device_info","request_time_milis":1744362662182,"terminal_uuid":"/OqMFkRC4GbmCCn0vGUrUA==","params":{"device_on":true}}'
Device 192.168.100.112 waiting 0.25 seconds to send request
Posting to http://192.168.100.112/app?token=8E95149FB83F753AAB6A4D682248D949
192.168.100.112 << {'error_code': 0}
192.168.100.112 multi-request-batch-1-of-1 >> '{"method":"multipleRequest","request_time_milis":1744362662510,"terminal_uuid":"/OqMFkRC4GbmCCn0vGUrUA==","params":{"requests":[{"method":"component_nego"},{"method":"get_device_info"},{"method":"get_connect_cloud_state"}]}}'
Device 192.168.100.112 waiting 0.25 seconds to send request
Posting to http://192.168.100.112/app?token=8E95149FB83F753AAB6A4D682248D949
192.168.100.112 multi-request-batch-1-of-1 << {'error_code': 0,
 'result': {'responses': [{'error_code': 0,
                           'method': 'component_nego',
                           'result': {'component_list': [{'id': 'device',
                                                          'ver_code': 2},
                                                         {'id': 'firmware',
                                                          'ver_code': 1},
                                                         {'id': 'quick_setup',
                                                          'ver_code': 3},
                                                         {'id': 'time',
                                                          'ver_code': 1},
                                                         {'id': 'wireless',
                                                          'ver_code': 1},
                                                         {'id': 'schedule',
                                                          'ver_code': 2},
                                                         {'id': 'countdown',
                                                          'ver_code': 2},
                                                         {'id': 'antitheft',
                                                          'ver_code': 1},
                                                         {'id': 'account',
                                                          'ver_code': 1},
                                                         {'id': 'synchronize',
                                                          'ver_code': 1},
                                                         {'id': 'sunrise_sunset',
                                                          'ver_code': 1},
                                                         {'id': 'led',
                                                          'ver_code': 1},
                                                         {'id': 'cloud_connect',
                                                          'ver_code': 1},
                                                         {'id': 'iot_cloud',
                                                          'ver_code': 1},
                                                         {'id': 'default_states',
                                                          'ver_code': 1}]}},
                          {'error_code': 0,
                           'method': 'get_device_info',
                           'result': {'avatar': 'plug',
                                      'default_states': {'state': {},
                                                         'type': 'last_states'},
                                      'device_id': 'REDACTED_DB80F24B353338FA05BB18C1C486215',
                                      'device_on': True,
                                      'fw_id': 'REDACTED_A25ABDE41405B20C6F98816',
                                      'fw_ver': '1.3.7 Build 20230711 Rel. '
                                                '61904',
                                      'has_set_location_info': True,
                                      'hw_id': 'REDACTED_5B29645B8150C392284029D',
                                      'hw_ver': '1.0.0',
                                      'ip': '192.168.100.112',
                                      'lang': 'it_IT',
                                      'latitude': 0,
                                      'location': '',
                                      'longitude': 0,
                                      'mac': '74-DA-88-00-00-00',
                                      'model': 'P100',
                                      'nickname': 'I01BU0tFRF9OQU1FIw==',
                                      'oem_id': 'REDACTED_06C60A9AEEA36A3347B6EBC',
                                      'on_time': 413,
                                      'overheated': False,
                                      'region': 'Europe/Rome',
                                      'rssi': -43,
                                      'signal_level': 3,
                                      'specs': 'EU',
                                      'ssid': 'I01BU0tFRF9TU0lEIw==',
                                      'time_diff': 60,
                                      'type': 'SMART.TAPOPLUG'}},
                          {'error_code': 0,
                           'method': 'get_connect_cloud_state',
                           'result': {'status': 0}}]}}
Device 192.168.100.112, found required cloud_connect, adding Cloud to modules.
Device 192.168.100.112, found required device, adding DeviceModule to modules.
Device 192.168.100.112, found required firmware, adding Firmware to modules.
Device 192.168.100.112, found required led, adding Led to modules.
Device 192.168.100.112, found required None, adding OverheatProtection to modules.
Device 192.168.100.112, found required time, adding Time to modules.
Querying 192.168.100.112 for modules: Time, Led
192.168.100.112 multi-request-batch-1-of-1 >> '{"method":"multipleRequest","request_time_milis":1744362662875,"terminal_uuid":"/OqMFkRC4GbmCCn0vGUrUA==","params":{"requests":[{"method":"get_device_time"},{"method":"get_led_info"}]}}'
Device 192.168.100.112 waiting 0.2340000000258442 seconds to send request
Posting to http://192.168.100.112/app?token=8E95149FB83F753AAB6A4D682248D949
192.168.100.112 multi-request-batch-1-of-1 << {'error_code': 0,
 'result': {'responses': [{'error_code': 0,
                           'method': 'get_device_time',
                           'result': {'region': 'Europe/Rome',
                                      'time_diff': 60,
                                      'timestamp': 1744362662}},
                          {'error_code': 0,
                           'method': 'get_led_info',
                           'result': {'led_rule': 'always',
                                      'led_status': True,
                                      'night_mode': {'end_time': 0,
                                                     'night_mode_type': 'unknown',
                                                     'start_time': 0,
                                                     'sunrise_offset': 0,
                                                     'sunset_offset': 0}}}]}}
Update completed 192.168.100.112: ['component_nego', 'get_device_info', 'get_connect_cloud_state', 'get_device_time', 'get_led_info']
Switching status
Using proactor: IocpProactor
[DISCOVERY] 192.168.100.112 >> {'system': {'get_sysinfo': {}}}
Waiting a total of 5 seconds for responses...
Using SmartDevice for SMART.TAPOPLUG
Finding protocol for 192.168.100.112
Finding protocol for DeviceFamily.SmartTapoPlug
Finding transport for SMART.AES
Created AES transport for 192.168.100.112
[DISCOVERY] 192.168.100.112 << {'error_code': 0,
 'result': {'device_id': 'REDACTED_c913ec3cd97a6bec2fbb1ee',
            'device_model': 'P100',
            'device_type': 'SMART.TAPOPLUG',
            'factory_default': False,
            'ip': '192.168.100.112',
            'is_support_iot_cloud': True,
            'mac': '74-DA-88-00-00-00',
            'mgt_encrypt_schm': {'encrypt_type': 'AES',
                                 'http_port': 80,
                                 'is_support_https': False,
                                 'lv': 2},
            'owner': 'REDACTED_19347acd812465188388075'}}
Initializing 192.168.100.112 of type <class 'kasa.smart.smartdevice.SmartDevice'>
192.168.100.112 >> '{"method":"set_device_info","request_time_milis":1744362676643,"terminal_uuid":"FdETq1qZNqN/pXtImvaK9w==","params":{"device_on":true}}'
Will perform handshaking...
Posting to http://192.168.100.112/app
Unclosed client session
client_session: <aiohttp.client.ClientSession object at 0x000002D55A43CF50>
Unclosed connector
connections: ['deque([(<aiohttp.client_proto.ResponseHandler object at 0x000002D55A444110>, 150864.64)])']
connector: <aiohttp.connector.TCPConnector object at 0x000002D55A43CFE0>
Generating keypair
Handshake request: {'method': 'handshake', 'params': {'key': '-----BEGIN PUBLIC KEY-----\nMIGfMA0GCSqGSIb3DQEBAQUAA4GNADCBiQKBgQDGkY/O5uIaIY4JAkhnC9bayZT8gpLp7Gx1JP7/IUIq1Aq7i3F6vpkLYYJiiXxpE1t0OqiyD39d2jqpx/SCal9Acg6JVUTkvip5d3MryinH2N1VjG9S1/U/qVtmb2xADtJ7tN8GJRj7FFofN9evxg9y2hL4jtRuStdAM5y78Z0b3QIDAQAB\n-----END PUBLIC KEY-----\n'}}
Device responded with: {'error_code': 0, 'result': {'key': 'J5f3ZxAcHOXO+l9b6ElK0oQgoEBjNM+hwzMsxwBUu4GYqnFTQ4ycJQ27riQk9ESLObRCjWLpRDJ4XkCBl0bbJ9bPttWXOCNeDeZp8JpZkRkq5URqElDVegXHHtwCMiTDNawyTLl1siOQ55to+oDxU46bsGxrnOeFhLvm4tL50AU='}}
Handshake with 192.168.100.112 complete
Posting to http://192.168.100.112/app
192.168.100.112: logged in with provided credentials
Posting to http://192.168.100.112/app?token=8CA204A680E6C4E48EC424C589D554D5
Device 192.168.100.112 received an os error, enabling sequential request delay: Server disconnected
Device 192.168.100.112 got a connection error, will retry 3 times: ('Device connection error: 192.168.100.112: Server disconnected', ServerDisconnectedError('Server disconnected'))
192.168.100.112 >> '{"method":"set_device_info","request_time_milis":1744362676793,"terminal_uuid":"FdETq1qZNqN/pXtImvaK9w==","params":{"device_on":true}}'
Device 192.168.100.112 waiting 0.25 seconds to send request
Posting to http://192.168.100.112/app?token=8CA204A680E6C4E48EC424C589D554D5
192.168.100.112 << {'error_code': 0}
192.168.100.112 multi-request-batch-1-of-1 >> '{"method":"multipleRequest","request_time_milis":1744362677148,"terminal_uuid":"FdETq1qZNqN/pXtImvaK9w==","params":{"requests":[{"method":"component_nego"},{"method":"get_device_info"},{"method":"get_connect_cloud_state"}]}}'
Device 192.168.100.112 waiting 0.23399999999674037 seconds to send request
Posting to http://192.168.100.112/app?token=8CA204A680E6C4E48EC424C589D554D5
192.168.100.112 multi-request-batch-1-of-1 << {'error_code': 0,
 'result': {'responses': [{'error_code': 0,
                           'method': 'component_nego',
                           'result': {'component_list': [{'id': 'device',
                                                          'ver_code': 2},
                                                         {'id': 'firmware',
                                                          'ver_code': 1},
                                                         {'id': 'quick_setup',
                                                          'ver_code': 3},
                                                         {'id': 'time',
                                                          'ver_code': 1},
                                                         {'id': 'wireless',
                                                          'ver_code': 1},
                                                         {'id': 'schedule',
                                                          'ver_code': 2},
                                                         {'id': 'countdown',
                                                          'ver_code': 2},
                                                         {'id': 'antitheft',
                                                          'ver_code': 1},
                                                         {'id': 'account',
                                                          'ver_code': 1},
                                                         {'id': 'synchronize',
                                                          'ver_code': 1},
                                                         {'id': 'sunrise_sunset',
                                                          'ver_code': 1},
                                                         {'id': 'led',
                                                          'ver_code': 1},
                                                         {'id': 'cloud_connect',
                                                          'ver_code': 1},
                                                         {'id': 'iot_cloud',
                                                          'ver_code': 1},
                                                         {'id': 'default_states',
                                                          'ver_code': 1}]}},
                          {'error_code': 0,
                           'method': 'get_device_info',
                           'result': {'avatar': 'plug',
                                      'default_states': {'state': {},
                                                         'type': 'last_states'},
                                      'device_id': 'REDACTED_DB80F24B353338FA05BB18C1C486215',
                                      'device_on': True,
                                      'fw_id': 'REDACTED_A25ABDE41405B20C6F98816',
                                      'fw_ver': '1.3.7 Build 20230711 Rel. '
                                                '61904',
                                      'has_set_location_info': True,
                                      'hw_id': 'REDACTED_5B29645B8150C392284029D',
                                      'hw_ver': '1.0.0',
                                      'ip': '192.168.100.112',
                                      'lang': 'it_IT',
                                      'latitude': 0,
                                      'location': '',
                                      'longitude': 0,
                                      'mac': '74-DA-88-00-00-00',
                                      'model': 'P100',
                                      'nickname': 'I01BU0tFRF9OQU1FIw==',
                                      'oem_id': 'REDACTED_06C60A9AEEA36A3347B6EBC',
                                      'on_time': 428,
                                      'overheated': False,
                                      'region': 'Europe/Rome',
                                      'rssi': -43,
                                      'signal_level': 3,
                                      'specs': 'EU',
                                      'ssid': 'I01BU0tFRF9TU0lEIw==',
                                      'time_diff': 60,
                                      'type': 'SMART.TAPOPLUG'}},
                          {'error_code': 0,
                           'method': 'get_connect_cloud_state',
                           'result': {'status': 0}}]}}
Device 192.168.100.112, found required cloud_connect, adding Cloud to modules.
Device 192.168.100.112, found required device, adding DeviceModule to modules.
Device 192.168.100.112, found required firmware, adding Firmware to modules.
Device 192.168.100.112, found required led, adding Led to modules.
Device 192.168.100.112, found required None, adding OverheatProtection to modules.
Device 192.168.100.112, found required time, adding Time to modules.
Querying 192.168.100.112 for modules: Time, Led
192.168.100.112 multi-request-batch-1-of-1 >> '{"method":"multipleRequest","request_time_milis":1744362677502,"terminal_uuid":"FdETq1qZNqN/pXtImvaK9w==","params":{"requests":[{"method":"get_device_time"},{"method":"get_led_info"}]}}'
Device 192.168.100.112 waiting 0.21900000001187436 seconds to send request
Posting to http://192.168.100.112/app?token=8CA204A680E6C4E48EC424C589D554D5
192.168.100.112 multi-request-batch-1-of-1 << {'error_code': 0,
 'result': {'responses': [{'error_code': 0,
                           'method': 'get_device_time',
                           'result': {'region': 'Europe/Rome',
                                      'time_diff': 60,
                                      'timestamp': 1744362677}},
                          {'error_code': 0,
                           'method': 'get_led_info',
                           'result': {'led_rule': 'always',
                                      'led_status': True,
                                      'night_mode': {'end_time': 0,
                                                     'night_mode_type': 'unknown',
                                                     'start_time': 0,
                                                     'sunrise_offset': 0,
                                                     'sunset_offset': 0}}}]}}
Update completed 192.168.100.112: ['component_nego', 'get_device_info', 'get_connect_cloud_state', 'get_device_time', 'get_led_info']
Unclosed client session
client_session: <aiohttp.client.ClientSession object at 0x000002D559A7D730>
Exception in default exception handler
Traceback (most recent call last):
  File "C:\Users\Davide\AppData\Local\Programs\Python\Python312\Lib\asyncio\base_events.py", line 1847, in call_exception_handler
    self.default_exception_handler(context)
  File "C:\Users\Davide\AppData\Local\Programs\Python\Python312\Lib\asyncio\base_events.py", line 1821, in default_exception_handler
    logger.error('\n'.join(log_lines), exc_info=exc_info)
  File "C:\Users\Davide\AppData\Local\Programs\Python\Python312\Lib\logging\__init__.py", line 1568, in error
    self._log(ERROR, msg, args, **kwargs)
  File "C:\Users\Davide\AppData\Local\Programs\Python\Python312\Lib\logging\__init__.py", line 1684, in _log
    self.handle(record)
  File "C:\Users\Davide\AppData\Local\Programs\Python\Python312\Lib\logging\__init__.py", line 1700, in handle
    self.callHandlers(record)
  File "C:\Users\Davide\AppData\Local\Programs\Python\Python312\Lib\logging\__init__.py", line 1762, in callHandlers
    hdlr.handle(record)
  File "C:\Users\Davide\Desktop\ServerSmartPlug\log_manager.py", line 16, in handle
    listener(record)
  File "C:\Users\Davide\Desktop\ServerSmartPlug\gui\windows.py", line 25, in _add_console_line
    self.console_text.configure(state='normal')
  File "C:\Users\Davide\AppData\Local\Programs\Python\Python312\Lib\tkinter\__init__.py", line 1722, in configure
    return self._configure('configure', cnf, kw)
           ^^^^^^^^^^^^^^^^^^^^^^^^^^^^^^^^^^^^^
  File "C:\Users\Davide\AppData\Local\Programs\Python\Python312\Lib\tkinter\__init__.py", line 1712, in _configure
    self.tk.call(_flatten((self._w, cmd)) + self._options(cnf))
_tkinter.TclError: invalid command name ".!frame4.!frame.!text"
Unclosed connector
connections: ['deque([(<aiohttp.client_proto.ResponseHandler object at 0x000002D559A9BAD0>, 150839.218)])']
connector: <aiohttp.connector.TCPConnector object at 0x000002D559A7D7F0>
Exception in default exception handler
Traceback (most recent call last):
  File "C:\Users\Davide\AppData\Local\Programs\Python\Python312\Lib\asyncio\base_events.py", line 1847, in call_exception_handler
    self.default_exception_handler(context)
  File "C:\Users\Davide\AppData\Local\Programs\Python\Python312\Lib\asyncio\base_events.py", line 1821, in default_exception_handler
    logger.error('\n'.join(log_lines), exc_info=exc_info)
  File "C:\Users\Davide\AppData\Local\Programs\Python\Python312\Lib\logging\__init__.py", line 1568, in error
    self._log(ERROR, msg, args, **kwargs)
  File "C:\Users\Davide\AppData\Local\Programs\Python\Python312\Lib\logging\__init__.py", line 1684, in _log
    self.handle(record)
  File "C:\Users\Davide\AppData\Local\Programs\Python\Python312\Lib\logging\__init__.py", line 1700, in handle
    self.callHandlers(record)
  File "C:\Users\Davide\AppData\Local\Programs\Python\Python312\Lib\logging\__init__.py", line 1762, in callHandlers
    hdlr.handle(record)
  File "C:\Users\Davide\Desktop\ServerSmartPlug\log_manager.py", line 16, in handle
    listener(record)
  File "C:\Users\Davide\Desktop\ServerSmartPlug\gui\windows.py", line 25, in _add_console_line
    self.console_text.configure(state='normal')
  File "C:\Users\Davide\AppData\Local\Programs\Python\Python312\Lib\tkinter\__init__.py", line 1722, in configure
    return self._configure('configure', cnf, kw)
           ^^^^^^^^^^^^^^^^^^^^^^^^^^^^^^^^^^^^^
  File "C:\Users\Davide\AppData\Local\Programs\Python\Python312\Lib\tkinter\__init__.py", line 1712, in _configure
    self.tk.call(_flatten((self._w, cmd)) + self._options(cnf))
_tkinter.TclError: invalid command name ".!frame4.!frame.!text"
Unclosed client session
client_session: <aiohttp.client.ClientSession object at 0x000002D55A43DE50>
Exception in default exception handler
Traceback (most recent call last):
  File "C:\Users\Davide\AppData\Local\Programs\Python\Python312\Lib\asyncio\base_events.py", line 1847, in call_exception_handler
    self.default_exception_handler(context)
  File "C:\Users\Davide\AppData\Local\Programs\Python\Python312\Lib\asyncio\base_events.py", line 1821, in default_exception_handler
    logger.error('\n'.join(log_lines), exc_info=exc_info)
  File "C:\Users\Davide\AppData\Local\Programs\Python\Python312\Lib\logging\__init__.py", line 1568, in error
    self._log(ERROR, msg, args, **kwargs)
  File "C:\Users\Davide\AppData\Local\Programs\Python\Python312\Lib\logging\__init__.py", line 1684, in _log
    self.handle(record)
  File "C:\Users\Davide\AppData\Local\Programs\Python\Python312\Lib\logging\__init__.py", line 1700, in handle
    self.callHandlers(record)
  File "C:\Users\Davide\AppData\Local\Programs\Python\Python312\Lib\logging\__init__.py", line 1762, in callHandlers
    hdlr.handle(record)
  File "C:\Users\Davide\Desktop\ServerSmartPlug\log_manager.py", line 16, in handle
    listener(record)
  File "C:\Users\Davide\Desktop\ServerSmartPlug\gui\windows.py", line 25, in _add_console_line
    self.console_text.configure(state='normal')
  File "C:\Users\Davide\AppData\Local\Programs\Python\Python312\Lib\tkinter\__init__.py", line 1722, in configure
    return self._configure('configure', cnf, kw)
           ^^^^^^^^^^^^^^^^^^^^^^^^^^^^^^^^^^^^^
  File "C:\Users\Davide\AppData\Local\Programs\Python\Python312\Lib\tkinter\__init__.py", line 1712, in _configure
    self.tk.call(_flatten((self._w, cmd)) + self._options(cnf))
_tkinter.TclError: invalid command name ".!frame4.!frame.!text"
Unclosed connector
connections: ['deque([(<aiohttp.client_proto.ResponseHandler object at 0x000002D55A4441D0>, 150879.218)])']
connector: <aiohttp.connector.TCPConnector object at 0x000002D55A43E210>
Exception in default exception handler
Traceback (most recent call last):
  File "C:\Users\Davide\AppData\Local\Programs\Python\Python312\Lib\asyncio\base_events.py", line 1847, in call_exception_handler
    self.default_exception_handler(context)
  File "C:\Users\Davide\AppData\Local\Programs\Python\Python312\Lib\asyncio\base_events.py", line 1821, in default_exception_handler
    logger.error('\n'.join(log_lines), exc_info=exc_info)
  File "C:\Users\Davide\AppData\Local\Programs\Python\Python312\Lib\logging\__init__.py", line 1568, in error
    self._log(ERROR, msg, args, **kwargs)
  File "C:\Users\Davide\AppData\Local\Programs\Python\Python312\Lib\logging\__init__.py", line 1684, in _log
    self.handle(record)
  File "C:\Users\Davide\AppData\Local\Programs\Python\Python312\Lib\logging\__init__.py", line 1700, in handle
    self.callHandlers(record)
  File "C:\Users\Davide\AppData\Local\Programs\Python\Python312\Lib\logging\__init__.py", line 1762, in callHandlers
    hdlr.handle(record)
  File "C:\Users\Davide\Desktop\ServerSmartPlug\log_manager.py", line 16, in handle
    listener(record)
  File "C:\Users\Davide\Desktop\ServerSmartPlug\gui\windows.py", line 25, in _add_console_line
    self.console_text.configure(state='normal')
  File "C:\Users\Davide\AppData\Local\Programs\Python\Python312\Lib\tkinter\__init__.py", line 1722, in configure
    return self._configure('configure', cnf, kw)
           ^^^^^^^^^^^^^^^^^^^^^^^^^^^^^^^^^^^^^
  File "C:\Users\Davide\AppData\Local\Programs\Python\Python312\Lib\tkinter\__init__.py", line 1712, in _configure
    self.tk.call(_flatten((self._w, cmd)) + self._options(cnf))
_tkinter.TclError: invalid command name ".!frame4.!frame.!text"
C:\Users\Davide\AppData\Local\I3Lab - Politecnico di Milano\Server SmartPlug\options.json
Discovery started...
Using proactor: IocpProactor
Listening on 127.0.0.1:7071
[DISCOVERY] 255.255.255.255 >> {'system': {'get_sysinfo': {}}}
Waiting 5 seconds for responses...
Using proactor: IocpProactor
Using SmartDevice for SMART.TAPOPLUG
Finding protocol for 192.168.100.112
Finding protocol for DeviceFamily.SmartTapoPlug
Finding transport for SMART.AES
Created AES transport for 192.168.100.112
[DISCOVERY] 192.168.100.112 << {'error_code': 0,
 'result': {'device_id': 'REDACTED_c913ec3cd97a6bec2fbb1ee',
            'device_model': 'P100',
            'device_type': 'SMART.TAPOPLUG',
            'factory_default': False,
            'ip': '192.168.100.112',
            'is_support_iot_cloud': True,
            'mac': '74-DA-88-00-00-00',
            'mgt_encrypt_schm': {'encrypt_type': 'AES',
                                 'http_port': 80,
                                 'is_support_https': False,
                                 'lv': 2},
            'owner': 'REDACTED_19347acd812465188388075'}}
Initializing 192.168.100.112 of type <class 'kasa.smart.smartdevice.SmartDevice'>
Discovery finished! Found: 1 device(s)
Discovered 1 devices
[DISCOVERY] 192.168.100.112 >> {'system': {'get_sysinfo': {}}}
Waiting a total of 5 seconds for responses...
Using SmartDevice for SMART.TAPOPLUG
Finding protocol for 192.168.100.112
Finding protocol for DeviceFamily.SmartTapoPlug
Finding transport for SMART.AES
Created AES transport for 192.168.100.112
[DISCOVERY] 192.168.100.112 << {'error_code': 0,
 'result': {'device_id': 'REDACTED_c913ec3cd97a6bec2fbb1ee',
            'device_model': 'P100',
            'device_type': 'SMART.TAPOPLUG',
            'factory_default': False,
            'ip': '192.168.100.112',
            'is_support_iot_cloud': True,
            'mac': '74-DA-88-00-00-00',
            'mgt_encrypt_schm': {'encrypt_type': 'AES',
                                 'http_port': 80,
                                 'is_support_https': False,
                                 'lv': 2},
            'owner': 'REDACTED_19347acd812465188388075'}}
Initializing 192.168.100.112 of type <class 'kasa.smart.smartdevice.SmartDevice'>
192.168.100.112 multi-request-batch-1-of-1 >> '{"method":"multipleRequest","request_time_milis":1744362767017,"terminal_uuid":"GfGq3WNEtKEaGx346fIPXQ==","params":{"requests":[{"method":"component_nego"},{"method":"get_device_info"},{"method":"get_connect_cloud_state"}]}}'
Will perform handshaking...
Posting to http://192.168.100.112/app
Unable to query the device: 192.168.100.112, not retrying: ("Unable to query the device: 192.168.100.112: _patch_task.<locals>.task_new_init() got an unexpected keyword argument 'eager_start'", TypeError("_patch_task.<locals>.task_new_init() got an unexpected keyword argument 'eager_start'"))
C:\Users\Davide\AppData\Local\I3Lab - Politecnico di Milano\Server SmartPlug\options.json
Discovery started...
Using proactor: IocpProactor
Listening on 127.0.0.1:7071
[DISCOVERY] 255.255.255.255 >> {'system': {'get_sysinfo': {}}}
Waiting 5 seconds for responses...
Using proactor: IocpProactor
Using SmartDevice for SMART.TAPOPLUG
Finding protocol for 192.168.100.112
Finding protocol for DeviceFamily.SmartTapoPlug
Finding transport for SMART.AES
Created AES transport for 192.168.100.112
[DISCOVERY] 192.168.100.112 << {'error_code': 0,
 'result': {'device_id': 'REDACTED_c913ec3cd97a6bec2fbb1ee',
            'device_model': 'P100',
            'device_type': 'SMART.TAPOPLUG',
            'factory_default': False,
            'ip': '192.168.100.112',
            'is_support_iot_cloud': True,
            'mac': '74-DA-88-00-00-00',
            'mgt_encrypt_schm': {'encrypt_type': 'AES',
                                 'http_port': 80,
                                 'is_support_https': False,
                                 'lv': 2},
            'owner': 'REDACTED_19347acd812465188388075'}}
Initializing 192.168.100.112 of type <class 'kasa.smart.smartdevice.SmartDevice'>
Discovery finished! Found: 1 device(s)
Discovered 1 devices
Using proactor: IocpProactor
[DISCOVERY] 192.168.100.112 >> {'system': {'get_sysinfo': {}}}
Waiting a total of 5 seconds for responses...
Using SmartDevice for SMART.TAPOPLUG
Finding protocol for 192.168.100.112
Finding protocol for DeviceFamily.SmartTapoPlug
Finding transport for SMART.AES
Created AES transport for 192.168.100.112
[DISCOVERY] 192.168.100.112 << {'error_code': 0,
 'result': {'device_id': 'REDACTED_c913ec3cd97a6bec2fbb1ee',
            'device_model': 'P100',
            'device_type': 'SMART.TAPOPLUG',
            'factory_default': False,
            'ip': '192.168.100.112',
            'is_support_iot_cloud': True,
            'mac': '74-DA-88-00-00-00',
            'mgt_encrypt_schm': {'encrypt_type': 'AES',
                                 'http_port': 80,
                                 'is_support_https': False,
                                 'lv': 2},
            'owner': 'REDACTED_19347acd812465188388075'}}
Initializing 192.168.100.112 of type <class 'kasa.smart.smartdevice.SmartDevice'>
192.168.100.112 multi-request-batch-1-of-1 >> '{"method":"multipleRequest","request_time_milis":1744362806783,"terminal_uuid":"CxNszEhdq+vO2fE8AwgvIA==","params":{"requests":[{"method":"component_nego"},{"method":"get_device_info"},{"method":"get_connect_cloud_state"}]}}'
Will perform handshaking...
Posting to http://192.168.100.112/app
Generating keypair
Handshake request: {'method': 'handshake', 'params': {'key': '-----BEGIN PUBLIC KEY-----\nMIGfMA0GCSqGSIb3DQEBAQUAA4GNADCBiQKBgQDaoyep4bgS84IwPi1jWBqsBvbURhnr8xlltOEJh6h73mBrB6FVdlz42Z72r3pGWvIrur/noVdH5QyOM9+dsB6OCK41b7e/HGUDCEXcxAtBgN2SRiAMn/vx+79KodhYGPL7Jwh+BLmWZz+tkA2+3KgP3ER759B6SIG0yf3bnL5CNwIDAQAB\n-----END PUBLIC KEY-----\n'}}
Device responded with: {'error_code': 0, 'result': {'key': 'kgq5xXnDbgLlIeb7Dq7VQECRR52+BnVpvFC8yaXKz0Wu1I/7Gn/WdnooZIH3HGhNcWtaYQjPnW8yx3K+Eu4LVuC9jOkWsYBi4yLC7odkEgmW9JDlJEoQKFfbhu3/RewrRP/OS4eMYuleMsLrswAUMFqPhbIQJNd+WMl66raKX3U='}}
Handshake with 192.168.100.112 complete
Posting to http://192.168.100.112/app
192.168.100.112: logged in with provided credentials
Posting to http://192.168.100.112/app?token=5B4513489998359EF0FEAEFD44CDE3CC
Device 192.168.100.112 received an os error, enabling sequential request delay: Server disconnected
Device 192.168.100.112 got a connection error, will retry 3 times: ('Device connection error: 192.168.100.112: Server disconnected', ServerDisconnectedError('Server disconnected'))
192.168.100.112 multi-request-batch-1-of-1 >> '{"method":"multipleRequest","request_time_milis":1744362806921,"terminal_uuid":"CxNszEhdq+vO2fE8AwgvIA==","params":{"requests":[{"method":"component_nego"},{"method":"get_device_info"},{"method":"get_connect_cloud_state"}]}}'
Device 192.168.100.112 waiting 0.25 seconds to send request
Posting to http://192.168.100.112/app?token=5B4513489998359EF0FEAEFD44CDE3CC
192.168.100.112 multi-request-batch-1-of-1 << {'error_code': 0,
 'result': {'responses': [{'error_code': 0,
                           'method': 'component_nego',
                           'result': {'component_list': [{'id': 'device',
                                                          'ver_code': 2},
                                                         {'id': 'firmware',
                                                          'ver_code': 1},
                                                         {'id': 'quick_setup',
                                                          'ver_code': 3},
                                                         {'id': 'time',
                                                          'ver_code': 1},
                                                         {'id': 'wireless',
                                                          'ver_code': 1},
                                                         {'id': 'schedule',
                                                          'ver_code': 2},
                                                         {'id': 'countdown',
                                                          'ver_code': 2},
                                                         {'id': 'antitheft',
                                                          'ver_code': 1},
                                                         {'id': 'account',
                                                          'ver_code': 1},
                                                         {'id': 'synchronize',
                                                          'ver_code': 1},
                                                         {'id': 'sunrise_sunset',
                                                          'ver_code': 1},
                                                         {'id': 'led',
                                                          'ver_code': 1},
                                                         {'id': 'cloud_connect',
                                                          'ver_code': 1},
                                                         {'id': 'iot_cloud',
                                                          'ver_code': 1},
                                                         {'id': 'default_states',
                                                          'ver_code': 1}]}},
                          {'error_code': 0,
                           'method': 'get_device_info',
                           'result': {'avatar': 'plug',
                                      'default_states': {'state': {},
                                                         'type': 'last_states'},
                                      'device_id': 'REDACTED_DB80F24B353338FA05BB18C1C486215',
                                      'device_on': True,
                                      'fw_id': 'REDACTED_A25ABDE41405B20C6F98816',
                                      'fw_ver': '1.3.7 Build 20230711 Rel. '
                                                '61904',
                                      'has_set_location_info': True,
                                      'hw_id': 'REDACTED_5B29645B8150C392284029D',
                                      'hw_ver': '1.0.0',
                                      'ip': '192.168.100.112',
                                      'lang': 'it_IT',
                                      'latitude': 0,
                                      'location': '',
                                      'longitude': 0,
                                      'mac': '74-DA-88-00-00-00',
                                      'model': 'P100',
                                      'nickname': 'I01BU0tFRF9OQU1FIw==',
                                      'oem_id': 'REDACTED_06C60A9AEEA36A3347B6EBC',
                                      'on_time': 558,
                                      'overheated': False,
                                      'region': 'Europe/Rome',
                                      'rssi': -43,
                                      'signal_level': 3,
                                      'specs': 'EU',
                                      'ssid': 'I01BU0tFRF9TU0lEIw==',
                                      'time_diff': 60,
                                      'type': 'SMART.TAPOPLUG'}},
                          {'error_code': 0,
                           'method': 'get_connect_cloud_state',
                           'result': {'status': 0}}]}}
Device 192.168.100.112, found required cloud_connect, adding Cloud to modules.
Device 192.168.100.112, found required device, adding DeviceModule to modules.
Device 192.168.100.112, found required firmware, adding Firmware to modules.
Device 192.168.100.112, found required led, adding Led to modules.
Device 192.168.100.112, found required None, adding OverheatProtection to modules.
Device 192.168.100.112, found required time, adding Time to modules.
Querying 192.168.100.112 for modules: Time, Led
192.168.100.112 multi-request-batch-1-of-1 >> '{"method":"multipleRequest","request_time_milis":1744362807265,"terminal_uuid":"CxNszEhdq+vO2fE8AwgvIA==","params":{"requests":[{"method":"get_device_time"},{"method":"get_led_info"}]}}'
Device 192.168.100.112 waiting 0.23499999998603016 seconds to send request
Posting to http://192.168.100.112/app?token=5B4513489998359EF0FEAEFD44CDE3CC
192.168.100.112 multi-request-batch-1-of-1 << {'error_code': 0,
 'result': {'responses': [{'error_code': 0,
                           'method': 'get_device_time',
                           'result': {'region': 'Europe/Rome',
                                      'time_diff': 60,
                                      'timestamp': 1744362807}},
                          {'error_code': 0,
                           'method': 'get_led_info',
                           'result': {'led_rule': 'always',
                                      'led_status': True,
                                      'night_mode': {'end_time': 0,
                                                     'night_mode_type': 'unknown',
                                                     'start_time': 0,
                                                     'sunrise_offset': 0,
                                                     'sunset_offset': 0}}}]}}
Update completed 192.168.100.112: ['component_nego', 'get_device_info', 'get_connect_cloud_state', 'get_device_time', 'get_led_info']
Switching status
Using proactor: IocpProactor
[DISCOVERY] 192.168.100.112 >> {'system': {'get_sysinfo': {}}}
Waiting a total of 5 seconds for responses...
Using SmartDevice for SMART.TAPOPLUG
Finding protocol for 192.168.100.112
Finding protocol for DeviceFamily.SmartTapoPlug
Finding transport for SMART.AES
Created AES transport for 192.168.100.112
[DISCOVERY] 192.168.100.112 << {'error_code': 0,
 'result': {'device_id': 'REDACTED_c913ec3cd97a6bec2fbb1ee',
            'device_model': 'P100',
            'device_type': 'SMART.TAPOPLUG',
            'factory_default': False,
            'ip': '192.168.100.112',
            'is_support_iot_cloud': True,
            'mac': '74-DA-88-00-00-00',
            'mgt_encrypt_schm': {'encrypt_type': 'AES',
                                 'http_port': 80,
                                 'is_support_https': False,
                                 'lv': 2},
            'owner': 'REDACTED_19347acd812465188388075'}}
Initializing 192.168.100.112 of type <class 'kasa.smart.smartdevice.SmartDevice'>
192.168.100.112 >> '{"method":"set_device_info","request_time_milis":1744362810028,"terminal_uuid":"u2OoL4ycvzbKAVSos3Et2A==","params":{"device_on":true}}'
Will perform handshaking...
Posting to http://192.168.100.112/app
Generating keypair
Handshake request: {'method': 'handshake', 'params': {'key': '-----BEGIN PUBLIC KEY-----\nMIGfMA0GCSqGSIb3DQEBAQUAA4GNADCBiQKBgQCtupkmPoiViLf+qnjHcrwARGFdyraUGmUycqVmEQXXICrkytIwcmazWJanaReDw00XIcOMkPjdSMFJMT9DjccEWEQxc7+vRbb9aTtnnINbVPqie8+bjXbcecLNowyn1tjKA0EPfI3iP9Qf75/NANTAtuqylnMHvdSvke+8Dn0/GwIDAQAB\n-----END PUBLIC KEY-----\n'}}
Device responded with: {'error_code': 0, 'result': {'key': 'VQ6veqC8LJem7EF+3cu5p3sNElEKKJ+VndkNKuZscTjXwnWXJGkB0YhF+Tc/xR9mSU9WVcS4wYczk1alNQ+Aq4amzMP2o3UN0spRv5IQ/lb63/OWZ6Q9/H+cWgw3rQ5Ul9oAn/BysCpYGwyOhLkvXE7zdPTbAvnSOtgaC2FUZ1k='}}
Handshake with 192.168.100.112 complete
Posting to http://192.168.100.112/app
192.168.100.112: logged in with provided credentials
Posting to http://192.168.100.112/app?token=4CF6C3F33FA3F8A1868165805A90AB90
Device 192.168.100.112 received an os error, enabling sequential request delay: Server disconnected
Device 192.168.100.112 got a connection error, will retry 3 times: ('Device connection error: 192.168.100.112: Server disconnected', ServerDisconnectedError('Server disconnected'))
192.168.100.112 >> '{"method":"set_device_info","request_time_milis":1744362810186,"terminal_uuid":"u2OoL4ycvzbKAVSos3Et2A==","params":{"device_on":true}}'
Device 192.168.100.112 waiting 0.25 seconds to send request
Posting to http://192.168.100.112/app?token=4CF6C3F33FA3F8A1868165805A90AB90
192.168.100.112 << {'error_code': 0}
192.168.100.112 multi-request-batch-1-of-1 >> '{"method":"multipleRequest","request_time_milis":1744362810540,"terminal_uuid":"u2OoL4ycvzbKAVSos3Et2A==","params":{"requests":[{"method":"component_nego"},{"method":"get_device_info"},{"method":"get_connect_cloud_state"}]}}'
Device 192.168.100.112 waiting 0.25 seconds to send request
Posting to http://192.168.100.112/app?token=4CF6C3F33FA3F8A1868165805A90AB90
192.168.100.112 multi-request-batch-1-of-1 << {'error_code': 0,
 'result': {'responses': [{'error_code': 0,
                           'method': 'component_nego',
                           'result': {'component_list': [{'id': 'device',
                                                          'ver_code': 2},
                                                         {'id': 'firmware',
                                                          'ver_code': 1},
                                                         {'id': 'quick_setup',
                                                          'ver_code': 3},
                                                         {'id': 'time',
                                                          'ver_code': 1},
                                                         {'id': 'wireless',
                                                          'ver_code': 1},
                                                         {'id': 'schedule',
                                                          'ver_code': 2},
                                                         {'id': 'countdown',
                                                          'ver_code': 2},
                                                         {'id': 'antitheft',
                                                          'ver_code': 1},
                                                         {'id': 'account',
                                                          'ver_code': 1},
                                                         {'id': 'synchronize',
                                                          'ver_code': 1},
                                                         {'id': 'sunrise_sunset',
                                                          'ver_code': 1},
                                                         {'id': 'led',
                                                          'ver_code': 1},
                                                         {'id': 'cloud_connect',
                                                          'ver_code': 1},
                                                         {'id': 'iot_cloud',
                                                          'ver_code': 1},
                                                         {'id': 'default_states',
                                                          'ver_code': 1}]}},
                          {'error_code': 0,
                           'method': 'get_device_info',
                           'result': {'avatar': 'plug',
                                      'default_states': {'state': {},
                                                         'type': 'last_states'},
                                      'device_id': 'REDACTED_DB80F24B353338FA05BB18C1C486215',
                                      'device_on': True,
                                      'fw_id': 'REDACTED_A25ABDE41405B20C6F98816',
                                      'fw_ver': '1.3.7 Build 20230711 Rel. '
                                                '61904',
                                      'has_set_location_info': True,
                                      'hw_id': 'REDACTED_5B29645B8150C392284029D',
                                      'hw_ver': '1.0.0',
                                      'ip': '192.168.100.112',
                                      'lang': 'it_IT',
                                      'latitude': 0,
                                      'location': '',
                                      'longitude': 0,
                                      'mac': '74-DA-88-00-00-00',
                                      'model': 'P100',
                                      'nickname': 'I01BU0tFRF9OQU1FIw==',
                                      'oem_id': 'REDACTED_06C60A9AEEA36A3347B6EBC',
                                      'on_time': 561,
                                      'overheated': False,
                                      'region': 'Europe/Rome',
                                      'rssi': -43,
                                      'signal_level': 3,
                                      'specs': 'EU',
                                      'ssid': 'I01BU0tFRF9TU0lEIw==',
                                      'time_diff': 60,
                                      'type': 'SMART.TAPOPLUG'}},
                          {'error_code': 0,
                           'method': 'get_connect_cloud_state',
                           'result': {'status': 0}}]}}
Device 192.168.100.112, found required cloud_connect, adding Cloud to modules.
Device 192.168.100.112, found required device, adding DeviceModule to modules.
Device 192.168.100.112, found required firmware, adding Firmware to modules.
Device 192.168.100.112, found required led, adding Led to modules.
Device 192.168.100.112, found required None, adding OverheatProtection to modules.
Device 192.168.100.112, found required time, adding Time to modules.
Querying 192.168.100.112 for modules: Time, Led
192.168.100.112 multi-request-batch-1-of-1 >> '{"method":"multipleRequest","request_time_milis":1744362810885,"terminal_uuid":"u2OoL4ycvzbKAVSos3Et2A==","params":{"requests":[{"method":"get_device_time"},{"method":"get_led_info"}]}}'
Device 192.168.100.112 waiting 0.23499999998603016 seconds to send request
Posting to http://192.168.100.112/app?token=4CF6C3F33FA3F8A1868165805A90AB90
192.168.100.112 multi-request-batch-1-of-1 << {'error_code': 0,
 'result': {'responses': [{'error_code': 0,
                           'method': 'get_device_time',
                           'result': {'region': 'Europe/Rome',
                                      'time_diff': 60,
                                      'timestamp': 1744362810}},
                          {'error_code': 0,
                           'method': 'get_led_info',
                           'result': {'led_rule': 'always',
                                      'led_status': True,
                                      'night_mode': {'end_time': 0,
                                                     'night_mode_type': 'unknown',
                                                     'start_time': 0,
                                                     'sunrise_offset': 0,
                                                     'sunset_offset': 0}}}]}}
Update completed 192.168.100.112: ['component_nego', 'get_device_info', 'get_connect_cloud_state', 'get_device_time', 'get_led_info']
Unclosed client session
client_session: <aiohttp.client.ClientSession object at 0x00000289398873B0>
Exception in default exception handler
Traceback (most recent call last):
  File "C:\Users\Davide\AppData\Local\Programs\Python\Python312\Lib\asyncio\base_events.py", line 1847, in call_exception_handler
    self.default_exception_handler(context)
  File "C:\Users\Davide\AppData\Local\Programs\Python\Python312\Lib\asyncio\base_events.py", line 1821, in default_exception_handler
    logger.error('\n'.join(log_lines), exc_info=exc_info)
  File "C:\Users\Davide\AppData\Local\Programs\Python\Python312\Lib\logging\__init__.py", line 1568, in error
    self._log(ERROR, msg, args, **kwargs)
  File "C:\Users\Davide\AppData\Local\Programs\Python\Python312\Lib\logging\__init__.py", line 1684, in _log
    self.handle(record)
  File "C:\Users\Davide\AppData\Local\Programs\Python\Python312\Lib\logging\__init__.py", line 1700, in handle
    self.callHandlers(record)
  File "C:\Users\Davide\AppData\Local\Programs\Python\Python312\Lib\logging\__init__.py", line 1762, in callHandlers
    hdlr.handle(record)
  File "C:\Users\Davide\Desktop\ServerSmartPlug\log_manager.py", line 16, in handle
    listener(record)
  File "C:\Users\Davide\Desktop\ServerSmartPlug\gui\windows.py", line 25, in _add_console_line
    self.console_text.configure(state='normal')
  File "C:\Users\Davide\AppData\Local\Programs\Python\Python312\Lib\tkinter\__init__.py", line 1722, in configure
    return self._configure('configure', cnf, kw)
           ^^^^^^^^^^^^^^^^^^^^^^^^^^^^^^^^^^^^^
  File "C:\Users\Davide\AppData\Local\Programs\Python\Python312\Lib\tkinter\__init__.py", line 1712, in _configure
    self.tk.call(_flatten((self._w, cmd)) + self._options(cnf))
_tkinter.TclError: invalid command name ".!frame4.!frame.!text"
Unclosed connector
connections: ['deque([(<aiohttp.client_proto.ResponseHandler object at 0x00000289391759D0>, 151008.984)])']
connector: <aiohttp.connector.TCPConnector object at 0x00000289398874D0>
Exception in default exception handler
Traceback (most recent call last):
  File "C:\Users\Davide\AppData\Local\Programs\Python\Python312\Lib\asyncio\base_events.py", line 1847, in call_exception_handler
    self.default_exception_handler(context)
  File "C:\Users\Davide\AppData\Local\Programs\Python\Python312\Lib\asyncio\base_events.py", line 1821, in default_exception_handler
    logger.error('\n'.join(log_lines), exc_info=exc_info)
  File "C:\Users\Davide\AppData\Local\Programs\Python\Python312\Lib\logging\__init__.py", line 1568, in error
    self._log(ERROR, msg, args, **kwargs)
  File "C:\Users\Davide\AppData\Local\Programs\Python\Python312\Lib\logging\__init__.py", line 1684, in _log
    self.handle(record)
  File "C:\Users\Davide\AppData\Local\Programs\Python\Python312\Lib\logging\__init__.py", line 1700, in handle
    self.callHandlers(record)
  File "C:\Users\Davide\AppData\Local\Programs\Python\Python312\Lib\logging\__init__.py", line 1762, in callHandlers
    hdlr.handle(record)
  File "C:\Users\Davide\Desktop\ServerSmartPlug\log_manager.py", line 16, in handle
    listener(record)
  File "C:\Users\Davide\Desktop\ServerSmartPlug\gui\windows.py", line 25, in _add_console_line
    self.console_text.configure(state='normal')
  File "C:\Users\Davide\AppData\Local\Programs\Python\Python312\Lib\tkinter\__init__.py", line 1722, in configure
    return self._configure('configure', cnf, kw)
           ^^^^^^^^^^^^^^^^^^^^^^^^^^^^^^^^^^^^^
  File "C:\Users\Davide\AppData\Local\Programs\Python\Python312\Lib\tkinter\__init__.py", line 1712, in _configure
    self.tk.call(_flatten((self._w, cmd)) + self._options(cnf))
_tkinter.TclError: invalid command name ".!frame4.!frame.!text"
Unclosed client session
client_session: <aiohttp.client.ClientSession object at 0x000002893AA4C8F0>
Exception in default exception handler
Traceback (most recent call last):
  File "C:\Users\Davide\AppData\Local\Programs\Python\Python312\Lib\asyncio\base_events.py", line 1847, in call_exception_handler
    self.default_exception_handler(context)
  File "C:\Users\Davide\AppData\Local\Programs\Python\Python312\Lib\asyncio\base_events.py", line 1821, in default_exception_handler
    logger.error('\n'.join(log_lines), exc_info=exc_info)
  File "C:\Users\Davide\AppData\Local\Programs\Python\Python312\Lib\logging\__init__.py", line 1568, in error
    self._log(ERROR, msg, args, **kwargs)
  File "C:\Users\Davide\AppData\Local\Programs\Python\Python312\Lib\logging\__init__.py", line 1684, in _log
    self.handle(record)
  File "C:\Users\Davide\AppData\Local\Programs\Python\Python312\Lib\logging\__init__.py", line 1700, in handle
    self.callHandlers(record)
  File "C:\Users\Davide\AppData\Local\Programs\Python\Python312\Lib\logging\__init__.py", line 1762, in callHandlers
    hdlr.handle(record)
  File "C:\Users\Davide\Desktop\ServerSmartPlug\log_manager.py", line 16, in handle
    listener(record)
  File "C:\Users\Davide\Desktop\ServerSmartPlug\gui\windows.py", line 25, in _add_console_line
    self.console_text.configure(state='normal')
  File "C:\Users\Davide\AppData\Local\Programs\Python\Python312\Lib\tkinter\__init__.py", line 1722, in configure
    return self._configure('configure', cnf, kw)
           ^^^^^^^^^^^^^^^^^^^^^^^^^^^^^^^^^^^^^
  File "C:\Users\Davide\AppData\Local\Programs\Python\Python312\Lib\tkinter\__init__.py", line 1712, in _configure
    self.tk.call(_flatten((self._w, cmd)) + self._options(cnf))
_tkinter.TclError: invalid command name ".!frame4.!frame.!text"
Unclosed connector
connections: ['deque([(<aiohttp.client_proto.ResponseHandler object at 0x000002893AC641D0>, 151012.609)])']
connector: <aiohttp.connector.TCPConnector object at 0x000002893AA4D9D0>
Exception in default exception handler
Traceback (most recent call last):
  File "C:\Users\Davide\AppData\Local\Programs\Python\Python312\Lib\asyncio\base_events.py", line 1847, in call_exception_handler
    self.default_exception_handler(context)
  File "C:\Users\Davide\AppData\Local\Programs\Python\Python312\Lib\asyncio\base_events.py", line 1821, in default_exception_handler
    logger.error('\n'.join(log_lines), exc_info=exc_info)
  File "C:\Users\Davide\AppData\Local\Programs\Python\Python312\Lib\logging\__init__.py", line 1568, in error
    self._log(ERROR, msg, args, **kwargs)
  File "C:\Users\Davide\AppData\Local\Programs\Python\Python312\Lib\logging\__init__.py", line 1684, in _log
    self.handle(record)
  File "C:\Users\Davide\AppData\Local\Programs\Python\Python312\Lib\logging\__init__.py", line 1700, in handle
    self.callHandlers(record)
  File "C:\Users\Davide\AppData\Local\Programs\Python\Python312\Lib\logging\__init__.py", line 1762, in callHandlers
    hdlr.handle(record)
  File "C:\Users\Davide\Desktop\ServerSmartPlug\log_manager.py", line 16, in handle
    listener(record)
  File "C:\Users\Davide\Desktop\ServerSmartPlug\gui\windows.py", line 25, in _add_console_line
    self.console_text.configure(state='normal')
  File "C:\Users\Davide\AppData\Local\Programs\Python\Python312\Lib\tkinter\__init__.py", line 1722, in configure
    return self._configure('configure', cnf, kw)
           ^^^^^^^^^^^^^^^^^^^^^^^^^^^^^^^^^^^^^
  File "C:\Users\Davide\AppData\Local\Programs\Python\Python312\Lib\tkinter\__init__.py", line 1712, in _configure
    self.tk.call(_flatten((self._w, cmd)) + self._options(cnf))
_tkinter.TclError: invalid command name ".!frame4.!frame.!text"
C:\Users\Davide\AppData\Local\I3Lab - Politecnico di Milano\Server SmartPlug\options.json
Discovery started...
Using proactor: IocpProactor
Listening on 127.0.0.1:7071
[DISCOVERY] 255.255.255.255 >> {'system': {'get_sysinfo': {}}}
Waiting 5 seconds for responses...
Using proactor: IocpProactor
Using SmartDevice for SMART.TAPOPLUG
Finding protocol for 192.168.100.112
Finding protocol for DeviceFamily.SmartTapoPlug
Finding transport for SMART.AES
Created AES transport for 192.168.100.112
[DISCOVERY] 192.168.100.112 << {'error_code': 0,
 'result': {'device_id': 'REDACTED_c913ec3cd97a6bec2fbb1ee',
            'device_model': 'P100',
            'device_type': 'SMART.TAPOPLUG',
            'factory_default': False,
            'ip': '192.168.100.112',
            'is_support_iot_cloud': True,
            'mac': '74-DA-88-00-00-00',
            'mgt_encrypt_schm': {'encrypt_type': 'AES',
                                 'http_port': 80,
                                 'is_support_https': False,
                                 'lv': 2},
            'owner': 'REDACTED_19347acd812465188388075'}}
Initializing 192.168.100.112 of type <class 'kasa.smart.smartdevice.SmartDevice'>
Discovery finished! Found: 1 device(s)
Discovered 1 devices
Using proactor: IocpProactor
[DISCOVERY] 192.168.100.112 >> {'system': {'get_sysinfo': {}}}
Waiting a total of 5 seconds for responses...
Using SmartDevice for SMART.TAPOPLUG
Finding protocol for 192.168.100.112
Finding protocol for DeviceFamily.SmartTapoPlug
Finding transport for SMART.AES
Created AES transport for 192.168.100.112
[DISCOVERY] 192.168.100.112 << {'error_code': 0,
 'result': {'device_id': 'REDACTED_c913ec3cd97a6bec2fbb1ee',
            'device_model': 'P100',
            'device_type': 'SMART.TAPOPLUG',
            'factory_default': False,
            'ip': '192.168.100.112',
            'is_support_iot_cloud': True,
            'mac': '74-DA-88-00-00-00',
            'mgt_encrypt_schm': {'encrypt_type': 'AES',
                                 'http_port': 80,
                                 'is_support_https': False,
                                 'lv': 2},
            'owner': 'REDACTED_19347acd812465188388075'}}
Initializing 192.168.100.112 of type <class 'kasa.smart.smartdevice.SmartDevice'>
192.168.100.112 multi-request-batch-1-of-1 >> '{"method":"multipleRequest","request_time_milis":1744362845693,"terminal_uuid":"Tysr+hjf3Xz3iMYrs1Gg7w==","params":{"requests":[{"method":"component_nego"},{"method":"get_device_info"},{"method":"get_connect_cloud_state"}]}}'
Will perform handshaking...
Posting to http://192.168.100.112/app
Generating keypair
Handshake request: {'method': 'handshake', 'params': {'key': '-----BEGIN PUBLIC KEY-----\nMIGfMA0GCSqGSIb3DQEBAQUAA4GNADCBiQKBgQDJPwRj8nsbETME5gSv1Cx+F3U4UxSYg7JDopJZA2BsCKAwZiXGyaH4DhQBHFaLswXNJMlxG/JfGcLbqfUgvF/fIbcuAWYqHjEewG8Ak127+yaJeaDFgs6ZoXiUqrTBI3LHGQLtjuIBKPzR7mlSFpD1C1GfkEMEcmX8w9fBGZfa6wIDAQAB\n-----END PUBLIC KEY-----\n'}}
Device responded with: {'error_code': 0, 'result': {'key': 'MD7PYccrvpcrTAGR/MGCyvKy1N74AlyzYcoIZ7AYSUi4ZsoY2UwxaOgBowkUPngkWmg2G8y8qFueqwHeH6N64svLfGRegBnEsVQ5TlJSDtuMLcNkyX39F9IPqOSGlV4IxEz6GkbtRC2zXJzIF+SAsz/HveaSFtTMA43GBcdLdhs='}}
Handshake with 192.168.100.112 complete
Posting to http://192.168.100.112/app
192.168.100.112: logged in with provided credentials
Posting to http://192.168.100.112/app?token=396AF86EEE2E862C050C390DF81DE61D
Device 192.168.100.112 received an os error, enabling sequential request delay: Server disconnected
Device 192.168.100.112 got a connection error, will retry 3 times: ('Device connection error: 192.168.100.112: Server disconnected', ServerDisconnectedError('Server disconnected'))
192.168.100.112 multi-request-batch-1-of-1 >> '{"method":"multipleRequest","request_time_milis":1744362845862,"terminal_uuid":"Tysr+hjf3Xz3iMYrs1Gg7w==","params":{"requests":[{"method":"component_nego"},{"method":"get_device_info"},{"method":"get_connect_cloud_state"}]}}'
Device 192.168.100.112 waiting 0.25 seconds to send request
Posting to http://192.168.100.112/app?token=396AF86EEE2E862C050C390DF81DE61D
192.168.100.112 multi-request-batch-1-of-1 << {'error_code': 0,
 'result': {'responses': [{'error_code': 0,
                           'method': 'component_nego',
                           'result': {'component_list': [{'id': 'device',
                                                          'ver_code': 2},
                                                         {'id': 'firmware',
                                                          'ver_code': 1},
                                                         {'id': 'quick_setup',
                                                          'ver_code': 3},
                                                         {'id': 'time',
                                                          'ver_code': 1},
                                                         {'id': 'wireless',
                                                          'ver_code': 1},
                                                         {'id': 'schedule',
                                                          'ver_code': 2},
                                                         {'id': 'countdown',
                                                          'ver_code': 2},
                                                         {'id': 'antitheft',
                                                          'ver_code': 1},
                                                         {'id': 'account',
                                                          'ver_code': 1},
                                                         {'id': 'synchronize',
                                                          'ver_code': 1},
                                                         {'id': 'sunrise_sunset',
                                                          'ver_code': 1},
                                                         {'id': 'led',
                                                          'ver_code': 1},
                                                         {'id': 'cloud_connect',
                                                          'ver_code': 1},
                                                         {'id': 'iot_cloud',
                                                          'ver_code': 1},
                                                         {'id': 'default_states',
                                                          'ver_code': 1}]}},
                          {'error_code': 0,
                           'method': 'get_device_info',
                           'result': {'avatar': 'plug',
                                      'default_states': {'state': {},
                                                         'type': 'last_states'},
                                      'device_id': 'REDACTED_DB80F24B353338FA05BB18C1C486215',
                                      'device_on': False,
                                      'fw_id': 'REDACTED_A25ABDE41405B20C6F98816',
                                      'fw_ver': '1.3.7 Build 20230711 Rel. '
                                                '61904',
                                      'has_set_location_info': True,
                                      'hw_id': 'REDACTED_5B29645B8150C392284029D',
                                      'hw_ver': '1.0.0',
                                      'ip': '192.168.100.112',
                                      'lang': 'it_IT',
                                      'latitude': 0,
                                      'location': '',
                                      'longitude': 0,
                                      'mac': '74-DA-88-00-00-00',
                                      'model': 'P100',
                                      'nickname': 'I01BU0tFRF9OQU1FIw==',
                                      'oem_id': 'REDACTED_06C60A9AEEA36A3347B6EBC',
                                      'on_time': 0,
                                      'overheated': False,
                                      'region': 'Europe/Rome',
                                      'rssi': -44,
                                      'signal_level': 3,
                                      'specs': 'EU',
                                      'ssid': 'I01BU0tFRF9TU0lEIw==',
                                      'time_diff': 60,
                                      'type': 'SMART.TAPOPLUG'}},
                          {'error_code': 0,
                           'method': 'get_connect_cloud_state',
                           'result': {'status': 0}}]}}
Device 192.168.100.112, found required cloud_connect, adding Cloud to modules.
Device 192.168.100.112, found required device, adding DeviceModule to modules.
Device 192.168.100.112, found required firmware, adding Firmware to modules.
Device 192.168.100.112, found required led, adding Led to modules.
Device 192.168.100.112, found required None, adding OverheatProtection to modules.
Device 192.168.100.112, found required time, adding Time to modules.
Querying 192.168.100.112 for modules: Time, Led
192.168.100.112 multi-request-batch-1-of-1 >> '{"method":"multipleRequest","request_time_milis":1744362846244,"terminal_uuid":"Tysr+hjf3Xz3iMYrs1Gg7w==","params":{"requests":[{"method":"get_device_time"},{"method":"get_led_info"}]}}'
Device 192.168.100.112 waiting 0.2340000000258442 seconds to send request
Posting to http://192.168.100.112/app?token=396AF86EEE2E862C050C390DF81DE61D
192.168.100.112 multi-request-batch-1-of-1 << {'error_code': 0,
 'result': {'responses': [{'error_code': 0,
                           'method': 'get_device_time',
                           'result': {'region': 'Europe/Rome',
                                      'time_diff': 60,
                                      'timestamp': 1744362846}},
                          {'error_code': 0,
                           'method': 'get_led_info',
                           'result': {'led_rule': 'always',
                                      'led_status': False,
                                      'night_mode': {'end_time': 0,
                                                     'night_mode_type': 'unknown',
                                                     'start_time': 0,
                                                     'sunrise_offset': 0,
                                                     'sunset_offset': 0}}}]}}
Update completed 192.168.100.112: ['component_nego', 'get_device_info', 'get_connect_cloud_state', 'get_device_time', 'get_led_info']
Switching status
Using proactor: IocpProactor
[DISCOVERY] 192.168.100.112 >> {'system': {'get_sysinfo': {}}}
Waiting a total of 5 seconds for responses...
Using SmartDevice for SMART.TAPOPLUG
Finding protocol for 192.168.100.112
Finding protocol for DeviceFamily.SmartTapoPlug
Finding transport for SMART.AES
Created AES transport for 192.168.100.112
[DISCOVERY] 192.168.100.112 << {'error_code': 0,
 'result': {'device_id': 'REDACTED_c913ec3cd97a6bec2fbb1ee',
            'device_model': 'P100',
            'device_type': 'SMART.TAPOPLUG',
            'factory_default': False,
            'ip': '192.168.100.112',
            'is_support_iot_cloud': True,
            'mac': '74-DA-88-00-00-00',
            'mgt_encrypt_schm': {'encrypt_type': 'AES',
                                 'http_port': 80,
                                 'is_support_https': False,
                                 'lv': 2},
            'owner': 'REDACTED_19347acd812465188388075'}}
Initializing 192.168.100.112 of type <class 'kasa.smart.smartdevice.SmartDevice'>
192.168.100.112 >> '{"method":"set_device_info","request_time_milis":1744362852908,"terminal_uuid":"NTU3/8+HT0s5ptzyPxmqwQ==","params":{"device_on":false}}'
Will perform handshaking...
Posting to http://192.168.100.112/app
Generating keypair
Handshake request: {'method': 'handshake', 'params': {'key': '-----BEGIN PUBLIC KEY-----\nMIGfMA0GCSqGSIb3DQEBAQUAA4GNADCBiQKBgQDsKzdbyqZ9fGRnDi93LTWEO6hZnmUwjG+/v51j9hSdidi3R5xFxtqitbCEKeqnbV5XLrUDZGHukMe9t2Da1aOC0kUb0dB9XwVLUPD+1/s15OgaDPdJu2EjMOHa/Q0eGI3XlgpWZ9FhxvkH4si9DZUBiHz5EeAvkLpmzZKxxVhC6QIDAQAB\n-----END PUBLIC KEY-----\n'}}
Device responded with: {'error_code': 0, 'result': {'key': 'dhaC6Sdb8KFlrTiDQW/1ka7LRotrlq6p5I/Mnmy+oPuzlohYbtWDrf/5G5EbhMg85D+xzkBHCT0q5jLefItgGXB0tGNwROdUmVf0y4NfCV1IZSTduV9zQrRMRltbQHf8+IuMS5EqfV5M7qfBAgDX+e3/xl5k02Sz7vpxcZWGXRY='}}
Handshake with 192.168.100.112 complete
Posting to http://192.168.100.112/app
192.168.100.112: logged in with provided credentials
Posting to http://192.168.100.112/app?token=64D301D75A97E895C5B514B40AA4E2A4
Device 192.168.100.112 received an os error, enabling sequential request delay: Server disconnected
Device 192.168.100.112 got a connection error, will retry 3 times: ('Device connection error: 192.168.100.112: Server disconnected', ServerDisconnectedError('Server disconnected'))
192.168.100.112 >> '{"method":"set_device_info","request_time_milis":1744362853047,"terminal_uuid":"NTU3/8+HT0s5ptzyPxmqwQ==","params":{"device_on":false}}'
Device 192.168.100.112 waiting 0.25 seconds to send request
Posting to http://192.168.100.112/app?token=64D301D75A97E895C5B514B40AA4E2A4
192.168.100.112 << {'error_code': 0}
192.168.100.112 multi-request-batch-1-of-1 >> '{"method":"multipleRequest","request_time_milis":1744362853382,"terminal_uuid":"NTU3/8+HT0s5ptzyPxmqwQ==","params":{"requests":[{"method":"component_nego"},{"method":"get_device_info"},{"method":"get_connect_cloud_state"}]}}'
Device 192.168.100.112 waiting 0.25 seconds to send request
Posting to http://192.168.100.112/app?token=64D301D75A97E895C5B514B40AA4E2A4
192.168.100.112 multi-request-batch-1-of-1 << {'error_code': 0,
 'result': {'responses': [{'error_code': 0,
                           'method': 'component_nego',
                           'result': {'component_list': [{'id': 'device',
                                                          'ver_code': 2},
                                                         {'id': 'firmware',
                                                          'ver_code': 1},
                                                         {'id': 'quick_setup',
                                                          'ver_code': 3},
                                                         {'id': 'time',
                                                          'ver_code': 1},
                                                         {'id': 'wireless',
                                                          'ver_code': 1},
                                                         {'id': 'schedule',
                                                          'ver_code': 2},
                                                         {'id': 'countdown',
                                                          'ver_code': 2},
                                                         {'id': 'antitheft',
                                                          'ver_code': 1},
                                                         {'id': 'account',
                                                          'ver_code': 1},
                                                         {'id': 'synchronize',
                                                          'ver_code': 1},
                                                         {'id': 'sunrise_sunset',
                                                          'ver_code': 1},
                                                         {'id': 'led',
                                                          'ver_code': 1},
                                                         {'id': 'cloud_connect',
                                                          'ver_code': 1},
                                                         {'id': 'iot_cloud',
                                                          'ver_code': 1},
                                                         {'id': 'default_states',
                                                          'ver_code': 1}]}},
                          {'error_code': 0,
                           'method': 'get_device_info',
                           'result': {'avatar': 'plug',
                                      'default_states': {'state': {},
                                                         'type': 'last_states'},
                                      'device_id': 'REDACTED_DB80F24B353338FA05BB18C1C486215',
                                      'device_on': False,
                                      'fw_id': 'REDACTED_A25ABDE41405B20C6F98816',
                                      'fw_ver': '1.3.7 Build 20230711 Rel. '
                                                '61904',
                                      'has_set_location_info': True,
                                      'hw_id': 'REDACTED_5B29645B8150C392284029D',
                                      'hw_ver': '1.0.0',
                                      'ip': '192.168.100.112',
                                      'lang': 'it_IT',
                                      'latitude': 0,
                                      'location': '',
                                      'longitude': 0,
                                      'mac': '74-DA-88-00-00-00',
                                      'model': 'P100',
                                      'nickname': 'I01BU0tFRF9OQU1FIw==',
                                      'oem_id': 'REDACTED_06C60A9AEEA36A3347B6EBC',
                                      'on_time': 0,
                                      'overheated': False,
                                      'region': 'Europe/Rome',
                                      'rssi': -44,
                                      'signal_level': 3,
                                      'specs': 'EU',
                                      'ssid': 'I01BU0tFRF9TU0lEIw==',
                                      'time_diff': 60,
                                      'type': 'SMART.TAPOPLUG'}},
                          {'error_code': 0,
                           'method': 'get_connect_cloud_state',
                           'result': {'status': 0}}]}}
Device 192.168.100.112, found required cloud_connect, adding Cloud to modules.
Device 192.168.100.112, found required device, adding DeviceModule to modules.
Device 192.168.100.112, found required firmware, adding Firmware to modules.
Device 192.168.100.112, found required led, adding Led to modules.
Device 192.168.100.112, found required None, adding OverheatProtection to modules.
Device 192.168.100.112, found required time, adding Time to modules.
Querying 192.168.100.112 for modules: Time, Led
192.168.100.112 multi-request-batch-1-of-1 >> '{"method":"multipleRequest","request_time_milis":1744362853728,"terminal_uuid":"NTU3/8+HT0s5ptzyPxmqwQ==","params":{"requests":[{"method":"get_device_time"},{"method":"get_led_info"}]}}'
Device 192.168.100.112 waiting 0.23499999998603016 seconds to send request
Posting to http://192.168.100.112/app?token=64D301D75A97E895C5B514B40AA4E2A4
192.168.100.112 multi-request-batch-1-of-1 << {'error_code': 0,
 'result': {'responses': [{'error_code': 0,
                           'method': 'get_device_time',
                           'result': {'region': 'Europe/Rome',
                                      'time_diff': 60,
                                      'timestamp': 1744362853}},
                          {'error_code': 0,
                           'method': 'get_led_info',
                           'result': {'led_rule': 'always',
                                      'led_status': False,
                                      'night_mode': {'end_time': 0,
                                                     'night_mode_type': 'unknown',
                                                     'start_time': 0,
                                                     'sunrise_offset': 0,
                                                     'sunset_offset': 0}}}]}}
Update completed 192.168.100.112: ['component_nego', 'get_device_info', 'get_connect_cloud_state', 'get_device_time', 'get_led_info']
Switching status
Using proactor: IocpProactor
[DISCOVERY] 192.168.100.112 >> {'system': {'get_sysinfo': {}}}
Waiting a total of 5 seconds for responses...
Using SmartDevice for SMART.TAPOPLUG
Finding protocol for 192.168.100.112
Finding protocol for DeviceFamily.SmartTapoPlug
Finding transport for SMART.AES
Created AES transport for 192.168.100.112
[DISCOVERY] 192.168.100.112 << {'error_code': 0,
 'result': {'device_id': 'REDACTED_c913ec3cd97a6bec2fbb1ee',
            'device_model': 'P100',
            'device_type': 'SMART.TAPOPLUG',
            'factory_default': False,
            'ip': '192.168.100.112',
            'is_support_iot_cloud': True,
            'mac': '74-DA-88-00-00-00',
            'mgt_encrypt_schm': {'encrypt_type': 'AES',
                                 'http_port': 80,
                                 'is_support_https': False,
                                 'lv': 2},
            'owner': 'REDACTED_19347acd812465188388075'}}
Initializing 192.168.100.112 of type <class 'kasa.smart.smartdevice.SmartDevice'>
192.168.100.112 >> '{"method":"set_device_info","request_time_milis":1744362902244,"terminal_uuid":"PLA26CzZZy27cztJQ5IhTQ==","params":{"device_on":false}}'
Will perform handshaking...
Posting to http://192.168.100.112/app
Unclosed client session
client_session: <aiohttp.client.ClientSession object at 0x000001A038DECDA0>
Unclosed connector
connections: ['deque([(<aiohttp.client_proto.ResponseHandler object at 0x000001A038DF4110>, 151055.484)])']
connector: <aiohttp.connector.TCPConnector object at 0x000001A038DECDD0>
Generating keypair
Handshake request: {'method': 'handshake', 'params': {'key': '-----BEGIN PUBLIC KEY-----\nMIGfMA0GCSqGSIb3DQEBAQUAA4GNADCBiQKBgQDA6JQib3dbagphRfV/K6LPR6WbZfoEAcPST2Q7/fVLuYcievN4WfUHmrIiPBvy1OQ+rbU04sVWhJDWAuqJh0iIBXLWi8SlYURToLlygRLmom89FKhaTtSXXG46qKXhQ72/4YxWIgddoRZ2ry8qVMosDWDsTllBn+hpDjEFfR3WfQIDAQAB\n-----END PUBLIC KEY-----\n'}}
Device responded with: {'error_code': 0, 'result': {'key': 'gSAAHLALiYzUUPjsZFz3UNknO8mIbKWhDA56Ew8ZrIifEi9ZLVsiItZB8/tvGJXpN9UZpJi+Nr8ch6WlQBYIJHYlGJXzri3DPrmQ2zwjWnCrtARjnJ84hVPEH5J5TJ055LJEmeFVHw4VfwskNS5RHLaa1j9niA8bCn6SOoS4Qe8='}}
Handshake with 192.168.100.112 complete
Posting to http://192.168.100.112/app
192.168.100.112: logged in with provided credentials
Posting to http://192.168.100.112/app?token=E60435090BD9E2DF7DBF81BC468C388D
Device 192.168.100.112 received an os error, enabling sequential request delay: Server disconnected
Device 192.168.100.112 got a connection error, will retry 3 times: ('Device connection error: 192.168.100.112: Server disconnected', ServerDisconnectedError('Server disconnected'))
192.168.100.112 >> '{"method":"set_device_info","request_time_milis":1744362902381,"terminal_uuid":"PLA26CzZZy27cztJQ5IhTQ==","params":{"device_on":false}}'
Device 192.168.100.112 waiting 0.25 seconds to send request
Posting to http://192.168.100.112/app?token=E60435090BD9E2DF7DBF81BC468C388D
192.168.100.112 << {'error_code': 0}
192.168.100.112 multi-request-batch-1-of-1 >> '{"method":"multipleRequest","request_time_milis":1744362902712,"terminal_uuid":"PLA26CzZZy27cztJQ5IhTQ==","params":{"requests":[{"method":"component_nego"},{"method":"get_device_info"},{"method":"get_connect_cloud_state"}]}}'
Device 192.168.100.112 waiting 0.25 seconds to send request
Posting to http://192.168.100.112/app?token=E60435090BD9E2DF7DBF81BC468C388D
192.168.100.112 multi-request-batch-1-of-1 << {'error_code': 0,
 'result': {'responses': [{'error_code': 0,
                           'method': 'component_nego',
                           'result': {'component_list': [{'id': 'device',
                                                          'ver_code': 2},
                                                         {'id': 'firmware',
                                                          'ver_code': 1},
                                                         {'id': 'quick_setup',
                                                          'ver_code': 3},
                                                         {'id': 'time',
                                                          'ver_code': 1},
                                                         {'id': 'wireless',
                                                          'ver_code': 1},
                                                         {'id': 'schedule',
                                                          'ver_code': 2},
                                                         {'id': 'countdown',
                                                          'ver_code': 2},
                                                         {'id': 'antitheft',
                                                          'ver_code': 1},
                                                         {'id': 'account',
                                                          'ver_code': 1},
                                                         {'id': 'synchronize',
                                                          'ver_code': 1},
                                                         {'id': 'sunrise_sunset',
                                                          'ver_code': 1},
                                                         {'id': 'led',
                                                          'ver_code': 1},
                                                         {'id': 'cloud_connect',
                                                          'ver_code': 1},
                                                         {'id': 'iot_cloud',
                                                          'ver_code': 1},
                                                         {'id': 'default_states',
                                                          'ver_code': 1}]}},
                          {'error_code': 0,
                           'method': 'get_device_info',
                           'result': {'avatar': 'plug',
                                      'default_states': {'state': {},
                                                         'type': 'last_states'},
                                      'device_id': 'REDACTED_DB80F24B353338FA05BB18C1C486215',
                                      'device_on': False,
                                      'fw_id': 'REDACTED_A25ABDE41405B20C6F98816',
                                      'fw_ver': '1.3.7 Build 20230711 Rel. '
                                                '61904',
                                      'has_set_location_info': True,
                                      'hw_id': 'REDACTED_5B29645B8150C392284029D',
                                      'hw_ver': '1.0.0',
                                      'ip': '192.168.100.112',
                                      'lang': 'it_IT',
                                      'latitude': 0,
                                      'location': '',
                                      'longitude': 0,
                                      'mac': '74-DA-88-00-00-00',
                                      'model': 'P100',
                                      'nickname': 'I01BU0tFRF9OQU1FIw==',
                                      'oem_id': 'REDACTED_06C60A9AEEA36A3347B6EBC',
                                      'on_time': 0,
                                      'overheated': False,
                                      'region': 'Europe/Rome',
                                      'rssi': -44,
                                      'signal_level': 3,
                                      'specs': 'EU',
                                      'ssid': 'I01BU0tFRF9TU0lEIw==',
                                      'time_diff': 60,
                                      'type': 'SMART.TAPOPLUG'}},
                          {'error_code': 0,
                           'method': 'get_connect_cloud_state',
                           'result': {'status': 0}}]}}
Device 192.168.100.112, found required cloud_connect, adding Cloud to modules.
Device 192.168.100.112, found required device, adding DeviceModule to modules.
Device 192.168.100.112, found required firmware, adding Firmware to modules.
Device 192.168.100.112, found required led, adding Led to modules.
Device 192.168.100.112, found required None, adding OverheatProtection to modules.
Device 192.168.100.112, found required time, adding Time to modules.
Querying 192.168.100.112 for modules: Time, Led
192.168.100.112 multi-request-batch-1-of-1 >> '{"method":"multipleRequest","request_time_milis":1744362903047,"terminal_uuid":"PLA26CzZZy27cztJQ5IhTQ==","params":{"requests":[{"method":"get_device_time"},{"method":"get_led_info"}]}}'
Device 192.168.100.112 waiting 0.23399999999674037 seconds to send request
Posting to http://192.168.100.112/app?token=E60435090BD9E2DF7DBF81BC468C388D
Unable to query the device: 192.168.100.112, not retrying: ('Unable to query the device: 192.168.100.112: ', TimeoutError())
Error querying 192.168.100.112 for modules 'Time, Led' on first update: ('Unable to query the device: 192.168.100.112: ', TimeoutError())
192.168.100.112 >> '{"method":"get_device_time","request_time_milis":1744362908608,"terminal_uuid":"PLA26CzZZy27cztJQ5IhTQ=="}'
Will perform handshaking...
Posting to http://192.168.100.112/app
Generating keypair
Handshake request: {'method': 'handshake', 'params': {'key': '-----BEGIN PUBLIC KEY-----\nMIGfMA0GCSqGSIb3DQEBAQUAA4GNADCBiQKBgQDA6JQib3dbagphRfV/K6LPR6WbZfoEAcPST2Q7/fVLuYcievN4WfUHmrIiPBvy1OQ+rbU04sVWhJDWAuqJh0iIBXLWi8SlYURToLlygRLmom89FKhaTtSXXG46qKXhQ72/4YxWIgddoRZ2ry8qVMosDWDsTllBn+hpDjEFfR3WfQIDAQAB\n-----END PUBLIC KEY-----\n'}}
Device responded with: {'error_code': 0, 'result': {'key': 'AccxGgEwSM+DmDrkrh0WYzKn0VFMbjTwPpQq9tlp5EHtbrnaCd7NfsoyBfWy9G5LcyJI9e1p4+87ivu/fUEiChAZBbeFGt9RHVorWJSrODjw6rnR7EyHGJGVLnA+HbyLMmgJr4Y2kgj/tyN+y+4+7BTZIL6zk+Kkj01Y0wtZFlM='}}
Handshake with 192.168.100.112 complete
Device 192.168.100.112 waiting 0.25 seconds to send request
Posting to http://192.168.100.112/app
192.168.100.112: logged in with provided credentials
Device 192.168.100.112 waiting 0.25 seconds to send request
Posting to http://192.168.100.112/app?token=0EA85AAB109BBA9A1F8A428A908ABE8A
192.168.100.112 << {'error_code': 0,
 'result': {'region': 'Europe/Rome', 'time_diff': 60, 'timestamp': 1744362913}}
192.168.100.112 >> '{"method":"get_led_info","request_time_milis":1744362914018,"terminal_uuid":"PLA26CzZZy27cztJQ5IhTQ=="}'
Device 192.168.100.112 waiting 0.25 seconds to send request
Posting to http://192.168.100.112/app?token=0EA85AAB109BBA9A1F8A428A908ABE8A
192.168.100.112 << {'error_code': 0,
 'result': {'led_rule': 'always',
            'led_status': False,
            'night_mode': {'end_time': 0,
                           'night_mode_type': 'unknown',
                           'start_time': 0,
                           'sunrise_offset': 0,
                           'sunset_offset': 0}}}
Update completed 192.168.100.112: ['component_nego', 'get_device_info', 'get_connect_cloud_state', 'get_device_time', 'get_led_info']
Unclosed client session
client_session: <aiohttp.client.ClientSession object at 0x000001A038BD9790>
Exception in default exception handler
Traceback (most recent call last):
  File "C:\Users\Davide\AppData\Local\Programs\Python\Python312\Lib\asyncio\base_events.py", line 1847, in call_exception_handler
    self.default_exception_handler(context)
  File "C:\Users\Davide\AppData\Local\Programs\Python\Python312\Lib\asyncio\base_events.py", line 1821, in default_exception_handler
    logger.error('\n'.join(log_lines), exc_info=exc_info)
  File "C:\Users\Davide\AppData\Local\Programs\Python\Python312\Lib\logging\__init__.py", line 1568, in error
    self._log(ERROR, msg, args, **kwargs)
  File "C:\Users\Davide\AppData\Local\Programs\Python\Python312\Lib\logging\__init__.py", line 1684, in _log
    self.handle(record)
  File "C:\Users\Davide\AppData\Local\Programs\Python\Python312\Lib\logging\__init__.py", line 1700, in handle
    self.callHandlers(record)
  File "C:\Users\Davide\AppData\Local\Programs\Python\Python312\Lib\logging\__init__.py", line 1762, in callHandlers
    hdlr.handle(record)
  File "C:\Users\Davide\Desktop\ServerSmartPlug\log_manager.py", line 16, in handle
    listener(record)
  File "C:\Users\Davide\Desktop\ServerSmartPlug\gui\windows.py", line 25, in _add_console_line
    self.console_text.configure(state='normal')
  File "C:\Users\Davide\AppData\Local\Programs\Python\Python312\Lib\tkinter\__init__.py", line 1722, in configure
    return self._configure('configure', cnf, kw)
           ^^^^^^^^^^^^^^^^^^^^^^^^^^^^^^^^^^^^^
  File "C:\Users\Davide\AppData\Local\Programs\Python\Python312\Lib\tkinter\__init__.py", line 1712, in _configure
    self.tk.call(_flatten((self._w, cmd)) + self._options(cnf))
_tkinter.TclError: invalid command name ".!frame4.!frame.!text"
Unclosed connector
connections: ['deque([(<aiohttp.client_proto.ResponseHandler object at 0x000001A038BF7BF0>, 151048.0)])']
connector: <aiohttp.connector.TCPConnector object at 0x000001A038BD9820>
Exception in default exception handler
Traceback (most recent call last):
  File "C:\Users\Davide\AppData\Local\Programs\Python\Python312\Lib\asyncio\base_events.py", line 1847, in call_exception_handler
    self.default_exception_handler(context)
  File "C:\Users\Davide\AppData\Local\Programs\Python\Python312\Lib\asyncio\base_events.py", line 1821, in default_exception_handler
    logger.error('\n'.join(log_lines), exc_info=exc_info)
  File "C:\Users\Davide\AppData\Local\Programs\Python\Python312\Lib\logging\__init__.py", line 1568, in error
    self._log(ERROR, msg, args, **kwargs)
  File "C:\Users\Davide\AppData\Local\Programs\Python\Python312\Lib\logging\__init__.py", line 1684, in _log
    self.handle(record)
  File "C:\Users\Davide\AppData\Local\Programs\Python\Python312\Lib\logging\__init__.py", line 1700, in handle
    self.callHandlers(record)
  File "C:\Users\Davide\AppData\Local\Programs\Python\Python312\Lib\logging\__init__.py", line 1762, in callHandlers
    hdlr.handle(record)
  File "C:\Users\Davide\Desktop\ServerSmartPlug\log_manager.py", line 16, in handle
    listener(record)
  File "C:\Users\Davide\Desktop\ServerSmartPlug\gui\windows.py", line 25, in _add_console_line
    self.console_text.configure(state='normal')
  File "C:\Users\Davide\AppData\Local\Programs\Python\Python312\Lib\tkinter\__init__.py", line 1722, in configure
    return self._configure('configure', cnf, kw)
           ^^^^^^^^^^^^^^^^^^^^^^^^^^^^^^^^^^^^^
  File "C:\Users\Davide\AppData\Local\Programs\Python\Python312\Lib\tkinter\__init__.py", line 1712, in _configure
    self.tk.call(_flatten((self._w, cmd)) + self._options(cnf))
_tkinter.TclError: invalid command name ".!frame4.!frame.!text"
Unclosed client session
client_session: <aiohttp.client.ClientSession object at 0x000001A038DEE780>
Exception in default exception handler
Traceback (most recent call last):
  File "C:\Users\Davide\AppData\Local\Programs\Python\Python312\Lib\asyncio\base_events.py", line 1847, in call_exception_handler
    self.default_exception_handler(context)
  File "C:\Users\Davide\AppData\Local\Programs\Python\Python312\Lib\asyncio\base_events.py", line 1821, in default_exception_handler
    logger.error('\n'.join(log_lines), exc_info=exc_info)
  File "C:\Users\Davide\AppData\Local\Programs\Python\Python312\Lib\logging\__init__.py", line 1568, in error
    self._log(ERROR, msg, args, **kwargs)
  File "C:\Users\Davide\AppData\Local\Programs\Python\Python312\Lib\logging\__init__.py", line 1684, in _log
    self.handle(record)
  File "C:\Users\Davide\AppData\Local\Programs\Python\Python312\Lib\logging\__init__.py", line 1700, in handle
    self.callHandlers(record)
  File "C:\Users\Davide\AppData\Local\Programs\Python\Python312\Lib\logging\__init__.py", line 1762, in callHandlers
    hdlr.handle(record)
  File "C:\Users\Davide\Desktop\ServerSmartPlug\log_manager.py", line 16, in handle
    listener(record)
  File "C:\Users\Davide\Desktop\ServerSmartPlug\gui\windows.py", line 25, in _add_console_line
    self.console_text.configure(state='normal')
  File "C:\Users\Davide\AppData\Local\Programs\Python\Python312\Lib\tkinter\__init__.py", line 1722, in configure
    return self._configure('configure', cnf, kw)
           ^^^^^^^^^^^^^^^^^^^^^^^^^^^^^^^^^^^^^
  File "C:\Users\Davide\AppData\Local\Programs\Python\Python312\Lib\tkinter\__init__.py", line 1712, in _configure
    self.tk.call(_flatten((self._w, cmd)) + self._options(cnf))
_tkinter.TclError: invalid command name ".!frame4.!frame.!text"
Unclosed connector
connections: ['deque([(<aiohttp.client_proto.ResponseHandler object at 0x000001A038DF4470>, 151115.781)])']
connector: <aiohttp.connector.TCPConnector object at 0x000001A038DEE7E0>
Exception in default exception handler
Traceback (most recent call last):
  File "C:\Users\Davide\AppData\Local\Programs\Python\Python312\Lib\asyncio\base_events.py", line 1847, in call_exception_handler
    self.default_exception_handler(context)
  File "C:\Users\Davide\AppData\Local\Programs\Python\Python312\Lib\asyncio\base_events.py", line 1821, in default_exception_handler
    logger.error('\n'.join(log_lines), exc_info=exc_info)
  File "C:\Users\Davide\AppData\Local\Programs\Python\Python312\Lib\logging\__init__.py", line 1568, in error
    self._log(ERROR, msg, args, **kwargs)
  File "C:\Users\Davide\AppData\Local\Programs\Python\Python312\Lib\logging\__init__.py", line 1684, in _log
    self.handle(record)
  File "C:\Users\Davide\AppData\Local\Programs\Python\Python312\Lib\logging\__init__.py", line 1700, in handle
    self.callHandlers(record)
  File "C:\Users\Davide\AppData\Local\Programs\Python\Python312\Lib\logging\__init__.py", line 1762, in callHandlers
    hdlr.handle(record)
  File "C:\Users\Davide\Desktop\ServerSmartPlug\log_manager.py", line 16, in handle
    listener(record)
  File "C:\Users\Davide\Desktop\ServerSmartPlug\gui\windows.py", line 25, in _add_console_line
    self.console_text.configure(state='normal')
  File "C:\Users\Davide\AppData\Local\Programs\Python\Python312\Lib\tkinter\__init__.py", line 1722, in configure
    return self._configure('configure', cnf, kw)
           ^^^^^^^^^^^^^^^^^^^^^^^^^^^^^^^^^^^^^
  File "C:\Users\Davide\AppData\Local\Programs\Python\Python312\Lib\tkinter\__init__.py", line 1712, in _configure
    self.tk.call(_flatten((self._w, cmd)) + self._options(cnf))
_tkinter.TclError: invalid command name ".!frame4.!frame.!text"
C:\Users\Davide\AppData\Local\I3Lab - Politecnico di Milano\Server SmartPlug\options.json
Discovery started...
Using proactor: IocpProactor
Listening on 127.0.0.1:7071
[DISCOVERY] 255.255.255.255 >> {'system': {'get_sysinfo': {}}}
Waiting 5 seconds for responses...
Using proactor: IocpProactor
Using SmartDevice for SMART.TAPOPLUG
Finding protocol for 192.168.100.112
Finding protocol for DeviceFamily.SmartTapoPlug
Finding transport for SMART.AES
Created AES transport for 192.168.100.112
[DISCOVERY] 192.168.100.112 << {'error_code': 0,
 'result': {'device_id': 'REDACTED_c913ec3cd97a6bec2fbb1ee',
            'device_model': 'P100',
            'device_type': 'SMART.TAPOPLUG',
            'factory_default': False,
            'ip': '192.168.100.112',
            'is_support_iot_cloud': True,
            'mac': '74-DA-88-00-00-00',
            'mgt_encrypt_schm': {'encrypt_type': 'AES',
                                 'http_port': 80,
                                 'is_support_https': False,
                                 'lv': 2},
            'owner': 'REDACTED_19347acd812465188388075'}}
Initializing 192.168.100.112 of type <class 'kasa.smart.smartdevice.SmartDevice'>
Discovery finished! Found: 1 device(s)
Discovered 1 devices
Using proactor: IocpProactor
[DISCOVERY] 192.168.100.112 >> {'system': {'get_sysinfo': {}}}
Waiting a total of 5 seconds for responses...
Using SmartDevice for SMART.TAPOPLUG
Finding protocol for 192.168.100.112
Finding protocol for DeviceFamily.SmartTapoPlug
Finding transport for SMART.AES
Created AES transport for 192.168.100.112
[DISCOVERY] 192.168.100.112 << {'error_code': 0,
 'result': {'device_id': 'REDACTED_c913ec3cd97a6bec2fbb1ee',
            'device_model': 'P100',
            'device_type': 'SMART.TAPOPLUG',
            'factory_default': False,
            'ip': '192.168.100.112',
            'is_support_iot_cloud': True,
            'mac': '74-DA-88-00-00-00',
            'mgt_encrypt_schm': {'encrypt_type': 'AES',
                                 'http_port': 80,
                                 'is_support_https': False,
                                 'lv': 2},
            'owner': 'REDACTED_19347acd812465188388075'}}
Initializing 192.168.100.112 of type <class 'kasa.smart.smartdevice.SmartDevice'>
192.168.100.112 multi-request-batch-1-of-1 >> '{"method":"multipleRequest","request_time_milis":1744362954579,"terminal_uuid":"zusNXzFtAS3mZ1/nKN/1Yw==","params":{"requests":[{"method":"component_nego"},{"method":"get_device_info"},{"method":"get_connect_cloud_state"}]}}'
Will perform handshaking...
Posting to http://192.168.100.112/app
Generating keypair
Handshake request: {'method': 'handshake', 'params': {'key': '-----BEGIN PUBLIC KEY-----\nMIGfMA0GCSqGSIb3DQEBAQUAA4GNADCBiQKBgQCpxkqjbcdTNxXkRssTb7hNv7FM9asoKsHsPe6tjQRFEzZNzyYlWG6Sf1bcNgJ1esuBglVTEDEZ9KT9mrBvN92mVLRMptQnIF/2fIKhd9fmFn2o2O6+gVAVlzJSkf17iwd+7UAScaN5ogxnFhSMw9eWEfkIQOopRuSOp9IvASabZwIDAQAB\n-----END PUBLIC KEY-----\n'}}
Device responded with: {'error_code': 0, 'result': {'key': 'NHUlmivQXAa4aCUhKFENig5jwl9U2WK10QH/Fikg42B0R9G9bKVvpvHWSwaqaVKY3qHhAQHcJvMO8BRHevxE5+wKxEK28XFZuvNcf04GNVQFpzJTlMFb+ZIASRYIGfrta2DJzv5ohvcf/870P6L2n2XY/1at0FM/lGW7mk51/s4='}}
Handshake with 192.168.100.112 complete
Posting to http://192.168.100.112/app
192.168.100.112: logged in with provided credentials
Posting to http://192.168.100.112/app?token=6F72497928C93BCC0B9C029E92BE96BF
Device 192.168.100.112 received an os error, enabling sequential request delay: Server disconnected
Device 192.168.100.112 got a connection error, will retry 3 times: ('Device connection error: 192.168.100.112: Server disconnected', ServerDisconnectedError('Server disconnected'))
192.168.100.112 multi-request-batch-1-of-1 >> '{"method":"multipleRequest","request_time_milis":1744362954751,"terminal_uuid":"zusNXzFtAS3mZ1/nKN/1Yw==","params":{"requests":[{"method":"component_nego"},{"method":"get_device_info"},{"method":"get_connect_cloud_state"}]}}'
Device 192.168.100.112 waiting 0.25 seconds to send request
Posting to http://192.168.100.112/app?token=6F72497928C93BCC0B9C029E92BE96BF
192.168.100.112 multi-request-batch-1-of-1 << {'error_code': 0,
 'result': {'responses': [{'error_code': 0,
                           'method': 'component_nego',
                           'result': {'component_list': [{'id': 'device',
                                                          'ver_code': 2},
                                                         {'id': 'firmware',
                                                          'ver_code': 1},
                                                         {'id': 'quick_setup',
                                                          'ver_code': 3},
                                                         {'id': 'time',
                                                          'ver_code': 1},
                                                         {'id': 'wireless',
                                                          'ver_code': 1},
                                                         {'id': 'schedule',
                                                          'ver_code': 2},
                                                         {'id': 'countdown',
                                                          'ver_code': 2},
                                                         {'id': 'antitheft',
                                                          'ver_code': 1},
                                                         {'id': 'account',
                                                          'ver_code': 1},
                                                         {'id': 'synchronize',
                                                          'ver_code': 1},
                                                         {'id': 'sunrise_sunset',
                                                          'ver_code': 1},
                                                         {'id': 'led',
                                                          'ver_code': 1},
                                                         {'id': 'cloud_connect',
                                                          'ver_code': 1},
                                                         {'id': 'iot_cloud',
                                                          'ver_code': 1},
                                                         {'id': 'default_states',
                                                          'ver_code': 1}]}},
                          {'error_code': 0,
                           'method': 'get_device_info',
                           'result': {'avatar': 'plug',
                                      'default_states': {'state': {},
                                                         'type': 'last_states'},
                                      'device_id': 'REDACTED_DB80F24B353338FA05BB18C1C486215',
                                      'device_on': False,
                                      'fw_id': 'REDACTED_A25ABDE41405B20C6F98816',
                                      'fw_ver': '1.3.7 Build 20230711 Rel. '
                                                '61904',
                                      'has_set_location_info': True,
                                      'hw_id': 'REDACTED_5B29645B8150C392284029D',
                                      'hw_ver': '1.0.0',
                                      'ip': '192.168.100.112',
                                      'lang': 'it_IT',
                                      'latitude': 0,
                                      'location': '',
                                      'longitude': 0,
                                      'mac': '74-DA-88-00-00-00',
                                      'model': 'P100',
                                      'nickname': 'I01BU0tFRF9OQU1FIw==',
                                      'oem_id': 'REDACTED_06C60A9AEEA36A3347B6EBC',
                                      'on_time': 0,
                                      'overheated': False,
                                      'region': 'Europe/Rome',
                                      'rssi': -45,
                                      'signal_level': 3,
                                      'specs': 'EU',
                                      'ssid': 'I01BU0tFRF9TU0lEIw==',
                                      'time_diff': 60,
                                      'type': 'SMART.TAPOPLUG'}},
                          {'error_code': 0,
                           'method': 'get_connect_cloud_state',
                           'result': {'status': 0}}]}}
Device 192.168.100.112, found required cloud_connect, adding Cloud to modules.
Device 192.168.100.112, found required device, adding DeviceModule to modules.
Device 192.168.100.112, found required firmware, adding Firmware to modules.
Device 192.168.100.112, found required led, adding Led to modules.
Device 192.168.100.112, found required None, adding OverheatProtection to modules.
Device 192.168.100.112, found required time, adding Time to modules.
Querying 192.168.100.112 for modules: Time, Led
192.168.100.112 multi-request-batch-1-of-1 >> '{"method":"multipleRequest","request_time_milis":1744362955090,"terminal_uuid":"zusNXzFtAS3mZ1/nKN/1Yw==","params":{"requests":[{"method":"get_device_time"},{"method":"get_led_info"}]}}'
Device 192.168.100.112 waiting 0.23399999999674037 seconds to send request
Posting to http://192.168.100.112/app?token=6F72497928C93BCC0B9C029E92BE96BF
192.168.100.112 multi-request-batch-1-of-1 << {'error_code': 0,
 'result': {'responses': [{'error_code': 0,
                           'method': 'get_device_time',
                           'result': {'region': 'Europe/Rome',
                                      'time_diff': 60,
                                      'timestamp': 1744362955}},
                          {'error_code': 0,
                           'method': 'get_led_info',
                           'result': {'led_rule': 'always',
                                      'led_status': False,
                                      'night_mode': {'end_time': 0,
                                                     'night_mode_type': 'unknown',
                                                     'start_time': 0,
                                                     'sunrise_offset': 0,
                                                     'sunset_offset': 0}}}]}}
Update completed 192.168.100.112: ['component_nego', 'get_device_info', 'get_connect_cloud_state', 'get_device_time', 'get_led_info']
Switching status
Using proactor: IocpProactor
[DISCOVERY] 192.168.100.112 >> {'system': {'get_sysinfo': {}}}
Waiting a total of 5 seconds for responses...
Using SmartDevice for SMART.TAPOPLUG
Finding protocol for 192.168.100.112
Finding protocol for DeviceFamily.SmartTapoPlug
Finding transport for SMART.AES
Created AES transport for 192.168.100.112
[DISCOVERY] 192.168.100.112 << {'error_code': 0,
 'result': {'device_id': 'REDACTED_c913ec3cd97a6bec2fbb1ee',
            'device_model': 'P100',
            'device_type': 'SMART.TAPOPLUG',
            'factory_default': False,
            'ip': '192.168.100.112',
            'is_support_iot_cloud': True,
            'mac': '74-DA-88-00-00-00',
            'mgt_encrypt_schm': {'encrypt_type': 'AES',
                                 'http_port': 80,
                                 'is_support_https': False,
                                 'lv': 2},
            'owner': 'REDACTED_19347acd812465188388075'}}
Initializing 192.168.100.112 of type <class 'kasa.smart.smartdevice.SmartDevice'>
192.168.100.112 >> '{"method":"set_device_info","request_time_milis":1744362959020,"terminal_uuid":"bN33VTWeAgU1WHWU64+5/A==","params":{"device_on":false}}'
Will perform handshaking...
Posting to http://192.168.100.112/app
Generating keypair
Handshake request: {'method': 'handshake', 'params': {'key': '-----BEGIN PUBLIC KEY-----\nMIGfMA0GCSqGSIb3DQEBAQUAA4GNADCBiQKBgQDvkA4q+5+6J4Z2suLqPDePwZopdanU4p8lPW9ph13qQxecKWCZdVYUDpjWIXDfB0c5gFRjoROOVMOKJRfsCvltnlzxB1aFqry5SDpb5FC6WNLu1d2uGZ8GoVr+g4e12SttJfveQdWOReOYvIIOu2ApVdd4ha5yz9tMPkKxRXPbqwIDAQAB\n-----END PUBLIC KEY-----\n'}}
Device responded with: {'error_code': 0, 'result': {'key': '4VN8XIgXNS2+BD6Jefx7Npifi4x/vRlqSnXM0ObS3L4Va79hU2RnPEy03C7j9Qm6ykosvpXKWeeFlze+0ECgnsECWmIFKfLh6XjKZPXSNlIN8wwdkaTVl8UTUUEXs/uS3I6X7Ka9412PRuP2alqvHtPiwu8S+15wEXwCBtfXHEk='}}
Handshake with 192.168.100.112 complete
Posting to http://192.168.100.112/app
192.168.100.112: logged in with provided credentials
Posting to http://192.168.100.112/app?token=B108270C4B4C884EB66E576F487FB87F
Device 192.168.100.112 received an os error, enabling sequential request delay: Server disconnected
Device 192.168.100.112 got a connection error, will retry 3 times: ('Device connection error: 192.168.100.112: Server disconnected', ServerDisconnectedError('Server disconnected'))
192.168.100.112 >> '{"method":"set_device_info","request_time_milis":1744362959179,"terminal_uuid":"bN33VTWeAgU1WHWU64+5/A==","params":{"device_on":false}}'
Device 192.168.100.112 waiting 0.25 seconds to send request
Posting to http://192.168.100.112/app?token=B108270C4B4C884EB66E576F487FB87F
192.168.100.112 << {'error_code': 0}
192.168.100.112 multi-request-batch-1-of-1 >> '{"method":"multipleRequest","request_time_milis":1744362959538,"terminal_uuid":"bN33VTWeAgU1WHWU64+5/A==","params":{"requests":[{"method":"component_nego"},{"method":"get_device_info"},{"method":"get_connect_cloud_state"}]}}'
Device 192.168.100.112 waiting 0.25 seconds to send request
Posting to http://192.168.100.112/app?token=B108270C4B4C884EB66E576F487FB87F
192.168.100.112 multi-request-batch-1-of-1 << {'error_code': 0,
 'result': {'responses': [{'error_code': 0,
                           'method': 'component_nego',
                           'result': {'component_list': [{'id': 'device',
                                                          'ver_code': 2},
                                                         {'id': 'firmware',
                                                          'ver_code': 1},
                                                         {'id': 'quick_setup',
                                                          'ver_code': 3},
                                                         {'id': 'time',
                                                          'ver_code': 1},
                                                         {'id': 'wireless',
                                                          'ver_code': 1},
                                                         {'id': 'schedule',
                                                          'ver_code': 2},
                                                         {'id': 'countdown',
                                                          'ver_code': 2},
                                                         {'id': 'antitheft',
                                                          'ver_code': 1},
                                                         {'id': 'account',
                                                          'ver_code': 1},
                                                         {'id': 'synchronize',
                                                          'ver_code': 1},
                                                         {'id': 'sunrise_sunset',
                                                          'ver_code': 1},
                                                         {'id': 'led',
                                                          'ver_code': 1},
                                                         {'id': 'cloud_connect',
                                                          'ver_code': 1},
                                                         {'id': 'iot_cloud',
                                                          'ver_code': 1},
                                                         {'id': 'default_states',
                                                          'ver_code': 1}]}},
                          {'error_code': 0,
                           'method': 'get_device_info',
                           'result': {'avatar': 'plug',
                                      'default_states': {'state': {},
                                                         'type': 'last_states'},
                                      'device_id': 'REDACTED_DB80F24B353338FA05BB18C1C486215',
                                      'device_on': False,
                                      'fw_id': 'REDACTED_A25ABDE41405B20C6F98816',
                                      'fw_ver': '1.3.7 Build 20230711 Rel. '
                                                '61904',
                                      'has_set_location_info': True,
                                      'hw_id': 'REDACTED_5B29645B8150C392284029D',
                                      'hw_ver': '1.0.0',
                                      'ip': '192.168.100.112',
                                      'lang': 'it_IT',
                                      'latitude': 0,
                                      'location': '',
                                      'longitude': 0,
                                      'mac': '74-DA-88-00-00-00',
                                      'model': 'P100',
                                      'nickname': 'I01BU0tFRF9OQU1FIw==',
                                      'oem_id': 'REDACTED_06C60A9AEEA36A3347B6EBC',
                                      'on_time': 0,
                                      'overheated': False,
                                      'region': 'Europe/Rome',
                                      'rssi': -45,
                                      'signal_level': 3,
                                      'specs': 'EU',
                                      'ssid': 'I01BU0tFRF9TU0lEIw==',
                                      'time_diff': 60,
                                      'type': 'SMART.TAPOPLUG'}},
                          {'error_code': 0,
                           'method': 'get_connect_cloud_state',
                           'result': {'status': 0}}]}}
Device 192.168.100.112, found required cloud_connect, adding Cloud to modules.
Device 192.168.100.112, found required device, adding DeviceModule to modules.
Device 192.168.100.112, found required firmware, adding Firmware to modules.
Device 192.168.100.112, found required led, adding Led to modules.
Device 192.168.100.112, found required None, adding OverheatProtection to modules.
Device 192.168.100.112, found required time, adding Time to modules.
Querying 192.168.100.112 for modules: Time, Led
192.168.100.112 multi-request-batch-1-of-1 >> '{"method":"multipleRequest","request_time_milis":1744362959900,"terminal_uuid":"bN33VTWeAgU1WHWU64+5/A==","params":{"requests":[{"method":"get_device_time"},{"method":"get_led_info"}]}}'
Device 192.168.100.112 waiting 0.23399999999674037 seconds to send request
Posting to http://192.168.100.112/app?token=B108270C4B4C884EB66E576F487FB87F
192.168.100.112 multi-request-batch-1-of-1 << {'error_code': 0,
 'result': {'responses': [{'error_code': 0,
                           'method': 'get_device_time',
                           'result': {'region': 'Europe/Rome',
                                      'time_diff': 60,
                                      'timestamp': 1744362959}},
                          {'error_code': 0,
                           'method': 'get_led_info',
                           'result': {'led_rule': 'always',
                                      'led_status': False,
                                      'night_mode': {'end_time': 0,
                                                     'night_mode_type': 'unknown',
                                                     'start_time': 0,
                                                     'sunrise_offset': 0,
                                                     'sunset_offset': 0}}}]}}
Update completed 192.168.100.112: ['component_nego', 'get_device_info', 'get_connect_cloud_state', 'get_device_time', 'get_led_info']
C:\Users\Davide\AppData\Local\I3Lab - Politecnico di Milano\Server SmartPlug\options.json
Discovery started...
Using proactor: IocpProactor
Listening on 127.0.0.1:7071
[DISCOVERY] 255.255.255.255 >> {'system': {'get_sysinfo': {}}}
Waiting 5 seconds for responses...
Using proactor: IocpProactor
Using SmartDevice for SMART.TAPOPLUG
Finding protocol for 192.168.100.112
Finding protocol for DeviceFamily.SmartTapoPlug
Finding transport for SMART.AES
Created AES transport for 192.168.100.112
[DISCOVERY] 192.168.100.112 << {'error_code': 0,
 'result': {'device_id': 'REDACTED_c913ec3cd97a6bec2fbb1ee',
            'device_model': 'P100',
            'device_type': 'SMART.TAPOPLUG',
            'factory_default': False,
            'ip': '192.168.100.112',
            'is_support_iot_cloud': True,
            'mac': '74-DA-88-00-00-00',
            'mgt_encrypt_schm': {'encrypt_type': 'AES',
                                 'http_port': 80,
                                 'is_support_https': False,
                                 'lv': 2},
            'owner': 'REDACTED_19347acd812465188388075'}}
Initializing 192.168.100.112 of type <class 'kasa.smart.smartdevice.SmartDevice'>
Discovery finished! Found: 1 device(s)
Discovered 1 devices
Using proactor: IocpProactor
[DISCOVERY] 192.168.100.112 >> {'system': {'get_sysinfo': {}}}
Waiting a total of 5 seconds for responses...
Using SmartDevice for SMART.TAPOPLUG
Finding protocol for 192.168.100.112
Finding protocol for DeviceFamily.SmartTapoPlug
Finding transport for SMART.AES
Created AES transport for 192.168.100.112
[DISCOVERY] 192.168.100.112 << {'error_code': 0,
 'result': {'device_id': 'REDACTED_c913ec3cd97a6bec2fbb1ee',
            'device_model': 'P100',
            'device_type': 'SMART.TAPOPLUG',
            'factory_default': False,
            'ip': '192.168.100.112',
            'is_support_iot_cloud': True,
            'mac': '74-DA-88-00-00-00',
            'mgt_encrypt_schm': {'encrypt_type': 'AES',
                                 'http_port': 80,
                                 'is_support_https': False,
                                 'lv': 2},
            'owner': 'REDACTED_19347acd812465188388075'}}
Initializing 192.168.100.112 of type <class 'kasa.smart.smartdevice.SmartDevice'>
192.168.100.112 multi-request-batch-1-of-1 >> '{"method":"multipleRequest","request_time_milis":1744363021539,"terminal_uuid":"nTIYuk8l5SP8PrPZ0xb7vg==","params":{"requests":[{"method":"component_nego"},{"method":"get_device_info"},{"method":"get_connect_cloud_state"}]}}'
Will perform handshaking...
Posting to http://192.168.100.112/app
Generating keypair
Handshake request: {'method': 'handshake', 'params': {'key': '-----BEGIN PUBLIC KEY-----\nMIGfMA0GCSqGSIb3DQEBAQUAA4GNADCBiQKBgQCa+DwA/9dSNhg+RpYHBF7CbuTmofU5UdwQLsMLB1MTDuUa0WYZyw0myW4YQUtCux++Qzv6+AldObGjEv5l7s3cVnDxj+EMzc0fsHMRnt/wse4KQGeke7EnHKHXXQjFimmXQSrPZ1XJG1kcNRil71lALHCTiVfYXjGIsreP6dazyQIDAQAB\n-----END PUBLIC KEY-----\n'}}
Device responded with: {'error_code': 0, 'result': {'key': 'LISkUWl0tSJgirukrJGkPkeykXTNSDFj9Cj6lQaOwgM2UBVFItKHNumaCZO7maeqBQ7vWSNrbkBdDGOtd4KMhIefFKcpmcPgDMqvvDlL2yLYhLpNJF3S3Mm+gnl+ty4mVeGR0l05ZFfohzJahSlsRCQtCQMLHXfDkH/PaHELu/w='}}
Handshake with 192.168.100.112 complete
Posting to http://192.168.100.112/app
192.168.100.112: logged in with provided credentials
Posting to http://192.168.100.112/app?token=26E98AE447349132F7529C5127619260
Device 192.168.100.112 received an os error, enabling sequential request delay: Server disconnected
Device 192.168.100.112 got a connection error, will retry 3 times: ('Device connection error: 192.168.100.112: Server disconnected', ServerDisconnectedError('Server disconnected'))
192.168.100.112 multi-request-batch-1-of-1 >> '{"method":"multipleRequest","request_time_milis":1744363021700,"terminal_uuid":"nTIYuk8l5SP8PrPZ0xb7vg==","params":{"requests":[{"method":"component_nego"},{"method":"get_device_info"},{"method":"get_connect_cloud_state"}]}}'
Device 192.168.100.112 waiting 0.25 seconds to send request
Posting to http://192.168.100.112/app?token=26E98AE447349132F7529C5127619260
192.168.100.112 multi-request-batch-1-of-1 << {'error_code': 0,
 'result': {'responses': [{'error_code': 0,
                           'method': 'component_nego',
                           'result': {'component_list': [{'id': 'device',
                                                          'ver_code': 2},
                                                         {'id': 'firmware',
                                                          'ver_code': 1},
                                                         {'id': 'quick_setup',
                                                          'ver_code': 3},
                                                         {'id': 'time',
                                                          'ver_code': 1},
                                                         {'id': 'wireless',
                                                          'ver_code': 1},
                                                         {'id': 'schedule',
                                                          'ver_code': 2},
                                                         {'id': 'countdown',
                                                          'ver_code': 2},
                                                         {'id': 'antitheft',
                                                          'ver_code': 1},
                                                         {'id': 'account',
                                                          'ver_code': 1},
                                                         {'id': 'synchronize',
                                                          'ver_code': 1},
                                                         {'id': 'sunrise_sunset',
                                                          'ver_code': 1},
                                                         {'id': 'led',
                                                          'ver_code': 1},
                                                         {'id': 'cloud_connect',
                                                          'ver_code': 1},
                                                         {'id': 'iot_cloud',
                                                          'ver_code': 1},
                                                         {'id': 'default_states',
                                                          'ver_code': 1}]}},
                          {'error_code': 0,
                           'method': 'get_device_info',
                           'result': {'avatar': 'plug',
                                      'default_states': {'state': {},
                                                         'type': 'last_states'},
                                      'device_id': 'REDACTED_DB80F24B353338FA05BB18C1C486215',
                                      'device_on': False,
                                      'fw_id': 'REDACTED_A25ABDE41405B20C6F98816',
                                      'fw_ver': '1.3.7 Build 20230711 Rel. '
                                                '61904',
                                      'has_set_location_info': True,
                                      'hw_id': 'REDACTED_5B29645B8150C392284029D',
                                      'hw_ver': '1.0.0',
                                      'ip': '192.168.100.112',
                                      'lang': 'it_IT',
                                      'latitude': 0,
                                      'location': '',
                                      'longitude': 0,
                                      'mac': '74-DA-88-00-00-00',
                                      'model': 'P100',
                                      'nickname': 'I01BU0tFRF9OQU1FIw==',
                                      'oem_id': 'REDACTED_06C60A9AEEA36A3347B6EBC',
                                      'on_time': 0,
                                      'overheated': False,
                                      'region': 'Europe/Rome',
                                      'rssi': -45,
                                      'signal_level': 3,
                                      'specs': 'EU',
                                      'ssid': 'I01BU0tFRF9TU0lEIw==',
                                      'time_diff': 60,
                                      'type': 'SMART.TAPOPLUG'}},
                          {'error_code': 0,
                           'method': 'get_connect_cloud_state',
                           'result': {'status': 0}}]}}
Device 192.168.100.112, found required cloud_connect, adding Cloud to modules.
Device 192.168.100.112, found required device, adding DeviceModule to modules.
Device 192.168.100.112, found required firmware, adding Firmware to modules.
Device 192.168.100.112, found required led, adding Led to modules.
Device 192.168.100.112, found required None, adding OverheatProtection to modules.
Device 192.168.100.112, found required time, adding Time to modules.
Querying 192.168.100.112 for modules: Time, Led
192.168.100.112 multi-request-batch-1-of-1 >> '{"method":"multipleRequest","request_time_milis":1744363022043,"terminal_uuid":"nTIYuk8l5SP8PrPZ0xb7vg==","params":{"requests":[{"method":"get_device_time"},{"method":"get_led_info"}]}}'
Device 192.168.100.112 waiting 0.23399999999674037 seconds to send request
Posting to http://192.168.100.112/app?token=26E98AE447349132F7529C5127619260
192.168.100.112 multi-request-batch-1-of-1 << {'error_code': 0,
 'result': {'responses': [{'error_code': 0,
                           'method': 'get_device_time',
                           'result': {'region': 'Europe/Rome',
                                      'time_diff': 60,
                                      'timestamp': 1744363022}},
                          {'error_code': 0,
                           'method': 'get_led_info',
                           'result': {'led_rule': 'always',
                                      'led_status': False,
                                      'night_mode': {'end_time': 0,
                                                     'night_mode_type': 'unknown',
                                                     'start_time': 0,
                                                     'sunrise_offset': 0,
                                                     'sunset_offset': 0}}}]}}
Update completed 192.168.100.112: ['component_nego', 'get_device_info', 'get_connect_cloud_state', 'get_device_time', 'get_led_info']
Switching status
Using proactor: IocpProactor
[DISCOVERY] 192.168.100.112 >> {'system': {'get_sysinfo': {}}}
Waiting a total of 5 seconds for responses...
Using SmartDevice for SMART.TAPOPLUG
Finding protocol for 192.168.100.112
Finding protocol for DeviceFamily.SmartTapoPlug
Finding transport for SMART.AES
Created AES transport for 192.168.100.112
[DISCOVERY] 192.168.100.112 << {'error_code': 0,
 'result': {'device_id': 'REDACTED_c913ec3cd97a6bec2fbb1ee',
            'device_model': 'P100',
            'device_type': 'SMART.TAPOPLUG',
            'factory_default': False,
            'ip': '192.168.100.112',
            'is_support_iot_cloud': True,
            'mac': '74-DA-88-00-00-00',
            'mgt_encrypt_schm': {'encrypt_type': 'AES',
                                 'http_port': 80,
                                 'is_support_https': False,
                                 'lv': 2},
            'owner': 'REDACTED_19347acd812465188388075'}}
Initializing 192.168.100.112 of type <class 'kasa.smart.smartdevice.SmartDevice'>
192.168.100.112 >> '{"method":"set_device_info","request_time_milis":1744363025890,"terminal_uuid":"+WXCrCc/CEjYjnBvyJ6ClA==","params":{"device_on":false}}'
Will perform handshaking...
Posting to http://192.168.100.112/app
Generating keypair
Handshake request: {'method': 'handshake', 'params': {'key': '-----BEGIN PUBLIC KEY-----\nMIGfMA0GCSqGSIb3DQEBAQUAA4GNADCBiQKBgQC5cVKJCVtR3UoUv3r4FGr8o4822E+Pusg9xYzD/AlXITSHTwMOKLslHYlcsbfm1XugWgc06mnrdsRIGKtD8W4xiqSzVa3e5FIvkA5IVOnVLPayl49ykrMqDupIn8VU+HoPAG8xZa9jagLMMqtu7IIHzlf3OZ9gs5v4VKQVKzJ7ZQIDAQAB\n-----END PUBLIC KEY-----\n'}}
Device responded with: {'error_code': 0, 'result': {'key': 'oFQ+p+2qi57LmUah00czVtQgCEPHnwwmq1Odql+97mHH2HugJvc8mWf6WRMPbyg3B/xNiNBN8Wc51c5vED2KrQ6FyYz+w07oEPmMk4AN+YKlJ3I16qCKLGypoGwt41d5/8w3QZBxoibnSKgcCymHiET+qZj3e41cbWcnzb+8e0c='}}
Handshake with 192.168.100.112 complete
Posting to http://192.168.100.112/app
192.168.100.112: logged in with provided credentials
Posting to http://192.168.100.112/app?token=229D42914951F1577C37A03466040005
Device 192.168.100.112 received an os error, enabling sequential request delay: Server disconnected
Device 192.168.100.112 got a connection error, will retry 3 times: ('Device connection error: 192.168.100.112: Server disconnected', ServerDisconnectedError('Server disconnected'))
192.168.100.112 >> '{"method":"set_device_info","request_time_milis":1744363026023,"terminal_uuid":"+WXCrCc/CEjYjnBvyJ6ClA==","params":{"device_on":false}}'
Device 192.168.100.112 waiting 0.23399999999674037 seconds to send request
Posting to http://192.168.100.112/app?token=229D42914951F1577C37A03466040005
192.168.100.112 << {'error_code': 0}
192.168.100.112 multi-request-batch-1-of-1 >> '{"method":"multipleRequest","request_time_milis":1744363026324,"terminal_uuid":"+WXCrCc/CEjYjnBvyJ6ClA==","params":{"requests":[{"method":"component_nego"},{"method":"get_device_info"},{"method":"get_connect_cloud_state"}]}}'
Device 192.168.100.112 waiting 0.25 seconds to send request
Posting to http://192.168.100.112/app?token=229D42914951F1577C37A03466040005
192.168.100.112 multi-request-batch-1-of-1 << {'error_code': 0,
 'result': {'responses': [{'error_code': 0,
                           'method': 'component_nego',
                           'result': {'component_list': [{'id': 'device',
                                                          'ver_code': 2},
                                                         {'id': 'firmware',
                                                          'ver_code': 1},
                                                         {'id': 'quick_setup',
                                                          'ver_code': 3},
                                                         {'id': 'time',
                                                          'ver_code': 1},
                                                         {'id': 'wireless',
                                                          'ver_code': 1},
                                                         {'id': 'schedule',
                                                          'ver_code': 2},
                                                         {'id': 'countdown',
                                                          'ver_code': 2},
                                                         {'id': 'antitheft',
                                                          'ver_code': 1},
                                                         {'id': 'account',
                                                          'ver_code': 1},
                                                         {'id': 'synchronize',
                                                          'ver_code': 1},
                                                         {'id': 'sunrise_sunset',
                                                          'ver_code': 1},
                                                         {'id': 'led',
                                                          'ver_code': 1},
                                                         {'id': 'cloud_connect',
                                                          'ver_code': 1},
                                                         {'id': 'iot_cloud',
                                                          'ver_code': 1},
                                                         {'id': 'default_states',
                                                          'ver_code': 1}]}},
                          {'error_code': 0,
                           'method': 'get_device_info',
                           'result': {'avatar': 'plug',
                                      'default_states': {'state': {},
                                                         'type': 'last_states'},
                                      'device_id': 'REDACTED_DB80F24B353338FA05BB18C1C486215',
                                      'device_on': False,
                                      'fw_id': 'REDACTED_A25ABDE41405B20C6F98816',
                                      'fw_ver': '1.3.7 Build 20230711 Rel. '
                                                '61904',
                                      'has_set_location_info': True,
                                      'hw_id': 'REDACTED_5B29645B8150C392284029D',
                                      'hw_ver': '1.0.0',
                                      'ip': '192.168.100.112',
                                      'lang': 'it_IT',
                                      'latitude': 0,
                                      'location': '',
                                      'longitude': 0,
                                      'mac': '74-DA-88-00-00-00',
                                      'model': 'P100',
                                      'nickname': 'I01BU0tFRF9OQU1FIw==',
                                      'oem_id': 'REDACTED_06C60A9AEEA36A3347B6EBC',
                                      'on_time': 0,
                                      'overheated': False,
                                      'region': 'Europe/Rome',
                                      'rssi': -46,
                                      'signal_level': 3,
                                      'specs': 'EU',
                                      'ssid': 'I01BU0tFRF9TU0lEIw==',
                                      'time_diff': 60,
                                      'type': 'SMART.TAPOPLUG'}},
                          {'error_code': 0,
                           'method': 'get_connect_cloud_state',
                           'result': {'status': 0}}]}}
Device 192.168.100.112, found required cloud_connect, adding Cloud to modules.
Device 192.168.100.112, found required device, adding DeviceModule to modules.
Device 192.168.100.112, found required firmware, adding Firmware to modules.
Device 192.168.100.112, found required led, adding Led to modules.
Device 192.168.100.112, found required None, adding OverheatProtection to modules.
Device 192.168.100.112, found required time, adding Time to modules.
Querying 192.168.100.112 for modules: Time, Led
192.168.100.112 multi-request-batch-1-of-1 >> '{"method":"multipleRequest","request_time_milis":1744363026684,"terminal_uuid":"+WXCrCc/CEjYjnBvyJ6ClA==","params":{"requests":[{"method":"get_device_time"},{"method":"get_led_info"}]}}'
Device 192.168.100.112 waiting 0.235000000015134 seconds to send request
Posting to http://192.168.100.112/app?token=229D42914951F1577C37A03466040005
192.168.100.112 multi-request-batch-1-of-1 << {'error_code': 0,
 'result': {'responses': [{'error_code': 0,
                           'method': 'get_device_time',
                           'result': {'region': 'Europe/Rome',
                                      'time_diff': 60,
                                      'timestamp': 1744363026}},
                          {'error_code': 0,
                           'method': 'get_led_info',
                           'result': {'led_rule': 'always',
                                      'led_status': False,
                                      'night_mode': {'end_time': 0,
                                                     'night_mode_type': 'unknown',
                                                     'start_time': 0,
                                                     'sunrise_offset': 0,
                                                     'sunset_offset': 0}}}]}}
Update completed 192.168.100.112: ['component_nego', 'get_device_info', 'get_connect_cloud_state', 'get_device_time', 'get_led_info']
Unclosed client session
client_session: <aiohttp.client.ClientSession object at 0x000001D63EBD9F10>
Unclosed connector
connections: ['deque([(<aiohttp.client_proto.ResponseHandler object at 0x000001D63EB9BBF0>, 151223.843)])']
connector: <aiohttp.connector.TCPConnector object at 0x000001D63EBD9EE0>
Unclosed client session
client_session: <aiohttp.client.ClientSession object at 0x000001D63EB7FF20>
Unclosed connector
connections: ['deque([(<aiohttp.client_proto.ResponseHandler object at 0x000001D63ED94110>, 151228.406)])']
connector: <aiohttp.connector.TCPConnector object at 0x000001D63ED8CDA0>
C:\Users\Davide\AppData\Local\I3Lab - Politecnico di Milano\Server SmartPlug\options.json
Discovery started...
Using proactor: IocpProactor
Listening on 127.0.0.1:7071
[DISCOVERY] 255.255.255.255 >> {'system': {'get_sysinfo': {}}}
Waiting 5 seconds for responses...
Using proactor: IocpProactor
Using SmartDevice for SMART.TAPOPLUG
Finding protocol for 192.168.100.112
Finding protocol for DeviceFamily.SmartTapoPlug
Finding transport for SMART.AES
Created AES transport for 192.168.100.112
[DISCOVERY] 192.168.100.112 << {'error_code': 0,
 'result': {'device_id': 'REDACTED_c913ec3cd97a6bec2fbb1ee',
            'device_model': 'P100',
            'device_type': 'SMART.TAPOPLUG',
            'factory_default': False,
            'ip': '192.168.100.112',
            'is_support_iot_cloud': True,
            'mac': '74-DA-88-00-00-00',
            'mgt_encrypt_schm': {'encrypt_type': 'AES',
                                 'http_port': 80,
                                 'is_support_https': False,
                                 'lv': 2},
            'owner': 'REDACTED_19347acd812465188388075'}}
Initializing 192.168.100.112 of type <class 'kasa.smart.smartdevice.SmartDevice'>
Discovery finished! Found: 1 device(s)
Discovered 1 devices
Using proactor: IocpProactor
[DISCOVERY] 192.168.100.112 >> {'system': {'get_sysinfo': {}}}
Waiting a total of 5 seconds for responses...
Using SmartDevice for SMART.TAPOPLUG
Finding protocol for 192.168.100.112
Finding protocol for DeviceFamily.SmartTapoPlug
Finding transport for SMART.AES
Created AES transport for 192.168.100.112
[DISCOVERY] 192.168.100.112 << {'error_code': 0,
 'result': {'device_id': 'REDACTED_c913ec3cd97a6bec2fbb1ee',
            'device_model': 'P100',
            'device_type': 'SMART.TAPOPLUG',
            'factory_default': False,
            'ip': '192.168.100.112',
            'is_support_iot_cloud': True,
            'mac': '74-DA-88-00-00-00',
            'mgt_encrypt_schm': {'encrypt_type': 'AES',
                                 'http_port': 80,
                                 'is_support_https': False,
                                 'lv': 2},
            'owner': 'REDACTED_19347acd812465188388075'}}
Initializing 192.168.100.112 of type <class 'kasa.smart.smartdevice.SmartDevice'>
192.168.100.112 multi-request-batch-1-of-1 >> '{"method":"multipleRequest","request_time_milis":1744363119199,"terminal_uuid":"63BJMPcMf2SaiU9M3RtgoQ==","params":{"requests":[{"method":"component_nego"},{"method":"get_device_info"},{"method":"get_connect_cloud_state"}]}}'
Will perform handshaking...
Posting to http://192.168.100.112/app
Generating keypair
Handshake request: {'method': 'handshake', 'params': {'key': '-----BEGIN PUBLIC KEY-----\nMIGfMA0GCSqGSIb3DQEBAQUAA4GNADCBiQKBgQCzdiMQNfum3YSUw8D/npT954tzjCNJ4BiJRjGWKV/4IQwD/CyKEt+8kQb3IAZhvGwbLBx2wSJM4SyEP8Ak7kbUq1JfEgRzxxUVMQ4L4vQYR+sLJozuIyMSDe8gO2OqCbbb8sPIp3+34Iv69wyYfHNyDc6zzqaxpX464DP4qhf+WwIDAQAB\n-----END PUBLIC KEY-----\n'}}
Device responded with: {'error_code': 0, 'result': {'key': 'Ihm42vTLj5oEJUzOaZm9WW4wYQgtNN21m7lE2iTnw2Z4zibclVH99Hl1v3xXkDFkJfDNWjGvckxe1c7JLl6mpVaM7f15rKfdoeTC6tnEDQHzokTibDsqbWR/uM8TsoQun76pRtJswMN/18syvVqTX1piko0eSAJ2ZzRImt56X9o='}}
Handshake with 192.168.100.112 complete
Posting to http://192.168.100.112/app
192.168.100.112: logged in with provided credentials
Posting to http://192.168.100.112/app?token=7663AF6839D85DDD1E8D248F85AF98AE
Device 192.168.100.112 received an os error, enabling sequential request delay: Server disconnected
Device 192.168.100.112 got a connection error, will retry 3 times: ('Device connection error: 192.168.100.112: Server disconnected', ServerDisconnectedError('Server disconnected'))
192.168.100.112 multi-request-batch-1-of-1 >> '{"method":"multipleRequest","request_time_milis":1744363119353,"terminal_uuid":"63BJMPcMf2SaiU9M3RtgoQ==","params":{"requests":[{"method":"component_nego"},{"method":"get_device_info"},{"method":"get_connect_cloud_state"}]}}'
Device 192.168.100.112 waiting 0.25 seconds to send request
Posting to http://192.168.100.112/app?token=7663AF6839D85DDD1E8D248F85AF98AE
192.168.100.112 multi-request-batch-1-of-1 << {'error_code': 0,
 'result': {'responses': [{'error_code': 0,
                           'method': 'component_nego',
                           'result': {'component_list': [{'id': 'device',
                                                          'ver_code': 2},
                                                         {'id': 'firmware',
                                                          'ver_code': 1},
                                                         {'id': 'quick_setup',
                                                          'ver_code': 3},
                                                         {'id': 'time',
                                                          'ver_code': 1},
                                                         {'id': 'wireless',
                                                          'ver_code': 1},
                                                         {'id': 'schedule',
                                                          'ver_code': 2},
                                                         {'id': 'countdown',
                                                          'ver_code': 2},
                                                         {'id': 'antitheft',
                                                          'ver_code': 1},
                                                         {'id': 'account',
                                                          'ver_code': 1},
                                                         {'id': 'synchronize',
                                                          'ver_code': 1},
                                                         {'id': 'sunrise_sunset',
                                                          'ver_code': 1},
                                                         {'id': 'led',
                                                          'ver_code': 1},
                                                         {'id': 'cloud_connect',
                                                          'ver_code': 1},
                                                         {'id': 'iot_cloud',
                                                          'ver_code': 1},
                                                         {'id': 'default_states',
                                                          'ver_code': 1}]}},
                          {'error_code': 0,
                           'method': 'get_device_info',
                           'result': {'avatar': 'plug',
                                      'default_states': {'state': {},
                                                         'type': 'last_states'},
                                      'device_id': 'REDACTED_DB80F24B353338FA05BB18C1C486215',
                                      'device_on': False,
                                      'fw_id': 'REDACTED_A25ABDE41405B20C6F98816',
                                      'fw_ver': '1.3.7 Build 20230711 Rel. '
                                                '61904',
                                      'has_set_location_info': True,
                                      'hw_id': 'REDACTED_5B29645B8150C392284029D',
                                      'hw_ver': '1.0.0',
                                      'ip': '192.168.100.112',
                                      'lang': 'it_IT',
                                      'latitude': 0,
                                      'location': '',
                                      'longitude': 0,
                                      'mac': '74-DA-88-00-00-00',
                                      'model': 'P100',
                                      'nickname': 'I01BU0tFRF9OQU1FIw==',
                                      'oem_id': 'REDACTED_06C60A9AEEA36A3347B6EBC',
                                      'on_time': 0,
                                      'overheated': False,
                                      'region': 'Europe/Rome',
                                      'rssi': -45,
                                      'signal_level': 3,
                                      'specs': 'EU',
                                      'ssid': 'I01BU0tFRF9TU0lEIw==',
                                      'time_diff': 60,
                                      'type': 'SMART.TAPOPLUG'}},
                          {'error_code': 0,
                           'method': 'get_connect_cloud_state',
                           'result': {'status': 0}}]}}
Device 192.168.100.112, found required cloud_connect, adding Cloud to modules.
Device 192.168.100.112, found required device, adding DeviceModule to modules.
Device 192.168.100.112, found required firmware, adding Firmware to modules.
Device 192.168.100.112, found required led, adding Led to modules.
Device 192.168.100.112, found required None, adding OverheatProtection to modules.
Device 192.168.100.112, found required time, adding Time to modules.
Querying 192.168.100.112 for modules: Time, Led
192.168.100.112 multi-request-batch-1-of-1 >> '{"method":"multipleRequest","request_time_milis":1744363119737,"terminal_uuid":"63BJMPcMf2SaiU9M3RtgoQ==","params":{"requests":[{"method":"get_device_time"},{"method":"get_led_info"}]}}'
Device 192.168.100.112 waiting 0.23499999998603016 seconds to send request
Posting to http://192.168.100.112/app?token=7663AF6839D85DDD1E8D248F85AF98AE
192.168.100.112 multi-request-batch-1-of-1 << {'error_code': 0,
 'result': {'responses': [{'error_code': 0,
                           'method': 'get_device_time',
                           'result': {'region': 'Europe/Rome',
                                      'time_diff': 60,
                                      'timestamp': 1744363119}},
                          {'error_code': 0,
                           'method': 'get_led_info',
                           'result': {'led_rule': 'always',
                                      'led_status': False,
                                      'night_mode': {'end_time': 0,
                                                     'night_mode_type': 'unknown',
                                                     'start_time': 0,
                                                     'sunrise_offset': 0,
                                                     'sunset_offset': 0}}}]}}
Update completed 192.168.100.112: ['component_nego', 'get_device_info', 'get_connect_cloud_state', 'get_device_time', 'get_led_info']
C:\Users\Davide\AppData\Local\I3Lab - Politecnico di Milano\Server SmartPlug\options.json
Discovery started...
Using proactor: IocpProactor
Listening on 127.0.0.1:7071
[DISCOVERY] 255.255.255.255 >> {'system': {'get_sysinfo': {}}}
Waiting 5 seconds for responses...
Using proactor: IocpProactor
Using SmartDevice for SMART.TAPOPLUG
Finding protocol for 192.168.100.112
Finding protocol for DeviceFamily.SmartTapoPlug
Finding transport for SMART.AES
Created AES transport for 192.168.100.112
[DISCOVERY] 192.168.100.112 << {'error_code': 0,
 'result': {'device_id': 'REDACTED_c913ec3cd97a6bec2fbb1ee',
            'device_model': 'P100',
            'device_type': 'SMART.TAPOPLUG',
            'factory_default': False,
            'ip': '192.168.100.112',
            'is_support_iot_cloud': True,
            'mac': '74-DA-88-00-00-00',
            'mgt_encrypt_schm': {'encrypt_type': 'AES',
                                 'http_port': 80,
                                 'is_support_https': False,
                                 'lv': 2},
            'owner': 'REDACTED_19347acd812465188388075'}}
Initializing 192.168.100.112 of type <class 'kasa.smart.smartdevice.SmartDevice'>
Discovery finished! Found: 1 device(s)
Discovered 1 devices
Using proactor: IocpProactor
[DISCOVERY] 192.168.100.112 >> {'system': {'get_sysinfo': {}}}
Waiting a total of 5 seconds for responses...
Using SmartDevice for SMART.TAPOPLUG
Finding protocol for 192.168.100.112
Finding protocol for DeviceFamily.SmartTapoPlug
Finding transport for SMART.AES
Created AES transport for 192.168.100.112
[DISCOVERY] 192.168.100.112 << {'error_code': 0,
 'result': {'device_id': 'REDACTED_c913ec3cd97a6bec2fbb1ee',
            'device_model': 'P100',
            'device_type': 'SMART.TAPOPLUG',
            'factory_default': False,
            'ip': '192.168.100.112',
            'is_support_iot_cloud': True,
            'mac': '74-DA-88-00-00-00',
            'mgt_encrypt_schm': {'encrypt_type': 'AES',
                                 'http_port': 80,
                                 'is_support_https': False,
                                 'lv': 2},
            'owner': 'REDACTED_19347acd812465188388075'}}
Initializing 192.168.100.112 of type <class 'kasa.smart.smartdevice.SmartDevice'>
192.168.100.112 multi-request-batch-1-of-1 >> '{"method":"multipleRequest","request_time_milis":1744363211444,"terminal_uuid":"lA3WA/ZVpv1UXEAnNQK/uw==","params":{"requests":[{"method":"component_nego"},{"method":"get_device_info"},{"method":"get_connect_cloud_state"}]}}'
Will perform handshaking...
Posting to http://192.168.100.112/app
Generating keypair
Handshake request: {'method': 'handshake', 'params': {'key': '-----BEGIN PUBLIC KEY-----\nMIGfMA0GCSqGSIb3DQEBAQUAA4GNADCBiQKBgQD5cbcXvsQG2c8PobDn/nBiH4cNz6JEYmjRrI22uId5caGWWPZohr40cvGwU0yRlZitgw7b/5XXuU2NzGC2VQyvawouBWVFABLpuuF3/+O52oAPJQrKF2cgJqLaf5pdDoVBRlLchFOg26AfYMRWtWrEmM0J0ZYcDwHzGx1lnSZ1uwIDAQAB\n-----END PUBLIC KEY-----\n'}}
Device responded with: {'error_code': 0, 'result': {'key': '2MRL5NKzx/7sYH+kX1ekqlCgzpB18mntb+/SPwhXA46WywpYTtYoR93ToiQeeEXJwE1SF/NnlHh3PcCfeVja5/WWeyU7ItQMkgwkXCgnvHLbhDMQ/KkKmdQ+c1st6wbaCImRwyHb74I/sOo+ulmvj4baom7FkZ8YYO6S6cgZTX8='}}
Handshake with 192.168.100.112 complete
Posting to http://192.168.100.112/app
192.168.100.112: logged in with provided credentials
Posting to http://192.168.100.112/app?token=E9A337A7D1E7B6E5C5C5F6C4C7D4D6D4
Device 192.168.100.112 received an os error, enabling sequential request delay: Server disconnected
Device 192.168.100.112 got a connection error, will retry 3 times: ('Device connection error: 192.168.100.112: Server disconnected', ServerDisconnectedError('Server disconnected'))
192.168.100.112 multi-request-batch-1-of-1 >> '{"method":"multipleRequest","request_time_milis":1744363211576,"terminal_uuid":"lA3WA/ZVpv1UXEAnNQK/uw==","params":{"requests":[{"method":"component_nego"},{"method":"get_device_info"},{"method":"get_connect_cloud_state"}]}}'
Device 192.168.100.112 waiting 0.25 seconds to send request
Posting to http://192.168.100.112/app?token=E9A337A7D1E7B6E5C5C5F6C4C7D4D6D4
192.168.100.112 multi-request-batch-1-of-1 << {'error_code': 0,
 'result': {'responses': [{'error_code': 0,
                           'method': 'component_nego',
                           'result': {'component_list': [{'id': 'device',
                                                          'ver_code': 2},
                                                         {'id': 'firmware',
                                                          'ver_code': 1},
                                                         {'id': 'quick_setup',
                                                          'ver_code': 3},
                                                         {'id': 'time',
                                                          'ver_code': 1},
                                                         {'id': 'wireless',
                                                          'ver_code': 1},
                                                         {'id': 'schedule',
                                                          'ver_code': 2},
                                                         {'id': 'countdown',
                                                          'ver_code': 2},
                                                         {'id': 'antitheft',
                                                          'ver_code': 1},
                                                         {'id': 'account',
                                                          'ver_code': 1},
                                                         {'id': 'synchronize',
                                                          'ver_code': 1},
                                                         {'id': 'sunrise_sunset',
                                                          'ver_code': 1},
                                                         {'id': 'led',
                                                          'ver_code': 1},
                                                         {'id': 'cloud_connect',
                                                          'ver_code': 1},
                                                         {'id': 'iot_cloud',
                                                          'ver_code': 1},
                                                         {'id': 'default_states',
                                                          'ver_code': 1}]}},
                          {'error_code': 0,
                           'method': 'get_device_info',
                           'result': {'avatar': 'plug',
                                      'default_states': {'state': {},
                                                         'type': 'last_states'},
                                      'device_id': 'REDACTED_DB80F24B353338FA05BB18C1C486215',
                                      'device_on': False,
                                      'fw_id': 'REDACTED_A25ABDE41405B20C6F98816',
                                      'fw_ver': '1.3.7 Build 20230711 Rel. '
                                                '61904',
                                      'has_set_location_info': True,
                                      'hw_id': 'REDACTED_5B29645B8150C392284029D',
                                      'hw_ver': '1.0.0',
                                      'ip': '192.168.100.112',
                                      'lang': 'it_IT',
                                      'latitude': 0,
                                      'location': '',
                                      'longitude': 0,
                                      'mac': '74-DA-88-00-00-00',
                                      'model': 'P100',
                                      'nickname': 'I01BU0tFRF9OQU1FIw==',
                                      'oem_id': 'REDACTED_06C60A9AEEA36A3347B6EBC',
                                      'on_time': 0,
                                      'overheated': False,
                                      'region': 'Europe/Rome',
                                      'rssi': -46,
                                      'signal_level': 3,
                                      'specs': 'EU',
                                      'ssid': 'I01BU0tFRF9TU0lEIw==',
                                      'time_diff': 60,
                                      'type': 'SMART.TAPOPLUG'}},
                          {'error_code': 0,
                           'method': 'get_connect_cloud_state',
                           'result': {'status': 0}}]}}
Device 192.168.100.112, found required cloud_connect, adding Cloud to modules.
Device 192.168.100.112, found required device, adding DeviceModule to modules.
Device 192.168.100.112, found required firmware, adding Firmware to modules.
Device 192.168.100.112, found required led, adding Led to modules.
Device 192.168.100.112, found required None, adding OverheatProtection to modules.
Device 192.168.100.112, found required time, adding Time to modules.
Querying 192.168.100.112 for modules: Time, Led
192.168.100.112 multi-request-batch-1-of-1 >> '{"method":"multipleRequest","request_time_milis":1744363211985,"terminal_uuid":"lA3WA/ZVpv1UXEAnNQK/uw==","params":{"requests":[{"method":"get_device_time"},{"method":"get_led_info"}]}}'
Device 192.168.100.112 waiting 0.23499999998603016 seconds to send request
Posting to http://192.168.100.112/app?token=E9A337A7D1E7B6E5C5C5F6C4C7D4D6D4
192.168.100.112 multi-request-batch-1-of-1 << {'error_code': 0,
 'result': {'responses': [{'error_code': 0,
                           'method': 'get_device_time',
                           'result': {'region': 'Europe/Rome',
                                      'time_diff': 60,
                                      'timestamp': 1744363212}},
                          {'error_code': 0,
                           'method': 'get_led_info',
                           'result': {'led_rule': 'always',
                                      'led_status': False,
                                      'night_mode': {'end_time': 0,
                                                     'night_mode_type': 'unknown',
                                                     'start_time': 0,
                                                     'sunrise_offset': 0,
                                                     'sunset_offset': 0}}}]}}
Update completed 192.168.100.112: ['component_nego', 'get_device_info', 'get_connect_cloud_state', 'get_device_time', 'get_led_info']
Switching status
Using proactor: IocpProactor
[DISCOVERY] 192.168.100.112 >> {'system': {'get_sysinfo': {}}}
Waiting a total of 5 seconds for responses...
Using SmartDevice for SMART.TAPOPLUG
Finding protocol for 192.168.100.112
Finding protocol for DeviceFamily.SmartTapoPlug
Finding transport for SMART.AES
Created AES transport for 192.168.100.112
[DISCOVERY] 192.168.100.112 << {'error_code': 0,
 'result': {'device_id': 'REDACTED_c913ec3cd97a6bec2fbb1ee',
            'device_model': 'P100',
            'device_type': 'SMART.TAPOPLUG',
            'factory_default': False,
            'ip': '192.168.100.112',
            'is_support_iot_cloud': True,
            'mac': '74-DA-88-00-00-00',
            'mgt_encrypt_schm': {'encrypt_type': 'AES',
                                 'http_port': 80,
                                 'is_support_https': False,
                                 'lv': 2},
            'owner': 'REDACTED_19347acd812465188388075'}}
Initializing 192.168.100.112 of type <class 'kasa.smart.smartdevice.SmartDevice'>
192.168.100.112 >> '{"method":"set_device_info","request_time_milis":1744363215627,"terminal_uuid":"ESQwGeFYCKLn25S0a7Ga1Q==","params":{"device_on":false}}'
Will perform handshaking...
Posting to http://192.168.100.112/app
Generating keypair
Handshake request: {'method': 'handshake', 'params': {'key': '-----BEGIN PUBLIC KEY-----\nMIGfMA0GCSqGSIb3DQEBAQUAA4GNADCBiQKBgQCi9nSZiTB3rlKY2g77QVC/1SVwExyrmKJfyJS6BY5+XjBYbQmr5uE94t0PGvX2+wVMDyy6rrQ1L230eEs7XNcs9s26xc3XsSOFsHN417/tEUwSkqgil/vcBwThDWrfI4xHffxrBoT6/K5Tk8w0o5Igf8yA1Ra+gjMuOQDHvucF+QIDAQAB\n-----END PUBLIC KEY-----\n'}}
Device responded with: {'error_code': 0, 'result': {'key': 'J1up8SA4JdMIISVNZ01nRgmkNF/3yHi7yrqX03QAa6+j8wx0VJofwyzAIxv4WCRcAxIpyX8Qo9vko8VV1+a7b/NWQgkArGuRteGOIH7WzLGtclbphsOk8arw84BSTS5djONSs7P3+suFi0hv+Z7Q0uIT0GED5w5uWmmSk9LiLZQ='}}
Handshake with 192.168.100.112 complete
Posting to http://192.168.100.112/app
192.168.100.112: logged in with provided credentials
Posting to http://192.168.100.112/app?token=D6424E4EC28E0E88C0E826EB49DBBADA
Device 192.168.100.112 received an os error, enabling sequential request delay: Server disconnected
Device 192.168.100.112 got a connection error, will retry 3 times: ('Device connection error: 192.168.100.112: Server disconnected', ServerDisconnectedError('Server disconnected'))
192.168.100.112 >> '{"method":"set_device_info","request_time_milis":1744363215784,"terminal_uuid":"ESQwGeFYCKLn25S0a7Ga1Q==","params":{"device_on":false}}'
Device 192.168.100.112 waiting 0.25 seconds to send request
Posting to http://192.168.100.112/app?token=D6424E4EC28E0E88C0E826EB49DBBADA
192.168.100.112 << {'error_code': 0}
192.168.100.112 multi-request-batch-1-of-1 >> '{"method":"multipleRequest","request_time_milis":1744363216103,"terminal_uuid":"ESQwGeFYCKLn25S0a7Ga1Q==","params":{"requests":[{"method":"component_nego"},{"method":"get_device_info"},{"method":"get_connect_cloud_state"}]}}'
Device 192.168.100.112 waiting 0.25 seconds to send request
Posting to http://192.168.100.112/app?token=D6424E4EC28E0E88C0E826EB49DBBADA
192.168.100.112 multi-request-batch-1-of-1 << {'error_code': 0,
 'result': {'responses': [{'error_code': 0,
                           'method': 'component_nego',
                           'result': {'component_list': [{'id': 'device',
                                                          'ver_code': 2},
                                                         {'id': 'firmware',
                                                          'ver_code': 1},
                                                         {'id': 'quick_setup',
                                                          'ver_code': 3},
                                                         {'id': 'time',
                                                          'ver_code': 1},
                                                         {'id': 'wireless',
                                                          'ver_code': 1},
                                                         {'id': 'schedule',
                                                          'ver_code': 2},
                                                         {'id': 'countdown',
                                                          'ver_code': 2},
                                                         {'id': 'antitheft',
                                                          'ver_code': 1},
                                                         {'id': 'account',
                                                          'ver_code': 1},
                                                         {'id': 'synchronize',
                                                          'ver_code': 1},
                                                         {'id': 'sunrise_sunset',
                                                          'ver_code': 1},
                                                         {'id': 'led',
                                                          'ver_code': 1},
                                                         {'id': 'cloud_connect',
                                                          'ver_code': 1},
                                                         {'id': 'iot_cloud',
                                                          'ver_code': 1},
                                                         {'id': 'default_states',
                                                          'ver_code': 1}]}},
                          {'error_code': 0,
                           'method': 'get_device_info',
                           'result': {'avatar': 'plug',
                                      'default_states': {'state': {},
                                                         'type': 'last_states'},
                                      'device_id': 'REDACTED_DB80F24B353338FA05BB18C1C486215',
                                      'device_on': False,
                                      'fw_id': 'REDACTED_A25ABDE41405B20C6F98816',
                                      'fw_ver': '1.3.7 Build 20230711 Rel. '
                                                '61904',
                                      'has_set_location_info': True,
                                      'hw_id': 'REDACTED_5B29645B8150C392284029D',
                                      'hw_ver': '1.0.0',
                                      'ip': '192.168.100.112',
                                      'lang': 'it_IT',
                                      'latitude': 0,
                                      'location': '',
                                      'longitude': 0,
                                      'mac': '74-DA-88-00-00-00',
                                      'model': 'P100',
                                      'nickname': 'I01BU0tFRF9OQU1FIw==',
                                      'oem_id': 'REDACTED_06C60A9AEEA36A3347B6EBC',
                                      'on_time': 0,
                                      'overheated': False,
                                      'region': 'Europe/Rome',
                                      'rssi': -46,
                                      'signal_level': 3,
                                      'specs': 'EU',
                                      'ssid': 'I01BU0tFRF9TU0lEIw==',
                                      'time_diff': 60,
                                      'type': 'SMART.TAPOPLUG'}},
                          {'error_code': 0,
                           'method': 'get_connect_cloud_state',
                           'result': {'status': 0}}]}}
Device 192.168.100.112, found required cloud_connect, adding Cloud to modules.
Device 192.168.100.112, found required device, adding DeviceModule to modules.
Device 192.168.100.112, found required firmware, adding Firmware to modules.
Device 192.168.100.112, found required led, adding Led to modules.
Device 192.168.100.112, found required None, adding OverheatProtection to modules.
Device 192.168.100.112, found required time, adding Time to modules.
Querying 192.168.100.112 for modules: Time, Led
192.168.100.112 multi-request-batch-1-of-1 >> '{"method":"multipleRequest","request_time_milis":1744363216451,"terminal_uuid":"ESQwGeFYCKLn25S0a7Ga1Q==","params":{"requests":[{"method":"get_device_time"},{"method":"get_led_info"}]}}'
Device 192.168.100.112 waiting 0.23399999999674037 seconds to send request
Posting to http://192.168.100.112/app?token=D6424E4EC28E0E88C0E826EB49DBBADA
192.168.100.112 multi-request-batch-1-of-1 << {'error_code': 0,
 'result': {'responses': [{'error_code': 0,
                           'method': 'get_device_time',
                           'result': {'region': 'Europe/Rome',
                                      'time_diff': 60,
                                      'timestamp': 1744363216}},
                          {'error_code': 0,
                           'method': 'get_led_info',
                           'result': {'led_rule': 'always',
                                      'led_status': False,
                                      'night_mode': {'end_time': 0,
                                                     'night_mode_type': 'unknown',
                                                     'start_time': 0,
                                                     'sunrise_offset': 0,
                                                     'sunset_offset': 0}}}]}}
Update completed 192.168.100.112: ['component_nego', 'get_device_info', 'get_connect_cloud_state', 'get_device_time', 'get_led_info']
False
Unclosed client session
client_session: <aiohttp.client.ClientSession object at 0x000002190C6F59A0>
Exception in default exception handler
Traceback (most recent call last):
  File "C:\Users\Davide\AppData\Local\Programs\Python\Python312\Lib\asyncio\base_events.py", line 1847, in call_exception_handler
    self.default_exception_handler(context)
  File "C:\Users\Davide\AppData\Local\Programs\Python\Python312\Lib\asyncio\base_events.py", line 1821, in default_exception_handler
    logger.error('\n'.join(log_lines), exc_info=exc_info)
  File "C:\Users\Davide\AppData\Local\Programs\Python\Python312\Lib\logging\__init__.py", line 1568, in error
    self._log(ERROR, msg, args, **kwargs)
  File "C:\Users\Davide\AppData\Local\Programs\Python\Python312\Lib\logging\__init__.py", line 1684, in _log
    self.handle(record)
  File "C:\Users\Davide\AppData\Local\Programs\Python\Python312\Lib\logging\__init__.py", line 1700, in handle
    self.callHandlers(record)
  File "C:\Users\Davide\AppData\Local\Programs\Python\Python312\Lib\logging\__init__.py", line 1762, in callHandlers
    hdlr.handle(record)
  File "C:\Users\Davide\Desktop\ServerSmartPlug\log_manager.py", line 16, in handle
    listener(record)
  File "C:\Users\Davide\Desktop\ServerSmartPlug\gui\windows.py", line 25, in _add_console_line
    self.console_text.configure(state='normal')
  File "C:\Users\Davide\AppData\Local\Programs\Python\Python312\Lib\tkinter\__init__.py", line 1722, in configure
    return self._configure('configure', cnf, kw)
           ^^^^^^^^^^^^^^^^^^^^^^^^^^^^^^^^^^^^^
  File "C:\Users\Davide\AppData\Local\Programs\Python\Python312\Lib\tkinter\__init__.py", line 1712, in _configure
    self.tk.call(_flatten((self._w, cmd)) + self._options(cnf))
_tkinter.TclError: invalid command name ".!frame4.!frame.!text"
Unclosed connector
connections: ['deque([(<aiohttp.client_proto.ResponseHandler object at 0x000002190C717B90>, 151413.718)])']
connector: <aiohttp.connector.TCPConnector object at 0x000002190C6F58E0>
Exception in default exception handler
Traceback (most recent call last):
  File "C:\Users\Davide\AppData\Local\Programs\Python\Python312\Lib\asyncio\base_events.py", line 1847, in call_exception_handler
    self.default_exception_handler(context)
  File "C:\Users\Davide\AppData\Local\Programs\Python\Python312\Lib\asyncio\base_events.py", line 1821, in default_exception_handler
    logger.error('\n'.join(log_lines), exc_info=exc_info)
  File "C:\Users\Davide\AppData\Local\Programs\Python\Python312\Lib\logging\__init__.py", line 1568, in error
    self._log(ERROR, msg, args, **kwargs)
  File "C:\Users\Davide\AppData\Local\Programs\Python\Python312\Lib\logging\__init__.py", line 1684, in _log
    self.handle(record)
  File "C:\Users\Davide\AppData\Local\Programs\Python\Python312\Lib\logging\__init__.py", line 1700, in handle
    self.callHandlers(record)
  File "C:\Users\Davide\AppData\Local\Programs\Python\Python312\Lib\logging\__init__.py", line 1762, in callHandlers
    hdlr.handle(record)
  File "C:\Users\Davide\Desktop\ServerSmartPlug\log_manager.py", line 16, in handle
    listener(record)
  File "C:\Users\Davide\Desktop\ServerSmartPlug\gui\windows.py", line 25, in _add_console_line
    self.console_text.configure(state='normal')
  File "C:\Users\Davide\AppData\Local\Programs\Python\Python312\Lib\tkinter\__init__.py", line 1722, in configure
    return self._configure('configure', cnf, kw)
           ^^^^^^^^^^^^^^^^^^^^^^^^^^^^^^^^^^^^^
  File "C:\Users\Davide\AppData\Local\Programs\Python\Python312\Lib\tkinter\__init__.py", line 1712, in _configure
    self.tk.call(_flatten((self._w, cmd)) + self._options(cnf))
_tkinter.TclError: invalid command name ".!frame4.!frame.!text"
Unclosed client session
client_session: <aiohttp.client.ClientSession object at 0x000002190C8DCEF0>
Exception in default exception handler
Traceback (most recent call last):
  File "C:\Users\Davide\AppData\Local\Programs\Python\Python312\Lib\asyncio\base_events.py", line 1847, in call_exception_handler
    self.default_exception_handler(context)
  File "C:\Users\Davide\AppData\Local\Programs\Python\Python312\Lib\asyncio\base_events.py", line 1821, in default_exception_handler
    logger.error('\n'.join(log_lines), exc_info=exc_info)
  File "C:\Users\Davide\AppData\Local\Programs\Python\Python312\Lib\logging\__init__.py", line 1568, in error
    self._log(ERROR, msg, args, **kwargs)
  File "C:\Users\Davide\AppData\Local\Programs\Python\Python312\Lib\logging\__init__.py", line 1684, in _log
    self.handle(record)
  File "C:\Users\Davide\AppData\Local\Programs\Python\Python312\Lib\logging\__init__.py", line 1700, in handle
    self.callHandlers(record)
  File "C:\Users\Davide\AppData\Local\Programs\Python\Python312\Lib\logging\__init__.py", line 1762, in callHandlers
    hdlr.handle(record)
  File "C:\Users\Davide\Desktop\ServerSmartPlug\log_manager.py", line 16, in handle
    listener(record)
  File "C:\Users\Davide\Desktop\ServerSmartPlug\gui\windows.py", line 25, in _add_console_line
    self.console_text.configure(state='normal')
  File "C:\Users\Davide\AppData\Local\Programs\Python\Python312\Lib\tkinter\__init__.py", line 1722, in configure
    return self._configure('configure', cnf, kw)
           ^^^^^^^^^^^^^^^^^^^^^^^^^^^^^^^^^^^^^
  File "C:\Users\Davide\AppData\Local\Programs\Python\Python312\Lib\tkinter\__init__.py", line 1712, in _configure
    self.tk.call(_flatten((self._w, cmd)) + self._options(cnf))
_tkinter.TclError: invalid command name ".!frame4.!frame.!text"
Unclosed connector
connections: ['deque([(<aiohttp.client_proto.ResponseHandler object at 0x000002190C8E4110>, 151418.187)])']
connector: <aiohttp.connector.TCPConnector object at 0x000002190C8DCF20>
Exception in default exception handler
Traceback (most recent call last):
  File "C:\Users\Davide\AppData\Local\Programs\Python\Python312\Lib\asyncio\base_events.py", line 1847, in call_exception_handler
    self.default_exception_handler(context)
  File "C:\Users\Davide\AppData\Local\Programs\Python\Python312\Lib\asyncio\base_events.py", line 1821, in default_exception_handler
    logger.error('\n'.join(log_lines), exc_info=exc_info)
  File "C:\Users\Davide\AppData\Local\Programs\Python\Python312\Lib\logging\__init__.py", line 1568, in error
    self._log(ERROR, msg, args, **kwargs)
  File "C:\Users\Davide\AppData\Local\Programs\Python\Python312\Lib\logging\__init__.py", line 1684, in _log
    self.handle(record)
  File "C:\Users\Davide\AppData\Local\Programs\Python\Python312\Lib\logging\__init__.py", line 1700, in handle
    self.callHandlers(record)
  File "C:\Users\Davide\AppData\Local\Programs\Python\Python312\Lib\logging\__init__.py", line 1762, in callHandlers
    hdlr.handle(record)
  File "C:\Users\Davide\Desktop\ServerSmartPlug\log_manager.py", line 16, in handle
    listener(record)
  File "C:\Users\Davide\Desktop\ServerSmartPlug\gui\windows.py", line 25, in _add_console_line
    self.console_text.configure(state='normal')
  File "C:\Users\Davide\AppData\Local\Programs\Python\Python312\Lib\tkinter\__init__.py", line 1722, in configure
    return self._configure('configure', cnf, kw)
           ^^^^^^^^^^^^^^^^^^^^^^^^^^^^^^^^^^^^^
  File "C:\Users\Davide\AppData\Local\Programs\Python\Python312\Lib\tkinter\__init__.py", line 1712, in _configure
    self.tk.call(_flatten((self._w, cmd)) + self._options(cnf))
_tkinter.TclError: invalid command name ".!frame4.!frame.!text"
C:\Users\Davide\AppData\Local\I3Lab - Politecnico di Milano\Server SmartPlug\options.json
Discovery started...
Using proactor: IocpProactor
Listening on 127.0.0.1:7071
[DISCOVERY] 255.255.255.255 >> {'system': {'get_sysinfo': {}}}
Waiting 5 seconds for responses...
Using SmartDevice for SMART.TAPOPLUG
Finding protocol for 192.168.100.112
Finding protocol for DeviceFamily.SmartTapoPlug
Finding transport for SMART.AES
Created AES transport for 192.168.100.112
[DISCOVERY] 192.168.100.112 << {'error_code': 0,
 'result': {'device_id': 'REDACTED_c913ec3cd97a6bec2fbb1ee',
            'device_model': 'P100',
            'device_type': 'SMART.TAPOPLUG',
            'factory_default': False,
            'ip': '192.168.100.112',
            'is_support_iot_cloud': True,
            'mac': '74-DA-88-00-00-00',
            'mgt_encrypt_schm': {'encrypt_type': 'AES',
                                 'http_port': 80,
                                 'is_support_https': False,
                                 'lv': 2},
            'owner': 'REDACTED_19347acd812465188388075'}}
Initializing 192.168.100.112 of type <class 'kasa.smart.smartdevice.SmartDevice'>
Using proactor: IocpProactor
Discovery finished! Found: 1 device(s)
Discovered 1 devices
Using proactor: IocpProactor
[DISCOVERY] 192.168.100.112 >> {'system': {'get_sysinfo': {}}}
Waiting a total of 5 seconds for responses...
Using SmartDevice for SMART.TAPOPLUG
Finding protocol for 192.168.100.112
Finding protocol for DeviceFamily.SmartTapoPlug
Finding transport for SMART.AES
Created AES transport for 192.168.100.112
[DISCOVERY] 192.168.100.112 << {'error_code': 0,
 'result': {'device_id': 'REDACTED_c913ec3cd97a6bec2fbb1ee',
            'device_model': 'P100',
            'device_type': 'SMART.TAPOPLUG',
            'factory_default': False,
            'ip': '192.168.100.112',
            'is_support_iot_cloud': True,
            'mac': '74-DA-88-00-00-00',
            'mgt_encrypt_schm': {'encrypt_type': 'AES',
                                 'http_port': 80,
                                 'is_support_https': False,
                                 'lv': 2},
            'owner': 'REDACTED_19347acd812465188388075'}}
Initializing 192.168.100.112 of type <class 'kasa.smart.smartdevice.SmartDevice'>
192.168.100.112 multi-request-batch-1-of-1 >> '{"method":"multipleRequest","request_time_milis":1744363237202,"terminal_uuid":"yqX8D8HgMNlwPQkCR3AdaQ==","params":{"requests":[{"method":"component_nego"},{"method":"get_device_info"},{"method":"get_connect_cloud_state"}]}}'
Will perform handshaking...
Posting to http://192.168.100.112/app
Generating keypair
Handshake request: {'method': 'handshake', 'params': {'key': '-----BEGIN PUBLIC KEY-----\nMIGfMA0GCSqGSIb3DQEBAQUAA4GNADCBiQKBgQDiYZJWHSHH75PmQDGFq5JydfM/Y+YzOTnLaXobxoacsXhCOrkGeORYZeQo8ffto42nMYkxSjRcHS5wpd/HePSMldFvDip1LxjWLk9MzHPJVAopi0dOYRopV63MYAoRHj54kwMsUi5LaEEiijydltBGcRoJyXgStWn3Bu+4UUNySQIDAQAB\n-----END PUBLIC KEY-----\n'}}
Device responded with: {'error_code': 0, 'result': {'key': 'bn32eQB9KfvYzlfiCEOoTRAkDsLKmbiidnZ2j8G5zCNwThS8enUX5nP5aUIdtqGWOzplbqVQboIfAqWBvaHHQPDemUV12CFozqBIomIWMQXwJWxMs8sXmuDFJBVYtTzIJ4QqbLHi6wTIkkgH4kPN1o9k6jSKtXDp5UzWbJx1+tI='}}
Handshake with 192.168.100.112 complete
Posting to http://192.168.100.112/app
192.168.100.112: logged in with provided credentials
Posting to http://192.168.100.112/app?token=DFD63ED121A1D9A25E922293E183DF83
Device 192.168.100.112 received an os error, enabling sequential request delay: Server disconnected
Device 192.168.100.112 got a connection error, will retry 3 times: ('Device connection error: 192.168.100.112: Server disconnected', ServerDisconnectedError('Server disconnected'))
192.168.100.112 multi-request-batch-1-of-1 >> '{"method":"multipleRequest","request_time_milis":1744363237338,"terminal_uuid":"yqX8D8HgMNlwPQkCR3AdaQ==","params":{"requests":[{"method":"component_nego"},{"method":"get_device_info"},{"method":"get_connect_cloud_state"}]}}'
Device 192.168.100.112 waiting 0.25 seconds to send request
Posting to http://192.168.100.112/app?token=DFD63ED121A1D9A25E922293E183DF83
192.168.100.112 multi-request-batch-1-of-1 << {'error_code': 0,
 'result': {'responses': [{'error_code': 0,
                           'method': 'component_nego',
                           'result': {'component_list': [{'id': 'device',
                                                          'ver_code': 2},
                                                         {'id': 'firmware',
                                                          'ver_code': 1},
                                                         {'id': 'quick_setup',
                                                          'ver_code': 3},
                                                         {'id': 'time',
                                                          'ver_code': 1},
                                                         {'id': 'wireless',
                                                          'ver_code': 1},
                                                         {'id': 'schedule',
                                                          'ver_code': 2},
                                                         {'id': 'countdown',
                                                          'ver_code': 2},
                                                         {'id': 'antitheft',
                                                          'ver_code': 1},
                                                         {'id': 'account',
                                                          'ver_code': 1},
                                                         {'id': 'synchronize',
                                                          'ver_code': 1},
                                                         {'id': 'sunrise_sunset',
                                                          'ver_code': 1},
                                                         {'id': 'led',
                                                          'ver_code': 1},
                                                         {'id': 'cloud_connect',
                                                          'ver_code': 1},
                                                         {'id': 'iot_cloud',
                                                          'ver_code': 1},
                                                         {'id': 'default_states',
                                                          'ver_code': 1}]}},
                          {'error_code': 0,
                           'method': 'get_device_info',
                           'result': {'avatar': 'plug',
                                      'default_states': {'state': {},
                                                         'type': 'last_states'},
                                      'device_id': 'REDACTED_DB80F24B353338FA05BB18C1C486215',
                                      'device_on': False,
                                      'fw_id': 'REDACTED_A25ABDE41405B20C6F98816',
                                      'fw_ver': '1.3.7 Build 20230711 Rel. '
                                                '61904',
                                      'has_set_location_info': True,
                                      'hw_id': 'REDACTED_5B29645B8150C392284029D',
                                      'hw_ver': '1.0.0',
                                      'ip': '192.168.100.112',
                                      'lang': 'it_IT',
                                      'latitude': 0,
                                      'location': '',
                                      'longitude': 0,
                                      'mac': '74-DA-88-00-00-00',
                                      'model': 'P100',
                                      'nickname': 'I01BU0tFRF9OQU1FIw==',
                                      'oem_id': 'REDACTED_06C60A9AEEA36A3347B6EBC',
                                      'on_time': 0,
                                      'overheated': False,
                                      'region': 'Europe/Rome',
                                      'rssi': -46,
                                      'signal_level': 3,
                                      'specs': 'EU',
                                      'ssid': 'I01BU0tFRF9TU0lEIw==',
                                      'time_diff': 60,
                                      'type': 'SMART.TAPOPLUG'}},
                          {'error_code': 0,
                           'method': 'get_connect_cloud_state',
                           'result': {'status': 0}}]}}
Device 192.168.100.112, found required cloud_connect, adding Cloud to modules.
Device 192.168.100.112, found required device, adding DeviceModule to modules.
Device 192.168.100.112, found required firmware, adding Firmware to modules.
Device 192.168.100.112, found required led, adding Led to modules.
Device 192.168.100.112, found required None, adding OverheatProtection to modules.
Device 192.168.100.112, found required time, adding Time to modules.
Querying 192.168.100.112 for modules: Time, Led
192.168.100.112 multi-request-batch-1-of-1 >> '{"method":"multipleRequest","request_time_milis":1744363237687,"terminal_uuid":"yqX8D8HgMNlwPQkCR3AdaQ==","params":{"requests":[{"method":"get_device_time"},{"method":"get_led_info"}]}}'
Device 192.168.100.112 waiting 0.235000000015134 seconds to send request
Posting to http://192.168.100.112/app?token=DFD63ED121A1D9A25E922293E183DF83
192.168.100.112 multi-request-batch-1-of-1 << {'error_code': 0,
 'result': {'responses': [{'error_code': 0,
                           'method': 'get_device_time',
                           'result': {'region': 'Europe/Rome',
                                      'time_diff': 60,
                                      'timestamp': 1744363237}},
                          {'error_code': 0,
                           'method': 'get_led_info',
                           'result': {'led_rule': 'always',
                                      'led_status': False,
                                      'night_mode': {'end_time': 0,
                                                     'night_mode_type': 'unknown',
                                                     'start_time': 0,
                                                     'sunrise_offset': 0,
                                                     'sunset_offset': 0}}}]}}
Update completed 192.168.100.112: ['component_nego', 'get_device_info', 'get_connect_cloud_state', 'get_device_time', 'get_led_info']
[DISCOVERY] 192.168.100.112 >> {'system': {'get_sysinfo': {}}}
Waiting a total of 5 seconds for responses...
Using SmartDevice for SMART.TAPOPLUG
Finding protocol for 192.168.100.112
Finding protocol for DeviceFamily.SmartTapoPlug
Finding transport for SMART.AES
Created AES transport for 192.168.100.112
[DISCOVERY] 192.168.100.112 << {'error_code': 0,
 'result': {'device_id': 'REDACTED_c913ec3cd97a6bec2fbb1ee',
            'device_model': 'P100',
            'device_type': 'SMART.TAPOPLUG',
            'factory_default': False,
            'ip': '192.168.100.112',
            'is_support_iot_cloud': True,
            'mac': '74-DA-88-00-00-00',
            'mgt_encrypt_schm': {'encrypt_type': 'AES',
                                 'http_port': 80,
                                 'is_support_https': False,
                                 'lv': 2},
            'owner': 'REDACTED_19347acd812465188388075'}}
Initializing 192.168.100.112 of type <class 'kasa.smart.smartdevice.SmartDevice'>
192.168.100.112 >> '{"method":"set_device_info","request_time_milis":1744363241370,"terminal_uuid":"2su5UZ7MoJVEv39klP71RQ==","params":{"device_on":true}}'
Will perform handshaking...
Posting to http://192.168.100.112/app
Generating keypair
Handshake request: {'method': 'handshake', 'params': {'key': '-----BEGIN PUBLIC KEY-----\nMIGfMA0GCSqGSIb3DQEBAQUAA4GNADCBiQKBgQDBytHlcrnjCgrOJSPmSe/qa/Q6O9MsX7qMp21Rcz05z2GQmP5HFCCa4bVPVJBV2B2Pmve/t5aIDUI4NH7eueGwV6OUs9FVZgbiky44RxrLyxbjbARm5xx5llGgCY00HiNy9zC0Ylq50UlAtvooIT0hxkCI+U5AiozvFa4x+66wMQIDAQAB\n-----END PUBLIC KEY-----\n'}}
Device responded with: {'error_code': 0, 'result': {'key': 'dj4qymQgPfm90g/jPwADrPC+UM3A5rs1xsJ17cucyCbxNk26PfWreqBukuxrEztrZXLNb4rKasGDmqQvVI6Tr13tXEiHeJCC6XQEog2q60+Mv7VXkydE6R9pMX+Cd1CHe82DkF0LCn3c95zs5qPgNas9gc1wAjZmsrdLHCVIu5M='}}
Handshake with 192.168.100.112 complete
Posting to http://192.168.100.112/app
192.168.100.112: logged in with provided credentials
Posting to http://192.168.100.112/app?token=E3C17FC7B3A77DA49B94F4950F85B885
Device 192.168.100.112 received an os error, enabling sequential request delay: Server disconnected
Device 192.168.100.112 got a connection error, will retry 3 times: ('Device connection error: 192.168.100.112: Server disconnected', ServerDisconnectedError('Server disconnected'))
192.168.100.112 >> '{"method":"set_device_info","request_time_milis":1744363241591,"terminal_uuid":"2su5UZ7MoJVEv39klP71RQ==","params":{"device_on":true}}'
Device 192.168.100.112 waiting 0.25 seconds to send request
Posting to http://192.168.100.112/app?token=E3C17FC7B3A77DA49B94F4950F85B885
192.168.100.112 << {'error_code': 0}
192.168.100.112 multi-request-batch-1-of-1 >> '{"method":"multipleRequest","request_time_milis":1744363242017,"terminal_uuid":"2su5UZ7MoJVEv39klP71RQ==","params":{"requests":[{"method":"component_nego"},{"method":"get_device_info"},{"method":"get_connect_cloud_state"}]}}'
Device 192.168.100.112 waiting 0.25 seconds to send request
Posting to http://192.168.100.112/app?token=E3C17FC7B3A77DA49B94F4950F85B885
192.168.100.112 multi-request-batch-1-of-1 << {'error_code': 0,
 'result': {'responses': [{'error_code': 0,
                           'method': 'component_nego',
                           'result': {'component_list': [{'id': 'device',
                                                          'ver_code': 2},
                                                         {'id': 'firmware',
                                                          'ver_code': 1},
                                                         {'id': 'quick_setup',
                                                          'ver_code': 3},
                                                         {'id': 'time',
                                                          'ver_code': 1},
                                                         {'id': 'wireless',
                                                          'ver_code': 1},
                                                         {'id': 'schedule',
                                                          'ver_code': 2},
                                                         {'id': 'countdown',
                                                          'ver_code': 2},
                                                         {'id': 'antitheft',
                                                          'ver_code': 1},
                                                         {'id': 'account',
                                                          'ver_code': 1},
                                                         {'id': 'synchronize',
                                                          'ver_code': 1},
                                                         {'id': 'sunrise_sunset',
                                                          'ver_code': 1},
                                                         {'id': 'led',
                                                          'ver_code': 1},
                                                         {'id': 'cloud_connect',
                                                          'ver_code': 1},
                                                         {'id': 'iot_cloud',
                                                          'ver_code': 1},
                                                         {'id': 'default_states',
                                                          'ver_code': 1}]}},
                          {'error_code': 0,
                           'method': 'get_device_info',
                           'result': {'avatar': 'plug',
                                      'default_states': {'state': {},
                                                         'type': 'last_states'},
                                      'device_id': 'REDACTED_DB80F24B353338FA05BB18C1C486215',
                                      'device_on': True,
                                      'fw_id': 'REDACTED_A25ABDE41405B20C6F98816',
                                      'fw_ver': '1.3.7 Build 20230711 Rel. '
                                                '61904',
                                      'has_set_location_info': True,
                                      'hw_id': 'REDACTED_5B29645B8150C392284029D',
                                      'hw_ver': '1.0.0',
                                      'ip': '192.168.100.112',
                                      'lang': 'it_IT',
                                      'latitude': 0,
                                      'location': '',
                                      'longitude': 0,
                                      'mac': '74-DA-88-00-00-00',
                                      'model': 'P100',
                                      'nickname': 'I01BU0tFRF9OQU1FIw==',
                                      'oem_id': 'REDACTED_06C60A9AEEA36A3347B6EBC',
                                      'on_time': 1,
                                      'overheated': False,
                                      'region': 'Europe/Rome',
                                      'rssi': -46,
                                      'signal_level': 3,
                                      'specs': 'EU',
                                      'ssid': 'I01BU0tFRF9TU0lEIw==',
                                      'time_diff': 60,
                                      'type': 'SMART.TAPOPLUG'}},
                          {'error_code': 0,
                           'method': 'get_connect_cloud_state',
                           'result': {'status': 0}}]}}
Device 192.168.100.112, found required cloud_connect, adding Cloud to modules.
Device 192.168.100.112, found required device, adding DeviceModule to modules.
Device 192.168.100.112, found required firmware, adding Firmware to modules.
Device 192.168.100.112, found required led, adding Led to modules.
Device 192.168.100.112, found required None, adding OverheatProtection to modules.
Device 192.168.100.112, found required time, adding Time to modules.
Querying 192.168.100.112 for modules: Time, Led
192.168.100.112 multi-request-batch-1-of-1 >> '{"method":"multipleRequest","request_time_milis":1744363242414,"terminal_uuid":"2su5UZ7MoJVEv39klP71RQ==","params":{"requests":[{"method":"get_device_time"},{"method":"get_led_info"}]}}'
Device 192.168.100.112 waiting 0.21799999999348074 seconds to send request
Posting to http://192.168.100.112/app?token=E3C17FC7B3A77DA49B94F4950F85B885
192.168.100.112 multi-request-batch-1-of-1 << {'error_code': 0,
 'result': {'responses': [{'error_code': 0,
                           'method': 'get_device_time',
                           'result': {'region': 'Europe/Rome',
                                      'time_diff': 60,
                                      'timestamp': 1744363242}},
                          {'error_code': 0,
                           'method': 'get_led_info',
                           'result': {'led_rule': 'always',
                                      'led_status': True,
                                      'night_mode': {'end_time': 0,
                                                     'night_mode_type': 'unknown',
                                                     'start_time': 0,
                                                     'sunrise_offset': 0,
                                                     'sunset_offset': 0}}}]}}
Update completed 192.168.100.112: ['component_nego', 'get_device_info', 'get_connect_cloud_state', 'get_device_time', 'get_led_info']
Switching status
Using proactor: IocpProactor
[DISCOVERY] 192.168.100.112 >> {'system': {'get_sysinfo': {}}}
Waiting a total of 5 seconds for responses...
Using SmartDevice for SMART.TAPOPLUG
Finding protocol for 192.168.100.112
Finding protocol for DeviceFamily.SmartTapoPlug
Finding transport for SMART.AES
Created AES transport for 192.168.100.112
[DISCOVERY] 192.168.100.112 << {'error_code': 0,
 'result': {'device_id': 'REDACTED_c913ec3cd97a6bec2fbb1ee',
            'device_model': 'P100',
            'device_type': 'SMART.TAPOPLUG',
            'factory_default': False,
            'ip': '192.168.100.112',
            'is_support_iot_cloud': True,
            'mac': '74-DA-88-00-00-00',
            'mgt_encrypt_schm': {'encrypt_type': 'AES',
                                 'http_port': 80,
                                 'is_support_https': False,
                                 'lv': 2},
            'owner': 'REDACTED_19347acd812465188388075'}}
Initializing 192.168.100.112 of type <class 'kasa.smart.smartdevice.SmartDevice'>
192.168.100.112 >> '{"method":"set_device_info","request_time_milis":1744363258620,"terminal_uuid":"dCrMTd2rN0jdjgR3G3rWxg==","params":{"device_on":false}}'
Will perform handshaking...
Posting to http://192.168.100.112/app
Generating keypair
Handshake request: {'method': 'handshake', 'params': {'key': '-----BEGIN PUBLIC KEY-----\nMIGfMA0GCSqGSIb3DQEBAQUAA4GNADCBiQKBgQDQQrO6L6oNJisKhvCcpIPlmPr21uzPSKOLGf4mbbXDGFVIeAFvxlgNjUUgIjTO9EzNgS5X/MHtpe9A13sCqAlZ/mXFdT1xOqJGULV5Qtw5QuajcER/JtwEaAipycHXK5pLC0rJITe4a85zoVaO0Upq8YBiW/KaNsCss0eM4WJs9QIDAQAB\n-----END PUBLIC KEY-----\n'}}
Device responded with: {'error_code': 0, 'result': {'key': 'LzgB4l+OwCAdJ4zBvEg8WzV3BzWjElIRBv/lm1gvWx723ygjJ2x4sg70Ji2fcaUil4DLNSP++xUa+qzmpN7sDDb4BtukZ3s4F5aJb8mzRDP+0fA4EtRC7YVZ26MW4PE12d6jDQ5xptf/+YdaFN9QM/b57MjNCgXLRzHtCY0qemk='}}
Handshake with 192.168.100.112 complete
Posting to http://192.168.100.112/app
192.168.100.112: logged in with provided credentials
Posting to http://192.168.100.112/app?token=25983995F945F7431F23902064102B11
Device 192.168.100.112 received an os error, enabling sequential request delay: Server disconnected
Device 192.168.100.112 got a connection error, will retry 3 times: ('Device connection error: 192.168.100.112: Server disconnected', ServerDisconnectedError('Server disconnected'))
192.168.100.112 >> '{"method":"set_device_info","request_time_milis":1744363258748,"terminal_uuid":"dCrMTd2rN0jdjgR3G3rWxg==","params":{"device_on":false}}'
Device 192.168.100.112 waiting 0.25 seconds to send request
Posting to http://192.168.100.112/app?token=25983995F945F7431F23902064102B11
192.168.100.112 << {'error_code': 0}
192.168.100.112 multi-request-batch-1-of-1 >> '{"method":"multipleRequest","request_time_milis":1744363259184,"terminal_uuid":"dCrMTd2rN0jdjgR3G3rWxg==","params":{"requests":[{"method":"component_nego"},{"method":"get_device_info"},{"method":"get_connect_cloud_state"}]}}'
Device 192.168.100.112 waiting 0.25 seconds to send request
Posting to http://192.168.100.112/app?token=25983995F945F7431F23902064102B11
192.168.100.112 multi-request-batch-1-of-1 << {'error_code': 0,
 'result': {'responses': [{'error_code': 0,
                           'method': 'component_nego',
                           'result': {'component_list': [{'id': 'device',
                                                          'ver_code': 2},
                                                         {'id': 'firmware',
                                                          'ver_code': 1},
                                                         {'id': 'quick_setup',
                                                          'ver_code': 3},
                                                         {'id': 'time',
                                                          'ver_code': 1},
                                                         {'id': 'wireless',
                                                          'ver_code': 1},
                                                         {'id': 'schedule',
                                                          'ver_code': 2},
                                                         {'id': 'countdown',
                                                          'ver_code': 2},
                                                         {'id': 'antitheft',
                                                          'ver_code': 1},
                                                         {'id': 'account',
                                                          'ver_code': 1},
                                                         {'id': 'synchronize',
                                                          'ver_code': 1},
                                                         {'id': 'sunrise_sunset',
                                                          'ver_code': 1},
                                                         {'id': 'led',
                                                          'ver_code': 1},
                                                         {'id': 'cloud_connect',
                                                          'ver_code': 1},
                                                         {'id': 'iot_cloud',
                                                          'ver_code': 1},
                                                         {'id': 'default_states',
                                                          'ver_code': 1}]}},
                          {'error_code': 0,
                           'method': 'get_device_info',
                           'result': {'avatar': 'plug',
                                      'default_states': {'state': {},
                                                         'type': 'last_states'},
                                      'device_id': 'REDACTED_DB80F24B353338FA05BB18C1C486215',
                                      'device_on': False,
                                      'fw_id': 'REDACTED_A25ABDE41405B20C6F98816',
                                      'fw_ver': '1.3.7 Build 20230711 Rel. '
                                                '61904',
                                      'has_set_location_info': True,
                                      'hw_id': 'REDACTED_5B29645B8150C392284029D',
                                      'hw_ver': '1.0.0',
                                      'ip': '192.168.100.112',
                                      'lang': 'it_IT',
                                      'latitude': 0,
                                      'location': '',
                                      'longitude': 0,
                                      'mac': '74-DA-88-00-00-00',
                                      'model': 'P100',
                                      'nickname': 'I01BU0tFRF9OQU1FIw==',
                                      'oem_id': 'REDACTED_06C60A9AEEA36A3347B6EBC',
                                      'on_time': 0,
                                      'overheated': False,
                                      'region': 'Europe/Rome',
                                      'rssi': -44,
                                      'signal_level': 3,
                                      'specs': 'EU',
                                      'ssid': 'I01BU0tFRF9TU0lEIw==',
                                      'time_diff': 60,
                                      'type': 'SMART.TAPOPLUG'}},
                          {'error_code': 0,
                           'method': 'get_connect_cloud_state',
                           'result': {'status': 0}}]}}
Device 192.168.100.112, found required cloud_connect, adding Cloud to modules.
Device 192.168.100.112, found required device, adding DeviceModule to modules.
Device 192.168.100.112, found required firmware, adding Firmware to modules.
Device 192.168.100.112, found required led, adding Led to modules.
Device 192.168.100.112, found required None, adding OverheatProtection to modules.
Device 192.168.100.112, found required time, adding Time to modules.
Querying 192.168.100.112 for modules: Time, Led
192.168.100.112 multi-request-batch-1-of-1 >> '{"method":"multipleRequest","request_time_milis":1744363259890,"terminal_uuid":"dCrMTd2rN0jdjgR3G3rWxg==","params":{"requests":[{"method":"get_device_time"},{"method":"get_led_info"}]}}'
Posting to http://192.168.100.112/app?token=25983995F945F7431F23902064102B11
Device 192.168.100.112 got a connection error, will retry 3 times: ('Device connection error: 192.168.100.112: Server disconnected', ServerDisconnectedError('Server disconnected'))
192.168.100.112 multi-request-batch-1-of-1 >> '{"method":"multipleRequest","request_time_milis":1744363259892,"terminal_uuid":"dCrMTd2rN0jdjgR3G3rWxg==","params":{"requests":[{"method":"get_device_time"},{"method":"get_led_info"}]}}'
Device 192.168.100.112 waiting 0.25 seconds to send request
Posting to http://192.168.100.112/app?token=25983995F945F7431F23902064102B11
192.168.100.112 multi-request-batch-1-of-1 << {'error_code': 0,
 'result': {'responses': [{'error_code': 0,
                           'method': 'get_device_time',
                           'result': {'region': 'Europe/Rome',
                                      'time_diff': 60,
                                      'timestamp': 1744363260}},
                          {'error_code': 0,
                           'method': 'get_led_info',
                           'result': {'led_rule': 'always',
                                      'led_status': False,
                                      'night_mode': {'end_time': 0,
                                                     'night_mode_type': 'unknown',
                                                     'start_time': 0,
                                                     'sunrise_offset': 0,
                                                     'sunset_offset': 0}}}]}}
Update completed 192.168.100.112: ['component_nego', 'get_device_info', 'get_connect_cloud_state', 'get_device_time', 'get_led_info']
False
Switching status
Using proactor: IocpProactor
[DISCOVERY] 192.168.100.112 >> {'system': {'get_sysinfo': {}}}
Waiting a total of 5 seconds for responses...
Using SmartDevice for SMART.TAPOPLUG
Finding protocol for 192.168.100.112
Finding protocol for DeviceFamily.SmartTapoPlug
Finding transport for SMART.AES
Created AES transport for 192.168.100.112
[DISCOVERY] 192.168.100.112 << {'error_code': 0,
 'result': {'device_id': 'REDACTED_c913ec3cd97a6bec2fbb1ee',
            'device_model': 'P100',
            'device_type': 'SMART.TAPOPLUG',
            'factory_default': False,
            'ip': '192.168.100.112',
            'is_support_iot_cloud': True,
            'mac': '74-DA-88-00-00-00',
            'mgt_encrypt_schm': {'encrypt_type': 'AES',
                                 'http_port': 80,
                                 'is_support_https': False,
                                 'lv': 2},
            'owner': 'REDACTED_19347acd812465188388075'}}
Initializing 192.168.100.112 of type <class 'kasa.smart.smartdevice.SmartDevice'>
192.168.100.112 >> '{"method":"set_device_info","request_time_milis":1744363263167,"terminal_uuid":"bsuxsuE3GQfAghDBiM+q3w==","params":{"device_on":false}}'
Will perform handshaking...
Posting to http://192.168.100.112/app
Generating keypair
Handshake request: {'method': 'handshake', 'params': {'key': '-----BEGIN PUBLIC KEY-----\nMIGfMA0GCSqGSIb3DQEBAQUAA4GNADCBiQKBgQDIwcGrvRucklAyptVjCIDKnz2bl/LQYDtJGa9TJnTZLoNxaminf7sggk3uol1gborqVuP8+fxkakbfx4ulGVQkthS2jT+Ep0wQj/gQ48Dz4+rQpiTjIHExJFVQm4J6YOXU5UxROIQljvSBBDNVUAPdV1uiB/TDrgxOpzSVD307xwIDAQAB\n-----END PUBLIC KEY-----\n'}}
Device responded with: {'error_code': 0, 'result': {'key': 'al1+W01ibqgpqZAKwFPUs2KOyN/WlMbpwqyIwHoN1b+jjeigvZnB7cDTZaFWIcAmQ2NivmBONsolnCoWBeBT/ygb+8GqcIdxIM6bn/ZqL/rElcZZ4OMEuODf8vBSl+avyKrCDe+pEzKbBUETJAFnSD3AAzFxlfoIVZuFq66zaBc='}}
Handshake with 192.168.100.112 complete
Posting to http://192.168.100.112/app
192.168.100.112: logged in with provided credentials
Posting to http://192.168.100.112/app?token=35E9A9E46D342B3249526A515361CA60
Device 192.168.100.112 received an os error, enabling sequential request delay: Server disconnected
Device 192.168.100.112 got a connection error, will retry 3 times: ('Device connection error: 192.168.100.112: Server disconnected', ServerDisconnectedError('Server disconnected'))
192.168.100.112 >> '{"method":"set_device_info","request_time_milis":1744363263408,"terminal_uuid":"bsuxsuE3GQfAghDBiM+q3w==","params":{"device_on":false}}'
Device 192.168.100.112 waiting 0.25 seconds to send request
Posting to http://192.168.100.112/app?token=35E9A9E46D342B3249526A515361CA60
192.168.100.112 << {'error_code': 0}
192.168.100.112 multi-request-batch-1-of-1 >> '{"method":"multipleRequest","request_time_milis":1744363263760,"terminal_uuid":"bsuxsuE3GQfAghDBiM+q3w==","params":{"requests":[{"method":"component_nego"},{"method":"get_device_info"},{"method":"get_connect_cloud_state"}]}}'
Device 192.168.100.112 waiting 0.25 seconds to send request
Posting to http://192.168.100.112/app?token=35E9A9E46D342B3249526A515361CA60
192.168.100.112 multi-request-batch-1-of-1 << {'error_code': 0,
 'result': {'responses': [{'error_code': 0,
                           'method': 'component_nego',
                           'result': {'component_list': [{'id': 'device',
                                                          'ver_code': 2},
                                                         {'id': 'firmware',
                                                          'ver_code': 1},
                                                         {'id': 'quick_setup',
                                                          'ver_code': 3},
                                                         {'id': 'time',
                                                          'ver_code': 1},
                                                         {'id': 'wireless',
                                                          'ver_code': 1},
                                                         {'id': 'schedule',
                                                          'ver_code': 2},
                                                         {'id': 'countdown',
                                                          'ver_code': 2},
                                                         {'id': 'antitheft',
                                                          'ver_code': 1},
                                                         {'id': 'account',
                                                          'ver_code': 1},
                                                         {'id': 'synchronize',
                                                          'ver_code': 1},
                                                         {'id': 'sunrise_sunset',
                                                          'ver_code': 1},
                                                         {'id': 'led',
                                                          'ver_code': 1},
                                                         {'id': 'cloud_connect',
                                                          'ver_code': 1},
                                                         {'id': 'iot_cloud',
                                                          'ver_code': 1},
                                                         {'id': 'default_states',
                                                          'ver_code': 1}]}},
                          {'error_code': 0,
                           'method': 'get_device_info',
                           'result': {'avatar': 'plug',
                                      'default_states': {'state': {},
                                                         'type': 'last_states'},
                                      'device_id': 'REDACTED_DB80F24B353338FA05BB18C1C486215',
                                      'device_on': False,
                                      'fw_id': 'REDACTED_A25ABDE41405B20C6F98816',
                                      'fw_ver': '1.3.7 Build 20230711 Rel. '
                                                '61904',
                                      'has_set_location_info': True,
                                      'hw_id': 'REDACTED_5B29645B8150C392284029D',
                                      'hw_ver': '1.0.0',
                                      'ip': '192.168.100.112',
                                      'lang': 'it_IT',
                                      'latitude': 0,
                                      'location': '',
                                      'longitude': 0,
                                      'mac': '74-DA-88-00-00-00',
                                      'model': 'P100',
                                      'nickname': 'I01BU0tFRF9OQU1FIw==',
                                      'oem_id': 'REDACTED_06C60A9AEEA36A3347B6EBC',
                                      'on_time': 0,
                                      'overheated': False,
                                      'region': 'Europe/Rome',
                                      'rssi': -46,
                                      'signal_level': 3,
                                      'specs': 'EU',
                                      'ssid': 'I01BU0tFRF9TU0lEIw==',
                                      'time_diff': 60,
                                      'type': 'SMART.TAPOPLUG'}},
                          {'error_code': 0,
                           'method': 'get_connect_cloud_state',
                           'result': {'status': 0}}]}}
Device 192.168.100.112, found required cloud_connect, adding Cloud to modules.
Device 192.168.100.112, found required device, adding DeviceModule to modules.
Device 192.168.100.112, found required firmware, adding Firmware to modules.
Device 192.168.100.112, found required led, adding Led to modules.
Device 192.168.100.112, found required None, adding OverheatProtection to modules.
Device 192.168.100.112, found required time, adding Time to modules.
Querying 192.168.100.112 for modules: Time, Led
192.168.100.112 multi-request-batch-1-of-1 >> '{"method":"multipleRequest","request_time_milis":1744363264121,"terminal_uuid":"bsuxsuE3GQfAghDBiM+q3w==","params":{"requests":[{"method":"get_device_time"},{"method":"get_led_info"}]}}'
Device 192.168.100.112 waiting 0.2340000000258442 seconds to send request
Posting to http://192.168.100.112/app?token=35E9A9E46D342B3249526A515361CA60
192.168.100.112 multi-request-batch-1-of-1 << {'error_code': 0,
 'result': {'responses': [{'error_code': 0,
                           'method': 'get_device_time',
                           'result': {'region': 'Europe/Rome',
                                      'time_diff': 60,
                                      'timestamp': 1744363264}},
                          {'error_code': 0,
                           'method': 'get_led_info',
                           'result': {'led_rule': 'always',
                                      'led_status': False,
                                      'night_mode': {'end_time': 0,
                                                     'night_mode_type': 'unknown',
                                                     'start_time': 0,
                                                     'sunrise_offset': 0,
                                                     'sunset_offset': 0}}}]}}
Update completed 192.168.100.112: ['component_nego', 'get_device_info', 'get_connect_cloud_state', 'get_device_time', 'get_led_info']
False
Switching status
Using proactor: IocpProactor
[DISCOVERY] 192.168.100.112 >> {'system': {'get_sysinfo': {}}}
Waiting a total of 5 seconds for responses...
Using SmartDevice for SMART.TAPOPLUG
Finding protocol for 192.168.100.112
Finding protocol for DeviceFamily.SmartTapoPlug
Finding transport for SMART.AES
Created AES transport for 192.168.100.112
[DISCOVERY] 192.168.100.112 << {'error_code': 0,
 'result': {'device_id': 'REDACTED_c913ec3cd97a6bec2fbb1ee',
            'device_model': 'P100',
            'device_type': 'SMART.TAPOPLUG',
            'factory_default': False,
            'ip': '192.168.100.112',
            'is_support_iot_cloud': True,
            'mac': '74-DA-88-00-00-00',
            'mgt_encrypt_schm': {'encrypt_type': 'AES',
                                 'http_port': 80,
                                 'is_support_https': False,
                                 'lv': 2},
            'owner': 'REDACTED_19347acd812465188388075'}}
Initializing 192.168.100.112 of type <class 'kasa.smart.smartdevice.SmartDevice'>
192.168.100.112 >> '{"method":"set_device_info","request_time_milis":1744363274744,"terminal_uuid":"juWRlJFUIXXd9zoWTfuO4w==","params":{"device_on":false}}'
Will perform handshaking...
Posting to http://192.168.100.112/app
Generating keypair
Handshake request: {'method': 'handshake', 'params': {'key': '-----BEGIN PUBLIC KEY-----\nMIGfMA0GCSqGSIb3DQEBAQUAA4GNADCBiQKBgQD59OCejeN1FdAfrUSgMPhrhRZSH8LiwZvEWijU3WnmyaC33SKoBxn6d/hKLIqvnxGYBZnz3nRVi7nOBvDKE/GhzgQB4MKr69dmIDMkj3yaolGMmuDSruWyzhPtvFrOV+aG9Xh/AjETdxttRy5bdMbu+hKhRjA7hRanNH+2u6lWoQIDAQAB\n-----END PUBLIC KEY-----\n'}}
Device responded with: {'error_code': 0, 'result': {'key': 'qB74z5thNVMLEysOBA6YgXPKo6N3CG33YkrS1olRACok+WhULWqIYVyRPqC6Vb1umql2vqRSxJCEXTDBVTcHJcFwEvg0tz4KnGKZB2T4EyjXvquesfaTjHzgOgKBnJhvAhx1jeGmw6p7hbBbGRK7agIObgZHrMWT+IArVfCtbjs='}}
Handshake with 192.168.100.112 complete
Posting to http://192.168.100.112/app
192.168.100.112: logged in with provided credentials
Posting to http://192.168.100.112/app?token=2EF781FE746E236A592AFA28CF089609
Device 192.168.100.112 received an os error, enabling sequential request delay: Server disconnected
Device 192.168.100.112 got a connection error, will retry 3 times: ('Device connection error: 192.168.100.112: Server disconnected', ServerDisconnectedError('Server disconnected'))
192.168.100.112 >> '{"method":"set_device_info","request_time_milis":1744363274947,"terminal_uuid":"juWRlJFUIXXd9zoWTfuO4w==","params":{"device_on":false}}'
Device 192.168.100.112 waiting 0.25 seconds to send request
Posting to http://192.168.100.112/app?token=2EF781FE746E236A592AFA28CF089609
192.168.100.112 << {'error_code': 0}
192.168.100.112 multi-request-batch-1-of-1 >> '{"method":"multipleRequest","request_time_milis":1744363275269,"terminal_uuid":"juWRlJFUIXXd9zoWTfuO4w==","params":{"requests":[{"method":"component_nego"},{"method":"get_device_info"},{"method":"get_connect_cloud_state"}]}}'
Device 192.168.100.112 waiting 0.25 seconds to send request
Posting to http://192.168.100.112/app?token=2EF781FE746E236A592AFA28CF089609
192.168.100.112 multi-request-batch-1-of-1 << {'error_code': 0,
 'result': {'responses': [{'error_code': 0,
                           'method': 'component_nego',
                           'result': {'component_list': [{'id': 'device',
                                                          'ver_code': 2},
                                                         {'id': 'firmware',
                                                          'ver_code': 1},
                                                         {'id': 'quick_setup',
                                                          'ver_code': 3},
                                                         {'id': 'time',
                                                          'ver_code': 1},
                                                         {'id': 'wireless',
                                                          'ver_code': 1},
                                                         {'id': 'schedule',
                                                          'ver_code': 2},
                                                         {'id': 'countdown',
                                                          'ver_code': 2},
                                                         {'id': 'antitheft',
                                                          'ver_code': 1},
                                                         {'id': 'account',
                                                          'ver_code': 1},
                                                         {'id': 'synchronize',
                                                          'ver_code': 1},
                                                         {'id': 'sunrise_sunset',
                                                          'ver_code': 1},
                                                         {'id': 'led',
                                                          'ver_code': 1},
                                                         {'id': 'cloud_connect',
                                                          'ver_code': 1},
                                                         {'id': 'iot_cloud',
                                                          'ver_code': 1},
                                                         {'id': 'default_states',
                                                          'ver_code': 1}]}},
                          {'error_code': 0,
                           'method': 'get_device_info',
                           'result': {'avatar': 'plug',
                                      'default_states': {'state': {},
                                                         'type': 'last_states'},
                                      'device_id': 'REDACTED_DB80F24B353338FA05BB18C1C486215',
                                      'device_on': False,
                                      'fw_id': 'REDACTED_A25ABDE41405B20C6F98816',
                                      'fw_ver': '1.3.7 Build 20230711 Rel. '
                                                '61904',
                                      'has_set_location_info': True,
                                      'hw_id': 'REDACTED_5B29645B8150C392284029D',
                                      'hw_ver': '1.0.0',
                                      'ip': '192.168.100.112',
                                      'lang': 'it_IT',
                                      'latitude': 0,
                                      'location': '',
                                      'longitude': 0,
                                      'mac': '74-DA-88-00-00-00',
                                      'model': 'P100',
                                      'nickname': 'I01BU0tFRF9OQU1FIw==',
                                      'oem_id': 'REDACTED_06C60A9AEEA36A3347B6EBC',
                                      'on_time': 0,
                                      'overheated': False,
                                      'region': 'Europe/Rome',
                                      'rssi': -46,
                                      'signal_level': 3,
                                      'specs': 'EU',
                                      'ssid': 'I01BU0tFRF9TU0lEIw==',
                                      'time_diff': 60,
                                      'type': 'SMART.TAPOPLUG'}},
                          {'error_code': 0,
                           'method': 'get_connect_cloud_state',
                           'result': {'status': 0}}]}}
Device 192.168.100.112, found required cloud_connect, adding Cloud to modules.
Device 192.168.100.112, found required device, adding DeviceModule to modules.
Device 192.168.100.112, found required firmware, adding Firmware to modules.
Device 192.168.100.112, found required led, adding Led to modules.
Device 192.168.100.112, found required None, adding OverheatProtection to modules.
Device 192.168.100.112, found required time, adding Time to modules.
Querying 192.168.100.112 for modules: Time, Led
192.168.100.112 multi-request-batch-1-of-1 >> '{"method":"multipleRequest","request_time_milis":1744363275625,"terminal_uuid":"juWRlJFUIXXd9zoWTfuO4w==","params":{"requests":[{"method":"get_device_time"},{"method":"get_led_info"}]}}'
Device 192.168.100.112 waiting 0.2340000000258442 seconds to send request
Posting to http://192.168.100.112/app?token=2EF781FE746E236A592AFA28CF089609
192.168.100.112 multi-request-batch-1-of-1 << {'error_code': 0,
 'result': {'responses': [{'error_code': 0,
                           'method': 'get_device_time',
                           'result': {'region': 'Europe/Rome',
                                      'time_diff': 60,
                                      'timestamp': 1744363275}},
                          {'error_code': 0,
                           'method': 'get_led_info',
                           'result': {'led_rule': 'always',
                                      'led_status': False,
                                      'night_mode': {'end_time': 0,
                                                     'night_mode_type': 'unknown',
                                                     'start_time': 0,
                                                     'sunrise_offset': 0,
                                                     'sunset_offset': 0}}}]}}
Update completed 192.168.100.112: ['component_nego', 'get_device_info', 'get_connect_cloud_state', 'get_device_time', 'get_led_info']
False
Switching status
Using proactor: IocpProactor
[DISCOVERY] 192.168.100.112 >> {'system': {'get_sysinfo': {}}}
Waiting a total of 5 seconds for responses...
Using SmartDevice for SMART.TAPOPLUG
Finding protocol for 192.168.100.112
Finding protocol for DeviceFamily.SmartTapoPlug
Finding transport for SMART.AES
Created AES transport for 192.168.100.112
[DISCOVERY] 192.168.100.112 << {'error_code': 0,
 'result': {'device_id': 'REDACTED_c913ec3cd97a6bec2fbb1ee',
            'device_model': 'P100',
            'device_type': 'SMART.TAPOPLUG',
            'factory_default': False,
            'ip': '192.168.100.112',
            'is_support_iot_cloud': True,
            'mac': '74-DA-88-00-00-00',
            'mgt_encrypt_schm': {'encrypt_type': 'AES',
                                 'http_port': 80,
                                 'is_support_https': False,
                                 'lv': 2},
            'owner': 'REDACTED_19347acd812465188388075'}}
Initializing 192.168.100.112 of type <class 'kasa.smart.smartdevice.SmartDevice'>
192.168.100.112 >> '{"method":"set_device_info","request_time_milis":1744363282853,"terminal_uuid":"iMIJ/O5FbbvNDfaI/oFryg==","params":{"device_on":false}}'
Will perform handshaking...
Posting to http://192.168.100.112/app
Generating keypair
Handshake request: {'method': 'handshake', 'params': {'key': '-----BEGIN PUBLIC KEY-----\nMIGfMA0GCSqGSIb3DQEBAQUAA4GNADCBiQKBgQCyhGgqKuRemMmiNGNgo9dpx7/Ogz/xTrU5XZ3IfGX1RQuWz4t/OfXBkj8DBF3OdgTTxKzngMnWSP9IZz5zI+tHklwiPWCGifz5x14yQbrOqK1ZhHaSPwgr4aM2fJll/mDcN8UiSYqLNyzFkqXhDMA/g0bLh3uf+zr7/hlG7KM46wIDAQAB\n-----END PUBLIC KEY-----\n'}}
Device responded with: {'error_code': 0, 'result': {'key': 'dgyCoGK2g11oKuHfO93SJY+P7aon1pv3s4U+afvwYV/qsgpfp8OHlitLXW0X2TU7jQKITC/VP8Kca0iR/iCYVDK8dxHsId87YRMtGTGAdLf3+bB/qNzMcOLekB8Dhc+GXoBVIyZ1vqxBA6YgRXrQEpImpUKWIFVwux9Np09KXGc='}}
Handshake with 192.168.100.112 complete
Posting to http://192.168.100.112/app
192.168.100.112: logged in with provided credentials
Posting to http://192.168.100.112/app?token=8916C4151E25B0245D34823474341B34
Device 192.168.100.112 received an os error, enabling sequential request delay: Server disconnected
Device 192.168.100.112 got a connection error, will retry 3 times: ('Device connection error: 192.168.100.112: Server disconnected', ServerDisconnectedError('Server disconnected'))
192.168.100.112 >> '{"method":"set_device_info","request_time_milis":1744363282990,"terminal_uuid":"iMIJ/O5FbbvNDfaI/oFryg==","params":{"device_on":false}}'
Device 192.168.100.112 waiting 0.25 seconds to send request
Posting to http://192.168.100.112/app?token=8916C4151E25B0245D34823474341B34
192.168.100.112 << {'error_code': 0}
192.168.100.112 multi-request-batch-1-of-1 >> '{"method":"multipleRequest","request_time_milis":1744363283329,"terminal_uuid":"iMIJ/O5FbbvNDfaI/oFryg==","params":{"requests":[{"method":"component_nego"},{"method":"get_device_info"},{"method":"get_connect_cloud_state"}]}}'
Device 192.168.100.112 waiting 0.25 seconds to send request
Posting to http://192.168.100.112/app?token=8916C4151E25B0245D34823474341B34
192.168.100.112 multi-request-batch-1-of-1 << {'error_code': 0,
 'result': {'responses': [{'error_code': 0,
                           'method': 'component_nego',
                           'result': {'component_list': [{'id': 'device',
                                                          'ver_code': 2},
                                                         {'id': 'firmware',
                                                          'ver_code': 1},
                                                         {'id': 'quick_setup',
                                                          'ver_code': 3},
                                                         {'id': 'time',
                                                          'ver_code': 1},
                                                         {'id': 'wireless',
                                                          'ver_code': 1},
                                                         {'id': 'schedule',
                                                          'ver_code': 2},
                                                         {'id': 'countdown',
                                                          'ver_code': 2},
                                                         {'id': 'antitheft',
                                                          'ver_code': 1},
                                                         {'id': 'account',
                                                          'ver_code': 1},
                                                         {'id': 'synchronize',
                                                          'ver_code': 1},
                                                         {'id': 'sunrise_sunset',
                                                          'ver_code': 1},
                                                         {'id': 'led',
                                                          'ver_code': 1},
                                                         {'id': 'cloud_connect',
                                                          'ver_code': 1},
                                                         {'id': 'iot_cloud',
                                                          'ver_code': 1},
                                                         {'id': 'default_states',
                                                          'ver_code': 1}]}},
                          {'error_code': 0,
                           'method': 'get_device_info',
                           'result': {'avatar': 'plug',
                                      'default_states': {'state': {},
                                                         'type': 'last_states'},
                                      'device_id': 'REDACTED_DB80F24B353338FA05BB18C1C486215',
                                      'device_on': False,
                                      'fw_id': 'REDACTED_A25ABDE41405B20C6F98816',
                                      'fw_ver': '1.3.7 Build 20230711 Rel. '
                                                '61904',
                                      'has_set_location_info': True,
                                      'hw_id': 'REDACTED_5B29645B8150C392284029D',
                                      'hw_ver': '1.0.0',
                                      'ip': '192.168.100.112',
                                      'lang': 'it_IT',
                                      'latitude': 0,
                                      'location': '',
                                      'longitude': 0,
                                      'mac': '74-DA-88-00-00-00',
                                      'model': 'P100',
                                      'nickname': 'I01BU0tFRF9OQU1FIw==',
                                      'oem_id': 'REDACTED_06C60A9AEEA36A3347B6EBC',
                                      'on_time': 0,
                                      'overheated': False,
                                      'region': 'Europe/Rome',
                                      'rssi': -46,
                                      'signal_level': 3,
                                      'specs': 'EU',
                                      'ssid': 'I01BU0tFRF9TU0lEIw==',
                                      'time_diff': 60,
                                      'type': 'SMART.TAPOPLUG'}},
                          {'error_code': 0,
                           'method': 'get_connect_cloud_state',
                           'result': {'status': 0}}]}}
Device 192.168.100.112, found required cloud_connect, adding Cloud to modules.
Device 192.168.100.112, found required device, adding DeviceModule to modules.
Device 192.168.100.112, found required firmware, adding Firmware to modules.
Device 192.168.100.112, found required led, adding Led to modules.
Device 192.168.100.112, found required None, adding OverheatProtection to modules.
Device 192.168.100.112, found required time, adding Time to modules.
Querying 192.168.100.112 for modules: Time, Led
192.168.100.112 multi-request-batch-1-of-1 >> '{"method":"multipleRequest","request_time_milis":1744363283691,"terminal_uuid":"iMIJ/O5FbbvNDfaI/oFryg==","params":{"requests":[{"method":"get_device_time"},{"method":"get_led_info"}]}}'
Device 192.168.100.112 waiting 0.25 seconds to send request
Posting to http://192.168.100.112/app?token=8916C4151E25B0245D34823474341B34
192.168.100.112 multi-request-batch-1-of-1 << {'error_code': 0,
 'result': {'responses': [{'error_code': 0,
                           'method': 'get_device_time',
                           'result': {'region': 'Europe/Rome',
                                      'time_diff': 60,
                                      'timestamp': 1744363283}},
                          {'error_code': 0,
                           'method': 'get_led_info',
                           'result': {'led_rule': 'always',
                                      'led_status': False,
                                      'night_mode': {'end_time': 0,
                                                     'night_mode_type': 'unknown',
                                                     'start_time': 0,
                                                     'sunrise_offset': 0,
                                                     'sunset_offset': 0}}}]}}
Update completed 192.168.100.112: ['component_nego', 'get_device_info', 'get_connect_cloud_state', 'get_device_time', 'get_led_info']
False
Unclosed client session
client_session: <aiohttp.client.ClientSession object at 0x0000026DAD1BD430>
Unclosed connector
connections: ['deque([(<aiohttp.client_proto.ResponseHandler object at 0x0000026DAD1C42F0>, 151461.671)])']
connector: <aiohttp.connector.TCPConnector object at 0x0000026DAD1BD400>
Unclosed client session
client_session: <aiohttp.client.ClientSession object at 0x0000026DAD1BFAD0>
Unclosed connector
connections: ['deque([(<aiohttp.client_proto.ResponseHandler object at 0x0000026DAD1C47D0>, 151465.859)])']
connector: <aiohttp.connector.TCPConnector object at 0x0000026DAD1BF1A0>
Unclosed client session
client_session: <aiohttp.client.ClientSession object at 0x0000026DAD1D8E30>
Unclosed connector
connections: ['deque([(<aiohttp.client_proto.ResponseHandler object at 0x0000026DAD1C4950>, 151477.343)])']
connector: <aiohttp.connector.TCPConnector object at 0x0000026DAD1D8500>
Unclosed client session
client_session: <aiohttp.client.ClientSession object at 0x0000026DAD1D9EB0>
Unclosed connector
connections: ['deque([(<aiohttp.client_proto.ResponseHandler object at 0x0000026DAD1C4A70>, 151485.437)])']
connector: <aiohttp.connector.TCPConnector object at 0x0000026DAD1D9BE0>
[DISCOVERY] 192.168.100.112 >> {'system': {'get_sysinfo': {}}}
Waiting a total of 5 seconds for responses...
Using SmartDevice for SMART.TAPOPLUG
Finding protocol for 192.168.100.112
Finding protocol for DeviceFamily.SmartTapoPlug
Finding transport for SMART.AES
Created AES transport for 192.168.100.112
[DISCOVERY] 192.168.100.112 << {'error_code': 0,
 'result': {'device_id': 'REDACTED_c913ec3cd97a6bec2fbb1ee',
            'device_model': 'P100',
            'device_type': 'SMART.TAPOPLUG',
            'factory_default': False,
            'ip': '192.168.100.112',
            'is_support_iot_cloud': True,
            'mac': '74-DA-88-00-00-00',
            'mgt_encrypt_schm': {'encrypt_type': 'AES',
                                 'http_port': 80,
                                 'is_support_https': False,
                                 'lv': 2},
            'owner': 'REDACTED_19347acd812465188388075'}}
Initializing 192.168.100.112 of type <class 'kasa.smart.smartdevice.SmartDevice'>
192.168.100.112 >> '{"method":"set_device_info","request_time_milis":1744363287224,"terminal_uuid":"CDBG+P2+Oc2x/7sQ7bLXug==","params":{"device_on":true}}'
Will perform handshaking...
Posting to http://192.168.100.112/app
Generating keypair
Handshake request: {'method': 'handshake', 'params': {'key': '-----BEGIN PUBLIC KEY-----\nMIGfMA0GCSqGSIb3DQEBAQUAA4GNADCBiQKBgQCrFeSawM8DblVu0y3OTeKVWK0ws3QElwOC4Wogi6rrdFzxv+YSlpS2hWBHHmbVOeAai50EluUoY8WFgzr2kqF5SMOkuATdrqGOozgxutycP3cFq41AtpWh2t2IWra1O5Z25D8zijxR6c6DXJhgjn9+BkBRxk9oJDBQzHeiQkCmvQIDAQAB\n-----END PUBLIC KEY-----\n'}}
Device responded with: {'error_code': 0, 'result': {'key': 'jeP62PmZikIfDYy5s+4ZIOdfj0FFrJy1tD+0AcRYNOOKTQel2mEd28Xbe1o244HdrexiPVmpona509kfRu3dmldBaUAGyBw7Z1BNUbM6zGmB3RB45QDSeJA6bOWUb/PJzWI2twOp19uOxMxhbdPHSWzLkb8I0+8a+2MQzAIKoRQ='}}
Handshake with 192.168.100.112 complete
Posting to http://192.168.100.112/app
192.168.100.112: logged in with provided credentials
Posting to http://192.168.100.112/app?token=1054E85D67CD93C9D489AE8B05ABB8AA
Device 192.168.100.112 received an os error, enabling sequential request delay: Server disconnected
Device 192.168.100.112 got a connection error, will retry 3 times: ('Device connection error: 192.168.100.112: Server disconnected', ServerDisconnectedError('Server disconnected'))
192.168.100.112 >> '{"method":"set_device_info","request_time_milis":1744363287423,"terminal_uuid":"CDBG+P2+Oc2x/7sQ7bLXug==","params":{"device_on":true}}'
Device 192.168.100.112 waiting 0.25 seconds to send request
Posting to http://192.168.100.112/app?token=1054E85D67CD93C9D489AE8B05ABB8AA
192.168.100.112 << {'error_code': 0}
192.168.100.112 multi-request-batch-1-of-1 >> '{"method":"multipleRequest","request_time_milis":1744363287815,"terminal_uuid":"CDBG+P2+Oc2x/7sQ7bLXug==","params":{"requests":[{"method":"component_nego"},{"method":"get_device_info"},{"method":"get_connect_cloud_state"}]}}'
Device 192.168.100.112 waiting 0.25 seconds to send request
Posting to http://192.168.100.112/app?token=1054E85D67CD93C9D489AE8B05ABB8AA
192.168.100.112 multi-request-batch-1-of-1 << {'error_code': 0,
 'result': {'responses': [{'error_code': 0,
                           'method': 'component_nego',
                           'result': {'component_list': [{'id': 'device',
                                                          'ver_code': 2},
                                                         {'id': 'firmware',
                                                          'ver_code': 1},
                                                         {'id': 'quick_setup',
                                                          'ver_code': 3},
                                                         {'id': 'time',
                                                          'ver_code': 1},
                                                         {'id': 'wireless',
                                                          'ver_code': 1},
                                                         {'id': 'schedule',
                                                          'ver_code': 2},
                                                         {'id': 'countdown',
                                                          'ver_code': 2},
                                                         {'id': 'antitheft',
                                                          'ver_code': 1},
                                                         {'id': 'account',
                                                          'ver_code': 1},
                                                         {'id': 'synchronize',
                                                          'ver_code': 1},
                                                         {'id': 'sunrise_sunset',
                                                          'ver_code': 1},
                                                         {'id': 'led',
                                                          'ver_code': 1},
                                                         {'id': 'cloud_connect',
                                                          'ver_code': 1},
                                                         {'id': 'iot_cloud',
                                                          'ver_code': 1},
                                                         {'id': 'default_states',
                                                          'ver_code': 1}]}},
                          {'error_code': 0,
                           'method': 'get_device_info',
                           'result': {'avatar': 'plug',
                                      'default_states': {'state': {},
                                                         'type': 'last_states'},
                                      'device_id': 'REDACTED_DB80F24B353338FA05BB18C1C486215',
                                      'device_on': True,
                                      'fw_id': 'REDACTED_A25ABDE41405B20C6F98816',
                                      'fw_ver': '1.3.7 Build 20230711 Rel. '
                                                '61904',
                                      'has_set_location_info': True,
                                      'hw_id': 'REDACTED_5B29645B8150C392284029D',
                                      'hw_ver': '1.0.0',
                                      'ip': '192.168.100.112',
                                      'lang': 'it_IT',
                                      'latitude': 0,
                                      'location': '',
                                      'longitude': 0,
                                      'mac': '74-DA-88-00-00-00',
                                      'model': 'P100',
                                      'nickname': 'I01BU0tFRF9OQU1FIw==',
                                      'oem_id': 'REDACTED_06C60A9AEEA36A3347B6EBC',
                                      'on_time': 0,
                                      'overheated': False,
                                      'region': 'Europe/Rome',
                                      'rssi': -46,
                                      'signal_level': 3,
                                      'specs': 'EU',
                                      'ssid': 'I01BU0tFRF9TU0lEIw==',
                                      'time_diff': 60,
                                      'type': 'SMART.TAPOPLUG'}},
                          {'error_code': 0,
                           'method': 'get_connect_cloud_state',
                           'result': {'status': 0}}]}}
Device 192.168.100.112, found required cloud_connect, adding Cloud to modules.
Device 192.168.100.112, found required device, adding DeviceModule to modules.
Device 192.168.100.112, found required firmware, adding Firmware to modules.
Device 192.168.100.112, found required led, adding Led to modules.
Device 192.168.100.112, found required None, adding OverheatProtection to modules.
Device 192.168.100.112, found required time, adding Time to modules.
Querying 192.168.100.112 for modules: Time, Led
192.168.100.112 multi-request-batch-1-of-1 >> '{"method":"multipleRequest","request_time_milis":1744363288148,"terminal_uuid":"CDBG+P2+Oc2x/7sQ7bLXug==","params":{"requests":[{"method":"get_device_time"},{"method":"get_led_info"}]}}'
Device 192.168.100.112 waiting 0.23399999999674037 seconds to send request
Posting to http://192.168.100.112/app?token=1054E85D67CD93C9D489AE8B05ABB8AA
192.168.100.112 multi-request-batch-1-of-1 << {'error_code': 0,
 'result': {'responses': [{'error_code': 0,
                           'method': 'get_device_time',
                           'result': {'region': 'Europe/Rome',
                                      'time_diff': 60,
                                      'timestamp': 1744363288}},
                          {'error_code': 0,
                           'method': 'get_led_info',
                           'result': {'led_rule': 'always',
                                      'led_status': True,
                                      'night_mode': {'end_time': 0,
                                                     'night_mode_type': 'unknown',
                                                     'start_time': 0,
                                                     'sunrise_offset': 0,
                                                     'sunset_offset': 0}}}]}}
Update completed 192.168.100.112: ['component_nego', 'get_device_info', 'get_connect_cloud_state', 'get_device_time', 'get_led_info']
C:\Users\Davide\AppData\Local\I3Lab - Politecnico di Milano\Server SmartPlug\options.json
Discovery started...
Using proactor: IocpProactor
Listening on 127.0.0.1:7071
[DISCOVERY] 255.255.255.255 >> {'system': {'get_sysinfo': {}}}
Waiting 5 seconds for responses...
Using proactor: IocpProactor
Using SmartDevice for SMART.TAPOPLUG
Finding protocol for 192.168.100.112
Finding protocol for DeviceFamily.SmartTapoPlug
Finding transport for SMART.AES
Created AES transport for 192.168.100.112
[DISCOVERY] 192.168.100.112 << {'error_code': 0,
 'result': {'device_id': 'REDACTED_c913ec3cd97a6bec2fbb1ee',
            'device_model': 'P100',
            'device_type': 'SMART.TAPOPLUG',
            'factory_default': False,
            'ip': '192.168.100.112',
            'is_support_iot_cloud': True,
            'mac': '74-DA-88-00-00-00',
            'mgt_encrypt_schm': {'encrypt_type': 'AES',
                                 'http_port': 80,
                                 'is_support_https': False,
                                 'lv': 2},
            'owner': 'REDACTED_19347acd812465188388075'}}
Initializing 192.168.100.112 of type <class 'kasa.smart.smartdevice.SmartDevice'>
Discovery finished! Found: 1 device(s)
Discovered 1 devices
Using proactor: IocpProactor
[DISCOVERY] 192.168.100.112 >> {'system': {'get_sysinfo': {}}}
Waiting a total of 5 seconds for responses...
Using SmartDevice for SMART.TAPOPLUG
Finding protocol for 192.168.100.112
Finding protocol for DeviceFamily.SmartTapoPlug
Finding transport for SMART.AES
Created AES transport for 192.168.100.112
[DISCOVERY] 192.168.100.112 << {'error_code': 0,
 'result': {'device_id': 'REDACTED_c913ec3cd97a6bec2fbb1ee',
            'device_model': 'P100',
            'device_type': 'SMART.TAPOPLUG',
            'factory_default': False,
            'ip': '192.168.100.112',
            'is_support_iot_cloud': True,
            'mac': '74-DA-88-00-00-00',
            'mgt_encrypt_schm': {'encrypt_type': 'AES',
                                 'http_port': 80,
                                 'is_support_https': False,
                                 'lv': 2},
            'owner': 'REDACTED_19347acd812465188388075'}}
Initializing 192.168.100.112 of type <class 'kasa.smart.smartdevice.SmartDevice'>
192.168.100.112 multi-request-batch-1-of-1 >> '{"method":"multipleRequest","request_time_milis":1744363397136,"terminal_uuid":"x2EHGE8ctFWc53+2FWKAoQ==","params":{"requests":[{"method":"component_nego"},{"method":"get_device_info"},{"method":"get_connect_cloud_state"}]}}'
Will perform handshaking...
Posting to http://192.168.100.112/app
Generating keypair
Handshake request: {'method': 'handshake', 'params': {'key': '-----BEGIN PUBLIC KEY-----\nMIGfMA0GCSqGSIb3DQEBAQUAA4GNADCBiQKBgQCzioY2B+1h4Ac1t+lMAG0WwqszvP4OF7hTsDzJd/ocE9DyicqCm2ab8STRUdj8VqkYuzruk6s5qkHRcynFfIsxlObzvXIkJFMvbd1dN/5hx1Ty44/vzeF1gOW/ID2ElAbGt+Z2+sxD3kjwRa33ZMzjSSfRqzQnDWEEqEhMr1N5XwIDAQAB\n-----END PUBLIC KEY-----\n'}}
Device responded with: {'error_code': 0, 'result': {'key': 'LP9LXFfuXli/yNNX9ZLxMsoa6qBvFmSLZsW1G9lCR9swiPfsI3D2CBRzpIMdSWTET8ygb8j/0qki/q/e2ALZS+KnWYcRase4NddbZPKmXMyPZK/fucW9fxQf9hUkzECd2U283e1zZgGHsqy+LNOMLeL0VYxtmdhR6HG4Qy+dop0='}}
Handshake with 192.168.100.112 complete
Posting to http://192.168.100.112/app
192.168.100.112: logged in with provided credentials
Posting to http://192.168.100.112/app?token=069C3991C0415F47AB27EC249E14BD15
Device 192.168.100.112 received an os error, enabling sequential request delay: Server disconnected
Device 192.168.100.112 got a connection error, will retry 3 times: ('Device connection error: 192.168.100.112: Server disconnected', ServerDisconnectedError('Server disconnected'))
192.168.100.112 multi-request-batch-1-of-1 >> '{"method":"multipleRequest","request_time_milis":1744363397279,"terminal_uuid":"x2EHGE8ctFWc53+2FWKAoQ==","params":{"requests":[{"method":"component_nego"},{"method":"get_device_info"},{"method":"get_connect_cloud_state"}]}}'
Device 192.168.100.112 waiting 0.25 seconds to send request
Posting to http://192.168.100.112/app?token=069C3991C0415F47AB27EC249E14BD15
192.168.100.112 multi-request-batch-1-of-1 << {'error_code': 0,
 'result': {'responses': [{'error_code': 0,
                           'method': 'component_nego',
                           'result': {'component_list': [{'id': 'device',
                                                          'ver_code': 2},
                                                         {'id': 'firmware',
                                                          'ver_code': 1},
                                                         {'id': 'quick_setup',
                                                          'ver_code': 3},
                                                         {'id': 'time',
                                                          'ver_code': 1},
                                                         {'id': 'wireless',
                                                          'ver_code': 1},
                                                         {'id': 'schedule',
                                                          'ver_code': 2},
                                                         {'id': 'countdown',
                                                          'ver_code': 2},
                                                         {'id': 'antitheft',
                                                          'ver_code': 1},
                                                         {'id': 'account',
                                                          'ver_code': 1},
                                                         {'id': 'synchronize',
                                                          'ver_code': 1},
                                                         {'id': 'sunrise_sunset',
                                                          'ver_code': 1},
                                                         {'id': 'led',
                                                          'ver_code': 1},
                                                         {'id': 'cloud_connect',
                                                          'ver_code': 1},
                                                         {'id': 'iot_cloud',
                                                          'ver_code': 1},
                                                         {'id': 'default_states',
                                                          'ver_code': 1}]}},
                          {'error_code': 0,
                           'method': 'get_device_info',
                           'result': {'avatar': 'plug',
                                      'default_states': {'state': {},
                                                         'type': 'last_states'},
                                      'device_id': 'REDACTED_DB80F24B353338FA05BB18C1C486215',
                                      'device_on': True,
                                      'fw_id': 'REDACTED_A25ABDE41405B20C6F98816',
                                      'fw_ver': '1.3.7 Build 20230711 Rel. '
                                                '61904',
                                      'has_set_location_info': True,
                                      'hw_id': 'REDACTED_5B29645B8150C392284029D',
                                      'hw_ver': '1.0.0',
                                      'ip': '192.168.100.112',
                                      'lang': 'it_IT',
                                      'latitude': 0,
                                      'location': '',
                                      'longitude': 0,
                                      'mac': '74-DA-88-00-00-00',
                                      'model': 'P100',
                                      'nickname': 'I01BU0tFRF9OQU1FIw==',
                                      'oem_id': 'REDACTED_06C60A9AEEA36A3347B6EBC',
                                      'on_time': 110,
                                      'overheated': False,
                                      'region': 'Europe/Rome',
                                      'rssi': -44,
                                      'signal_level': 3,
                                      'specs': 'EU',
                                      'ssid': 'I01BU0tFRF9TU0lEIw==',
                                      'time_diff': 60,
                                      'type': 'SMART.TAPOPLUG'}},
                          {'error_code': 0,
                           'method': 'get_connect_cloud_state',
                           'result': {'status': 0}}]}}
Device 192.168.100.112, found required cloud_connect, adding Cloud to modules.
Device 192.168.100.112, found required device, adding DeviceModule to modules.
Device 192.168.100.112, found required firmware, adding Firmware to modules.
Device 192.168.100.112, found required led, adding Led to modules.
Device 192.168.100.112, found required None, adding OverheatProtection to modules.
Device 192.168.100.112, found required time, adding Time to modules.
Querying 192.168.100.112 for modules: Time, Led
192.168.100.112 multi-request-batch-1-of-1 >> '{"method":"multipleRequest","request_time_milis":1744363397626,"terminal_uuid":"x2EHGE8ctFWc53+2FWKAoQ==","params":{"requests":[{"method":"get_device_time"},{"method":"get_led_info"}]}}'
Device 192.168.100.112 waiting 0.25 seconds to send request
Posting to http://192.168.100.112/app?token=069C3991C0415F47AB27EC249E14BD15
192.168.100.112 multi-request-batch-1-of-1 << {'error_code': 0,
 'result': {'responses': [{'error_code': 0,
                           'method': 'get_device_time',
                           'result': {'region': 'Europe/Rome',
                                      'time_diff': 60,
                                      'timestamp': 1744363397}},
                          {'error_code': 0,
                           'method': 'get_led_info',
                           'result': {'led_rule': 'always',
                                      'led_status': True,
                                      'night_mode': {'end_time': 0,
                                                     'night_mode_type': 'unknown',
                                                     'start_time': 0,
                                                     'sunrise_offset': 0,
                                                     'sunset_offset': 0}}}]}}
Update completed 192.168.100.112: ['component_nego', 'get_device_info', 'get_connect_cloud_state', 'get_device_time', 'get_led_info']
Switching status
Using proactor: IocpProactor
[DISCOVERY] 192.168.100.112 >> {'system': {'get_sysinfo': {}}}
Waiting a total of 5 seconds for responses...
Using SmartDevice for SMART.TAPOPLUG
Finding protocol for 192.168.100.112
Finding protocol for DeviceFamily.SmartTapoPlug
Finding transport for SMART.AES
Created AES transport for 192.168.100.112
[DISCOVERY] 192.168.100.112 << {'error_code': 0,
 'result': {'device_id': 'REDACTED_c913ec3cd97a6bec2fbb1ee',
            'device_model': 'P100',
            'device_type': 'SMART.TAPOPLUG',
            'factory_default': False,
            'ip': '192.168.100.112',
            'is_support_iot_cloud': True,
            'mac': '74-DA-88-00-00-00',
            'mgt_encrypt_schm': {'encrypt_type': 'AES',
                                 'http_port': 80,
                                 'is_support_https': False,
                                 'lv': 2},
            'owner': 'REDACTED_19347acd812465188388075'}}
Initializing 192.168.100.112 of type <class 'kasa.smart.smartdevice.SmartDevice'>
192.168.100.112 >> '{"method":"set_device_info","request_time_milis":1744363421088,"terminal_uuid":"p1DHY9n8dcJ0jHR+IQ9Vmg==","params":{"device_on":true}}'
Will perform handshaking...
Posting to http://192.168.100.112/app
Generating keypair
Handshake request: {'method': 'handshake', 'params': {'key': '-----BEGIN PUBLIC KEY-----\nMIGfMA0GCSqGSIb3DQEBAQUAA4GNADCBiQKBgQDicl2YflQt/a4nVTDWy94P0rrAhwGVqt4d1nX2uDHZ5YCwAhjulvXTtvq6StYUaAq1a1I4P893GydAjtyOeP4csSkRLzlewXxJqBKhbJ6cCCkru/RGl1vs0lC9lHXfD7Vz6yIITJTQIXjcrsRzBTK4a4uf0NDhBdxxHrM3mmz6fwIDAQAB\n-----END PUBLIC KEY-----\n'}}
Device responded with: {'error_code': 0, 'result': {'key': 'wg7a7650C6/rIbJkEDR5Jr/M/4HD1CrRxX6wPkbMdLTpkxzhel81HM0RTgtgFRSrbuK9UjPAwpkMv5I1TSIlVQmIzobvFmXUCVLFp1WhL92H64LQOfuvuw+QK/exPeJVz143w+qcWFLwo093BvSFxBWFU1V0ETfAzBBQ3U4a53A='}}
Handshake with 192.168.100.112 complete
Posting to http://192.168.100.112/app
192.168.100.112: logged in with provided credentials
Posting to http://192.168.100.112/app?token=FD7CE67B5E0BD30807384939AB298429
Device 192.168.100.112 received an os error, enabling sequential request delay: Server disconnected
Device 192.168.100.112 got a connection error, will retry 3 times: ('Device connection error: 192.168.100.112: Server disconnected', ServerDisconnectedError('Server disconnected'))
192.168.100.112 >> '{"method":"set_device_info","request_time_milis":1744363421270,"terminal_uuid":"p1DHY9n8dcJ0jHR+IQ9Vmg==","params":{"device_on":true}}'
Device 192.168.100.112 waiting 0.25 seconds to send request
Posting to http://192.168.100.112/app?token=FD7CE67B5E0BD30807384939AB298429
192.168.100.112 << {'error_code': 0}
192.168.100.112 multi-request-batch-1-of-1 >> '{"method":"multipleRequest","request_time_milis":1744363421606,"terminal_uuid":"p1DHY9n8dcJ0jHR+IQ9Vmg==","params":{"requests":[{"method":"component_nego"},{"method":"get_device_info"},{"method":"get_connect_cloud_state"}]}}'
Device 192.168.100.112 waiting 0.25 seconds to send request
Posting to http://192.168.100.112/app?token=FD7CE67B5E0BD30807384939AB298429
192.168.100.112 multi-request-batch-1-of-1 << {'error_code': 0,
 'result': {'responses': [{'error_code': 0,
                           'method': 'component_nego',
                           'result': {'component_list': [{'id': 'device',
                                                          'ver_code': 2},
                                                         {'id': 'firmware',
                                                          'ver_code': 1},
                                                         {'id': 'quick_setup',
                                                          'ver_code': 3},
                                                         {'id': 'time',
                                                          'ver_code': 1},
                                                         {'id': 'wireless',
                                                          'ver_code': 1},
                                                         {'id': 'schedule',
                                                          'ver_code': 2},
                                                         {'id': 'countdown',
                                                          'ver_code': 2},
                                                         {'id': 'antitheft',
                                                          'ver_code': 1},
                                                         {'id': 'account',
                                                          'ver_code': 1},
                                                         {'id': 'synchronize',
                                                          'ver_code': 1},
                                                         {'id': 'sunrise_sunset',
                                                          'ver_code': 1},
                                                         {'id': 'led',
                                                          'ver_code': 1},
                                                         {'id': 'cloud_connect',
                                                          'ver_code': 1},
                                                         {'id': 'iot_cloud',
                                                          'ver_code': 1},
                                                         {'id': 'default_states',
                                                          'ver_code': 1}]}},
                          {'error_code': 0,
                           'method': 'get_device_info',
                           'result': {'avatar': 'plug',
                                      'default_states': {'state': {},
                                                         'type': 'last_states'},
                                      'device_id': 'REDACTED_DB80F24B353338FA05BB18C1C486215',
                                      'device_on': True,
                                      'fw_id': 'REDACTED_A25ABDE41405B20C6F98816',
                                      'fw_ver': '1.3.7 Build 20230711 Rel. '
                                                '61904',
                                      'has_set_location_info': True,
                                      'hw_id': 'REDACTED_5B29645B8150C392284029D',
                                      'hw_ver': '1.0.0',
                                      'ip': '192.168.100.112',
                                      'lang': 'it_IT',
                                      'latitude': 0,
                                      'location': '',
                                      'longitude': 0,
                                      'mac': '74-DA-88-00-00-00',
                                      'model': 'P100',
                                      'nickname': 'I01BU0tFRF9OQU1FIw==',
                                      'oem_id': 'REDACTED_06C60A9AEEA36A3347B6EBC',
                                      'on_time': 134,
                                      'overheated': False,
                                      'region': 'Europe/Rome',
                                      'rssi': -44,
                                      'signal_level': 3,
                                      'specs': 'EU',
                                      'ssid': 'I01BU0tFRF9TU0lEIw==',
                                      'time_diff': 60,
                                      'type': 'SMART.TAPOPLUG'}},
                          {'error_code': 0,
                           'method': 'get_connect_cloud_state',
                           'result': {'status': 0}}]}}
Device 192.168.100.112, found required cloud_connect, adding Cloud to modules.
Device 192.168.100.112, found required device, adding DeviceModule to modules.
Device 192.168.100.112, found required firmware, adding Firmware to modules.
Device 192.168.100.112, found required led, adding Led to modules.
Device 192.168.100.112, found required None, adding OverheatProtection to modules.
Device 192.168.100.112, found required time, adding Time to modules.
Querying 192.168.100.112 for modules: Time, Led
192.168.100.112 multi-request-batch-1-of-1 >> '{"method":"multipleRequest","request_time_milis":1744363421944,"terminal_uuid":"p1DHY9n8dcJ0jHR+IQ9Vmg==","params":{"requests":[{"method":"get_device_time"},{"method":"get_led_info"}]}}'
Device 192.168.100.112 waiting 0.25 seconds to send request
Posting to http://192.168.100.112/app?token=FD7CE67B5E0BD30807384939AB298429
192.168.100.112 multi-request-batch-1-of-1 << {'error_code': 0,
 'result': {'responses': [{'error_code': 0,
                           'method': 'get_device_time',
                           'result': {'region': 'Europe/Rome',
                                      'time_diff': 60,
                                      'timestamp': 1744363422}},
                          {'error_code': 0,
                           'method': 'get_led_info',
                           'result': {'led_rule': 'always',
                                      'led_status': True,
                                      'night_mode': {'end_time': 0,
                                                     'night_mode_type': 'unknown',
                                                     'start_time': 0,
                                                     'sunrise_offset': 0,
                                                     'sunset_offset': 0}}}]}}
Update completed 192.168.100.112: ['component_nego', 'get_device_info', 'get_connect_cloud_state', 'get_device_time', 'get_led_info']
True
Unclosed client session
client_session: <aiohttp.client.ClientSession object at 0x0000023B92E2D820>
Unclosed connector
connections: ['deque([(<aiohttp.client_proto.ResponseHandler object at 0x0000023B92E4BB90>, 151599.39)])']
connector: <aiohttp.connector.TCPConnector object at 0x0000023B92E2DC40>
Unclosed client session
client_session: <aiohttp.client.ClientSession object at 0x0000023B9303CFB0>
Unclosed connector
connections: ['deque([(<aiohttp.client_proto.ResponseHandler object at 0x0000023B930441D0>, 151623.703)])']
connector: <aiohttp.connector.TCPConnector object at 0x0000023B9303CFE0>
C:\Users\Davide\AppData\Local\I3Lab - Politecnico di Milano\Server SmartPlug\options.json
Discovery started...
Using proactor: IocpProactor
Listening on 127.0.0.1:7071
[DISCOVERY] 255.255.255.255 >> {'system': {'get_sysinfo': {}}}
Waiting 5 seconds for responses...
Using proactor: IocpProactor
Using SmartDevice for SMART.TAPOPLUG
Finding protocol for 192.168.100.112
Finding protocol for DeviceFamily.SmartTapoPlug
Finding transport for SMART.AES
Created AES transport for 192.168.100.112
[DISCOVERY] 192.168.100.112 << {'error_code': 0,
 'result': {'device_id': 'REDACTED_c913ec3cd97a6bec2fbb1ee',
            'device_model': 'P100',
            'device_type': 'SMART.TAPOPLUG',
            'factory_default': False,
            'ip': '192.168.100.112',
            'is_support_iot_cloud': True,
            'mac': '74-DA-88-00-00-00',
            'mgt_encrypt_schm': {'encrypt_type': 'AES',
                                 'http_port': 80,
                                 'is_support_https': False,
                                 'lv': 2},
            'owner': 'REDACTED_19347acd812465188388075'}}
Initializing 192.168.100.112 of type <class 'kasa.smart.smartdevice.SmartDevice'>
Discovery finished! Found: 1 device(s)
Discovered 1 devices
Using proactor: IocpProactor
[DISCOVERY] 192.168.100.112 >> {'system': {'get_sysinfo': {}}}
Waiting a total of 5 seconds for responses...
Using SmartDevice for SMART.TAPOPLUG
Finding protocol for 192.168.100.112
Finding protocol for DeviceFamily.SmartTapoPlug
Finding transport for SMART.AES
Created AES transport for 192.168.100.112
[DISCOVERY] 192.168.100.112 << {'error_code': 0,
 'result': {'device_id': 'REDACTED_c913ec3cd97a6bec2fbb1ee',
            'device_model': 'P100',
            'device_type': 'SMART.TAPOPLUG',
            'factory_default': False,
            'ip': '192.168.100.112',
            'is_support_iot_cloud': True,
            'mac': '74-DA-88-00-00-00',
            'mgt_encrypt_schm': {'encrypt_type': 'AES',
                                 'http_port': 80,
                                 'is_support_https': False,
                                 'lv': 2},
            'owner': 'REDACTED_19347acd812465188388075'}}
Initializing 192.168.100.112 of type <class 'kasa.smart.smartdevice.SmartDevice'>
192.168.100.112 multi-request-batch-1-of-1 >> '{"method":"multipleRequest","request_time_milis":1744363453184,"terminal_uuid":"4KTWxnzpHELGGylEZ3xhoQ==","params":{"requests":[{"method":"component_nego"},{"method":"get_device_info"},{"method":"get_connect_cloud_state"}]}}'
Will perform handshaking...
Posting to http://192.168.100.112/app
Generating keypair
Handshake request: {'method': 'handshake', 'params': {'key': '-----BEGIN PUBLIC KEY-----\nMIGfMA0GCSqGSIb3DQEBAQUAA4GNADCBiQKBgQDdKpX0TaWAHhdg3fL6LfXFZcFadkjAD+dvw7czJb805+AjhNGlW+XOEA7tW56hMfXv0dbbW96gd8tHp1dOUaRui9qOB5QS7NafHYyFpA7w5Ccr4vATi6JdbUWpNzpPkB31/CN7fuCI7qLYXdnXCw86TTMjGuC5GGwrZLKiFQuRCQIDAQAB\n-----END PUBLIC KEY-----\n'}}
Device responded with: {'error_code': 0, 'result': {'key': 'OR4IxzU+KklQFLIWL4KKou8tEgYZY7/VAU7M284W0ZnITqIhtjG2uCSLYup98x0OEkSHTEQrXaHGCsqODqoQl3wNOLGdYGwsNQK72QBtSUeGNNVgM02TiqK4aTZQMe9K2LoCyy8j4gwwcFpnAo7eqQvpH3QWcL8ltukPk6QBs6U='}}
Handshake with 192.168.100.112 complete
Posting to http://192.168.100.112/app
192.168.100.112: logged in with provided credentials
Posting to http://192.168.100.112/app?token=11D93AD68B269E21CE51CC52EC62E563
Device 192.168.100.112 received an os error, enabling sequential request delay: Server disconnected
Device 192.168.100.112 got a connection error, will retry 3 times: ('Device connection error: 192.168.100.112: Server disconnected', ServerDisconnectedError('Server disconnected'))
192.168.100.112 multi-request-batch-1-of-1 >> '{"method":"multipleRequest","request_time_milis":1744363453337,"terminal_uuid":"4KTWxnzpHELGGylEZ3xhoQ==","params":{"requests":[{"method":"component_nego"},{"method":"get_device_info"},{"method":"get_connect_cloud_state"}]}}'
Device 192.168.100.112 waiting 0.25 seconds to send request
Posting to http://192.168.100.112/app?token=11D93AD68B269E21CE51CC52EC62E563
192.168.100.112 multi-request-batch-1-of-1 << {'error_code': 0,
 'result': {'responses': [{'error_code': 0,
                           'method': 'component_nego',
                           'result': {'component_list': [{'id': 'device',
                                                          'ver_code': 2},
                                                         {'id': 'firmware',
                                                          'ver_code': 1},
                                                         {'id': 'quick_setup',
                                                          'ver_code': 3},
                                                         {'id': 'time',
                                                          'ver_code': 1},
                                                         {'id': 'wireless',
                                                          'ver_code': 1},
                                                         {'id': 'schedule',
                                                          'ver_code': 2},
                                                         {'id': 'countdown',
                                                          'ver_code': 2},
                                                         {'id': 'antitheft',
                                                          'ver_code': 1},
                                                         {'id': 'account',
                                                          'ver_code': 1},
                                                         {'id': 'synchronize',
                                                          'ver_code': 1},
                                                         {'id': 'sunrise_sunset',
                                                          'ver_code': 1},
                                                         {'id': 'led',
                                                          'ver_code': 1},
                                                         {'id': 'cloud_connect',
                                                          'ver_code': 1},
                                                         {'id': 'iot_cloud',
                                                          'ver_code': 1},
                                                         {'id': 'default_states',
                                                          'ver_code': 1}]}},
                          {'error_code': 0,
                           'method': 'get_device_info',
                           'result': {'avatar': 'plug',
                                      'default_states': {'state': {},
                                                         'type': 'last_states'},
                                      'device_id': 'REDACTED_DB80F24B353338FA05BB18C1C486215',
                                      'device_on': True,
                                      'fw_id': 'REDACTED_A25ABDE41405B20C6F98816',
                                      'fw_ver': '1.3.7 Build 20230711 Rel. '
                                                '61904',
                                      'has_set_location_info': True,
                                      'hw_id': 'REDACTED_5B29645B8150C392284029D',
                                      'hw_ver': '1.0.0',
                                      'ip': '192.168.100.112',
                                      'lang': 'it_IT',
                                      'latitude': 0,
                                      'location': '',
                                      'longitude': 0,
                                      'mac': '74-DA-88-00-00-00',
                                      'model': 'P100',
                                      'nickname': 'I01BU0tFRF9OQU1FIw==',
                                      'oem_id': 'REDACTED_06C60A9AEEA36A3347B6EBC',
                                      'on_time': 166,
                                      'overheated': False,
                                      'region': 'Europe/Rome',
                                      'rssi': -44,
                                      'signal_level': 3,
                                      'specs': 'EU',
                                      'ssid': 'I01BU0tFRF9TU0lEIw==',
                                      'time_diff': 60,
                                      'type': 'SMART.TAPOPLUG'}},
                          {'error_code': 0,
                           'method': 'get_connect_cloud_state',
                           'result': {'status': 0}}]}}
Device 192.168.100.112, found required cloud_connect, adding Cloud to modules.
Device 192.168.100.112, found required device, adding DeviceModule to modules.
Device 192.168.100.112, found required firmware, adding Firmware to modules.
Device 192.168.100.112, found required led, adding Led to modules.
Device 192.168.100.112, found required None, adding OverheatProtection to modules.
Device 192.168.100.112, found required time, adding Time to modules.
Querying 192.168.100.112 for modules: Time, Led
192.168.100.112 multi-request-batch-1-of-1 >> '{"method":"multipleRequest","request_time_milis":1744363453670,"terminal_uuid":"4KTWxnzpHELGGylEZ3xhoQ==","params":{"requests":[{"method":"get_device_time"},{"method":"get_led_info"}]}}'
Device 192.168.100.112 waiting 0.23399999999674037 seconds to send request
Posting to http://192.168.100.112/app?token=11D93AD68B269E21CE51CC52EC62E563
192.168.100.112 multi-request-batch-1-of-1 << {'error_code': 0,
 'result': {'responses': [{'error_code': 0,
                           'method': 'get_device_time',
                           'result': {'region': 'Europe/Rome',
                                      'time_diff': 60,
                                      'timestamp': 1744363453}},
                          {'error_code': 0,
                           'method': 'get_led_info',
                           'result': {'led_rule': 'always',
                                      'led_status': True,
                                      'night_mode': {'end_time': 0,
                                                     'night_mode_type': 'unknown',
                                                     'start_time': 0,
                                                     'sunrise_offset': 0,
                                                     'sunset_offset': 0}}}]}}
Update completed 192.168.100.112: ['component_nego', 'get_device_info', 'get_connect_cloud_state', 'get_device_time', 'get_led_info']
Switching status
Using proactor: IocpProactor
[DISCOVERY] 192.168.100.112 >> {'system': {'get_sysinfo': {}}}
Waiting a total of 5 seconds for responses...
Using SmartDevice for SMART.TAPOPLUG
Finding protocol for 192.168.100.112
Finding protocol for DeviceFamily.SmartTapoPlug
Finding transport for SMART.AES
Created AES transport for 192.168.100.112
[DISCOVERY] 192.168.100.112 << {'error_code': 0,
 'result': {'device_id': 'REDACTED_c913ec3cd97a6bec2fbb1ee',
            'device_model': 'P100',
            'device_type': 'SMART.TAPOPLUG',
            'factory_default': False,
            'ip': '192.168.100.112',
            'is_support_iot_cloud': True,
            'mac': '74-DA-88-00-00-00',
            'mgt_encrypt_schm': {'encrypt_type': 'AES',
                                 'http_port': 80,
                                 'is_support_https': False,
                                 'lv': 2},
            'owner': 'REDACTED_19347acd812465188388075'}}
Initializing 192.168.100.112 of type <class 'kasa.smart.smartdevice.SmartDevice'>
192.168.100.112 >> '{"method":"set_device_info","request_time_milis":1744363455935,"terminal_uuid":"Qgxgepv89NmfVQdcmJ2/Sw==","params":{"device_on":true}}'
Will perform handshaking...
Posting to http://192.168.100.112/app
Generating keypair
Handshake request: {'method': 'handshake', 'params': {'key': '-----BEGIN PUBLIC KEY-----\nMIGfMA0GCSqGSIb3DQEBAQUAA4GNADCBiQKBgQDBqDmvoEKJ1yXKTalBOjWjA5zAUYR4lRSF5Qj9u7JGJUE3OxBdxSn6T8n5uPQ+2tUB93xd4gC1JvOFCD9ESFZe03HeBS1dGl2YHOoxRNj1O9iaBxgT5qxerVuszg9ZpyGQsGX1sTnyjhFFmoCbEJGzLwQxoZIzV5kz7tBHkV/gmwIDAQAB\n-----END PUBLIC KEY-----\n'}}
Device responded with: {'error_code': 0, 'result': {'key': 'Fy0odPJ1UeUfnGeE2eJeTfgOnU6Ly5uQku7tcXP4wmkI+5YClgel01E7Kb3t2DpV8emSxoWzc2G0I6TiW+sx9NkHaJxUFo1K+rOUGb33HnydWV63yWcLFGxSVgSj5mw1IAEWQ59PTuvskxNyqR3LzJLRdQ8AINvPIFPYohLF+Fk='}}
Handshake with 192.168.100.112 complete
Posting to http://192.168.100.112/app
192.168.100.112: logged in with provided credentials
Posting to http://192.168.100.112/app?token=DC0DBC09B749074B026B526A587AF07A
Device 192.168.100.112 received an os error, enabling sequential request delay: Server disconnected
Device 192.168.100.112 got a connection error, will retry 3 times: ('Device connection error: 192.168.100.112: Server disconnected', ServerDisconnectedError('Server disconnected'))
192.168.100.112 >> '{"method":"set_device_info","request_time_milis":1744363456095,"terminal_uuid":"Qgxgepv89NmfVQdcmJ2/Sw==","params":{"device_on":true}}'
Device 192.168.100.112 waiting 0.25 seconds to send request
Posting to http://192.168.100.112/app?token=DC0DBC09B749074B026B526A587AF07A
192.168.100.112 << {'error_code': 0}
192.168.100.112 multi-request-batch-1-of-1 >> '{"method":"multipleRequest","request_time_milis":1744363456432,"terminal_uuid":"Qgxgepv89NmfVQdcmJ2/Sw==","params":{"requests":[{"method":"component_nego"},{"method":"get_device_info"},{"method":"get_connect_cloud_state"}]}}'
Device 192.168.100.112 waiting 0.25 seconds to send request
Posting to http://192.168.100.112/app?token=DC0DBC09B749074B026B526A587AF07A
192.168.100.112 multi-request-batch-1-of-1 << {'error_code': 0,
 'result': {'responses': [{'error_code': 0,
                           'method': 'component_nego',
                           'result': {'component_list': [{'id': 'device',
                                                          'ver_code': 2},
                                                         {'id': 'firmware',
                                                          'ver_code': 1},
                                                         {'id': 'quick_setup',
                                                          'ver_code': 3},
                                                         {'id': 'time',
                                                          'ver_code': 1},
                                                         {'id': 'wireless',
                                                          'ver_code': 1},
                                                         {'id': 'schedule',
                                                          'ver_code': 2},
                                                         {'id': 'countdown',
                                                          'ver_code': 2},
                                                         {'id': 'antitheft',
                                                          'ver_code': 1},
                                                         {'id': 'account',
                                                          'ver_code': 1},
                                                         {'id': 'synchronize',
                                                          'ver_code': 1},
                                                         {'id': 'sunrise_sunset',
                                                          'ver_code': 1},
                                                         {'id': 'led',
                                                          'ver_code': 1},
                                                         {'id': 'cloud_connect',
                                                          'ver_code': 1},
                                                         {'id': 'iot_cloud',
                                                          'ver_code': 1},
                                                         {'id': 'default_states',
                                                          'ver_code': 1}]}},
                          {'error_code': 0,
                           'method': 'get_device_info',
                           'result': {'avatar': 'plug',
                                      'default_states': {'state': {},
                                                         'type': 'last_states'},
                                      'device_id': 'REDACTED_DB80F24B353338FA05BB18C1C486215',
                                      'device_on': True,
                                      'fw_id': 'REDACTED_A25ABDE41405B20C6F98816',
                                      'fw_ver': '1.3.7 Build 20230711 Rel. '
                                                '61904',
                                      'has_set_location_info': True,
                                      'hw_id': 'REDACTED_5B29645B8150C392284029D',
                                      'hw_ver': '1.0.0',
                                      'ip': '192.168.100.112',
                                      'lang': 'it_IT',
                                      'latitude': 0,
                                      'location': '',
                                      'longitude': 0,
                                      'mac': '74-DA-88-00-00-00',
                                      'model': 'P100',
                                      'nickname': 'I01BU0tFRF9OQU1FIw==',
                                      'oem_id': 'REDACTED_06C60A9AEEA36A3347B6EBC',
                                      'on_time': 169,
                                      'overheated': False,
                                      'region': 'Europe/Rome',
                                      'rssi': -44,
                                      'signal_level': 3,
                                      'specs': 'EU',
                                      'ssid': 'I01BU0tFRF9TU0lEIw==',
                                      'time_diff': 60,
                                      'type': 'SMART.TAPOPLUG'}},
                          {'error_code': 0,
                           'method': 'get_connect_cloud_state',
                           'result': {'status': 0}}]}}
Device 192.168.100.112, found required cloud_connect, adding Cloud to modules.
Device 192.168.100.112, found required device, adding DeviceModule to modules.
Device 192.168.100.112, found required firmware, adding Firmware to modules.
Device 192.168.100.112, found required led, adding Led to modules.
Device 192.168.100.112, found required None, adding OverheatProtection to modules.
Device 192.168.100.112, found required time, adding Time to modules.
Querying 192.168.100.112 for modules: Time, Led
192.168.100.112 multi-request-batch-1-of-1 >> '{"method":"multipleRequest","request_time_milis":1744363456777,"terminal_uuid":"Qgxgepv89NmfVQdcmJ2/Sw==","params":{"requests":[{"method":"get_device_time"},{"method":"get_led_info"}]}}'
Device 192.168.100.112 waiting 0.23399999999674037 seconds to send request
Posting to http://192.168.100.112/app?token=DC0DBC09B749074B026B526A587AF07A
192.168.100.112 multi-request-batch-1-of-1 << {'error_code': 0,
 'result': {'responses': [{'error_code': 0,
                           'method': 'get_device_time',
                           'result': {'region': 'Europe/Rome',
                                      'time_diff': 60,
                                      'timestamp': 1744363456}},
                          {'error_code': 0,
                           'method': 'get_led_info',
                           'result': {'led_rule': 'always',
                                      'led_status': True,
                                      'night_mode': {'end_time': 0,
                                                     'night_mode_type': 'unknown',
                                                     'start_time': 0,
                                                     'sunrise_offset': 0,
                                                     'sunset_offset': 0}}}]}}
Update completed 192.168.100.112: ['component_nego', 'get_device_info', 'get_connect_cloud_state', 'get_device_time', 'get_led_info']
True
C:\Users\Davide\AppData\Local\I3Lab - Politecnico di Milano\Server SmartPlug\options.json
Discovery started...
Using proactor: IocpProactor
Listening on 127.0.0.1:7071
[DISCOVERY] 255.255.255.255 >> {'system': {'get_sysinfo': {}}}
Waiting 5 seconds for responses...
Using proactor: IocpProactor
Using SmartDevice for SMART.TAPOPLUG
Finding protocol for 192.168.100.112
Finding protocol for DeviceFamily.SmartTapoPlug
Finding transport for SMART.AES
Created AES transport for 192.168.100.112
[DISCOVERY] 192.168.100.112 << {'error_code': 0,
 'result': {'device_id': 'REDACTED_c913ec3cd97a6bec2fbb1ee',
            'device_model': 'P100',
            'device_type': 'SMART.TAPOPLUG',
            'factory_default': False,
            'ip': '192.168.100.112',
            'is_support_iot_cloud': True,
            'mac': '74-DA-88-00-00-00',
            'mgt_encrypt_schm': {'encrypt_type': 'AES',
                                 'http_port': 80,
                                 'is_support_https': False,
                                 'lv': 2},
            'owner': 'REDACTED_19347acd812465188388075'}}
Initializing 192.168.100.112 of type <class 'kasa.smart.smartdevice.SmartDevice'>
Discovery finished! Found: 1 device(s)
Discovered 1 devices
Using proactor: IocpProactor
[DISCOVERY] 192.168.100.112 >> {'system': {'get_sysinfo': {}}}
Waiting a total of 5 seconds for responses...
Using SmartDevice for SMART.TAPOPLUG
Finding protocol for 192.168.100.112
Finding protocol for DeviceFamily.SmartTapoPlug
Finding transport for SMART.AES
Created AES transport for 192.168.100.112
[DISCOVERY] 192.168.100.112 << {'error_code': 0,
 'result': {'device_id': 'REDACTED_c913ec3cd97a6bec2fbb1ee',
            'device_model': 'P100',
            'device_type': 'SMART.TAPOPLUG',
            'factory_default': False,
            'ip': '192.168.100.112',
            'is_support_iot_cloud': True,
            'mac': '74-DA-88-00-00-00',
            'mgt_encrypt_schm': {'encrypt_type': 'AES',
                                 'http_port': 80,
                                 'is_support_https': False,
                                 'lv': 2},
            'owner': 'REDACTED_19347acd812465188388075'}}
Initializing 192.168.100.112 of type <class 'kasa.smart.smartdevice.SmartDevice'>
192.168.100.112 multi-request-batch-1-of-1 >> '{"method":"multipleRequest","request_time_milis":1744363479285,"terminal_uuid":"JPGX97xxfP9TsytRo/1+Zg==","params":{"requests":[{"method":"component_nego"},{"method":"get_device_info"},{"method":"get_connect_cloud_state"}]}}'
Will perform handshaking...
Posting to http://192.168.100.112/app
Generating keypair
Handshake request: {'method': 'handshake', 'params': {'key': '-----BEGIN PUBLIC KEY-----\nMIGfMA0GCSqGSIb3DQEBAQUAA4GNADCBiQKBgQDH3Q6hsW1eZ3TLEVt3+QuJ4s4Afi6Xq954XP1BGbXWNTPcmiBO1Z0tGtbe1F33WPBh3GfdqhIoJMJe3zo92SCugvYHps4SfNSv+OBfo8DxBPjHMxsh91EZ0MfRO+foArMyAxs+O9CvqIvzzF1kn6w/V5x+S1QZQGqTOgiYsjNESQIDAQAB\n-----END PUBLIC KEY-----\n'}}
Device responded with: {'error_code': 0, 'result': {'key': 'qpypvCbpxaz90qa8z2hJdw+LVX4/6OkhTz2/o3LVg0fQl/H4NT3wWNZFcgt8gyJb+px+YxkGjLrL04m6HClTHecX+V2KwpcrUPwectstMO2S/QgfMSxEEKKWwFon2rJseeFUZsnwWOWDT02iljobBLPLc528wc4zYWbYX5XJr3w='}}
Handshake with 192.168.100.112 complete
Posting to http://192.168.100.112/app
192.168.100.112: logged in with provided credentials
Posting to http://192.168.100.112/app?token=4470187EDA9EF49915E902EA72DA71DB
Device 192.168.100.112 received an os error, enabling sequential request delay: Server disconnected
Device 192.168.100.112 got a connection error, will retry 3 times: ('Device connection error: 192.168.100.112: Server disconnected', ServerDisconnectedError('Server disconnected'))
192.168.100.112 multi-request-batch-1-of-1 >> '{"method":"multipleRequest","request_time_milis":1744363479480,"terminal_uuid":"JPGX97xxfP9TsytRo/1+Zg==","params":{"requests":[{"method":"component_nego"},{"method":"get_device_info"},{"method":"get_connect_cloud_state"}]}}'
Device 192.168.100.112 waiting 0.25 seconds to send request
Posting to http://192.168.100.112/app?token=4470187EDA9EF49915E902EA72DA71DB
192.168.100.112 multi-request-batch-1-of-1 << {'error_code': 0,
 'result': {'responses': [{'error_code': 0,
                           'method': 'component_nego',
                           'result': {'component_list': [{'id': 'device',
                                                          'ver_code': 2},
                                                         {'id': 'firmware',
                                                          'ver_code': 1},
                                                         {'id': 'quick_setup',
                                                          'ver_code': 3},
                                                         {'id': 'time',
                                                          'ver_code': 1},
                                                         {'id': 'wireless',
                                                          'ver_code': 1},
                                                         {'id': 'schedule',
                                                          'ver_code': 2},
                                                         {'id': 'countdown',
                                                          'ver_code': 2},
                                                         {'id': 'antitheft',
                                                          'ver_code': 1},
                                                         {'id': 'account',
                                                          'ver_code': 1},
                                                         {'id': 'synchronize',
                                                          'ver_code': 1},
                                                         {'id': 'sunrise_sunset',
                                                          'ver_code': 1},
                                                         {'id': 'led',
                                                          'ver_code': 1},
                                                         {'id': 'cloud_connect',
                                                          'ver_code': 1},
                                                         {'id': 'iot_cloud',
                                                          'ver_code': 1},
                                                         {'id': 'default_states',
                                                          'ver_code': 1}]}},
                          {'error_code': 0,
                           'method': 'get_device_info',
                           'result': {'avatar': 'plug',
                                      'default_states': {'state': {},
                                                         'type': 'last_states'},
                                      'device_id': 'REDACTED_DB80F24B353338FA05BB18C1C486215',
                                      'device_on': True,
                                      'fw_id': 'REDACTED_A25ABDE41405B20C6F98816',
                                      'fw_ver': '1.3.7 Build 20230711 Rel. '
                                                '61904',
                                      'has_set_location_info': True,
                                      'hw_id': 'REDACTED_5B29645B8150C392284029D',
                                      'hw_ver': '1.0.0',
                                      'ip': '192.168.100.112',
                                      'lang': 'it_IT',
                                      'latitude': 0,
                                      'location': '',
                                      'longitude': 0,
                                      'mac': '74-DA-88-00-00-00',
                                      'model': 'P100',
                                      'nickname': 'I01BU0tFRF9OQU1FIw==',
                                      'oem_id': 'REDACTED_06C60A9AEEA36A3347B6EBC',
                                      'on_time': 192,
                                      'overheated': False,
                                      'region': 'Europe/Rome',
                                      'rssi': -44,
                                      'signal_level': 3,
                                      'specs': 'EU',
                                      'ssid': 'I01BU0tFRF9TU0lEIw==',
                                      'time_diff': 60,
                                      'type': 'SMART.TAPOPLUG'}},
                          {'error_code': 0,
                           'method': 'get_connect_cloud_state',
                           'result': {'status': 0}}]}}
Device 192.168.100.112, found required cloud_connect, adding Cloud to modules.
Device 192.168.100.112, found required device, adding DeviceModule to modules.
Device 192.168.100.112, found required firmware, adding Firmware to modules.
Device 192.168.100.112, found required led, adding Led to modules.
Device 192.168.100.112, found required None, adding OverheatProtection to modules.
Device 192.168.100.112, found required time, adding Time to modules.
Querying 192.168.100.112 for modules: Time, Led
192.168.100.112 multi-request-batch-1-of-1 >> '{"method":"multipleRequest","request_time_milis":1744363479844,"terminal_uuid":"JPGX97xxfP9TsytRo/1+Zg==","params":{"requests":[{"method":"get_device_time"},{"method":"get_led_info"}]}}'
Device 192.168.100.112 waiting 0.23399999999674037 seconds to send request
Posting to http://192.168.100.112/app?token=4470187EDA9EF49915E902EA72DA71DB
192.168.100.112 multi-request-batch-1-of-1 << {'error_code': 0,
 'result': {'responses': [{'error_code': 0,
                           'method': 'get_device_time',
                           'result': {'region': 'Europe/Rome',
                                      'time_diff': 60,
                                      'timestamp': 1744363480}},
                          {'error_code': 0,
                           'method': 'get_led_info',
                           'result': {'led_rule': 'always',
                                      'led_status': True,
                                      'night_mode': {'end_time': 0,
                                                     'night_mode_type': 'unknown',
                                                     'start_time': 0,
                                                     'sunrise_offset': 0,
                                                     'sunset_offset': 0}}}]}}
Update completed 192.168.100.112: ['component_nego', 'get_device_info', 'get_connect_cloud_state', 'get_device_time', 'get_led_info']
Switching status
Using proactor: IocpProactor
[DISCOVERY] 192.168.100.112 >> {'system': {'get_sysinfo': {}}}
Waiting a total of 5 seconds for responses...
Using SmartDevice for SMART.TAPOPLUG
Finding protocol for 192.168.100.112
Finding protocol for DeviceFamily.SmartTapoPlug
Finding transport for SMART.AES
Created AES transport for 192.168.100.112
[DISCOVERY] 192.168.100.112 << {'error_code': 0,
 'result': {'device_id': 'REDACTED_c913ec3cd97a6bec2fbb1ee',
            'device_model': 'P100',
            'device_type': 'SMART.TAPOPLUG',
            'factory_default': False,
            'ip': '192.168.100.112',
            'is_support_iot_cloud': True,
            'mac': '74-DA-88-00-00-00',
            'mgt_encrypt_schm': {'encrypt_type': 'AES',
                                 'http_port': 80,
                                 'is_support_https': False,
                                 'lv': 2},
            'owner': 'REDACTED_19347acd812465188388075'}}
Initializing 192.168.100.112 of type <class 'kasa.smart.smartdevice.SmartDevice'>
192.168.100.112 >> '{"method":"set_device_info","request_time_milis":1744363482503,"terminal_uuid":"BEVVDxxFc0ILADROChHaSg==","params":{"device_on":true}}'
Will perform handshaking...
Posting to http://192.168.100.112/app
Generating keypair
Handshake request: {'method': 'handshake', 'params': {'key': '-----BEGIN PUBLIC KEY-----\nMIGfMA0GCSqGSIb3DQEBAQUAA4GNADCBiQKBgQC8EvIJr5/nII7LZRAPPppI70YymZaYk7kiewfar36DDr6CKsOAM0aqACpfuqnALRzOQQDIws3qbVYksCDKnurr0d0A/D3LcTtwXC0M+3dVjbBT6Z5+ncuk2XPmK9FtT/EIF/OlDDVs2x7F7FSlO7pJeAOqh7dNI5LsWfoy0Li+owIDAQAB\n-----END PUBLIC KEY-----\n'}}
Device responded with: {'error_code': 0, 'result': {'key': 'lcYhhxLecKnsVeUopMU3SOSzjxlPfizQVj6xf2KKuuTk3LchS1ZlnVyLaEQAxpK9PXsHojw418Z9ErS5/9O4SGJHJaZGyepzmXvMdxzamrMrirIvoDZwIA9ciX4zJ0yLpSlixJl2Yc78auOSEblBnKL6uzah9s2YT3S4iCtPNaQ='}}
Handshake with 192.168.100.112 complete
Posting to http://192.168.100.112/app
192.168.100.112: logged in with provided credentials
Posting to http://192.168.100.112/app?token=688E3182AB420F444A241027BA171716
Device 192.168.100.112 received an os error, enabling sequential request delay: Server disconnected
Device 192.168.100.112 got a connection error, will retry 3 times: ('Device connection error: 192.168.100.112: Server disconnected', ServerDisconnectedError('Server disconnected'))
192.168.100.112 >> '{"method":"set_device_info","request_time_milis":1744363482665,"terminal_uuid":"BEVVDxxFc0ILADROChHaSg==","params":{"device_on":true}}'
Device 192.168.100.112 waiting 0.25 seconds to send request
Posting to http://192.168.100.112/app?token=688E3182AB420F444A241027BA171716
192.168.100.112 << {'error_code': 0}
192.168.100.112 multi-request-batch-1-of-1 >> '{"method":"multipleRequest","request_time_milis":1744363482997,"terminal_uuid":"BEVVDxxFc0ILADROChHaSg==","params":{"requests":[{"method":"component_nego"},{"method":"get_device_info"},{"method":"get_connect_cloud_state"}]}}'
Device 192.168.100.112 waiting 0.25 seconds to send request
Posting to http://192.168.100.112/app?token=688E3182AB420F444A241027BA171716
192.168.100.112 multi-request-batch-1-of-1 << {'error_code': 0,
 'result': {'responses': [{'error_code': 0,
                           'method': 'component_nego',
                           'result': {'component_list': [{'id': 'device',
                                                          'ver_code': 2},
                                                         {'id': 'firmware',
                                                          'ver_code': 1},
                                                         {'id': 'quick_setup',
                                                          'ver_code': 3},
                                                         {'id': 'time',
                                                          'ver_code': 1},
                                                         {'id': 'wireless',
                                                          'ver_code': 1},
                                                         {'id': 'schedule',
                                                          'ver_code': 2},
                                                         {'id': 'countdown',
                                                          'ver_code': 2},
                                                         {'id': 'antitheft',
                                                          'ver_code': 1},
                                                         {'id': 'account',
                                                          'ver_code': 1},
                                                         {'id': 'synchronize',
                                                          'ver_code': 1},
                                                         {'id': 'sunrise_sunset',
                                                          'ver_code': 1},
                                                         {'id': 'led',
                                                          'ver_code': 1},
                                                         {'id': 'cloud_connect',
                                                          'ver_code': 1},
                                                         {'id': 'iot_cloud',
                                                          'ver_code': 1},
                                                         {'id': 'default_states',
                                                          'ver_code': 1}]}},
                          {'error_code': 0,
                           'method': 'get_device_info',
                           'result': {'avatar': 'plug',
                                      'default_states': {'state': {},
                                                         'type': 'last_states'},
                                      'device_id': 'REDACTED_DB80F24B353338FA05BB18C1C486215',
                                      'device_on': True,
                                      'fw_id': 'REDACTED_A25ABDE41405B20C6F98816',
                                      'fw_ver': '1.3.7 Build 20230711 Rel. '
                                                '61904',
                                      'has_set_location_info': True,
                                      'hw_id': 'REDACTED_5B29645B8150C392284029D',
                                      'hw_ver': '1.0.0',
                                      'ip': '192.168.100.112',
                                      'lang': 'it_IT',
                                      'latitude': 0,
                                      'location': '',
                                      'longitude': 0,
                                      'mac': '74-DA-88-00-00-00',
                                      'model': 'P100',
                                      'nickname': 'I01BU0tFRF9OQU1FIw==',
                                      'oem_id': 'REDACTED_06C60A9AEEA36A3347B6EBC',
                                      'on_time': 196,
                                      'overheated': False,
                                      'region': 'Europe/Rome',
                                      'rssi': -44,
                                      'signal_level': 3,
                                      'specs': 'EU',
                                      'ssid': 'I01BU0tFRF9TU0lEIw==',
                                      'time_diff': 60,
                                      'type': 'SMART.TAPOPLUG'}},
                          {'error_code': 0,
                           'method': 'get_connect_cloud_state',
                           'result': {'status': 0}}]}}
Device 192.168.100.112, found required cloud_connect, adding Cloud to modules.
Device 192.168.100.112, found required device, adding DeviceModule to modules.
Device 192.168.100.112, found required firmware, adding Firmware to modules.
Device 192.168.100.112, found required led, adding Led to modules.
Device 192.168.100.112, found required None, adding OverheatProtection to modules.
Device 192.168.100.112, found required time, adding Time to modules.
Querying 192.168.100.112 for modules: Time, Led
192.168.100.112 multi-request-batch-1-of-1 >> '{"method":"multipleRequest","request_time_milis":1744363483346,"terminal_uuid":"BEVVDxxFc0ILADROChHaSg==","params":{"requests":[{"method":"get_device_time"},{"method":"get_led_info"}]}}'
Device 192.168.100.112 waiting 0.25 seconds to send request
Posting to http://192.168.100.112/app?token=688E3182AB420F444A241027BA171716
192.168.100.112 multi-request-batch-1-of-1 << {'error_code': 0,
 'result': {'responses': [{'error_code': 0,
                           'method': 'get_device_time',
                           'result': {'region': 'Europe/Rome',
                                      'time_diff': 60,
                                      'timestamp': 1744363483}},
                          {'error_code': 0,
                           'method': 'get_led_info',
                           'result': {'led_rule': 'always',
                                      'led_status': True,
                                      'night_mode': {'end_time': 0,
                                                     'night_mode_type': 'unknown',
                                                     'start_time': 0,
                                                     'sunrise_offset': 0,
                                                     'sunset_offset': 0}}}]}}
Update completed 192.168.100.112: ['component_nego', 'get_device_info', 'get_connect_cloud_state', 'get_device_time', 'get_led_info']
True
Switching status
Using proactor: IocpProactor
[DISCOVERY] 192.168.100.112 >> {'system': {'get_sysinfo': {}}}
Waiting a total of 5 seconds for responses...
Using SmartDevice for SMART.TAPOPLUG
Finding protocol for 192.168.100.112
Finding protocol for DeviceFamily.SmartTapoPlug
Finding transport for SMART.AES
Created AES transport for 192.168.100.112
[DISCOVERY] 192.168.100.112 << {'error_code': 0,
 'result': {'device_id': 'REDACTED_c913ec3cd97a6bec2fbb1ee',
            'device_model': 'P100',
            'device_type': 'SMART.TAPOPLUG',
            'factory_default': False,
            'ip': '192.168.100.112',
            'is_support_iot_cloud': True,
            'mac': '74-DA-88-00-00-00',
            'mgt_encrypt_schm': {'encrypt_type': 'AES',
                                 'http_port': 80,
                                 'is_support_https': False,
                                 'lv': 2},
            'owner': 'REDACTED_19347acd812465188388075'}}
Initializing 192.168.100.112 of type <class 'kasa.smart.smartdevice.SmartDevice'>
192.168.100.112 >> '{"method":"set_device_info","request_time_milis":1744363514085,"terminal_uuid":"gCIZ9wxM1Cs243AiqvFPgA==","params":{"device_on":true}}'
Will perform handshaking...
Posting to http://192.168.100.112/app
Unclosed client session
client_session: <aiohttp.client.ClientSession object at 0x000001A98C10D790>
Unclosed connector
connections: ['deque([(<aiohttp.client_proto.ResponseHandler object at 0x000001A98F0C41D0>, 151685.093)])']
connector: <aiohttp.connector.TCPConnector object at 0x000001A98C10E240>
Generating keypair
Handshake request: {'method': 'handshake', 'params': {'key': '-----BEGIN PUBLIC KEY-----\nMIGfMA0GCSqGSIb3DQEBAQUAA4GNADCBiQKBgQDzZlZJRVbsHwdje/NINrBBACCFAYMREHrFEJZrfDqLSe8s1I99cv4b8ZionxDS4pFrPiRnBRYxNgjOlS67oGKXDa5/ByYQdQZ5AVNbLNDsg8WnA/LIFRW/lKUi6Isu0jhCGPdYq7HJF0QfDEU8KFw2/JL/MSNSEPjc/2dxxoLt1wIDAQAB\n-----END PUBLIC KEY-----\n'}}
Device responded with: {'error_code': 0, 'result': {'key': '7WyBvKS3uVeLNcTRaLAnM0jNkxlf410h4bJ05LmrZfSjPAcBnxVSER5qsXwgr2FDXscry+cthYD2zXCIND5ozW09HGZupxrk8r58CThh+BMkY/i4gKQyCLJzUD+CpSsrBA4Vb1Zcgn5BMuf/y5qH3Bu7Fe0o/+OyyCypPq9MJyY='}}
Handshake with 192.168.100.112 complete
Posting to http://192.168.100.112/app
192.168.100.112: logged in with provided credentials
Posting to http://192.168.100.112/app?token=98D31ED072E0B9E107F1EAF13DF143F1
Device 192.168.100.112 received an os error, enabling sequential request delay: Server disconnected
Device 192.168.100.112 got a connection error, will retry 3 times: ('Device connection error: 192.168.100.112: Server disconnected', ServerDisconnectedError('Server disconnected'))
192.168.100.112 >> '{"method":"set_device_info","request_time_milis":1744363514218,"terminal_uuid":"gCIZ9wxM1Cs243AiqvFPgA==","params":{"device_on":true}}'
Device 192.168.100.112 waiting 0.25 seconds to send request
Posting to http://192.168.100.112/app?token=98D31ED072E0B9E107F1EAF13DF143F1
192.168.100.112 << {'error_code': 0}
192.168.100.112 multi-request-batch-1-of-1 >> '{"method":"multipleRequest","request_time_milis":1744363514546,"terminal_uuid":"gCIZ9wxM1Cs243AiqvFPgA==","params":{"requests":[{"method":"component_nego"},{"method":"get_device_info"},{"method":"get_connect_cloud_state"}]}}'
Device 192.168.100.112 waiting 0.25 seconds to send request
Posting to http://192.168.100.112/app?token=98D31ED072E0B9E107F1EAF13DF143F1
192.168.100.112 multi-request-batch-1-of-1 << {'error_code': 0,
 'result': {'responses': [{'error_code': 0,
                           'method': 'component_nego',
                           'result': {'component_list': [{'id': 'device',
                                                          'ver_code': 2},
                                                         {'id': 'firmware',
                                                          'ver_code': 1},
                                                         {'id': 'quick_setup',
                                                          'ver_code': 3},
                                                         {'id': 'time',
                                                          'ver_code': 1},
                                                         {'id': 'wireless',
                                                          'ver_code': 1},
                                                         {'id': 'schedule',
                                                          'ver_code': 2},
                                                         {'id': 'countdown',
                                                          'ver_code': 2},
                                                         {'id': 'antitheft',
                                                          'ver_code': 1},
                                                         {'id': 'account',
                                                          'ver_code': 1},
                                                         {'id': 'synchronize',
                                                          'ver_code': 1},
                                                         {'id': 'sunrise_sunset',
                                                          'ver_code': 1},
                                                         {'id': 'led',
                                                          'ver_code': 1},
                                                         {'id': 'cloud_connect',
                                                          'ver_code': 1},
                                                         {'id': 'iot_cloud',
                                                          'ver_code': 1},
                                                         {'id': 'default_states',
                                                          'ver_code': 1}]}},
                          {'error_code': 0,
                           'method': 'get_device_info',
                           'result': {'avatar': 'plug',
                                      'default_states': {'state': {},
                                                         'type': 'last_states'},
                                      'device_id': 'REDACTED_DB80F24B353338FA05BB18C1C486215',
                                      'device_on': True,
                                      'fw_id': 'REDACTED_A25ABDE41405B20C6F98816',
                                      'fw_ver': '1.3.7 Build 20230711 Rel. '
                                                '61904',
                                      'has_set_location_info': True,
                                      'hw_id': 'REDACTED_5B29645B8150C392284029D',
                                      'hw_ver': '1.0.0',
                                      'ip': '192.168.100.112',
                                      'lang': 'it_IT',
                                      'latitude': 0,
                                      'location': '',
                                      'longitude': 0,
                                      'mac': '74-DA-88-00-00-00',
                                      'model': 'P100',
                                      'nickname': 'I01BU0tFRF9OQU1FIw==',
                                      'oem_id': 'REDACTED_06C60A9AEEA36A3347B6EBC',
                                      'on_time': 227,
                                      'overheated': False,
                                      'region': 'Europe/Rome',
                                      'rssi': -44,
                                      'signal_level': 3,
                                      'specs': 'EU',
                                      'ssid': 'I01BU0tFRF9TU0lEIw==',
                                      'time_diff': 60,
                                      'type': 'SMART.TAPOPLUG'}},
                          {'error_code': 0,
                           'method': 'get_connect_cloud_state',
                           'result': {'status': 0}}]}}
Device 192.168.100.112, found required cloud_connect, adding Cloud to modules.
Device 192.168.100.112, found required device, adding DeviceModule to modules.
Device 192.168.100.112, found required firmware, adding Firmware to modules.
Device 192.168.100.112, found required led, adding Led to modules.
Device 192.168.100.112, found required None, adding OverheatProtection to modules.
Device 192.168.100.112, found required time, adding Time to modules.
Querying 192.168.100.112 for modules: Time, Led
192.168.100.112 multi-request-batch-1-of-1 >> '{"method":"multipleRequest","request_time_milis":1744363514891,"terminal_uuid":"gCIZ9wxM1Cs243AiqvFPgA==","params":{"requests":[{"method":"get_device_time"},{"method":"get_led_info"}]}}'
Device 192.168.100.112 waiting 0.23499999998603016 seconds to send request
Posting to http://192.168.100.112/app?token=98D31ED072E0B9E107F1EAF13DF143F1
192.168.100.112 multi-request-batch-1-of-1 << {'error_code': 0,
 'result': {'responses': [{'error_code': 0,
                           'method': 'get_device_time',
                           'result': {'region': 'Europe/Rome',
                                      'time_diff': 60,
                                      'timestamp': 1744363515}},
                          {'error_code': 0,
                           'method': 'get_led_info',
                           'result': {'led_rule': 'always',
                                      'led_status': True,
                                      'night_mode': {'end_time': 0,
                                                     'night_mode_type': 'unknown',
                                                     'start_time': 0,
                                                     'sunrise_offset': 0,
                                                     'sunset_offset': 0}}}]}}
Update completed 192.168.100.112: ['component_nego', 'get_device_info', 'get_connect_cloud_state', 'get_device_time', 'get_led_info']
True
C:\Users\Davide\AppData\Local\I3Lab - Politecnico di Milano\Server SmartPlug\options.json
Discovery started...
Using proactor: IocpProactor
Listening on 127.0.0.1:7071
[DISCOVERY] 255.255.255.255 >> {'system': {'get_sysinfo': {}}}
Waiting 5 seconds for responses...
Using proactor: IocpProactor
Using SmartDevice for SMART.TAPOPLUG
Finding protocol for 192.168.100.112
Finding protocol for DeviceFamily.SmartTapoPlug
Finding transport for SMART.AES
Created AES transport for 192.168.100.112
[DISCOVERY] 192.168.100.112 << {'error_code': 0,
 'result': {'device_id': 'REDACTED_c913ec3cd97a6bec2fbb1ee',
            'device_model': 'P100',
            'device_type': 'SMART.TAPOPLUG',
            'factory_default': False,
            'ip': '192.168.100.112',
            'is_support_iot_cloud': True,
            'mac': '74-DA-88-00-00-00',
            'mgt_encrypt_schm': {'encrypt_type': 'AES',
                                 'http_port': 80,
                                 'is_support_https': False,
                                 'lv': 2},
            'owner': 'REDACTED_19347acd812465188388075'}}
Initializing 192.168.100.112 of type <class 'kasa.smart.smartdevice.SmartDevice'>
Discovery finished! Found: 1 device(s)
Discovered 1 devices
Using proactor: IocpProactor
[DISCOVERY] 192.168.100.112 >> {'system': {'get_sysinfo': {}}}
Waiting a total of 5 seconds for responses...
Using SmartDevice for SMART.TAPOPLUG
Finding protocol for 192.168.100.112
Finding protocol for DeviceFamily.SmartTapoPlug
Finding transport for SMART.AES
Created AES transport for 192.168.100.112
[DISCOVERY] 192.168.100.112 << {'error_code': 0,
 'result': {'device_id': 'REDACTED_c913ec3cd97a6bec2fbb1ee',
            'device_model': 'P100',
            'device_type': 'SMART.TAPOPLUG',
            'factory_default': False,
            'ip': '192.168.100.112',
            'is_support_iot_cloud': True,
            'mac': '74-DA-88-00-00-00',
            'mgt_encrypt_schm': {'encrypt_type': 'AES',
                                 'http_port': 80,
                                 'is_support_https': False,
                                 'lv': 2},
            'owner': 'REDACTED_19347acd812465188388075'}}
Initializing 192.168.100.112 of type <class 'kasa.smart.smartdevice.SmartDevice'>
192.168.100.112 multi-request-batch-1-of-1 >> '{"method":"multipleRequest","request_time_milis":1744363854239,"terminal_uuid":"lVy/2UhQ5lO5URSepi+rxw==","params":{"requests":[{"method":"component_nego"},{"method":"get_device_info"},{"method":"get_connect_cloud_state"}]}}'
Will perform handshaking...
Posting to http://192.168.100.112/app
Generating keypair
Handshake request: {'method': 'handshake', 'params': {'key': '-----BEGIN PUBLIC KEY-----\nMIGfMA0GCSqGSIb3DQEBAQUAA4GNADCBiQKBgQDbUi72T7znzyhUsrKBtqunVCTJL2xl8t13T+0aFjzJ7megYwB8qH8iI95VAOyiDdnEZPVJfmW/1qdG0MAvpbXVvAz3MKvcdHruNk+kfDfXLxvdWnDGL7PD1ijlcCHuPJAbrRjCO+L4aOSNubhi86AwRFmmLugczOO1WLx9qpFA0QIDAQAB\n-----END PUBLIC KEY-----\n'}}
Device responded with: {'error_code': 0, 'result': {'key': 'yZQ1Mq4fZ7qaCa7CoojgaT1+2TfOJ9dRlVliPIOt9FDYcvZ1sLkJINPqjKcaPlBkm4fclo+Fkz6Fspk3yhNeJiZzz6fMoWD/RNSxCJ1UMcENUaS/QfihwjWIEn6Vj/vGQNCvO0Bhdoy8cllTxaZD8U9D75Tf2DQVtgPSzHTBj88='}}
Handshake with 192.168.100.112 complete
Posting to http://192.168.100.112/app
192.168.100.112: logged in with provided credentials
Posting to http://192.168.100.112/app?token=6F62EE6FFABFBAB9B0D910DA1DEAC5EB
Device 192.168.100.112 received an os error, enabling sequential request delay: Server disconnected
Device 192.168.100.112 got a connection error, will retry 3 times: ('Device connection error: 192.168.100.112: Server disconnected', ServerDisconnectedError('Server disconnected'))
192.168.100.112 multi-request-batch-1-of-1 >> '{"method":"multipleRequest","request_time_milis":1744363854374,"terminal_uuid":"lVy/2UhQ5lO5URSepi+rxw==","params":{"requests":[{"method":"component_nego"},{"method":"get_device_info"},{"method":"get_connect_cloud_state"}]}}'
Device 192.168.100.112 waiting 0.25 seconds to send request
Posting to http://192.168.100.112/app?token=6F62EE6FFABFBAB9B0D910DA1DEAC5EB
192.168.100.112 multi-request-batch-1-of-1 << {'error_code': 0,
 'result': {'responses': [{'error_code': 0,
                           'method': 'component_nego',
                           'result': {'component_list': [{'id': 'device',
                                                          'ver_code': 2},
                                                         {'id': 'firmware',
                                                          'ver_code': 1},
                                                         {'id': 'quick_setup',
                                                          'ver_code': 3},
                                                         {'id': 'time',
                                                          'ver_code': 1},
                                                         {'id': 'wireless',
                                                          'ver_code': 1},
                                                         {'id': 'schedule',
                                                          'ver_code': 2},
                                                         {'id': 'countdown',
                                                          'ver_code': 2},
                                                         {'id': 'antitheft',
                                                          'ver_code': 1},
                                                         {'id': 'account',
                                                          'ver_code': 1},
                                                         {'id': 'synchronize',
                                                          'ver_code': 1},
                                                         {'id': 'sunrise_sunset',
                                                          'ver_code': 1},
                                                         {'id': 'led',
                                                          'ver_code': 1},
                                                         {'id': 'cloud_connect',
                                                          'ver_code': 1},
                                                         {'id': 'iot_cloud',
                                                          'ver_code': 1},
                                                         {'id': 'default_states',
                                                          'ver_code': 1}]}},
                          {'error_code': 0,
                           'method': 'get_device_info',
                           'result': {'avatar': 'plug',
                                      'default_states': {'state': {},
                                                         'type': 'last_states'},
                                      'device_id': 'REDACTED_DB80F24B353338FA05BB18C1C486215',
                                      'device_on': True,
                                      'fw_id': 'REDACTED_A25ABDE41405B20C6F98816',
                                      'fw_ver': '1.3.7 Build 20230711 Rel. '
                                                '61904',
                                      'has_set_location_info': True,
                                      'hw_id': 'REDACTED_5B29645B8150C392284029D',
                                      'hw_ver': '1.0.0',
                                      'ip': '192.168.100.112',
                                      'lang': 'it_IT',
                                      'latitude': 0,
                                      'location': '',
                                      'longitude': 0,
                                      'mac': '74-DA-88-00-00-00',
                                      'model': 'P100',
                                      'nickname': 'I01BU0tFRF9OQU1FIw==',
                                      'oem_id': 'REDACTED_06C60A9AEEA36A3347B6EBC',
                                      'on_time': 567,
                                      'overheated': False,
                                      'region': 'Europe/Rome',
                                      'rssi': -44,
                                      'signal_level': 3,
                                      'specs': 'EU',
                                      'ssid': 'I01BU0tFRF9TU0lEIw==',
                                      'time_diff': 60,
                                      'type': 'SMART.TAPOPLUG'}},
                          {'error_code': 0,
                           'method': 'get_connect_cloud_state',
                           'result': {'status': 0}}]}}
Device 192.168.100.112, found required cloud_connect, adding Cloud to modules.
Device 192.168.100.112, found required device, adding DeviceModule to modules.
Device 192.168.100.112, found required firmware, adding Firmware to modules.
Device 192.168.100.112, found required led, adding Led to modules.
Device 192.168.100.112, found required None, adding OverheatProtection to modules.
Device 192.168.100.112, found required time, adding Time to modules.
Querying 192.168.100.112 for modules: Time, Led
192.168.100.112 multi-request-batch-1-of-1 >> '{"method":"multipleRequest","request_time_milis":1744363854716,"terminal_uuid":"lVy/2UhQ5lO5URSepi+rxw==","params":{"requests":[{"method":"get_device_time"},{"method":"get_led_info"}]}}'
Device 192.168.100.112 waiting 0.23399999999674037 seconds to send request
Posting to http://192.168.100.112/app?token=6F62EE6FFABFBAB9B0D910DA1DEAC5EB
192.168.100.112 multi-request-batch-1-of-1 << {'error_code': 0,
 'result': {'responses': [{'error_code': 0,
                           'method': 'get_device_time',
                           'result': {'region': 'Europe/Rome',
                                      'time_diff': 60,
                                      'timestamp': 1744363855}},
                          {'error_code': 0,
                           'method': 'get_led_info',
                           'result': {'led_rule': 'always',
                                      'led_status': True,
                                      'night_mode': {'end_time': 0,
                                                     'night_mode_type': 'unknown',
                                                     'start_time': 0,
                                                     'sunrise_offset': 0,
                                                     'sunset_offset': 0}}}]}}
Update completed 192.168.100.112: ['component_nego', 'get_device_info', 'get_connect_cloud_state', 'get_device_time', 'get_led_info']
Switching status
Using proactor: IocpProactor
[DISCOVERY] 192.168.100.112 >> {'system': {'get_sysinfo': {}}}
Waiting a total of 5 seconds for responses...
Using SmartDevice for SMART.TAPOPLUG
Finding protocol for 192.168.100.112
Finding protocol for DeviceFamily.SmartTapoPlug
Finding transport for SMART.AES
Created AES transport for 192.168.100.112
[DISCOVERY] 192.168.100.112 << {'error_code': 0,
 'result': {'device_id': 'REDACTED_c913ec3cd97a6bec2fbb1ee',
            'device_model': 'P100',
            'device_type': 'SMART.TAPOPLUG',
            'factory_default': False,
            'ip': '192.168.100.112',
            'is_support_iot_cloud': True,
            'mac': '74-DA-88-00-00-00',
            'mgt_encrypt_schm': {'encrypt_type': 'AES',
                                 'http_port': 80,
                                 'is_support_https': False,
                                 'lv': 2},
            'owner': 'REDACTED_19347acd812465188388075'}}
Initializing 192.168.100.112 of type <class 'kasa.smart.smartdevice.SmartDevice'>
192.168.100.112 >> '{"method":"set_device_info","request_time_milis":1744363859076,"terminal_uuid":"CN+pvjxX0sPJ9kdAxgQtOw==","params":{"device_on":true}}'
Will perform handshaking...
Posting to http://192.168.100.112/app
Generating keypair
Handshake request: {'method': 'handshake', 'params': {'key': '-----BEGIN PUBLIC KEY-----\nMIGfMA0GCSqGSIb3DQEBAQUAA4GNADCBiQKBgQC3ZjzJqlx+djSIG7m1WQbWllA7q14aiazpxg3VdHgWIO9c2kmz6Ur3kaCDb+ifpRxqcqRWZXffMUjsmyLBzpDi3ex2Dy6ycjM4bGir7oncSaCcRSiMx5jV/5Ue+emWnIR5HPDwG8SNxD0ZJZIC/ZEb0qKZIHVZU/xweq4lkZ1u9QIDAQAB\n-----END PUBLIC KEY-----\n'}}
Device responded with: {'error_code': 0, 'result': {'key': 'XUGQZknUVf9VxI104Y3nPKKgXGVNW4GJrPuO2p0yAjzx7HbrKIBDAnoHzZMNK5E+sfxPx++cNCqqIU749/mlk/2bjwWdZokkkkgo+lzYn+4mRSqMRV0oWUoYrydV9jBd7yhpObuQJnHJ9mxzxlWCXMlksNEQCJNdCAKoz47Obo4='}}
Handshake with 192.168.100.112 complete
Posting to http://192.168.100.112/app
192.168.100.112: logged in with provided credentials
Posting to http://192.168.100.112/app?token=3D326C3F7EEF5EE95789C78AC3BA8BBB
Device 192.168.100.112 received an os error, enabling sequential request delay: Server disconnected
Device 192.168.100.112 got a connection error, will retry 3 times: ('Device connection error: 192.168.100.112: Server disconnected', ServerDisconnectedError('Server disconnected'))
192.168.100.112 >> '{"method":"set_device_info","request_time_milis":1744363859216,"terminal_uuid":"CN+pvjxX0sPJ9kdAxgQtOw==","params":{"device_on":true}}'
Device 192.168.100.112 waiting 0.25 seconds to send request
Posting to http://192.168.100.112/app?token=3D326C3F7EEF5EE95789C78AC3BA8BBB
192.168.100.112 << {'error_code': 0}
192.168.100.112 multi-request-batch-1-of-1 >> '{"method":"multipleRequest","request_time_milis":1744363859576,"terminal_uuid":"CN+pvjxX0sPJ9kdAxgQtOw==","params":{"requests":[{"method":"component_nego"},{"method":"get_device_info"},{"method":"get_connect_cloud_state"}]}}'
Device 192.168.100.112 waiting 0.25 seconds to send request
Posting to http://192.168.100.112/app?token=3D326C3F7EEF5EE95789C78AC3BA8BBB
192.168.100.112 multi-request-batch-1-of-1 << {'error_code': 0,
 'result': {'responses': [{'error_code': 0,
                           'method': 'component_nego',
                           'result': {'component_list': [{'id': 'device',
                                                          'ver_code': 2},
                                                         {'id': 'firmware',
                                                          'ver_code': 1},
                                                         {'id': 'quick_setup',
                                                          'ver_code': 3},
                                                         {'id': 'time',
                                                          'ver_code': 1},
                                                         {'id': 'wireless',
                                                          'ver_code': 1},
                                                         {'id': 'schedule',
                                                          'ver_code': 2},
                                                         {'id': 'countdown',
                                                          'ver_code': 2},
                                                         {'id': 'antitheft',
                                                          'ver_code': 1},
                                                         {'id': 'account',
                                                          'ver_code': 1},
                                                         {'id': 'synchronize',
                                                          'ver_code': 1},
                                                         {'id': 'sunrise_sunset',
                                                          'ver_code': 1},
                                                         {'id': 'led',
                                                          'ver_code': 1},
                                                         {'id': 'cloud_connect',
                                                          'ver_code': 1},
                                                         {'id': 'iot_cloud',
                                                          'ver_code': 1},
                                                         {'id': 'default_states',
                                                          'ver_code': 1}]}},
                          {'error_code': 0,
                           'method': 'get_device_info',
                           'result': {'avatar': 'plug',
                                      'default_states': {'state': {},
                                                         'type': 'last_states'},
                                      'device_id': 'REDACTED_DB80F24B353338FA05BB18C1C486215',
                                      'device_on': True,
                                      'fw_id': 'REDACTED_A25ABDE41405B20C6F98816',
                                      'fw_ver': '1.3.7 Build 20230711 Rel. '
                                                '61904',
                                      'has_set_location_info': True,
                                      'hw_id': 'REDACTED_5B29645B8150C392284029D',
                                      'hw_ver': '1.0.0',
                                      'ip': '192.168.100.112',
                                      'lang': 'it_IT',
                                      'latitude': 0,
                                      'location': '',
                                      'longitude': 0,
                                      'mac': '74-DA-88-00-00-00',
                                      'model': 'P100',
                                      'nickname': 'I01BU0tFRF9OQU1FIw==',
                                      'oem_id': 'REDACTED_06C60A9AEEA36A3347B6EBC',
                                      'on_time': 572,
                                      'overheated': False,
                                      'region': 'Europe/Rome',
                                      'rssi': -44,
                                      'signal_level': 3,
                                      'specs': 'EU',
                                      'ssid': 'I01BU0tFRF9TU0lEIw==',
                                      'time_diff': 60,
                                      'type': 'SMART.TAPOPLUG'}},
                          {'error_code': 0,
                           'method': 'get_connect_cloud_state',
                           'result': {'status': 0}}]}}
Device 192.168.100.112, found required cloud_connect, adding Cloud to modules.
Device 192.168.100.112, found required device, adding DeviceModule to modules.
Device 192.168.100.112, found required firmware, adding Firmware to modules.
Device 192.168.100.112, found required led, adding Led to modules.
Device 192.168.100.112, found required None, adding OverheatProtection to modules.
Device 192.168.100.112, found required time, adding Time to modules.
Querying 192.168.100.112 for modules: Time, Led
192.168.100.112 multi-request-batch-1-of-1 >> '{"method":"multipleRequest","request_time_milis":1744363859926,"terminal_uuid":"CN+pvjxX0sPJ9kdAxgQtOw==","params":{"requests":[{"method":"get_device_time"},{"method":"get_led_info"}]}}'
Device 192.168.100.112 waiting 0.25 seconds to send request
Posting to http://192.168.100.112/app?token=3D326C3F7EEF5EE95789C78AC3BA8BBB
192.168.100.112 multi-request-batch-1-of-1 << {'error_code': 0,
 'result': {'responses': [{'error_code': 0,
                           'method': 'get_device_time',
                           'result': {'region': 'Europe/Rome',
                                      'time_diff': 60,
                                      'timestamp': 1744363860}},
                          {'error_code': 0,
                           'method': 'get_led_info',
                           'result': {'led_rule': 'always',
                                      'led_status': True,
                                      'night_mode': {'end_time': 0,
                                                     'night_mode_type': 'unknown',
                                                     'start_time': 0,
                                                     'sunrise_offset': 0,
                                                     'sunset_offset': 0}}}]}}
Update completed 192.168.100.112: ['component_nego', 'get_device_info', 'get_connect_cloud_state', 'get_device_time', 'get_led_info']
True
Switching status
Using proactor: IocpProactor
[DISCOVERY] 192.168.100.112 >> {'system': {'get_sysinfo': {}}}
Waiting a total of 5 seconds for responses...
Using SmartDevice for SMART.TAPOPLUG
Finding protocol for 192.168.100.112
Finding protocol for DeviceFamily.SmartTapoPlug
Finding transport for SMART.AES
Created AES transport for 192.168.100.112
[DISCOVERY] 192.168.100.112 << {'error_code': 0,
 'result': {'device_id': 'REDACTED_c913ec3cd97a6bec2fbb1ee',
            'device_model': 'P100',
            'device_type': 'SMART.TAPOPLUG',
            'factory_default': False,
            'ip': '192.168.100.112',
            'is_support_iot_cloud': True,
            'mac': '74-DA-88-00-00-00',
            'mgt_encrypt_schm': {'encrypt_type': 'AES',
                                 'http_port': 80,
                                 'is_support_https': False,
                                 'lv': 2},
            'owner': 'REDACTED_19347acd812465188388075'}}
Initializing 192.168.100.112 of type <class 'kasa.smart.smartdevice.SmartDevice'>
192.168.100.112 >> '{"method":"set_device_info","request_time_milis":1744363864308,"terminal_uuid":"03XlI3+EYFxhF5PDPaQlGw==","params":{"device_on":true}}'
Will perform handshaking...
Posting to http://192.168.100.112/app
Generating keypair
Handshake request: {'method': 'handshake', 'params': {'key': '-----BEGIN PUBLIC KEY-----\nMIGfMA0GCSqGSIb3DQEBAQUAA4GNADCBiQKBgQCf+5SYAm6eGFPO0PLBaPRmsFew3qhLVFby4fV6RdQN7b86JLyUYknQbDk6OO9DbBMtSNi81zTY0gv2RHhpGzA8x9RSblJ8s001d3q+gn9V3t6PTAI2n52ImzWBw1sPQ5nS3n3kZMCkTnDvMKfamUEOQ8Y358NkFU55GRGj5FPVVwIDAQAB\n-----END PUBLIC KEY-----\n'}}
Device responded with: {'error_code': 0, 'result': {'key': 'U2zXXsCplhNAHijAMC42fY++QO3iqZiPElnjmJVgRS3xgSKM6JqeWzuPy6U6WsvOyGS+AMqMULuAA/2vS6VS7oYxgI+VA3lbnvUjS+PY+zpQhzdrYsQJXfrVst2ejEs1fBe5HD82tLx0eJDPDGG+iaj6XaowmiPITFJvgO4dO14='}}
Handshake with 192.168.100.112 complete
Posting to http://192.168.100.112/app
192.168.100.112: logged in with provided credentials
Posting to http://192.168.100.112/app?token=36173C199CF999FEC98ECB8DE3BD62BC
Device 192.168.100.112 received an os error, enabling sequential request delay: Server disconnected
Device 192.168.100.112 got a connection error, will retry 3 times: ('Device connection error: 192.168.100.112: Server disconnected', ServerDisconnectedError('Server disconnected'))
192.168.100.112 >> '{"method":"set_device_info","request_time_milis":1744363864525,"terminal_uuid":"03XlI3+EYFxhF5PDPaQlGw==","params":{"device_on":true}}'
Device 192.168.100.112 waiting 0.25 seconds to send request
Posting to http://192.168.100.112/app?token=36173C199CF999FEC98ECB8DE3BD62BC
192.168.100.112 << {'error_code': 0}
192.168.100.112 multi-request-batch-1-of-1 >> '{"method":"multipleRequest","request_time_milis":1744363864851,"terminal_uuid":"03XlI3+EYFxhF5PDPaQlGw==","params":{"requests":[{"method":"component_nego"},{"method":"get_device_info"},{"method":"get_connect_cloud_state"}]}}'
Device 192.168.100.112 waiting 0.23499999998603016 seconds to send request
Posting to http://192.168.100.112/app?token=36173C199CF999FEC98ECB8DE3BD62BC
192.168.100.112 multi-request-batch-1-of-1 << {'error_code': 0,
 'result': {'responses': [{'error_code': 0,
                           'method': 'component_nego',
                           'result': {'component_list': [{'id': 'device',
                                                          'ver_code': 2},
                                                         {'id': 'firmware',
                                                          'ver_code': 1},
                                                         {'id': 'quick_setup',
                                                          'ver_code': 3},
                                                         {'id': 'time',
                                                          'ver_code': 1},
                                                         {'id': 'wireless',
                                                          'ver_code': 1},
                                                         {'id': 'schedule',
                                                          'ver_code': 2},
                                                         {'id': 'countdown',
                                                          'ver_code': 2},
                                                         {'id': 'antitheft',
                                                          'ver_code': 1},
                                                         {'id': 'account',
                                                          'ver_code': 1},
                                                         {'id': 'synchronize',
                                                          'ver_code': 1},
                                                         {'id': 'sunrise_sunset',
                                                          'ver_code': 1},
                                                         {'id': 'led',
                                                          'ver_code': 1},
                                                         {'id': 'cloud_connect',
                                                          'ver_code': 1},
                                                         {'id': 'iot_cloud',
                                                          'ver_code': 1},
                                                         {'id': 'default_states',
                                                          'ver_code': 1}]}},
                          {'error_code': 0,
                           'method': 'get_device_info',
                           'result': {'avatar': 'plug',
                                      'default_states': {'state': {},
                                                         'type': 'last_states'},
                                      'device_id': 'REDACTED_DB80F24B353338FA05BB18C1C486215',
                                      'device_on': True,
                                      'fw_id': 'REDACTED_A25ABDE41405B20C6F98816',
                                      'fw_ver': '1.3.7 Build 20230711 Rel. '
                                                '61904',
                                      'has_set_location_info': True,
                                      'hw_id': 'REDACTED_5B29645B8150C392284029D',
                                      'hw_ver': '1.0.0',
                                      'ip': '192.168.100.112',
                                      'lang': 'it_IT',
                                      'latitude': 0,
                                      'location': '',
                                      'longitude': 0,
                                      'mac': '74-DA-88-00-00-00',
                                      'model': 'P100',
                                      'nickname': 'I01BU0tFRF9OQU1FIw==',
                                      'oem_id': 'REDACTED_06C60A9AEEA36A3347B6EBC',
                                      'on_time': 578,
                                      'overheated': False,
                                      'region': 'Europe/Rome',
                                      'rssi': -44,
                                      'signal_level': 3,
                                      'specs': 'EU',
                                      'ssid': 'I01BU0tFRF9TU0lEIw==',
                                      'time_diff': 60,
                                      'type': 'SMART.TAPOPLUG'}},
                          {'error_code': 0,
                           'method': 'get_connect_cloud_state',
                           'result': {'status': 0}}]}}
Device 192.168.100.112, found required cloud_connect, adding Cloud to modules.
Device 192.168.100.112, found required device, adding DeviceModule to modules.
Device 192.168.100.112, found required firmware, adding Firmware to modules.
Device 192.168.100.112, found required led, adding Led to modules.
Device 192.168.100.112, found required None, adding OverheatProtection to modules.
Device 192.168.100.112, found required time, adding Time to modules.
Querying 192.168.100.112 for modules: Time, Led
192.168.100.112 multi-request-batch-1-of-1 >> '{"method":"multipleRequest","request_time_milis":1744363865197,"terminal_uuid":"03XlI3+EYFxhF5PDPaQlGw==","params":{"requests":[{"method":"get_device_time"},{"method":"get_led_info"}]}}'
Device 192.168.100.112 waiting 0.23399999999674037 seconds to send request
Posting to http://192.168.100.112/app?token=36173C199CF999FEC98ECB8DE3BD62BC
192.168.100.112 multi-request-batch-1-of-1 << {'error_code': 0,
 'result': {'responses': [{'error_code': 0,
                           'method': 'get_device_time',
                           'result': {'region': 'Europe/Rome',
                                      'time_diff': 60,
                                      'timestamp': 1744363865}},
                          {'error_code': 0,
                           'method': 'get_led_info',
                           'result': {'led_rule': 'always',
                                      'led_status': True,
                                      'night_mode': {'end_time': 0,
                                                     'night_mode_type': 'unknown',
                                                     'start_time': 0,
                                                     'sunrise_offset': 0,
                                                     'sunset_offset': 0}}}]}}
Update completed 192.168.100.112: ['component_nego', 'get_device_info', 'get_connect_cloud_state', 'get_device_time', 'get_led_info']
True
Switching status
Using proactor: IocpProactor
[DISCOVERY] 192.168.100.112 >> {'system': {'get_sysinfo': {}}}
Waiting a total of 5 seconds for responses...
Using SmartDevice for SMART.TAPOPLUG
Finding protocol for 192.168.100.112
Finding protocol for DeviceFamily.SmartTapoPlug
Finding transport for SMART.AES
Created AES transport for 192.168.100.112
[DISCOVERY] 192.168.100.112 << {'error_code': 0,
 'result': {'device_id': 'REDACTED_c913ec3cd97a6bec2fbb1ee',
            'device_model': 'P100',
            'device_type': 'SMART.TAPOPLUG',
            'factory_default': False,
            'ip': '192.168.100.112',
            'is_support_iot_cloud': True,
            'mac': '74-DA-88-00-00-00',
            'mgt_encrypt_schm': {'encrypt_type': 'AES',
                                 'http_port': 80,
                                 'is_support_https': False,
                                 'lv': 2},
            'owner': 'REDACTED_19347acd812465188388075'}}
Initializing 192.168.100.112 of type <class 'kasa.smart.smartdevice.SmartDevice'>
192.168.100.112 >> '{"method":"set_device_info","request_time_milis":1744363867208,"terminal_uuid":"Vs+8AUx1t6lg7UDxn8uXKQ==","params":{"device_on":true}}'
Will perform handshaking...
Posting to http://192.168.100.112/app
Generating keypair
Handshake request: {'method': 'handshake', 'params': {'key': '-----BEGIN PUBLIC KEY-----\nMIGfMA0GCSqGSIb3DQEBAQUAA4GNADCBiQKBgQCs+eLABtx5TDrsrQ/LLmMW8vqZPy8uiWMPZpVDriwTzzjSEvHRFg5KD77qOlP33wJ32Y95siC6n6GyuXicdVkZfs1fIjSdX+XPjY+O940eq4wRiweg17IFSM3lonf1em7/4fznOyDrquJyC6z3Q8ehc7r/8nEaoDff3yKhiXsujQIDAQAB\n-----END PUBLIC KEY-----\n'}}
Device responded with: {'error_code': 0, 'result': {'key': 'IVImRFf+d4szAH2uiYuZhUn2PwMEFJke6CXhz2ssTdC39UF5MJ7s2zSfd5vS7zk00j0tAlmGurgZOh3iBbzTZpd5CS8qhEt7Hpj2cUlY+zfo8dJ/b7APiGdOOylScq8xT4U+LGr0creJBTykMRQK2Amln6tHH453DeT8+tIAuB4='}}
Handshake with 192.168.100.112 complete
Posting to http://192.168.100.112/app
192.168.100.112: logged in with provided credentials
Posting to http://192.168.100.112/app?token=B16DA86938293C2B7C0B760ADE1A5B1A
Device 192.168.100.112 received an os error, enabling sequential request delay: Server disconnected
Device 192.168.100.112 got a connection error, will retry 3 times: ('Device connection error: 192.168.100.112: Server disconnected', ServerDisconnectedError('Server disconnected'))
192.168.100.112 >> '{"method":"set_device_info","request_time_milis":1744363867355,"terminal_uuid":"Vs+8AUx1t6lg7UDxn8uXKQ==","params":{"device_on":true}}'
Device 192.168.100.112 waiting 0.25 seconds to send request
Posting to http://192.168.100.112/app?token=B16DA86938293C2B7C0B760ADE1A5B1A
192.168.100.112 << {'error_code': 0}
192.168.100.112 multi-request-batch-1-of-1 >> '{"method":"multipleRequest","request_time_milis":1744363867683,"terminal_uuid":"Vs+8AUx1t6lg7UDxn8uXKQ==","params":{"requests":[{"method":"component_nego"},{"method":"get_device_info"},{"method":"get_connect_cloud_state"}]}}'
Device 192.168.100.112 waiting 0.25 seconds to send request
Posting to http://192.168.100.112/app?token=B16DA86938293C2B7C0B760ADE1A5B1A
192.168.100.112 multi-request-batch-1-of-1 << {'error_code': 0,
 'result': {'responses': [{'error_code': 0,
                           'method': 'component_nego',
                           'result': {'component_list': [{'id': 'device',
                                                          'ver_code': 2},
                                                         {'id': 'firmware',
                                                          'ver_code': 1},
                                                         {'id': 'quick_setup',
                                                          'ver_code': 3},
                                                         {'id': 'time',
                                                          'ver_code': 1},
                                                         {'id': 'wireless',
                                                          'ver_code': 1},
                                                         {'id': 'schedule',
                                                          'ver_code': 2},
                                                         {'id': 'countdown',
                                                          'ver_code': 2},
                                                         {'id': 'antitheft',
                                                          'ver_code': 1},
                                                         {'id': 'account',
                                                          'ver_code': 1},
                                                         {'id': 'synchronize',
                                                          'ver_code': 1},
                                                         {'id': 'sunrise_sunset',
                                                          'ver_code': 1},
                                                         {'id': 'led',
                                                          'ver_code': 1},
                                                         {'id': 'cloud_connect',
                                                          'ver_code': 1},
                                                         {'id': 'iot_cloud',
                                                          'ver_code': 1},
                                                         {'id': 'default_states',
                                                          'ver_code': 1}]}},
                          {'error_code': 0,
                           'method': 'get_device_info',
                           'result': {'avatar': 'plug',
                                      'default_states': {'state': {},
                                                         'type': 'last_states'},
                                      'device_id': 'REDACTED_DB80F24B353338FA05BB18C1C486215',
                                      'device_on': True,
                                      'fw_id': 'REDACTED_A25ABDE41405B20C6F98816',
                                      'fw_ver': '1.3.7 Build 20230711 Rel. '
                                                '61904',
                                      'has_set_location_info': True,
                                      'hw_id': 'REDACTED_5B29645B8150C392284029D',
                                      'hw_ver': '1.0.0',
                                      'ip': '192.168.100.112',
                                      'lang': 'it_IT',
                                      'latitude': 0,
                                      'location': '',
                                      'longitude': 0,
                                      'mac': '74-DA-88-00-00-00',
                                      'model': 'P100',
                                      'nickname': 'I01BU0tFRF9OQU1FIw==',
                                      'oem_id': 'REDACTED_06C60A9AEEA36A3347B6EBC',
                                      'on_time': 580,
                                      'overheated': False,
                                      'region': 'Europe/Rome',
                                      'rssi': -44,
                                      'signal_level': 3,
                                      'specs': 'EU',
                                      'ssid': 'I01BU0tFRF9TU0lEIw==',
                                      'time_diff': 60,
                                      'type': 'SMART.TAPOPLUG'}},
                          {'error_code': 0,
                           'method': 'get_connect_cloud_state',
                           'result': {'status': 0}}]}}
Device 192.168.100.112, found required cloud_connect, adding Cloud to modules.
Device 192.168.100.112, found required device, adding DeviceModule to modules.
Device 192.168.100.112, found required firmware, adding Firmware to modules.
Device 192.168.100.112, found required led, adding Led to modules.
Device 192.168.100.112, found required None, adding OverheatProtection to modules.
Device 192.168.100.112, found required time, adding Time to modules.
Querying 192.168.100.112 for modules: Time, Led
192.168.100.112 multi-request-batch-1-of-1 >> '{"method":"multipleRequest","request_time_milis":1744363868025,"terminal_uuid":"Vs+8AUx1t6lg7UDxn8uXKQ==","params":{"requests":[{"method":"get_device_time"},{"method":"get_led_info"}]}}'
Device 192.168.100.112 waiting 0.23399999999674037 seconds to send request
Posting to http://192.168.100.112/app?token=B16DA86938293C2B7C0B760ADE1A5B1A
192.168.100.112 multi-request-batch-1-of-1 << {'error_code': 0,
 'result': {'responses': [{'error_code': 0,
                           'method': 'get_device_time',
                           'result': {'region': 'Europe/Rome',
                                      'time_diff': 60,
                                      'timestamp': 1744363868}},
                          {'error_code': 0,
                           'method': 'get_led_info',
                           'result': {'led_rule': 'always',
                                      'led_status': True,
                                      'night_mode': {'end_time': 0,
                                                     'night_mode_type': 'unknown',
                                                     'start_time': 0,
                                                     'sunrise_offset': 0,
                                                     'sunset_offset': 0}}}]}}
Update completed 192.168.100.112: ['component_nego', 'get_device_info', 'get_connect_cloud_state', 'get_device_time', 'get_led_info']
True
C:\Users\Davide\AppData\Local\I3Lab - Politecnico di Milano\Server SmartPlug\options.json
Discovery started...
Using proactor: IocpProactor
Listening on 127.0.0.1:7071
[DISCOVERY] 255.255.255.255 >> {'system': {'get_sysinfo': {}}}
Waiting 5 seconds for responses...
Using proactor: IocpProactor
Using SmartDevice for SMART.TAPOPLUG
Finding protocol for 192.168.100.112
Finding protocol for DeviceFamily.SmartTapoPlug
Finding transport for SMART.AES
Created AES transport for 192.168.100.112
[DISCOVERY] 192.168.100.112 << {'error_code': 0,
 'result': {'device_id': 'REDACTED_c913ec3cd97a6bec2fbb1ee',
            'device_model': 'P100',
            'device_type': 'SMART.TAPOPLUG',
            'factory_default': False,
            'ip': '192.168.100.112',
            'is_support_iot_cloud': True,
            'mac': '74-DA-88-00-00-00',
            'mgt_encrypt_schm': {'encrypt_type': 'AES',
                                 'http_port': 80,
                                 'is_support_https': False,
                                 'lv': 2},
            'owner': 'REDACTED_19347acd812465188388075'}}
Initializing 192.168.100.112 of type <class 'kasa.smart.smartdevice.SmartDevice'>
Discovery finished! Found: 1 device(s)
Discovered 1 devices
Using proactor: IocpProactor
[DISCOVERY] 192.168.100.112 >> {'system': {'get_sysinfo': {}}}
Waiting a total of 5 seconds for responses...
Using SmartDevice for SMART.TAPOPLUG
Finding protocol for 192.168.100.112
Finding protocol for DeviceFamily.SmartTapoPlug
Finding transport for SMART.AES
Created AES transport for 192.168.100.112
[DISCOVERY] 192.168.100.112 << {'error_code': 0,
 'result': {'device_id': 'REDACTED_c913ec3cd97a6bec2fbb1ee',
            'device_model': 'P100',
            'device_type': 'SMART.TAPOPLUG',
            'factory_default': False,
            'ip': '192.168.100.112',
            'is_support_iot_cloud': True,
            'mac': '74-DA-88-00-00-00',
            'mgt_encrypt_schm': {'encrypt_type': 'AES',
                                 'http_port': 80,
                                 'is_support_https': False,
                                 'lv': 2},
            'owner': 'REDACTED_19347acd812465188388075'}}
Initializing 192.168.100.112 of type <class 'kasa.smart.smartdevice.SmartDevice'>
192.168.100.112 multi-request-batch-1-of-1 >> '{"method":"multipleRequest","request_time_milis":1744364226654,"terminal_uuid":"PCPy3lFHU3lqgOfTvydEBw==","params":{"requests":[{"method":"component_nego"},{"method":"get_device_info"},{"method":"get_connect_cloud_state"}]}}'
Will perform handshaking...
Posting to http://192.168.100.112/app
Generating keypair
Handshake request: {'method': 'handshake', 'params': {'key': '-----BEGIN PUBLIC KEY-----\nMIGfMA0GCSqGSIb3DQEBAQUAA4GNADCBiQKBgQDiOi43J3n1Dg9XXunijzn5YPsCR3B80guJMrfcBNz9s4ztBemA7INGXaX3fpstqHJeKsg91ELmTDVO+r+1/BLtlGOrJ9sSycPP6kjj0UMod+s3Y520pgEjwndCQFNOzduYN+SS+wwjTOcmg/KkoHIPkwcA0p+ufp/7FGnUmBFCnQIDAQAB\n-----END PUBLIC KEY-----\n'}}
Device responded with: {'error_code': 0, 'result': {'key': 'p4ZELRP4NisAnCSugsIxTo1CqOPFRBWU6xSwZvZM6f2pKOl1QRiMXoUKJ/ymgTdhMN5QFyTcXmlLH6scZEiimPD80Yd3XD8nKscZrP6WHD12i6CwEBgEldW/xqWXOr+U+MsidB9VS3pMBW1n91T6DD1o5zN57nDxYe6Ei/eQ7d8='}}
Handshake with 192.168.100.112 complete
Posting to http://192.168.100.112/app
192.168.100.112: logged in with provided credentials
Posting to http://192.168.100.112/app?token=FE1D701A946AD369A9590A583F486648
Device 192.168.100.112 received an os error, enabling sequential request delay: Server disconnected
Device 192.168.100.112 got a connection error, will retry 3 times: ('Device connection error: 192.168.100.112: Server disconnected', ServerDisconnectedError('Server disconnected'))
192.168.100.112 multi-request-batch-1-of-1 >> '{"method":"multipleRequest","request_time_milis":1744364226801,"terminal_uuid":"PCPy3lFHU3lqgOfTvydEBw==","params":{"requests":[{"method":"component_nego"},{"method":"get_device_info"},{"method":"get_connect_cloud_state"}]}}'
Device 192.168.100.112 waiting 0.25 seconds to send request
Posting to http://192.168.100.112/app?token=FE1D701A946AD369A9590A583F486648
192.168.100.112 multi-request-batch-1-of-1 << {'error_code': 0,
 'result': {'responses': [{'error_code': 0,
                           'method': 'component_nego',
                           'result': {'component_list': [{'id': 'device',
                                                          'ver_code': 2},
                                                         {'id': 'firmware',
                                                          'ver_code': 1},
                                                         {'id': 'quick_setup',
                                                          'ver_code': 3},
                                                         {'id': 'time',
                                                          'ver_code': 1},
                                                         {'id': 'wireless',
                                                          'ver_code': 1},
                                                         {'id': 'schedule',
                                                          'ver_code': 2},
                                                         {'id': 'countdown',
                                                          'ver_code': 2},
                                                         {'id': 'antitheft',
                                                          'ver_code': 1},
                                                         {'id': 'account',
                                                          'ver_code': 1},
                                                         {'id': 'synchronize',
                                                          'ver_code': 1},
                                                         {'id': 'sunrise_sunset',
                                                          'ver_code': 1},
                                                         {'id': 'led',
                                                          'ver_code': 1},
                                                         {'id': 'cloud_connect',
                                                          'ver_code': 1},
                                                         {'id': 'iot_cloud',
                                                          'ver_code': 1},
                                                         {'id': 'default_states',
                                                          'ver_code': 1}]}},
                          {'error_code': 0,
                           'method': 'get_device_info',
                           'result': {'avatar': 'plug',
                                      'default_states': {'state': {},
                                                         'type': 'last_states'},
                                      'device_id': 'REDACTED_DB80F24B353338FA05BB18C1C486215',
                                      'device_on': True,
                                      'fw_id': 'REDACTED_A25ABDE41405B20C6F98816',
                                      'fw_ver': '1.3.7 Build 20230711 Rel. '
                                                '61904',
                                      'has_set_location_info': True,
                                      'hw_id': 'REDACTED_5B29645B8150C392284029D',
                                      'hw_ver': '1.0.0',
                                      'ip': '192.168.100.112',
                                      'lang': 'it_IT',
                                      'latitude': 0,
                                      'location': '',
                                      'longitude': 0,
                                      'mac': '74-DA-88-00-00-00',
                                      'model': 'P100',
                                      'nickname': 'I01BU0tFRF9OQU1FIw==',
                                      'oem_id': 'REDACTED_06C60A9AEEA36A3347B6EBC',
                                      'on_time': 939,
                                      'overheated': False,
                                      'region': 'Europe/Rome',
                                      'rssi': -43,
                                      'signal_level': 3,
                                      'specs': 'EU',
                                      'ssid': 'I01BU0tFRF9TU0lEIw==',
                                      'time_diff': 60,
                                      'type': 'SMART.TAPOPLUG'}},
                          {'error_code': 0,
                           'method': 'get_connect_cloud_state',
                           'result': {'status': 0}}]}}
Device 192.168.100.112, found required cloud_connect, adding Cloud to modules.
Device 192.168.100.112, found required device, adding DeviceModule to modules.
Device 192.168.100.112, found required firmware, adding Firmware to modules.
Device 192.168.100.112, found required led, adding Led to modules.
Device 192.168.100.112, found required None, adding OverheatProtection to modules.
Device 192.168.100.112, found required time, adding Time to modules.
Querying 192.168.100.112 for modules: Time, Led
192.168.100.112 multi-request-batch-1-of-1 >> '{"method":"multipleRequest","request_time_milis":1744364227136,"terminal_uuid":"PCPy3lFHU3lqgOfTvydEBw==","params":{"requests":[{"method":"get_device_time"},{"method":"get_led_info"}]}}'
Device 192.168.100.112 waiting 0.23499999998603016 seconds to send request
Posting to http://192.168.100.112/app?token=FE1D701A946AD369A9590A583F486648
192.168.100.112 multi-request-batch-1-of-1 << {'error_code': 0,
 'result': {'responses': [{'error_code': 0,
                           'method': 'get_device_time',
                           'result': {'region': 'Europe/Rome',
                                      'time_diff': 60,
                                      'timestamp': 1744364227}},
                          {'error_code': 0,
                           'method': 'get_led_info',
                           'result': {'led_rule': 'always',
                                      'led_status': True,
                                      'night_mode': {'end_time': 0,
                                                     'night_mode_type': 'unknown',
                                                     'start_time': 0,
                                                     'sunrise_offset': 0,
                                                     'sunset_offset': 0}}}]}}
Update completed 192.168.100.112: ['component_nego', 'get_device_info', 'get_connect_cloud_state', 'get_device_time', 'get_led_info']
Switching status
Using proactor: IocpProactor
[DISCOVERY] 192.168.100.112 >> {'system': {'get_sysinfo': {}}}
Waiting a total of 5 seconds for responses...
Using SmartDevice for SMART.TAPOPLUG
Finding protocol for 192.168.100.112
Finding protocol for DeviceFamily.SmartTapoPlug
Finding transport for SMART.AES
Created AES transport for 192.168.100.112
[DISCOVERY] 192.168.100.112 << {'error_code': 0,
 'result': {'device_id': 'REDACTED_c913ec3cd97a6bec2fbb1ee',
            'device_model': 'P100',
            'device_type': 'SMART.TAPOPLUG',
            'factory_default': False,
            'ip': '192.168.100.112',
            'is_support_iot_cloud': True,
            'mac': '74-DA-88-00-00-00',
            'mgt_encrypt_schm': {'encrypt_type': 'AES',
                                 'http_port': 80,
                                 'is_support_https': False,
                                 'lv': 2},
            'owner': 'REDACTED_19347acd812465188388075'}}
Initializing 192.168.100.112 of type <class 'kasa.smart.smartdevice.SmartDevice'>
C:\Users\Davide\AppData\Local\I3Lab - Politecnico di Milano\Server SmartPlug\options.json
Discovery started...
Using proactor: IocpProactor
Listening on 127.0.0.1:7071
[DISCOVERY] 255.255.255.255 >> {'system': {'get_sysinfo': {}}}
Waiting 5 seconds for responses...
Using proactor: IocpProactor
Discovery finished! Found: 0 device(s)
Discovered 0 devices
No device(s) found!
Discovery started...
Using proactor: IocpProactor
[DISCOVERY] 255.255.255.255 >> {'system': {'get_sysinfo': {}}}
Waiting 5 seconds for responses...
Using SmartDevice for SMART.TAPOPLUG
Finding protocol for 192.168.100.112
Finding protocol for DeviceFamily.SmartTapoPlug
Finding transport for SMART.AES
Created AES transport for 192.168.100.112
[DISCOVERY] 192.168.100.112 << {'error_code': 0,
 'result': {'device_id': 'REDACTED_c913ec3cd97a6bec2fbb1ee',
            'device_model': 'P100',
            'device_type': 'SMART.TAPOPLUG',
            'factory_default': False,
            'ip': '192.168.100.112',
            'is_support_iot_cloud': True,
            'mac': '74-DA-88-00-00-00',
            'mgt_encrypt_schm': {'encrypt_type': 'AES',
                                 'http_port': 80,
                                 'is_support_https': False,
                                 'lv': 2},
            'owner': 'REDACTED_19347acd812465188388075'}}
Initializing 192.168.100.112 of type <class 'kasa.smart.smartdevice.SmartDevice'>
Discovery finished! Found: 1 device(s)
Discovered 1 devices
Using proactor: IocpProactor
[DISCOVERY] 192.168.100.112 >> {'system': {'get_sysinfo': {}}}
Waiting a total of 5 seconds for responses...
Using SmartDevice for SMART.TAPOPLUG
Finding protocol for 192.168.100.112
Finding protocol for DeviceFamily.SmartTapoPlug
Finding transport for SMART.AES
Created AES transport for 192.168.100.112
[DISCOVERY] 192.168.100.112 << {'error_code': 0,
 'result': {'device_id': 'REDACTED_c913ec3cd97a6bec2fbb1ee',
            'device_model': 'P100',
            'device_type': 'SMART.TAPOPLUG',
            'factory_default': False,
            'ip': '192.168.100.112',
            'is_support_iot_cloud': True,
            'mac': '74-DA-88-00-00-00',
            'mgt_encrypt_schm': {'encrypt_type': 'AES',
                                 'http_port': 80,
                                 'is_support_https': False,
                                 'lv': 2},
            'owner': 'REDACTED_19347acd812465188388075'}}
Initializing 192.168.100.112 of type <class 'kasa.smart.smartdevice.SmartDevice'>
192.168.100.112 multi-request-batch-1-of-1 >> '{"method":"multipleRequest","request_time_milis":1744364482785,"terminal_uuid":"XOtfsdmnQd45rzw+4UjZrQ==","params":{"requests":[{"method":"component_nego"},{"method":"get_device_info"},{"method":"get_connect_cloud_state"}]}}'
Will perform handshaking...
Posting to http://192.168.100.112/app
Generating keypair
Handshake request: {'method': 'handshake', 'params': {'key': '-----BEGIN PUBLIC KEY-----\nMIGfMA0GCSqGSIb3DQEBAQUAA4GNADCBiQKBgQC2apNNhRnU77vqQEViAjSEUwj+hH7u4W3wxHeAA5zreRSJ7eGOYvK85GZJ/gyegbf7zLhkPXu8JT8/63Y/Rxs7OPaT9YAudbVBm5Qu7NoU0OBa4VVAq3v8hFuFPcw38DjW3/ySuRKrcmrVDBhzK63bNmY3R7SvllBeXtB9+EW1QQIDAQAB\n-----END PUBLIC KEY-----\n'}}
Device responded with: {'error_code': 0, 'result': {'key': 'OdCdmL1u4ExvgYsu2NZjLl5rzX+T4eqpUvXD7b6e+sSATlZn8MkF5trzYoQwyCfmbDUhx37I/pDOpkdAlP6BF/cyFHDuHkSi+7+AROJVB3jiv0Cjq/9LCProwWoa4iyktE0HAVe470rbokJ1RLeubfIOatSo2JMTNQDaaYKsVcg='}}
Handshake with 192.168.100.112 complete
Posting to http://192.168.100.112/app
192.168.100.112: logged in with provided credentials
Posting to http://192.168.100.112/app?token=B747354B118B508D4AEDE2EE67DE3BDF
Device 192.168.100.112 received an os error, enabling sequential request delay: Server disconnected
Device 192.168.100.112 got a connection error, will retry 3 times: ('Device connection error: 192.168.100.112: Server disconnected', ServerDisconnectedError('Server disconnected'))
192.168.100.112 multi-request-batch-1-of-1 >> '{"method":"multipleRequest","request_time_milis":1744364482920,"terminal_uuid":"XOtfsdmnQd45rzw+4UjZrQ==","params":{"requests":[{"method":"component_nego"},{"method":"get_device_info"},{"method":"get_connect_cloud_state"}]}}'
Device 192.168.100.112 waiting 0.25 seconds to send request
Posting to http://192.168.100.112/app?token=B747354B118B508D4AEDE2EE67DE3BDF
192.168.100.112 multi-request-batch-1-of-1 << {'error_code': 0,
 'result': {'responses': [{'error_code': 0,
                           'method': 'component_nego',
                           'result': {'component_list': [{'id': 'device',
                                                          'ver_code': 2},
                                                         {'id': 'firmware',
                                                          'ver_code': 1},
                                                         {'id': 'quick_setup',
                                                          'ver_code': 3},
                                                         {'id': 'time',
                                                          'ver_code': 1},
                                                         {'id': 'wireless',
                                                          'ver_code': 1},
                                                         {'id': 'schedule',
                                                          'ver_code': 2},
                                                         {'id': 'countdown',
                                                          'ver_code': 2},
                                                         {'id': 'antitheft',
                                                          'ver_code': 1},
                                                         {'id': 'account',
                                                          'ver_code': 1},
                                                         {'id': 'synchronize',
                                                          'ver_code': 1},
                                                         {'id': 'sunrise_sunset',
                                                          'ver_code': 1},
                                                         {'id': 'led',
                                                          'ver_code': 1},
                                                         {'id': 'cloud_connect',
                                                          'ver_code': 1},
                                                         {'id': 'iot_cloud',
                                                          'ver_code': 1},
                                                         {'id': 'default_states',
                                                          'ver_code': 1}]}},
                          {'error_code': 0,
                           'method': 'get_device_info',
                           'result': {'avatar': 'plug',
                                      'default_states': {'state': {},
                                                         'type': 'last_states'},
                                      'device_id': 'REDACTED_DB80F24B353338FA05BB18C1C486215',
                                      'device_on': True,
                                      'fw_id': 'REDACTED_A25ABDE41405B20C6F98816',
                                      'fw_ver': '1.3.7 Build 20230711 Rel. '
                                                '61904',
                                      'has_set_location_info': True,
                                      'hw_id': 'REDACTED_5B29645B8150C392284029D',
                                      'hw_ver': '1.0.0',
                                      'ip': '192.168.100.112',
                                      'lang': '',
                                      'latitude': 0,
                                      'location': '',
                                      'longitude': 0,
                                      'mac': '74-DA-88-00-00-00',
                                      'model': 'P100',
                                      'nickname': 'I01BU0tFRF9OQU1FIw==',
                                      'oem_id': 'REDACTED_06C60A9AEEA36A3347B6EBC',
                                      'on_time': 25,
                                      'overheated': False,
                                      'region': 'Europe/Rome',
                                      'rssi': -44,
                                      'signal_level': 3,
                                      'specs': 'EU',
                                      'ssid': 'I01BU0tFRF9TU0lEIw==',
                                      'time_diff': 60,
                                      'type': 'SMART.TAPOPLUG'}},
                          {'error_code': 0,
                           'method': 'get_connect_cloud_state',
                           'result': {'status': 0}}]}}
Device 192.168.100.112, found required cloud_connect, adding Cloud to modules.
Device 192.168.100.112, found required device, adding DeviceModule to modules.
Device 192.168.100.112, found required firmware, adding Firmware to modules.
Device 192.168.100.112, found required led, adding Led to modules.
Device 192.168.100.112, found required None, adding OverheatProtection to modules.
Device 192.168.100.112, found required time, adding Time to modules.
Querying 192.168.100.112 for modules: Time, Led
192.168.100.112 multi-request-batch-1-of-1 >> '{"method":"multipleRequest","request_time_milis":1744364483280,"terminal_uuid":"XOtfsdmnQd45rzw+4UjZrQ==","params":{"requests":[{"method":"get_device_time"},{"method":"get_led_info"}]}}'
Device 192.168.100.112 waiting 0.23399999999674037 seconds to send request
Posting to http://192.168.100.112/app?token=B747354B118B508D4AEDE2EE67DE3BDF
192.168.100.112 multi-request-batch-1-of-1 << {'error_code': -1003}
Device 192.168.100.112 got a retryable error, will retry 3 times: JSON Decode failure, multi requests disabled
Will perform handshaking...
Posting to http://192.168.100.112/app
Generating keypair
Handshake request: {'method': 'handshake', 'params': {'key': '-----BEGIN PUBLIC KEY-----\nMIGfMA0GCSqGSIb3DQEBAQUAA4GNADCBiQKBgQC2apNNhRnU77vqQEViAjSEUwj+hH7u4W3wxHeAA5zreRSJ7eGOYvK85GZJ/gyegbf7zLhkPXu8JT8/63Y/Rxs7OPaT9YAudbVBm5Qu7NoU0OBa4VVAq3v8hFuFPcw38DjW3/ySuRKrcmrVDBhzK63bNmY3R7SvllBeXtB9+EW1QQIDAQAB\n-----END PUBLIC KEY-----\n'}}
Device responded with: {'error_code': 0, 'result': {'key': 'KEuLjDrfEdZ4RcB3NFsmi92q3AjUOWPVuvE8BdFiITY/rLrNq6F9JyeXJ3wORAsPBPqbCPgP6aPNNnlzMSd50Gh/1PP2145yIlDT23SxmtywNHQzyTns+LmVXFzbWVroXjNP0nTpObmhewYj7s4hml35+ehOVQN76XJoQbJCTvM='}}
Handshake with 192.168.100.112 complete
Device 192.168.100.112 waiting 0.25 seconds to send request
Posting to http://192.168.100.112/app
192.168.100.112: logged in with provided credentials
Device 192.168.100.112 waiting 0.25 seconds to send request
Posting to http://192.168.100.112/app?token=7E451349C889768F93EFC4ECB6DC9DDD
Unable to query the device: 192.168.100.112, not retrying: ('Unable to query the device: 192.168.100.112: ', TimeoutError())
Error querying 192.168.100.112 for modules 'Time, Led' on first update: ('Unable to query the device: 192.168.100.112: ', TimeoutError())
192.168.100.112 >> '{"method":"get_device_time","request_time_milis":1744364494616,"terminal_uuid":"XOtfsdmnQd45rzw+4UjZrQ=="}'
Will perform handshaking...
Posting to http://192.168.100.112/app
Generating keypair
Handshake request: {'method': 'handshake', 'params': {'key': '-----BEGIN PUBLIC KEY-----\nMIGfMA0GCSqGSIb3DQEBAQUAA4GNADCBiQKBgQC2apNNhRnU77vqQEViAjSEUwj+hH7u4W3wxHeAA5zreRSJ7eGOYvK85GZJ/gyegbf7zLhkPXu8JT8/63Y/Rxs7OPaT9YAudbVBm5Qu7NoU0OBa4VVAq3v8hFuFPcw38DjW3/ySuRKrcmrVDBhzK63bNmY3R7SvllBeXtB9+EW1QQIDAQAB\n-----END PUBLIC KEY-----\n'}}
Device responded with: {'error_code': 0, 'result': {'key': 'N6EI4RIp/VyOUcVFl9PrVHhSkc79FkZEtv5q2r1JSFnVa8Mg76zd0Er7tWq4li12U8Gxl41pGsfU5A50UaK+WQeSAnYztaMTyHXErKD32R+zbdJuzIMyU1QRtSk6MYH80EVx3sVa7gQYLmjY3P29QDMkQnm3U9YjgUPT7RPt5fg='}}
Handshake with 192.168.100.112 complete
Device 192.168.100.112 waiting 0.25 seconds to send request
Posting to http://192.168.100.112/app
Device 192.168.100.112 got a retryable error, will retry 3 times: Error sending secure_passthrough message: 192.168.100.112: SESSION_TIMEOUT_ERROR(9999) (error_code=SESSION_TIMEOUT_ERROR)
192.168.100.112 >> '{"method":"get_device_time","request_time_milis":1744364500329,"terminal_uuid":"XOtfsdmnQd45rzw+4UjZrQ=="}'
Will perform handshaking...
Posting to http://192.168.100.112/app
Generating keypair
Handshake request: {'method': 'handshake', 'params': {'key': '-----BEGIN PUBLIC KEY-----\nMIGfMA0GCSqGSIb3DQEBAQUAA4GNADCBiQKBgQC2apNNhRnU77vqQEViAjSEUwj+hH7u4W3wxHeAA5zreRSJ7eGOYvK85GZJ/gyegbf7zLhkPXu8JT8/63Y/Rxs7OPaT9YAudbVBm5Qu7NoU0OBa4VVAq3v8hFuFPcw38DjW3/ySuRKrcmrVDBhzK63bNmY3R7SvllBeXtB9+EW1QQIDAQAB\n-----END PUBLIC KEY-----\n'}}
Device responded with: {'error_code': 0, 'result': {'key': 'bvp68Bvtmu6o/Wc1NCemfrcwiwDND7jukIje7qA1yUg2HYrSUaPgNSNRBddOl1Uf9WtD/3dEB94tiukn9PjzxDGp/wVKBVRtADSjZbGwiMbw52nIiPSdHiE4dASRL3EIw3piS+fEUzc8pE19BcnfWgO0+0vsTYZPTh5eve342qw='}}
Handshake with 192.168.100.112 complete
Device 192.168.100.112 waiting 0.25 seconds to send request
Posting to http://192.168.100.112/app
192.168.100.112: logged in with provided credentials
Device 192.168.100.112 waiting 0.25 seconds to send request
Posting to http://192.168.100.112/app?token=3B86C1856EB59BB4C4A43EA499A4ECA4
192.168.100.112 << {'error_code': 0,
 'result': {'region': 'Europe/Rome', 'time_diff': 60, 'timestamp': 1744364500}}
192.168.100.112 >> '{"method":"get_led_info","request_time_milis":1744364500992,"terminal_uuid":"XOtfsdmnQd45rzw+4UjZrQ=="}'
Device 192.168.100.112 waiting 0.25 seconds to send request
Posting to http://192.168.100.112/app?token=3B86C1856EB59BB4C4A43EA499A4ECA4
192.168.100.112 << {'error_code': 0,
 'result': {'led_rule': 'always',
            'led_status': True,
            'night_mode': {'end_time': 0,
                           'night_mode_type': 'unknown',
                           'start_time': 0,
                           'sunrise_offset': 0,
                           'sunset_offset': 0}}}
Update completed 192.168.100.112: ['component_nego', 'get_device_info', 'get_connect_cloud_state', 'get_device_time', 'get_led_info']
Discovery started...
Unclosed client session
client_session: <aiohttp.client.ClientSession object at 0x000001FFE4889850>
Unclosed connector
connections: ['deque([(<aiohttp.client_proto.ResponseHandler object at 0x000001FFE48A7C50>, 152702.75)])']
connector: <aiohttp.connector.TCPConnector object at 0x000001FFE4889910>
C:\Users\Davide\AppData\Local\I3Lab - Politecnico di Milano\Server SmartPlug\options.json
Discovery started...
Using proactor: IocpProactor
Listening on 127.0.0.1:7071
[DISCOVERY] 255.255.255.255 >> {'system': {'get_sysinfo': {}}}
Waiting 5 seconds for responses...
Using proactor: IocpProactor
Using SmartDevice for SMART.TAPOPLUG
Finding protocol for 192.168.100.112
Finding protocol for DeviceFamily.SmartTapoPlug
Finding transport for SMART.AES
Created AES transport for 192.168.100.112
[DISCOVERY] 192.168.100.112 << {'error_code': 0,
 'result': {'device_id': 'REDACTED_c913ec3cd97a6bec2fbb1ee',
            'device_model': 'P100',
            'device_type': 'SMART.TAPOPLUG',
            'factory_default': False,
            'ip': '192.168.100.112',
            'is_support_iot_cloud': True,
            'mac': '74-DA-88-00-00-00',
            'mgt_encrypt_schm': {'encrypt_type': 'AES',
                                 'http_port': 80,
                                 'is_support_https': False,
                                 'lv': 2},
            'owner': 'REDACTED_19347acd812465188388075'}}
Initializing 192.168.100.112 of type <class 'kasa.smart.smartdevice.SmartDevice'>
Discovery finished! Found: 1 device(s)
Discovered 1 devices
Using proactor: IocpProactor
[DISCOVERY] 192.168.100.112 >> {'system': {'get_sysinfo': {}}}
Waiting a total of 5 seconds for responses...
Using SmartDevice for SMART.TAPOPLUG
Finding protocol for 192.168.100.112
Finding protocol for DeviceFamily.SmartTapoPlug
Finding transport for SMART.AES
Created AES transport for 192.168.100.112
[DISCOVERY] 192.168.100.112 << {'error_code': 0,
 'result': {'device_id': 'REDACTED_c913ec3cd97a6bec2fbb1ee',
            'device_model': 'P100',
            'device_type': 'SMART.TAPOPLUG',
            'factory_default': False,
            'ip': '192.168.100.112',
            'is_support_iot_cloud': True,
            'mac': '74-DA-88-00-00-00',
            'mgt_encrypt_schm': {'encrypt_type': 'AES',
                                 'http_port': 80,
                                 'is_support_https': False,
                                 'lv': 2},
            'owner': 'REDACTED_19347acd812465188388075'}}
Initializing 192.168.100.112 of type <class 'kasa.smart.smartdevice.SmartDevice'>
192.168.100.112 multi-request-batch-1-of-1 >> '{"method":"multipleRequest","request_time_milis":1744364579420,"terminal_uuid":"trNLL6izvDLp61uZ7XaHzA==","params":{"requests":[{"method":"component_nego"},{"method":"get_device_info"},{"method":"get_connect_cloud_state"}]}}'
Will perform handshaking...
Posting to http://192.168.100.112/app
Generating keypair
Handshake request: {'method': 'handshake', 'params': {'key': '-----BEGIN PUBLIC KEY-----\nMIGfMA0GCSqGSIb3DQEBAQUAA4GNADCBiQKBgQDzJ4UiqKxnlKujUGdwRrs2yLtsJuagsWgmz1qJ/aMGKM2niwdVk9y4t9K18WjkmDce7hY8dHkv+ze62D3rHK95H8GrWGMDDkSSVhYOWoWtj3C31rF8Uax40fR63OrjPufrmmZ2ox4DXsCw7nFKsrrK+Yz8uOkTxJRjrFsCZRPchwIDAQAB\n-----END PUBLIC KEY-----\n'}}
Device responded with: {'error_code': 0, 'result': {'key': 'fW8qOl3A8EsJsZUk/5tW7pfxOt31dpQNL6PsFobcweNcrhYxb55KSvY9hTeIUTMXnyiQBBnpXs091vD+k/LxKhFBA5wdUXZgEdeeVGD6DOSMjYshHa3OXbfhxP4o1iWfYnm8aiW/svDp6Wd6ZREA9tL1dqdt3/QjEzhR8RcCFaI='}}
Handshake with 192.168.100.112 complete
Posting to http://192.168.100.112/app
192.168.100.112: logged in with provided credentials
Posting to http://192.168.100.112/app?token=AF2BEC21DE81FF84EED4F6D676F672F7
Device 192.168.100.112 received an os error, enabling sequential request delay: Server disconnected
Device 192.168.100.112 got a connection error, will retry 3 times: ('Device connection error: 192.168.100.112: Server disconnected', ServerDisconnectedError('Server disconnected'))
192.168.100.112 multi-request-batch-1-of-1 >> '{"method":"multipleRequest","request_time_milis":1744364579616,"terminal_uuid":"trNLL6izvDLp61uZ7XaHzA==","params":{"requests":[{"method":"component_nego"},{"method":"get_device_info"},{"method":"get_connect_cloud_state"}]}}'
Device 192.168.100.112 waiting 0.25 seconds to send request
Posting to http://192.168.100.112/app?token=AF2BEC21DE81FF84EED4F6D676F672F7
192.168.100.112 multi-request-batch-1-of-1 << {'error_code': 0,
 'result': {'responses': [{'error_code': 0,
                           'method': 'component_nego',
                           'result': {'component_list': [{'id': 'device',
                                                          'ver_code': 2},
                                                         {'id': 'firmware',
                                                          'ver_code': 1},
                                                         {'id': 'quick_setup',
                                                          'ver_code': 3},
                                                         {'id': 'time',
                                                          'ver_code': 1},
                                                         {'id': 'wireless',
                                                          'ver_code': 1},
                                                         {'id': 'schedule',
                                                          'ver_code': 2},
                                                         {'id': 'countdown',
                                                          'ver_code': 2},
                                                         {'id': 'antitheft',
                                                          'ver_code': 1},
                                                         {'id': 'account',
                                                          'ver_code': 1},
                                                         {'id': 'synchronize',
                                                          'ver_code': 1},
                                                         {'id': 'sunrise_sunset',
                                                          'ver_code': 1},
                                                         {'id': 'led',
                                                          'ver_code': 1},
                                                         {'id': 'cloud_connect',
                                                          'ver_code': 1},
                                                         {'id': 'iot_cloud',
                                                          'ver_code': 1},
                                                         {'id': 'default_states',
                                                          'ver_code': 1}]}},
                          {'error_code': 0,
                           'method': 'get_device_info',
                           'result': {'avatar': 'plug',
                                      'default_states': {'state': {},
                                                         'type': 'last_states'},
                                      'device_id': 'REDACTED_DB80F24B353338FA05BB18C1C486215',
                                      'device_on': True,
                                      'fw_id': 'REDACTED_A25ABDE41405B20C6F98816',
                                      'fw_ver': '1.3.7 Build 20230711 Rel. '
                                                '61904',
                                      'has_set_location_info': True,
                                      'hw_id': 'REDACTED_5B29645B8150C392284029D',
                                      'hw_ver': '1.0.0',
                                      'ip': '192.168.100.112',
                                      'lang': '',
                                      'latitude': 0,
                                      'location': '',
                                      'longitude': 0,
                                      'mac': '74-DA-88-00-00-00',
                                      'model': 'P100',
                                      'nickname': 'I01BU0tFRF9OQU1FIw==',
                                      'oem_id': 'REDACTED_06C60A9AEEA36A3347B6EBC',
                                      'on_time': 121,
                                      'overheated': False,
                                      'region': 'Europe/Rome',
                                      'rssi': -45,
                                      'signal_level': 3,
                                      'specs': 'EU',
                                      'ssid': 'I01BU0tFRF9TU0lEIw==',
                                      'time_diff': 60,
                                      'type': 'SMART.TAPOPLUG'}},
                          {'error_code': 0,
                           'method': 'get_connect_cloud_state',
                           'result': {'status': 0}}]}}
Device 192.168.100.112, found required cloud_connect, adding Cloud to modules.
Device 192.168.100.112, found required device, adding DeviceModule to modules.
Device 192.168.100.112, found required firmware, adding Firmware to modules.
Device 192.168.100.112, found required led, adding Led to modules.
Device 192.168.100.112, found required None, adding OverheatProtection to modules.
Device 192.168.100.112, found required time, adding Time to modules.
Querying 192.168.100.112 for modules: Time, Led
192.168.100.112 multi-request-batch-1-of-1 >> '{"method":"multipleRequest","request_time_milis":1744364579979,"terminal_uuid":"trNLL6izvDLp61uZ7XaHzA==","params":{"requests":[{"method":"get_device_time"},{"method":"get_led_info"}]}}'
Device 192.168.100.112 waiting 0.23499999998603016 seconds to send request
Posting to http://192.168.100.112/app?token=AF2BEC21DE81FF84EED4F6D676F672F7
192.168.100.112 multi-request-batch-1-of-1 << {'error_code': 0,
 'result': {'responses': [{'error_code': 0,
                           'method': 'get_device_time',
                           'result': {'region': 'Europe/Rome',
                                      'time_diff': 60,
                                      'timestamp': 1744364580}},
                          {'error_code': 0,
                           'method': 'get_led_info',
                           'result': {'led_rule': 'always',
                                      'led_status': True,
                                      'night_mode': {'end_time': 0,
                                                     'night_mode_type': 'unknown',
                                                     'start_time': 0,
                                                     'sunrise_offset': 0,
                                                     'sunset_offset': 0}}}]}}
Update completed 192.168.100.112: ['component_nego', 'get_device_info', 'get_connect_cloud_state', 'get_device_time', 'get_led_info']
Switching status
Using proactor: IocpProactor
[DISCOVERY] 192.168.100.112 >> {'system': {'get_sysinfo': {}}}
Waiting a total of 5 seconds for responses...
Using SmartDevice for SMART.TAPOPLUG
Finding protocol for 192.168.100.112
Finding protocol for DeviceFamily.SmartTapoPlug
Finding transport for SMART.AES
Created AES transport for 192.168.100.112
[DISCOVERY] 192.168.100.112 << {'error_code': 0,
 'result': {'device_id': 'REDACTED_c913ec3cd97a6bec2fbb1ee',
            'device_model': 'P100',
            'device_type': 'SMART.TAPOPLUG',
            'factory_default': False,
            'ip': '192.168.100.112',
            'is_support_iot_cloud': True,
            'mac': '74-DA-88-00-00-00',
            'mgt_encrypt_schm': {'encrypt_type': 'AES',
                                 'http_port': 80,
                                 'is_support_https': False,
                                 'lv': 2},
            'owner': 'REDACTED_19347acd812465188388075'}}
Initializing 192.168.100.112 of type <class 'kasa.smart.smartdevice.SmartDevice'>
192.168.100.112 >> '{"method":"set_device_info","request_time_milis":1744364595421,"terminal_uuid":"n9RVFRH/BeKLZh9Sau2n0w==","params":{"device_on":true}}'
Will perform handshaking...
Posting to http://192.168.100.112/app
Generating keypair
Handshake request: {'method': 'handshake', 'params': {'key': '-----BEGIN PUBLIC KEY-----\nMIGfMA0GCSqGSIb3DQEBAQUAA4GNADCBiQKBgQDDWHQ/QeRBUQ6ChZ10Hz1F89oJnd8K9pOt1ApqM5P1V3Zamail9j0Qxt4L3RD7kpoqIXsqZkoilMCMR0LJUZpjp0QgPPbfDusJwP+Lcw/mN8Lfx8LHnqnmw2aVBCqHE2LRtCTvPbseFCmKvJto8oLomxlhjwmdy5bvJMnXfczBAQIDAQAB\n-----END PUBLIC KEY-----\n'}}
Device responded with: {'error_code': 0, 'result': {'key': 'btURxE5e7n8ZkxCkgz9HyX9gNz36IPP4HGCViTdp6fghtpLjv8jGDN3K6c76OqtD4C7GEcrfe8H/F0ty8J3NxQvWbkp7jygBL52jp1LnCLwPM9DWlRBhk1NNCuIQbWCN8I+8cLar2eaHYDdf2YSjbXSbXWMWPDfwLUQur8ujVz0='}}
Handshake with 192.168.100.112 complete
Posting to http://192.168.100.112/app
192.168.100.112: logged in with provided credentials
Posting to http://192.168.100.112/app?token=8AB9A5B55C75C3733713781082202521
Device 192.168.100.112 received an os error, enabling sequential request delay: Server disconnected
Device 192.168.100.112 got a connection error, will retry 3 times: ('Device connection error: 192.168.100.112: Server disconnected', ServerDisconnectedError('Server disconnected'))
192.168.100.112 >> '{"method":"set_device_info","request_time_milis":1744364595560,"terminal_uuid":"n9RVFRH/BeKLZh9Sau2n0w==","params":{"device_on":true}}'
Device 192.168.100.112 waiting 0.25 seconds to send request
Posting to http://192.168.100.112/app?token=8AB9A5B55C75C3733713781082202521
192.168.100.112 << {'error_code': 0}
192.168.100.112 multi-request-batch-1-of-1 >> '{"method":"multipleRequest","request_time_milis":1744364596389,"terminal_uuid":"n9RVFRH/BeKLZh9Sau2n0w==","params":{"requests":[{"method":"component_nego"},{"method":"get_device_info"},{"method":"get_connect_cloud_state"}]}}'
Posting to http://192.168.100.112/app?token=8AB9A5B55C75C3733713781082202521
192.168.100.112 multi-request-batch-1-of-1 << {'error_code': 0,
 'result': {'responses': [{'error_code': 0,
                           'method': 'component_nego',
                           'result': {'component_list': [{'id': 'device',
                                                          'ver_code': 2},
                                                         {'id': 'firmware',
                                                          'ver_code': 1},
                                                         {'id': 'quick_setup',
                                                          'ver_code': 3},
                                                         {'id': 'time',
                                                          'ver_code': 1},
                                                         {'id': 'wireless',
                                                          'ver_code': 1},
                                                         {'id': 'schedule',
                                                          'ver_code': 2},
                                                         {'id': 'countdown',
                                                          'ver_code': 2},
                                                         {'id': 'antitheft',
                                                          'ver_code': 1},
                                                         {'id': 'account',
                                                          'ver_code': 1},
                                                         {'id': 'synchronize',
                                                          'ver_code': 1},
                                                         {'id': 'sunrise_sunset',
                                                          'ver_code': 1},
                                                         {'id': 'led',
                                                          'ver_code': 1},
                                                         {'id': 'cloud_connect',
                                                          'ver_code': 1},
                                                         {'id': 'iot_cloud',
                                                          'ver_code': 1},
                                                         {'id': 'default_states',
                                                          'ver_code': 1}]}},
                          {'error_code': 0,
                           'method': 'get_device_info',
                           'result': {'avatar': 'plug',
                                      'default_states': {'state': {},
                                                         'type': 'last_states'},
                                      'device_id': 'REDACTED_DB80F24B353338FA05BB18C1C486215',
                                      'device_on': True,
                                      'fw_id': 'REDACTED_A25ABDE41405B20C6F98816',
                                      'fw_ver': '1.3.7 Build 20230711 Rel. '
                                                '61904',
                                      'has_set_location_info': True,
                                      'hw_id': 'REDACTED_5B29645B8150C392284029D',
                                      'hw_ver': '1.0.0',
                                      'ip': '192.168.100.112',
                                      'lang': '',
                                      'latitude': 0,
                                      'location': '',
                                      'longitude': 0,
                                      'mac': '74-DA-88-00-00-00',
                                      'model': 'P100',
                                      'nickname': 'I01BU0tFRF9OQU1FIw==',
                                      'oem_id': 'REDACTED_06C60A9AEEA36A3347B6EBC',
                                      'on_time': 138,
                                      'overheated': False,
                                      'region': 'Europe/Rome',
                                      'rssi': -44,
                                      'signal_level': 3,
                                      'specs': 'EU',
                                      'ssid': 'I01BU0tFRF9TU0lEIw==',
                                      'time_diff': 60,
                                      'type': 'SMART.TAPOPLUG'}},
                          {'error_code': 0,
                           'method': 'get_connect_cloud_state',
                           'result': {'status': 0}}]}}
Device 192.168.100.112, found required cloud_connect, adding Cloud to modules.
Device 192.168.100.112, found required device, adding DeviceModule to modules.
Device 192.168.100.112, found required firmware, adding Firmware to modules.
Device 192.168.100.112, found required led, adding Led to modules.
Device 192.168.100.112, found required None, adding OverheatProtection to modules.
Device 192.168.100.112, found required time, adding Time to modules.
Querying 192.168.100.112 for modules: Time, Led
192.168.100.112 multi-request-batch-1-of-1 >> '{"method":"multipleRequest","request_time_milis":1744364596477,"terminal_uuid":"n9RVFRH/BeKLZh9Sau2n0w==","params":{"requests":[{"method":"get_device_time"},{"method":"get_led_info"}]}}'
Device 192.168.100.112 waiting 0.23499999998603016 seconds to send request
Posting to http://192.168.100.112/app?token=8AB9A5B55C75C3733713781082202521
192.168.100.112 multi-request-batch-1-of-1 << {'error_code': 0,
 'result': {'responses': [{'error_code': 0,
                           'method': 'get_device_time',
                           'result': {'region': 'Europe/Rome',
                                      'time_diff': 60,
                                      'timestamp': 1744364596}},
                          {'error_code': 0,
                           'method': 'get_led_info',
                           'result': {'led_rule': 'always',
                                      'led_status': True,
                                      'night_mode': {'end_time': 0,
                                                     'night_mode_type': 'unknown',
                                                     'start_time': 0,
                                                     'sunrise_offset': 0,
                                                     'sunset_offset': 0}}}]}}
Update completed 192.168.100.112: ['component_nego', 'get_device_info', 'get_connect_cloud_state', 'get_device_time', 'get_led_info']
True
Discovery started...
Using proactor: IocpProactor
[DISCOVERY] 255.255.255.255 >> {'system': {'get_sysinfo': {}}}
Waiting 5 seconds for responses...
Using SmartDevice for SMART.TAPOPLUG
Finding protocol for 192.168.100.112
Finding protocol for DeviceFamily.SmartTapoPlug
Finding transport for SMART.AES
Created AES transport for 192.168.100.112
[DISCOVERY] 192.168.100.112 << {'error_code': 0,
 'result': {'device_id': 'REDACTED_c913ec3cd97a6bec2fbb1ee',
            'device_model': 'P100',
            'device_type': 'SMART.TAPOPLUG',
            'factory_default': False,
            'ip': '192.168.100.112',
            'is_support_iot_cloud': True,
            'mac': '74-DA-88-00-00-00',
            'mgt_encrypt_schm': {'encrypt_type': 'AES',
                                 'http_port': 80,
                                 'is_support_https': False,
                                 'lv': 2},
            'owner': 'REDACTED_19347acd812465188388075'}}
Initializing 192.168.100.112 of type <class 'kasa.smart.smartdevice.SmartDevice'>
Discovery finished! Found: 1 device(s)
Discovered 1 devices
Using proactor: IocpProactor
[DISCOVERY] 192.168.100.112 >> {'system': {'get_sysinfo': {}}}
Waiting a total of 5 seconds for responses...
Using SmartDevice for SMART.TAPOPLUG
Finding protocol for 192.168.100.112
Finding protocol for DeviceFamily.SmartTapoPlug
Finding transport for SMART.AES
Created AES transport for 192.168.100.112
[DISCOVERY] 192.168.100.112 << {'error_code': 0,
 'result': {'device_id': 'REDACTED_c913ec3cd97a6bec2fbb1ee',
            'device_model': 'P100',
            'device_type': 'SMART.TAPOPLUG',
            'factory_default': False,
            'ip': '192.168.100.112',
            'is_support_iot_cloud': True,
            'mac': '74-DA-88-00-00-00',
            'mgt_encrypt_schm': {'encrypt_type': 'AES',
                                 'http_port': 80,
                                 'is_support_https': False,
                                 'lv': 2},
            'owner': 'REDACTED_19347acd812465188388075'}}
Initializing 192.168.100.112 of type <class 'kasa.smart.smartdevice.SmartDevice'>
192.168.100.112 multi-request-batch-1-of-1 >> '{"method":"multipleRequest","request_time_milis":1744364612714,"terminal_uuid":"hbtyzJRuw1U96c1Zl+1tWQ==","params":{"requests":[{"method":"component_nego"},{"method":"get_device_info"},{"method":"get_connect_cloud_state"}]}}'
Will perform handshaking...
Posting to http://192.168.100.112/app
Generating keypair
Handshake request: {'method': 'handshake', 'params': {'key': '-----BEGIN PUBLIC KEY-----\nMIGfMA0GCSqGSIb3DQEBAQUAA4GNADCBiQKBgQDRqWw+Kf7fATQ/COeXEE1LACiaFOvVaQ4HAgJ2FVmEr6SY6m+HqyDp+cdKt5TZ01anF+YEs17SHzrVMqOnyEw6lYtfnOijp35cWWNYkarWFEUT290tlx98YMUW6+XxvPWGu9XmulKI5s19gVa+yWW9dm/tL091V9gQunPCwJZHWQIDAQAB\n-----END PUBLIC KEY-----\n'}}
Device responded with: {'error_code': 0, 'result': {'key': 'fZKWky8byWBuG19yNnIdmtvB2eYeTYQLJAwAgw4M7D03iFd+Xlm22Ik5svIfWJoH55XflLEZ4Rsq3kBkwDYLNOkpnAGSmMwRolaih9+BVTdXfth85w4xSUf92QNBXW1re8DZC37OfKYpYGDUMpF/jfA3BW/GoNfpNM1t+ayd2iM='}}
Handshake with 192.168.100.112 complete
Posting to http://192.168.100.112/app
192.168.100.112: logged in with provided credentials
Posting to http://192.168.100.112/app?token=23C910C62936B0312C41E0422E72C073
Device 192.168.100.112 received an os error, enabling sequential request delay: Server disconnected
Device 192.168.100.112 got a connection error, will retry 3 times: ('Device connection error: 192.168.100.112: Server disconnected', ServerDisconnectedError('Server disconnected'))
192.168.100.112 multi-request-batch-1-of-1 >> '{"method":"multipleRequest","request_time_milis":1744364612869,"terminal_uuid":"hbtyzJRuw1U96c1Zl+1tWQ==","params":{"requests":[{"method":"component_nego"},{"method":"get_device_info"},{"method":"get_connect_cloud_state"}]}}'
Device 192.168.100.112 waiting 0.25 seconds to send request
Posting to http://192.168.100.112/app?token=23C910C62936B0312C41E0422E72C073
192.168.100.112 multi-request-batch-1-of-1 << {'error_code': 0,
 'result': {'responses': [{'error_code': 0,
                           'method': 'component_nego',
                           'result': {'component_list': [{'id': 'device',
                                                          'ver_code': 2},
                                                         {'id': 'firmware',
                                                          'ver_code': 1},
                                                         {'id': 'quick_setup',
                                                          'ver_code': 3},
                                                         {'id': 'time',
                                                          'ver_code': 1},
                                                         {'id': 'wireless',
                                                          'ver_code': 1},
                                                         {'id': 'schedule',
                                                          'ver_code': 2},
                                                         {'id': 'countdown',
                                                          'ver_code': 2},
                                                         {'id': 'antitheft',
                                                          'ver_code': 1},
                                                         {'id': 'account',
                                                          'ver_code': 1},
                                                         {'id': 'synchronize',
                                                          'ver_code': 1},
                                                         {'id': 'sunrise_sunset',
                                                          'ver_code': 1},
                                                         {'id': 'led',
                                                          'ver_code': 1},
                                                         {'id': 'cloud_connect',
                                                          'ver_code': 1},
                                                         {'id': 'iot_cloud',
                                                          'ver_code': 1},
                                                         {'id': 'default_states',
                                                          'ver_code': 1}]}},
                          {'error_code': 0,
                           'method': 'get_device_info',
                           'result': {'avatar': 'plug',
                                      'default_states': {'state': {},
                                                         'type': 'last_states'},
                                      'device_id': 'REDACTED_DB80F24B353338FA05BB18C1C486215',
                                      'device_on': False,
                                      'fw_id': 'REDACTED_A25ABDE41405B20C6F98816',
                                      'fw_ver': '1.3.7 Build 20230711 Rel. '
                                                '61904',
                                      'has_set_location_info': True,
                                      'hw_id': 'REDACTED_5B29645B8150C392284029D',
                                      'hw_ver': '1.0.0',
                                      'ip': '192.168.100.112',
                                      'lang': '',
                                      'latitude': 0,
                                      'location': '',
                                      'longitude': 0,
                                      'mac': '74-DA-88-00-00-00',
                                      'model': 'P100',
                                      'nickname': 'I01BU0tFRF9OQU1FIw==',
                                      'oem_id': 'REDACTED_06C60A9AEEA36A3347B6EBC',
                                      'on_time': 0,
                                      'overheated': False,
                                      'region': 'Europe/Rome',
                                      'rssi': -48,
                                      'signal_level': 3,
                                      'specs': 'EU',
                                      'ssid': 'I01BU0tFRF9TU0lEIw==',
                                      'time_diff': 60,
                                      'type': 'SMART.TAPOPLUG'}},
                          {'error_code': 0,
                           'method': 'get_connect_cloud_state',
                           'result': {'status': 0}}]}}
Device 192.168.100.112, found required cloud_connect, adding Cloud to modules.
Device 192.168.100.112, found required device, adding DeviceModule to modules.
Device 192.168.100.112, found required firmware, adding Firmware to modules.
Device 192.168.100.112, found required led, adding Led to modules.
Device 192.168.100.112, found required None, adding OverheatProtection to modules.
Device 192.168.100.112, found required time, adding Time to modules.
Querying 192.168.100.112 for modules: Time, Led
192.168.100.112 multi-request-batch-1-of-1 >> '{"method":"multipleRequest","request_time_milis":1744364613228,"terminal_uuid":"hbtyzJRuw1U96c1Zl+1tWQ==","params":{"requests":[{"method":"get_device_time"},{"method":"get_led_info"}]}}'
Device 192.168.100.112 waiting 0.23499999998603016 seconds to send request
Posting to http://192.168.100.112/app?token=23C910C62936B0312C41E0422E72C073
192.168.100.112 multi-request-batch-1-of-1 << {'error_code': 0,
 'result': {'responses': [{'error_code': 0,
                           'method': 'get_device_time',
                           'result': {'region': 'Europe/Rome',
                                      'time_diff': 60,
                                      'timestamp': 1744364613}},
                          {'error_code': 0,
                           'method': 'get_led_info',
                           'result': {'led_rule': 'always',
                                      'led_status': False,
                                      'night_mode': {'end_time': 0,
                                                     'night_mode_type': 'unknown',
                                                     'start_time': 0,
                                                     'sunrise_offset': 0,
                                                     'sunset_offset': 0}}}]}}
Update completed 192.168.100.112: ['component_nego', 'get_device_info', 'get_connect_cloud_state', 'get_device_time', 'get_led_info']
Switching status
Using proactor: IocpProactor
[DISCOVERY] 192.168.100.112 >> {'system': {'get_sysinfo': {}}}
Waiting a total of 5 seconds for responses...
Using SmartDevice for SMART.TAPOPLUG
Finding protocol for 192.168.100.112
Finding protocol for DeviceFamily.SmartTapoPlug
Finding transport for SMART.AES
Created AES transport for 192.168.100.112
[DISCOVERY] 192.168.100.112 << {'error_code': 0,
 'result': {'device_id': 'REDACTED_c913ec3cd97a6bec2fbb1ee',
            'device_model': 'P100',
            'device_type': 'SMART.TAPOPLUG',
            'factory_default': False,
            'ip': '192.168.100.112',
            'is_support_iot_cloud': True,
            'mac': '74-DA-88-00-00-00',
            'mgt_encrypt_schm': {'encrypt_type': 'AES',
                                 'http_port': 80,
                                 'is_support_https': False,
                                 'lv': 2},
            'owner': 'REDACTED_19347acd812465188388075'}}
Initializing 192.168.100.112 of type <class 'kasa.smart.smartdevice.SmartDevice'>
192.168.100.112 >> '{"method":"set_device_info","request_time_milis":1744364620591,"terminal_uuid":"YWLLtl/qJ2JdVBqsuVObGA==","params":{"device_on":false}}'
Will perform handshaking...
Posting to http://192.168.100.112/app
Generating keypair
Handshake request: {'method': 'handshake', 'params': {'key': '-----BEGIN PUBLIC KEY-----\nMIGfMA0GCSqGSIb3DQEBAQUAA4GNADCBiQKBgQDXz8Gv0UFgxwzuY9evwS5nBAokvV83TG2mv1p64sN2gOnVLr/z9nNe2C592SmmN2KQRie6GALJDS+h0pP2ufqdHhaIyXU9Ph8EeldK9D8yOd7gT4gNHy404Vlmyc9dyKeyR52xVpgJlMy7jTfFs7mkAMTEwT7pqQLh2T79c5Q8VQIDAQAB\n-----END PUBLIC KEY-----\n'}}
Device responded with: {'error_code': 0, 'result': {'key': 'qlYzgwi29IJ8q2Xz4S/cRezeBW6uWDW2++Ne+ZlGUORCIaYLyhezx58HOAPOgpJs2y9+Lwk4OUBbsWrE/REOmOGyQhG2lC8KknuP1Qyf1GTTlOVbBO6M61fEXE91E3Rq0+QKtDY/YED58Dwk79LHf6XNlJgZconTpWHL2rEBvYM='}}
Handshake with 192.168.100.112 complete
Posting to http://192.168.100.112/app
192.168.100.112: logged in with provided credentials
Posting to http://192.168.100.112/app?token=ED5AC65E771E6A1CB23C343D582D9B2D
Device 192.168.100.112 received an os error, enabling sequential request delay: Server disconnected
Device 192.168.100.112 got a connection error, will retry 3 times: ('Device connection error: 192.168.100.112: Server disconnected', ServerDisconnectedError('Server disconnected'))
192.168.100.112 >> '{"method":"set_device_info","request_time_milis":1744364620760,"terminal_uuid":"YWLLtl/qJ2JdVBqsuVObGA==","params":{"device_on":false}}'
Device 192.168.100.112 waiting 0.25 seconds to send request
Posting to http://192.168.100.112/app?token=ED5AC65E771E6A1CB23C343D582D9B2D
192.168.100.112 << {'error_code': 0}
192.168.100.112 multi-request-batch-1-of-1 >> '{"method":"multipleRequest","request_time_milis":1744364621583,"terminal_uuid":"YWLLtl/qJ2JdVBqsuVObGA==","params":{"requests":[{"method":"component_nego"},{"method":"get_device_info"},{"method":"get_connect_cloud_state"}]}}'
Posting to http://192.168.100.112/app?token=ED5AC65E771E6A1CB23C343D582D9B2D
192.168.100.112 multi-request-batch-1-of-1 << {'error_code': 0,
 'result': {'responses': [{'error_code': 0,
                           'method': 'component_nego',
                           'result': {'component_list': [{'id': 'device',
                                                          'ver_code': 2},
                                                         {'id': 'firmware',
                                                          'ver_code': 1},
                                                         {'id': 'quick_setup',
                                                          'ver_code': 3},
                                                         {'id': 'time',
                                                          'ver_code': 1},
                                                         {'id': 'wireless',
                                                          'ver_code': 1},
                                                         {'id': 'schedule',
                                                          'ver_code': 2},
                                                         {'id': 'countdown',
                                                          'ver_code': 2},
                                                         {'id': 'antitheft',
                                                          'ver_code': 1},
                                                         {'id': 'account',
                                                          'ver_code': 1},
                                                         {'id': 'synchronize',
                                                          'ver_code': 1},
                                                         {'id': 'sunrise_sunset',
                                                          'ver_code': 1},
                                                         {'id': 'led',
                                                          'ver_code': 1},
                                                         {'id': 'cloud_connect',
                                                          'ver_code': 1},
                                                         {'id': 'iot_cloud',
                                                          'ver_code': 1},
                                                         {'id': 'default_states',
                                                          'ver_code': 1}]}},
                          {'error_code': 0,
                           'method': 'get_device_info',
                           'result': {'avatar': 'plug',
                                      'default_states': {'state': {},
                                                         'type': 'last_states'},
                                      'device_id': 'REDACTED_DB80F24B353338FA05BB18C1C486215',
                                      'device_on': False,
                                      'fw_id': 'REDACTED_A25ABDE41405B20C6F98816',
                                      'fw_ver': '1.3.7 Build 20230711 Rel. '
                                                '61904',
                                      'has_set_location_info': True,
                                      'hw_id': 'REDACTED_5B29645B8150C392284029D',
                                      'hw_ver': '1.0.0',
                                      'ip': '192.168.100.112',
                                      'lang': '',
                                      'latitude': 0,
                                      'location': '',
                                      'longitude': 0,
                                      'mac': '74-DA-88-00-00-00',
                                      'model': 'P100',
                                      'nickname': 'I01BU0tFRF9OQU1FIw==',
                                      'oem_id': 'REDACTED_06C60A9AEEA36A3347B6EBC',
                                      'on_time': 0,
                                      'overheated': False,
                                      'region': 'Europe/Rome',
                                      'rssi': -48,
                                      'signal_level': 3,
                                      'specs': 'EU',
                                      'ssid': 'I01BU0tFRF9TU0lEIw==',
                                      'time_diff': 60,
                                      'type': 'SMART.TAPOPLUG'}},
                          {'error_code': 0,
                           'method': 'get_connect_cloud_state',
                           'result': {'status': 0}}]}}
Device 192.168.100.112, found required cloud_connect, adding Cloud to modules.
Device 192.168.100.112, found required device, adding DeviceModule to modules.
Device 192.168.100.112, found required firmware, adding Firmware to modules.
Device 192.168.100.112, found required led, adding Led to modules.
Device 192.168.100.112, found required None, adding OverheatProtection to modules.
Device 192.168.100.112, found required time, adding Time to modules.
Querying 192.168.100.112 for modules: Time, Led
192.168.100.112 multi-request-batch-1-of-1 >> '{"method":"multipleRequest","request_time_milis":1744364621670,"terminal_uuid":"YWLLtl/qJ2JdVBqsuVObGA==","params":{"requests":[{"method":"get_device_time"},{"method":"get_led_info"}]}}'
Device 192.168.100.112 waiting 0.23399999999674037 seconds to send request
Posting to http://192.168.100.112/app?token=ED5AC65E771E6A1CB23C343D582D9B2D
192.168.100.112 multi-request-batch-1-of-1 << {'error_code': 0,
 'result': {'responses': [{'error_code': 0,
                           'method': 'get_device_time',
                           'result': {'region': 'Europe/Rome',
                                      'time_diff': 60,
                                      'timestamp': 1744364621}},
                          {'error_code': 0,
                           'method': 'get_led_info',
                           'result': {'led_rule': 'always',
                                      'led_status': False,
                                      'night_mode': {'end_time': 0,
                                                     'night_mode_type': 'unknown',
                                                     'start_time': 0,
                                                     'sunrise_offset': 0,
                                                     'sunset_offset': 0}}}]}}
Update completed 192.168.100.112: ['component_nego', 'get_device_info', 'get_connect_cloud_state', 'get_device_time', 'get_led_info']
False
Unclosed client session
client_session: <aiohttp.client.ClientSession object at 0x0000024F4CF425A0>
Unclosed connector
connections: ['deque([(<aiohttp.client_proto.ResponseHandler object at 0x0000024F4D0E4170>, 152814.984)])']
connector: <aiohttp.connector.TCPConnector object at 0x0000024F4CF42390>
Unclosed client session
client_session: <aiohttp.client.ClientSession object at 0x0000024F4CEE9880>
Unclosed connector
connections: ['deque([(<aiohttp.client_proto.ResponseHandler object at 0x0000024F4CF07B90>, 152781.734)])']
connector: <aiohttp.connector.TCPConnector object at 0x0000024F4CEE8FE0>
C:\Users\Davide\AppData\Local\I3Lab - Politecnico di Milano\Server SmartPlug\options.json
Discovery started...
Using proactor: IocpProactor
Listening on 127.0.0.1:7071
[DISCOVERY] 255.255.255.255 >> {'system': {'get_sysinfo': {}}}
Waiting 5 seconds for responses...
Using proactor: IocpProactor
Using SmartDevice for SMART.TAPOPLUG
Finding protocol for 192.168.100.112
Finding protocol for DeviceFamily.SmartTapoPlug
Finding transport for SMART.AES
Created AES transport for 192.168.100.112
[DISCOVERY] 192.168.100.112 << {'error_code': 0,
 'result': {'device_id': 'REDACTED_c913ec3cd97a6bec2fbb1ee',
            'device_model': 'P100',
            'device_type': 'SMART.TAPOPLUG',
            'factory_default': False,
            'ip': '192.168.100.112',
            'is_support_iot_cloud': True,
            'mac': '74-DA-88-00-00-00',
            'mgt_encrypt_schm': {'encrypt_type': 'AES',
                                 'http_port': 80,
                                 'is_support_https': False,
                                 'lv': 2},
            'owner': 'REDACTED_19347acd812465188388075'}}
Initializing 192.168.100.112 of type <class 'kasa.smart.smartdevice.SmartDevice'>
Discovery finished! Found: 1 device(s)
Discovered 1 devices
Using proactor: IocpProactor
[DISCOVERY] 192.168.100.112 >> {'system': {'get_sysinfo': {}}}
Waiting a total of 5 seconds for responses...
Using SmartDevice for SMART.TAPOPLUG
Finding protocol for 192.168.100.112
Finding protocol for DeviceFamily.SmartTapoPlug
Finding transport for SMART.AES
Created AES transport for 192.168.100.112
[DISCOVERY] 192.168.100.112 << {'error_code': 0,
 'result': {'device_id': 'REDACTED_c913ec3cd97a6bec2fbb1ee',
            'device_model': 'P100',
            'device_type': 'SMART.TAPOPLUG',
            'factory_default': False,
            'ip': '192.168.100.112',
            'is_support_iot_cloud': True,
            'mac': '74-DA-88-00-00-00',
            'mgt_encrypt_schm': {'encrypt_type': 'AES',
                                 'http_port': 80,
                                 'is_support_https': False,
                                 'lv': 2},
            'owner': 'REDACTED_19347acd812465188388075'}}
Initializing 192.168.100.112 of type <class 'kasa.smart.smartdevice.SmartDevice'>
192.168.100.112 multi-request-batch-1-of-1 >> '{"method":"multipleRequest","request_time_milis":1744364835185,"terminal_uuid":"RFGoqipHmdZuuJNPyEoqaw==","params":{"requests":[{"method":"component_nego"},{"method":"get_device_info"},{"method":"get_connect_cloud_state"}]}}'
Will perform handshaking...
Posting to http://192.168.100.112/app
Generating keypair
Handshake request: {'method': 'handshake', 'params': {'key': '-----BEGIN PUBLIC KEY-----\nMIGfMA0GCSqGSIb3DQEBAQUAA4GNADCBiQKBgQDAmqja9pnup5IkQtQka4UbYb9mS77STrq4Ck6LV4NlBG5u5MT/wxFbUze42eZ/bRKF37ZVQXBID3YfFwnnZlkIhvvBbbeSMrCaMtBGPzASJMPibxZn0zqMX6ZlDwH5CgUR/gcN3W9YDm7MnEqrz/fTDvYPALvj0MKdIEOC+9hIKwIDAQAB\n-----END PUBLIC KEY-----\n'}}
Device responded with: {'error_code': 0, 'result': {'key': 'kAf38KIl1INSyC8VIBxZOvOLKZRUGWkmEmHFCMXlpRUkMElSzqXQjXd2hIZtI5bqKIc3tBHN0KDvbCNXLN8z9uWCxbc/8ptnOQ62raGfoASID3TaJ39EkFPx7U++im9mWhPHACmjwdF62FnU9ERj5Ohma+FFvRZxQjiZDkx8jMo='}}
Handshake with 192.168.100.112 complete
Posting to http://192.168.100.112/app
192.168.100.112: logged in with provided credentials
Posting to http://192.168.100.112/app?token=1C929B99EF29AC2C9E7CBF7EAE5EBE5F
Device 192.168.100.112 received an os error, enabling sequential request delay: Server disconnected
Device 192.168.100.112 got a connection error, will retry 3 times: ('Device connection error: 192.168.100.112: Server disconnected', ServerDisconnectedError('Server disconnected'))
192.168.100.112 multi-request-batch-1-of-1 >> '{"method":"multipleRequest","request_time_milis":1744364835391,"terminal_uuid":"RFGoqipHmdZuuJNPyEoqaw==","params":{"requests":[{"method":"component_nego"},{"method":"get_device_info"},{"method":"get_connect_cloud_state"}]}}'
Device 192.168.100.112 waiting 0.25 seconds to send request
Posting to http://192.168.100.112/app?token=1C929B99EF29AC2C9E7CBF7EAE5EBE5F
192.168.100.112 multi-request-batch-1-of-1 << {'error_code': 0,
 'result': {'responses': [{'error_code': 0,
                           'method': 'component_nego',
                           'result': {'component_list': [{'id': 'device',
                                                          'ver_code': 2},
                                                         {'id': 'firmware',
                                                          'ver_code': 1},
                                                         {'id': 'quick_setup',
                                                          'ver_code': 3},
                                                         {'id': 'time',
                                                          'ver_code': 1},
                                                         {'id': 'wireless',
                                                          'ver_code': 1},
                                                         {'id': 'schedule',
                                                          'ver_code': 2},
                                                         {'id': 'countdown',
                                                          'ver_code': 2},
                                                         {'id': 'antitheft',
                                                          'ver_code': 1},
                                                         {'id': 'account',
                                                          'ver_code': 1},
                                                         {'id': 'synchronize',
                                                          'ver_code': 1},
                                                         {'id': 'sunrise_sunset',
                                                          'ver_code': 1},
                                                         {'id': 'led',
                                                          'ver_code': 1},
                                                         {'id': 'cloud_connect',
                                                          'ver_code': 1},
                                                         {'id': 'iot_cloud',
                                                          'ver_code': 1},
                                                         {'id': 'default_states',
                                                          'ver_code': 1}]}},
                          {'error_code': 0,
                           'method': 'get_device_info',
                           'result': {'avatar': 'plug',
                                      'default_states': {'state': {},
                                                         'type': 'last_states'},
                                      'device_id': 'REDACTED_DB80F24B353338FA05BB18C1C486215',
                                      'device_on': False,
                                      'fw_id': 'REDACTED_A25ABDE41405B20C6F98816',
                                      'fw_ver': '1.3.7 Build 20230711 Rel. '
                                                '61904',
                                      'has_set_location_info': True,
                                      'hw_id': 'REDACTED_5B29645B8150C392284029D',
                                      'hw_ver': '1.0.0',
                                      'ip': '192.168.100.112',
                                      'lang': '',
                                      'latitude': 0,
                                      'location': '',
                                      'longitude': 0,
                                      'mac': '74-DA-88-00-00-00',
                                      'model': 'P100',
                                      'nickname': 'I01BU0tFRF9OQU1FIw==',
                                      'oem_id': 'REDACTED_06C60A9AEEA36A3347B6EBC',
                                      'on_time': 0,
                                      'overheated': False,
                                      'region': 'Europe/Rome',
                                      'rssi': -45,
                                      'signal_level': 3,
                                      'specs': 'EU',
                                      'ssid': 'I01BU0tFRF9TU0lEIw==',
                                      'time_diff': 60,
                                      'type': 'SMART.TAPOPLUG'}},
                          {'error_code': 0,
                           'method': 'get_connect_cloud_state',
                           'result': {'status': 0}}]}}
Device 192.168.100.112, found required cloud_connect, adding Cloud to modules.
Device 192.168.100.112, found required device, adding DeviceModule to modules.
Device 192.168.100.112, found required firmware, adding Firmware to modules.
Device 192.168.100.112, found required led, adding Led to modules.
Device 192.168.100.112, found required None, adding OverheatProtection to modules.
Device 192.168.100.112, found required time, adding Time to modules.
Querying 192.168.100.112 for modules: Time, Led
192.168.100.112 multi-request-batch-1-of-1 >> '{"method":"multipleRequest","request_time_milis":1744364835761,"terminal_uuid":"RFGoqipHmdZuuJNPyEoqaw==","params":{"requests":[{"method":"get_device_time"},{"method":"get_led_info"}]}}'
Device 192.168.100.112 waiting 0.23499999998603016 seconds to send request
Posting to http://192.168.100.112/app?token=1C929B99EF29AC2C9E7CBF7EAE5EBE5F
192.168.100.112 multi-request-batch-1-of-1 << {'error_code': 0,
 'result': {'responses': [{'error_code': 0,
                           'method': 'get_device_time',
                           'result': {'region': 'Europe/Rome',
                                      'time_diff': 60,
                                      'timestamp': 1744364835}},
                          {'error_code': 0,
                           'method': 'get_led_info',
                           'result': {'led_rule': 'always',
                                      'led_status': False,
                                      'night_mode': {'end_time': 0,
                                                     'night_mode_type': 'unknown',
                                                     'start_time': 0,
                                                     'sunrise_offset': 0,
                                                     'sunset_offset': 0}}}]}}
Update completed 192.168.100.112: ['component_nego', 'get_device_info', 'get_connect_cloud_state', 'get_device_time', 'get_led_info']
[DISCOVERY] 192.168.100.112 >> {'system': {'get_sysinfo': {}}}
Waiting a total of 5 seconds for responses...
Using SmartDevice for SMART.TAPOPLUG
Finding protocol for 192.168.100.112
Finding protocol for DeviceFamily.SmartTapoPlug
Finding transport for SMART.AES
Created AES transport for 192.168.100.112
[DISCOVERY] 192.168.100.112 << {'error_code': 0,
 'result': {'device_id': 'REDACTED_c913ec3cd97a6bec2fbb1ee',
            'device_model': 'P100',
            'device_type': 'SMART.TAPOPLUG',
            'factory_default': False,
            'ip': '192.168.100.112',
            'is_support_iot_cloud': True,
            'mac': '74-DA-88-00-00-00',
            'mgt_encrypt_schm': {'encrypt_type': 'AES',
                                 'http_port': 80,
                                 'is_support_https': False,
                                 'lv': 2},
            'owner': 'REDACTED_19347acd812465188388075'}}
Initializing 192.168.100.112 of type <class 'kasa.smart.smartdevice.SmartDevice'>
192.168.100.112 >> '{"method":"set_device_info","request_time_milis":1744364847940,"terminal_uuid":"xXXapfEYeElsZ6AI57lKRA==","params":{"device_on":true}}'
Will perform handshaking...
Posting to http://192.168.100.112/app
Generating keypair
Handshake request: {'method': 'handshake', 'params': {'key': '-----BEGIN PUBLIC KEY-----\nMIGfMA0GCSqGSIb3DQEBAQUAA4GNADCBiQKBgQDBupKZtEUMcKkH+pT14XrCMngFFCSBqfUI7OjaSoToxInInHPjvDU5HtpIzvoZWXz4SU6H5owa2QEcaRARk71ZhbrZcMvzAKsC5MbOvDUfigqx8TxPCvhqoGYHhZP6Ff7aZZH07UC1JlAvZsLmZKj26v54REMEmCDhCPvp/ipmbQIDAQAB\n-----END PUBLIC KEY-----\n'}}
Device responded with: {'error_code': 0, 'result': {'key': 'EtCToz7nJjczRgJCfaYPA0uiIlaUnOM5qvfqNl2kHH6+3VqefV/ergj2lOZIWfsteN2Li8jCg3Mhu/dYSYjvE2Y/03RFUaz6wGN7e9wgc1XR6ss5rpqrgXinqxXH5cE3AhjUqbbWgOBvrqicfOSjezYrJvootvN9eLN1q16E4q0='}}
Handshake with 192.168.100.112 complete
Posting to http://192.168.100.112/app
192.168.100.112: logged in with provided credentials
Posting to http://192.168.100.112/app?token=8A4E7F492839523AF90A4C0B111BCB1B
Device 192.168.100.112 received an os error, enabling sequential request delay: Server disconnected
Device 192.168.100.112 got a connection error, will retry 3 times: ('Device connection error: 192.168.100.112: Server disconnected', ServerDisconnectedError('Server disconnected'))
192.168.100.112 >> '{"method":"set_device_info","request_time_milis":1744364848050,"terminal_uuid":"xXXapfEYeElsZ6AI57lKRA==","params":{"device_on":true}}'
Device 192.168.100.112 waiting 0.25 seconds to send request
Posting to http://192.168.100.112/app?token=8A4E7F492839523AF90A4C0B111BCB1B
192.168.100.112 << {'error_code': 0}
192.168.100.112 multi-request-batch-1-of-1 >> '{"method":"multipleRequest","request_time_milis":1744364848940,"terminal_uuid":"xXXapfEYeElsZ6AI57lKRA==","params":{"requests":[{"method":"component_nego"},{"method":"get_device_info"},{"method":"get_connect_cloud_state"}]}}'
Posting to http://192.168.100.112/app?token=8A4E7F492839523AF90A4C0B111BCB1B
192.168.100.112 multi-request-batch-1-of-1 << {'error_code': 0,
 'result': {'responses': [{'error_code': 0,
                           'method': 'component_nego',
                           'result': {'component_list': [{'id': 'device',
                                                          'ver_code': 2},
                                                         {'id': 'firmware',
                                                          'ver_code': 1},
                                                         {'id': 'quick_setup',
                                                          'ver_code': 3},
                                                         {'id': 'time',
                                                          'ver_code': 1},
                                                         {'id': 'wireless',
                                                          'ver_code': 1},
                                                         {'id': 'schedule',
                                                          'ver_code': 2},
                                                         {'id': 'countdown',
                                                          'ver_code': 2},
                                                         {'id': 'antitheft',
                                                          'ver_code': 1},
                                                         {'id': 'account',
                                                          'ver_code': 1},
                                                         {'id': 'synchronize',
                                                          'ver_code': 1},
                                                         {'id': 'sunrise_sunset',
                                                          'ver_code': 1},
                                                         {'id': 'led',
                                                          'ver_code': 1},
                                                         {'id': 'cloud_connect',
                                                          'ver_code': 1},
                                                         {'id': 'iot_cloud',
                                                          'ver_code': 1},
                                                         {'id': 'default_states',
                                                          'ver_code': 1}]}},
                          {'error_code': 0,
                           'method': 'get_device_info',
                           'result': {'avatar': 'plug',
                                      'default_states': {'state': {},
                                                         'type': 'last_states'},
                                      'device_id': 'REDACTED_DB80F24B353338FA05BB18C1C486215',
                                      'device_on': True,
                                      'fw_id': 'REDACTED_A25ABDE41405B20C6F98816',
                                      'fw_ver': '1.3.7 Build 20230711 Rel. '
                                                '61904',
                                      'has_set_location_info': True,
                                      'hw_id': 'REDACTED_5B29645B8150C392284029D',
                                      'hw_ver': '1.0.0',
                                      'ip': '192.168.100.112',
                                      'lang': '',
                                      'latitude': 0,
                                      'location': '',
                                      'longitude': 0,
                                      'mac': '74-DA-88-00-00-00',
                                      'model': 'P100',
                                      'nickname': 'I01BU0tFRF9OQU1FIw==',
                                      'oem_id': 'REDACTED_06C60A9AEEA36A3347B6EBC',
                                      'on_time': 0,
                                      'overheated': False,
                                      'region': 'Europe/Rome',
                                      'rssi': -45,
                                      'signal_level': 3,
                                      'specs': 'EU',
                                      'ssid': 'I01BU0tFRF9TU0lEIw==',
                                      'time_diff': 60,
                                      'type': 'SMART.TAPOPLUG'}},
                          {'error_code': 0,
                           'method': 'get_connect_cloud_state',
                           'result': {'status': 0}}]}}
Device 192.168.100.112, found required cloud_connect, adding Cloud to modules.
Device 192.168.100.112, found required device, adding DeviceModule to modules.
Device 192.168.100.112, found required firmware, adding Firmware to modules.
Device 192.168.100.112, found required led, adding Led to modules.
Device 192.168.100.112, found required None, adding OverheatProtection to modules.
Device 192.168.100.112, found required time, adding Time to modules.
Querying 192.168.100.112 for modules: Time, Led
192.168.100.112 multi-request-batch-1-of-1 >> '{"method":"multipleRequest","request_time_milis":1744364849115,"terminal_uuid":"xXXapfEYeElsZ6AI57lKRA==","params":{"requests":[{"method":"get_device_time"},{"method":"get_led_info"}]}}'
Device 192.168.100.112 waiting 0.25 seconds to send request
Posting to http://192.168.100.112/app?token=8A4E7F492839523AF90A4C0B111BCB1B
192.168.100.112 multi-request-batch-1-of-1 << {'error_code': 0,
 'result': {'responses': [{'error_code': 0,
                           'method': 'get_device_time',
                           'result': {'region': 'Europe/Rome',
                                      'time_diff': 60,
                                      'timestamp': 1744364849}},
                          {'error_code': 0,
                           'method': 'get_led_info',
                           'result': {'led_rule': 'always',
                                      'led_status': True,
                                      'night_mode': {'end_time': 0,
                                                     'night_mode_type': 'unknown',
                                                     'start_time': 0,
                                                     'sunrise_offset': 0,
                                                     'sunset_offset': 0}}}]}}
Update completed 192.168.100.112: ['component_nego', 'get_device_info', 'get_connect_cloud_state', 'get_device_time', 'get_led_info']
Switching status
Using proactor: IocpProactor
[DISCOVERY] 192.168.100.112 >> {'system': {'get_sysinfo': {}}}
Waiting a total of 5 seconds for responses...
Using SmartDevice for SMART.TAPOPLUG
Finding protocol for 192.168.100.112
Finding protocol for DeviceFamily.SmartTapoPlug
Finding transport for SMART.AES
Created AES transport for 192.168.100.112
[DISCOVERY] 192.168.100.112 << {'error_code': 0,
 'result': {'device_id': 'REDACTED_c913ec3cd97a6bec2fbb1ee',
            'device_model': 'P100',
            'device_type': 'SMART.TAPOPLUG',
            'factory_default': False,
            'ip': '192.168.100.112',
            'is_support_iot_cloud': True,
            'mac': '74-DA-88-00-00-00',
            'mgt_encrypt_schm': {'encrypt_type': 'AES',
                                 'http_port': 80,
                                 'is_support_https': False,
                                 'lv': 2},
            'owner': 'REDACTED_19347acd812465188388075'}}
Initializing 192.168.100.112 of type <class 'kasa.smart.smartdevice.SmartDevice'>
192.168.100.112 >> '{"method":"set_device_info","request_time_milis":1744364858384,"terminal_uuid":"g9xLV1dxLCKUSted7LBccQ==","params":{"device_on":true}}'
Will perform handshaking...
Posting to http://192.168.100.112/app
Generating keypair
Handshake request: {'method': 'handshake', 'params': {'key': '-----BEGIN PUBLIC KEY-----\nMIGfMA0GCSqGSIb3DQEBAQUAA4GNADCBiQKBgQC9mxKoAGYF4+XiH3QhzSQ+3suao+4UHFxu1juGi51m1blVQ1lK1CBnDXcnNsmTk+N7IvR5JaZLfJU++hRzlS1RYYcEfXNXeue6CwoqgewZARF9vfGeJBS21hqMxIXSCSMnL6QjFVTcTV/z95QCfFBU0s1nBszkEsnnyHpvmZw6awIDAQAB\n-----END PUBLIC KEY-----\n'}}
Device responded with: {'error_code': 0, 'result': {'key': 'ju8Wk6RPjB5nrhYtVa9IL6HRbVqKbvWwfews1r8MNw3pn5dvSk3i+zQdcJ4j4gEtSDTtVNoBJXTpKgwchSNTc5w1sW/CQXWkWK7K74Cgv9njKVka/ARwgcvu1M75wdEOjd0g3HVPac3uVWP3qoYbDgDQY927FhVl9HWDnO12pPE='}}
Handshake with 192.168.100.112 complete
Posting to http://192.168.100.112/app
192.168.100.112: logged in with provided credentials
Posting to http://192.168.100.112/app?token=FEE7CCEFED6FF46B6C2BE02924096A08
Device 192.168.100.112 received an os error, enabling sequential request delay: Server disconnected
Device 192.168.100.112 got a connection error, will retry 3 times: ('Device connection error: 192.168.100.112: Server disconnected', ServerDisconnectedError('Server disconnected'))
192.168.100.112 >> '{"method":"set_device_info","request_time_milis":1744364858667,"terminal_uuid":"g9xLV1dxLCKUSted7LBccQ==","params":{"device_on":true}}'
Device 192.168.100.112 waiting 0.25 seconds to send request
Posting to http://192.168.100.112/app?token=FEE7CCEFED6FF46B6C2BE02924096A08
192.168.100.112 << {'error_code': 0}
192.168.100.112 multi-request-batch-1-of-1 >> '{"method":"multipleRequest","request_time_milis":1744364859483,"terminal_uuid":"g9xLV1dxLCKUSted7LBccQ==","params":{"requests":[{"method":"component_nego"},{"method":"get_device_info"},{"method":"get_connect_cloud_state"}]}}'
Posting to http://192.168.100.112/app?token=FEE7CCEFED6FF46B6C2BE02924096A08
192.168.100.112 multi-request-batch-1-of-1 << {'error_code': 0,
 'result': {'responses': [{'error_code': 0,
                           'method': 'component_nego',
                           'result': {'component_list': [{'id': 'device',
                                                          'ver_code': 2},
                                                         {'id': 'firmware',
                                                          'ver_code': 1},
                                                         {'id': 'quick_setup',
                                                          'ver_code': 3},
                                                         {'id': 'time',
                                                          'ver_code': 1},
                                                         {'id': 'wireless',
                                                          'ver_code': 1},
                                                         {'id': 'schedule',
                                                          'ver_code': 2},
                                                         {'id': 'countdown',
                                                          'ver_code': 2},
                                                         {'id': 'antitheft',
                                                          'ver_code': 1},
                                                         {'id': 'account',
                                                          'ver_code': 1},
                                                         {'id': 'synchronize',
                                                          'ver_code': 1},
                                                         {'id': 'sunrise_sunset',
                                                          'ver_code': 1},
                                                         {'id': 'led',
                                                          'ver_code': 1},
                                                         {'id': 'cloud_connect',
                                                          'ver_code': 1},
                                                         {'id': 'iot_cloud',
                                                          'ver_code': 1},
                                                         {'id': 'default_states',
                                                          'ver_code': 1}]}},
                          {'error_code': 0,
                           'method': 'get_device_info',
                           'result': {'avatar': 'plug',
                                      'default_states': {'state': {},
                                                         'type': 'last_states'},
                                      'device_id': 'REDACTED_DB80F24B353338FA05BB18C1C486215',
                                      'device_on': True,
                                      'fw_id': 'REDACTED_A25ABDE41405B20C6F98816',
                                      'fw_ver': '1.3.7 Build 20230711 Rel. '
                                                '61904',
                                      'has_set_location_info': True,
                                      'hw_id': 'REDACTED_5B29645B8150C392284029D',
                                      'hw_ver': '1.0.0',
                                      'ip': '192.168.100.112',
                                      'lang': '',
                                      'latitude': 0,
                                      'location': '',
                                      'longitude': 0,
                                      'mac': '74-DA-88-00-00-00',
                                      'model': 'P100',
                                      'nickname': 'I01BU0tFRF9OQU1FIw==',
                                      'oem_id': 'REDACTED_06C60A9AEEA36A3347B6EBC',
                                      'on_time': 11,
                                      'overheated': False,
                                      'region': 'Europe/Rome',
                                      'rssi': -43,
                                      'signal_level': 3,
                                      'specs': 'EU',
                                      'ssid': 'I01BU0tFRF9TU0lEIw==',
                                      'time_diff': 60,
                                      'type': 'SMART.TAPOPLUG'}},
                          {'error_code': 0,
                           'method': 'get_connect_cloud_state',
                           'result': {'status': 0}}]}}
Device 192.168.100.112, found required cloud_connect, adding Cloud to modules.
Device 192.168.100.112, found required device, adding DeviceModule to modules.
Device 192.168.100.112, found required firmware, adding Firmware to modules.
Device 192.168.100.112, found required led, adding Led to modules.
Device 192.168.100.112, found required None, adding OverheatProtection to modules.
Device 192.168.100.112, found required time, adding Time to modules.
Querying 192.168.100.112 for modules: Time, Led
192.168.100.112 multi-request-batch-1-of-1 >> '{"method":"multipleRequest","request_time_milis":1744364859568,"terminal_uuid":"g9xLV1dxLCKUSted7LBccQ==","params":{"requests":[{"method":"get_device_time"},{"method":"get_led_info"}]}}'
Device 192.168.100.112 waiting 0.25 seconds to send request
Posting to http://192.168.100.112/app?token=FEE7CCEFED6FF46B6C2BE02924096A08
192.168.100.112 multi-request-batch-1-of-1 << {'error_code': 0,
 'result': {'responses': [{'error_code': 0,
                           'method': 'get_device_time',
                           'result': {'region': 'Europe/Rome',
                                      'time_diff': 60,
                                      'timestamp': 1744364859}},
                          {'error_code': 0,
                           'method': 'get_led_info',
                           'result': {'led_rule': 'always',
                                      'led_status': True,
                                      'night_mode': {'end_time': 0,
                                                     'night_mode_type': 'unknown',
                                                     'start_time': 0,
                                                     'sunrise_offset': 0,
                                                     'sunset_offset': 0}}}]}}
Update completed 192.168.100.112: ['component_nego', 'get_device_info', 'get_connect_cloud_state', 'get_device_time', 'get_led_info']
False
Switching status
Using proactor: IocpProactor
[DISCOVERY] 192.168.100.112 >> {'system': {'get_sysinfo': {}}}
Waiting a total of 5 seconds for responses...
Using SmartDevice for SMART.TAPOPLUG
Finding protocol for 192.168.100.112
Finding protocol for DeviceFamily.SmartTapoPlug
Finding transport for SMART.AES
Created AES transport for 192.168.100.112
[DISCOVERY] 192.168.100.112 << {'error_code': 0,
 'result': {'device_id': 'REDACTED_c913ec3cd97a6bec2fbb1ee',
            'device_model': 'P100',
            'device_type': 'SMART.TAPOPLUG',
            'factory_default': False,
            'ip': '192.168.100.112',
            'is_support_iot_cloud': True,
            'mac': '74-DA-88-00-00-00',
            'mgt_encrypt_schm': {'encrypt_type': 'AES',
                                 'http_port': 80,
                                 'is_support_https': False,
                                 'lv': 2},
            'owner': 'REDACTED_19347acd812465188388075'}}
Initializing 192.168.100.112 of type <class 'kasa.smart.smartdevice.SmartDevice'>
192.168.100.112 >> '{"method":"set_device_info","request_time_milis":1744364935170,"terminal_uuid":"c/1HHtcsFz9C2rylHDI/WQ==","params":{"device_on":true}}'
Will perform handshaking...
Posting to http://192.168.100.112/app
Generating keypair
Handshake request: {'method': 'handshake', 'params': {'key': '-----BEGIN PUBLIC KEY-----\nMIGfMA0GCSqGSIb3DQEBAQUAA4GNADCBiQKBgQDm39pMDuriSDMWMDMaKdIhFKZbGSohpDSc7wyqx5JIa8LVO7cF4h+e+bnIQiEL3oTMUMedn49gwHBYRbieHvpWmPvU7UYZLeAjuFKngSZ+9niH0Sumdkz+BdHmb4mbqPFrBB9kSqtG6in7I2bUlkt5S6nCxj9Nely+OMTTRSHZmQIDAQAB\n-----END PUBLIC KEY-----\n'}}
Device responded with: {'error_code': 0, 'result': {'key': 'mRPTD/v1ixhzs1KO3Cz0JOSRzsuhVeTvHy9UmMQmyCjOgegsK9RQAophj1dYdb14mYnoChw+CT0y0ZOl4rTYt9QEYTTmfSS4d5zOXZamMEvFXSHdtb8/qnY7GUV7vYH8r9trqM4IlmM325S1H6wk3Im/D8dOinxp88BxEU9ZFDI='}}
Handshake with 192.168.100.112 complete
Posting to http://192.168.100.112/app
192.168.100.112: logged in with provided credentials
Posting to http://192.168.100.112/app?token=57AFF9A31C634365B1059E066F367037
Device 192.168.100.112 received an os error, enabling sequential request delay: Server disconnected
Device 192.168.100.112 got a connection error, will retry 3 times: ('Device connection error: 192.168.100.112: Server disconnected', ServerDisconnectedError('Server disconnected'))
192.168.100.112 >> '{"method":"set_device_info","request_time_milis":1744364935307,"terminal_uuid":"c/1HHtcsFz9C2rylHDI/WQ==","params":{"device_on":true}}'
Device 192.168.100.112 waiting 0.25 seconds to send request
Posting to http://192.168.100.112/app?token=57AFF9A31C634365B1059E066F367037
192.168.100.112 << {'error_code': 0}
192.168.100.112 multi-request-batch-1-of-1 >> '{"method":"multipleRequest","request_time_milis":1744364936140,"terminal_uuid":"c/1HHtcsFz9C2rylHDI/WQ==","params":{"requests":[{"method":"component_nego"},{"method":"get_device_info"},{"method":"get_connect_cloud_state"}]}}'
Posting to http://192.168.100.112/app?token=57AFF9A31C634365B1059E066F367037
192.168.100.112 multi-request-batch-1-of-1 << {'error_code': 0,
 'result': {'responses': [{'error_code': 0,
                           'method': 'component_nego',
                           'result': {'component_list': [{'id': 'device',
                                                          'ver_code': 2},
                                                         {'id': 'firmware',
                                                          'ver_code': 1},
                                                         {'id': 'quick_setup',
                                                          'ver_code': 3},
                                                         {'id': 'time',
                                                          'ver_code': 1},
                                                         {'id': 'wireless',
                                                          'ver_code': 1},
                                                         {'id': 'schedule',
                                                          'ver_code': 2},
                                                         {'id': 'countdown',
                                                          'ver_code': 2},
                                                         {'id': 'antitheft',
                                                          'ver_code': 1},
                                                         {'id': 'account',
                                                          'ver_code': 1},
                                                         {'id': 'synchronize',
                                                          'ver_code': 1},
                                                         {'id': 'sunrise_sunset',
                                                          'ver_code': 1},
                                                         {'id': 'led',
                                                          'ver_code': 1},
                                                         {'id': 'cloud_connect',
                                                          'ver_code': 1},
                                                         {'id': 'iot_cloud',
                                                          'ver_code': 1},
                                                         {'id': 'default_states',
                                                          'ver_code': 1}]}},
                          {'error_code': 0,
                           'method': 'get_device_info',
                           'result': {'avatar': 'plug',
                                      'default_states': {'state': {},
                                                         'type': 'last_states'},
                                      'device_id': 'REDACTED_DB80F24B353338FA05BB18C1C486215',
                                      'device_on': True,
                                      'fw_id': 'REDACTED_A25ABDE41405B20C6F98816',
                                      'fw_ver': '1.3.7 Build 20230711 Rel. '
                                                '61904',
                                      'has_set_location_info': True,
                                      'hw_id': 'REDACTED_5B29645B8150C392284029D',
                                      'hw_ver': '1.0.0',
                                      'ip': '192.168.100.112',
                                      'lang': '',
                                      'latitude': 0,
                                      'location': '',
                                      'longitude': 0,
                                      'mac': '74-DA-88-00-00-00',
                                      'model': 'P100',
                                      'nickname': 'I01BU0tFRF9OQU1FIw==',
                                      'oem_id': 'REDACTED_06C60A9AEEA36A3347B6EBC',
                                      'on_time': 88,
                                      'overheated': False,
                                      'region': 'Europe/Rome',
                                      'rssi': -43,
                                      'signal_level': 3,
                                      'specs': 'EU',
                                      'ssid': 'I01BU0tFRF9TU0lEIw==',
                                      'time_diff': 60,
                                      'type': 'SMART.TAPOPLUG'}},
                          {'error_code': 0,
                           'method': 'get_connect_cloud_state',
                           'result': {'status': 0}}]}}
Device 192.168.100.112, found required cloud_connect, adding Cloud to modules.
Device 192.168.100.112, found required device, adding DeviceModule to modules.
Device 192.168.100.112, found required firmware, adding Firmware to modules.
Device 192.168.100.112, found required led, adding Led to modules.
Device 192.168.100.112, found required None, adding OverheatProtection to modules.
Device 192.168.100.112, found required time, adding Time to modules.
Querying 192.168.100.112 for modules: Time, Led
192.168.100.112 multi-request-batch-1-of-1 >> '{"method":"multipleRequest","request_time_milis":1744364936222,"terminal_uuid":"c/1HHtcsFz9C2rylHDI/WQ==","params":{"requests":[{"method":"get_device_time"},{"method":"get_led_info"}]}}'
Device 192.168.100.112 waiting 0.25 seconds to send request
Posting to http://192.168.100.112/app?token=57AFF9A31C634365B1059E066F367037
192.168.100.112 multi-request-batch-1-of-1 << {'error_code': 0,
 'result': {'responses': [{'error_code': 0,
                           'method': 'get_device_time',
                           'result': {'region': 'Europe/Rome',
                                      'time_diff': 60,
                                      'timestamp': 1744364936}},
                          {'error_code': 0,
                           'method': 'get_led_info',
                           'result': {'led_rule': 'always',
                                      'led_status': True,
                                      'night_mode': {'end_time': 0,
                                                     'night_mode_type': 'unknown',
                                                     'start_time': 0,
                                                     'sunrise_offset': 0,
                                                     'sunset_offset': 0}}}]}}
Update completed 192.168.100.112: ['component_nego', 'get_device_info', 'get_connect_cloud_state', 'get_device_time', 'get_led_info']
False
Unclosed client session
client_session: <aiohttp.client.ClientSession object at 0x000002366E14AC30>
Unclosed connector
connections: ['deque([(<aiohttp.client_proto.ResponseHandler object at 0x000002366C8257F0>, 153037.531)])']
connector: <aiohttp.connector.TCPConnector object at 0x000002366E149790>
C:\Users\Davide\AppData\Local\I3Lab - Politecnico di Milano\Server SmartPlug\options.json
Discovery started...
Using proactor: IocpProactor
Listening on 127.0.0.1:7071
[DISCOVERY] 255.255.255.255 >> {'system': {'get_sysinfo': {}}}
Waiting 5 seconds for responses...
Using SmartDevice for SMART.TAPOPLUG
Finding protocol for 192.168.100.112
Finding protocol for DeviceFamily.SmartTapoPlug
Finding transport for SMART.AES
Created AES transport for 192.168.100.112
[DISCOVERY] 192.168.100.112 << {'error_code': 0,
 'result': {'device_id': 'REDACTED_c913ec3cd97a6bec2fbb1ee',
            'device_model': 'P100',
            'device_type': 'SMART.TAPOPLUG',
            'factory_default': False,
            'ip': '192.168.100.112',
            'is_support_iot_cloud': True,
            'mac': '74-DA-88-00-00-00',
            'mgt_encrypt_schm': {'encrypt_type': 'AES',
                                 'http_port': 80,
                                 'is_support_https': False,
                                 'lv': 2},
            'owner': 'REDACTED_19347acd812465188388075'}}
Initializing 192.168.100.112 of type <class 'kasa.smart.smartdevice.SmartDevice'>
Using proactor: IocpProactor
Discovery finished! Found: 1 device(s)
Discovered 1 devices
Using proactor: IocpProactor
[DISCOVERY] 192.168.100.112 >> {'system': {'get_sysinfo': {}}}
Waiting a total of 5 seconds for responses...
Using SmartDevice for SMART.TAPOPLUG
Finding protocol for 192.168.100.112
Finding protocol for DeviceFamily.SmartTapoPlug
Finding transport for SMART.AES
Created AES transport for 192.168.100.112
[DISCOVERY] 192.168.100.112 << {'error_code': 0,
 'result': {'device_id': 'REDACTED_c913ec3cd97a6bec2fbb1ee',
            'device_model': 'P100',
            'device_type': 'SMART.TAPOPLUG',
            'factory_default': False,
            'ip': '192.168.100.112',
            'is_support_iot_cloud': True,
            'mac': '74-DA-88-00-00-00',
            'mgt_encrypt_schm': {'encrypt_type': 'AES',
                                 'http_port': 80,
                                 'is_support_https': False,
                                 'lv': 2},
            'owner': 'REDACTED_19347acd812465188388075'}}
Initializing 192.168.100.112 of type <class 'kasa.smart.smartdevice.SmartDevice'>
192.168.100.112 multi-request-batch-1-of-1 >> '{"method":"multipleRequest","request_time_milis":1744364994105,"terminal_uuid":"gZV8MOOEFaRSlZ1oad1Ycw==","params":{"requests":[{"method":"component_nego"},{"method":"get_device_info"},{"method":"get_connect_cloud_state"}]}}'
Will perform handshaking...
Posting to http://192.168.100.112/app
Generating keypair
Handshake request: {'method': 'handshake', 'params': {'key': '-----BEGIN PUBLIC KEY-----\nMIGfMA0GCSqGSIb3DQEBAQUAA4GNADCBiQKBgQD+1SUwsHccFFPY32cPXLYuYeH258+zfsp0ISw0omxK7Ap+VriKUhJ8pmyYm6zT4qwoASekVM6yPWnrAVXjV9ZTC3Sp96yIEBeO2hL5dQPFE/cJx3Oh0TDgLgbhE2Zib1EEHlRfmwNc5e2BljCq9jPuGibnbvLsNiqz4iLbRoxnjQIDAQAB\n-----END PUBLIC KEY-----\n'}}
Device responded with: {'error_code': 0, 'result': {'key': 'yDeuy2Hkph5EgqsV23yXktJ3OwFFrAYhgVhiQ6RfHB3Rkn9xIBKGtCZBTMyB6bdj+yRvltu7d9PYF0NAH6jAjYGz+1lvhn0L9NTgWLp1NP41AMOnbnziWmKeNt2Iyj8r8du871ndgyF6USN8PXQu1DlkPmEIwVjfQ3HYQSKmcoc='}}
Handshake with 192.168.100.112 complete
Posting to http://192.168.100.112/app
192.168.100.112: logged in with provided credentials
Posting to http://192.168.100.112/app?token=32D09DD46094BF9641B6AEB759A72EA7
Device 192.168.100.112 received an os error, enabling sequential request delay: Server disconnected
Device 192.168.100.112 got a connection error, will retry 3 times: ('Device connection error: 192.168.100.112: Server disconnected', ServerDisconnectedError('Server disconnected'))
192.168.100.112 multi-request-batch-1-of-1 >> '{"method":"multipleRequest","request_time_milis":1744364994254,"terminal_uuid":"gZV8MOOEFaRSlZ1oad1Ycw==","params":{"requests":[{"method":"component_nego"},{"method":"get_device_info"},{"method":"get_connect_cloud_state"}]}}'
Device 192.168.100.112 waiting 0.25 seconds to send request
Posting to http://192.168.100.112/app?token=32D09DD46094BF9641B6AEB759A72EA7
192.168.100.112 multi-request-batch-1-of-1 << {'error_code': 0,
 'result': {'responses': [{'error_code': 0,
                           'method': 'component_nego',
                           'result': {'component_list': [{'id': 'device',
                                                          'ver_code': 2},
                                                         {'id': 'firmware',
                                                          'ver_code': 1},
                                                         {'id': 'quick_setup',
                                                          'ver_code': 3},
                                                         {'id': 'time',
                                                          'ver_code': 1},
                                                         {'id': 'wireless',
                                                          'ver_code': 1},
                                                         {'id': 'schedule',
                                                          'ver_code': 2},
                                                         {'id': 'countdown',
                                                          'ver_code': 2},
                                                         {'id': 'antitheft',
                                                          'ver_code': 1},
                                                         {'id': 'account',
                                                          'ver_code': 1},
                                                         {'id': 'synchronize',
                                                          'ver_code': 1},
                                                         {'id': 'sunrise_sunset',
                                                          'ver_code': 1},
                                                         {'id': 'led',
                                                          'ver_code': 1},
                                                         {'id': 'cloud_connect',
                                                          'ver_code': 1},
                                                         {'id': 'iot_cloud',
                                                          'ver_code': 1},
                                                         {'id': 'default_states',
                                                          'ver_code': 1}]}},
                          {'error_code': 0,
                           'method': 'get_device_info',
                           'result': {'avatar': 'plug',
                                      'default_states': {'state': {},
                                                         'type': 'last_states'},
                                      'device_id': 'REDACTED_DB80F24B353338FA05BB18C1C486215',
                                      'device_on': True,
                                      'fw_id': 'REDACTED_A25ABDE41405B20C6F98816',
                                      'fw_ver': '1.3.7 Build 20230711 Rel. '
                                                '61904',
                                      'has_set_location_info': True,
                                      'hw_id': 'REDACTED_5B29645B8150C392284029D',
                                      'hw_ver': '1.0.0',
                                      'ip': '192.168.100.112',
                                      'lang': '',
                                      'latitude': 0,
                                      'location': '',
                                      'longitude': 0,
                                      'mac': '74-DA-88-00-00-00',
                                      'model': 'P100',
                                      'nickname': 'I01BU0tFRF9OQU1FIw==',
                                      'oem_id': 'REDACTED_06C60A9AEEA36A3347B6EBC',
                                      'on_time': 146,
                                      'overheated': False,
                                      'region': 'Europe/Rome',
                                      'rssi': -43,
                                      'signal_level': 3,
                                      'specs': 'EU',
                                      'ssid': 'I01BU0tFRF9TU0lEIw==',
                                      'time_diff': 60,
                                      'type': 'SMART.TAPOPLUG'}},
                          {'error_code': 0,
                           'method': 'get_connect_cloud_state',
                           'result': {'status': 0}}]}}
Device 192.168.100.112, found required cloud_connect, adding Cloud to modules.
Device 192.168.100.112, found required device, adding DeviceModule to modules.
Device 192.168.100.112, found required firmware, adding Firmware to modules.
Device 192.168.100.112, found required led, adding Led to modules.
Device 192.168.100.112, found required None, adding OverheatProtection to modules.
Device 192.168.100.112, found required time, adding Time to modules.
Querying 192.168.100.112 for modules: Time, Led
192.168.100.112 multi-request-batch-1-of-1 >> '{"method":"multipleRequest","request_time_milis":1744364994604,"terminal_uuid":"gZV8MOOEFaRSlZ1oad1Ycw==","params":{"requests":[{"method":"get_device_time"},{"method":"get_led_info"}]}}'
Device 192.168.100.112 waiting 0.23499999998603016 seconds to send request
Posting to http://192.168.100.112/app?token=32D09DD46094BF9641B6AEB759A72EA7
192.168.100.112 multi-request-batch-1-of-1 << {'error_code': 0,
 'result': {'responses': [{'error_code': 0,
                           'method': 'get_device_time',
                           'result': {'region': 'Europe/Rome',
                                      'time_diff': 60,
                                      'timestamp': 1744364994}},
                          {'error_code': 0,
                           'method': 'get_led_info',
                           'result': {'led_rule': 'always',
                                      'led_status': True,
                                      'night_mode': {'end_time': 0,
                                                     'night_mode_type': 'unknown',
                                                     'start_time': 0,
                                                     'sunrise_offset': 0,
                                                     'sunset_offset': 0}}}]}}
Update completed 192.168.100.112: ['component_nego', 'get_device_info', 'get_connect_cloud_state', 'get_device_time', 'get_led_info']
Switching status
True
Using proactor: IocpProactor
[DISCOVERY] 192.168.100.112 >> {'system': {'get_sysinfo': {}}}
Waiting a total of 5 seconds for responses...
Using SmartDevice for SMART.TAPOPLUG
Finding protocol for 192.168.100.112
Finding protocol for DeviceFamily.SmartTapoPlug
Finding transport for SMART.AES
Created AES transport for 192.168.100.112
[DISCOVERY] 192.168.100.112 << {'error_code': 0,
 'result': {'device_id': 'REDACTED_c913ec3cd97a6bec2fbb1ee',
            'device_model': 'P100',
            'device_type': 'SMART.TAPOPLUG',
            'factory_default': False,
            'ip': '192.168.100.112',
            'is_support_iot_cloud': True,
            'mac': '74-DA-88-00-00-00',
            'mgt_encrypt_schm': {'encrypt_type': 'AES',
                                 'http_port': 80,
                                 'is_support_https': False,
                                 'lv': 2},
            'owner': 'REDACTED_19347acd812465188388075'}}
Initializing 192.168.100.112 of type <class 'kasa.smart.smartdevice.SmartDevice'>
192.168.100.112 >> '{"method":"set_device_info","request_time_milis":1744365000362,"terminal_uuid":"Lu9uQKXDGOCd62jOYQLiGw==","params":{"device_on":false}}'
Will perform handshaking...
Posting to http://192.168.100.112/app
Generating keypair
Handshake request: {'method': 'handshake', 'params': {'key': '-----BEGIN PUBLIC KEY-----\nMIGfMA0GCSqGSIb3DQEBAQUAA4GNADCBiQKBgQCzUCTBqXYzJ1NavdvNZBSSeEoQOBmAdZLG1ZsCm0pGOL6BnePeCmJMiG6cb3lpNhpk/1J8Lhuue/Kkj8YTI8GhggOrlH4LGVUAVQhdfPwEyZW3zPVNYm9quVBlk0w8/ytdBRtOli4r08E0sZeelEA1aFZkmssn2lhID+qFVQLy6QIDAQAB\n-----END PUBLIC KEY-----\n'}}
Device responded with: {'error_code': 0, 'result': {'key': 'CZd5vrR+YisG/i5Ew1uh8sTl1nQzVcHllPNKhVZKwgR4ESXABTqltmhsUx+6b4R+IcfsDOKHPTUDgxSNMTb5O1qDNUfD0+eajS2H8LGkQVgx3rFRFPSAN6gBW+KTEVr3Ch2ht3lF3yE7vCve8ZH8chEH1V5GW0LyOGraCVSojt0='}}
Handshake with 192.168.100.112 complete
Posting to http://192.168.100.112/app
192.168.100.112: logged in with provided credentials
Posting to http://192.168.100.112/app?token=CA38DA3CD27C5A7EDE5E925F504F764F
Device 192.168.100.112 received an os error, enabling sequential request delay: Server disconnected
Device 192.168.100.112 got a connection error, will retry 3 times: ('Device connection error: 192.168.100.112: Server disconnected', ServerDisconnectedError('Server disconnected'))
192.168.100.112 >> '{"method":"set_device_info","request_time_milis":1744365000513,"terminal_uuid":"Lu9uQKXDGOCd62jOYQLiGw==","params":{"device_on":false}}'
Device 192.168.100.112 waiting 0.25 seconds to send request
Posting to http://192.168.100.112/app?token=CA38DA3CD27C5A7EDE5E925F504F764F
192.168.100.112 << {'error_code': 0}
192.168.100.112 multi-request-batch-1-of-1 >> '{"method":"multipleRequest","request_time_milis":1744365001405,"terminal_uuid":"Lu9uQKXDGOCd62jOYQLiGw==","params":{"requests":[{"method":"component_nego"},{"method":"get_device_info"},{"method":"get_connect_cloud_state"}]}}'
Posting to http://192.168.100.112/app?token=CA38DA3CD27C5A7EDE5E925F504F764F
192.168.100.112 multi-request-batch-1-of-1 << {'error_code': 0,
 'result': {'responses': [{'error_code': 0,
                           'method': 'component_nego',
                           'result': {'component_list': [{'id': 'device',
                                                          'ver_code': 2},
                                                         {'id': 'firmware',
                                                          'ver_code': 1},
                                                         {'id': 'quick_setup',
                                                          'ver_code': 3},
                                                         {'id': 'time',
                                                          'ver_code': 1},
                                                         {'id': 'wireless',
                                                          'ver_code': 1},
                                                         {'id': 'schedule',
                                                          'ver_code': 2},
                                                         {'id': 'countdown',
                                                          'ver_code': 2},
                                                         {'id': 'antitheft',
                                                          'ver_code': 1},
                                                         {'id': 'account',
                                                          'ver_code': 1},
                                                         {'id': 'synchronize',
                                                          'ver_code': 1},
                                                         {'id': 'sunrise_sunset',
                                                          'ver_code': 1},
                                                         {'id': 'led',
                                                          'ver_code': 1},
                                                         {'id': 'cloud_connect',
                                                          'ver_code': 1},
                                                         {'id': 'iot_cloud',
                                                          'ver_code': 1},
                                                         {'id': 'default_states',
                                                          'ver_code': 1}]}},
                          {'error_code': 0,
                           'method': 'get_device_info',
                           'result': {'avatar': 'plug',
                                      'default_states': {'state': {},
                                                         'type': 'last_states'},
                                      'device_id': 'REDACTED_DB80F24B353338FA05BB18C1C486215',
                                      'device_on': False,
                                      'fw_id': 'REDACTED_A25ABDE41405B20C6F98816',
                                      'fw_ver': '1.3.7 Build 20230711 Rel. '
                                                '61904',
                                      'has_set_location_info': True,
                                      'hw_id': 'REDACTED_5B29645B8150C392284029D',
                                      'hw_ver': '1.0.0',
                                      'ip': '192.168.100.112',
                                      'lang': '',
                                      'latitude': 0,
                                      'location': '',
                                      'longitude': 0,
                                      'mac': '74-DA-88-00-00-00',
                                      'model': 'P100',
                                      'nickname': 'I01BU0tFRF9OQU1FIw==',
                                      'oem_id': 'REDACTED_06C60A9AEEA36A3347B6EBC',
                                      'on_time': 0,
                                      'overheated': False,
                                      'region': 'Europe/Rome',
                                      'rssi': -43,
                                      'signal_level': 3,
                                      'specs': 'EU',
                                      'ssid': 'I01BU0tFRF9TU0lEIw==',
                                      'time_diff': 60,
                                      'type': 'SMART.TAPOPLUG'}},
                          {'error_code': 0,
                           'method': 'get_connect_cloud_state',
                           'result': {'status': 0}}]}}
Device 192.168.100.112, found required cloud_connect, adding Cloud to modules.
Device 192.168.100.112, found required device, adding DeviceModule to modules.
Device 192.168.100.112, found required firmware, adding Firmware to modules.
Device 192.168.100.112, found required led, adding Led to modules.
Device 192.168.100.112, found required None, adding OverheatProtection to modules.
Device 192.168.100.112, found required time, adding Time to modules.
Querying 192.168.100.112 for modules: Time, Led
192.168.100.112 multi-request-batch-1-of-1 >> '{"method":"multipleRequest","request_time_milis":1744365001508,"terminal_uuid":"Lu9uQKXDGOCd62jOYQLiGw==","params":{"requests":[{"method":"get_device_time"},{"method":"get_led_info"}]}}'
Device 192.168.100.112 waiting 0.23499999998603016 seconds to send request
Posting to http://192.168.100.112/app?token=CA38DA3CD27C5A7EDE5E925F504F764F
192.168.100.112 multi-request-batch-1-of-1 << {'error_code': 0,
 'result': {'responses': [{'error_code': 0,
                           'method': 'get_device_time',
                           'result': {'region': 'Europe/Rome',
                                      'time_diff': 60,
                                      'timestamp': 1744365001}},
                          {'error_code': 0,
                           'method': 'get_led_info',
                           'result': {'led_rule': 'always',
                                      'led_status': False,
                                      'night_mode': {'end_time': 0,
                                                     'night_mode_type': 'unknown',
                                                     'start_time': 0,
                                                     'sunrise_offset': 0,
                                                     'sunset_offset': 0}}}]}}
Update completed 192.168.100.112: ['component_nego', 'get_device_info', 'get_connect_cloud_state', 'get_device_time', 'get_led_info']
True
Unclosed client session
client_session: <aiohttp.client.ClientSession object at 0x0000011EDEC960C0>
Exception in default exception handler
Traceback (most recent call last):
  File "C:\Users\Davide\AppData\Local\Programs\Python\Python312\Lib\asyncio\base_events.py", line 1847, in call_exception_handler
    self.default_exception_handler(context)
  File "C:\Users\Davide\AppData\Local\Programs\Python\Python312\Lib\asyncio\base_events.py", line 1821, in default_exception_handler
    logger.error('\n'.join(log_lines), exc_info=exc_info)
  File "C:\Users\Davide\AppData\Local\Programs\Python\Python312\Lib\logging\__init__.py", line 1568, in error
    self._log(ERROR, msg, args, **kwargs)
  File "C:\Users\Davide\AppData\Local\Programs\Python\Python312\Lib\logging\__init__.py", line 1684, in _log
    self.handle(record)
  File "C:\Users\Davide\AppData\Local\Programs\Python\Python312\Lib\logging\__init__.py", line 1700, in handle
    self.callHandlers(record)
  File "C:\Users\Davide\AppData\Local\Programs\Python\Python312\Lib\logging\__init__.py", line 1762, in callHandlers
    hdlr.handle(record)
  File "C:\Users\Davide\Desktop\ServerSmartPlug\log_manager.py", line 16, in handle
    listener(record)
  File "C:\Users\Davide\Desktop\ServerSmartPlug\gui\windows.py", line 25, in _add_console_line
    self.console_text.configure(state='normal')
  File "C:\Users\Davide\AppData\Local\Programs\Python\Python312\Lib\tkinter\__init__.py", line 1722, in configure
    return self._configure('configure', cnf, kw)
           ^^^^^^^^^^^^^^^^^^^^^^^^^^^^^^^^^^^^^
  File "C:\Users\Davide\AppData\Local\Programs\Python\Python312\Lib\tkinter\__init__.py", line 1712, in _configure
    self.tk.call(_flatten((self._w, cmd)) + self._options(cnf))
_tkinter.TclError: invalid command name ".!frame4.!frame.!text"
Unclosed connector
connections: ['deque([(<aiohttp.client_proto.ResponseHandler object at 0x0000011EDEC5FB90>, 153196.359)])']
connector: <aiohttp.connector.TCPConnector object at 0x0000011EDEC96090>
Exception in default exception handler
Traceback (most recent call last):
  File "C:\Users\Davide\AppData\Local\Programs\Python\Python312\Lib\asyncio\base_events.py", line 1847, in call_exception_handler
    self.default_exception_handler(context)
  File "C:\Users\Davide\AppData\Local\Programs\Python\Python312\Lib\asyncio\base_events.py", line 1821, in default_exception_handler
    logger.error('\n'.join(log_lines), exc_info=exc_info)
  File "C:\Users\Davide\AppData\Local\Programs\Python\Python312\Lib\logging\__init__.py", line 1568, in error
    self._log(ERROR, msg, args, **kwargs)
  File "C:\Users\Davide\AppData\Local\Programs\Python\Python312\Lib\logging\__init__.py", line 1684, in _log
    self.handle(record)
  File "C:\Users\Davide\AppData\Local\Programs\Python\Python312\Lib\logging\__init__.py", line 1700, in handle
    self.callHandlers(record)
  File "C:\Users\Davide\AppData\Local\Programs\Python\Python312\Lib\logging\__init__.py", line 1762, in callHandlers
    hdlr.handle(record)
  File "C:\Users\Davide\Desktop\ServerSmartPlug\log_manager.py", line 16, in handle
    listener(record)
  File "C:\Users\Davide\Desktop\ServerSmartPlug\gui\windows.py", line 25, in _add_console_line
    self.console_text.configure(state='normal')
  File "C:\Users\Davide\AppData\Local\Programs\Python\Python312\Lib\tkinter\__init__.py", line 1722, in configure
    return self._configure('configure', cnf, kw)
           ^^^^^^^^^^^^^^^^^^^^^^^^^^^^^^^^^^^^^
  File "C:\Users\Davide\AppData\Local\Programs\Python\Python312\Lib\tkinter\__init__.py", line 1712, in _configure
    self.tk.call(_flatten((self._w, cmd)) + self._options(cnf))
_tkinter.TclError: invalid command name ".!frame4.!frame.!text"
C:\Users\Davide\AppData\Local\I3Lab - Politecnico di Milano\Server SmartPlug\options.json
Discovery started...
Using proactor: IocpProactor
Listening on 127.0.0.1:7071
[DISCOVERY] 255.255.255.255 >> {'system': {'get_sysinfo': {}}}
Waiting 5 seconds for responses...
Using SmartDevice for SMART.TAPOPLUG
Finding protocol for 192.168.100.112
Finding protocol for DeviceFamily.SmartTapoPlug
Finding transport for SMART.AES
Created AES transport for 192.168.100.112
[DISCOVERY] 192.168.100.112 << {'error_code': 0,
 'result': {'device_id': 'REDACTED_c913ec3cd97a6bec2fbb1ee',
            'device_model': 'P100',
            'device_type': 'SMART.TAPOPLUG',
            'factory_default': False,
            'ip': '192.168.100.112',
            'is_support_iot_cloud': True,
            'mac': '74-DA-88-00-00-00',
            'mgt_encrypt_schm': {'encrypt_type': 'AES',
                                 'http_port': 80,
                                 'is_support_https': False,
                                 'lv': 2},
            'owner': 'REDACTED_19347acd812465188388075'}}
Initializing 192.168.100.112 of type <class 'kasa.smart.smartdevice.SmartDevice'>
Using proactor: IocpProactor
Discovery finished! Found: 1 device(s)
Discovered 1 devices
Using proactor: IocpProactor
[DISCOVERY] 192.168.100.112 >> {'system': {'get_sysinfo': {}}}
Waiting a total of 5 seconds for responses...
Using SmartDevice for SMART.TAPOPLUG
Finding protocol for 192.168.100.112
Finding protocol for DeviceFamily.SmartTapoPlug
Finding transport for SMART.AES
Created AES transport for 192.168.100.112
[DISCOVERY] 192.168.100.112 << {'error_code': 0,
 'result': {'device_id': 'REDACTED_c913ec3cd97a6bec2fbb1ee',
            'device_model': 'P100',
            'device_type': 'SMART.TAPOPLUG',
            'factory_default': False,
            'ip': '192.168.100.112',
            'is_support_iot_cloud': True,
            'mac': '74-DA-88-00-00-00',
            'mgt_encrypt_schm': {'encrypt_type': 'AES',
                                 'http_port': 80,
                                 'is_support_https': False,
                                 'lv': 2},
            'owner': 'REDACTED_19347acd812465188388075'}}
Initializing 192.168.100.112 of type <class 'kasa.smart.smartdevice.SmartDevice'>
192.168.100.112 multi-request-batch-1-of-1 >> '{"method":"multipleRequest","request_time_milis":1744365044165,"terminal_uuid":"OgfNC2pQ5qhPna12rjZD9g==","params":{"requests":[{"method":"component_nego"},{"method":"get_device_info"},{"method":"get_connect_cloud_state"}]}}'
Will perform handshaking...
Posting to http://192.168.100.112/app
Generating keypair
Handshake request: {'method': 'handshake', 'params': {'key': '-----BEGIN PUBLIC KEY-----\nMIGfMA0GCSqGSIb3DQEBAQUAA4GNADCBiQKBgQC+12X023XNaW1N5r9hdGAm/VM9u4sEmtzcOYyuO3AWVxluj94jtA3jOVpKt9WeO0SrI02t2ICCFLPpVc9mSYydxHUO0aQ8qAYv28YnZCBwKyzxlU8EJqE5zVAxdDTp1Cai3z2B++yshXhUTmfZPRiCO+Ny1ilwCpvb8jXbtrAtpQIDAQAB\n-----END PUBLIC KEY-----\n'}}
Device responded with: {'error_code': 0, 'result': {'key': 'gnDIa4Oa4tjzLRid5xSE+RDAqvmgA90XX1yjTghC/BYiI8vi6nIlX3qEvJxiGcghtMdBsdYlspXjQssYNQQ8o8Sg0rEdiavhyqFB7XLVX9o/XbPIcRzzPH5cF6AYhCyFjJ/SJp4GpgddBsmg5Wn3hagOU6l1vnHqMDn9dzi6R1M='}}
Handshake with 192.168.100.112 complete
Posting to http://192.168.100.112/app
192.168.100.112: logged in with provided credentials
Posting to http://192.168.100.112/app?token=4320EE2A338AE58F83DFE8DD53FDEEFC
Device 192.168.100.112 received an os error, enabling sequential request delay: Server disconnected
Device 192.168.100.112 got a connection error, will retry 3 times: ('Device connection error: 192.168.100.112: Server disconnected', ServerDisconnectedError('Server disconnected'))
192.168.100.112 multi-request-batch-1-of-1 >> '{"method":"multipleRequest","request_time_milis":1744365044351,"terminal_uuid":"OgfNC2pQ5qhPna12rjZD9g==","params":{"requests":[{"method":"component_nego"},{"method":"get_device_info"},{"method":"get_connect_cloud_state"}]}}'
Device 192.168.100.112 waiting 0.25 seconds to send request
Posting to http://192.168.100.112/app?token=4320EE2A338AE58F83DFE8DD53FDEEFC
192.168.100.112 multi-request-batch-1-of-1 << {'error_code': 0,
 'result': {'responses': [{'error_code': 0,
                           'method': 'component_nego',
                           'result': {'component_list': [{'id': 'device',
                                                          'ver_code': 2},
                                                         {'id': 'firmware',
                                                          'ver_code': 1},
                                                         {'id': 'quick_setup',
                                                          'ver_code': 3},
                                                         {'id': 'time',
                                                          'ver_code': 1},
                                                         {'id': 'wireless',
                                                          'ver_code': 1},
                                                         {'id': 'schedule',
                                                          'ver_code': 2},
                                                         {'id': 'countdown',
                                                          'ver_code': 2},
                                                         {'id': 'antitheft',
                                                          'ver_code': 1},
                                                         {'id': 'account',
                                                          'ver_code': 1},
                                                         {'id': 'synchronize',
                                                          'ver_code': 1},
                                                         {'id': 'sunrise_sunset',
                                                          'ver_code': 1},
                                                         {'id': 'led',
                                                          'ver_code': 1},
                                                         {'id': 'cloud_connect',
                                                          'ver_code': 1},
                                                         {'id': 'iot_cloud',
                                                          'ver_code': 1},
                                                         {'id': 'default_states',
                                                          'ver_code': 1}]}},
                          {'error_code': 0,
                           'method': 'get_device_info',
                           'result': {'avatar': 'plug',
                                      'default_states': {'state': {},
                                                         'type': 'last_states'},
                                      'device_id': 'REDACTED_DB80F24B353338FA05BB18C1C486215',
                                      'device_on': False,
                                      'fw_id': 'REDACTED_A25ABDE41405B20C6F98816',
                                      'fw_ver': '1.3.7 Build 20230711 Rel. '
                                                '61904',
                                      'has_set_location_info': True,
                                      'hw_id': 'REDACTED_5B29645B8150C392284029D',
                                      'hw_ver': '1.0.0',
                                      'ip': '192.168.100.112',
                                      'lang': '',
                                      'latitude': 0,
                                      'location': '',
                                      'longitude': 0,
                                      'mac': '74-DA-88-00-00-00',
                                      'model': 'P100',
                                      'nickname': 'I01BU0tFRF9OQU1FIw==',
                                      'oem_id': 'REDACTED_06C60A9AEEA36A3347B6EBC',
                                      'on_time': 0,
                                      'overheated': False,
                                      'region': 'Europe/Rome',
                                      'rssi': -44,
                                      'signal_level': 3,
                                      'specs': 'EU',
                                      'ssid': 'I01BU0tFRF9TU0lEIw==',
                                      'time_diff': 60,
                                      'type': 'SMART.TAPOPLUG'}},
                          {'error_code': 0,
                           'method': 'get_connect_cloud_state',
                           'result': {'status': 0}}]}}
Device 192.168.100.112, found required cloud_connect, adding Cloud to modules.
Device 192.168.100.112, found required device, adding DeviceModule to modules.
Device 192.168.100.112, found required firmware, adding Firmware to modules.
Device 192.168.100.112, found required led, adding Led to modules.
Device 192.168.100.112, found required None, adding OverheatProtection to modules.
Device 192.168.100.112, found required time, adding Time to modules.
Querying 192.168.100.112 for modules: Time, Led
192.168.100.112 multi-request-batch-1-of-1 >> '{"method":"multipleRequest","request_time_milis":1744365044701,"terminal_uuid":"OgfNC2pQ5qhPna12rjZD9g==","params":{"requests":[{"method":"get_device_time"},{"method":"get_led_info"}]}}'
Device 192.168.100.112 waiting 0.23399999999674037 seconds to send request
Posting to http://192.168.100.112/app?token=4320EE2A338AE58F83DFE8DD53FDEEFC
192.168.100.112 multi-request-batch-1-of-1 << {'error_code': 0,
 'result': {'responses': [{'error_code': 0,
                           'method': 'get_device_time',
                           'result': {'region': 'Europe/Rome',
                                      'time_diff': 60,
                                      'timestamp': 1744365044}},
                          {'error_code': 0,
                           'method': 'get_led_info',
                           'result': {'led_rule': 'always',
                                      'led_status': False,
                                      'night_mode': {'end_time': 0,
                                                     'night_mode_type': 'unknown',
                                                     'start_time': 0,
                                                     'sunrise_offset': 0,
                                                     'sunset_offset': 0}}}]}}
Update completed 192.168.100.112: ['component_nego', 'get_device_info', 'get_connect_cloud_state', 'get_device_time', 'get_led_info']
Switching status
False
Using proactor: IocpProactor
[DISCOVERY] 192.168.100.112 >> {'system': {'get_sysinfo': {}}}
Waiting a total of 5 seconds for responses...
Using SmartDevice for SMART.TAPOPLUG
Finding protocol for 192.168.100.112
Finding protocol for DeviceFamily.SmartTapoPlug
Finding transport for SMART.AES
Created AES transport for 192.168.100.112
[DISCOVERY] 192.168.100.112 << {'error_code': 0,
 'result': {'device_id': 'REDACTED_c913ec3cd97a6bec2fbb1ee',
            'device_model': 'P100',
            'device_type': 'SMART.TAPOPLUG',
            'factory_default': False,
            'ip': '192.168.100.112',
            'is_support_iot_cloud': True,
            'mac': '74-DA-88-00-00-00',
            'mgt_encrypt_schm': {'encrypt_type': 'AES',
                                 'http_port': 80,
                                 'is_support_https': False,
                                 'lv': 2},
            'owner': 'REDACTED_19347acd812465188388075'}}
Initializing 192.168.100.112 of type <class 'kasa.smart.smartdevice.SmartDevice'>
192.168.100.112 >> '{"method":"set_device_info","request_time_milis":1744365047678,"terminal_uuid":"w1iI7jVQ8Rrhi0ygw/d25w==","params":{"device_on":true}}'
Will perform handshaking...
Posting to http://192.168.100.112/app
Generating keypair
Handshake request: {'method': 'handshake', 'params': {'key': '-----BEGIN PUBLIC KEY-----\nMIGfMA0GCSqGSIb3DQEBAQUAA4GNADCBiQKBgQC3ULyyDae9BsT60EP2y2yw4PQuhxd7vQTtV9WhdnTcxnSrJ3cRHsAj/YvD9DCCTsK26KLX6nrd62MFsTuF3wIEmFFFu0oEGYrWBzFIlcsbpoH7OQuukM3X70Dgx4i409+b1GxzSmlqaZ478tGoXAysSg5PnmW6zHTlaLI+4SyiVQIDAQAB\n-----END PUBLIC KEY-----\n'}}
Device responded with: {'error_code': 0, 'result': {'key': 'f44HKbW/WA9ZIZnUx3wtcGeLYoqoj56nrr7ksH6s+aaM6Q27SPXeo6AV51tFQzSBCmNbNvQBbvXHAZbGuHyMaaAjG3K2dtkwXpPo+Ti1SmZ2jYYjAVALYeCcGBj3kBg88RC+u7820wWi2Tv6yJm+sWO9jRJ6it3bycBGpzuErjg='}}
Handshake with 192.168.100.112 complete
Posting to http://192.168.100.112/app
192.168.100.112: logged in with provided credentials
Posting to http://192.168.100.112/app?token=35AD1DB09C608866C006420566352F34
Device 192.168.100.112 received an os error, enabling sequential request delay: Server disconnected
Device 192.168.100.112 got a connection error, will retry 3 times: ('Device connection error: 192.168.100.112: Server disconnected', ServerDisconnectedError('Server disconnected'))
192.168.100.112 >> '{"method":"set_device_info","request_time_milis":1744365047831,"terminal_uuid":"w1iI7jVQ8Rrhi0ygw/d25w==","params":{"device_on":true}}'
Device 192.168.100.112 waiting 0.25 seconds to send request
Posting to http://192.168.100.112/app?token=35AD1DB09C608866C006420566352F34
192.168.100.112 << {'error_code': 0}
192.168.100.112 multi-request-batch-1-of-1 >> '{"method":"multipleRequest","request_time_milis":1744365048256,"terminal_uuid":"w1iI7jVQ8Rrhi0ygw/d25w==","params":{"requests":[{"method":"component_nego"},{"method":"get_device_info"},{"method":"get_connect_cloud_state"}]}}'
Device 192.168.100.112 waiting 0.25 seconds to send request
Posting to http://192.168.100.112/app?token=35AD1DB09C608866C006420566352F34
192.168.100.112 multi-request-batch-1-of-1 << {'error_code': 0,
 'result': {'responses': [{'error_code': 0,
                           'method': 'component_nego',
                           'result': {'component_list': [{'id': 'device',
                                                          'ver_code': 2},
                                                         {'id': 'firmware',
                                                          'ver_code': 1},
                                                         {'id': 'quick_setup',
                                                          'ver_code': 3},
                                                         {'id': 'time',
                                                          'ver_code': 1},
                                                         {'id': 'wireless',
                                                          'ver_code': 1},
                                                         {'id': 'schedule',
                                                          'ver_code': 2},
                                                         {'id': 'countdown',
                                                          'ver_code': 2},
                                                         {'id': 'antitheft',
                                                          'ver_code': 1},
                                                         {'id': 'account',
                                                          'ver_code': 1},
                                                         {'id': 'synchronize',
                                                          'ver_code': 1},
                                                         {'id': 'sunrise_sunset',
                                                          'ver_code': 1},
                                                         {'id': 'led',
                                                          'ver_code': 1},
                                                         {'id': 'cloud_connect',
                                                          'ver_code': 1},
                                                         {'id': 'iot_cloud',
                                                          'ver_code': 1},
                                                         {'id': 'default_states',
                                                          'ver_code': 1}]}},
                          {'error_code': 0,
                           'method': 'get_device_info',
                           'result': {'avatar': 'plug',
                                      'default_states': {'state': {},
                                                         'type': 'last_states'},
                                      'device_id': 'REDACTED_DB80F24B353338FA05BB18C1C486215',
                                      'device_on': True,
                                      'fw_id': 'REDACTED_A25ABDE41405B20C6F98816',
                                      'fw_ver': '1.3.7 Build 20230711 Rel. '
                                                '61904',
                                      'has_set_location_info': True,
                                      'hw_id': 'REDACTED_5B29645B8150C392284029D',
                                      'hw_ver': '1.0.0',
                                      'ip': '192.168.100.112',
                                      'lang': '',
                                      'latitude': 0,
                                      'location': '',
                                      'longitude': 0,
                                      'mac': '74-DA-88-00-00-00',
                                      'model': 'P100',
                                      'nickname': 'I01BU0tFRF9OQU1FIw==',
                                      'oem_id': 'REDACTED_06C60A9AEEA36A3347B6EBC',
                                      'on_time': 0,
                                      'overheated': False,
                                      'region': 'Europe/Rome',
                                      'rssi': -44,
                                      'signal_level': 3,
                                      'specs': 'EU',
                                      'ssid': 'I01BU0tFRF9TU0lEIw==',
                                      'time_diff': 60,
                                      'type': 'SMART.TAPOPLUG'}},
                          {'error_code': 0,
                           'method': 'get_connect_cloud_state',
                           'result': {'status': 0}}]}}
Device 192.168.100.112, found required cloud_connect, adding Cloud to modules.
Device 192.168.100.112, found required device, adding DeviceModule to modules.
Device 192.168.100.112, found required firmware, adding Firmware to modules.
Device 192.168.100.112, found required led, adding Led to modules.
Device 192.168.100.112, found required None, adding OverheatProtection to modules.
Device 192.168.100.112, found required time, adding Time to modules.
Querying 192.168.100.112 for modules: Time, Led
192.168.100.112 multi-request-batch-1-of-1 >> '{"method":"multipleRequest","request_time_milis":1744365048622,"terminal_uuid":"w1iI7jVQ8Rrhi0ygw/d25w==","params":{"requests":[{"method":"get_device_time"},{"method":"get_led_info"}]}}'
Device 192.168.100.112 waiting 0.2340000000258442 seconds to send request
Posting to http://192.168.100.112/app?token=35AD1DB09C608866C006420566352F34
192.168.100.112 multi-request-batch-1-of-1 << {'error_code': 0,
 'result': {'responses': [{'error_code': 0,
                           'method': 'get_device_time',
                           'result': {'region': 'Europe/Rome',
                                      'time_diff': 60,
                                      'timestamp': 1744365048}},
                          {'error_code': 0,
                           'method': 'get_led_info',
                           'result': {'led_rule': 'always',
                                      'led_status': True,
                                      'night_mode': {'end_time': 0,
                                                     'night_mode_type': 'unknown',
                                                     'start_time': 0,
                                                     'sunrise_offset': 0,
                                                     'sunset_offset': 0}}}]}}
Update completed 192.168.100.112: ['component_nego', 'get_device_info', 'get_connect_cloud_state', 'get_device_time', 'get_led_info']
False
Unclosed client session
client_session: <aiohttp.client.ClientSession object at 0x000001AE10EC4440>
Unclosed connector
connections: ['deque([(<aiohttp.client_proto.ResponseHandler object at 0x000001AE10EABA70>, 153246.453)])']
connector: <aiohttp.connector.TCPConnector object at 0x000001AE10E85820>
C:\Users\Davide\AppData\Local\I3Lab - Politecnico di Milano\Server SmartPlug\options.json
Discovery started...
Using proactor: IocpProactor
Listening on 127.0.0.1:7071
[DISCOVERY] 255.255.255.255 >> {'system': {'get_sysinfo': {}}}
Waiting 5 seconds for responses...
Using proactor: IocpProactor
Using SmartDevice for SMART.TAPOPLUG
Finding protocol for 192.168.100.112
Finding protocol for DeviceFamily.SmartTapoPlug
Finding transport for SMART.AES
Created AES transport for 192.168.100.112
[DISCOVERY] 192.168.100.112 << {'error_code': 0,
 'result': {'device_id': 'REDACTED_c913ec3cd97a6bec2fbb1ee',
            'device_model': 'P100',
            'device_type': 'SMART.TAPOPLUG',
            'factory_default': False,
            'ip': '192.168.100.112',
            'is_support_iot_cloud': True,
            'mac': '74-DA-88-00-00-00',
            'mgt_encrypt_schm': {'encrypt_type': 'AES',
                                 'http_port': 80,
                                 'is_support_https': False,
                                 'lv': 2},
            'owner': 'REDACTED_19347acd812465188388075'}}
Initializing 192.168.100.112 of type <class 'kasa.smart.smartdevice.SmartDevice'>
Discovery finished! Found: 1 device(s)
Discovered 1 devices
Using proactor: IocpProactor
[DISCOVERY] 192.168.100.112 >> {'system': {'get_sysinfo': {}}}
Waiting a total of 5 seconds for responses...
Using SmartDevice for SMART.TAPOPLUG
Finding protocol for 192.168.100.112
Finding protocol for DeviceFamily.SmartTapoPlug
Finding transport for SMART.AES
Created AES transport for 192.168.100.112
[DISCOVERY] 192.168.100.112 << {'error_code': 0,
 'result': {'device_id': 'REDACTED_c913ec3cd97a6bec2fbb1ee',
            'device_model': 'P100',
            'device_type': 'SMART.TAPOPLUG',
            'factory_default': False,
            'ip': '192.168.100.112',
            'is_support_iot_cloud': True,
            'mac': '74-DA-88-00-00-00',
            'mgt_encrypt_schm': {'encrypt_type': 'AES',
                                 'http_port': 80,
                                 'is_support_https': False,
                                 'lv': 2},
            'owner': 'REDACTED_19347acd812465188388075'}}
Initializing 192.168.100.112 of type <class 'kasa.smart.smartdevice.SmartDevice'>
192.168.100.112 multi-request-batch-1-of-1 >> '{"method":"multipleRequest","request_time_milis":1744365103814,"terminal_uuid":"AWA8NddDuTJT1nSbMZwy/A==","params":{"requests":[{"method":"component_nego"},{"method":"get_device_info"},{"method":"get_connect_cloud_state"}]}}'
Will perform handshaking...
Posting to http://192.168.100.112/app
Generating keypair
Handshake request: {'method': 'handshake', 'params': {'key': '-----BEGIN PUBLIC KEY-----\nMIGfMA0GCSqGSIb3DQEBAQUAA4GNADCBiQKBgQDnkSwYiYsIDanKNlymKu+bcVzYfo9KJ60WY/yW5+dfkeH/p0w2GMh5L3EqcdyFuMFtfgV/VkHw8UGFLe1IYkFHrssSJAlzlqPc9Fm9I1VjUKYhS5foNT0O6Drba1tcZw1mu/ZhtC1Z785J2fDrvCGLitr678GNRd4x+yLxsj0NowIDAQAB\n-----END PUBLIC KEY-----\n'}}
Device responded with: {'error_code': 0, 'result': {'key': 'MzO5yg3equf3afM3wXkIu2pLFZt3VU0dfM4VRvaP23geSV+QqMnU1WCDN8V+S16+u3BypxRg/xQySNI6A7nojy2z0CsvhpMMhOvoahSAKYh3aYy8yplrmNzeFuR2k6wukeC/y5lGfoyK4DGUKpILvX5oGM/4RpmipXZDORLxqpk='}}
Handshake with 192.168.100.112 complete
Posting to http://192.168.100.112/app
192.168.100.112: logged in with provided credentials
Posting to http://192.168.100.112/app?token=E4935A9CBF6CE86B9A1BB11808289529
Device 192.168.100.112 received an os error, enabling sequential request delay: Server disconnected
Device 192.168.100.112 got a connection error, will retry 3 times: ('Device connection error: 192.168.100.112: Server disconnected', ServerDisconnectedError('Server disconnected'))
192.168.100.112 multi-request-batch-1-of-1 >> '{"method":"multipleRequest","request_time_milis":1744365104058,"terminal_uuid":"AWA8NddDuTJT1nSbMZwy/A==","params":{"requests":[{"method":"component_nego"},{"method":"get_device_info"},{"method":"get_connect_cloud_state"}]}}'
Device 192.168.100.112 waiting 0.25 seconds to send request
Posting to http://192.168.100.112/app?token=E4935A9CBF6CE86B9A1BB11808289529
192.168.100.112 multi-request-batch-1-of-1 << {'error_code': 0,
 'result': {'responses': [{'error_code': 0,
                           'method': 'component_nego',
                           'result': {'component_list': [{'id': 'device',
                                                          'ver_code': 2},
                                                         {'id': 'firmware',
                                                          'ver_code': 1},
                                                         {'id': 'quick_setup',
                                                          'ver_code': 3},
                                                         {'id': 'time',
                                                          'ver_code': 1},
                                                         {'id': 'wireless',
                                                          'ver_code': 1},
                                                         {'id': 'schedule',
                                                          'ver_code': 2},
                                                         {'id': 'countdown',
                                                          'ver_code': 2},
                                                         {'id': 'antitheft',
                                                          'ver_code': 1},
                                                         {'id': 'account',
                                                          'ver_code': 1},
                                                         {'id': 'synchronize',
                                                          'ver_code': 1},
                                                         {'id': 'sunrise_sunset',
                                                          'ver_code': 1},
                                                         {'id': 'led',
                                                          'ver_code': 1},
                                                         {'id': 'cloud_connect',
                                                          'ver_code': 1},
                                                         {'id': 'iot_cloud',
                                                          'ver_code': 1},
                                                         {'id': 'default_states',
                                                          'ver_code': 1}]}},
                          {'error_code': 0,
                           'method': 'get_device_info',
                           'result': {'avatar': 'plug',
                                      'default_states': {'state': {},
                                                         'type': 'last_states'},
                                      'device_id': 'REDACTED_DB80F24B353338FA05BB18C1C486215',
                                      'device_on': True,
                                      'fw_id': 'REDACTED_A25ABDE41405B20C6F98816',
                                      'fw_ver': '1.3.7 Build 20230711 Rel. '
                                                '61904',
                                      'has_set_location_info': True,
                                      'hw_id': 'REDACTED_5B29645B8150C392284029D',
                                      'hw_ver': '1.0.0',
                                      'ip': '192.168.100.112',
                                      'lang': '',
                                      'latitude': 0,
                                      'location': '',
                                      'longitude': 0,
                                      'mac': '74-DA-88-00-00-00',
                                      'model': 'P100',
                                      'nickname': 'I01BU0tFRF9OQU1FIw==',
                                      'oem_id': 'REDACTED_06C60A9AEEA36A3347B6EBC',
                                      'on_time': 56,
                                      'overheated': False,
                                      'region': 'Europe/Rome',
                                      'rssi': -43,
                                      'signal_level': 3,
                                      'specs': 'EU',
                                      'ssid': 'I01BU0tFRF9TU0lEIw==',
                                      'time_diff': 60,
                                      'type': 'SMART.TAPOPLUG'}},
                          {'error_code': 0,
                           'method': 'get_connect_cloud_state',
                           'result': {'status': 0}}]}}
Device 192.168.100.112, found required cloud_connect, adding Cloud to modules.
Device 192.168.100.112, found required device, adding DeviceModule to modules.
Device 192.168.100.112, found required firmware, adding Firmware to modules.
Device 192.168.100.112, found required led, adding Led to modules.
Device 192.168.100.112, found required None, adding OverheatProtection to modules.
Device 192.168.100.112, found required time, adding Time to modules.
Querying 192.168.100.112 for modules: Time, Led
192.168.100.112 multi-request-batch-1-of-1 >> '{"method":"multipleRequest","request_time_milis":1744365104417,"terminal_uuid":"AWA8NddDuTJT1nSbMZwy/A==","params":{"requests":[{"method":"get_device_time"},{"method":"get_led_info"}]}}'
Device 192.168.100.112 waiting 0.23399999999674037 seconds to send request
Posting to http://192.168.100.112/app?token=E4935A9CBF6CE86B9A1BB11808289529
192.168.100.112 multi-request-batch-1-of-1 << {'error_code': 0,
 'result': {'responses': [{'error_code': 0,
                           'method': 'get_device_time',
                           'result': {'region': 'Europe/Rome',
                                      'time_diff': 60,
                                      'timestamp': 1744365104}},
                          {'error_code': 0,
                           'method': 'get_led_info',
                           'result': {'led_rule': 'always',
                                      'led_status': True,
                                      'night_mode': {'end_time': 0,
                                                     'night_mode_type': 'unknown',
                                                     'start_time': 0,
                                                     'sunrise_offset': 0,
                                                     'sunset_offset': 0}}}]}}
Update completed 192.168.100.112: ['component_nego', 'get_device_info', 'get_connect_cloud_state', 'get_device_time', 'get_led_info']
Switching status
True
Using proactor: IocpProactor
[DISCOVERY] 192.168.100.112 >> {'system': {'get_sysinfo': {}}}
Waiting a total of 5 seconds for responses...
Using SmartDevice for SMART.TAPOPLUG
Finding protocol for 192.168.100.112
Finding protocol for DeviceFamily.SmartTapoPlug
Finding transport for SMART.AES
Created AES transport for 192.168.100.112
[DISCOVERY] 192.168.100.112 << {'error_code': 0,
 'result': {'device_id': 'REDACTED_c913ec3cd97a6bec2fbb1ee',
            'device_model': 'P100',
            'device_type': 'SMART.TAPOPLUG',
            'factory_default': False,
            'ip': '192.168.100.112',
            'is_support_iot_cloud': True,
            'mac': '74-DA-88-00-00-00',
            'mgt_encrypt_schm': {'encrypt_type': 'AES',
                                 'http_port': 80,
                                 'is_support_https': False,
                                 'lv': 2},
            'owner': 'REDACTED_19347acd812465188388075'}}
Initializing 192.168.100.112 of type <class 'kasa.smart.smartdevice.SmartDevice'>
192.168.100.112 >> '{"method":"set_device_info","request_time_milis":1744365110907,"terminal_uuid":"nvJ8xIrApxaNA+E9LQyFsQ==","params":{"device_on":false}}'
Will perform handshaking...
Posting to http://192.168.100.112/app
Generating keypair
Handshake request: {'method': 'handshake', 'params': {'key': '-----BEGIN PUBLIC KEY-----\nMIGfMA0GCSqGSIb3DQEBAQUAA4GNADCBiQKBgQCpo/TVARD32JVAo5YecRSjPXEpfCOR8or/puRGS4uAdgLr4dO7y197Q0AeC5r2QWuH/4GSBQKDctznt1dvfpZEc0CHZbpRRfuwDFWYCvRY78N0yZOJ9zvf9MNXrhQvsNPOKR6zSWtThejEjondhSkpwhAgIQzUt0jGd4UYdKM5SwIDAQAB\n-----END PUBLIC KEY-----\n'}}
Device responded with: {'error_code': 0, 'result': {'key': 'fb9VCdFgFFs5O7bts5c/9KKY7oLN3kPG6eMQ/7yn2TTpyxnrSM4yVJGmonFxrGD9hFilfzOE1AvKJln1EIj3Gl/ravNftt2JT8ZIERVcL77OY1gBZxrNRrI9u1jAIIoX5ahr0GXz3mQT6CmDUpQ2wemlsH8UpOfjaR/6qSECn4Y='}}
Handshake with 192.168.100.112 complete
Posting to http://192.168.100.112/app
192.168.100.112: logged in with provided credentials
Posting to http://192.168.100.112/app?token=CAF953F4CF240322CD422341C471BB70
Device 192.168.100.112 received an os error, enabling sequential request delay: Server disconnected
Device 192.168.100.112 got a connection error, will retry 3 times: ('Device connection error: 192.168.100.112: Server disconnected', ServerDisconnectedError('Server disconnected'))
192.168.100.112 >> '{"method":"set_device_info","request_time_milis":1744365111065,"terminal_uuid":"nvJ8xIrApxaNA+E9LQyFsQ==","params":{"device_on":false}}'
Device 192.168.100.112 waiting 0.25 seconds to send request
Posting to http://192.168.100.112/app?token=CAF953F4CF240322CD422341C471BB70
192.168.100.112 << {'error_code': 0}
192.168.100.112 multi-request-batch-1-of-1 >> '{"method":"multipleRequest","request_time_milis":1744365111456,"terminal_uuid":"nvJ8xIrApxaNA+E9LQyFsQ==","params":{"requests":[{"method":"component_nego"},{"method":"get_device_info"},{"method":"get_connect_cloud_state"}]}}'
Device 192.168.100.112 waiting 0.25 seconds to send request
Posting to http://192.168.100.112/app?token=CAF953F4CF240322CD422341C471BB70
192.168.100.112 multi-request-batch-1-of-1 << {'error_code': 0,
 'result': {'responses': [{'error_code': 0,
                           'method': 'component_nego',
                           'result': {'component_list': [{'id': 'device',
                                                          'ver_code': 2},
                                                         {'id': 'firmware',
                                                          'ver_code': 1},
                                                         {'id': 'quick_setup',
                                                          'ver_code': 3},
                                                         {'id': 'time',
                                                          'ver_code': 1},
                                                         {'id': 'wireless',
                                                          'ver_code': 1},
                                                         {'id': 'schedule',
                                                          'ver_code': 2},
                                                         {'id': 'countdown',
                                                          'ver_code': 2},
                                                         {'id': 'antitheft',
                                                          'ver_code': 1},
                                                         {'id': 'account',
                                                          'ver_code': 1},
                                                         {'id': 'synchronize',
                                                          'ver_code': 1},
                                                         {'id': 'sunrise_sunset',
                                                          'ver_code': 1},
                                                         {'id': 'led',
                                                          'ver_code': 1},
                                                         {'id': 'cloud_connect',
                                                          'ver_code': 1},
                                                         {'id': 'iot_cloud',
                                                          'ver_code': 1},
                                                         {'id': 'default_states',
                                                          'ver_code': 1}]}},
                          {'error_code': 0,
                           'method': 'get_device_info',
                           'result': {'avatar': 'plug',
                                      'default_states': {'state': {},
                                                         'type': 'last_states'},
                                      'device_id': 'REDACTED_DB80F24B353338FA05BB18C1C486215',
                                      'device_on': False,
                                      'fw_id': 'REDACTED_A25ABDE41405B20C6F98816',
                                      'fw_ver': '1.3.7 Build 20230711 Rel. '
                                                '61904',
                                      'has_set_location_info': True,
                                      'hw_id': 'REDACTED_5B29645B8150C392284029D',
                                      'hw_ver': '1.0.0',
                                      'ip': '192.168.100.112',
                                      'lang': '',
                                      'latitude': 0,
                                      'location': '',
                                      'longitude': 0,
                                      'mac': '74-DA-88-00-00-00',
                                      'model': 'P100',
                                      'nickname': 'I01BU0tFRF9OQU1FIw==',
                                      'oem_id': 'REDACTED_06C60A9AEEA36A3347B6EBC',
                                      'on_time': 0,
                                      'overheated': False,
                                      'region': 'Europe/Rome',
                                      'rssi': -43,
                                      'signal_level': 3,
                                      'specs': 'EU',
                                      'ssid': 'I01BU0tFRF9TU0lEIw==',
                                      'time_diff': 60,
                                      'type': 'SMART.TAPOPLUG'}},
                          {'error_code': 0,
                           'method': 'get_connect_cloud_state',
                           'result': {'status': 0}}]}}
Device 192.168.100.112, found required cloud_connect, adding Cloud to modules.
Device 192.168.100.112, found required device, adding DeviceModule to modules.
Device 192.168.100.112, found required firmware, adding Firmware to modules.
Device 192.168.100.112, found required led, adding Led to modules.
Device 192.168.100.112, found required None, adding OverheatProtection to modules.
Device 192.168.100.112, found required time, adding Time to modules.
Querying 192.168.100.112 for modules: Time, Led
192.168.100.112 multi-request-batch-1-of-1 >> '{"method":"multipleRequest","request_time_milis":1744365111892,"terminal_uuid":"nvJ8xIrApxaNA+E9LQyFsQ==","params":{"requests":[{"method":"get_device_time"},{"method":"get_led_info"}]}}'
Device 192.168.100.112 waiting 0.25 seconds to send request
Posting to http://192.168.100.112/app?token=CAF953F4CF240322CD422341C471BB70
192.168.100.112 multi-request-batch-1-of-1 << {'error_code': 0,
 'result': {'responses': [{'error_code': 0,
                           'method': 'get_device_time',
                           'result': {'region': 'Europe/Rome',
                                      'time_diff': 60,
                                      'timestamp': 1744365112}},
                          {'error_code': 0,
                           'method': 'get_led_info',
                           'result': {'led_rule': 'always',
                                      'led_status': False,
                                      'night_mode': {'end_time': 0,
                                                     'night_mode_type': 'unknown',
                                                     'start_time': 0,
                                                     'sunrise_offset': 0,
                                                     'sunset_offset': 0}}}]}}
Update completed 192.168.100.112: ['component_nego', 'get_device_info', 'get_connect_cloud_state', 'get_device_time', 'get_led_info']
True
Switching status
True
Using proactor: IocpProactor
[DISCOVERY] 192.168.100.112 >> {'system': {'get_sysinfo': {}}}
Waiting a total of 5 seconds for responses...
Using SmartDevice for SMART.TAPOPLUG
Finding protocol for 192.168.100.112
Finding protocol for DeviceFamily.SmartTapoPlug
Finding transport for SMART.AES
Created AES transport for 192.168.100.112
[DISCOVERY] 192.168.100.112 << {'error_code': 0,
 'result': {'device_id': 'REDACTED_c913ec3cd97a6bec2fbb1ee',
            'device_model': 'P100',
            'device_type': 'SMART.TAPOPLUG',
            'factory_default': False,
            'ip': '192.168.100.112',
            'is_support_iot_cloud': True,
            'mac': '74-DA-88-00-00-00',
            'mgt_encrypt_schm': {'encrypt_type': 'AES',
                                 'http_port': 80,
                                 'is_support_https': False,
                                 'lv': 2},
            'owner': 'REDACTED_19347acd812465188388075'}}
Initializing 192.168.100.112 of type <class 'kasa.smart.smartdevice.SmartDevice'>
192.168.100.112 >> '{"method":"set_device_info","request_time_milis":1744365123652,"terminal_uuid":"QfeKO6TtaIXb6KAJbuj9Eg==","params":{"device_on":false}}'
Will perform handshaking...
Posting to http://192.168.100.112/app
Generating keypair
Handshake request: {'method': 'handshake', 'params': {'key': '-----BEGIN PUBLIC KEY-----\nMIGfMA0GCSqGSIb3DQEBAQUAA4GNADCBiQKBgQCgD2V8p3M7SaK+42ezJPxR/uJolc2LRYCK/PdipP9T/kjr5rEvDvay4s8BeLEIWYRHi7L0XLpaiC4AccDZpzN4HJaglhRhBoQOAevcrKbSVvgFqBt9xWDdhCgAwY995I6UZ0e1QyHbOQnnlpIwME1PdTZZzEHEEwDnPxVrkgSZ6wIDAQAB\n-----END PUBLIC KEY-----\n'}}
Device responded with: {'error_code': 0, 'result': {'key': 'bSnfc809aZXGLeNWe4R9c5wsehDGq8iZeqXe0RQDQ55PTnWfgLyslJnmpk1HEAeyFVsw9r1RCuGwkq12UaBx/AvPGXbgsamFiTfIEN8TO4NeRdfdZEt5Azfotxw+xQ6JJjTHBzsCXuFStak6tOGAS2JnasvXzF8BS+dy/ubna1w='}}
Handshake with 192.168.100.112 complete
Posting to http://192.168.100.112/app
192.168.100.112: logged in with provided credentials
Posting to http://192.168.100.112/app?token=C4D0CBD43394B496C0B683B7B1A790A7
Device 192.168.100.112 received an os error, enabling sequential request delay: Server disconnected
Device 192.168.100.112 got a connection error, will retry 3 times: ('Device connection error: 192.168.100.112: Server disconnected', ServerDisconnectedError('Server disconnected'))
192.168.100.112 >> '{"method":"set_device_info","request_time_milis":1744365123795,"terminal_uuid":"QfeKO6TtaIXb6KAJbuj9Eg==","params":{"device_on":false}}'
Device 192.168.100.112 waiting 0.25 seconds to send request
Posting to http://192.168.100.112/app?token=C4D0CBD43394B496C0B683B7B1A790A7
192.168.100.112 << {'error_code': 0}
192.168.100.112 multi-request-batch-1-of-1 >> '{"method":"multipleRequest","request_time_milis":1744365124120,"terminal_uuid":"QfeKO6TtaIXb6KAJbuj9Eg==","params":{"requests":[{"method":"component_nego"},{"method":"get_device_info"},{"method":"get_connect_cloud_state"}]}}'
Device 192.168.100.112 waiting 0.25 seconds to send request
Posting to http://192.168.100.112/app?token=C4D0CBD43394B496C0B683B7B1A790A7
192.168.100.112 multi-request-batch-1-of-1 << {'error_code': 0,
 'result': {'responses': [{'error_code': 0,
                           'method': 'component_nego',
                           'result': {'component_list': [{'id': 'device',
                                                          'ver_code': 2},
                                                         {'id': 'firmware',
                                                          'ver_code': 1},
                                                         {'id': 'quick_setup',
                                                          'ver_code': 3},
                                                         {'id': 'time',
                                                          'ver_code': 1},
                                                         {'id': 'wireless',
                                                          'ver_code': 1},
                                                         {'id': 'schedule',
                                                          'ver_code': 2},
                                                         {'id': 'countdown',
                                                          'ver_code': 2},
                                                         {'id': 'antitheft',
                                                          'ver_code': 1},
                                                         {'id': 'account',
                                                          'ver_code': 1},
                                                         {'id': 'synchronize',
                                                          'ver_code': 1},
                                                         {'id': 'sunrise_sunset',
                                                          'ver_code': 1},
                                                         {'id': 'led',
                                                          'ver_code': 1},
                                                         {'id': 'cloud_connect',
                                                          'ver_code': 1},
                                                         {'id': 'iot_cloud',
                                                          'ver_code': 1},
                                                         {'id': 'default_states',
                                                          'ver_code': 1}]}},
                          {'error_code': 0,
                           'method': 'get_device_info',
                           'result': {'avatar': 'plug',
                                      'default_states': {'state': {},
                                                         'type': 'last_states'},
                                      'device_id': 'REDACTED_DB80F24B353338FA05BB18C1C486215',
                                      'device_on': False,
                                      'fw_id': 'REDACTED_A25ABDE41405B20C6F98816',
                                      'fw_ver': '1.3.7 Build 20230711 Rel. '
                                                '61904',
                                      'has_set_location_info': True,
                                      'hw_id': 'REDACTED_5B29645B8150C392284029D',
                                      'hw_ver': '1.0.0',
                                      'ip': '192.168.100.112',
                                      'lang': '',
                                      'latitude': 0,
                                      'location': '',
                                      'longitude': 0,
                                      'mac': '74-DA-88-00-00-00',
                                      'model': 'P100',
                                      'nickname': 'I01BU0tFRF9OQU1FIw==',
                                      'oem_id': 'REDACTED_06C60A9AEEA36A3347B6EBC',
                                      'on_time': 0,
                                      'overheated': False,
                                      'region': 'Europe/Rome',
                                      'rssi': -45,
                                      'signal_level': 3,
                                      'specs': 'EU',
                                      'ssid': 'I01BU0tFRF9TU0lEIw==',
                                      'time_diff': 60,
                                      'type': 'SMART.TAPOPLUG'}},
                          {'error_code': 0,
                           'method': 'get_connect_cloud_state',
                           'result': {'status': 0}}]}}
Device 192.168.100.112, found required cloud_connect, adding Cloud to modules.
Device 192.168.100.112, found required device, adding DeviceModule to modules.
Device 192.168.100.112, found required firmware, adding Firmware to modules.
Device 192.168.100.112, found required led, adding Led to modules.
Device 192.168.100.112, found required None, adding OverheatProtection to modules.
Device 192.168.100.112, found required time, adding Time to modules.
Querying 192.168.100.112 for modules: Time, Led
192.168.100.112 multi-request-batch-1-of-1 >> '{"method":"multipleRequest","request_time_milis":1744365124463,"terminal_uuid":"QfeKO6TtaIXb6KAJbuj9Eg==","params":{"requests":[{"method":"get_device_time"},{"method":"get_led_info"}]}}'
Device 192.168.100.112 waiting 0.23399999999674037 seconds to send request
Posting to http://192.168.100.112/app?token=C4D0CBD43394B496C0B683B7B1A790A7
192.168.100.112 multi-request-batch-1-of-1 << {'error_code': 0,
 'result': {'responses': [{'error_code': 0,
                           'method': 'get_device_time',
                           'result': {'region': 'Europe/Rome',
                                      'time_diff': 60,
                                      'timestamp': 1744365124}},
                          {'error_code': 0,
                           'method': 'get_led_info',
                           'result': {'led_rule': 'always',
                                      'led_status': False,
                                      'night_mode': {'end_time': 0,
                                                     'night_mode_type': 'unknown',
                                                     'start_time': 0,
                                                     'sunrise_offset': 0,
                                                     'sunset_offset': 0}}}]}}
Update completed 192.168.100.112: ['component_nego', 'get_device_info', 'get_connect_cloud_state', 'get_device_time', 'get_led_info']
True
Unclosed client session
client_session: <aiohttp.client.ClientSession object at 0x00000217C78319A0>
Exception in default exception handler
Traceback (most recent call last):
  File "C:\Users\Davide\AppData\Local\Programs\Python\Python312\Lib\asyncio\base_events.py", line 1847, in call_exception_handler
    self.default_exception_handler(context)
  File "C:\Users\Davide\AppData\Local\Programs\Python\Python312\Lib\asyncio\base_events.py", line 1821, in default_exception_handler
    logger.error('\n'.join(log_lines), exc_info=exc_info)
  File "C:\Users\Davide\AppData\Local\Programs\Python\Python312\Lib\logging\__init__.py", line 1568, in error
    self._log(ERROR, msg, args, **kwargs)
  File "C:\Users\Davide\AppData\Local\Programs\Python\Python312\Lib\logging\__init__.py", line 1684, in _log
    self.handle(record)
  File "C:\Users\Davide\AppData\Local\Programs\Python\Python312\Lib\logging\__init__.py", line 1700, in handle
    self.callHandlers(record)
  File "C:\Users\Davide\AppData\Local\Programs\Python\Python312\Lib\logging\__init__.py", line 1762, in callHandlers
    hdlr.handle(record)
  File "C:\Users\Davide\Desktop\ServerSmartPlug\log_manager.py", line 16, in handle
    listener(record)
  File "C:\Users\Davide\Desktop\ServerSmartPlug\gui\windows.py", line 25, in _add_console_line
    self.console_text.configure(state='normal')
  File "C:\Users\Davide\AppData\Local\Programs\Python\Python312\Lib\tkinter\__init__.py", line 1722, in configure
    return self._configure('configure', cnf, kw)
           ^^^^^^^^^^^^^^^^^^^^^^^^^^^^^^^^^^^^^
  File "C:\Users\Davide\AppData\Local\Programs\Python\Python312\Lib\tkinter\__init__.py", line 1712, in _configure
    self.tk.call(_flatten((self._w, cmd)) + self._options(cnf))
_tkinter.TclError: invalid command name ".!frame4.!frame.!text"
Unclosed connector
connections: ['deque([(<aiohttp.client_proto.ResponseHandler object at 0x00000217C7853B30>, 153306.156)])']
connector: <aiohttp.connector.TCPConnector object at 0x00000217C7831760>
Exception in default exception handler
Traceback (most recent call last):
  File "C:\Users\Davide\AppData\Local\Programs\Python\Python312\Lib\asyncio\base_events.py", line 1847, in call_exception_handler
    self.default_exception_handler(context)
  File "C:\Users\Davide\AppData\Local\Programs\Python\Python312\Lib\asyncio\base_events.py", line 1821, in default_exception_handler
    logger.error('\n'.join(log_lines), exc_info=exc_info)
  File "C:\Users\Davide\AppData\Local\Programs\Python\Python312\Lib\logging\__init__.py", line 1568, in error
    self._log(ERROR, msg, args, **kwargs)
  File "C:\Users\Davide\AppData\Local\Programs\Python\Python312\Lib\logging\__init__.py", line 1684, in _log
    self.handle(record)
  File "C:\Users\Davide\AppData\Local\Programs\Python\Python312\Lib\logging\__init__.py", line 1700, in handle
    self.callHandlers(record)
  File "C:\Users\Davide\AppData\Local\Programs\Python\Python312\Lib\logging\__init__.py", line 1762, in callHandlers
    hdlr.handle(record)
  File "C:\Users\Davide\Desktop\ServerSmartPlug\log_manager.py", line 16, in handle
    listener(record)
  File "C:\Users\Davide\Desktop\ServerSmartPlug\gui\windows.py", line 25, in _add_console_line
    self.console_text.configure(state='normal')
  File "C:\Users\Davide\AppData\Local\Programs\Python\Python312\Lib\tkinter\__init__.py", line 1722, in configure
    return self._configure('configure', cnf, kw)
           ^^^^^^^^^^^^^^^^^^^^^^^^^^^^^^^^^^^^^
  File "C:\Users\Davide\AppData\Local\Programs\Python\Python312\Lib\tkinter\__init__.py", line 1712, in _configure
    self.tk.call(_flatten((self._w, cmd)) + self._options(cnf))
_tkinter.TclError: invalid command name ".!frame4.!frame.!text"
C:\Users\Davide\AppData\Local\I3Lab - Politecnico di Milano\Server SmartPlug\options.json
Discovery started...
Using proactor: IocpProactor
Listening on 127.0.0.1:7071
[DISCOVERY] 255.255.255.255 >> {'system': {'get_sysinfo': {}}}
Waiting 5 seconds for responses...
Using proactor: IocpProactor
Using SmartDevice for SMART.TAPOPLUG
Finding protocol for 192.168.100.112
Finding protocol for DeviceFamily.SmartTapoPlug
Finding transport for SMART.AES
Created AES transport for 192.168.100.112
[DISCOVERY] 192.168.100.112 << {'error_code': 0,
 'result': {'device_id': 'REDACTED_c913ec3cd97a6bec2fbb1ee',
            'device_model': 'P100',
            'device_type': 'SMART.TAPOPLUG',
            'factory_default': False,
            'ip': '192.168.100.112',
            'is_support_iot_cloud': True,
            'mac': '74-DA-88-00-00-00',
            'mgt_encrypt_schm': {'encrypt_type': 'AES',
                                 'http_port': 80,
                                 'is_support_https': False,
                                 'lv': 2},
            'owner': 'REDACTED_19347acd812465188388075'}}
Initializing 192.168.100.112 of type <class 'kasa.smart.smartdevice.SmartDevice'>
Discovery finished! Found: 1 device(s)
Discovered 1 devices
Using proactor: IocpProactor
[DISCOVERY] 192.168.100.112 >> {'system': {'get_sysinfo': {}}}
Waiting a total of 5 seconds for responses...
Using SmartDevice for SMART.TAPOPLUG
Finding protocol for 192.168.100.112
Finding protocol for DeviceFamily.SmartTapoPlug
Finding transport for SMART.AES
Created AES transport for 192.168.100.112
[DISCOVERY] 192.168.100.112 << {'error_code': 0,
 'result': {'device_id': 'REDACTED_c913ec3cd97a6bec2fbb1ee',
            'device_model': 'P100',
            'device_type': 'SMART.TAPOPLUG',
            'factory_default': False,
            'ip': '192.168.100.112',
            'is_support_iot_cloud': True,
            'mac': '74-DA-88-00-00-00',
            'mgt_encrypt_schm': {'encrypt_type': 'AES',
                                 'http_port': 80,
                                 'is_support_https': False,
                                 'lv': 2},
            'owner': 'REDACTED_19347acd812465188388075'}}
Initializing 192.168.100.112 of type <class 'kasa.smart.smartdevice.SmartDevice'>
192.168.100.112 multi-request-batch-1-of-1 >> '{"method":"multipleRequest","request_time_milis":1744365191701,"terminal_uuid":"29cDGSYJ5QAz+50FJV/7cw==","params":{"requests":[{"method":"component_nego"},{"method":"get_device_info"},{"method":"get_connect_cloud_state"}]}}'
Will perform handshaking...
Posting to http://192.168.100.112/app
Generating keypair
Handshake request: {'method': 'handshake', 'params': {'key': '-----BEGIN PUBLIC KEY-----\nMIGfMA0GCSqGSIb3DQEBAQUAA4GNADCBiQKBgQCv7DhWbFAlrJpcvva7xK+97zgecL/tCON3nDL2Mra4Zx/zz75q+zYHYSCJX0oOUOGrLv3NSZv+3DANiPSYTPtEEik+s7ocCUdAPrWoyADv/CPUKejoweSdL2bC+4lhBpAsQjtijWXrDLmakQR9KSjLI6w1WePNYrmR5uhUUa0I0wIDAQAB\n-----END PUBLIC KEY-----\n'}}
Device responded with: {'error_code': 0, 'result': {'key': 'LWXueLp1KLEUf9I8At6DXjq3epa1EJG8OCNM2s4EqD2rV3C5XJ8DgiLy1yvVl25F1aZamwDADdW8Eeau7XrsBwmPtCEA3+XZG2uF71qsa9/oEN6yyUjY2qc2dhDKqjkdA7h4GIdzY1Auaduz3jatTMMvnEzbfwNg2yNOvCrZtNc='}}
Handshake with 192.168.100.112 complete
Posting to http://192.168.100.112/app
192.168.100.112: logged in with provided credentials
Posting to http://192.168.100.112/app?token=1E0835038CB311B6CDE60BE46DC40EC5
Device 192.168.100.112 received an os error, enabling sequential request delay: Server disconnected
Device 192.168.100.112 got a connection error, will retry 3 times: ('Device connection error: 192.168.100.112: Server disconnected', ServerDisconnectedError('Server disconnected'))
192.168.100.112 multi-request-batch-1-of-1 >> '{"method":"multipleRequest","request_time_milis":1744365191854,"terminal_uuid":"29cDGSYJ5QAz+50FJV/7cw==","params":{"requests":[{"method":"component_nego"},{"method":"get_device_info"},{"method":"get_connect_cloud_state"}]}}'
Device 192.168.100.112 waiting 0.25 seconds to send request
Posting to http://192.168.100.112/app?token=1E0835038CB311B6CDE60BE46DC40EC5
192.168.100.112 multi-request-batch-1-of-1 << {'error_code': 0,
 'result': {'responses': [{'error_code': 0,
                           'method': 'component_nego',
                           'result': {'component_list': [{'id': 'device',
                                                          'ver_code': 2},
                                                         {'id': 'firmware',
                                                          'ver_code': 1},
                                                         {'id': 'quick_setup',
                                                          'ver_code': 3},
                                                         {'id': 'time',
                                                          'ver_code': 1},
                                                         {'id': 'wireless',
                                                          'ver_code': 1},
                                                         {'id': 'schedule',
                                                          'ver_code': 2},
                                                         {'id': 'countdown',
                                                          'ver_code': 2},
                                                         {'id': 'antitheft',
                                                          'ver_code': 1},
                                                         {'id': 'account',
                                                          'ver_code': 1},
                                                         {'id': 'synchronize',
                                                          'ver_code': 1},
                                                         {'id': 'sunrise_sunset',
                                                          'ver_code': 1},
                                                         {'id': 'led',
                                                          'ver_code': 1},
                                                         {'id': 'cloud_connect',
                                                          'ver_code': 1},
                                                         {'id': 'iot_cloud',
                                                          'ver_code': 1},
                                                         {'id': 'default_states',
                                                          'ver_code': 1}]}},
                          {'error_code': 0,
                           'method': 'get_device_info',
                           'result': {'avatar': 'plug',
                                      'default_states': {'state': {},
                                                         'type': 'last_states'},
                                      'device_id': 'REDACTED_DB80F24B353338FA05BB18C1C486215',
                                      'device_on': False,
                                      'fw_id': 'REDACTED_A25ABDE41405B20C6F98816',
                                      'fw_ver': '1.3.7 Build 20230711 Rel. '
                                                '61904',
                                      'has_set_location_info': True,
                                      'hw_id': 'REDACTED_5B29645B8150C392284029D',
                                      'hw_ver': '1.0.0',
                                      'ip': '192.168.100.112',
                                      'lang': '',
                                      'latitude': 0,
                                      'location': '',
                                      'longitude': 0,
                                      'mac': '74-DA-88-00-00-00',
                                      'model': 'P100',
                                      'nickname': 'I01BU0tFRF9OQU1FIw==',
                                      'oem_id': 'REDACTED_06C60A9AEEA36A3347B6EBC',
                                      'on_time': 0,
                                      'overheated': False,
                                      'region': 'Europe/Rome',
                                      'rssi': -45,
                                      'signal_level': 3,
                                      'specs': 'EU',
                                      'ssid': 'I01BU0tFRF9TU0lEIw==',
                                      'time_diff': 60,
                                      'type': 'SMART.TAPOPLUG'}},
                          {'error_code': 0,
                           'method': 'get_connect_cloud_state',
                           'result': {'status': 0}}]}}
Device 192.168.100.112, found required cloud_connect, adding Cloud to modules.
Device 192.168.100.112, found required device, adding DeviceModule to modules.
Device 192.168.100.112, found required firmware, adding Firmware to modules.
Device 192.168.100.112, found required led, adding Led to modules.
Device 192.168.100.112, found required None, adding OverheatProtection to modules.
Device 192.168.100.112, found required time, adding Time to modules.
Querying 192.168.100.112 for modules: Time, Led
192.168.100.112 multi-request-batch-1-of-1 >> '{"method":"multipleRequest","request_time_milis":1744365192220,"terminal_uuid":"29cDGSYJ5QAz+50FJV/7cw==","params":{"requests":[{"method":"get_device_time"},{"method":"get_led_info"}]}}'
Device 192.168.100.112 waiting 0.23399999999674037 seconds to send request
Posting to http://192.168.100.112/app?token=1E0835038CB311B6CDE60BE46DC40EC5
192.168.100.112 multi-request-batch-1-of-1 << {'error_code': 0,
 'result': {'responses': [{'error_code': 0,
                           'method': 'get_device_time',
                           'result': {'region': 'Europe/Rome',
                                      'time_diff': 60,
                                      'timestamp': 1744365192}},
                          {'error_code': 0,
                           'method': 'get_led_info',
                           'result': {'led_rule': 'always',
                                      'led_status': False,
                                      'night_mode': {'end_time': 0,
                                                     'night_mode_type': 'unknown',
                                                     'start_time': 0,
                                                     'sunrise_offset': 0,
                                                     'sunset_offset': 0}}}]}}
Update completed 192.168.100.112: ['component_nego', 'get_device_info', 'get_connect_cloud_state', 'get_device_time', 'get_led_info']
Switching status
False
Using proactor: IocpProactor
[DISCOVERY] 192.168.100.112 >> {'system': {'get_sysinfo': {}}}
Waiting a total of 5 seconds for responses...
Using SmartDevice for SMART.TAPOPLUG
Finding protocol for 192.168.100.112
Finding protocol for DeviceFamily.SmartTapoPlug
Finding transport for SMART.AES
Created AES transport for 192.168.100.112
[DISCOVERY] 192.168.100.112 << {'error_code': 0,
 'result': {'device_id': 'REDACTED_c913ec3cd97a6bec2fbb1ee',
            'device_model': 'P100',
            'device_type': 'SMART.TAPOPLUG',
            'factory_default': False,
            'ip': '192.168.100.112',
            'is_support_iot_cloud': True,
            'mac': '74-DA-88-00-00-00',
            'mgt_encrypt_schm': {'encrypt_type': 'AES',
                                 'http_port': 80,
                                 'is_support_https': False,
                                 'lv': 2},
            'owner': 'REDACTED_19347acd812465188388075'}}
Initializing 192.168.100.112 of type <class 'kasa.smart.smartdevice.SmartDevice'>
192.168.100.112 >> '{"method":"set_device_info","request_time_milis":1744365194894,"terminal_uuid":"7VWLidWYVTSFPia2XnIb0A==","params":{"device_on":true}}'
Will perform handshaking...
Posting to http://192.168.100.112/app
Generating keypair
Handshake request: {'method': 'handshake', 'params': {'key': '-----BEGIN PUBLIC KEY-----\nMIGfMA0GCSqGSIb3DQEBAQUAA4GNADCBiQKBgQDK6KT2x72BIY9ZCV+D2EV3QZpG4Xxa4X7CD9VIR8iyFYb9i/aU8TgHQKma62PAxsUqoM5flQANjF6Lm545/plgQTeXDQU7qNzXzUV4BYc/arXCqBlvN5Z3p1EJQfSfjAxeUVQEAcuFVoc666HP1oxFIme5EUNCyXxQ2miEA7cQlwIDAQAB\n-----END PUBLIC KEY-----\n'}}
Device responded with: {'error_code': 0, 'result': {'key': 'YAv1K0K4Kx1hazoZck8VOLstsh7bMKosSF8DY6nUjr/ndGCbr80MGu9jCA37uTdvWGKCvwhsHYOqXP6qzzpBClmVsfOZTGd/kG581ooxOAhaY5cRRgA3dBPMGq17F3RGfbPqu7sV2ryzJ+3wivZGBZSt3DlrfzdLTD1Q73XTvZU='}}
Handshake with 192.168.100.112 complete
Posting to http://192.168.100.112/app
192.168.100.112: logged in with provided credentials
Posting to http://192.168.100.112/app?token=9FA2C1A92B198C1CF14C2A4E9C6EF96F
Device 192.168.100.112 received an os error, enabling sequential request delay: Server disconnected
Device 192.168.100.112 got a connection error, will retry 3 times: ('Device connection error: 192.168.100.112: Server disconnected', ServerDisconnectedError('Server disconnected'))
192.168.100.112 >> '{"method":"set_device_info","request_time_milis":1744365195055,"terminal_uuid":"7VWLidWYVTSFPia2XnIb0A==","params":{"device_on":true}}'
Device 192.168.100.112 waiting 0.25 seconds to send request
Posting to http://192.168.100.112/app?token=9FA2C1A92B198C1CF14C2A4E9C6EF96F
192.168.100.112 << {'error_code': 0}
192.168.100.112 multi-request-batch-1-of-1 >> '{"method":"multipleRequest","request_time_milis":1744365195473,"terminal_uuid":"7VWLidWYVTSFPia2XnIb0A==","params":{"requests":[{"method":"component_nego"},{"method":"get_device_info"},{"method":"get_connect_cloud_state"}]}}'
Device 192.168.100.112 waiting 0.25 seconds to send request
Posting to http://192.168.100.112/app?token=9FA2C1A92B198C1CF14C2A4E9C6EF96F
192.168.100.112 multi-request-batch-1-of-1 << {'error_code': 0,
 'result': {'responses': [{'error_code': 0,
                           'method': 'component_nego',
                           'result': {'component_list': [{'id': 'device',
                                                          'ver_code': 2},
                                                         {'id': 'firmware',
                                                          'ver_code': 1},
                                                         {'id': 'quick_setup',
                                                          'ver_code': 3},
                                                         {'id': 'time',
                                                          'ver_code': 1},
                                                         {'id': 'wireless',
                                                          'ver_code': 1},
                                                         {'id': 'schedule',
                                                          'ver_code': 2},
                                                         {'id': 'countdown',
                                                          'ver_code': 2},
                                                         {'id': 'antitheft',
                                                          'ver_code': 1},
                                                         {'id': 'account',
                                                          'ver_code': 1},
                                                         {'id': 'synchronize',
                                                          'ver_code': 1},
                                                         {'id': 'sunrise_sunset',
                                                          'ver_code': 1},
                                                         {'id': 'led',
                                                          'ver_code': 1},
                                                         {'id': 'cloud_connect',
                                                          'ver_code': 1},
                                                         {'id': 'iot_cloud',
                                                          'ver_code': 1},
                                                         {'id': 'default_states',
                                                          'ver_code': 1}]}},
                          {'error_code': 0,
                           'method': 'get_device_info',
                           'result': {'avatar': 'plug',
                                      'default_states': {'state': {},
                                                         'type': 'last_states'},
                                      'device_id': 'REDACTED_DB80F24B353338FA05BB18C1C486215',
                                      'device_on': True,
                                      'fw_id': 'REDACTED_A25ABDE41405B20C6F98816',
                                      'fw_ver': '1.3.7 Build 20230711 Rel. '
                                                '61904',
                                      'has_set_location_info': True,
                                      'hw_id': 'REDACTED_5B29645B8150C392284029D',
                                      'hw_ver': '1.0.0',
                                      'ip': '192.168.100.112',
                                      'lang': '',
                                      'latitude': 0,
                                      'location': '',
                                      'longitude': 0,
                                      'mac': '74-DA-88-00-00-00',
                                      'model': 'P100',
                                      'nickname': 'I01BU0tFRF9OQU1FIw==',
                                      'oem_id': 'REDACTED_06C60A9AEEA36A3347B6EBC',
                                      'on_time': 0,
                                      'overheated': False,
                                      'region': 'Europe/Rome',
                                      'rssi': -45,
                                      'signal_level': 3,
                                      'specs': 'EU',
                                      'ssid': 'I01BU0tFRF9TU0lEIw==',
                                      'time_diff': 60,
                                      'type': 'SMART.TAPOPLUG'}},
                          {'error_code': 0,
                           'method': 'get_connect_cloud_state',
                           'result': {'status': 0}}]}}
Device 192.168.100.112, found required cloud_connect, adding Cloud to modules.
Device 192.168.100.112, found required device, adding DeviceModule to modules.
Device 192.168.100.112, found required firmware, adding Firmware to modules.
Device 192.168.100.112, found required led, adding Led to modules.
Device 192.168.100.112, found required None, adding OverheatProtection to modules.
Device 192.168.100.112, found required time, adding Time to modules.
Querying 192.168.100.112 for modules: Time, Led
192.168.100.112 multi-request-batch-1-of-1 >> '{"method":"multipleRequest","request_time_milis":1744365195818,"terminal_uuid":"7VWLidWYVTSFPia2XnIb0A==","params":{"requests":[{"method":"get_device_time"},{"method":"get_led_info"}]}}'
Device 192.168.100.112 waiting 0.25 seconds to send request
Posting to http://192.168.100.112/app?token=9FA2C1A92B198C1CF14C2A4E9C6EF96F
192.168.100.112 multi-request-batch-1-of-1 << {'error_code': 0,
 'result': {'responses': [{'error_code': 0,
                           'method': 'get_device_time',
                           'result': {'region': 'Europe/Rome',
                                      'time_diff': 60,
                                      'timestamp': 1744365195}},
                          {'error_code': 0,
                           'method': 'get_led_info',
                           'result': {'led_rule': 'always',
                                      'led_status': True,
                                      'night_mode': {'end_time': 0,
                                                     'night_mode_type': 'unknown',
                                                     'start_time': 0,
                                                     'sunrise_offset': 0,
                                                     'sunset_offset': 0}}}]}}
Update completed 192.168.100.112: ['component_nego', 'get_device_info', 'get_connect_cloud_state', 'get_device_time', 'get_led_info']
True
False
Unclosed client session
client_session: <aiohttp.client.ClientSession object at 0x000001E8DC638F20>
Exception in default exception handler
Traceback (most recent call last):
  File "C:\Users\Davide\AppData\Local\Programs\Python\Python312\Lib\asyncio\base_events.py", line 1847, in call_exception_handler
    self.default_exception_handler(context)
  File "C:\Users\Davide\AppData\Local\Programs\Python\Python312\Lib\asyncio\base_events.py", line 1821, in default_exception_handler
    logger.error('\n'.join(log_lines), exc_info=exc_info)
  File "C:\Users\Davide\AppData\Local\Programs\Python\Python312\Lib\logging\__init__.py", line 1568, in error
    self._log(ERROR, msg, args, **kwargs)
  File "C:\Users\Davide\AppData\Local\Programs\Python\Python312\Lib\logging\__init__.py", line 1684, in _log
    self.handle(record)
  File "C:\Users\Davide\AppData\Local\Programs\Python\Python312\Lib\logging\__init__.py", line 1700, in handle
    self.callHandlers(record)
  File "C:\Users\Davide\AppData\Local\Programs\Python\Python312\Lib\logging\__init__.py", line 1762, in callHandlers
    hdlr.handle(record)
  File "C:\Users\Davide\Desktop\ServerSmartPlug\log_manager.py", line 16, in handle
    listener(record)
  File "C:\Users\Davide\Desktop\ServerSmartPlug\gui\windows.py", line 25, in _add_console_line
    self.console_text.configure(state='normal')
  File "C:\Users\Davide\AppData\Local\Programs\Python\Python312\Lib\tkinter\__init__.py", line 1722, in configure
    return self._configure('configure', cnf, kw)
           ^^^^^^^^^^^^^^^^^^^^^^^^^^^^^^^^^^^^^
  File "C:\Users\Davide\AppData\Local\Programs\Python\Python312\Lib\tkinter\__init__.py", line 1712, in _configure
    self.tk.call(_flatten((self._w, cmd)) + self._options(cnf))
_tkinter.TclError: invalid command name ".!frame4.!frame.!text"
Unclosed connector
connections: ['deque([(<aiohttp.client_proto.ResponseHandler object at 0x000001E8DC657AD0>, 153393.968)])']
connector: <aiohttp.connector.TCPConnector object at 0x000001E8DC6397F0>
Exception in default exception handler
Traceback (most recent call last):
  File "C:\Users\Davide\AppData\Local\Programs\Python\Python312\Lib\asyncio\base_events.py", line 1847, in call_exception_handler
    self.default_exception_handler(context)
  File "C:\Users\Davide\AppData\Local\Programs\Python\Python312\Lib\asyncio\base_events.py", line 1821, in default_exception_handler
    logger.error('\n'.join(log_lines), exc_info=exc_info)
  File "C:\Users\Davide\AppData\Local\Programs\Python\Python312\Lib\logging\__init__.py", line 1568, in error
    self._log(ERROR, msg, args, **kwargs)
  File "C:\Users\Davide\AppData\Local\Programs\Python\Python312\Lib\logging\__init__.py", line 1684, in _log
    self.handle(record)
  File "C:\Users\Davide\AppData\Local\Programs\Python\Python312\Lib\logging\__init__.py", line 1700, in handle
    self.callHandlers(record)
  File "C:\Users\Davide\AppData\Local\Programs\Python\Python312\Lib\logging\__init__.py", line 1762, in callHandlers
    hdlr.handle(record)
  File "C:\Users\Davide\Desktop\ServerSmartPlug\log_manager.py", line 16, in handle
    listener(record)
  File "C:\Users\Davide\Desktop\ServerSmartPlug\gui\windows.py", line 25, in _add_console_line
    self.console_text.configure(state='normal')
  File "C:\Users\Davide\AppData\Local\Programs\Python\Python312\Lib\tkinter\__init__.py", line 1722, in configure
    return self._configure('configure', cnf, kw)
           ^^^^^^^^^^^^^^^^^^^^^^^^^^^^^^^^^^^^^
  File "C:\Users\Davide\AppData\Local\Programs\Python\Python312\Lib\tkinter\__init__.py", line 1712, in _configure
    self.tk.call(_flatten((self._w, cmd)) + self._options(cnf))
_tkinter.TclError: invalid command name ".!frame4.!frame.!text"
C:\Users\Davide\AppData\Local\I3Lab - Politecnico di Milano\Server SmartPlug\options.json
Discovery started...
Using proactor: IocpProactor
Listening on 127.0.0.1:7071
[DISCOVERY] 255.255.255.255 >> {'system': {'get_sysinfo': {}}}
Waiting 5 seconds for responses...
Using proactor: IocpProactor
Using SmartDevice for SMART.TAPOPLUG
Finding protocol for 192.168.100.112
Finding protocol for DeviceFamily.SmartTapoPlug
Finding transport for SMART.AES
Created AES transport for 192.168.100.112
[DISCOVERY] 192.168.100.112 << {'error_code': 0,
 'result': {'device_id': 'REDACTED_c913ec3cd97a6bec2fbb1ee',
            'device_model': 'P100',
            'device_type': 'SMART.TAPOPLUG',
            'factory_default': False,
            'ip': '192.168.100.112',
            'is_support_iot_cloud': True,
            'mac': '74-DA-88-00-00-00',
            'mgt_encrypt_schm': {'encrypt_type': 'AES',
                                 'http_port': 80,
                                 'is_support_https': False,
                                 'lv': 2},
            'owner': 'REDACTED_19347acd812465188388075'}}
Initializing 192.168.100.112 of type <class 'kasa.smart.smartdevice.SmartDevice'>
Discovery finished! Found: 1 device(s)
Discovered 1 devices
Using proactor: IocpProactor
[DISCOVERY] 192.168.100.112 >> {'system': {'get_sysinfo': {}}}
Waiting a total of 5 seconds for responses...
Using SmartDevice for SMART.TAPOPLUG
Finding protocol for 192.168.100.112
Finding protocol for DeviceFamily.SmartTapoPlug
Finding transport for SMART.AES
Created AES transport for 192.168.100.112
[DISCOVERY] 192.168.100.112 << {'error_code': 0,
 'result': {'device_id': 'REDACTED_c913ec3cd97a6bec2fbb1ee',
            'device_model': 'P100',
            'device_type': 'SMART.TAPOPLUG',
            'factory_default': False,
            'ip': '192.168.100.112',
            'is_support_iot_cloud': True,
            'mac': '74-DA-88-00-00-00',
            'mgt_encrypt_schm': {'encrypt_type': 'AES',
                                 'http_port': 80,
                                 'is_support_https': False,
                                 'lv': 2},
            'owner': 'REDACTED_19347acd812465188388075'}}
Initializing 192.168.100.112 of type <class 'kasa.smart.smartdevice.SmartDevice'>
192.168.100.112 multi-request-batch-1-of-1 >> '{"method":"multipleRequest","request_time_milis":1744365252691,"terminal_uuid":"fZZbee4qmF5/2ImvsplXrQ==","params":{"requests":[{"method":"component_nego"},{"method":"get_device_info"},{"method":"get_connect_cloud_state"}]}}'
Will perform handshaking...
Posting to http://192.168.100.112/app
Generating keypair
Handshake request: {'method': 'handshake', 'params': {'key': '-----BEGIN PUBLIC KEY-----\nMIGfMA0GCSqGSIb3DQEBAQUAA4GNADCBiQKBgQDDxRM7eKeYlsiylI8c0P6UdvTW1JhxeirUCQMSG7SrRniLBH+EqW9eEtnamBN8Z6ejlCeRJtinml+J38n8iEJd8C91jIo3Xp0PYlMQAxgMcm1FLgCDd8UoadFfK+YlRcaSsaREz2GJhGEiecSajI58clP9kA8ON9/Vw0x/gdh59wIDAQAB\n-----END PUBLIC KEY-----\n'}}
Device responded with: {'error_code': 0, 'result': {'key': 'gngYer2j6LO1zWloN4Y0T/l46xtzqwuT/+Y0J19ZninZV6JzGdqXZbtewkBz7f5KuxJALvaQ49tlbPQ0Hl7DPAWAncxCvqv/+DqM5cwtqAsVEjE0E3Migp0jJZhZtDlKrSe1DJzYUpX2VbE5IDzBg7QE1hKmX1NbAfbkgtQ28Lw='}}
Handshake with 192.168.100.112 complete
Posting to http://192.168.100.112/app
192.168.100.112: logged in with provided credentials
Posting to http://192.168.100.112/app?token=3923DF28B898CB9DF0CD41CF54EF04EE
Device 192.168.100.112 received an os error, enabling sequential request delay: Server disconnected
Device 192.168.100.112 got a connection error, will retry 3 times: ('Device connection error: 192.168.100.112: Server disconnected', ServerDisconnectedError('Server disconnected'))
192.168.100.112 multi-request-batch-1-of-1 >> '{"method":"multipleRequest","request_time_milis":1744365252859,"terminal_uuid":"fZZbee4qmF5/2ImvsplXrQ==","params":{"requests":[{"method":"component_nego"},{"method":"get_device_info"},{"method":"get_connect_cloud_state"}]}}'
Device 192.168.100.112 waiting 0.25 seconds to send request
Posting to http://192.168.100.112/app?token=3923DF28B898CB9DF0CD41CF54EF04EE
192.168.100.112 multi-request-batch-1-of-1 << {'error_code': 0,
 'result': {'responses': [{'error_code': 0,
                           'method': 'component_nego',
                           'result': {'component_list': [{'id': 'device',
                                                          'ver_code': 2},
                                                         {'id': 'firmware',
                                                          'ver_code': 1},
                                                         {'id': 'quick_setup',
                                                          'ver_code': 3},
                                                         {'id': 'time',
                                                          'ver_code': 1},
                                                         {'id': 'wireless',
                                                          'ver_code': 1},
                                                         {'id': 'schedule',
                                                          'ver_code': 2},
                                                         {'id': 'countdown',
                                                          'ver_code': 2},
                                                         {'id': 'antitheft',
                                                          'ver_code': 1},
                                                         {'id': 'account',
                                                          'ver_code': 1},
                                                         {'id': 'synchronize',
                                                          'ver_code': 1},
                                                         {'id': 'sunrise_sunset',
                                                          'ver_code': 1},
                                                         {'id': 'led',
                                                          'ver_code': 1},
                                                         {'id': 'cloud_connect',
                                                          'ver_code': 1},
                                                         {'id': 'iot_cloud',
                                                          'ver_code': 1},
                                                         {'id': 'default_states',
                                                          'ver_code': 1}]}},
                          {'error_code': 0,
                           'method': 'get_device_info',
                           'result': {'avatar': 'plug',
                                      'default_states': {'state': {},
                                                         'type': 'last_states'},
                                      'device_id': 'REDACTED_DB80F24B353338FA05BB18C1C486215',
                                      'device_on': True,
                                      'fw_id': 'REDACTED_A25ABDE41405B20C6F98816',
                                      'fw_ver': '1.3.7 Build 20230711 Rel. '
                                                '61904',
                                      'has_set_location_info': True,
                                      'hw_id': 'REDACTED_5B29645B8150C392284029D',
                                      'hw_ver': '1.0.0',
                                      'ip': '192.168.100.112',
                                      'lang': '',
                                      'latitude': 0,
                                      'location': '',
                                      'longitude': 0,
                                      'mac': '74-DA-88-00-00-00',
                                      'model': 'P100',
                                      'nickname': 'I01BU0tFRF9OQU1FIw==',
                                      'oem_id': 'REDACTED_06C60A9AEEA36A3347B6EBC',
                                      'on_time': 57,
                                      'overheated': False,
                                      'region': 'Europe/Rome',
                                      'rssi': -44,
                                      'signal_level': 3,
                                      'specs': 'EU',
                                      'ssid': 'I01BU0tFRF9TU0lEIw==',
                                      'time_diff': 60,
                                      'type': 'SMART.TAPOPLUG'}},
                          {'error_code': 0,
                           'method': 'get_connect_cloud_state',
                           'result': {'status': 0}}]}}
Device 192.168.100.112, found required cloud_connect, adding Cloud to modules.
Device 192.168.100.112, found required device, adding DeviceModule to modules.
Device 192.168.100.112, found required firmware, adding Firmware to modules.
Device 192.168.100.112, found required led, adding Led to modules.
Device 192.168.100.112, found required None, adding OverheatProtection to modules.
Device 192.168.100.112, found required time, adding Time to modules.
Querying 192.168.100.112 for modules: Time, Led
192.168.100.112 multi-request-batch-1-of-1 >> '{"method":"multipleRequest","request_time_milis":1744365253205,"terminal_uuid":"fZZbee4qmF5/2ImvsplXrQ==","params":{"requests":[{"method":"get_device_time"},{"method":"get_led_info"}]}}'
Device 192.168.100.112 waiting 0.23399999999674037 seconds to send request
Posting to http://192.168.100.112/app?token=3923DF28B898CB9DF0CD41CF54EF04EE
192.168.100.112 multi-request-batch-1-of-1 << {'error_code': 0,
 'result': {'responses': [{'error_code': 0,
                           'method': 'get_device_time',
                           'result': {'region': 'Europe/Rome',
                                      'time_diff': 60,
                                      'timestamp': 1744365253}},
                          {'error_code': 0,
                           'method': 'get_led_info',
                           'result': {'led_rule': 'always',
                                      'led_status': True,
                                      'night_mode': {'end_time': 0,
                                                     'night_mode_type': 'unknown',
                                                     'start_time': 0,
                                                     'sunrise_offset': 0,
                                                     'sunset_offset': 0}}}]}}
Update completed 192.168.100.112: ['component_nego', 'get_device_info', 'get_connect_cloud_state', 'get_device_time', 'get_led_info']
Switching status
Using proactor: IocpProactor
[DISCOVERY] 192.168.100.112 >> {'system': {'get_sysinfo': {}}}
Waiting a total of 5 seconds for responses...
Using SmartDevice for SMART.TAPOPLUG
Finding protocol for 192.168.100.112
Finding protocol for DeviceFamily.SmartTapoPlug
Finding transport for SMART.AES
Created AES transport for 192.168.100.112
[DISCOVERY] 192.168.100.112 << {'error_code': 0,
 'result': {'device_id': 'REDACTED_c913ec3cd97a6bec2fbb1ee',
            'device_model': 'P100',
            'device_type': 'SMART.TAPOPLUG',
            'factory_default': False,
            'ip': '192.168.100.112',
            'is_support_iot_cloud': True,
            'mac': '74-DA-88-00-00-00',
            'mgt_encrypt_schm': {'encrypt_type': 'AES',
                                 'http_port': 80,
                                 'is_support_https': False,
                                 'lv': 2},
            'owner': 'REDACTED_19347acd812465188388075'}}
Initializing 192.168.100.112 of type <class 'kasa.smart.smartdevice.SmartDevice'>
192.168.100.112 >> '{"method":"set_device_info","request_time_milis":1744365256109,"terminal_uuid":"MDcr8SwdlbEr78/qMQ7evQ==","params":{"device_on":false}}'
Will perform handshaking...
Posting to http://192.168.100.112/app
Generating keypair
Handshake request: {'method': 'handshake', 'params': {'key': '-----BEGIN PUBLIC KEY-----\nMIGfMA0GCSqGSIb3DQEBAQUAA4GNADCBiQKBgQDrbS7kcIQIJFJauRSbZAYAIn4DeJ9hCjOkYZ8ZWdb1niEuqZshgLTjeSjMdrxeD7DMG5FifjoOtWvmbkY9rIGHqhBX+sLNgWEISAHsespQCVT9qj6ozJGK4CH7yU/6qJ0Z2V8gmR+3p1R4vjrcuK5gd6frXaNuvltIhtam8v7sNwIDAQAB\n-----END PUBLIC KEY-----\n'}}
Device responded with: {'error_code': 0, 'result': {'key': 'mNSNQyiAgmrJij4h616hteoTa9zz4dx7a9Fuw0CCnyl7adS4FulD+G+FBq+ta10ycQnN4buGLReKrVpjG0+bbclGsmMLlqwv+JD5R+39dh1ybQP/UeDiU3UGnzL4mSSY9IlSf92+5+t4kYs4/3BlbUlbME+Vc1RuGZ0lr3mPGDI='}}
Handshake with 192.168.100.112 complete
Posting to http://192.168.100.112/app
192.168.100.112: logged in with provided credentials
Posting to http://192.168.100.112/app?token=1B9C0696DE365033B463FB6109412E40
Device 192.168.100.112 received an os error, enabling sequential request delay: Server disconnected
Device 192.168.100.112 got a connection error, will retry 3 times: ('Device connection error: 192.168.100.112: Server disconnected', ServerDisconnectedError('Server disconnected'))
192.168.100.112 >> '{"method":"set_device_info","request_time_milis":1744365256342,"terminal_uuid":"MDcr8SwdlbEr78/qMQ7evQ==","params":{"device_on":false}}'
Device 192.168.100.112 waiting 0.25 seconds to send request
Posting to http://192.168.100.112/app?token=1B9C0696DE365033B463FB6109412E40
192.168.100.112 << {'error_code': 0}
192.168.100.112 multi-request-batch-1-of-1 >> '{"method":"multipleRequest","request_time_milis":1744365256698,"terminal_uuid":"MDcr8SwdlbEr78/qMQ7evQ==","params":{"requests":[{"method":"component_nego"},{"method":"get_device_info"},{"method":"get_connect_cloud_state"}]}}'
Device 192.168.100.112 waiting 0.25 seconds to send request
Posting to http://192.168.100.112/app?token=1B9C0696DE365033B463FB6109412E40
192.168.100.112 multi-request-batch-1-of-1 << {'error_code': 0,
 'result': {'responses': [{'error_code': 0,
                           'method': 'component_nego',
                           'result': {'component_list': [{'id': 'device',
                                                          'ver_code': 2},
                                                         {'id': 'firmware',
                                                          'ver_code': 1},
                                                         {'id': 'quick_setup',
                                                          'ver_code': 3},
                                                         {'id': 'time',
                                                          'ver_code': 1},
                                                         {'id': 'wireless',
                                                          'ver_code': 1},
                                                         {'id': 'schedule',
                                                          'ver_code': 2},
                                                         {'id': 'countdown',
                                                          'ver_code': 2},
                                                         {'id': 'antitheft',
                                                          'ver_code': 1},
                                                         {'id': 'account',
                                                          'ver_code': 1},
                                                         {'id': 'synchronize',
                                                          'ver_code': 1},
                                                         {'id': 'sunrise_sunset',
                                                          'ver_code': 1},
                                                         {'id': 'led',
                                                          'ver_code': 1},
                                                         {'id': 'cloud_connect',
                                                          'ver_code': 1},
                                                         {'id': 'iot_cloud',
                                                          'ver_code': 1},
                                                         {'id': 'default_states',
                                                          'ver_code': 1}]}},
                          {'error_code': 0,
                           'method': 'get_device_info',
                           'result': {'avatar': 'plug',
                                      'default_states': {'state': {},
                                                         'type': 'last_states'},
                                      'device_id': 'REDACTED_DB80F24B353338FA05BB18C1C486215',
                                      'device_on': False,
                                      'fw_id': 'REDACTED_A25ABDE41405B20C6F98816',
                                      'fw_ver': '1.3.7 Build 20230711 Rel. '
                                                '61904',
                                      'has_set_location_info': True,
                                      'hw_id': 'REDACTED_5B29645B8150C392284029D',
                                      'hw_ver': '1.0.0',
                                      'ip': '192.168.100.112',
                                      'lang': '',
                                      'latitude': 0,
                                      'location': '',
                                      'longitude': 0,
                                      'mac': '74-DA-88-00-00-00',
                                      'model': 'P100',
                                      'nickname': 'I01BU0tFRF9OQU1FIw==',
                                      'oem_id': 'REDACTED_06C60A9AEEA36A3347B6EBC',
                                      'on_time': 0,
                                      'overheated': False,
                                      'region': 'Europe/Rome',
                                      'rssi': -44,
                                      'signal_level': 3,
                                      'specs': 'EU',
                                      'ssid': 'I01BU0tFRF9TU0lEIw==',
                                      'time_diff': 60,
                                      'type': 'SMART.TAPOPLUG'}},
                          {'error_code': 0,
                           'method': 'get_connect_cloud_state',
                           'result': {'status': 0}}]}}
Device 192.168.100.112, found required cloud_connect, adding Cloud to modules.
Device 192.168.100.112, found required device, adding DeviceModule to modules.
Device 192.168.100.112, found required firmware, adding Firmware to modules.
Device 192.168.100.112, found required led, adding Led to modules.
Device 192.168.100.112, found required None, adding OverheatProtection to modules.
Device 192.168.100.112, found required time, adding Time to modules.
Querying 192.168.100.112 for modules: Time, Led
192.168.100.112 multi-request-batch-1-of-1 >> '{"method":"multipleRequest","request_time_milis":1744365257044,"terminal_uuid":"MDcr8SwdlbEr78/qMQ7evQ==","params":{"requests":[{"method":"get_device_time"},{"method":"get_led_info"}]}}'
Device 192.168.100.112 waiting 0.23399999999674037 seconds to send request
Posting to http://192.168.100.112/app?token=1B9C0696DE365033B463FB6109412E40
192.168.100.112 multi-request-batch-1-of-1 << {'error_code': 0,
 'result': {'responses': [{'error_code': 0,
                           'method': 'get_device_time',
                           'result': {'region': 'Europe/Rome',
                                      'time_diff': 60,
                                      'timestamp': 1744365257}},
                          {'error_code': 0,
                           'method': 'get_led_info',
                           'result': {'led_rule': 'always',
                                      'led_status': False,
                                      'night_mode': {'end_time': 0,
                                                     'night_mode_type': 'unknown',
                                                     'start_time': 0,
                                                     'sunrise_offset': 0,
                                                     'sunset_offset': 0}}}]}}
Update completed 192.168.100.112: ['component_nego', 'get_device_info', 'get_connect_cloud_state', 'get_device_time', 'get_led_info']
False
Unclosed client session
client_session: <aiohttp.client.ClientSession object at 0x000001FE3CE891C0>
Unclosed connector
connections: ['deque([(<aiohttp.client_proto.ResponseHandler object at 0x000001FE3CEABA70>, 153454.953)])']
connector: <aiohttp.connector.TCPConnector object at 0x000001FE3CE89910>
C:\Users\Davide\AppData\Local\I3Lab - Politecnico di Milano\Server SmartPlug\options.json
Discovery started...
Using proactor: IocpProactor
Listening on 127.0.0.1:7071
[DISCOVERY] 255.255.255.255 >> {'system': {'get_sysinfo': {}}}
Waiting 5 seconds for responses...
Using proactor: IocpProactor
Using SmartDevice for SMART.TAPOPLUG
Finding protocol for 192.168.100.112
Finding protocol for DeviceFamily.SmartTapoPlug
Finding transport for SMART.AES
Created AES transport for 192.168.100.112
[DISCOVERY] 192.168.100.112 << {'error_code': 0,
 'result': {'device_id': 'REDACTED_c913ec3cd97a6bec2fbb1ee',
            'device_model': 'P100',
            'device_type': 'SMART.TAPOPLUG',
            'factory_default': False,
            'ip': '192.168.100.112',
            'is_support_iot_cloud': True,
            'mac': '74-DA-88-00-00-00',
            'mgt_encrypt_schm': {'encrypt_type': 'AES',
                                 'http_port': 80,
                                 'is_support_https': False,
                                 'lv': 2},
            'owner': 'REDACTED_19347acd812465188388075'}}
Initializing 192.168.100.112 of type <class 'kasa.smart.smartdevice.SmartDevice'>
Discovery finished! Found: 1 device(s)
Discovered 1 devices
Using proactor: IocpProactor
[DISCOVERY] 192.168.100.112 >> {'system': {'get_sysinfo': {}}}
Waiting a total of 5 seconds for responses...
Using SmartDevice for SMART.TAPOPLUG
Finding protocol for 192.168.100.112
Finding protocol for DeviceFamily.SmartTapoPlug
Finding transport for SMART.AES
Created AES transport for 192.168.100.112
[DISCOVERY] 192.168.100.112 << {'error_code': 0,
 'result': {'device_id': 'REDACTED_c913ec3cd97a6bec2fbb1ee',
            'device_model': 'P100',
            'device_type': 'SMART.TAPOPLUG',
            'factory_default': False,
            'ip': '192.168.100.112',
            'is_support_iot_cloud': True,
            'mac': '74-DA-88-00-00-00',
            'mgt_encrypt_schm': {'encrypt_type': 'AES',
                                 'http_port': 80,
                                 'is_support_https': False,
                                 'lv': 2},
            'owner': 'REDACTED_19347acd812465188388075'}}
Initializing 192.168.100.112 of type <class 'kasa.smart.smartdevice.SmartDevice'>
192.168.100.112 multi-request-batch-1-of-1 >> '{"method":"multipleRequest","request_time_milis":1744365592914,"terminal_uuid":"+sMldd7sS0JKXpBpe7gWZw==","params":{"requests":[{"method":"component_nego"},{"method":"get_device_info"},{"method":"get_connect_cloud_state"}]}}'
Will perform handshaking...
Posting to http://192.168.100.112/app
Generating keypair
Handshake request: {'method': 'handshake', 'params': {'key': '-----BEGIN PUBLIC KEY-----\nMIGfMA0GCSqGSIb3DQEBAQUAA4GNADCBiQKBgQDMXGEietLnT0r14wbgbu1lKqH164qxtbISfA2oxyKEy1L4DPIgo+Exq56EiIB7NOhZeVC78Xd4G1CBQvrlxCEPp8aVjae6dDQdUUFslgAfsX0eJnJewCKMzLzCHwklXbv6glOwmvNagB7gzVhjcRqRGp60r/t6tdtoJ/bs9CtUdQIDAQAB\n-----END PUBLIC KEY-----\n'}}
Device responded with: {'error_code': 0, 'result': {'key': 'fGtgIBVRebMjSySbvWUUIv8BOqYYl36dKqlHwOxOVLEcaOO3Tw5oRZKunYZY8OojvIvTGeB+AJpmo+tTPUX9jbDzZRL2WV+547qKz2KsFBRq0hTTLw1kA2ceAtVoCDoEI7Q7bO+4ID/wgRqAQLu01o5eB8/JcOAdzm45q/iJ654='}}
Handshake with 192.168.100.112 complete
Posting to http://192.168.100.112/app
192.168.100.112: logged in with provided credentials
Posting to http://192.168.100.112/app?token=A6B6A5B295F294F084D084D184C18CC1
Device 192.168.100.112 received an os error, enabling sequential request delay: Server disconnected
Device 192.168.100.112 got a connection error, will retry 3 times: ('Device connection error: 192.168.100.112: Server disconnected', ServerDisconnectedError('Server disconnected'))
192.168.100.112 multi-request-batch-1-of-1 >> '{"method":"multipleRequest","request_time_milis":1744365593059,"terminal_uuid":"+sMldd7sS0JKXpBpe7gWZw==","params":{"requests":[{"method":"component_nego"},{"method":"get_device_info"},{"method":"get_connect_cloud_state"}]}}'
Device 192.168.100.112 waiting 0.25 seconds to send request
Posting to http://192.168.100.112/app?token=A6B6A5B295F294F084D084D184C18CC1
192.168.100.112 multi-request-batch-1-of-1 << {'error_code': 0,
 'result': {'responses': [{'error_code': 0,
                           'method': 'component_nego',
                           'result': {'component_list': [{'id': 'device',
                                                          'ver_code': 2},
                                                         {'id': 'firmware',
                                                          'ver_code': 1},
                                                         {'id': 'quick_setup',
                                                          'ver_code': 3},
                                                         {'id': 'time',
                                                          'ver_code': 1},
                                                         {'id': 'wireless',
                                                          'ver_code': 1},
                                                         {'id': 'schedule',
                                                          'ver_code': 2},
                                                         {'id': 'countdown',
                                                          'ver_code': 2},
                                                         {'id': 'antitheft',
                                                          'ver_code': 1},
                                                         {'id': 'account',
                                                          'ver_code': 1},
                                                         {'id': 'synchronize',
                                                          'ver_code': 1},
                                                         {'id': 'sunrise_sunset',
                                                          'ver_code': 1},
                                                         {'id': 'led',
                                                          'ver_code': 1},
                                                         {'id': 'cloud_connect',
                                                          'ver_code': 1},
                                                         {'id': 'iot_cloud',
                                                          'ver_code': 1},
                                                         {'id': 'default_states',
                                                          'ver_code': 1}]}},
                          {'error_code': 0,
                           'method': 'get_device_info',
                           'result': {'avatar': 'plug',
                                      'default_states': {'state': {},
                                                         'type': 'last_states'},
                                      'device_id': 'REDACTED_DB80F24B353338FA05BB18C1C486215',
                                      'device_on': False,
                                      'fw_id': 'REDACTED_A25ABDE41405B20C6F98816',
                                      'fw_ver': '1.3.7 Build 20230711 Rel. '
                                                '61904',
                                      'has_set_location_info': True,
                                      'hw_id': 'REDACTED_5B29645B8150C392284029D',
                                      'hw_ver': '1.0.0',
                                      'ip': '192.168.100.112',
                                      'lang': '',
                                      'latitude': 0,
                                      'location': '',
                                      'longitude': 0,
                                      'mac': '74-DA-88-00-00-00',
                                      'model': 'P100',
                                      'nickname': 'I01BU0tFRF9OQU1FIw==',
                                      'oem_id': 'REDACTED_06C60A9AEEA36A3347B6EBC',
                                      'on_time': 0,
                                      'overheated': False,
                                      'region': 'Europe/Rome',
                                      'rssi': -45,
                                      'signal_level': 3,
                                      'specs': 'EU',
                                      'ssid': 'I01BU0tFRF9TU0lEIw==',
                                      'time_diff': 60,
                                      'type': 'SMART.TAPOPLUG'}},
                          {'error_code': 0,
                           'method': 'get_connect_cloud_state',
                           'result': {'status': 0}}]}}
Device 192.168.100.112, found required cloud_connect, adding Cloud to modules.
Device 192.168.100.112, found required device, adding DeviceModule to modules.
Device 192.168.100.112, found required firmware, adding Firmware to modules.
Device 192.168.100.112, found required led, adding Led to modules.
Device 192.168.100.112, found required None, adding OverheatProtection to modules.
Device 192.168.100.112, found required time, adding Time to modules.
Querying 192.168.100.112 for modules: Time, Led
192.168.100.112 multi-request-batch-1-of-1 >> '{"method":"multipleRequest","request_time_milis":1744365593408,"terminal_uuid":"+sMldd7sS0JKXpBpe7gWZw==","params":{"requests":[{"method":"get_device_time"},{"method":"get_led_info"}]}}'
Device 192.168.100.112 waiting 0.25 seconds to send request
Posting to http://192.168.100.112/app?token=A6B6A5B295F294F084D084D184C18CC1
192.168.100.112 multi-request-batch-1-of-1 << {'error_code': 0,
 'result': {'responses': [{'error_code': 0,
                           'method': 'get_device_time',
                           'result': {'region': 'Europe/Rome',
                                      'time_diff': 60,
                                      'timestamp': 1744365593}},
                          {'error_code': 0,
                           'method': 'get_led_info',
                           'result': {'led_rule': 'always',
                                      'led_status': False,
                                      'night_mode': {'end_time': 0,
                                                     'night_mode_type': 'unknown',
                                                     'start_time': 0,
                                                     'sunrise_offset': 0,
                                                     'sunset_offset': 0}}}]}}
Update completed 192.168.100.112: ['component_nego', 'get_device_info', 'get_connect_cloud_state', 'get_device_time', 'get_led_info']
Switching status
Using proactor: IocpProactor
[DISCOVERY] 192.168.100.112 >> {'system': {'get_sysinfo': {}}}
Waiting a total of 5 seconds for responses...
Using SmartDevice for SMART.TAPOPLUG
Finding protocol for 192.168.100.112
Finding protocol for DeviceFamily.SmartTapoPlug
Finding transport for SMART.AES
Created AES transport for 192.168.100.112
[DISCOVERY] 192.168.100.112 << {'error_code': 0,
 'result': {'device_id': 'REDACTED_c913ec3cd97a6bec2fbb1ee',
            'device_model': 'P100',
            'device_type': 'SMART.TAPOPLUG',
            'factory_default': False,
            'ip': '192.168.100.112',
            'is_support_iot_cloud': True,
            'mac': '74-DA-88-00-00-00',
            'mgt_encrypt_schm': {'encrypt_type': 'AES',
                                 'http_port': 80,
                                 'is_support_https': False,
                                 'lv': 2},
            'owner': 'REDACTED_19347acd812465188388075'}}
Initializing 192.168.100.112 of type <class 'kasa.smart.smartdevice.SmartDevice'>
192.168.100.112 >> '{"method":"set_device_info","request_time_milis":1744365595333,"terminal_uuid":"Ak9Z1Y7YKB2bRRkEKVm7Eg==","params":{"device_on":true}}'
Will perform handshaking...
Posting to http://192.168.100.112/app
Generating keypair
Handshake request: {'method': 'handshake', 'params': {'key': '-----BEGIN PUBLIC KEY-----\nMIGfMA0GCSqGSIb3DQEBAQUAA4GNADCBiQKBgQDQbNd50PeBiDimc0KL0jF4eoEwcklkz2L8jjRvSkk/GFeBsdGKlvK5NwKfR3VVwE1pNOcWmORjcgFPkYu2vRCXOtPfxTJnMhRpP2FwP75xrKtrkIvBdG9YE3dgff7STyx8jU2xApPr9zuSPHmC0/e6Sxs27BQQVI4aIDabgjmJ4QIDAQAB\n-----END PUBLIC KEY-----\n'}}
Device responded with: {'error_code': 0, 'result': {'key': 'tIx/w53ktjWwF+LMDNdXntkKSrLrXQCRP7SnM5wDPmD9fiHmYrCMZ7CTkpEV57qtTn820An3fkkAKau5yr9HqTFmFhk/6quxUCewTApL+unuCuzMDirl2W5T1wOfXnAMqO67BihhrPa2BMg2PnuAvNsjQq4Bez/8gdlvlHZDclw='}}
Handshake with 192.168.100.112 complete
Posting to http://192.168.100.112/app
192.168.100.112: logged in with provided credentials
Posting to http://192.168.100.112/app?token=C6C37FC6E2963E94F0B41EB5F9A586A5
Device 192.168.100.112 received an os error, enabling sequential request delay: Server disconnected
Device 192.168.100.112 got a connection error, will retry 3 times: ('Device connection error: 192.168.100.112: Server disconnected', ServerDisconnectedError('Server disconnected'))
192.168.100.112 >> '{"method":"set_device_info","request_time_milis":1744365595513,"terminal_uuid":"Ak9Z1Y7YKB2bRRkEKVm7Eg==","params":{"device_on":true}}'
Device 192.168.100.112 waiting 0.25 seconds to send request
Posting to http://192.168.100.112/app?token=C6C37FC6E2963E94F0B41EB5F9A586A5
192.168.100.112 << {'error_code': 0}
192.168.100.112 multi-request-batch-1-of-1 >> '{"method":"multipleRequest","request_time_milis":1744365595877,"terminal_uuid":"Ak9Z1Y7YKB2bRRkEKVm7Eg==","params":{"requests":[{"method":"component_nego"},{"method":"get_device_info"},{"method":"get_connect_cloud_state"}]}}'
Device 192.168.100.112 waiting 0.25 seconds to send request
Posting to http://192.168.100.112/app?token=C6C37FC6E2963E94F0B41EB5F9A586A5
192.168.100.112 multi-request-batch-1-of-1 << {'error_code': 0,
 'result': {'responses': [{'error_code': 0,
                           'method': 'component_nego',
                           'result': {'component_list': [{'id': 'device',
                                                          'ver_code': 2},
                                                         {'id': 'firmware',
                                                          'ver_code': 1},
                                                         {'id': 'quick_setup',
                                                          'ver_code': 3},
                                                         {'id': 'time',
                                                          'ver_code': 1},
                                                         {'id': 'wireless',
                                                          'ver_code': 1},
                                                         {'id': 'schedule',
                                                          'ver_code': 2},
                                                         {'id': 'countdown',
                                                          'ver_code': 2},
                                                         {'id': 'antitheft',
                                                          'ver_code': 1},
                                                         {'id': 'account',
                                                          'ver_code': 1},
                                                         {'id': 'synchronize',
                                                          'ver_code': 1},
                                                         {'id': 'sunrise_sunset',
                                                          'ver_code': 1},
                                                         {'id': 'led',
                                                          'ver_code': 1},
                                                         {'id': 'cloud_connect',
                                                          'ver_code': 1},
                                                         {'id': 'iot_cloud',
                                                          'ver_code': 1},
                                                         {'id': 'default_states',
                                                          'ver_code': 1}]}},
                          {'error_code': 0,
                           'method': 'get_device_info',
                           'result': {'avatar': 'plug',
                                      'default_states': {'state': {},
                                                         'type': 'last_states'},
                                      'device_id': 'REDACTED_DB80F24B353338FA05BB18C1C486215',
                                      'device_on': True,
                                      'fw_id': 'REDACTED_A25ABDE41405B20C6F98816',
                                      'fw_ver': '1.3.7 Build 20230711 Rel. '
                                                '61904',
                                      'has_set_location_info': True,
                                      'hw_id': 'REDACTED_5B29645B8150C392284029D',
                                      'hw_ver': '1.0.0',
                                      'ip': '192.168.100.112',
                                      'lang': '',
                                      'latitude': 0,
                                      'location': '',
                                      'longitude': 0,
                                      'mac': '74-DA-88-00-00-00',
                                      'model': 'P100',
                                      'nickname': 'I01BU0tFRF9OQU1FIw==',
                                      'oem_id': 'REDACTED_06C60A9AEEA36A3347B6EBC',
                                      'on_time': 0,
                                      'overheated': False,
                                      'region': 'Europe/Rome',
                                      'rssi': -45,
                                      'signal_level': 3,
                                      'specs': 'EU',
                                      'ssid': 'I01BU0tFRF9TU0lEIw==',
                                      'time_diff': 60,
                                      'type': 'SMART.TAPOPLUG'}},
                          {'error_code': 0,
                           'method': 'get_connect_cloud_state',
                           'result': {'status': 0}}]}}
Device 192.168.100.112, found required cloud_connect, adding Cloud to modules.
Device 192.168.100.112, found required device, adding DeviceModule to modules.
Device 192.168.100.112, found required firmware, adding Firmware to modules.
Device 192.168.100.112, found required led, adding Led to modules.
Device 192.168.100.112, found required None, adding OverheatProtection to modules.
Device 192.168.100.112, found required time, adding Time to modules.
Querying 192.168.100.112 for modules: Time, Led
192.168.100.112 multi-request-batch-1-of-1 >> '{"method":"multipleRequest","request_time_milis":1744365596222,"terminal_uuid":"Ak9Z1Y7YKB2bRRkEKVm7Eg==","params":{"requests":[{"method":"get_device_time"},{"method":"get_led_info"}]}}'
Device 192.168.100.112 waiting 0.23399999999674037 seconds to send request
Posting to http://192.168.100.112/app?token=C6C37FC6E2963E94F0B41EB5F9A586A5
192.168.100.112 multi-request-batch-1-of-1 << {'error_code': 0,
 'result': {'responses': [{'error_code': 0,
                           'method': 'get_device_time',
                           'result': {'region': 'Europe/Rome',
                                      'time_diff': 60,
                                      'timestamp': 1744365596}},
                          {'error_code': 0,
                           'method': 'get_led_info',
                           'result': {'led_rule': 'always',
                                      'led_status': True,
                                      'night_mode': {'end_time': 0,
                                                     'night_mode_type': 'unknown',
                                                     'start_time': 0,
                                                     'sunrise_offset': 0,
                                                     'sunset_offset': 0}}}]}}
Update completed 192.168.100.112: ['component_nego', 'get_device_info', 'get_connect_cloud_state', 'get_device_time', 'get_led_info']
True
device is: 
False
Discovery started...
Using proactor: IocpProactor
[DISCOVERY] 255.255.255.255 >> {'system': {'get_sysinfo': {}}}
Waiting 5 seconds for responses...
Using SmartDevice for SMART.TAPOPLUG
Finding protocol for 192.168.100.112
Finding protocol for DeviceFamily.SmartTapoPlug
Finding transport for SMART.AES
Created AES transport for 192.168.100.112
[DISCOVERY] 192.168.100.112 << {'error_code': 0,
 'result': {'device_id': 'REDACTED_c913ec3cd97a6bec2fbb1ee',
            'device_model': 'P100',
            'device_type': 'SMART.TAPOPLUG',
            'factory_default': False,
            'ip': '192.168.100.112',
            'is_support_iot_cloud': True,
            'mac': '74-DA-88-00-00-00',
            'mgt_encrypt_schm': {'encrypt_type': 'AES',
                                 'http_port': 80,
                                 'is_support_https': False,
                                 'lv': 2},
            'owner': 'REDACTED_19347acd812465188388075'}}
Initializing 192.168.100.112 of type <class 'kasa.smart.smartdevice.SmartDevice'>
Discovery finished! Found: 1 device(s)
Discovered 1 devices
Using proactor: IocpProactor
[DISCOVERY] 192.168.100.112 >> {'system': {'get_sysinfo': {}}}
Waiting a total of 5 seconds for responses...
Using SmartDevice for SMART.TAPOPLUG
Finding protocol for 192.168.100.112
Finding protocol for DeviceFamily.SmartTapoPlug
Finding transport for SMART.AES
Created AES transport for 192.168.100.112
[DISCOVERY] 192.168.100.112 << {'error_code': 0,
 'result': {'device_id': 'REDACTED_c913ec3cd97a6bec2fbb1ee',
            'device_model': 'P100',
            'device_type': 'SMART.TAPOPLUG',
            'factory_default': False,
            'ip': '192.168.100.112',
            'is_support_iot_cloud': True,
            'mac': '74-DA-88-00-00-00',
            'mgt_encrypt_schm': {'encrypt_type': 'AES',
                                 'http_port': 80,
                                 'is_support_https': False,
                                 'lv': 2},
            'owner': 'REDACTED_19347acd812465188388075'}}
Initializing 192.168.100.112 of type <class 'kasa.smart.smartdevice.SmartDevice'>
192.168.100.112 multi-request-batch-1-of-1 >> '{"method":"multipleRequest","request_time_milis":1744365627718,"terminal_uuid":"EDcNUwGdfshBQSX6qZRrQQ==","params":{"requests":[{"method":"component_nego"},{"method":"get_device_info"},{"method":"get_connect_cloud_state"}]}}'
Will perform handshaking...
Posting to http://192.168.100.112/app
Generating keypair
Handshake request: {'method': 'handshake', 'params': {'key': '-----BEGIN PUBLIC KEY-----\nMIGfMA0GCSqGSIb3DQEBAQUAA4GNADCBiQKBgQC98IHcpkB8OJng2bVE0UeEMdpW1NDPzelye1ynwSlZI+VpIucPiZZJXanrWnGHB+mWAOFEufFRbFxzI8z3JZn13gMmmH+ZJZtyUrKN46lXJ0QzHgreMLWqwqrHlN7qIlfdx2qAdtMUTQUPVVLPGotKgvGs5wuuy2PHTNd2M0T+hwIDAQAB\n-----END PUBLIC KEY-----\n'}}
Device responded with: {'error_code': 0, 'result': {'key': 'JUJhetLe3dvSrsn8zHllUteICO50qnc7X3IVmy3MNkxgZJVtjUP4IwQ7zE7ITAyubudmpUg6LnR2XXVygejBaBtRtnFmrcVwSkkExOP8HG9IcFfxb5/vyciKwAoPeAvGw5UBb/8tlMLvsG6nenP56TXnNMq6hWkj44DwAEoUmZo='}}
Handshake with 192.168.100.112 complete
Posting to http://192.168.100.112/app
192.168.100.112: logged in with provided credentials
Posting to http://192.168.100.112/app?token=771E72182A78A87B8C4BCD4ADF5AFF5A
Device 192.168.100.112 received an os error, enabling sequential request delay: Server disconnected
Device 192.168.100.112 got a connection error, will retry 3 times: ('Device connection error: 192.168.100.112: Server disconnected', ServerDisconnectedError('Server disconnected'))
192.168.100.112 multi-request-batch-1-of-1 >> '{"method":"multipleRequest","request_time_milis":1744365627896,"terminal_uuid":"EDcNUwGdfshBQSX6qZRrQQ==","params":{"requests":[{"method":"component_nego"},{"method":"get_device_info"},{"method":"get_connect_cloud_state"}]}}'
Device 192.168.100.112 waiting 0.25 seconds to send request
Posting to http://192.168.100.112/app?token=771E72182A78A87B8C4BCD4ADF5AFF5A
192.168.100.112 multi-request-batch-1-of-1 << {'error_code': 0,
 'result': {'responses': [{'error_code': 0,
                           'method': 'component_nego',
                           'result': {'component_list': [{'id': 'device',
                                                          'ver_code': 2},
                                                         {'id': 'firmware',
                                                          'ver_code': 1},
                                                         {'id': 'quick_setup',
                                                          'ver_code': 3},
                                                         {'id': 'time',
                                                          'ver_code': 1},
                                                         {'id': 'wireless',
                                                          'ver_code': 1},
                                                         {'id': 'schedule',
                                                          'ver_code': 2},
                                                         {'id': 'countdown',
                                                          'ver_code': 2},
                                                         {'id': 'antitheft',
                                                          'ver_code': 1},
                                                         {'id': 'account',
                                                          'ver_code': 1},
                                                         {'id': 'synchronize',
                                                          'ver_code': 1},
                                                         {'id': 'sunrise_sunset',
                                                          'ver_code': 1},
                                                         {'id': 'led',
                                                          'ver_code': 1},
                                                         {'id': 'cloud_connect',
                                                          'ver_code': 1},
                                                         {'id': 'iot_cloud',
                                                          'ver_code': 1},
                                                         {'id': 'default_states',
                                                          'ver_code': 1}]}},
                          {'error_code': 0,
                           'method': 'get_device_info',
                           'result': {'avatar': 'plug',
                                      'default_states': {'state': {},
                                                         'type': 'last_states'},
                                      'device_id': 'REDACTED_DB80F24B353338FA05BB18C1C486215',
                                      'device_on': True,
                                      'fw_id': 'REDACTED_A25ABDE41405B20C6F98816',
                                      'fw_ver': '1.3.7 Build 20230711 Rel. '
                                                '61904',
                                      'has_set_location_info': True,
                                      'hw_id': 'REDACTED_5B29645B8150C392284029D',
                                      'hw_ver': '1.0.0',
                                      'ip': '192.168.100.112',
                                      'lang': '',
                                      'latitude': 0,
                                      'location': '',
                                      'longitude': 0,
                                      'mac': '74-DA-88-00-00-00',
                                      'model': 'P100',
                                      'nickname': 'I01BU0tFRF9OQU1FIw==',
                                      'oem_id': 'REDACTED_06C60A9AEEA36A3347B6EBC',
                                      'on_time': 33,
                                      'overheated': False,
                                      'region': 'Europe/Rome',
                                      'rssi': -43,
                                      'signal_level': 3,
                                      'specs': 'EU',
                                      'ssid': 'I01BU0tFRF9TU0lEIw==',
                                      'time_diff': 60,
                                      'type': 'SMART.TAPOPLUG'}},
                          {'error_code': 0,
                           'method': 'get_connect_cloud_state',
                           'result': {'status': 0}}]}}
Device 192.168.100.112, found required cloud_connect, adding Cloud to modules.
Device 192.168.100.112, found required device, adding DeviceModule to modules.
Device 192.168.100.112, found required firmware, adding Firmware to modules.
Device 192.168.100.112, found required led, adding Led to modules.
Device 192.168.100.112, found required None, adding OverheatProtection to modules.
Device 192.168.100.112, found required time, adding Time to modules.
Querying 192.168.100.112 for modules: Time, Led
192.168.100.112 multi-request-batch-1-of-1 >> '{"method":"multipleRequest","request_time_milis":1744365628230,"terminal_uuid":"EDcNUwGdfshBQSX6qZRrQQ==","params":{"requests":[{"method":"get_device_time"},{"method":"get_led_info"}]}}'
Device 192.168.100.112 waiting 0.23499999998603016 seconds to send request
Posting to http://192.168.100.112/app?token=771E72182A78A87B8C4BCD4ADF5AFF5A
192.168.100.112 multi-request-batch-1-of-1 << {'error_code': 0,
 'result': {'responses': [{'error_code': 0,
                           'method': 'get_device_time',
                           'result': {'region': 'Europe/Rome',
                                      'time_diff': 60,
                                      'timestamp': 1744365628}},
                          {'error_code': 0,
                           'method': 'get_led_info',
                           'result': {'led_rule': 'always',
                                      'led_status': True,
                                      'night_mode': {'end_time': 0,
                                                     'night_mode_type': 'unknown',
                                                     'start_time': 0,
                                                     'sunrise_offset': 0,
                                                     'sunset_offset': 0}}}]}}
Update completed 192.168.100.112: ['component_nego', 'get_device_info', 'get_connect_cloud_state', 'get_device_time', 'get_led_info']
Unclosed client session
client_session: <aiohttp.client.ClientSession object at 0x000001AD25FE1E20>
Unclosed connector
connections: ['deque([(<aiohttp.client_proto.ResponseHandler object at 0x000001AD269D0170>, 153829.953)])']
connector: <aiohttp.connector.TCPConnector object at 0x000001AD25FE33B0>
Unclosed client session
client_session: <aiohttp.client.ClientSession object at 0x000001AD24737410>
Unclosed connector
connections: ['deque([(<aiohttp.client_proto.ResponseHandler object at 0x000001AD25FABA70>, 153795.171)])']
connector: <aiohttp.connector.TCPConnector object at 0x000001AD25F89820>
C:\Users\Davide\AppData\Local\I3Lab - Politecnico di Milano\Server SmartPlug\options.json
Discovery started...
Using proactor: IocpProactor
Listening on 127.0.0.1:7071
[DISCOVERY] 255.255.255.255 >> {'system': {'get_sysinfo': {}}}
Waiting 5 seconds for responses...
Using SmartDevice for SMART.TAPOPLUG
Using proactor: IocpProactor
Finding protocol for 192.168.100.112
Finding protocol for DeviceFamily.SmartTapoPlug
Finding transport for SMART.AES
Created AES transport for 192.168.100.112
[DISCOVERY] 192.168.100.112 << {'error_code': 0,
 'result': {'device_id': 'REDACTED_c913ec3cd97a6bec2fbb1ee',
            'device_model': 'P100',
            'device_type': 'SMART.TAPOPLUG',
            'factory_default': False,
            'ip': '192.168.100.112',
            'is_support_iot_cloud': True,
            'mac': '74-DA-88-00-00-00',
            'mgt_encrypt_schm': {'encrypt_type': 'AES',
                                 'http_port': 80,
                                 'is_support_https': False,
                                 'lv': 2},
            'owner': 'REDACTED_19347acd812465188388075'}}
Initializing 192.168.100.112 of type <class 'kasa.smart.smartdevice.SmartDevice'>
Discovery finished! Found: 1 device(s)
Discovered 1 devices
Using proactor: IocpProactor
[DISCOVERY] 192.168.100.112 >> {'system': {'get_sysinfo': {}}}
Waiting a total of 5 seconds for responses...
Using SmartDevice for SMART.TAPOPLUG
Finding protocol for 192.168.100.112
Finding protocol for DeviceFamily.SmartTapoPlug
Finding transport for SMART.AES
Created AES transport for 192.168.100.112
[DISCOVERY] 192.168.100.112 << {'error_code': 0,
 'result': {'device_id': 'REDACTED_c913ec3cd97a6bec2fbb1ee',
            'device_model': 'P100',
            'device_type': 'SMART.TAPOPLUG',
            'factory_default': False,
            'ip': '192.168.100.112',
            'is_support_iot_cloud': True,
            'mac': '74-DA-88-00-00-00',
            'mgt_encrypt_schm': {'encrypt_type': 'AES',
                                 'http_port': 80,
                                 'is_support_https': False,
                                 'lv': 2},
            'owner': 'REDACTED_19347acd812465188388075'}}
Initializing 192.168.100.112 of type <class 'kasa.smart.smartdevice.SmartDevice'>
192.168.100.112 multi-request-batch-1-of-1 >> '{"method":"multipleRequest","request_time_milis":1744365770315,"terminal_uuid":"GJDhwSdVulDoDqPUabFEIA==","params":{"requests":[{"method":"component_nego"},{"method":"get_device_info"},{"method":"get_connect_cloud_state"}]}}'
Will perform handshaking...
Posting to http://192.168.100.112/app
Generating keypair
Handshake request: {'method': 'handshake', 'params': {'key': '-----BEGIN PUBLIC KEY-----\nMIGfMA0GCSqGSIb3DQEBAQUAA4GNADCBiQKBgQC8r6FgQl4iyqwKwmZEdy/s6B3/qV1xN0Oy7DaT3//3edi8DzywcLANFz5saLRWVwD/KvyHXVnCNw+KwQ9gICQ8KWdDSXTRAgcYtfaX5yPrVKoXcyyB+c3rzhZYXSEgjjduaS4aulnKFsvHrUjB9NXu30sFnt1h3Y6Pi7axD4uMZQIDAQAB\n-----END PUBLIC KEY-----\n'}}
Device responded with: {'error_code': 0, 'result': {'key': 'NKZQsrlW9Ay2AL//YAC8eKSt+/9IBj5zMek3FCOR7GBpuXG/LRQ7aeUikL4lXHuxprGDfvz2Nv4nzPzMB3fUnU6F9q84GfnTWKR6JbwrqRMExURGKmScLCPzUASTAJMaFsm2gGixVmS2pnrgc5Uq+fs8Tklh3qph9ZtKi74RF/0='}}
Handshake with 192.168.100.112 complete
Posting to http://192.168.100.112/app
192.168.100.112: logged in with provided credentials
Posting to http://192.168.100.112/app?token=BF388F3C867C167E1A5ED25F544F304F
Device 192.168.100.112 received an os error, enabling sequential request delay: Server disconnected
Device 192.168.100.112 got a connection error, will retry 3 times: ('Device connection error: 192.168.100.112: Server disconnected', ServerDisconnectedError('Server disconnected'))
192.168.100.112 multi-request-batch-1-of-1 >> '{"method":"multipleRequest","request_time_milis":1744365770462,"terminal_uuid":"GJDhwSdVulDoDqPUabFEIA==","params":{"requests":[{"method":"component_nego"},{"method":"get_device_info"},{"method":"get_connect_cloud_state"}]}}'
Device 192.168.100.112 waiting 0.25 seconds to send request
Posting to http://192.168.100.112/app?token=BF388F3C867C167E1A5ED25F544F304F
192.168.100.112 multi-request-batch-1-of-1 << {'error_code': 0,
 'result': {'responses': [{'error_code': 0,
                           'method': 'component_nego',
                           'result': {'component_list': [{'id': 'device',
                                                          'ver_code': 2},
                                                         {'id': 'firmware',
                                                          'ver_code': 1},
                                                         {'id': 'quick_setup',
                                                          'ver_code': 3},
                                                         {'id': 'time',
                                                          'ver_code': 1},
                                                         {'id': 'wireless',
                                                          'ver_code': 1},
                                                         {'id': 'schedule',
                                                          'ver_code': 2},
                                                         {'id': 'countdown',
                                                          'ver_code': 2},
                                                         {'id': 'antitheft',
                                                          'ver_code': 1},
                                                         {'id': 'account',
                                                          'ver_code': 1},
                                                         {'id': 'synchronize',
                                                          'ver_code': 1},
                                                         {'id': 'sunrise_sunset',
                                                          'ver_code': 1},
                                                         {'id': 'led',
                                                          'ver_code': 1},
                                                         {'id': 'cloud_connect',
                                                          'ver_code': 1},
                                                         {'id': 'iot_cloud',
                                                          'ver_code': 1},
                                                         {'id': 'default_states',
                                                          'ver_code': 1}]}},
                          {'error_code': 0,
                           'method': 'get_device_info',
                           'result': {'avatar': 'plug',
                                      'default_states': {'state': {},
                                                         'type': 'last_states'},
                                      'device_id': 'REDACTED_DB80F24B353338FA05BB18C1C486215',
                                      'device_on': True,
                                      'fw_id': 'REDACTED_A25ABDE41405B20C6F98816',
                                      'fw_ver': '1.3.7 Build 20230711 Rel. '
                                                '61904',
                                      'has_set_location_info': True,
                                      'hw_id': 'REDACTED_5B29645B8150C392284029D',
                                      'hw_ver': '1.0.0',
                                      'ip': '192.168.100.112',
                                      'lang': '',
                                      'latitude': 0,
                                      'location': '',
                                      'longitude': 0,
                                      'mac': '74-DA-88-00-00-00',
                                      'model': 'P100',
                                      'nickname': 'I01BU0tFRF9OQU1FIw==',
                                      'oem_id': 'REDACTED_06C60A9AEEA36A3347B6EBC',
                                      'on_time': 175,
                                      'overheated': False,
                                      'region': 'Europe/Rome',
                                      'rssi': -43,
                                      'signal_level': 3,
                                      'specs': 'EU',
                                      'ssid': 'I01BU0tFRF9TU0lEIw==',
                                      'time_diff': 60,
                                      'type': 'SMART.TAPOPLUG'}},
                          {'error_code': 0,
                           'method': 'get_connect_cloud_state',
                           'result': {'status': 0}}]}}
Device 192.168.100.112, found required cloud_connect, adding Cloud to modules.
Device 192.168.100.112, found required device, adding DeviceModule to modules.
Device 192.168.100.112, found required firmware, adding Firmware to modules.
Device 192.168.100.112, found required led, adding Led to modules.
Device 192.168.100.112, found required None, adding OverheatProtection to modules.
Device 192.168.100.112, found required time, adding Time to modules.
Querying 192.168.100.112 for modules: Time, Led
192.168.100.112 multi-request-batch-1-of-1 >> '{"method":"multipleRequest","request_time_milis":1744365770853,"terminal_uuid":"GJDhwSdVulDoDqPUabFEIA==","params":{"requests":[{"method":"get_device_time"},{"method":"get_led_info"}]}}'
Device 192.168.100.112 waiting 0.23499999998603016 seconds to send request
Posting to http://192.168.100.112/app?token=BF388F3C867C167E1A5ED25F544F304F
192.168.100.112 multi-request-batch-1-of-1 << {'error_code': 0,
 'result': {'responses': [{'error_code': 0,
                           'method': 'get_device_time',
                           'result': {'region': 'Europe/Rome',
                                      'time_diff': 60,
                                      'timestamp': 1744365770}},
                          {'error_code': 0,
                           'method': 'get_led_info',
                           'result': {'led_rule': 'always',
                                      'led_status': True,
                                      'night_mode': {'end_time': 0,
                                                     'night_mode_type': 'unknown',
                                                     'start_time': 0,
                                                     'sunrise_offset': 0,
                                                     'sunset_offset': 0}}}]}}
Update completed 192.168.100.112: ['component_nego', 'get_device_info', 'get_connect_cloud_state', 'get_device_time', 'get_led_info']
Switching status
Using proactor: IocpProactor
[DISCOVERY] 192.168.100.112 >> {'system': {'get_sysinfo': {}}}
Waiting a total of 5 seconds for responses...
Using SmartDevice for SMART.TAPOPLUG
Finding protocol for 192.168.100.112
Finding protocol for DeviceFamily.SmartTapoPlug
Finding transport for SMART.AES
Created AES transport for 192.168.100.112
[DISCOVERY] 192.168.100.112 << {'error_code': 0,
 'result': {'device_id': 'REDACTED_c913ec3cd97a6bec2fbb1ee',
            'device_model': 'P100',
            'device_type': 'SMART.TAPOPLUG',
            'factory_default': False,
            'ip': '192.168.100.112',
            'is_support_iot_cloud': True,
            'mac': '74-DA-88-00-00-00',
            'mgt_encrypt_schm': {'encrypt_type': 'AES',
                                 'http_port': 80,
                                 'is_support_https': False,
                                 'lv': 2},
            'owner': 'REDACTED_19347acd812465188388075'}}
Initializing 192.168.100.112 of type <class 'kasa.smart.smartdevice.SmartDevice'>
192.168.100.112 >> '{"method":"set_device_info","request_time_milis":1744365772823,"terminal_uuid":"dK+xaRsALr3epU4NqPYCAw==","params":{"device_on":false}}'
Will perform handshaking...
Posting to http://192.168.100.112/app
Generating keypair
Handshake request: {'method': 'handshake', 'params': {'key': '-----BEGIN PUBLIC KEY-----\nMIGfMA0GCSqGSIb3DQEBAQUAA4GNADCBiQKBgQDcwPEc2O4GcCuKomFf/dad1wGiLW8VxOWe40mUZdCDOOXCrrdaJwKDPlmscslR+Zm5j+ybu6so2bhWUizdOZjKiBSx47JdEE+jHfaUsDCIDq6x4qObkSfNYaDQR61J7zhAZxG0IxBzcfJlGd0daimfUF06CEGxYxUuoOr8JRwitQIDAQAB\n-----END PUBLIC KEY-----\n'}}
Device responded with: {'error_code': 0, 'result': {'key': 'wH9VdXXDol1f/mhdXBqtFELdZWaUkGqPBqPPL/hF5AkXS0L20Baj7XbvaejHRoiFhC8XjIBv3+liHD9iPwguXFvN9Y/GJSIlI8alwvVxDVqgnBr2Tk8MRTkRgNyHyXU20/ktViGti9I5jcmK0LZvuBI9BVcCQbw9UnELzgusxdY='}}
Handshake with 192.168.100.112 complete
Posting to http://192.168.100.112/app
192.168.100.112: logged in with provided credentials
Posting to http://192.168.100.112/app?token=0151D25DEC9D0D9B1AFB6AF869C851C9
Device 192.168.100.112 received an os error, enabling sequential request delay: Server disconnected
Device 192.168.100.112 got a connection error, will retry 3 times: ('Device connection error: 192.168.100.112: Server disconnected', ServerDisconnectedError('Server disconnected'))
192.168.100.112 >> '{"method":"set_device_info","request_time_milis":1744365772961,"terminal_uuid":"dK+xaRsALr3epU4NqPYCAw==","params":{"device_on":false}}'
Device 192.168.100.112 waiting 0.23399999999674037 seconds to send request
Posting to http://192.168.100.112/app?token=0151D25DEC9D0D9B1AFB6AF869C851C9
192.168.100.112 << {'error_code': 0}
192.168.100.112 multi-request-batch-1-of-1 >> '{"method":"multipleRequest","request_time_milis":1744365773328,"terminal_uuid":"dK+xaRsALr3epU4NqPYCAw==","params":{"requests":[{"method":"component_nego"},{"method":"get_device_info"},{"method":"get_connect_cloud_state"}]}}'
Device 192.168.100.112 waiting 0.25 seconds to send request
Posting to http://192.168.100.112/app?token=0151D25DEC9D0D9B1AFB6AF869C851C9
192.168.100.112 multi-request-batch-1-of-1 << {'error_code': 0,
 'result': {'responses': [{'error_code': 0,
                           'method': 'component_nego',
                           'result': {'component_list': [{'id': 'device',
                                                          'ver_code': 2},
                                                         {'id': 'firmware',
                                                          'ver_code': 1},
                                                         {'id': 'quick_setup',
                                                          'ver_code': 3},
                                                         {'id': 'time',
                                                          'ver_code': 1},
                                                         {'id': 'wireless',
                                                          'ver_code': 1},
                                                         {'id': 'schedule',
                                                          'ver_code': 2},
                                                         {'id': 'countdown',
                                                          'ver_code': 2},
                                                         {'id': 'antitheft',
                                                          'ver_code': 1},
                                                         {'id': 'account',
                                                          'ver_code': 1},
                                                         {'id': 'synchronize',
                                                          'ver_code': 1},
                                                         {'id': 'sunrise_sunset',
                                                          'ver_code': 1},
                                                         {'id': 'led',
                                                          'ver_code': 1},
                                                         {'id': 'cloud_connect',
                                                          'ver_code': 1},
                                                         {'id': 'iot_cloud',
                                                          'ver_code': 1},
                                                         {'id': 'default_states',
                                                          'ver_code': 1}]}},
                          {'error_code': 0,
                           'method': 'get_device_info',
                           'result': {'avatar': 'plug',
                                      'default_states': {'state': {},
                                                         'type': 'last_states'},
                                      'device_id': 'REDACTED_DB80F24B353338FA05BB18C1C486215',
                                      'device_on': False,
                                      'fw_id': 'REDACTED_A25ABDE41405B20C6F98816',
                                      'fw_ver': '1.3.7 Build 20230711 Rel. '
                                                '61904',
                                      'has_set_location_info': True,
                                      'hw_id': 'REDACTED_5B29645B8150C392284029D',
                                      'hw_ver': '1.0.0',
                                      'ip': '192.168.100.112',
                                      'lang': '',
                                      'latitude': 0,
                                      'location': '',
                                      'longitude': 0,
                                      'mac': '74-DA-88-00-00-00',
                                      'model': 'P100',
                                      'nickname': 'I01BU0tFRF9OQU1FIw==',
                                      'oem_id': 'REDACTED_06C60A9AEEA36A3347B6EBC',
                                      'on_time': 0,
                                      'overheated': False,
                                      'region': 'Europe/Rome',
                                      'rssi': -43,
                                      'signal_level': 3,
                                      'specs': 'EU',
                                      'ssid': 'I01BU0tFRF9TU0lEIw==',
                                      'time_diff': 60,
                                      'type': 'SMART.TAPOPLUG'}},
                          {'error_code': 0,
                           'method': 'get_connect_cloud_state',
                           'result': {'status': 0}}]}}
Device 192.168.100.112, found required cloud_connect, adding Cloud to modules.
Device 192.168.100.112, found required device, adding DeviceModule to modules.
Device 192.168.100.112, found required firmware, adding Firmware to modules.
Device 192.168.100.112, found required led, adding Led to modules.
Device 192.168.100.112, found required None, adding OverheatProtection to modules.
Device 192.168.100.112, found required time, adding Time to modules.
Querying 192.168.100.112 for modules: Time, Led
192.168.100.112 multi-request-batch-1-of-1 >> '{"method":"multipleRequest","request_time_milis":1744365773692,"terminal_uuid":"dK+xaRsALr3epU4NqPYCAw==","params":{"requests":[{"method":"get_device_time"},{"method":"get_led_info"}]}}'
Device 192.168.100.112 waiting 0.25 seconds to send request
Posting to http://192.168.100.112/app?token=0151D25DEC9D0D9B1AFB6AF869C851C9
192.168.100.112 multi-request-batch-1-of-1 << {'error_code': 0,
 'result': {'responses': [{'error_code': 0,
                           'method': 'get_device_time',
                           'result': {'region': 'Europe/Rome',
                                      'time_diff': 60,
                                      'timestamp': 1744365773}},
                          {'error_code': 0,
                           'method': 'get_led_info',
                           'result': {'led_rule': 'always',
                                      'led_status': False,
                                      'night_mode': {'end_time': 0,
                                                     'night_mode_type': 'unknown',
                                                     'start_time': 0,
                                                     'sunrise_offset': 0,
                                                     'sunset_offset': 0}}}]}}
Update completed 192.168.100.112: ['component_nego', 'get_device_info', 'get_connect_cloud_state', 'get_device_time', 'get_led_info']
False
device is: 
True
Discovery started...
Using proactor: IocpProactor
[DISCOVERY] 255.255.255.255 >> {'system': {'get_sysinfo': {}}}
Waiting 5 seconds for responses...
Using SmartDevice for SMART.TAPOPLUG
Finding protocol for 192.168.100.112
Finding protocol for DeviceFamily.SmartTapoPlug
Finding transport for SMART.AES
Created AES transport for 192.168.100.112
[DISCOVERY] 192.168.100.112 << {'error_code': 0,
 'result': {'device_id': 'REDACTED_c913ec3cd97a6bec2fbb1ee',
            'device_model': 'P100',
            'device_type': 'SMART.TAPOPLUG',
            'factory_default': False,
            'ip': '192.168.100.112',
            'is_support_iot_cloud': True,
            'mac': '74-DA-88-00-00-00',
            'mgt_encrypt_schm': {'encrypt_type': 'AES',
                                 'http_port': 80,
                                 'is_support_https': False,
                                 'lv': 2},
            'owner': 'REDACTED_19347acd812465188388075'}}
Initializing 192.168.100.112 of type <class 'kasa.smart.smartdevice.SmartDevice'>
Discovery finished! Found: 1 device(s)
Discovered 1 devices
Using proactor: IocpProactor
[DISCOVERY] 192.168.100.112 >> {'system': {'get_sysinfo': {}}}
Waiting a total of 5 seconds for responses...
Using SmartDevice for SMART.TAPOPLUG
Finding protocol for 192.168.100.112
Finding protocol for DeviceFamily.SmartTapoPlug
Finding transport for SMART.AES
Created AES transport for 192.168.100.112
[DISCOVERY] 192.168.100.112 << {'error_code': 0,
 'result': {'device_id': 'REDACTED_c913ec3cd97a6bec2fbb1ee',
            'device_model': 'P100',
            'device_type': 'SMART.TAPOPLUG',
            'factory_default': False,
            'ip': '192.168.100.112',
            'is_support_iot_cloud': True,
            'mac': '74-DA-88-00-00-00',
            'mgt_encrypt_schm': {'encrypt_type': 'AES',
                                 'http_port': 80,
                                 'is_support_https': False,
                                 'lv': 2},
            'owner': 'REDACTED_19347acd812465188388075'}}
Initializing 192.168.100.112 of type <class 'kasa.smart.smartdevice.SmartDevice'>
192.168.100.112 multi-request-batch-1-of-1 >> '{"method":"multipleRequest","request_time_milis":1744365786154,"terminal_uuid":"9fvQ5SlWxZvYzoe5FaFmnQ==","params":{"requests":[{"method":"component_nego"},{"method":"get_device_info"},{"method":"get_connect_cloud_state"}]}}'
Will perform handshaking...
Posting to http://192.168.100.112/app
Generating keypair
Handshake request: {'method': 'handshake', 'params': {'key': '-----BEGIN PUBLIC KEY-----\nMIGfMA0GCSqGSIb3DQEBAQUAA4GNADCBiQKBgQCeHR7wXGTs+TJ6YPWVbPVHz1iHVR7KiqaeDkxpV6HByqiRdh2nUcwHWvuCkjSIDiZ7DLeH+MjMij7RkaRXVR3Ewq1Y9lb8GnM5rs89qPeN5w9fX9GQpfIcNjZW0/WVxabMRTnck6o2YOATjKtC4wMA4J+BNTaHqC06ZIe9Ic9KDwIDAQAB\n-----END PUBLIC KEY-----\n'}}
Device responded with: {'error_code': 0, 'result': {'key': 'XbCcyPwGYoWNmpzWWREyFOBP0zSEBWpe8F5QPOVVJ+omdFI3cArTH+6sMrMthjfmiWUxoy1lUXD2d8VIy+RZHI+o1epNiOMnokOgtGOuDOOffnLHzuaj5Go/4B0DShC04YQmFnNdQMAxsm8oab0QDjnsvk1UMnqZx9JO8ucG/oQ='}}
Handshake with 192.168.100.112 complete
Posting to http://192.168.100.112/app
192.168.100.112: logged in with provided credentials
Posting to http://192.168.100.112/app?token=AED787D3169302914AB1C0B06CA0A1A0
Device 192.168.100.112 received an os error, enabling sequential request delay: Server disconnected
Device 192.168.100.112 got a connection error, will retry 3 times: ('Device connection error: 192.168.100.112: Server disconnected', ServerDisconnectedError('Server disconnected'))
192.168.100.112 multi-request-batch-1-of-1 >> '{"method":"multipleRequest","request_time_milis":1744365786324,"terminal_uuid":"9fvQ5SlWxZvYzoe5FaFmnQ==","params":{"requests":[{"method":"component_nego"},{"method":"get_device_info"},{"method":"get_connect_cloud_state"}]}}'
Device 192.168.100.112 waiting 0.25 seconds to send request
Posting to http://192.168.100.112/app?token=AED787D3169302914AB1C0B06CA0A1A0
192.168.100.112 multi-request-batch-1-of-1 << {'error_code': 0,
 'result': {'responses': [{'error_code': 0,
                           'method': 'component_nego',
                           'result': {'component_list': [{'id': 'device',
                                                          'ver_code': 2},
                                                         {'id': 'firmware',
                                                          'ver_code': 1},
                                                         {'id': 'quick_setup',
                                                          'ver_code': 3},
                                                         {'id': 'time',
                                                          'ver_code': 1},
                                                         {'id': 'wireless',
                                                          'ver_code': 1},
                                                         {'id': 'schedule',
                                                          'ver_code': 2},
                                                         {'id': 'countdown',
                                                          'ver_code': 2},
                                                         {'id': 'antitheft',
                                                          'ver_code': 1},
                                                         {'id': 'account',
                                                          'ver_code': 1},
                                                         {'id': 'synchronize',
                                                          'ver_code': 1},
                                                         {'id': 'sunrise_sunset',
                                                          'ver_code': 1},
                                                         {'id': 'led',
                                                          'ver_code': 1},
                                                         {'id': 'cloud_connect',
                                                          'ver_code': 1},
                                                         {'id': 'iot_cloud',
                                                          'ver_code': 1},
                                                         {'id': 'default_states',
                                                          'ver_code': 1}]}},
                          {'error_code': 0,
                           'method': 'get_device_info',
                           'result': {'avatar': 'plug',
                                      'default_states': {'state': {},
                                                         'type': 'last_states'},
                                      'device_id': 'REDACTED_DB80F24B353338FA05BB18C1C486215',
                                      'device_on': False,
                                      'fw_id': 'REDACTED_A25ABDE41405B20C6F98816',
                                      'fw_ver': '1.3.7 Build 20230711 Rel. '
                                                '61904',
                                      'has_set_location_info': True,
                                      'hw_id': 'REDACTED_5B29645B8150C392284029D',
                                      'hw_ver': '1.0.0',
                                      'ip': '192.168.100.112',
                                      'lang': '',
                                      'latitude': 0,
                                      'location': '',
                                      'longitude': 0,
                                      'mac': '74-DA-88-00-00-00',
                                      'model': 'P100',
                                      'nickname': 'I01BU0tFRF9OQU1FIw==',
                                      'oem_id': 'REDACTED_06C60A9AEEA36A3347B6EBC',
                                      'on_time': 0,
                                      'overheated': False,
                                      'region': 'Europe/Rome',
                                      'rssi': -43,
                                      'signal_level': 3,
                                      'specs': 'EU',
                                      'ssid': 'I01BU0tFRF9TU0lEIw==',
                                      'time_diff': 60,
                                      'type': 'SMART.TAPOPLUG'}},
                          {'error_code': 0,
                           'method': 'get_connect_cloud_state',
                           'result': {'status': 0}}]}}
Device 192.168.100.112, found required cloud_connect, adding Cloud to modules.
Device 192.168.100.112, found required device, adding DeviceModule to modules.
Device 192.168.100.112, found required firmware, adding Firmware to modules.
Device 192.168.100.112, found required led, adding Led to modules.
Device 192.168.100.112, found required None, adding OverheatProtection to modules.
Device 192.168.100.112, found required time, adding Time to modules.
Querying 192.168.100.112 for modules: Time, Led
192.168.100.112 multi-request-batch-1-of-1 >> '{"method":"multipleRequest","request_time_milis":1744365786719,"terminal_uuid":"9fvQ5SlWxZvYzoe5FaFmnQ==","params":{"requests":[{"method":"get_device_time"},{"method":"get_led_info"}]}}'
Device 192.168.100.112 waiting 0.23399999999674037 seconds to send request
Posting to http://192.168.100.112/app?token=AED787D3169302914AB1C0B06CA0A1A0
192.168.100.112 multi-request-batch-1-of-1 << {'error_code': 0,
 'result': {'responses': [{'error_code': 0,
                           'method': 'get_device_time',
                           'result': {'region': 'Europe/Rome',
                                      'time_diff': 60,
                                      'timestamp': 1744365786}},
                          {'error_code': 0,
                           'method': 'get_led_info',
                           'result': {'led_rule': 'always',
                                      'led_status': False,
                                      'night_mode': {'end_time': 0,
                                                     'night_mode_type': 'unknown',
                                                     'start_time': 0,
                                                     'sunrise_offset': 0,
                                                     'sunset_offset': 0}}}]}}
Update completed 192.168.100.112: ['component_nego', 'get_device_info', 'get_connect_cloud_state', 'get_device_time', 'get_led_info']
Unclosed client session
client_session: <aiohttp.client.ClientSession object at 0x000002FB748462D0>
Exception in default exception handler
Traceback (most recent call last):
  File "C:\Users\Davide\AppData\Local\Programs\Python\Python312\Lib\asyncio\base_events.py", line 1847, in call_exception_handler
    self.default_exception_handler(context)
  File "C:\Users\Davide\AppData\Local\Programs\Python\Python312\Lib\asyncio\base_events.py", line 1821, in default_exception_handler
    logger.error('\n'.join(log_lines), exc_info=exc_info)
  File "C:\Users\Davide\AppData\Local\Programs\Python\Python312\Lib\logging\__init__.py", line 1568, in error
    self._log(ERROR, msg, args, **kwargs)
  File "C:\Users\Davide\AppData\Local\Programs\Python\Python312\Lib\logging\__init__.py", line 1684, in _log
    self.handle(record)
  File "C:\Users\Davide\AppData\Local\Programs\Python\Python312\Lib\logging\__init__.py", line 1700, in handle
    self.callHandlers(record)
  File "C:\Users\Davide\AppData\Local\Programs\Python\Python312\Lib\logging\__init__.py", line 1762, in callHandlers
    hdlr.handle(record)
  File "C:\Users\Davide\Desktop\ServerSmartPlug\log_manager.py", line 16, in handle
    listener(record)
  File "C:\Users\Davide\Desktop\ServerSmartPlug\gui\windows.py", line 25, in _add_console_line
    self.console_text.configure(state='normal')
  File "C:\Users\Davide\AppData\Local\Programs\Python\Python312\Lib\tkinter\__init__.py", line 1722, in configure
    return self._configure('configure', cnf, kw)
           ^^^^^^^^^^^^^^^^^^^^^^^^^^^^^^^^^^^^^
  File "C:\Users\Davide\AppData\Local\Programs\Python\Python312\Lib\tkinter\__init__.py", line 1712, in _configure
    self.tk.call(_flatten((self._w, cmd)) + self._options(cnf))
_tkinter.TclError: invalid command name ".!frame4.!frame.!text"
Unclosed connector
connections: ['deque([(<aiohttp.client_proto.ResponseHandler object at 0x000002FB74A041D0>, 153988.437)])']
connector: <aiohttp.connector.TCPConnector object at 0x000002FB74846630>
Exception in default exception handler
Traceback (most recent call last):
  File "C:\Users\Davide\AppData\Local\Programs\Python\Python312\Lib\asyncio\base_events.py", line 1847, in call_exception_handler
    self.default_exception_handler(context)
  File "C:\Users\Davide\AppData\Local\Programs\Python\Python312\Lib\asyncio\base_events.py", line 1821, in default_exception_handler
    logger.error('\n'.join(log_lines), exc_info=exc_info)
  File "C:\Users\Davide\AppData\Local\Programs\Python\Python312\Lib\logging\__init__.py", line 1568, in error
    self._log(ERROR, msg, args, **kwargs)
  File "C:\Users\Davide\AppData\Local\Programs\Python\Python312\Lib\logging\__init__.py", line 1684, in _log
    self.handle(record)
  File "C:\Users\Davide\AppData\Local\Programs\Python\Python312\Lib\logging\__init__.py", line 1700, in handle
    self.callHandlers(record)
  File "C:\Users\Davide\AppData\Local\Programs\Python\Python312\Lib\logging\__init__.py", line 1762, in callHandlers
    hdlr.handle(record)
  File "C:\Users\Davide\Desktop\ServerSmartPlug\log_manager.py", line 16, in handle
    listener(record)
  File "C:\Users\Davide\Desktop\ServerSmartPlug\gui\windows.py", line 25, in _add_console_line
    self.console_text.configure(state='normal')
  File "C:\Users\Davide\AppData\Local\Programs\Python\Python312\Lib\tkinter\__init__.py", line 1722, in configure
    return self._configure('configure', cnf, kw)
           ^^^^^^^^^^^^^^^^^^^^^^^^^^^^^^^^^^^^^
  File "C:\Users\Davide\AppData\Local\Programs\Python\Python312\Lib\tkinter\__init__.py", line 1712, in _configure
    self.tk.call(_flatten((self._w, cmd)) + self._options(cnf))
_tkinter.TclError: invalid command name ".!frame4.!frame.!text"
Unclosed client session
client_session: <aiohttp.client.ClientSession object at 0x000002FB747EB410>
Exception in default exception handler
Traceback (most recent call last):
  File "C:\Users\Davide\AppData\Local\Programs\Python\Python312\Lib\asyncio\base_events.py", line 1847, in call_exception_handler
    self.default_exception_handler(context)
  File "C:\Users\Davide\AppData\Local\Programs\Python\Python312\Lib\asyncio\base_events.py", line 1821, in default_exception_handler
    logger.error('\n'.join(log_lines), exc_info=exc_info)
  File "C:\Users\Davide\AppData\Local\Programs\Python\Python312\Lib\logging\__init__.py", line 1568, in error
    self._log(ERROR, msg, args, **kwargs)
  File "C:\Users\Davide\AppData\Local\Programs\Python\Python312\Lib\logging\__init__.py", line 1684, in _log
    self.handle(record)
  File "C:\Users\Davide\AppData\Local\Programs\Python\Python312\Lib\logging\__init__.py", line 1700, in handle
    self.callHandlers(record)
  File "C:\Users\Davide\AppData\Local\Programs\Python\Python312\Lib\logging\__init__.py", line 1762, in callHandlers
    hdlr.handle(record)
  File "C:\Users\Davide\Desktop\ServerSmartPlug\log_manager.py", line 16, in handle
    listener(record)
  File "C:\Users\Davide\Desktop\ServerSmartPlug\gui\windows.py", line 25, in _add_console_line
    self.console_text.configure(state='normal')
  File "C:\Users\Davide\AppData\Local\Programs\Python\Python312\Lib\tkinter\__init__.py", line 1722, in configure
    return self._configure('configure', cnf, kw)
           ^^^^^^^^^^^^^^^^^^^^^^^^^^^^^^^^^^^^^
  File "C:\Users\Davide\AppData\Local\Programs\Python\Python312\Lib\tkinter\__init__.py", line 1712, in _configure
    self.tk.call(_flatten((self._w, cmd)) + self._options(cnf))
_tkinter.TclError: invalid command name ".!frame4.!frame.!text"
Unclosed connector
connections: ['deque([(<aiohttp.client_proto.ResponseHandler object at 0x000002FB74807AD0>, 153972.593)])']
connector: <aiohttp.connector.TCPConnector object at 0x000002FB747EB050>
Exception in default exception handler
Traceback (most recent call last):
  File "C:\Users\Davide\AppData\Local\Programs\Python\Python312\Lib\asyncio\base_events.py", line 1847, in call_exception_handler
    self.default_exception_handler(context)
  File "C:\Users\Davide\AppData\Local\Programs\Python\Python312\Lib\asyncio\base_events.py", line 1821, in default_exception_handler
    logger.error('\n'.join(log_lines), exc_info=exc_info)
  File "C:\Users\Davide\AppData\Local\Programs\Python\Python312\Lib\logging\__init__.py", line 1568, in error
    self._log(ERROR, msg, args, **kwargs)
  File "C:\Users\Davide\AppData\Local\Programs\Python\Python312\Lib\logging\__init__.py", line 1684, in _log
    self.handle(record)
  File "C:\Users\Davide\AppData\Local\Programs\Python\Python312\Lib\logging\__init__.py", line 1700, in handle
    self.callHandlers(record)
  File "C:\Users\Davide\AppData\Local\Programs\Python\Python312\Lib\logging\__init__.py", line 1762, in callHandlers
    hdlr.handle(record)
  File "C:\Users\Davide\Desktop\ServerSmartPlug\log_manager.py", line 16, in handle
    listener(record)
  File "C:\Users\Davide\Desktop\ServerSmartPlug\gui\windows.py", line 25, in _add_console_line
    self.console_text.configure(state='normal')
  File "C:\Users\Davide\AppData\Local\Programs\Python\Python312\Lib\tkinter\__init__.py", line 1722, in configure
    return self._configure('configure', cnf, kw)
           ^^^^^^^^^^^^^^^^^^^^^^^^^^^^^^^^^^^^^
  File "C:\Users\Davide\AppData\Local\Programs\Python\Python312\Lib\tkinter\__init__.py", line 1712, in _configure
    self.tk.call(_flatten((self._w, cmd)) + self._options(cnf))
_tkinter.TclError: invalid command name ".!frame4.!frame.!text"
C:\Users\Davide\AppData\Local\I3Lab - Politecnico di Milano\Server SmartPlug\options.json
Discovery started...
Using proactor: IocpProactor
Listening on 127.0.0.1:7071
[DISCOVERY] 255.255.255.255 >> {'system': {'get_sysinfo': {}}}
Waiting 5 seconds for responses...
Using proactor: IocpProactor
Using SmartDevice for SMART.TAPOPLUG
Finding protocol for 192.168.100.112
Finding protocol for DeviceFamily.SmartTapoPlug
Finding transport for SMART.AES
Created AES transport for 192.168.100.112
[DISCOVERY] 192.168.100.112 << {'error_code': 0,
 'result': {'device_id': 'REDACTED_c913ec3cd97a6bec2fbb1ee',
            'device_model': 'P100',
            'device_type': 'SMART.TAPOPLUG',
            'factory_default': False,
            'ip': '192.168.100.112',
            'is_support_iot_cloud': True,
            'mac': '74-DA-88-00-00-00',
            'mgt_encrypt_schm': {'encrypt_type': 'AES',
                                 'http_port': 80,
                                 'is_support_https': False,
                                 'lv': 2},
            'owner': 'REDACTED_19347acd812465188388075'}}
Initializing 192.168.100.112 of type <class 'kasa.smart.smartdevice.SmartDevice'>
Discovery finished! Found: 1 device(s)
Discovered 1 devices
Using proactor: IocpProactor
[DISCOVERY] 192.168.100.112 >> {'system': {'get_sysinfo': {}}}
Waiting a total of 5 seconds for responses...
Using SmartDevice for SMART.TAPOPLUG
Finding protocol for 192.168.100.112
Finding protocol for DeviceFamily.SmartTapoPlug
Finding transport for SMART.AES
Created AES transport for 192.168.100.112
[DISCOVERY] 192.168.100.112 << {'error_code': 0,
 'result': {'device_id': 'REDACTED_c913ec3cd97a6bec2fbb1ee',
            'device_model': 'P100',
            'device_type': 'SMART.TAPOPLUG',
            'factory_default': False,
            'ip': '192.168.100.112',
            'is_support_iot_cloud': True,
            'mac': '74-DA-88-00-00-00',
            'mgt_encrypt_schm': {'encrypt_type': 'AES',
                                 'http_port': 80,
                                 'is_support_https': False,
                                 'lv': 2},
            'owner': 'REDACTED_19347acd812465188388075'}}
Initializing 192.168.100.112 of type <class 'kasa.smart.smartdevice.SmartDevice'>
192.168.100.112 multi-request-batch-1-of-1 >> '{"method":"multipleRequest","request_time_milis":1744365837658,"terminal_uuid":"1C4bveQsLNub5yVNYtYdow==","params":{"requests":[{"method":"component_nego"},{"method":"get_device_info"},{"method":"get_connect_cloud_state"}]}}'
Will perform handshaking...
Posting to http://192.168.100.112/app
Generating keypair
Handshake request: {'method': 'handshake', 'params': {'key': '-----BEGIN PUBLIC KEY-----\nMIGfMA0GCSqGSIb3DQEBAQUAA4GNADCBiQKBgQDBBDi9Ht4ux0JscxM2V3CUWTX0KTOzl1pPDlndYzsd4SMwz/XkxrFzttbpMlcn/ItLsNjx/E0jp178oNz1mru96DS7IVAflu4yaweQ+YBtU7ItTmEyU+KEGF5OmlzwQnFkdcJhofX2S800SxOIFHwNZWSLNnMgC84oOpxu/AC75wIDAQAB\n-----END PUBLIC KEY-----\n'}}
Device responded with: {'error_code': 0, 'result': {'key': 'BbpK+Bq04YXbIWTZLReDFdzamOxPXBEnY9unycel31OO+rSTJ0V8CUqZmzRqS2sZb49wt2fAnsPMGrnB7bRfGhtsPorAzTA5AV4zGos80aVftWB5gkCT1JA60gZhl3h13kxmh2Rd9Ce6R5iqgJs6AKP+yllKKP0uFaRJbOxfDes='}}
Handshake with 192.168.100.112 complete
Posting to http://192.168.100.112/app
192.168.100.112: logged in with provided credentials
Posting to http://192.168.100.112/app?token=0058A25C8F1C561EC03EA43FEF2F5D2F
Device 192.168.100.112 received an os error, enabling sequential request delay: Server disconnected
Device 192.168.100.112 got a connection error, will retry 3 times: ('Device connection error: 192.168.100.112: Server disconnected', ServerDisconnectedError('Server disconnected'))
192.168.100.112 multi-request-batch-1-of-1 >> '{"method":"multipleRequest","request_time_milis":1744365837806,"terminal_uuid":"1C4bveQsLNub5yVNYtYdow==","params":{"requests":[{"method":"component_nego"},{"method":"get_device_info"},{"method":"get_connect_cloud_state"}]}}'
Device 192.168.100.112 waiting 0.25 seconds to send request
Posting to http://192.168.100.112/app?token=0058A25C8F1C561EC03EA43FEF2F5D2F
192.168.100.112 multi-request-batch-1-of-1 << {'error_code': 0,
 'result': {'responses': [{'error_code': 0,
                           'method': 'component_nego',
                           'result': {'component_list': [{'id': 'device',
                                                          'ver_code': 2},
                                                         {'id': 'firmware',
                                                          'ver_code': 1},
                                                         {'id': 'quick_setup',
                                                          'ver_code': 3},
                                                         {'id': 'time',
                                                          'ver_code': 1},
                                                         {'id': 'wireless',
                                                          'ver_code': 1},
                                                         {'id': 'schedule',
                                                          'ver_code': 2},
                                                         {'id': 'countdown',
                                                          'ver_code': 2},
                                                         {'id': 'antitheft',
                                                          'ver_code': 1},
                                                         {'id': 'account',
                                                          'ver_code': 1},
                                                         {'id': 'synchronize',
                                                          'ver_code': 1},
                                                         {'id': 'sunrise_sunset',
                                                          'ver_code': 1},
                                                         {'id': 'led',
                                                          'ver_code': 1},
                                                         {'id': 'cloud_connect',
                                                          'ver_code': 1},
                                                         {'id': 'iot_cloud',
                                                          'ver_code': 1},
                                                         {'id': 'default_states',
                                                          'ver_code': 1}]}},
                          {'error_code': 0,
                           'method': 'get_device_info',
                           'result': {'avatar': 'plug',
                                      'default_states': {'state': {},
                                                         'type': 'last_states'},
                                      'device_id': 'REDACTED_DB80F24B353338FA05BB18C1C486215',
                                      'device_on': False,
                                      'fw_id': 'REDACTED_A25ABDE41405B20C6F98816',
                                      'fw_ver': '1.3.7 Build 20230711 Rel. '
                                                '61904',
                                      'has_set_location_info': True,
                                      'hw_id': 'REDACTED_5B29645B8150C392284029D',
                                      'hw_ver': '1.0.0',
                                      'ip': '192.168.100.112',
                                      'lang': '',
                                      'latitude': 0,
                                      'location': '',
                                      'longitude': 0,
                                      'mac': '74-DA-88-00-00-00',
                                      'model': 'P100',
                                      'nickname': 'I01BU0tFRF9OQU1FIw==',
                                      'oem_id': 'REDACTED_06C60A9AEEA36A3347B6EBC',
                                      'on_time': 0,
                                      'overheated': False,
                                      'region': 'Europe/Rome',
                                      'rssi': -46,
                                      'signal_level': 3,
                                      'specs': 'EU',
                                      'ssid': 'I01BU0tFRF9TU0lEIw==',
                                      'time_diff': 60,
                                      'type': 'SMART.TAPOPLUG'}},
                          {'error_code': 0,
                           'method': 'get_connect_cloud_state',
                           'result': {'status': 0}}]}}
Device 192.168.100.112, found required cloud_connect, adding Cloud to modules.
Device 192.168.100.112, found required device, adding DeviceModule to modules.
Device 192.168.100.112, found required firmware, adding Firmware to modules.
Device 192.168.100.112, found required led, adding Led to modules.
Device 192.168.100.112, found required None, adding OverheatProtection to modules.
Device 192.168.100.112, found required time, adding Time to modules.
Querying 192.168.100.112 for modules: Time, Led
192.168.100.112 multi-request-batch-1-of-1 >> '{"method":"multipleRequest","request_time_milis":1744365838144,"terminal_uuid":"1C4bveQsLNub5yVNYtYdow==","params":{"requests":[{"method":"get_device_time"},{"method":"get_led_info"}]}}'
Device 192.168.100.112 waiting 0.23499999998603016 seconds to send request
Posting to http://192.168.100.112/app?token=0058A25C8F1C561EC03EA43FEF2F5D2F
192.168.100.112 multi-request-batch-1-of-1 << {'error_code': 0,
 'result': {'responses': [{'error_code': 0,
                           'method': 'get_device_time',
                           'result': {'region': 'Europe/Rome',
                                      'time_diff': 60,
                                      'timestamp': 1744365838}},
                          {'error_code': 0,
                           'method': 'get_led_info',
                           'result': {'led_rule': 'always',
                                      'led_status': False,
                                      'night_mode': {'end_time': 0,
                                                     'night_mode_type': 'unknown',
                                                     'start_time': 0,
                                                     'sunrise_offset': 0,
                                                     'sunset_offset': 0}}}]}}
Update completed 192.168.100.112: ['component_nego', 'get_device_info', 'get_connect_cloud_state', 'get_device_time', 'get_led_info']
Switching status
Using proactor: IocpProactor
[DISCOVERY] 192.168.100.112 >> {'system': {'get_sysinfo': {}}}
Waiting a total of 5 seconds for responses...
Using SmartDevice for SMART.TAPOPLUG
Finding protocol for 192.168.100.112
Finding protocol for DeviceFamily.SmartTapoPlug
Finding transport for SMART.AES
Created AES transport for 192.168.100.112
[DISCOVERY] 192.168.100.112 << {'error_code': 0,
 'result': {'device_id': 'REDACTED_c913ec3cd97a6bec2fbb1ee',
            'device_model': 'P100',
            'device_type': 'SMART.TAPOPLUG',
            'factory_default': False,
            'ip': '192.168.100.112',
            'is_support_iot_cloud': True,
            'mac': '74-DA-88-00-00-00',
            'mgt_encrypt_schm': {'encrypt_type': 'AES',
                                 'http_port': 80,
                                 'is_support_https': False,
                                 'lv': 2},
            'owner': 'REDACTED_19347acd812465188388075'}}
Initializing 192.168.100.112 of type <class 'kasa.smart.smartdevice.SmartDevice'>
192.168.100.112 >> '{"method":"set_device_info","request_time_milis":1744365840060,"terminal_uuid":"7juOb8VJdTUfS3aKcNCHWw==","params":{"device_on":true}}'
Will perform handshaking...
Posting to http://192.168.100.112/app
Generating keypair
Handshake request: {'method': 'handshake', 'params': {'key': '-----BEGIN PUBLIC KEY-----\nMIGfMA0GCSqGSIb3DQEBAQUAA4GNADCBiQKBgQCqrL4VRNjzIRoDsPQxS4j5yJfk3ktkb2X9uwVPGg5UALkUR5TL8Dqg9hR/GxxM8J/9tJ0Kqe8lkGFX8bcLJW8vY5Za+sqBS+LtHHxQdhQA7eYDZHEEIHSNPu+MIOJqNP9SlBxslbh1adG3pLnj5PxAMw7XYgPYBf2RUtm1QLslNQIDAQAB\n-----END PUBLIC KEY-----\n'}}
Device responded with: {'error_code': 0, 'result': {'key': 'PE+bMkFeSa3hvuAV487AWuPfr9QwwUp7LuvXckiHg2hIYp2yjuWSfduQGXhc+YcjE6OdWA4Z+sSM0ZZH3SWb2m7MXZX418SW3+SP/PkcdgXlCj6u8C+0Y1lg4Nl/mgJAo3G7MlyW6yA5pBFuUzBJflwgmHrtELlrV8QFGvbvC0k='}}
Handshake with 192.168.100.112 complete
Posting to http://192.168.100.112/app
192.168.100.112: logged in with provided credentials
Posting to http://192.168.100.112/app?token=9D962E9313C3CAC15CE130E0FBF045F0
Device 192.168.100.112 received an os error, enabling sequential request delay: Server disconnected
Device 192.168.100.112 got a connection error, will retry 3 times: ('Device connection error: 192.168.100.112: Server disconnected', ServerDisconnectedError('Server disconnected'))
192.168.100.112 >> '{"method":"set_device_info","request_time_milis":1744365840260,"terminal_uuid":"7juOb8VJdTUfS3aKcNCHWw==","params":{"device_on":true}}'
Device 192.168.100.112 waiting 0.25 seconds to send request
Posting to http://192.168.100.112/app?token=9D962E9313C3CAC15CE130E0FBF045F0
192.168.100.112 << {'error_code': 0}
192.168.100.112 multi-request-batch-1-of-1 >> '{"method":"multipleRequest","request_time_milis":1744365840631,"terminal_uuid":"7juOb8VJdTUfS3aKcNCHWw==","params":{"requests":[{"method":"component_nego"},{"method":"get_device_info"},{"method":"get_connect_cloud_state"}]}}'
Device 192.168.100.112 waiting 0.25 seconds to send request
Posting to http://192.168.100.112/app?token=9D962E9313C3CAC15CE130E0FBF045F0
192.168.100.112 multi-request-batch-1-of-1 << {'error_code': 0,
 'result': {'responses': [{'error_code': 0,
                           'method': 'component_nego',
                           'result': {'component_list': [{'id': 'device',
                                                          'ver_code': 2},
                                                         {'id': 'firmware',
                                                          'ver_code': 1},
                                                         {'id': 'quick_setup',
                                                          'ver_code': 3},
                                                         {'id': 'time',
                                                          'ver_code': 1},
                                                         {'id': 'wireless',
                                                          'ver_code': 1},
                                                         {'id': 'schedule',
                                                          'ver_code': 2},
                                                         {'id': 'countdown',
                                                          'ver_code': 2},
                                                         {'id': 'antitheft',
                                                          'ver_code': 1},
                                                         {'id': 'account',
                                                          'ver_code': 1},
                                                         {'id': 'synchronize',
                                                          'ver_code': 1},
                                                         {'id': 'sunrise_sunset',
                                                          'ver_code': 1},
                                                         {'id': 'led',
                                                          'ver_code': 1},
                                                         {'id': 'cloud_connect',
                                                          'ver_code': 1},
                                                         {'id': 'iot_cloud',
                                                          'ver_code': 1},
                                                         {'id': 'default_states',
                                                          'ver_code': 1}]}},
                          {'error_code': 0,
                           'method': 'get_device_info',
                           'result': {'avatar': 'plug',
                                      'default_states': {'state': {},
                                                         'type': 'last_states'},
                                      'device_id': 'REDACTED_DB80F24B353338FA05BB18C1C486215',
                                      'device_on': True,
                                      'fw_id': 'REDACTED_A25ABDE41405B20C6F98816',
                                      'fw_ver': '1.3.7 Build 20230711 Rel. '
                                                '61904',
                                      'has_set_location_info': True,
                                      'hw_id': 'REDACTED_5B29645B8150C392284029D',
                                      'hw_ver': '1.0.0',
                                      'ip': '192.168.100.112',
                                      'lang': '',
                                      'latitude': 0,
                                      'location': '',
                                      'longitude': 0,
                                      'mac': '74-DA-88-00-00-00',
                                      'model': 'P100',
                                      'nickname': 'I01BU0tFRF9OQU1FIw==',
                                      'oem_id': 'REDACTED_06C60A9AEEA36A3347B6EBC',
                                      'on_time': 0,
                                      'overheated': False,
                                      'region': 'Europe/Rome',
                                      'rssi': -46,
                                      'signal_level': 3,
                                      'specs': 'EU',
                                      'ssid': 'I01BU0tFRF9TU0lEIw==',
                                      'time_diff': 60,
                                      'type': 'SMART.TAPOPLUG'}},
                          {'error_code': 0,
                           'method': 'get_connect_cloud_state',
                           'result': {'status': 0}}]}}
Device 192.168.100.112, found required cloud_connect, adding Cloud to modules.
Device 192.168.100.112, found required device, adding DeviceModule to modules.
Device 192.168.100.112, found required firmware, adding Firmware to modules.
Device 192.168.100.112, found required led, adding Led to modules.
Device 192.168.100.112, found required None, adding OverheatProtection to modules.
Device 192.168.100.112, found required time, adding Time to modules.
Querying 192.168.100.112 for modules: Time, Led
192.168.100.112 multi-request-batch-1-of-1 >> '{"method":"multipleRequest","request_time_milis":1744365840981,"terminal_uuid":"7juOb8VJdTUfS3aKcNCHWw==","params":{"requests":[{"method":"get_device_time"},{"method":"get_led_info"}]}}'
Device 192.168.100.112 waiting 0.23499999998603016 seconds to send request
Posting to http://192.168.100.112/app?token=9D962E9313C3CAC15CE130E0FBF045F0
192.168.100.112 multi-request-batch-1-of-1 << {'error_code': 0,
 'result': {'responses': [{'error_code': 0,
                           'method': 'get_device_time',
                           'result': {'region': 'Europe/Rome',
                                      'time_diff': 60,
                                      'timestamp': 1744365841}},
                          {'error_code': 0,
                           'method': 'get_led_info',
                           'result': {'led_rule': 'always',
                                      'led_status': True,
                                      'night_mode': {'end_time': 0,
                                                     'night_mode_type': 'unknown',
                                                     'start_time': 0,
                                                     'sunrise_offset': 0,
                                                     'sunset_offset': 0}}}]}}
Update completed 192.168.100.112: ['component_nego', 'get_device_info', 'get_connect_cloud_state', 'get_device_time', 'get_led_info']
True
device is: 
False
Switching status
Using proactor: IocpProactor
[DISCOVERY] 192.168.100.112 >> {'system': {'get_sysinfo': {}}}
Waiting a total of 5 seconds for responses...
Using SmartDevice for SMART.TAPOPLUG
Finding protocol for 192.168.100.112
Finding protocol for DeviceFamily.SmartTapoPlug
Finding transport for SMART.AES
Created AES transport for 192.168.100.112
[DISCOVERY] 192.168.100.112 << {'error_code': 0,
 'result': {'device_id': 'REDACTED_c913ec3cd97a6bec2fbb1ee',
            'device_model': 'P100',
            'device_type': 'SMART.TAPOPLUG',
            'factory_default': False,
            'ip': '192.168.100.112',
            'is_support_iot_cloud': True,
            'mac': '74-DA-88-00-00-00',
            'mgt_encrypt_schm': {'encrypt_type': 'AES',
                                 'http_port': 80,
                                 'is_support_https': False,
                                 'lv': 2},
            'owner': 'REDACTED_19347acd812465188388075'}}
Initializing 192.168.100.112 of type <class 'kasa.smart.smartdevice.SmartDevice'>
192.168.100.112 >> '{"method":"set_device_info","request_time_milis":1744365846148,"terminal_uuid":"TizB3yqluna8/hyRhrl9MQ==","params":{"device_on":true}}'
Will perform handshaking...
Posting to http://192.168.100.112/app
Generating keypair
Handshake request: {'method': 'handshake', 'params': {'key': '-----BEGIN PUBLIC KEY-----\nMIGfMA0GCSqGSIb3DQEBAQUAA4GNADCBiQKBgQC2QLAdnrxhDb764ATGhRJhZdJFL89XZgMilA7S+oBXXUQA6vODv6+QRfwyGoaakVVsX4ZXWdFrowZzryKUAA/UQYtwzEpM6AEHELTPtJQg2qNDT1N/ixuZohu+8U7/GJse2Ax8PdVZELL/hbrnPPBcJ6PORh1FwZHsHVxP5HAjWwIDAQAB\n-----END PUBLIC KEY-----\n'}}
Device responded with: {'error_code': 0, 'result': {'key': 'd59sFCl6SvWd68E7e52BfxbrqSFK3eeWSVrn6rOR49C/HDbLCe8ytwtuT5Ay26FzQjfe/c9Vf8Qi73F+LdbLJnl7TCm1qT8I9Xp8DlExMWd6RVMH1q1L9KzdXcRf69beP3+BHtW0ivH+pIT7WSzjZ3/ixEzy9y8sPSkC3W3Qf58='}}
Handshake with 192.168.100.112 complete
Posting to http://192.168.100.112/app
192.168.100.112: logged in with provided credentials
Posting to http://192.168.100.112/app?token=4F24482B38DB33DC8BAC06AFD29F9C9E
Device 192.168.100.112 received an os error, enabling sequential request delay: Server disconnected
Device 192.168.100.112 got a connection error, will retry 3 times: ('Device connection error: 192.168.100.112: Server disconnected', ServerDisconnectedError('Server disconnected'))
192.168.100.112 >> '{"method":"set_device_info","request_time_milis":1744365846342,"terminal_uuid":"TizB3yqluna8/hyRhrl9MQ==","params":{"device_on":true}}'
Device 192.168.100.112 waiting 0.25 seconds to send request
Posting to http://192.168.100.112/app?token=4F24482B38DB33DC8BAC06AFD29F9C9E
192.168.100.112 << {'error_code': 0}
192.168.100.112 multi-request-batch-1-of-1 >> '{"method":"multipleRequest","request_time_milis":1744365846700,"terminal_uuid":"TizB3yqluna8/hyRhrl9MQ==","params":{"requests":[{"method":"component_nego"},{"method":"get_device_info"},{"method":"get_connect_cloud_state"}]}}'
Device 192.168.100.112 waiting 0.25 seconds to send request
Posting to http://192.168.100.112/app?token=4F24482B38DB33DC8BAC06AFD29F9C9E
192.168.100.112 multi-request-batch-1-of-1 << {'error_code': 0,
 'result': {'responses': [{'error_code': 0,
                           'method': 'component_nego',
                           'result': {'component_list': [{'id': 'device',
                                                          'ver_code': 2},
                                                         {'id': 'firmware',
                                                          'ver_code': 1},
                                                         {'id': 'quick_setup',
                                                          'ver_code': 3},
                                                         {'id': 'time',
                                                          'ver_code': 1},
                                                         {'id': 'wireless',
                                                          'ver_code': 1},
                                                         {'id': 'schedule',
                                                          'ver_code': 2},
                                                         {'id': 'countdown',
                                                          'ver_code': 2},
                                                         {'id': 'antitheft',
                                                          'ver_code': 1},
                                                         {'id': 'account',
                                                          'ver_code': 1},
                                                         {'id': 'synchronize',
                                                          'ver_code': 1},
                                                         {'id': 'sunrise_sunset',
                                                          'ver_code': 1},
                                                         {'id': 'led',
                                                          'ver_code': 1},
                                                         {'id': 'cloud_connect',
                                                          'ver_code': 1},
                                                         {'id': 'iot_cloud',
                                                          'ver_code': 1},
                                                         {'id': 'default_states',
                                                          'ver_code': 1}]}},
                          {'error_code': 0,
                           'method': 'get_device_info',
                           'result': {'avatar': 'plug',
                                      'default_states': {'state': {},
                                                         'type': 'last_states'},
                                      'device_id': 'REDACTED_DB80F24B353338FA05BB18C1C486215',
                                      'device_on': True,
                                      'fw_id': 'REDACTED_A25ABDE41405B20C6F98816',
                                      'fw_ver': '1.3.7 Build 20230711 Rel. '
                                                '61904',
                                      'has_set_location_info': True,
                                      'hw_id': 'REDACTED_5B29645B8150C392284029D',
                                      'hw_ver': '1.0.0',
                                      'ip': '192.168.100.112',
                                      'lang': '',
                                      'latitude': 0,
                                      'location': '',
                                      'longitude': 0,
                                      'mac': '74-DA-88-00-00-00',
                                      'model': 'P100',
                                      'nickname': 'I01BU0tFRF9OQU1FIw==',
                                      'oem_id': 'REDACTED_06C60A9AEEA36A3347B6EBC',
                                      'on_time': 6,
                                      'overheated': False,
                                      'region': 'Europe/Rome',
                                      'rssi': -45,
                                      'signal_level': 3,
                                      'specs': 'EU',
                                      'ssid': 'I01BU0tFRF9TU0lEIw==',
                                      'time_diff': 60,
                                      'type': 'SMART.TAPOPLUG'}},
                          {'error_code': 0,
                           'method': 'get_connect_cloud_state',
                           'result': {'status': 0}}]}}
Device 192.168.100.112, found required cloud_connect, adding Cloud to modules.
Device 192.168.100.112, found required device, adding DeviceModule to modules.
Device 192.168.100.112, found required firmware, adding Firmware to modules.
Device 192.168.100.112, found required led, adding Led to modules.
Device 192.168.100.112, found required None, adding OverheatProtection to modules.
Device 192.168.100.112, found required time, adding Time to modules.
Querying 192.168.100.112 for modules: Time, Led
192.168.100.112 multi-request-batch-1-of-1 >> '{"method":"multipleRequest","request_time_milis":1744365847032,"terminal_uuid":"TizB3yqluna8/hyRhrl9MQ==","params":{"requests":[{"method":"get_device_time"},{"method":"get_led_info"}]}}'
Device 192.168.100.112 waiting 0.23399999999674037 seconds to send request
Posting to http://192.168.100.112/app?token=4F24482B38DB33DC8BAC06AFD29F9C9E
192.168.100.112 multi-request-batch-1-of-1 << {'error_code': 0,
 'result': {'responses': [{'error_code': 0,
                           'method': 'get_device_time',
                           'result': {'region': 'Europe/Rome',
                                      'time_diff': 60,
                                      'timestamp': 1744365847}},
                          {'error_code': 0,
                           'method': 'get_led_info',
                           'result': {'led_rule': 'always',
                                      'led_status': True,
                                      'night_mode': {'end_time': 0,
                                                     'night_mode_type': 'unknown',
                                                     'start_time': 0,
                                                     'sunrise_offset': 0,
                                                     'sunset_offset': 0}}}]}}
Update completed 192.168.100.112: ['component_nego', 'get_device_info', 'get_connect_cloud_state', 'get_device_time', 'get_led_info']
True
device is: 
False
Switching status
Using proactor: IocpProactor
[DISCOVERY] 192.168.100.112 >> {'system': {'get_sysinfo': {}}}
Waiting a total of 5 seconds for responses...
Using SmartDevice for SMART.TAPOPLUG
Finding protocol for 192.168.100.112
Finding protocol for DeviceFamily.SmartTapoPlug
Finding transport for SMART.AES
Created AES transport for 192.168.100.112
[DISCOVERY] 192.168.100.112 << {'error_code': 0,
 'result': {'device_id': 'REDACTED_c913ec3cd97a6bec2fbb1ee',
            'device_model': 'P100',
            'device_type': 'SMART.TAPOPLUG',
            'factory_default': False,
            'ip': '192.168.100.112',
            'is_support_iot_cloud': True,
            'mac': '74-DA-88-00-00-00',
            'mgt_encrypt_schm': {'encrypt_type': 'AES',
                                 'http_port': 80,
                                 'is_support_https': False,
                                 'lv': 2},
            'owner': 'REDACTED_19347acd812465188388075'}}
Initializing 192.168.100.112 of type <class 'kasa.smart.smartdevice.SmartDevice'>
192.168.100.112 >> '{"method":"set_device_info","request_time_milis":1744365862562,"terminal_uuid":"TF6RpyGhW3nYNaTiIYwNqA==","params":{"device_on":true}}'
Will perform handshaking...
Posting to http://192.168.100.112/app
Generating keypair
Handshake request: {'method': 'handshake', 'params': {'key': '-----BEGIN PUBLIC KEY-----\nMIGfMA0GCSqGSIb3DQEBAQUAA4GNADCBiQKBgQDjMab4AcpXL7WGf7ANBJW4vTj7QLBInot4mpnm8ck4k/TFxvVYTZX9l9qM8I1PG7X+9Po0ZQfxELGT5e0+W6KTndCRYLvGQMRiVaeg2aM2N8uZfjxYTxkTdarHnsXaFi74JLPalXj93QGGO4tAb+kkXeyJNsjdjSA8a4C6fsovIwIDAQAB\n-----END PUBLIC KEY-----\n'}}
Device responded with: {'error_code': 0, 'result': {'key': '1Iw98g4YLWrKgHwUvwa+pH6ipvQnVZBFyI1mxQHVhc0V36czPoXXS7E80WD1uav0GgX0S9UgaYYd7goVhqI3fHoBiFpPH/GZ71rQxTARWoGrUVPblqr8jcINuI2olnsGF2W2qnscUnecTwd552OBWgB1a185QKxlpvaYFluAk34='}}
Handshake with 192.168.100.112 complete
Posting to http://192.168.100.112/app
192.168.100.112: logged in with provided credentials
Posting to http://192.168.100.112/app?token=D6E8DDE56D356033B053B650DE605D61
Device 192.168.100.112 received an os error, enabling sequential request delay: Server disconnected
Device 192.168.100.112 got a connection error, will retry 3 times: ('Device connection error: 192.168.100.112: Server disconnected', ServerDisconnectedError('Server disconnected'))
192.168.100.112 >> '{"method":"set_device_info","request_time_milis":1744365862711,"terminal_uuid":"TF6RpyGhW3nYNaTiIYwNqA==","params":{"device_on":true}}'
Device 192.168.100.112 waiting 0.23399999999674037 seconds to send request
Posting to http://192.168.100.112/app?token=D6E8DDE56D356033B053B650DE605D61
Unable to query the device: 192.168.100.112, not retrying: ('Unable to query the device: 192.168.100.112: ', TimeoutError())
C:\Users\Davide\AppData\Local\I3Lab - Politecnico di Milano\Server SmartPlug\options.json
Discovery started...
Using proactor: IocpProactor
Listening on 127.0.0.1:7071
[DISCOVERY] 255.255.255.255 >> {'system': {'get_sysinfo': {}}}
Waiting 5 seconds for responses...
Using SmartDevice for SMART.TAPOPLUG
Finding protocol for 192.168.100.112
Finding protocol for DeviceFamily.SmartTapoPlug
Finding transport for SMART.AES
Created AES transport for 192.168.100.112
[DISCOVERY] 192.168.100.112 << {'error_code': 0,
 'result': {'device_id': 'REDACTED_c913ec3cd97a6bec2fbb1ee',
            'device_model': 'P100',
            'device_type': 'SMART.TAPOPLUG',
            'factory_default': False,
            'ip': '192.168.100.112',
            'is_support_iot_cloud': True,
            'mac': '74-DA-88-00-00-00',
            'mgt_encrypt_schm': {'encrypt_type': 'AES',
                                 'http_port': 80,
                                 'is_support_https': False,
                                 'lv': 2},
            'owner': 'REDACTED_19347acd812465188388075'}}
Initializing 192.168.100.112 of type <class 'kasa.smart.smartdevice.SmartDevice'>
Using proactor: IocpProactor
Discovery finished! Found: 1 device(s)
Discovered 1 devices
Using proactor: IocpProactor
[DISCOVERY] 192.168.100.112 >> {'system': {'get_sysinfo': {}}}
Waiting a total of 5 seconds for responses...
Using SmartDevice for SMART.TAPOPLUG
Finding protocol for 192.168.100.112
Finding protocol for DeviceFamily.SmartTapoPlug
Finding transport for SMART.AES
Created AES transport for 192.168.100.112
[DISCOVERY] 192.168.100.112 << {'error_code': 0,
 'result': {'device_id': 'REDACTED_c913ec3cd97a6bec2fbb1ee',
            'device_model': 'P100',
            'device_type': 'SMART.TAPOPLUG',
            'factory_default': False,
            'ip': '192.168.100.112',
            'is_support_iot_cloud': True,
            'mac': '74-DA-88-00-00-00',
            'mgt_encrypt_schm': {'encrypt_type': 'AES',
                                 'http_port': 80,
                                 'is_support_https': False,
                                 'lv': 2},
            'owner': 'REDACTED_19347acd812465188388075'}}
Initializing 192.168.100.112 of type <class 'kasa.smart.smartdevice.SmartDevice'>
192.168.100.112 multi-request-batch-1-of-1 >> '{"method":"multipleRequest","request_time_milis":1744365908623,"terminal_uuid":"ZX3hkoHxnW72zExUjYKiwg==","params":{"requests":[{"method":"component_nego"},{"method":"get_device_info"},{"method":"get_connect_cloud_state"}]}}'
Will perform handshaking...
Posting to http://192.168.100.112/app
Generating keypair
Handshake request: {'method': 'handshake', 'params': {'key': '-----BEGIN PUBLIC KEY-----\nMIGfMA0GCSqGSIb3DQEBAQUAA4GNADCBiQKBgQDAWnUktpcr5xUbzjfkHhgM7QWMfjkU+9GauQrhr4FvXI5eKo6xeQSp1qn1dGO5K/17Yzr/W9FIXSi7HnjCOOR5LPdnVRCeHdLGLSfSqXpkHmFAcG1mgUycTAyhgCI9QQyjs9KcF05hNtpcFMPgYeaEBXyFMR9hlaplTkXVRrGVsQIDAQAB\n-----END PUBLIC KEY-----\n'}}
Device responded with: {'error_code': 0, 'result': {'key': 'C3fyneBimkwejtai/2fvMTVA5UkKEknr2bTWytu0MgYMe25y7uyvAelv5R+S88QGo/CsEMy24KyxCR3u1qomBlay7Eb1uhabxrVOcdsRcYXPOMyuYxwYWStqZ/LQZhlz9PcOajYsS7wWoxDntdm5zqvddI9yYGrwUZl0ja167/Q='}}
Handshake with 192.168.100.112 complete
Posting to http://192.168.100.112/app
192.168.100.112: logged in with provided credentials
Posting to http://192.168.100.112/app?token=B757265B3A9BF29D74FD10FE53CE69CF
Device 192.168.100.112 received an os error, enabling sequential request delay: Server disconnected
Device 192.168.100.112 got a connection error, will retry 3 times: ('Device connection error: 192.168.100.112: Server disconnected', ServerDisconnectedError('Server disconnected'))
192.168.100.112 multi-request-batch-1-of-1 >> '{"method":"multipleRequest","request_time_milis":1744365908764,"terminal_uuid":"ZX3hkoHxnW72zExUjYKiwg==","params":{"requests":[{"method":"component_nego"},{"method":"get_device_info"},{"method":"get_connect_cloud_state"}]}}'
Device 192.168.100.112 waiting 0.25 seconds to send request
Posting to http://192.168.100.112/app?token=B757265B3A9BF29D74FD10FE53CE69CF
192.168.100.112 multi-request-batch-1-of-1 << {'error_code': 0,
 'result': {'responses': [{'error_code': 0,
                           'method': 'component_nego',
                           'result': {'component_list': [{'id': 'device',
                                                          'ver_code': 2},
                                                         {'id': 'firmware',
                                                          'ver_code': 1},
                                                         {'id': 'quick_setup',
                                                          'ver_code': 3},
                                                         {'id': 'time',
                                                          'ver_code': 1},
                                                         {'id': 'wireless',
                                                          'ver_code': 1},
                                                         {'id': 'schedule',
                                                          'ver_code': 2},
                                                         {'id': 'countdown',
                                                          'ver_code': 2},
                                                         {'id': 'antitheft',
                                                          'ver_code': 1},
                                                         {'id': 'account',
                                                          'ver_code': 1},
                                                         {'id': 'synchronize',
                                                          'ver_code': 1},
                                                         {'id': 'sunrise_sunset',
                                                          'ver_code': 1},
                                                         {'id': 'led',
                                                          'ver_code': 1},
                                                         {'id': 'cloud_connect',
                                                          'ver_code': 1},
                                                         {'id': 'iot_cloud',
                                                          'ver_code': 1},
                                                         {'id': 'default_states',
                                                          'ver_code': 1}]}},
                          {'error_code': 0,
                           'method': 'get_device_info',
                           'result': {'avatar': 'plug',
                                      'default_states': {'state': {},
                                                         'type': 'last_states'},
                                      'device_id': 'REDACTED_DB80F24B353338FA05BB18C1C486215',
                                      'device_on': True,
                                      'fw_id': 'REDACTED_A25ABDE41405B20C6F98816',
                                      'fw_ver': '1.3.7 Build 20230711 Rel. '
                                                '61904',
                                      'has_set_location_info': True,
                                      'hw_id': 'REDACTED_5B29645B8150C392284029D',
                                      'hw_ver': '1.0.0',
                                      'ip': '192.168.100.112',
                                      'lang': '',
                                      'latitude': 0,
                                      'location': '',
                                      'longitude': 0,
                                      'mac': '74-DA-88-00-00-00',
                                      'model': 'P100',
                                      'nickname': 'I01BU0tFRF9OQU1FIw==',
                                      'oem_id': 'REDACTED_06C60A9AEEA36A3347B6EBC',
                                      'on_time': 68,
                                      'overheated': False,
                                      'region': 'Europe/Rome',
                                      'rssi': -44,
                                      'signal_level': 3,
                                      'specs': 'EU',
                                      'ssid': 'I01BU0tFRF9TU0lEIw==',
                                      'time_diff': 60,
                                      'type': 'SMART.TAPOPLUG'}},
                          {'error_code': 0,
                           'method': 'get_connect_cloud_state',
                           'result': {'status': 0}}]}}
Device 192.168.100.112, found required cloud_connect, adding Cloud to modules.
Device 192.168.100.112, found required device, adding DeviceModule to modules.
Device 192.168.100.112, found required firmware, adding Firmware to modules.
Device 192.168.100.112, found required led, adding Led to modules.
Device 192.168.100.112, found required None, adding OverheatProtection to modules.
Device 192.168.100.112, found required time, adding Time to modules.
Querying 192.168.100.112 for modules: Time, Led
192.168.100.112 multi-request-batch-1-of-1 >> '{"method":"multipleRequest","request_time_milis":1744365909099,"terminal_uuid":"ZX3hkoHxnW72zExUjYKiwg==","params":{"requests":[{"method":"get_device_time"},{"method":"get_led_info"}]}}'
Device 192.168.100.112 waiting 0.25 seconds to send request
Posting to http://192.168.100.112/app?token=B757265B3A9BF29D74FD10FE53CE69CF
192.168.100.112 multi-request-batch-1-of-1 << {'error_code': 0,
 'result': {'responses': [{'error_code': 0,
                           'method': 'get_device_time',
                           'result': {'region': 'Europe/Rome',
                                      'time_diff': 60,
                                      'timestamp': 1744365909}},
                          {'error_code': 0,
                           'method': 'get_led_info',
                           'result': {'led_rule': 'always',
                                      'led_status': True,
                                      'night_mode': {'end_time': 0,
                                                     'night_mode_type': 'unknown',
                                                     'start_time': 0,
                                                     'sunrise_offset': 0,
                                                     'sunset_offset': 0}}}]}}
Update completed 192.168.100.112: ['component_nego', 'get_device_info', 'get_connect_cloud_state', 'get_device_time', 'get_led_info']
Switching status
Using proactor: IocpProactor
[DISCOVERY] 192.168.100.112 >> {'system': {'get_sysinfo': {}}}
Waiting a total of 5 seconds for responses...
Using SmartDevice for SMART.TAPOPLUG
Finding protocol for 192.168.100.112
Finding protocol for DeviceFamily.SmartTapoPlug
Finding transport for SMART.AES
Created AES transport for 192.168.100.112
[DISCOVERY] 192.168.100.112 << {'error_code': 0,
 'result': {'device_id': 'REDACTED_c913ec3cd97a6bec2fbb1ee',
            'device_model': 'P100',
            'device_type': 'SMART.TAPOPLUG',
            'factory_default': False,
            'ip': '192.168.100.112',
            'is_support_iot_cloud': True,
            'mac': '74-DA-88-00-00-00',
            'mgt_encrypt_schm': {'encrypt_type': 'AES',
                                 'http_port': 80,
                                 'is_support_https': False,
                                 'lv': 2},
            'owner': 'REDACTED_19347acd812465188388075'}}
Initializing 192.168.100.112 of type <class 'kasa.smart.smartdevice.SmartDevice'>
192.168.100.112 >> '{"method":"set_device_info","request_time_milis":1744365924096,"terminal_uuid":"hNjByexqyxDaWd2ZlPnRKQ==","params":{"device_on":false}}'
Will perform handshaking...
Posting to http://192.168.100.112/app
Generating keypair
Handshake request: {'method': 'handshake', 'params': {'key': '-----BEGIN PUBLIC KEY-----\nMIGfMA0GCSqGSIb3DQEBAQUAA4GNADCBiQKBgQC+K+b/z+kJweoGde+1BwquSeHF+QUK2Em42m1tDaSG8sBEabhU95WZREUnAIAQ4UpqOm4CoAVM9/lJPGGeB+KnjoOjII4472FAnvWqMuOI5Us8vhXq7ehZOSUAmN9HxhBEMj9RBTo+5UszHeCAOaGRjUYPJeyebD7Kbp2tD4fuUQIDAQAB\n-----END PUBLIC KEY-----\n'}}
Device responded with: {'error_code': 0, 'result': {'key': 'UDbfL9kv21Q3zYPMHFJRrKz3uN7JwAZNiMKW3SXpkPRLcnXOLFtFf1H3gLp7BYafrsJJY8Y/3DoeeLr73ulZKnh9MlF+DMl2PPCBoKv9tz207L5n2tEjHvODvC+PjQ8XLHcdqB0lvW4ToBZ5Kbay64yULWDsRYoPyCyuDQ5BpUw='}}
Handshake with 192.168.100.112 complete
Posting to http://192.168.100.112/app
192.168.100.112: logged in with provided credentials
Posting to http://192.168.100.112/app?token=F2571C5AF38A048C7BEC88EFBFDFC6DE
Device 192.168.100.112 received an os error, enabling sequential request delay: Server disconnected
Device 192.168.100.112 got a connection error, will retry 3 times: ('Device connection error: 192.168.100.112: Server disconnected', ServerDisconnectedError('Server disconnected'))
192.168.100.112 >> '{"method":"set_device_info","request_time_milis":1744365924264,"terminal_uuid":"hNjByexqyxDaWd2ZlPnRKQ==","params":{"device_on":false}}'
Device 192.168.100.112 waiting 0.25 seconds to send request
Posting to http://192.168.100.112/app?token=F2571C5AF38A048C7BEC88EFBFDFC6DE
192.168.100.112 << {'error_code': 0}
192.168.100.112 multi-request-batch-1-of-1 >> '{"method":"multipleRequest","request_time_milis":1744365924632,"terminal_uuid":"hNjByexqyxDaWd2ZlPnRKQ==","params":{"requests":[{"method":"component_nego"},{"method":"get_device_info"},{"method":"get_connect_cloud_state"}]}}'
Device 192.168.100.112 waiting 0.25 seconds to send request
Posting to http://192.168.100.112/app?token=F2571C5AF38A048C7BEC88EFBFDFC6DE
192.168.100.112 multi-request-batch-1-of-1 << {'error_code': 0,
 'result': {'responses': [{'error_code': 0,
                           'method': 'component_nego',
                           'result': {'component_list': [{'id': 'device',
                                                          'ver_code': 2},
                                                         {'id': 'firmware',
                                                          'ver_code': 1},
                                                         {'id': 'quick_setup',
                                                          'ver_code': 3},
                                                         {'id': 'time',
                                                          'ver_code': 1},
                                                         {'id': 'wireless',
                                                          'ver_code': 1},
                                                         {'id': 'schedule',
                                                          'ver_code': 2},
                                                         {'id': 'countdown',
                                                          'ver_code': 2},
                                                         {'id': 'antitheft',
                                                          'ver_code': 1},
                                                         {'id': 'account',
                                                          'ver_code': 1},
                                                         {'id': 'synchronize',
                                                          'ver_code': 1},
                                                         {'id': 'sunrise_sunset',
                                                          'ver_code': 1},
                                                         {'id': 'led',
                                                          'ver_code': 1},
                                                         {'id': 'cloud_connect',
                                                          'ver_code': 1},
                                                         {'id': 'iot_cloud',
                                                          'ver_code': 1},
                                                         {'id': 'default_states',
                                                          'ver_code': 1}]}},
                          {'error_code': 0,
                           'method': 'get_device_info',
                           'result': {'avatar': 'plug',
                                      'default_states': {'state': {},
                                                         'type': 'last_states'},
                                      'device_id': 'REDACTED_DB80F24B353338FA05BB18C1C486215',
                                      'device_on': False,
                                      'fw_id': 'REDACTED_A25ABDE41405B20C6F98816',
                                      'fw_ver': '1.3.7 Build 20230711 Rel. '
                                                '61904',
                                      'has_set_location_info': True,
                                      'hw_id': 'REDACTED_5B29645B8150C392284029D',
                                      'hw_ver': '1.0.0',
                                      'ip': '192.168.100.112',
                                      'lang': '',
                                      'latitude': 0,
                                      'location': '',
                                      'longitude': 0,
                                      'mac': '74-DA-88-00-00-00',
                                      'model': 'P100',
                                      'nickname': 'I01BU0tFRF9OQU1FIw==',
                                      'oem_id': 'REDACTED_06C60A9AEEA36A3347B6EBC',
                                      'on_time': 0,
                                      'overheated': False,
                                      'region': 'Europe/Rome',
                                      'rssi': -43,
                                      'signal_level': 3,
                                      'specs': 'EU',
                                      'ssid': 'I01BU0tFRF9TU0lEIw==',
                                      'time_diff': 60,
                                      'type': 'SMART.TAPOPLUG'}},
                          {'error_code': 0,
                           'method': 'get_connect_cloud_state',
                           'result': {'status': 0}}]}}
Device 192.168.100.112, found required cloud_connect, adding Cloud to modules.
Device 192.168.100.112, found required device, adding DeviceModule to modules.
Device 192.168.100.112, found required firmware, adding Firmware to modules.
Device 192.168.100.112, found required led, adding Led to modules.
Device 192.168.100.112, found required None, adding OverheatProtection to modules.
Device 192.168.100.112, found required time, adding Time to modules.
Querying 192.168.100.112 for modules: Time, Led
192.168.100.112 multi-request-batch-1-of-1 >> '{"method":"multipleRequest","request_time_milis":1744365924972,"terminal_uuid":"hNjByexqyxDaWd2ZlPnRKQ==","params":{"requests":[{"method":"get_device_time"},{"method":"get_led_info"}]}}'
Device 192.168.100.112 waiting 0.25 seconds to send request
Posting to http://192.168.100.112/app?token=F2571C5AF38A048C7BEC88EFBFDFC6DE
192.168.100.112 multi-request-batch-1-of-1 << {'error_code': 0,
 'result': {'responses': [{'error_code': 0,
                           'method': 'get_device_time',
                           'result': {'region': 'Europe/Rome',
                                      'time_diff': 60,
                                      'timestamp': 1744365925}},
                          {'error_code': 0,
                           'method': 'get_led_info',
                           'result': {'led_rule': 'always',
                                      'led_status': False,
                                      'night_mode': {'end_time': 0,
                                                     'night_mode_type': 'unknown',
                                                     'start_time': 0,
                                                     'sunrise_offset': 0,
                                                     'sunset_offset': 0}}}]}}
Update completed 192.168.100.112: ['component_nego', 'get_device_info', 'get_connect_cloud_state', 'get_device_time', 'get_led_info']
False
device is: 
True
Switching status
Using proactor: IocpProactor
[DISCOVERY] 192.168.100.112 >> {'system': {'get_sysinfo': {}}}
Waiting a total of 5 seconds for responses...
Using SmartDevice for SMART.TAPOPLUG
Finding protocol for 192.168.100.112
Finding protocol for DeviceFamily.SmartTapoPlug
Finding transport for SMART.AES
Created AES transport for 192.168.100.112
[DISCOVERY] 192.168.100.112 << {'error_code': 0,
 'result': {'device_id': 'REDACTED_c913ec3cd97a6bec2fbb1ee',
            'device_model': 'P100',
            'device_type': 'SMART.TAPOPLUG',
            'factory_default': False,
            'ip': '192.168.100.112',
            'is_support_iot_cloud': True,
            'mac': '74-DA-88-00-00-00',
            'mgt_encrypt_schm': {'encrypt_type': 'AES',
                                 'http_port': 80,
                                 'is_support_https': False,
                                 'lv': 2},
            'owner': 'REDACTED_19347acd812465188388075'}}
Initializing 192.168.100.112 of type <class 'kasa.smart.smartdevice.SmartDevice'>
192.168.100.112 >> '{"method":"set_device_info","request_time_milis":1744365941512,"terminal_uuid":"jbKh9IGeGqoaPBFwZ0Yw5w==","params":{"device_on":false}}'
Will perform handshaking...
Posting to http://192.168.100.112/app
Generating keypair
Handshake request: {'method': 'handshake', 'params': {'key': '-----BEGIN PUBLIC KEY-----\nMIGfMA0GCSqGSIb3DQEBAQUAA4GNADCBiQKBgQCo7u1KIgE3SpdnNsdPeVvxIMxR9wrhofMCIfFGp+dsIrNhdGkMhiwn4dBRUuYVEK1x7Ctfg10RedmbhgRJo3OoI0iVWP0noIpPFetN4slmRQjaJdvCFDu5WwU/s2LTdjhobGe5YGHeVClxgX8s+2pTYprh/zXMIers7aUI+bc6dwIDAQAB\n-----END PUBLIC KEY-----\n'}}
Device responded with: {'error_code': 0, 'result': {'key': 'ShzxnUC8+ckmVwWAQNsa4GIvf6yPH5hQzLjdNzA5rpXLCU4qcCTKVrOVTYwwQFoPEJF+q+p1EJ86J0sdRag4kD1MBUnSf++CGNk3x1cRTmQOBiN9JEWSGl+NSfOF2hvjzy2wjc4Bgqs10iDlBFMZ+RDvKbV/C7pnSAMRgPU5YXU='}}
Handshake with 192.168.100.112 complete
Posting to http://192.168.100.112/app
192.168.100.112: logged in with provided credentials
Posting to http://192.168.100.112/app?token=82FA7FF6A03656303950C2537D638862
Device 192.168.100.112 received an os error, enabling sequential request delay: Server disconnected
Device 192.168.100.112 got a connection error, will retry 3 times: ('Device connection error: 192.168.100.112: Server disconnected', ServerDisconnectedError('Server disconnected'))
192.168.100.112 >> '{"method":"set_device_info","request_time_milis":1744365941683,"terminal_uuid":"jbKh9IGeGqoaPBFwZ0Yw5w==","params":{"device_on":false}}'
Device 192.168.100.112 waiting 0.25 seconds to send request
Posting to http://192.168.100.112/app?token=82FA7FF6A03656303950C2537D638862
192.168.100.112 << {'error_code': 0}
192.168.100.112 multi-request-batch-1-of-1 >> '{"method":"multipleRequest","request_time_milis":1744365942001,"terminal_uuid":"jbKh9IGeGqoaPBFwZ0Yw5w==","params":{"requests":[{"method":"component_nego"},{"method":"get_device_info"},{"method":"get_connect_cloud_state"}]}}'
Device 192.168.100.112 waiting 0.25 seconds to send request
Posting to http://192.168.100.112/app?token=82FA7FF6A03656303950C2537D638862
192.168.100.112 multi-request-batch-1-of-1 << {'error_code': 0,
 'result': {'responses': [{'error_code': 0,
                           'method': 'component_nego',
                           'result': {'component_list': [{'id': 'device',
                                                          'ver_code': 2},
                                                         {'id': 'firmware',
                                                          'ver_code': 1},
                                                         {'id': 'quick_setup',
                                                          'ver_code': 3},
                                                         {'id': 'time',
                                                          'ver_code': 1},
                                                         {'id': 'wireless',
                                                          'ver_code': 1},
                                                         {'id': 'schedule',
                                                          'ver_code': 2},
                                                         {'id': 'countdown',
                                                          'ver_code': 2},
                                                         {'id': 'antitheft',
                                                          'ver_code': 1},
                                                         {'id': 'account',
                                                          'ver_code': 1},
                                                         {'id': 'synchronize',
                                                          'ver_code': 1},
                                                         {'id': 'sunrise_sunset',
                                                          'ver_code': 1},
                                                         {'id': 'led',
                                                          'ver_code': 1},
                                                         {'id': 'cloud_connect',
                                                          'ver_code': 1},
                                                         {'id': 'iot_cloud',
                                                          'ver_code': 1},
                                                         {'id': 'default_states',
                                                          'ver_code': 1}]}},
                          {'error_code': 0,
                           'method': 'get_device_info',
                           'result': {'avatar': 'plug',
                                      'default_states': {'state': {},
                                                         'type': 'last_states'},
                                      'device_id': 'REDACTED_DB80F24B353338FA05BB18C1C486215',
                                      'device_on': False,
                                      'fw_id': 'REDACTED_A25ABDE41405B20C6F98816',
                                      'fw_ver': '1.3.7 Build 20230711 Rel. '
                                                '61904',
                                      'has_set_location_info': True,
                                      'hw_id': 'REDACTED_5B29645B8150C392284029D',
                                      'hw_ver': '1.0.0',
                                      'ip': '192.168.100.112',
                                      'lang': '',
                                      'latitude': 0,
                                      'location': '',
                                      'longitude': 0,
                                      'mac': '74-DA-88-00-00-00',
                                      'model': 'P100',
                                      'nickname': 'I01BU0tFRF9OQU1FIw==',
                                      'oem_id': 'REDACTED_06C60A9AEEA36A3347B6EBC',
                                      'on_time': 0,
                                      'overheated': False,
                                      'region': 'Europe/Rome',
                                      'rssi': -45,
                                      'signal_level': 3,
                                      'specs': 'EU',
                                      'ssid': 'I01BU0tFRF9TU0lEIw==',
                                      'time_diff': 60,
                                      'type': 'SMART.TAPOPLUG'}},
                          {'error_code': 0,
                           'method': 'get_connect_cloud_state',
                           'result': {'status': 0}}]}}
Device 192.168.100.112, found required cloud_connect, adding Cloud to modules.
Device 192.168.100.112, found required device, adding DeviceModule to modules.
Device 192.168.100.112, found required firmware, adding Firmware to modules.
Device 192.168.100.112, found required led, adding Led to modules.
Device 192.168.100.112, found required None, adding OverheatProtection to modules.
Device 192.168.100.112, found required time, adding Time to modules.
Querying 192.168.100.112 for modules: Time, Led
192.168.100.112 multi-request-batch-1-of-1 >> '{"method":"multipleRequest","request_time_milis":1744365942339,"terminal_uuid":"jbKh9IGeGqoaPBFwZ0Yw5w==","params":{"requests":[{"method":"get_device_time"},{"method":"get_led_info"}]}}'
Device 192.168.100.112 waiting 0.23399999999674037 seconds to send request
Posting to http://192.168.100.112/app?token=82FA7FF6A03656303950C2537D638862
192.168.100.112 multi-request-batch-1-of-1 << {'error_code': 0,
 'result': {'responses': [{'error_code': 0,
                           'method': 'get_device_time',
                           'result': {'region': 'Europe/Rome',
                                      'time_diff': 60,
                                      'timestamp': 1744365942}},
                          {'error_code': 0,
                           'method': 'get_led_info',
                           'result': {'led_rule': 'always',
                                      'led_status': False,
                                      'night_mode': {'end_time': 0,
                                                     'night_mode_type': 'unknown',
                                                     'start_time': 0,
                                                     'sunrise_offset': 0,
                                                     'sunset_offset': 0}}}]}}
Update completed 192.168.100.112: ['component_nego', 'get_device_info', 'get_connect_cloud_state', 'get_device_time', 'get_led_info']
False
device is: 
True
Discovery started...
Using proactor: IocpProactor
[DISCOVERY] 255.255.255.255 >> {'system': {'get_sysinfo': {}}}
Waiting 5 seconds for responses...
Using SmartDevice for SMART.TAPOPLUG
Finding protocol for 192.168.100.112
Finding protocol for DeviceFamily.SmartTapoPlug
Finding transport for SMART.AES
Created AES transport for 192.168.100.112
[DISCOVERY] 192.168.100.112 << {'error_code': 0,
 'result': {'device_id': 'REDACTED_c913ec3cd97a6bec2fbb1ee',
            'device_model': 'P100',
            'device_type': 'SMART.TAPOPLUG',
            'factory_default': False,
            'ip': '192.168.100.112',
            'is_support_iot_cloud': True,
            'mac': '74-DA-88-00-00-00',
            'mgt_encrypt_schm': {'encrypt_type': 'AES',
                                 'http_port': 80,
                                 'is_support_https': False,
                                 'lv': 2},
            'owner': 'REDACTED_19347acd812465188388075'}}
Initializing 192.168.100.112 of type <class 'kasa.smart.smartdevice.SmartDevice'>
Discovery finished! Found: 1 device(s)
Discovered 1 devices
Using proactor: IocpProactor
[DISCOVERY] 192.168.100.112 >> {'system': {'get_sysinfo': {}}}
Waiting a total of 5 seconds for responses...
Using SmartDevice for SMART.TAPOPLUG
Finding protocol for 192.168.100.112
Finding protocol for DeviceFamily.SmartTapoPlug
Finding transport for SMART.AES
Created AES transport for 192.168.100.112
[DISCOVERY] 192.168.100.112 << {'error_code': 0,
 'result': {'device_id': 'REDACTED_c913ec3cd97a6bec2fbb1ee',
            'device_model': 'P100',
            'device_type': 'SMART.TAPOPLUG',
            'factory_default': False,
            'ip': '192.168.100.112',
            'is_support_iot_cloud': True,
            'mac': '74-DA-88-00-00-00',
            'mgt_encrypt_schm': {'encrypt_type': 'AES',
                                 'http_port': 80,
                                 'is_support_https': False,
                                 'lv': 2},
            'owner': 'REDACTED_19347acd812465188388075'}}
Initializing 192.168.100.112 of type <class 'kasa.smart.smartdevice.SmartDevice'>
192.168.100.112 multi-request-batch-1-of-1 >> '{"method":"multipleRequest","request_time_milis":1744366004749,"terminal_uuid":"Bs0cR7ZBQuue4h1CNKmXnQ==","params":{"requests":[{"method":"component_nego"},{"method":"get_device_info"},{"method":"get_connect_cloud_state"}]}}'
Will perform handshaking...
Posting to http://192.168.100.112/app
Generating keypair
Handshake request: {'method': 'handshake', 'params': {'key': '-----BEGIN PUBLIC KEY-----\nMIGfMA0GCSqGSIb3DQEBAQUAA4GNADCBiQKBgQDl7FxVjpeyzDh8hni/KlOuRFBaV1fSRtd4Mc4n/8ENWeNBTMvpmnFQjLLsIAH8MwazD6jkSN7l7FEovP12DTeUvuEbPiV3rL2u1oyl/qXJFG/5dRGkoUlKThY8VUSxN1oDia3h4Zs6oe0dWsVF/k1g8X7iNZkkmrlyA4PWg8IfVwIDAQAB\n-----END PUBLIC KEY-----\n'}}
Device responded with: {'error_code': 0, 'result': {'key': 'MPdkN61IS8YQZVBhZFBaIOGxqxTgvS3KdydDHI0/T+GwbwKRBBqj7uZ8PSWmN4uWkSU6Et3B5NDnl/Zf1wa1pNPHSWJSOey4jhBa9++DKr1yhQRNR0OF6QvgQ8zYEocLIjCJMdDolH/qsdHIFhZlRJxiI3Tr6fNt1MUcw9cOzFc='}}
Handshake with 192.168.100.112 complete
Posting to http://192.168.100.112/app
192.168.100.112: logged in with provided credentials
Posting to http://192.168.100.112/app?token=2DA8C5A54A75BE73F913831020201521
Device 192.168.100.112 received an os error, enabling sequential request delay: Server disconnected
Device 192.168.100.112 got a connection error, will retry 3 times: ('Device connection error: 192.168.100.112: Server disconnected', ServerDisconnectedError('Server disconnected'))
192.168.100.112 multi-request-batch-1-of-1 >> '{"method":"multipleRequest","request_time_milis":1744366004895,"terminal_uuid":"Bs0cR7ZBQuue4h1CNKmXnQ==","params":{"requests":[{"method":"component_nego"},{"method":"get_device_info"},{"method":"get_connect_cloud_state"}]}}'
Device 192.168.100.112 waiting 0.25 seconds to send request
Posting to http://192.168.100.112/app?token=2DA8C5A54A75BE73F913831020201521
192.168.100.112 multi-request-batch-1-of-1 << {'error_code': 0,
 'result': {'responses': [{'error_code': 0,
                           'method': 'component_nego',
                           'result': {'component_list': [{'id': 'device',
                                                          'ver_code': 2},
                                                         {'id': 'firmware',
                                                          'ver_code': 1},
                                                         {'id': 'quick_setup',
                                                          'ver_code': 3},
                                                         {'id': 'time',
                                                          'ver_code': 1},
                                                         {'id': 'wireless',
                                                          'ver_code': 1},
                                                         {'id': 'schedule',
                                                          'ver_code': 2},
                                                         {'id': 'countdown',
                                                          'ver_code': 2},
                                                         {'id': 'antitheft',
                                                          'ver_code': 1},
                                                         {'id': 'account',
                                                          'ver_code': 1},
                                                         {'id': 'synchronize',
                                                          'ver_code': 1},
                                                         {'id': 'sunrise_sunset',
                                                          'ver_code': 1},
                                                         {'id': 'led',
                                                          'ver_code': 1},
                                                         {'id': 'cloud_connect',
                                                          'ver_code': 1},
                                                         {'id': 'iot_cloud',
                                                          'ver_code': 1},
                                                         {'id': 'default_states',
                                                          'ver_code': 1}]}},
                          {'error_code': 0,
                           'method': 'get_device_info',
                           'result': {'avatar': 'plug',
                                      'default_states': {'state': {},
                                                         'type': 'last_states'},
                                      'device_id': 'REDACTED_DB80F24B353338FA05BB18C1C486215',
                                      'device_on': False,
                                      'fw_id': 'REDACTED_A25ABDE41405B20C6F98816',
                                      'fw_ver': '1.3.7 Build 20230711 Rel. '
                                                '61904',
                                      'has_set_location_info': True,
                                      'hw_id': 'REDACTED_5B29645B8150C392284029D',
                                      'hw_ver': '1.0.0',
                                      'ip': '192.168.100.112',
                                      'lang': '',
                                      'latitude': 0,
                                      'location': '',
                                      'longitude': 0,
                                      'mac': '74-DA-88-00-00-00',
                                      'model': 'P100',
                                      'nickname': 'I01BU0tFRF9OQU1FIw==',
                                      'oem_id': 'REDACTED_06C60A9AEEA36A3347B6EBC',
                                      'on_time': 0,
                                      'overheated': False,
                                      'region': 'Europe/Rome',
                                      'rssi': -45,
                                      'signal_level': 3,
                                      'specs': 'EU',
                                      'ssid': 'I01BU0tFRF9TU0lEIw==',
                                      'time_diff': 60,
                                      'type': 'SMART.TAPOPLUG'}},
                          {'error_code': 0,
                           'method': 'get_connect_cloud_state',
                           'result': {'status': 0}}]}}
Device 192.168.100.112, found required cloud_connect, adding Cloud to modules.
Device 192.168.100.112, found required device, adding DeviceModule to modules.
Device 192.168.100.112, found required firmware, adding Firmware to modules.
Device 192.168.100.112, found required led, adding Led to modules.
Device 192.168.100.112, found required None, adding OverheatProtection to modules.
Device 192.168.100.112, found required time, adding Time to modules.
Querying 192.168.100.112 for modules: Time, Led
192.168.100.112 multi-request-batch-1-of-1 >> '{"method":"multipleRequest","request_time_milis":1744366005258,"terminal_uuid":"Bs0cR7ZBQuue4h1CNKmXnQ==","params":{"requests":[{"method":"get_device_time"},{"method":"get_led_info"}]}}'
Device 192.168.100.112 waiting 0.23499999998603016 seconds to send request
Posting to http://192.168.100.112/app?token=2DA8C5A54A75BE73F913831020201521
192.168.100.112 multi-request-batch-1-of-1 << {'error_code': 0,
 'result': {'responses': [{'error_code': 0,
                           'method': 'get_device_time',
                           'result': {'region': 'Europe/Rome',
                                      'time_diff': 60,
                                      'timestamp': 1744366005}},
                          {'error_code': 0,
                           'method': 'get_led_info',
                           'result': {'led_rule': 'always',
                                      'led_status': False,
                                      'night_mode': {'end_time': 0,
                                                     'night_mode_type': 'unknown',
                                                     'start_time': 0,
                                                     'sunrise_offset': 0,
                                                     'sunset_offset': 0}}}]}}
Update completed 192.168.100.112: ['component_nego', 'get_device_info', 'get_connect_cloud_state', 'get_device_time', 'get_led_info']
Switching status
Using proactor: IocpProactor
[DISCOVERY] 192.168.100.112 >> {'system': {'get_sysinfo': {}}}
Waiting a total of 5 seconds for responses...
Using SmartDevice for SMART.TAPOPLUG
Finding protocol for 192.168.100.112
Finding protocol for DeviceFamily.SmartTapoPlug
Finding transport for SMART.AES
Created AES transport for 192.168.100.112
[DISCOVERY] 192.168.100.112 << {'error_code': 0,
 'result': {'device_id': 'REDACTED_c913ec3cd97a6bec2fbb1ee',
            'device_model': 'P100',
            'device_type': 'SMART.TAPOPLUG',
            'factory_default': False,
            'ip': '192.168.100.112',
            'is_support_iot_cloud': True,
            'mac': '74-DA-88-00-00-00',
            'mgt_encrypt_schm': {'encrypt_type': 'AES',
                                 'http_port': 80,
                                 'is_support_https': False,
                                 'lv': 2},
            'owner': 'REDACTED_19347acd812465188388075'}}
Initializing 192.168.100.112 of type <class 'kasa.smart.smartdevice.SmartDevice'>
192.168.100.112 >> '{"method":"set_device_info","request_time_milis":1744366007282,"terminal_uuid":"ya3MjhOmWPyu4Nypw1VWUw==","params":{"device_on":true}}'
Will perform handshaking...
Posting to http://192.168.100.112/app
Generating keypair
Handshake request: {'method': 'handshake', 'params': {'key': '-----BEGIN PUBLIC KEY-----\nMIGfMA0GCSqGSIb3DQEBAQUAA4GNADCBiQKBgQDPWlyzqi38zimW9RGTAvGmxdOS7FVytFMnl4rfvND5r2d9vHRmxUrnzusr56Sy3N5StZiOZtCpMYrzbIQMvZ5Iqe9JC1EnHUp8qj4xakQPBszLFt9BYgHrAX5oAZfj1kizYbBnXEU25D3h2XvA5RW8n09k+s/tn3aR9dreau6mUQIDAQAB\n-----END PUBLIC KEY-----\n'}}
Device responded with: {'error_code': 0, 'result': {'key': 'wkPrd998u02UloYDdNWVNZW7VllSrCz4bvEdtY9BMnxn6sEKjujHHOOeUty69za1eynikFOh/RonoZnFH0tZo/NMN1vUNP+KicF9LXBwFVYevPpJ2X3QQ8qpgE1i2HlAT/QyX7TMJ9mNs2opLfZs1S7kL1B7CbB12e5BvTmC3mA='}}
Handshake with 192.168.100.112 complete
Posting to http://192.168.100.112/app
192.168.100.112: logged in with provided credentials
Posting to http://192.168.100.112/app?token=401C6E198F49904B606B676A1F7A947A
Device 192.168.100.112 received an os error, enabling sequential request delay: Server disconnected
Device 192.168.100.112 got a connection error, will retry 3 times: ('Device connection error: 192.168.100.112: Server disconnected', ServerDisconnectedError('Server disconnected'))
192.168.100.112 >> '{"method":"set_device_info","request_time_milis":1744366007415,"terminal_uuid":"ya3MjhOmWPyu4Nypw1VWUw==","params":{"device_on":true}}'
Device 192.168.100.112 waiting 0.25 seconds to send request
Posting to http://192.168.100.112/app?token=401C6E198F49904B606B676A1F7A947A
192.168.100.112 << {'error_code': 0}
192.168.100.112 multi-request-batch-1-of-1 >> '{"method":"multipleRequest","request_time_milis":1744366007829,"terminal_uuid":"ya3MjhOmWPyu4Nypw1VWUw==","params":{"requests":[{"method":"component_nego"},{"method":"get_device_info"},{"method":"get_connect_cloud_state"}]}}'
Device 192.168.100.112 waiting 0.25 seconds to send request
Posting to http://192.168.100.112/app?token=401C6E198F49904B606B676A1F7A947A
192.168.100.112 multi-request-batch-1-of-1 << {'error_code': 0,
 'result': {'responses': [{'error_code': 0,
                           'method': 'component_nego',
                           'result': {'component_list': [{'id': 'device',
                                                          'ver_code': 2},
                                                         {'id': 'firmware',
                                                          'ver_code': 1},
                                                         {'id': 'quick_setup',
                                                          'ver_code': 3},
                                                         {'id': 'time',
                                                          'ver_code': 1},
                                                         {'id': 'wireless',
                                                          'ver_code': 1},
                                                         {'id': 'schedule',
                                                          'ver_code': 2},
                                                         {'id': 'countdown',
                                                          'ver_code': 2},
                                                         {'id': 'antitheft',
                                                          'ver_code': 1},
                                                         {'id': 'account',
                                                          'ver_code': 1},
                                                         {'id': 'synchronize',
                                                          'ver_code': 1},
                                                         {'id': 'sunrise_sunset',
                                                          'ver_code': 1},
                                                         {'id': 'led',
                                                          'ver_code': 1},
                                                         {'id': 'cloud_connect',
                                                          'ver_code': 1},
                                                         {'id': 'iot_cloud',
                                                          'ver_code': 1},
                                                         {'id': 'default_states',
                                                          'ver_code': 1}]}},
                          {'error_code': 0,
                           'method': 'get_device_info',
                           'result': {'avatar': 'plug',
                                      'default_states': {'state': {},
                                                         'type': 'last_states'},
                                      'device_id': 'REDACTED_DB80F24B353338FA05BB18C1C486215',
                                      'device_on': True,
                                      'fw_id': 'REDACTED_A25ABDE41405B20C6F98816',
                                      'fw_ver': '1.3.7 Build 20230711 Rel. '
                                                '61904',
                                      'has_set_location_info': True,
                                      'hw_id': 'REDACTED_5B29645B8150C392284029D',
                                      'hw_ver': '1.0.0',
                                      'ip': '192.168.100.112',
                                      'lang': '',
                                      'latitude': 0,
                                      'location': '',
                                      'longitude': 0,
                                      'mac': '74-DA-88-00-00-00',
                                      'model': 'P100',
                                      'nickname': 'I01BU0tFRF9OQU1FIw==',
                                      'oem_id': 'REDACTED_06C60A9AEEA36A3347B6EBC',
                                      'on_time': 0,
                                      'overheated': False,
                                      'region': 'Europe/Rome',
                                      'rssi': -45,
                                      'signal_level': 3,
                                      'specs': 'EU',
                                      'ssid': 'I01BU0tFRF9TU0lEIw==',
                                      'time_diff': 60,
                                      'type': 'SMART.TAPOPLUG'}},
                          {'error_code': 0,
                           'method': 'get_connect_cloud_state',
                           'result': {'status': 0}}]}}
Device 192.168.100.112, found required cloud_connect, adding Cloud to modules.
Device 192.168.100.112, found required device, adding DeviceModule to modules.
Device 192.168.100.112, found required firmware, adding Firmware to modules.
Device 192.168.100.112, found required led, adding Led to modules.
Device 192.168.100.112, found required None, adding OverheatProtection to modules.
Device 192.168.100.112, found required time, adding Time to modules.
Querying 192.168.100.112 for modules: Time, Led
192.168.100.112 multi-request-batch-1-of-1 >> '{"method":"multipleRequest","request_time_milis":1744366008193,"terminal_uuid":"ya3MjhOmWPyu4Nypw1VWUw==","params":{"requests":[{"method":"get_device_time"},{"method":"get_led_info"}]}}'
Device 192.168.100.112 waiting 0.25 seconds to send request
Posting to http://192.168.100.112/app?token=401C6E198F49904B606B676A1F7A947A
192.168.100.112 multi-request-batch-1-of-1 << {'error_code': 0,
 'result': {'responses': [{'error_code': 0,
                           'method': 'get_device_time',
                           'result': {'region': 'Europe/Rome',
                                      'time_diff': 60,
                                      'timestamp': 1744366008}},
                          {'error_code': 0,
                           'method': 'get_led_info',
                           'result': {'led_rule': 'always',
                                      'led_status': True,
                                      'night_mode': {'end_time': 0,
                                                     'night_mode_type': 'unknown',
                                                     'start_time': 0,
                                                     'sunrise_offset': 0,
                                                     'sunset_offset': 0}}}]}}
Update completed 192.168.100.112: ['component_nego', 'get_device_info', 'get_connect_cloud_state', 'get_device_time', 'get_led_info']
True
device is: 
False
Switching status
Using proactor: IocpProactor
[DISCOVERY] 192.168.100.112 >> {'system': {'get_sysinfo': {}}}
Waiting a total of 5 seconds for responses...
Using SmartDevice for SMART.TAPOPLUG
Finding protocol for 192.168.100.112
Finding protocol for DeviceFamily.SmartTapoPlug
Finding transport for SMART.AES
Created AES transport for 192.168.100.112
[DISCOVERY] 192.168.100.112 << {'error_code': 0,
 'result': {'device_id': 'REDACTED_c913ec3cd97a6bec2fbb1ee',
            'device_model': 'P100',
            'device_type': 'SMART.TAPOPLUG',
            'factory_default': False,
            'ip': '192.168.100.112',
            'is_support_iot_cloud': True,
            'mac': '74-DA-88-00-00-00',
            'mgt_encrypt_schm': {'encrypt_type': 'AES',
                                 'http_port': 80,
                                 'is_support_https': False,
                                 'lv': 2},
            'owner': 'REDACTED_19347acd812465188388075'}}
Initializing 192.168.100.112 of type <class 'kasa.smart.smartdevice.SmartDevice'>
192.168.100.112 >> '{"method":"set_device_info","request_time_milis":1744366017499,"terminal_uuid":"hpF+cfh8RoLOK7zX/KMjhw==","params":{"device_on":true}}'
Will perform handshaking...
Posting to http://192.168.100.112/app
Generating keypair
Handshake request: {'method': 'handshake', 'params': {'key': '-----BEGIN PUBLIC KEY-----\nMIGfMA0GCSqGSIb3DQEBAQUAA4GNADCBiQKBgQCtl899LARyV/eqPD7X7ut5joLWjALqPCUh9Fg2+aibTtWxrbRYCmzGXs6yr8IouP4ep0s8SRi9raCYbyLfzx1kgsZ4yyYFfdMx/rvhaOc1nEQhugx5zRl/WCZchovEbtrJARFpUZmamgYrVZ+mDlDY8KyaQW9ZOS/BitX8JRQrlwIDAQAB\n-----END PUBLIC KEY-----\n'}}
Device responded with: {'error_code': 0, 'result': {'key': 'kFKMh5AgowJvkIDnAv0pyXDPAT1JtQo//Wxw4yOFM602aoLPSyQYNjlXMgpo4rVWD3Z/FoyD87S+lLQzpwNJEE0WTWQriCSoeX0fbu20N851/u2oLKDUaEn73HhMQRAqn2YTYxNElD5TYt4uRKGsfu1JnQcmb8fiZ7FWIuuhpNI='}}
Handshake with 192.168.100.112 complete
Posting to http://192.168.100.112/app
192.168.100.112: logged in with provided credentials
Posting to http://192.168.100.112/app?token=1A6A046DE41DEB1E132E942FE03FAB3F
Device 192.168.100.112 received an os error, enabling sequential request delay: Server disconnected
Device 192.168.100.112 got a connection error, will retry 3 times: ('Device connection error: 192.168.100.112: Server disconnected', ServerDisconnectedError('Server disconnected'))
192.168.100.112 >> '{"method":"set_device_info","request_time_milis":1744366017645,"terminal_uuid":"hpF+cfh8RoLOK7zX/KMjhw==","params":{"device_on":true}}'
Device 192.168.100.112 waiting 0.25 seconds to send request
Posting to http://192.168.100.112/app?token=1A6A046DE41DEB1E132E942FE03FAB3F
192.168.100.112 << {'error_code': 0}
192.168.100.112 multi-request-batch-1-of-1 >> '{"method":"multipleRequest","request_time_milis":1744366017966,"terminal_uuid":"hpF+cfh8RoLOK7zX/KMjhw==","params":{"requests":[{"method":"component_nego"},{"method":"get_device_info"},{"method":"get_connect_cloud_state"}]}}'
Device 192.168.100.112 waiting 0.25 seconds to send request
Posting to http://192.168.100.112/app?token=1A6A046DE41DEB1E132E942FE03FAB3F
192.168.100.112 multi-request-batch-1-of-1 << {'error_code': 0,
 'result': {'responses': [{'error_code': 0,
                           'method': 'component_nego',
                           'result': {'component_list': [{'id': 'device',
                                                          'ver_code': 2},
                                                         {'id': 'firmware',
                                                          'ver_code': 1},
                                                         {'id': 'quick_setup',
                                                          'ver_code': 3},
                                                         {'id': 'time',
                                                          'ver_code': 1},
                                                         {'id': 'wireless',
                                                          'ver_code': 1},
                                                         {'id': 'schedule',
                                                          'ver_code': 2},
                                                         {'id': 'countdown',
                                                          'ver_code': 2},
                                                         {'id': 'antitheft',
                                                          'ver_code': 1},
                                                         {'id': 'account',
                                                          'ver_code': 1},
                                                         {'id': 'synchronize',
                                                          'ver_code': 1},
                                                         {'id': 'sunrise_sunset',
                                                          'ver_code': 1},
                                                         {'id': 'led',
                                                          'ver_code': 1},
                                                         {'id': 'cloud_connect',
                                                          'ver_code': 1},
                                                         {'id': 'iot_cloud',
                                                          'ver_code': 1},
                                                         {'id': 'default_states',
                                                          'ver_code': 1}]}},
                          {'error_code': 0,
                           'method': 'get_device_info',
                           'result': {'avatar': 'plug',
                                      'default_states': {'state': {},
                                                         'type': 'last_states'},
                                      'device_id': 'REDACTED_DB80F24B353338FA05BB18C1C486215',
                                      'device_on': True,
                                      'fw_id': 'REDACTED_A25ABDE41405B20C6F98816',
                                      'fw_ver': '1.3.7 Build 20230711 Rel. '
                                                '61904',
                                      'has_set_location_info': True,
                                      'hw_id': 'REDACTED_5B29645B8150C392284029D',
                                      'hw_ver': '1.0.0',
                                      'ip': '192.168.100.112',
                                      'lang': '',
                                      'latitude': 0,
                                      'location': '',
                                      'longitude': 0,
                                      'mac': '74-DA-88-00-00-00',
                                      'model': 'P100',
                                      'nickname': 'I01BU0tFRF9OQU1FIw==',
                                      'oem_id': 'REDACTED_06C60A9AEEA36A3347B6EBC',
                                      'on_time': 11,
                                      'overheated': False,
                                      'region': 'Europe/Rome',
                                      'rssi': -44,
                                      'signal_level': 3,
                                      'specs': 'EU',
                                      'ssid': 'I01BU0tFRF9TU0lEIw==',
                                      'time_diff': 60,
                                      'type': 'SMART.TAPOPLUG'}},
                          {'error_code': 0,
                           'method': 'get_connect_cloud_state',
                           'result': {'status': 0}}]}}
Device 192.168.100.112, found required cloud_connect, adding Cloud to modules.
Device 192.168.100.112, found required device, adding DeviceModule to modules.
Device 192.168.100.112, found required firmware, adding Firmware to modules.
Device 192.168.100.112, found required led, adding Led to modules.
Device 192.168.100.112, found required None, adding OverheatProtection to modules.
Device 192.168.100.112, found required time, adding Time to modules.
Querying 192.168.100.112 for modules: Time, Led
192.168.100.112 multi-request-batch-1-of-1 >> '{"method":"multipleRequest","request_time_milis":1744366018308,"terminal_uuid":"hpF+cfh8RoLOK7zX/KMjhw==","params":{"requests":[{"method":"get_device_time"},{"method":"get_led_info"}]}}'
Device 192.168.100.112 waiting 0.235000000015134 seconds to send request
Posting to http://192.168.100.112/app?token=1A6A046DE41DEB1E132E942FE03FAB3F
192.168.100.112 multi-request-batch-1-of-1 << {'error_code': 0,
 'result': {'responses': [{'error_code': 0,
                           'method': 'get_device_time',
                           'result': {'region': 'Europe/Rome',
                                      'time_diff': 60,
                                      'timestamp': 1744366018}},
                          {'error_code': 0,
                           'method': 'get_led_info',
                           'result': {'led_rule': 'always',
                                      'led_status': True,
                                      'night_mode': {'end_time': 0,
                                                     'night_mode_type': 'unknown',
                                                     'start_time': 0,
                                                     'sunrise_offset': 0,
                                                     'sunset_offset': 0}}}]}}
Update completed 192.168.100.112: ['component_nego', 'get_device_info', 'get_connect_cloud_state', 'get_device_time', 'get_led_info']
True
device is: 
False
Unclosed client session
client_session: <aiohttp.client.ClientSession object at 0x000002B0D8C13320>
Exception in default exception handler
Traceback (most recent call last):
  File "C:\Users\Davide\AppData\Local\Programs\Python\Python312\Lib\asyncio\base_events.py", line 1847, in call_exception_handler
    self.default_exception_handler(context)
  File "C:\Users\Davide\AppData\Local\Programs\Python\Python312\Lib\asyncio\base_events.py", line 1821, in default_exception_handler
    logger.error('\n'.join(log_lines), exc_info=exc_info)
  File "C:\Users\Davide\AppData\Local\Programs\Python\Python312\Lib\logging\__init__.py", line 1568, in error
    self._log(ERROR, msg, args, **kwargs)
  File "C:\Users\Davide\AppData\Local\Programs\Python\Python312\Lib\logging\__init__.py", line 1684, in _log
    self.handle(record)
  File "C:\Users\Davide\AppData\Local\Programs\Python\Python312\Lib\logging\__init__.py", line 1700, in handle
    self.callHandlers(record)
  File "C:\Users\Davide\AppData\Local\Programs\Python\Python312\Lib\logging\__init__.py", line 1762, in callHandlers
    hdlr.handle(record)
  File "C:\Users\Davide\Desktop\ServerSmartPlug\log_manager.py", line 16, in handle
    listener(record)
  File "C:\Users\Davide\Desktop\ServerSmartPlug\gui\windows.py", line 25, in _add_console_line
    self.console_text.configure(state='normal')
  File "C:\Users\Davide\AppData\Local\Programs\Python\Python312\Lib\tkinter\__init__.py", line 1722, in configure
    return self._configure('configure', cnf, kw)
           ^^^^^^^^^^^^^^^^^^^^^^^^^^^^^^^^^^^^^
  File "C:\Users\Davide\AppData\Local\Programs\Python\Python312\Lib\tkinter\__init__.py", line 1712, in _configure
    self.tk.call(_flatten((self._w, cmd)) + self._options(cnf))
_tkinter.TclError: invalid command name ".!frame4.!frame.!text"
Unclosed connector
connections: ['deque([(<aiohttp.client_proto.ResponseHandler object at 0x000002B0D8C14410>, 154207.0)])']
connector: <aiohttp.connector.TCPConnector object at 0x000002B0D8C130B0>
Exception in default exception handler
Traceback (most recent call last):
  File "C:\Users\Davide\AppData\Local\Programs\Python\Python312\Lib\asyncio\base_events.py", line 1847, in call_exception_handler
    self.default_exception_handler(context)
  File "C:\Users\Davide\AppData\Local\Programs\Python\Python312\Lib\asyncio\base_events.py", line 1821, in default_exception_handler
    logger.error('\n'.join(log_lines), exc_info=exc_info)
  File "C:\Users\Davide\AppData\Local\Programs\Python\Python312\Lib\logging\__init__.py", line 1568, in error
    self._log(ERROR, msg, args, **kwargs)
  File "C:\Users\Davide\AppData\Local\Programs\Python\Python312\Lib\logging\__init__.py", line 1684, in _log
    self.handle(record)
  File "C:\Users\Davide\AppData\Local\Programs\Python\Python312\Lib\logging\__init__.py", line 1700, in handle
    self.callHandlers(record)
  File "C:\Users\Davide\AppData\Local\Programs\Python\Python312\Lib\logging\__init__.py", line 1762, in callHandlers
    hdlr.handle(record)
  File "C:\Users\Davide\Desktop\ServerSmartPlug\log_manager.py", line 16, in handle
    listener(record)
  File "C:\Users\Davide\Desktop\ServerSmartPlug\gui\windows.py", line 25, in _add_console_line
    self.console_text.configure(state='normal')
  File "C:\Users\Davide\AppData\Local\Programs\Python\Python312\Lib\tkinter\__init__.py", line 1722, in configure
    return self._configure('configure', cnf, kw)
           ^^^^^^^^^^^^^^^^^^^^^^^^^^^^^^^^^^^^^
  File "C:\Users\Davide\AppData\Local\Programs\Python\Python312\Lib\tkinter\__init__.py", line 1712, in _configure
    self.tk.call(_flatten((self._w, cmd)) + self._options(cnf))
_tkinter.TclError: invalid command name ".!frame4.!frame.!text"
Unclosed client session
client_session: <aiohttp.client.ClientSession object at 0x000002B0D89F5910>
Exception in default exception handler
Traceback (most recent call last):
  File "C:\Users\Davide\AppData\Local\Programs\Python\Python312\Lib\asyncio\base_events.py", line 1847, in call_exception_handler
    self.default_exception_handler(context)
  File "C:\Users\Davide\AppData\Local\Programs\Python\Python312\Lib\asyncio\base_events.py", line 1821, in default_exception_handler
    logger.error('\n'.join(log_lines), exc_info=exc_info)
  File "C:\Users\Davide\AppData\Local\Programs\Python\Python312\Lib\logging\__init__.py", line 1568, in error
    self._log(ERROR, msg, args, **kwargs)
  File "C:\Users\Davide\AppData\Local\Programs\Python\Python312\Lib\logging\__init__.py", line 1684, in _log
    self.handle(record)
  File "C:\Users\Davide\AppData\Local\Programs\Python\Python312\Lib\logging\__init__.py", line 1700, in handle
    self.callHandlers(record)
  File "C:\Users\Davide\AppData\Local\Programs\Python\Python312\Lib\logging\__init__.py", line 1762, in callHandlers
    hdlr.handle(record)
  File "C:\Users\Davide\Desktop\ServerSmartPlug\log_manager.py", line 16, in handle
    listener(record)
  File "C:\Users\Davide\Desktop\ServerSmartPlug\gui\windows.py", line 25, in _add_console_line
    self.console_text.configure(state='normal')
  File "C:\Users\Davide\AppData\Local\Programs\Python\Python312\Lib\tkinter\__init__.py", line 1722, in configure
    return self._configure('configure', cnf, kw)
           ^^^^^^^^^^^^^^^^^^^^^^^^^^^^^^^^^^^^^
  File "C:\Users\Davide\AppData\Local\Programs\Python\Python312\Lib\tkinter\__init__.py", line 1712, in _configure
    self.tk.call(_flatten((self._w, cmd)) + self._options(cnf))
_tkinter.TclError: invalid command name ".!frame4.!frame.!text"
Unclosed connector
connections: ['deque([(<aiohttp.client_proto.ResponseHandler object at 0x000002B0D8A1BD70>, 154110.859)])']
connector: <aiohttp.connector.TCPConnector object at 0x000002B0D89F7020>
Exception in default exception handler
Traceback (most recent call last):
  File "C:\Users\Davide\AppData\Local\Programs\Python\Python312\Lib\asyncio\base_events.py", line 1847, in call_exception_handler
    self.default_exception_handler(context)
  File "C:\Users\Davide\AppData\Local\Programs\Python\Python312\Lib\asyncio\base_events.py", line 1821, in default_exception_handler
    logger.error('\n'.join(log_lines), exc_info=exc_info)
  File "C:\Users\Davide\AppData\Local\Programs\Python\Python312\Lib\logging\__init__.py", line 1568, in error
    self._log(ERROR, msg, args, **kwargs)
  File "C:\Users\Davide\AppData\Local\Programs\Python\Python312\Lib\logging\__init__.py", line 1684, in _log
    self.handle(record)
  File "C:\Users\Davide\AppData\Local\Programs\Python\Python312\Lib\logging\__init__.py", line 1700, in handle
    self.callHandlers(record)
  File "C:\Users\Davide\AppData\Local\Programs\Python\Python312\Lib\logging\__init__.py", line 1762, in callHandlers
    hdlr.handle(record)
  File "C:\Users\Davide\Desktop\ServerSmartPlug\log_manager.py", line 16, in handle
    listener(record)
  File "C:\Users\Davide\Desktop\ServerSmartPlug\gui\windows.py", line 25, in _add_console_line
    self.console_text.configure(state='normal')
  File "C:\Users\Davide\AppData\Local\Programs\Python\Python312\Lib\tkinter\__init__.py", line 1722, in configure
    return self._configure('configure', cnf, kw)
           ^^^^^^^^^^^^^^^^^^^^^^^^^^^^^^^^^^^^^
  File "C:\Users\Davide\AppData\Local\Programs\Python\Python312\Lib\tkinter\__init__.py", line 1712, in _configure
    self.tk.call(_flatten((self._w, cmd)) + self._options(cnf))
_tkinter.TclError: invalid command name ".!frame4.!frame.!text"
C:\Users\Davide\AppData\Local\I3Lab - Politecnico di Milano\Server SmartPlug\options.json
Discovery started...
Using proactor: IocpProactor
Listening on 127.0.0.1:7071
[DISCOVERY] 255.255.255.255 >> {'system': {'get_sysinfo': {}}}
Waiting 5 seconds for responses...
Using proactor: IocpProactor
Using SmartDevice for SMART.TAPOPLUG
Finding protocol for 192.168.100.112
Finding protocol for DeviceFamily.SmartTapoPlug
Finding transport for SMART.AES
Created AES transport for 192.168.100.112
[DISCOVERY] 192.168.100.112 << {'error_code': 0,
 'result': {'device_id': 'REDACTED_c913ec3cd97a6bec2fbb1ee',
            'device_model': 'P100',
            'device_type': 'SMART.TAPOPLUG',
            'factory_default': False,
            'ip': '192.168.100.112',
            'is_support_iot_cloud': True,
            'mac': '74-DA-88-00-00-00',
            'mgt_encrypt_schm': {'encrypt_type': 'AES',
                                 'http_port': 80,
                                 'is_support_https': False,
                                 'lv': 2},
            'owner': 'REDACTED_19347acd812465188388075'}}
Initializing 192.168.100.112 of type <class 'kasa.smart.smartdevice.SmartDevice'>
Discovery finished! Found: 1 device(s)
Discovered 1 devices
Using proactor: IocpProactor
[DISCOVERY] 192.168.100.112 >> {'system': {'get_sysinfo': {}}}
Waiting a total of 5 seconds for responses...
Using SmartDevice for SMART.TAPOPLUG
Finding protocol for 192.168.100.112
Finding protocol for DeviceFamily.SmartTapoPlug
Finding transport for SMART.AES
Created AES transport for 192.168.100.112
[DISCOVERY] 192.168.100.112 << {'error_code': 0,
 'result': {'device_id': 'REDACTED_c913ec3cd97a6bec2fbb1ee',
            'device_model': 'P100',
            'device_type': 'SMART.TAPOPLUG',
            'factory_default': False,
            'ip': '192.168.100.112',
            'is_support_iot_cloud': True,
            'mac': '74-DA-88-00-00-00',
            'mgt_encrypt_schm': {'encrypt_type': 'AES',
                                 'http_port': 80,
                                 'is_support_https': False,
                                 'lv': 2},
            'owner': 'REDACTED_19347acd812465188388075'}}
Initializing 192.168.100.112 of type <class 'kasa.smart.smartdevice.SmartDevice'>
192.168.100.112 multi-request-batch-1-of-1 >> '{"method":"multipleRequest","request_time_milis":1744366061077,"terminal_uuid":"Gs9KogiB26v+APnCkmXg6g==","params":{"requests":[{"method":"component_nego"},{"method":"get_device_info"},{"method":"get_connect_cloud_state"}]}}'
Will perform handshaking...
Posting to http://192.168.100.112/app
Generating keypair
Handshake request: {'method': 'handshake', 'params': {'key': '-----BEGIN PUBLIC KEY-----\nMIGfMA0GCSqGSIb3DQEBAQUAA4GNADCBiQKBgQCm+xpuMROwVCw94+SR/xB+FNULGKkgEhPvTovRqeGgRaMQ/40qouU0QKD/nRqhwe+sBSUjaQjetkoxXVZt6Syvj850x9S3DwSWdRKQsryo5XkpSZFn+26JfyS0glIxz7ddd7cnJ9YJX/pknr5LC4BKkwQQAcRTbdhQ+8Ot6LaOywIDAQAB\n-----END PUBLIC KEY-----\n'}}
Device responded with: {'error_code': 0, 'result': {'key': 'fQvetYv5FpgYjmR9Kt0IDUDWxJusHpJvW6+NQFerIPp7AznA5UzWXZc0RBKIsWm0LZHCHlIUuwaXGG4CpGPEzyOgx9yOUz8NYmAA2J0ackSHXDtICE488YLAaSDOdVXmgNqpWE5wxqmzylNoSfsLZzwqCHBxL8CQkE9uQZNglAY='}}
Handshake with 192.168.100.112 complete
Posting to http://192.168.100.112/app
192.168.100.112: logged in with provided credentials
Posting to http://192.168.100.112/app?token=80E4F0ECFB6C4B684E281E2A140AB40B
Device 192.168.100.112 received an os error, enabling sequential request delay: Server disconnected
Device 192.168.100.112 got a connection error, will retry 3 times: ('Device connection error: 192.168.100.112: Server disconnected', ServerDisconnectedError('Server disconnected'))
192.168.100.112 multi-request-batch-1-of-1 >> '{"method":"multipleRequest","request_time_milis":1744366061284,"terminal_uuid":"Gs9KogiB26v+APnCkmXg6g==","params":{"requests":[{"method":"component_nego"},{"method":"get_device_info"},{"method":"get_connect_cloud_state"}]}}'
Device 192.168.100.112 waiting 0.25 seconds to send request
Posting to http://192.168.100.112/app?token=80E4F0ECFB6C4B684E281E2A140AB40B
192.168.100.112 multi-request-batch-1-of-1 << {'error_code': 0,
 'result': {'responses': [{'error_code': 0,
                           'method': 'component_nego',
                           'result': {'component_list': [{'id': 'device',
                                                          'ver_code': 2},
                                                         {'id': 'firmware',
                                                          'ver_code': 1},
                                                         {'id': 'quick_setup',
                                                          'ver_code': 3},
                                                         {'id': 'time',
                                                          'ver_code': 1},
                                                         {'id': 'wireless',
                                                          'ver_code': 1},
                                                         {'id': 'schedule',
                                                          'ver_code': 2},
                                                         {'id': 'countdown',
                                                          'ver_code': 2},
                                                         {'id': 'antitheft',
                                                          'ver_code': 1},
                                                         {'id': 'account',
                                                          'ver_code': 1},
                                                         {'id': 'synchronize',
                                                          'ver_code': 1},
                                                         {'id': 'sunrise_sunset',
                                                          'ver_code': 1},
                                                         {'id': 'led',
                                                          'ver_code': 1},
                                                         {'id': 'cloud_connect',
                                                          'ver_code': 1},
                                                         {'id': 'iot_cloud',
                                                          'ver_code': 1},
                                                         {'id': 'default_states',
                                                          'ver_code': 1}]}},
                          {'error_code': 0,
                           'method': 'get_device_info',
                           'result': {'avatar': 'plug',
                                      'default_states': {'state': {},
                                                         'type': 'last_states'},
                                      'device_id': 'REDACTED_DB80F24B353338FA05BB18C1C486215',
                                      'device_on': True,
                                      'fw_id': 'REDACTED_A25ABDE41405B20C6F98816',
                                      'fw_ver': '1.3.7 Build 20230711 Rel. '
                                                '61904',
                                      'has_set_location_info': True,
                                      'hw_id': 'REDACTED_5B29645B8150C392284029D',
                                      'hw_ver': '1.0.0',
                                      'ip': '192.168.100.112',
                                      'lang': '',
                                      'latitude': 0,
                                      'location': '',
                                      'longitude': 0,
                                      'mac': '74-DA-88-00-00-00',
                                      'model': 'P100',
                                      'nickname': 'I01BU0tFRF9OQU1FIw==',
                                      'oem_id': 'REDACTED_06C60A9AEEA36A3347B6EBC',
                                      'on_time': 54,
                                      'overheated': False,
                                      'region': 'Europe/Rome',
                                      'rssi': -44,
                                      'signal_level': 3,
                                      'specs': 'EU',
                                      'ssid': 'I01BU0tFRF9TU0lEIw==',
                                      'time_diff': 60,
                                      'type': 'SMART.TAPOPLUG'}},
                          {'error_code': 0,
                           'method': 'get_connect_cloud_state',
                           'result': {'status': 0}}]}}
Device 192.168.100.112, found required cloud_connect, adding Cloud to modules.
Device 192.168.100.112, found required device, adding DeviceModule to modules.
Device 192.168.100.112, found required firmware, adding Firmware to modules.
Device 192.168.100.112, found required led, adding Led to modules.
Device 192.168.100.112, found required None, adding OverheatProtection to modules.
Device 192.168.100.112, found required time, adding Time to modules.
Querying 192.168.100.112 for modules: Time, Led
192.168.100.112 multi-request-batch-1-of-1 >> '{"method":"multipleRequest","request_time_milis":1744366061611,"terminal_uuid":"Gs9KogiB26v+APnCkmXg6g==","params":{"requests":[{"method":"get_device_time"},{"method":"get_led_info"}]}}'
Device 192.168.100.112 waiting 0.23499999998603016 seconds to send request
Posting to http://192.168.100.112/app?token=80E4F0ECFB6C4B684E281E2A140AB40B
192.168.100.112 multi-request-batch-1-of-1 << {'error_code': 0,
 'result': {'responses': [{'error_code': 0,
                           'method': 'get_device_time',
                           'result': {'region': 'Europe/Rome',
                                      'time_diff': 60,
                                      'timestamp': 1744366061}},
                          {'error_code': 0,
                           'method': 'get_led_info',
                           'result': {'led_rule': 'always',
                                      'led_status': True,
                                      'night_mode': {'end_time': 0,
                                                     'night_mode_type': 'unknown',
                                                     'start_time': 0,
                                                     'sunrise_offset': 0,
                                                     'sunset_offset': 0}}}]}}
Update completed 192.168.100.112: ['component_nego', 'get_device_info', 'get_connect_cloud_state', 'get_device_time', 'get_led_info']
[DISCOVERY] 192.168.100.112 >> {'system': {'get_sysinfo': {}}}
Waiting a total of 5 seconds for responses...
Using SmartDevice for SMART.TAPOPLUG
Finding protocol for 192.168.100.112
Finding protocol for DeviceFamily.SmartTapoPlug
Finding transport for SMART.AES
Created AES transport for 192.168.100.112
[DISCOVERY] 192.168.100.112 << {'error_code': 0,
 'result': {'device_id': 'REDACTED_c913ec3cd97a6bec2fbb1ee',
            'device_model': 'P100',
            'device_type': 'SMART.TAPOPLUG',
            'factory_default': False,
            'ip': '192.168.100.112',
            'is_support_iot_cloud': True,
            'mac': '74-DA-88-00-00-00',
            'mgt_encrypt_schm': {'encrypt_type': 'AES',
                                 'http_port': 80,
                                 'is_support_https': False,
                                 'lv': 2},
            'owner': 'REDACTED_19347acd812465188388075'}}
Initializing 192.168.100.112 of type <class 'kasa.smart.smartdevice.SmartDevice'>
192.168.100.112 >> '{"method":"set_device_info","request_time_milis":1744366066418,"terminal_uuid":"m3r4qw+ZTtgr6EgW/Ft/aw==","params":{"device_on":false}}'
Will perform handshaking...
Posting to http://192.168.100.112/app
Generating keypair
Handshake request: {'method': 'handshake', 'params': {'key': '-----BEGIN PUBLIC KEY-----\nMIGfMA0GCSqGSIb3DQEBAQUAA4GNADCBiQKBgQC+rXuJ8dJt7Q2oUimayX8UvonrIzcOSbI/YmND0b1DCcEvEyXtWavAuJNuSQndUvbsKyVLYVwJdvXL1bd5og9UbhXLCC/926oyiT8NCcsme3I84FcUfoLWSJsrsHNlgoXWI/QopdJgr1Ao+rJUmyrdgU0kJobRzJc6sQsM0Xa15QIDAQAB\n-----END PUBLIC KEY-----\n'}}
Device responded with: {'error_code': 0, 'result': {'key': 'N377rd+WEnb2GTl2X6cS4/jrSku9IedBCn3a/QWCWp4ROsg4LhH8cG1yOAVJyD2gAXXGSXdThFZ0gWM18X9qo1y0TEiYJjdG/I9uEZvAjqWvgEYlhACOQGVUfpCq0Yy/6yOsk2fpT3a/hwmZsewtabpvshYNksWJzTDC2Gibp0g='}}
Handshake with 192.168.100.112 complete
Posting to http://192.168.100.112/app
192.168.100.112: logged in with provided credentials
Posting to http://192.168.100.112/app?token=5DC746C0F6B0F3B3A383A18289920092
Device 192.168.100.112 received an os error, enabling sequential request delay: Server disconnected
Device 192.168.100.112 got a connection error, will retry 3 times: ('Device connection error: 192.168.100.112: Server disconnected', ServerDisconnectedError('Server disconnected'))
192.168.100.112 >> '{"method":"set_device_info","request_time_milis":1744366066541,"terminal_uuid":"m3r4qw+ZTtgr6EgW/Ft/aw==","params":{"device_on":false}}'
Device 192.168.100.112 waiting 0.25 seconds to send request
Posting to http://192.168.100.112/app?token=5DC746C0F6B0F3B3A383A18289920092
192.168.100.112 << {'error_code': 0}
192.168.100.112 multi-request-batch-1-of-1 >> '{"method":"multipleRequest","request_time_milis":1744366066927,"terminal_uuid":"m3r4qw+ZTtgr6EgW/Ft/aw==","params":{"requests":[{"method":"component_nego"},{"method":"get_device_info"},{"method":"get_connect_cloud_state"}]}}'
Device 192.168.100.112 waiting 0.25 seconds to send request
Posting to http://192.168.100.112/app?token=5DC746C0F6B0F3B3A383A18289920092
192.168.100.112 multi-request-batch-1-of-1 << {'error_code': 0,
 'result': {'responses': [{'error_code': 0,
                           'method': 'component_nego',
                           'result': {'component_list': [{'id': 'device',
                                                          'ver_code': 2},
                                                         {'id': 'firmware',
                                                          'ver_code': 1},
                                                         {'id': 'quick_setup',
                                                          'ver_code': 3},
                                                         {'id': 'time',
                                                          'ver_code': 1},
                                                         {'id': 'wireless',
                                                          'ver_code': 1},
                                                         {'id': 'schedule',
                                                          'ver_code': 2},
                                                         {'id': 'countdown',
                                                          'ver_code': 2},
                                                         {'id': 'antitheft',
                                                          'ver_code': 1},
                                                         {'id': 'account',
                                                          'ver_code': 1},
                                                         {'id': 'synchronize',
                                                          'ver_code': 1},
                                                         {'id': 'sunrise_sunset',
                                                          'ver_code': 1},
                                                         {'id': 'led',
                                                          'ver_code': 1},
                                                         {'id': 'cloud_connect',
                                                          'ver_code': 1},
                                                         {'id': 'iot_cloud',
                                                          'ver_code': 1},
                                                         {'id': 'default_states',
                                                          'ver_code': 1}]}},
                          {'error_code': 0,
                           'method': 'get_device_info',
                           'result': {'avatar': 'plug',
                                      'default_states': {'state': {},
                                                         'type': 'last_states'},
                                      'device_id': 'REDACTED_DB80F24B353338FA05BB18C1C486215',
                                      'device_on': False,
                                      'fw_id': 'REDACTED_A25ABDE41405B20C6F98816',
                                      'fw_ver': '1.3.7 Build 20230711 Rel. '
                                                '61904',
                                      'has_set_location_info': True,
                                      'hw_id': 'REDACTED_5B29645B8150C392284029D',
                                      'hw_ver': '1.0.0',
                                      'ip': '192.168.100.112',
                                      'lang': '',
                                      'latitude': 0,
                                      'location': '',
                                      'longitude': 0,
                                      'mac': '74-DA-88-00-00-00',
                                      'model': 'P100',
                                      'nickname': 'I01BU0tFRF9OQU1FIw==',
                                      'oem_id': 'REDACTED_06C60A9AEEA36A3347B6EBC',
                                      'on_time': 0,
                                      'overheated': False,
                                      'region': 'Europe/Rome',
                                      'rssi': -44,
                                      'signal_level': 3,
                                      'specs': 'EU',
                                      'ssid': 'I01BU0tFRF9TU0lEIw==',
                                      'time_diff': 60,
                                      'type': 'SMART.TAPOPLUG'}},
                          {'error_code': 0,
                           'method': 'get_connect_cloud_state',
                           'result': {'status': 0}}]}}
Device 192.168.100.112, found required cloud_connect, adding Cloud to modules.
Device 192.168.100.112, found required device, adding DeviceModule to modules.
Device 192.168.100.112, found required firmware, adding Firmware to modules.
Device 192.168.100.112, found required led, adding Led to modules.
Device 192.168.100.112, found required None, adding OverheatProtection to modules.
Device 192.168.100.112, found required time, adding Time to modules.
Querying 192.168.100.112 for modules: Time, Led
192.168.100.112 multi-request-batch-1-of-1 >> '{"method":"multipleRequest","request_time_milis":1744366067260,"terminal_uuid":"m3r4qw+ZTtgr6EgW/Ft/aw==","params":{"requests":[{"method":"get_device_time"},{"method":"get_led_info"}]}}'
Device 192.168.100.112 waiting 0.23499999998603016 seconds to send request
Posting to http://192.168.100.112/app?token=5DC746C0F6B0F3B3A383A18289920092
192.168.100.112 multi-request-batch-1-of-1 << {'error_code': 0,
 'result': {'responses': [{'error_code': 0,
                           'method': 'get_device_time',
                           'result': {'region': 'Europe/Rome',
                                      'time_diff': 60,
                                      'timestamp': 1744366067}},
                          {'error_code': 0,
                           'method': 'get_led_info',
                           'result': {'led_rule': 'always',
                                      'led_status': False,
                                      'night_mode': {'end_time': 0,
                                                     'night_mode_type': 'unknown',
                                                     'start_time': 0,
                                                     'sunrise_offset': 0,
                                                     'sunset_offset': 0}}}]}}
Update completed 192.168.100.112: ['component_nego', 'get_device_info', 'get_connect_cloud_state', 'get_device_time', 'get_led_info']
False
[DISCOVERY] 192.168.100.112 >> {'system': {'get_sysinfo': {}}}
Waiting a total of 5 seconds for responses...
Using SmartDevice for SMART.TAPOPLUG
Finding protocol for 192.168.100.112
Finding protocol for DeviceFamily.SmartTapoPlug
Finding transport for SMART.AES
Created AES transport for 192.168.100.112
[DISCOVERY] 192.168.100.112 << {'error_code': 0,
 'result': {'device_id': 'REDACTED_c913ec3cd97a6bec2fbb1ee',
            'device_model': 'P100',
            'device_type': 'SMART.TAPOPLUG',
            'factory_default': False,
            'ip': '192.168.100.112',
            'is_support_iot_cloud': True,
            'mac': '74-DA-88-00-00-00',
            'mgt_encrypt_schm': {'encrypt_type': 'AES',
                                 'http_port': 80,
                                 'is_support_https': False,
                                 'lv': 2},
            'owner': 'REDACTED_19347acd812465188388075'}}
Initializing 192.168.100.112 of type <class 'kasa.smart.smartdevice.SmartDevice'>
192.168.100.112 >> '{"method":"set_device_info","request_time_milis":1744366071452,"terminal_uuid":"bv+UK3P4hK4rklvE3/9pEQ==","params":{"device_on":true}}'
Will perform handshaking...
Posting to http://192.168.100.112/app
Generating keypair
Handshake request: {'method': 'handshake', 'params': {'key': '-----BEGIN PUBLIC KEY-----\nMIGfMA0GCSqGSIb3DQEBAQUAA4GNADCBiQKBgQC0srEzW9wIpRQNkr9FZOaioe7FLE0tzg6AAJgUePr8ywq3RbaAuRqmY5G8aOoAIN6N1n+bRjRqtL5E+H+zjszCnf+oScDdFKdHSSInnDVXz8WZH/wfLsWQFJCHLLKyQrMFvgQ1wue2kfvjntKFz6ApD9cN71YbNwOHaAQKzodp7QIDAQAB\n-----END PUBLIC KEY-----\n'}}
Device responded with: {'error_code': 0, 'result': {'key': 's9VsYbn+5jklSlarCcy3JNoB6kb4KI1lNcBlVU2broO9YQxKBBmjc2Sp8fzqZeRQ3vNdM59/tLeSjfvL61tCWXyjUP8ZSFALA1R4pxTnTPH5DeHcr0eM5at3XTcY85Vzdaog2+Nw93DwElg1IGRVz43HI6nUCXw00wRPLaMOPbg='}}
Handshake with 192.168.100.112 complete
Posting to http://192.168.100.112/app
192.168.100.112: logged in with provided credentials
Posting to http://192.168.100.112/app?token=740477084FC8C6CE52AE16AD5C9DFE9C
Device 192.168.100.112 received an os error, enabling sequential request delay: Server disconnected
Device 192.168.100.112 got a connection error, will retry 3 times: ('Device connection error: 192.168.100.112: Server disconnected', ServerDisconnectedError('Server disconnected'))
192.168.100.112 >> '{"method":"set_device_info","request_time_milis":1744366071607,"terminal_uuid":"bv+UK3P4hK4rklvE3/9pEQ==","params":{"device_on":true}}'
Device 192.168.100.112 waiting 0.25 seconds to send request
Posting to http://192.168.100.112/app?token=740477084FC8C6CE52AE16AD5C9DFE9C
192.168.100.112 << {'error_code': 0}
192.168.100.112 multi-request-batch-1-of-1 >> '{"method":"multipleRequest","request_time_milis":1744366072000,"terminal_uuid":"bv+UK3P4hK4rklvE3/9pEQ==","params":{"requests":[{"method":"component_nego"},{"method":"get_device_info"},{"method":"get_connect_cloud_state"}]}}'
Device 192.168.100.112 waiting 0.25 seconds to send request
Posting to http://192.168.100.112/app?token=740477084FC8C6CE52AE16AD5C9DFE9C
192.168.100.112 multi-request-batch-1-of-1 << {'error_code': 0,
 'result': {'responses': [{'error_code': 0,
                           'method': 'component_nego',
                           'result': {'component_list': [{'id': 'device',
                                                          'ver_code': 2},
                                                         {'id': 'firmware',
                                                          'ver_code': 1},
                                                         {'id': 'quick_setup',
                                                          'ver_code': 3},
                                                         {'id': 'time',
                                                          'ver_code': 1},
                                                         {'id': 'wireless',
                                                          'ver_code': 1},
                                                         {'id': 'schedule',
                                                          'ver_code': 2},
                                                         {'id': 'countdown',
                                                          'ver_code': 2},
                                                         {'id': 'antitheft',
                                                          'ver_code': 1},
                                                         {'id': 'account',
                                                          'ver_code': 1},
                                                         {'id': 'synchronize',
                                                          'ver_code': 1},
                                                         {'id': 'sunrise_sunset',
                                                          'ver_code': 1},
                                                         {'id': 'led',
                                                          'ver_code': 1},
                                                         {'id': 'cloud_connect',
                                                          'ver_code': 1},
                                                         {'id': 'iot_cloud',
                                                          'ver_code': 1},
                                                         {'id': 'default_states',
                                                          'ver_code': 1}]}},
                          {'error_code': 0,
                           'method': 'get_device_info',
                           'result': {'avatar': 'plug',
                                      'default_states': {'state': {},
                                                         'type': 'last_states'},
                                      'device_id': 'REDACTED_DB80F24B353338FA05BB18C1C486215',
                                      'device_on': True,
                                      'fw_id': 'REDACTED_A25ABDE41405B20C6F98816',
                                      'fw_ver': '1.3.7 Build 20230711 Rel. '
                                                '61904',
                                      'has_set_location_info': True,
                                      'hw_id': 'REDACTED_5B29645B8150C392284029D',
                                      'hw_ver': '1.0.0',
                                      'ip': '192.168.100.112',
                                      'lang': '',
                                      'latitude': 0,
                                      'location': '',
                                      'longitude': 0,
                                      'mac': '74-DA-88-00-00-00',
                                      'model': 'P100',
                                      'nickname': 'I01BU0tFRF9OQU1FIw==',
                                      'oem_id': 'REDACTED_06C60A9AEEA36A3347B6EBC',
                                      'on_time': 1,
                                      'overheated': False,
                                      'region': 'Europe/Rome',
                                      'rssi': -45,
                                      'signal_level': 3,
                                      'specs': 'EU',
                                      'ssid': 'I01BU0tFRF9TU0lEIw==',
                                      'time_diff': 60,
                                      'type': 'SMART.TAPOPLUG'}},
                          {'error_code': 0,
                           'method': 'get_connect_cloud_state',
                           'result': {'status': 0}}]}}
Device 192.168.100.112, found required cloud_connect, adding Cloud to modules.
Device 192.168.100.112, found required device, adding DeviceModule to modules.
Device 192.168.100.112, found required firmware, adding Firmware to modules.
Device 192.168.100.112, found required led, adding Led to modules.
Device 192.168.100.112, found required None, adding OverheatProtection to modules.
Device 192.168.100.112, found required time, adding Time to modules.
Querying 192.168.100.112 for modules: Time, Led
192.168.100.112 multi-request-batch-1-of-1 >> '{"method":"multipleRequest","request_time_milis":1744366072339,"terminal_uuid":"bv+UK3P4hK4rklvE3/9pEQ==","params":{"requests":[{"method":"get_device_time"},{"method":"get_led_info"}]}}'
Device 192.168.100.112 waiting 0.23399999999674037 seconds to send request
Posting to http://192.168.100.112/app?token=740477084FC8C6CE52AE16AD5C9DFE9C
192.168.100.112 multi-request-batch-1-of-1 << {'error_code': 0,
 'result': {'responses': [{'error_code': 0,
                           'method': 'get_device_time',
                           'result': {'region': 'Europe/Rome',
                                      'time_diff': 60,
                                      'timestamp': 1744366072}},
                          {'error_code': 0,
                           'method': 'get_led_info',
                           'result': {'led_rule': 'always',
                                      'led_status': True,
                                      'night_mode': {'end_time': 0,
                                                     'night_mode_type': 'unknown',
                                                     'start_time': 0,
                                                     'sunrise_offset': 0,
                                                     'sunset_offset': 0}}}]}}
Update completed 192.168.100.112: ['component_nego', 'get_device_info', 'get_connect_cloud_state', 'get_device_time', 'get_led_info']
True
[DISCOVERY] 192.168.100.112 >> {'system': {'get_sysinfo': {}}}
Waiting a total of 5 seconds for responses...
Using SmartDevice for SMART.TAPOPLUG
Finding protocol for 192.168.100.112
Finding protocol for DeviceFamily.SmartTapoPlug
Finding transport for SMART.AES
Created AES transport for 192.168.100.112
[DISCOVERY] 192.168.100.112 << {'error_code': 0,
 'result': {'device_id': 'REDACTED_c913ec3cd97a6bec2fbb1ee',
            'device_model': 'P100',
            'device_type': 'SMART.TAPOPLUG',
            'factory_default': False,
            'ip': '192.168.100.112',
            'is_support_iot_cloud': True,
            'mac': '74-DA-88-00-00-00',
            'mgt_encrypt_schm': {'encrypt_type': 'AES',
                                 'http_port': 80,
                                 'is_support_https': False,
                                 'lv': 2},
            'owner': 'REDACTED_19347acd812465188388075'}}
Initializing 192.168.100.112 of type <class 'kasa.smart.smartdevice.SmartDevice'>
192.168.100.112 >> '{"method":"set_device_info","request_time_milis":1744366077091,"terminal_uuid":"36I8fSnLvU2h6/tn0Hmgqw==","params":{"device_on":false}}'
Will perform handshaking...
Posting to http://192.168.100.112/app
Generating keypair
Handshake request: {'method': 'handshake', 'params': {'key': '-----BEGIN PUBLIC KEY-----\nMIGfMA0GCSqGSIb3DQEBAQUAA4GNADCBiQKBgQC/ReHbw9WD512XGaEnRqGsBK1Bzm3Ztk7MX0hQn+OsqAAd0r1+K0vgLpl8zY8aBwprS0UdSX6kAboQzs2TAdcfBkE8LP2WDllXdA8CHVuI46vKtO9Bk7bV/kUsWxdK2WbIRVUSZw/hu2OObUm7Z0pxLnUVgzSNaNwXtY7C3F+0KwIDAQAB\n-----END PUBLIC KEY-----\n'}}
Device responded with: {'error_code': 0, 'result': {'key': 'Z9xVSM388ycscZPDUkjxgHPpXoU55pPeGulQg0Vgy6QeU0eyj+ik02Z808GYTGusLQO0HOBtdOeaZTCSwzZuDU/U8kqut8NxBGWTGKsKsFsmL2mt/Iqikm8Jn1idP0o2SD3/QccSR2ZGggLGWyq5+5ZkzIHgANnaUZFPLhjS9s4='}}
Handshake with 192.168.100.112 complete
Posting to http://192.168.100.112/app
192.168.100.112: logged in with provided credentials
Posting to http://192.168.100.112/app?token=AC17211BFDDB3BDD55BDBEBE018EFC8F
Device 192.168.100.112 received an os error, enabling sequential request delay: Server disconnected
Device 192.168.100.112 got a connection error, will retry 3 times: ('Device connection error: 192.168.100.112: Server disconnected', ServerDisconnectedError('Server disconnected'))
192.168.100.112 >> '{"method":"set_device_info","request_time_milis":1744366077251,"terminal_uuid":"36I8fSnLvU2h6/tn0Hmgqw==","params":{"device_on":false}}'
Device 192.168.100.112 waiting 0.25 seconds to send request
Posting to http://192.168.100.112/app?token=AC17211BFDDB3BDD55BDBEBE018EFC8F
192.168.100.112 << {'error_code': 0}
192.168.100.112 multi-request-batch-1-of-1 >> '{"method":"multipleRequest","request_time_milis":1744366077615,"terminal_uuid":"36I8fSnLvU2h6/tn0Hmgqw==","params":{"requests":[{"method":"component_nego"},{"method":"get_device_info"},{"method":"get_connect_cloud_state"}]}}'
Device 192.168.100.112 waiting 0.25 seconds to send request
Posting to http://192.168.100.112/app?token=AC17211BFDDB3BDD55BDBEBE018EFC8F
192.168.100.112 multi-request-batch-1-of-1 << {'error_code': 0,
 'result': {'responses': [{'error_code': 0,
                           'method': 'component_nego',
                           'result': {'component_list': [{'id': 'device',
                                                          'ver_code': 2},
                                                         {'id': 'firmware',
                                                          'ver_code': 1},
                                                         {'id': 'quick_setup',
                                                          'ver_code': 3},
                                                         {'id': 'time',
                                                          'ver_code': 1},
                                                         {'id': 'wireless',
                                                          'ver_code': 1},
                                                         {'id': 'schedule',
                                                          'ver_code': 2},
                                                         {'id': 'countdown',
                                                          'ver_code': 2},
                                                         {'id': 'antitheft',
                                                          'ver_code': 1},
                                                         {'id': 'account',
                                                          'ver_code': 1},
                                                         {'id': 'synchronize',
                                                          'ver_code': 1},
                                                         {'id': 'sunrise_sunset',
                                                          'ver_code': 1},
                                                         {'id': 'led',
                                                          'ver_code': 1},
                                                         {'id': 'cloud_connect',
                                                          'ver_code': 1},
                                                         {'id': 'iot_cloud',
                                                          'ver_code': 1},
                                                         {'id': 'default_states',
                                                          'ver_code': 1}]}},
                          {'error_code': 0,
                           'method': 'get_device_info',
                           'result': {'avatar': 'plug',
                                      'default_states': {'state': {},
                                                         'type': 'last_states'},
                                      'device_id': 'REDACTED_DB80F24B353338FA05BB18C1C486215',
                                      'device_on': False,
                                      'fw_id': 'REDACTED_A25ABDE41405B20C6F98816',
                                      'fw_ver': '1.3.7 Build 20230711 Rel. '
                                                '61904',
                                      'has_set_location_info': True,
                                      'hw_id': 'REDACTED_5B29645B8150C392284029D',
                                      'hw_ver': '1.0.0',
                                      'ip': '192.168.100.112',
                                      'lang': '',
                                      'latitude': 0,
                                      'location': '',
                                      'longitude': 0,
                                      'mac': '74-DA-88-00-00-00',
                                      'model': 'P100',
                                      'nickname': 'I01BU0tFRF9OQU1FIw==',
                                      'oem_id': 'REDACTED_06C60A9AEEA36A3347B6EBC',
                                      'on_time': 0,
                                      'overheated': False,
                                      'region': 'Europe/Rome',
                                      'rssi': -44,
                                      'signal_level': 3,
                                      'specs': 'EU',
                                      'ssid': 'I01BU0tFRF9TU0lEIw==',
                                      'time_diff': 60,
                                      'type': 'SMART.TAPOPLUG'}},
                          {'error_code': 0,
                           'method': 'get_connect_cloud_state',
                           'result': {'status': 0}}]}}
Device 192.168.100.112, found required cloud_connect, adding Cloud to modules.
Device 192.168.100.112, found required device, adding DeviceModule to modules.
Device 192.168.100.112, found required firmware, adding Firmware to modules.
Device 192.168.100.112, found required led, adding Led to modules.
Device 192.168.100.112, found required None, adding OverheatProtection to modules.
Device 192.168.100.112, found required time, adding Time to modules.
Querying 192.168.100.112 for modules: Time, Led
192.168.100.112 multi-request-batch-1-of-1 >> '{"method":"multipleRequest","request_time_milis":1744366077959,"terminal_uuid":"36I8fSnLvU2h6/tn0Hmgqw==","params":{"requests":[{"method":"get_device_time"},{"method":"get_led_info"}]}}'
Device 192.168.100.112 waiting 0.25 seconds to send request
Posting to http://192.168.100.112/app?token=AC17211BFDDB3BDD55BDBEBE018EFC8F
192.168.100.112 multi-request-batch-1-of-1 << {'error_code': 0,
 'result': {'responses': [{'error_code': 0,
                           'method': 'get_device_time',
                           'result': {'region': 'Europe/Rome',
                                      'time_diff': 60,
                                      'timestamp': 1744366078}},
                          {'error_code': 0,
                           'method': 'get_led_info',
                           'result': {'led_rule': 'always',
                                      'led_status': False,
                                      'night_mode': {'end_time': 0,
                                                     'night_mode_type': 'unknown',
                                                     'start_time': 0,
                                                     'sunrise_offset': 0,
                                                     'sunset_offset': 0}}}]}}
Update completed 192.168.100.112: ['component_nego', 'get_device_info', 'get_connect_cloud_state', 'get_device_time', 'get_led_info']
False
Switching status
Using proactor: IocpProactor
[DISCOVERY] 192.168.100.112 >> {'system': {'get_sysinfo': {}}}
Waiting a total of 5 seconds for responses...
Using SmartDevice for SMART.TAPOPLUG
Finding protocol for 192.168.100.112
Finding protocol for DeviceFamily.SmartTapoPlug
Finding transport for SMART.AES
Created AES transport for 192.168.100.112
[DISCOVERY] 192.168.100.112 << {'error_code': 0,
 'result': {'device_id': 'REDACTED_c913ec3cd97a6bec2fbb1ee',
            'device_model': 'P100',
            'device_type': 'SMART.TAPOPLUG',
            'factory_default': False,
            'ip': '192.168.100.112',
            'is_support_iot_cloud': True,
            'mac': '74-DA-88-00-00-00',
            'mgt_encrypt_schm': {'encrypt_type': 'AES',
                                 'http_port': 80,
                                 'is_support_https': False,
                                 'lv': 2},
            'owner': 'REDACTED_19347acd812465188388075'}}
Initializing 192.168.100.112 of type <class 'kasa.smart.smartdevice.SmartDevice'>
192.168.100.112 >> '{"method":"set_device_info","request_time_milis":1744366086531,"terminal_uuid":"UhuzFojBqrnjF/N4nyesug==","params":{"device_on":false}}'
Will perform handshaking...
Posting to http://192.168.100.112/app
Generating keypair
Handshake request: {'method': 'handshake', 'params': {'key': '-----BEGIN PUBLIC KEY-----\nMIGfMA0GCSqGSIb3DQEBAQUAA4GNADCBiQKBgQDcLLkxp5KHXFS+uPXlghMGxLeQ6cNj38kx/fwY9EAD/VM5orncrgnq4fG0ossRYB5b6obWOGci+DxoudDKEZ256zAwMi/6b71fIFFwtyyjzogNkKaFkzeymRQjYbUYholVJCveTWezaLDV6ifyAaCdTTjo8ntw1bttdqW7/k7YxwIDAQAB\n-----END PUBLIC KEY-----\n'}}
Device responded with: {'error_code': 0, 'result': {'key': 'HsLAjnXF1+vhvzWlwXMY55AvAtMegXcvKce/ZC+v/LK93oI0pcMcQqaReYBOSbsdiIcjiJ4Ls9uqotJu/oFJExN1GAz1PAbYQUdAUV+6uzas+TBp722KKKK7Pt4Y7+fH6QiPO9VxX/1ZrE/kdaBEPvvB+p+aadEYtpKyPOMDAcI='}}
Handshake with 192.168.100.112 complete
Posting to http://192.168.100.112/app
192.168.100.112: logged in with provided credentials
Posting to http://192.168.100.112/app?token=D9689A6BA85B815A184A844A484A8E4A
Device 192.168.100.112 received an os error, enabling sequential request delay: Server disconnected
Device 192.168.100.112 got a connection error, will retry 3 times: ('Device connection error: 192.168.100.112: Server disconnected', ServerDisconnectedError('Server disconnected'))
192.168.100.112 >> '{"method":"set_device_info","request_time_milis":1744366086667,"terminal_uuid":"UhuzFojBqrnjF/N4nyesug==","params":{"device_on":false}}'
Device 192.168.100.112 waiting 0.25 seconds to send request
Posting to http://192.168.100.112/app?token=D9689A6BA85B815A184A844A484A8E4A
192.168.100.112 << {'error_code': 0}
192.168.100.112 multi-request-batch-1-of-1 >> '{"method":"multipleRequest","request_time_milis":1744366086999,"terminal_uuid":"UhuzFojBqrnjF/N4nyesug==","params":{"requests":[{"method":"component_nego"},{"method":"get_device_info"},{"method":"get_connect_cloud_state"}]}}'
Device 192.168.100.112 waiting 0.25 seconds to send request
Posting to http://192.168.100.112/app?token=D9689A6BA85B815A184A844A484A8E4A
192.168.100.112 multi-request-batch-1-of-1 << {'error_code': 0,
 'result': {'responses': [{'error_code': 0,
                           'method': 'component_nego',
                           'result': {'component_list': [{'id': 'device',
                                                          'ver_code': 2},
                                                         {'id': 'firmware',
                                                          'ver_code': 1},
                                                         {'id': 'quick_setup',
                                                          'ver_code': 3},
                                                         {'id': 'time',
                                                          'ver_code': 1},
                                                         {'id': 'wireless',
                                                          'ver_code': 1},
                                                         {'id': 'schedule',
                                                          'ver_code': 2},
                                                         {'id': 'countdown',
                                                          'ver_code': 2},
                                                         {'id': 'antitheft',
                                                          'ver_code': 1},
                                                         {'id': 'account',
                                                          'ver_code': 1},
                                                         {'id': 'synchronize',
                                                          'ver_code': 1},
                                                         {'id': 'sunrise_sunset',
                                                          'ver_code': 1},
                                                         {'id': 'led',
                                                          'ver_code': 1},
                                                         {'id': 'cloud_connect',
                                                          'ver_code': 1},
                                                         {'id': 'iot_cloud',
                                                          'ver_code': 1},
                                                         {'id': 'default_states',
                                                          'ver_code': 1}]}},
                          {'error_code': 0,
                           'method': 'get_device_info',
                           'result': {'avatar': 'plug',
                                      'default_states': {'state': {},
                                                         'type': 'last_states'},
                                      'device_id': 'REDACTED_DB80F24B353338FA05BB18C1C486215',
                                      'device_on': False,
                                      'fw_id': 'REDACTED_A25ABDE41405B20C6F98816',
                                      'fw_ver': '1.3.7 Build 20230711 Rel. '
                                                '61904',
                                      'has_set_location_info': True,
                                      'hw_id': 'REDACTED_5B29645B8150C392284029D',
                                      'hw_ver': '1.0.0',
                                      'ip': '192.168.100.112',
                                      'lang': '',
                                      'latitude': 0,
                                      'location': '',
                                      'longitude': 0,
                                      'mac': '74-DA-88-00-00-00',
                                      'model': 'P100',
                                      'nickname': 'I01BU0tFRF9OQU1FIw==',
                                      'oem_id': 'REDACTED_06C60A9AEEA36A3347B6EBC',
                                      'on_time': 0,
                                      'overheated': False,
                                      'region': 'Europe/Rome',
                                      'rssi': -44,
                                      'signal_level': 3,
                                      'specs': 'EU',
                                      'ssid': 'I01BU0tFRF9TU0lEIw==',
                                      'time_diff': 60,
                                      'type': 'SMART.TAPOPLUG'}},
                          {'error_code': 0,
                           'method': 'get_connect_cloud_state',
                           'result': {'status': 0}}]}}
Device 192.168.100.112, found required cloud_connect, adding Cloud to modules.
Device 192.168.100.112, found required device, adding DeviceModule to modules.
Device 192.168.100.112, found required firmware, adding Firmware to modules.
Device 192.168.100.112, found required led, adding Led to modules.
Device 192.168.100.112, found required None, adding OverheatProtection to modules.
Device 192.168.100.112, found required time, adding Time to modules.
Querying 192.168.100.112 for modules: Time, Led
192.168.100.112 multi-request-batch-1-of-1 >> '{"method":"multipleRequest","request_time_milis":1744366087337,"terminal_uuid":"UhuzFojBqrnjF/N4nyesug==","params":{"requests":[{"method":"get_device_time"},{"method":"get_led_info"}]}}'
Device 192.168.100.112 waiting 0.23399999999674037 seconds to send request
Posting to http://192.168.100.112/app?token=D9689A6BA85B815A184A844A484A8E4A
192.168.100.112 multi-request-batch-1-of-1 << {'error_code': 0,
 'result': {'responses': [{'error_code': 0,
                           'method': 'get_device_time',
                           'result': {'region': 'Europe/Rome',
                                      'time_diff': 60,
                                      'timestamp': 1744366087}},
                          {'error_code': 0,
                           'method': 'get_led_info',
                           'result': {'led_rule': 'always',
                                      'led_status': False,
                                      'night_mode': {'end_time': 0,
                                                     'night_mode_type': 'unknown',
                                                     'start_time': 0,
                                                     'sunrise_offset': 0,
                                                     'sunset_offset': 0}}}]}}
Update completed 192.168.100.112: ['component_nego', 'get_device_info', 'get_connect_cloud_state', 'get_device_time', 'get_led_info']
False
device is: 
True
Switching status
Using proactor: IocpProactor
[DISCOVERY] 192.168.100.112 >> {'system': {'get_sysinfo': {}}}
Waiting a total of 5 seconds for responses...
Using SmartDevice for SMART.TAPOPLUG
Finding protocol for 192.168.100.112
Finding protocol for DeviceFamily.SmartTapoPlug
Finding transport for SMART.AES
Created AES transport for 192.168.100.112
[DISCOVERY] 192.168.100.112 << {'error_code': 0,
 'result': {'device_id': 'REDACTED_c913ec3cd97a6bec2fbb1ee',
            'device_model': 'P100',
            'device_type': 'SMART.TAPOPLUG',
            'factory_default': False,
            'ip': '192.168.100.112',
            'is_support_iot_cloud': True,
            'mac': '74-DA-88-00-00-00',
            'mgt_encrypt_schm': {'encrypt_type': 'AES',
                                 'http_port': 80,
                                 'is_support_https': False,
                                 'lv': 2},
            'owner': 'REDACTED_19347acd812465188388075'}}
Initializing 192.168.100.112 of type <class 'kasa.smart.smartdevice.SmartDevice'>
192.168.100.112 >> '{"method":"set_device_info","request_time_milis":1744366092991,"terminal_uuid":"gK0eM0mtL3+wnX8UqFcWQQ==","params":{"device_on":false}}'
Will perform handshaking...
Posting to http://192.168.100.112/app
Generating keypair
Handshake request: {'method': 'handshake', 'params': {'key': '-----BEGIN PUBLIC KEY-----\nMIGfMA0GCSqGSIb3DQEBAQUAA4GNADCBiQKBgQCd0504OYwug3ERjbdyi2h8pPH2uXQk5Xj/BJakH/k6RqnwXYCWgEMmPv2rMmRAKJnTY2ZsbgTBX2CG8aT2g0hedVDNhxv88BuntMZIHw/CtQPLcO0/TVvBxmJxy3KYrrT71vitJMDouUY151nBjRpWtRyO3I441jn3jC9KwU+GwQIDAQAB\n-----END PUBLIC KEY-----\n'}}
Device responded with: {'error_code': 0, 'result': {'key': 'Wi/HRZbIeSZzYbY4VZxBdIfHLi3iOTaFxsm+O8ostEYlSS911sr/g34sS3/R3QotW0XAWgIxdtY5qm2keKtwPyvew3fyiMLoDPwVZTBs2r2WFu4stQ64OBk8veue785z4jcKzXr/2JkFV6/+PKxoi3t0j8od/TmKy/ei6bzab7Q='}}
Handshake with 192.168.100.112 complete
Posting to http://192.168.100.112/app
192.168.100.112: logged in with provided credentials
Posting to http://192.168.100.112/app?token=ADF801F4CC341232FC521B516C611F60
Device 192.168.100.112 received an os error, enabling sequential request delay: Server disconnected
Device 192.168.100.112 got a connection error, will retry 3 times: ('Device connection error: 192.168.100.112: Server disconnected', ServerDisconnectedError('Server disconnected'))
192.168.100.112 >> '{"method":"set_device_info","request_time_milis":1744366093134,"terminal_uuid":"gK0eM0mtL3+wnX8UqFcWQQ==","params":{"device_on":false}}'
Device 192.168.100.112 waiting 0.25 seconds to send request
Posting to http://192.168.100.112/app?token=ADF801F4CC341232FC521B516C611F60
192.168.100.112 << {'error_code': 0}
192.168.100.112 multi-request-batch-1-of-1 >> '{"method":"multipleRequest","request_time_milis":1744366093466,"terminal_uuid":"gK0eM0mtL3+wnX8UqFcWQQ==","params":{"requests":[{"method":"component_nego"},{"method":"get_device_info"},{"method":"get_connect_cloud_state"}]}}'
Device 192.168.100.112 waiting 0.25 seconds to send request
Posting to http://192.168.100.112/app?token=ADF801F4CC341232FC521B516C611F60
192.168.100.112 multi-request-batch-1-of-1 << {'error_code': 0,
 'result': {'responses': [{'error_code': 0,
                           'method': 'component_nego',
                           'result': {'component_list': [{'id': 'device',
                                                          'ver_code': 2},
                                                         {'id': 'firmware',
                                                          'ver_code': 1},
                                                         {'id': 'quick_setup',
                                                          'ver_code': 3},
                                                         {'id': 'time',
                                                          'ver_code': 1},
                                                         {'id': 'wireless',
                                                          'ver_code': 1},
                                                         {'id': 'schedule',
                                                          'ver_code': 2},
                                                         {'id': 'countdown',
                                                          'ver_code': 2},
                                                         {'id': 'antitheft',
                                                          'ver_code': 1},
                                                         {'id': 'account',
                                                          'ver_code': 1},
                                                         {'id': 'synchronize',
                                                          'ver_code': 1},
                                                         {'id': 'sunrise_sunset',
                                                          'ver_code': 1},
                                                         {'id': 'led',
                                                          'ver_code': 1},
                                                         {'id': 'cloud_connect',
                                                          'ver_code': 1},
                                                         {'id': 'iot_cloud',
                                                          'ver_code': 1},
                                                         {'id': 'default_states',
                                                          'ver_code': 1}]}},
                          {'error_code': 0,
                           'method': 'get_device_info',
                           'result': {'avatar': 'plug',
                                      'default_states': {'state': {},
                                                         'type': 'last_states'},
                                      'device_id': 'REDACTED_DB80F24B353338FA05BB18C1C486215',
                                      'device_on': False,
                                      'fw_id': 'REDACTED_A25ABDE41405B20C6F98816',
                                      'fw_ver': '1.3.7 Build 20230711 Rel. '
                                                '61904',
                                      'has_set_location_info': True,
                                      'hw_id': 'REDACTED_5B29645B8150C392284029D',
                                      'hw_ver': '1.0.0',
                                      'ip': '192.168.100.112',
                                      'lang': '',
                                      'latitude': 0,
                                      'location': '',
                                      'longitude': 0,
                                      'mac': '74-DA-88-00-00-00',
                                      'model': 'P100',
                                      'nickname': 'I01BU0tFRF9OQU1FIw==',
                                      'oem_id': 'REDACTED_06C60A9AEEA36A3347B6EBC',
                                      'on_time': 0,
                                      'overheated': False,
                                      'region': 'Europe/Rome',
                                      'rssi': -44,
                                      'signal_level': 3,
                                      'specs': 'EU',
                                      'ssid': 'I01BU0tFRF9TU0lEIw==',
                                      'time_diff': 60,
                                      'type': 'SMART.TAPOPLUG'}},
                          {'error_code': 0,
                           'method': 'get_connect_cloud_state',
                           'result': {'status': 0}}]}}
Device 192.168.100.112, found required cloud_connect, adding Cloud to modules.
Device 192.168.100.112, found required device, adding DeviceModule to modules.
Device 192.168.100.112, found required firmware, adding Firmware to modules.
Device 192.168.100.112, found required led, adding Led to modules.
Device 192.168.100.112, found required None, adding OverheatProtection to modules.
Device 192.168.100.112, found required time, adding Time to modules.
Querying 192.168.100.112 for modules: Time, Led
192.168.100.112 multi-request-batch-1-of-1 >> '{"method":"multipleRequest","request_time_milis":1744366093801,"terminal_uuid":"gK0eM0mtL3+wnX8UqFcWQQ==","params":{"requests":[{"method":"get_device_time"},{"method":"get_led_info"}]}}'
Device 192.168.100.112 waiting 0.25 seconds to send request
Posting to http://192.168.100.112/app?token=ADF801F4CC341232FC521B516C611F60
192.168.100.112 multi-request-batch-1-of-1 << {'error_code': 0,
 'result': {'responses': [{'error_code': 0,
                           'method': 'get_device_time',
                           'result': {'region': 'Europe/Rome',
                                      'time_diff': 60,
                                      'timestamp': 1744366093}},
                          {'error_code': 0,
                           'method': 'get_led_info',
                           'result': {'led_rule': 'always',
                                      'led_status': False,
                                      'night_mode': {'end_time': 0,
                                                     'night_mode_type': 'unknown',
                                                     'start_time': 0,
                                                     'sunrise_offset': 0,
                                                     'sunset_offset': 0}}}]}}
Update completed 192.168.100.112: ['component_nego', 'get_device_info', 'get_connect_cloud_state', 'get_device_time', 'get_led_info']
False
device is: 
True
Unclosed client session
client_session: <aiohttp.client.ClientSession object at 0x00000173A938B0B0>
Unclosed connector
connections: ['deque([(<aiohttp.client_proto.ResponseHandler object at 0x00000173A93B3B30>, 154263.359)])']
connector: <aiohttp.connector.TCPConnector object at 0x00000173A9389A00>
C:\Users\Davide\AppData\Local\I3Lab - Politecnico di Milano\Server SmartPlug\options.json
Discovery started...
Using proactor: IocpProactor
Listening on 127.0.0.1:7071
[DISCOVERY] 255.255.255.255 >> {'system': {'get_sysinfo': {}}}
Waiting 5 seconds for responses...
Using proactor: IocpProactor
Using SmartDevice for SMART.TAPOPLUG
Finding protocol for 192.168.100.112
Finding protocol for DeviceFamily.SmartTapoPlug
Finding transport for SMART.AES
Created AES transport for 192.168.100.112
[DISCOVERY] 192.168.100.112 << {'error_code': 0,
 'result': {'device_id': 'REDACTED_c913ec3cd97a6bec2fbb1ee',
            'device_model': 'P100',
            'device_type': 'SMART.TAPOPLUG',
            'factory_default': False,
            'ip': '192.168.100.112',
            'is_support_iot_cloud': True,
            'mac': '74-DA-88-00-00-00',
            'mgt_encrypt_schm': {'encrypt_type': 'AES',
                                 'http_port': 80,
                                 'is_support_https': False,
                                 'lv': 2},
            'owner': 'REDACTED_19347acd812465188388075'}}
Initializing 192.168.100.112 of type <class 'kasa.smart.smartdevice.SmartDevice'>
Discovery finished! Found: 1 device(s)
Discovered 1 devices
Using proactor: IocpProactor
[DISCOVERY] 192.168.100.112 >> {'system': {'get_sysinfo': {}}}
Waiting a total of 5 seconds for responses...
Using SmartDevice for SMART.TAPOPLUG
Finding protocol for 192.168.100.112
Finding protocol for DeviceFamily.SmartTapoPlug
Finding transport for SMART.AES
Created AES transport for 192.168.100.112
[DISCOVERY] 192.168.100.112 << {'error_code': 0,
 'result': {'device_id': 'REDACTED_c913ec3cd97a6bec2fbb1ee',
            'device_model': 'P100',
            'device_type': 'SMART.TAPOPLUG',
            'factory_default': False,
            'ip': '192.168.100.112',
            'is_support_iot_cloud': True,
            'mac': '74-DA-88-00-00-00',
            'mgt_encrypt_schm': {'encrypt_type': 'AES',
                                 'http_port': 80,
                                 'is_support_https': False,
                                 'lv': 2},
            'owner': 'REDACTED_19347acd812465188388075'}}
Initializing 192.168.100.112 of type <class 'kasa.smart.smartdevice.SmartDevice'>
192.168.100.112 multi-request-batch-1-of-1 >> '{"method":"multipleRequest","request_time_milis":1744367312047,"terminal_uuid":"7UvjLrYhO3GHmXYdODPa6A==","params":{"requests":[{"method":"component_nego"},{"method":"get_device_info"},{"method":"get_connect_cloud_state"}]}}'
Will perform handshaking...
Posting to http://192.168.100.112/app
Generating keypair
Handshake request: {'method': 'handshake', 'params': {'key': '-----BEGIN PUBLIC KEY-----\nMIGfMA0GCSqGSIb3DQEBAQUAA4GNADCBiQKBgQDuSG8FY0TqvAQePmvN3l4ZsvCNYmK16gkMn+yQDJbMOGsiGzl/x8Gx2FjaB9dbBAGH4C7na/kkRAW+5URtSxb0aC/iedAtOw9FWFb46+FQBcsHFRx/1gGkPJihOUSez0NUNZVde8UTrlGsoEm/30S03b7MCg56pm0GKq/dqT8N/QIDAQAB\n-----END PUBLIC KEY-----\n'}}
Device responded with: {'error_code': 0, 'result': {'key': 'rKJ0STScdlme5Q2rBlPXQwO/x+fdGFkiqT0m/UcQ6V6rlpz6CKGYHLHlAHAsUh2p6vT4S6hgfk7vgGhAO2X/xQIODQjQPFUO+/H57AkBhvppQSCL12Nq1uP439s3lo55vXQRN5yeLm1r7zi44fDDiMWgkrxP6DDLZPMmsp0cfrk='}}
Handshake with 192.168.100.112 complete
Posting to http://192.168.100.112/app
192.168.100.112: logged in with provided credentials
Posting to http://192.168.100.112/app?token=FAF901F1B671CB751035AE374B171416
Device 192.168.100.112 received an os error, enabling sequential request delay: Server disconnected
Device 192.168.100.112 got a connection error, will retry 3 times: ('Device connection error: 192.168.100.112: Server disconnected', ServerDisconnectedError('Server disconnected'))
192.168.100.112 multi-request-batch-1-of-1 >> '{"method":"multipleRequest","request_time_milis":1744367312240,"terminal_uuid":"7UvjLrYhO3GHmXYdODPa6A==","params":{"requests":[{"method":"component_nego"},{"method":"get_device_info"},{"method":"get_connect_cloud_state"}]}}'
Device 192.168.100.112 waiting 0.25 seconds to send request
Posting to http://192.168.100.112/app?token=FAF901F1B671CB751035AE374B171416
192.168.100.112 multi-request-batch-1-of-1 << {'error_code': 0,
 'result': {'responses': [{'error_code': 0,
                           'method': 'component_nego',
                           'result': {'component_list': [{'id': 'device',
                                                          'ver_code': 2},
                                                         {'id': 'firmware',
                                                          'ver_code': 1},
                                                         {'id': 'quick_setup',
                                                          'ver_code': 3},
                                                         {'id': 'time',
                                                          'ver_code': 1},
                                                         {'id': 'wireless',
                                                          'ver_code': 1},
                                                         {'id': 'schedule',
                                                          'ver_code': 2},
                                                         {'id': 'countdown',
                                                          'ver_code': 2},
                                                         {'id': 'antitheft',
                                                          'ver_code': 1},
                                                         {'id': 'account',
                                                          'ver_code': 1},
                                                         {'id': 'synchronize',
                                                          'ver_code': 1},
                                                         {'id': 'sunrise_sunset',
                                                          'ver_code': 1},
                                                         {'id': 'led',
                                                          'ver_code': 1},
                                                         {'id': 'cloud_connect',
                                                          'ver_code': 1},
                                                         {'id': 'iot_cloud',
                                                          'ver_code': 1},
                                                         {'id': 'default_states',
                                                          'ver_code': 1}]}},
                          {'error_code': 0,
                           'method': 'get_device_info',
                           'result': {'avatar': 'plug',
                                      'default_states': {'state': {},
                                                         'type': 'last_states'},
                                      'device_id': 'REDACTED_DB80F24B353338FA05BB18C1C486215',
                                      'device_on': False,
                                      'fw_id': 'REDACTED_A25ABDE41405B20C6F98816',
                                      'fw_ver': '1.3.7 Build 20230711 Rel. '
                                                '61904',
                                      'has_set_location_info': True,
                                      'hw_id': 'REDACTED_5B29645B8150C392284029D',
                                      'hw_ver': '1.0.0',
                                      'ip': '192.168.100.112',
                                      'lang': '',
                                      'latitude': 0,
                                      'location': '',
                                      'longitude': 0,
                                      'mac': '74-DA-88-00-00-00',
                                      'model': 'P100',
                                      'nickname': 'I01BU0tFRF9OQU1FIw==',
                                      'oem_id': 'REDACTED_06C60A9AEEA36A3347B6EBC',
                                      'on_time': 0,
                                      'overheated': False,
                                      'region': 'Europe/Rome',
                                      'rssi': -45,
                                      'signal_level': 3,
                                      'specs': 'EU',
                                      'ssid': 'I01BU0tFRF9TU0lEIw==',
                                      'time_diff': 60,
                                      'type': 'SMART.TAPOPLUG'}},
                          {'error_code': 0,
                           'method': 'get_connect_cloud_state',
                           'result': {'status': 0}}]}}
Device 192.168.100.112, found required cloud_connect, adding Cloud to modules.
Device 192.168.100.112, found required device, adding DeviceModule to modules.
Device 192.168.100.112, found required firmware, adding Firmware to modules.
Device 192.168.100.112, found required led, adding Led to modules.
Device 192.168.100.112, found required None, adding OverheatProtection to modules.
Device 192.168.100.112, found required time, adding Time to modules.
Querying 192.168.100.112 for modules: Time, Led
192.168.100.112 multi-request-batch-1-of-1 >> '{"method":"multipleRequest","request_time_milis":1744367312817,"terminal_uuid":"7UvjLrYhO3GHmXYdODPa6A==","params":{"requests":[{"method":"get_device_time"},{"method":"get_led_info"}]}}'
Device 192.168.100.112 waiting 0.25 seconds to send request
Posting to http://192.168.100.112/app?token=FAF901F1B671CB751035AE374B171416
192.168.100.112 multi-request-batch-1-of-1 << {'error_code': 0,
 'result': {'responses': [{'error_code': 0,
                           'method': 'get_device_time',
                           'result': {'region': 'Europe/Rome',
                                      'time_diff': 60,
                                      'timestamp': 1744367313}},
                          {'error_code': 0,
                           'method': 'get_led_info',
                           'result': {'led_rule': 'always',
                                      'led_status': False,
                                      'night_mode': {'end_time': 0,
                                                     'night_mode_type': 'unknown',
                                                     'start_time': 0,
                                                     'sunrise_offset': 0,
                                                     'sunset_offset': 0}}}]}}
Update completed 192.168.100.112: ['component_nego', 'get_device_info', 'get_connect_cloud_state', 'get_device_time', 'get_led_info']
Switching status
Using proactor: IocpProactor
[DISCOVERY] 192.168.100.112 >> {'system': {'get_sysinfo': {}}}
Waiting a total of 5 seconds for responses...
Using SmartDevice for SMART.TAPOPLUG
Finding protocol for 192.168.100.112
Finding protocol for DeviceFamily.SmartTapoPlug
Finding transport for SMART.AES
Created AES transport for 192.168.100.112
[DISCOVERY] 192.168.100.112 << {'error_code': 0,
 'result': {'device_id': 'REDACTED_c913ec3cd97a6bec2fbb1ee',
            'device_model': 'P100',
            'device_type': 'SMART.TAPOPLUG',
            'factory_default': False,
            'ip': '192.168.100.112',
            'is_support_iot_cloud': True,
            'mac': '74-DA-88-00-00-00',
            'mgt_encrypt_schm': {'encrypt_type': 'AES',
                                 'http_port': 80,
                                 'is_support_https': False,
                                 'lv': 2},
            'owner': 'REDACTED_19347acd812465188388075'}}
Initializing 192.168.100.112 of type <class 'kasa.smart.smartdevice.SmartDevice'>
192.168.100.112 >> '{"method":"set_device_info","request_time_milis":1744367317963,"terminal_uuid":"uRpnaUn8EX/LYTn6HqHXaQ==","params":{"device_on":true}}'
Will perform handshaking...
Posting to http://192.168.100.112/app
Generating keypair
Handshake request: {'method': 'handshake', 'params': {'key': '-----BEGIN PUBLIC KEY-----\nMIGfMA0GCSqGSIb3DQEBAQUAA4GNADCBiQKBgQCz8EgA0M4qcNopTZyb6p0fugk7qj1MGF2icIgrQh573kGVDa0AhkZoIex0DBKP/QA2mJv6zz5+1WeMvK5WE8ijPWc0NzFx+TcJWmMFagWL1zJ9DvK5FK9/K68My2CJV9Jp7tP3UpfX5q5mJ91kLYzATb/1sVHwlgKQZDpMydqN5wIDAQAB\n-----END PUBLIC KEY-----\n'}}
Device responded with: {'error_code': 0, 'result': {'key': 'ZJk0aV8sm6U2hL0P38yhKdqRW8s0kyYFMekUEiUWRmIzhdksKKuQix79gBJ6rwGAH4+u/R7kezeVe+7KUctXAMPbrxwebRpwXzrt/JXwb8DY8hXzOsAN0y9xiSdwVQDl/5WPJhZjjmo16a6O8IZ7B0G4FDLdwUQDtsr5ugV32Hw='}}
Handshake with 192.168.100.112 complete
Posting to http://192.168.100.112/app
192.168.100.112: logged in with provided credentials
Posting to http://192.168.100.112/app?token=E667096AFEBA89BCFADCC9DFF8EFE9EE
Device 192.168.100.112 received an os error, enabling sequential request delay: Server disconnected
Device 192.168.100.112 got a connection error, will retry 3 times: ('Device connection error: 192.168.100.112: Server disconnected', ServerDisconnectedError('Server disconnected'))
192.168.100.112 >> '{"method":"set_device_info","request_time_milis":1744367318084,"terminal_uuid":"uRpnaUn8EX/LYTn6HqHXaQ==","params":{"device_on":true}}'
Device 192.168.100.112 waiting 0.25 seconds to send request
Posting to http://192.168.100.112/app?token=E667096AFEBA89BCFADCC9DFF8EFE9EE
192.168.100.112 << {'error_code': 0}
192.168.100.112 multi-request-batch-1-of-1 >> '{"method":"multipleRequest","request_time_milis":1744367318481,"terminal_uuid":"uRpnaUn8EX/LYTn6HqHXaQ==","params":{"requests":[{"method":"component_nego"},{"method":"get_device_info"},{"method":"get_connect_cloud_state"}]}}'
Device 192.168.100.112 waiting 0.25 seconds to send request
Posting to http://192.168.100.112/app?token=E667096AFEBA89BCFADCC9DFF8EFE9EE
192.168.100.112 multi-request-batch-1-of-1 << {'error_code': 0,
 'result': {'responses': [{'error_code': 0,
                           'method': 'component_nego',
                           'result': {'component_list': [{'id': 'device',
                                                          'ver_code': 2},
                                                         {'id': 'firmware',
                                                          'ver_code': 1},
                                                         {'id': 'quick_setup',
                                                          'ver_code': 3},
                                                         {'id': 'time',
                                                          'ver_code': 1},
                                                         {'id': 'wireless',
                                                          'ver_code': 1},
                                                         {'id': 'schedule',
                                                          'ver_code': 2},
                                                         {'id': 'countdown',
                                                          'ver_code': 2},
                                                         {'id': 'antitheft',
                                                          'ver_code': 1},
                                                         {'id': 'account',
                                                          'ver_code': 1},
                                                         {'id': 'synchronize',
                                                          'ver_code': 1},
                                                         {'id': 'sunrise_sunset',
                                                          'ver_code': 1},
                                                         {'id': 'led',
                                                          'ver_code': 1},
                                                         {'id': 'cloud_connect',
                                                          'ver_code': 1},
                                                         {'id': 'iot_cloud',
                                                          'ver_code': 1},
                                                         {'id': 'default_states',
                                                          'ver_code': 1}]}},
                          {'error_code': 0,
                           'method': 'get_device_info',
                           'result': {'avatar': 'plug',
                                      'default_states': {'state': {},
                                                         'type': 'last_states'},
                                      'device_id': 'REDACTED_DB80F24B353338FA05BB18C1C486215',
                                      'device_on': True,
                                      'fw_id': 'REDACTED_A25ABDE41405B20C6F98816',
                                      'fw_ver': '1.3.7 Build 20230711 Rel. '
                                                '61904',
                                      'has_set_location_info': True,
                                      'hw_id': 'REDACTED_5B29645B8150C392284029D',
                                      'hw_ver': '1.0.0',
                                      'ip': '192.168.100.112',
                                      'lang': '',
                                      'latitude': 0,
                                      'location': '',
                                      'longitude': 0,
                                      'mac': '74-DA-88-00-00-00',
                                      'model': 'P100',
                                      'nickname': 'I01BU0tFRF9OQU1FIw==',
                                      'oem_id': 'REDACTED_06C60A9AEEA36A3347B6EBC',
                                      'on_time': 0,
                                      'overheated': False,
                                      'region': 'Europe/Rome',
                                      'rssi': -45,
                                      'signal_level': 3,
                                      'specs': 'EU',
                                      'ssid': 'I01BU0tFRF9TU0lEIw==',
                                      'time_diff': 60,
                                      'type': 'SMART.TAPOPLUG'}},
                          {'error_code': 0,
                           'method': 'get_connect_cloud_state',
                           'result': {'status': 0}}]}}
Device 192.168.100.112, found required cloud_connect, adding Cloud to modules.
Device 192.168.100.112, found required device, adding DeviceModule to modules.
Device 192.168.100.112, found required firmware, adding Firmware to modules.
Device 192.168.100.112, found required led, adding Led to modules.
Device 192.168.100.112, found required None, adding OverheatProtection to modules.
Device 192.168.100.112, found required time, adding Time to modules.
Querying 192.168.100.112 for modules: Time, Led
192.168.100.112 multi-request-batch-1-of-1 >> '{"method":"multipleRequest","request_time_milis":1744367318817,"terminal_uuid":"uRpnaUn8EX/LYTn6HqHXaQ==","params":{"requests":[{"method":"get_device_time"},{"method":"get_led_info"}]}}'
Device 192.168.100.112 waiting 0.25 seconds to send request
Posting to http://192.168.100.112/app?token=E667096AFEBA89BCFADCC9DFF8EFE9EE
192.168.100.112 multi-request-batch-1-of-1 << {'error_code': 0,
 'result': {'responses': [{'error_code': 0,
                           'method': 'get_device_time',
                           'result': {'region': 'Europe/Rome',
                                      'time_diff': 60,
                                      'timestamp': 1744367318}},
                          {'error_code': 0,
                           'method': 'get_led_info',
                           'result': {'led_rule': 'always',
                                      'led_status': True,
                                      'night_mode': {'end_time': 0,
                                                     'night_mode_type': 'unknown',
                                                     'start_time': 0,
                                                     'sunrise_offset': 0,
                                                     'sunset_offset': 0}}}]}}
Update completed 192.168.100.112: ['component_nego', 'get_device_info', 'get_connect_cloud_state', 'get_device_time', 'get_led_info']
True
device is: 
False
Switching status
Using proactor: IocpProactor
[DISCOVERY] 192.168.100.112 >> {'system': {'get_sysinfo': {}}}
Waiting a total of 5 seconds for responses...
Using SmartDevice for SMART.TAPOPLUG
Finding protocol for 192.168.100.112
Finding protocol for DeviceFamily.SmartTapoPlug
Finding transport for SMART.AES
Created AES transport for 192.168.100.112
[DISCOVERY] 192.168.100.112 << {'error_code': 0,
 'result': {'device_id': 'REDACTED_c913ec3cd97a6bec2fbb1ee',
            'device_model': 'P100',
            'device_type': 'SMART.TAPOPLUG',
            'factory_default': False,
            'ip': '192.168.100.112',
            'is_support_iot_cloud': True,
            'mac': '74-DA-88-00-00-00',
            'mgt_encrypt_schm': {'encrypt_type': 'AES',
                                 'http_port': 80,
                                 'is_support_https': False,
                                 'lv': 2},
            'owner': 'REDACTED_19347acd812465188388075'}}
Initializing 192.168.100.112 of type <class 'kasa.smart.smartdevice.SmartDevice'>
192.168.100.112 >> '{"method":"set_device_info","request_time_milis":1744367329444,"terminal_uuid":"12VRzeb/ulWUKoPVMhGWaQ==","params":{"device_on":true}}'
Will perform handshaking...
Posting to http://192.168.100.112/app
Generating keypair
Handshake request: {'method': 'handshake', 'params': {'key': '-----BEGIN PUBLIC KEY-----\nMIGfMA0GCSqGSIb3DQEBAQUAA4GNADCBiQKBgQC8rbfIvS1o3SqbPvWFnMmNEalTJD/F4/PfQYQuMowPMu6ycmKwscR8NM4ey/dhumlFoKnfWHqsxII3l2T2NK2YsmONGbh2kjhVjTpvQLr6+JMM0oPNeQjdTonPiXqEYl/Rkxvx62pxZD1tmWOQx+2p/aaelg0OFMVQ1EHenaw3SQIDAQAB\n-----END PUBLIC KEY-----\n'}}
Device responded with: {'error_code': 0, 'result': {'key': 'Iww1dMKgtBslKHYP1M/pSsM/MD9uIkMO6SrqbFoK4I1h1LI302/HCJSXgJE/h3UabBxZhRRi4Fyn50xk4UFQz2vaSsnXGE6hNuURzhZ1mZDqZbkyLPaRCUNH1+TMYag4Hg6MEsaYErzpxlosG8ph5o7h1qi/JTvsU1HVwe6YywU='}}
Handshake with 192.168.100.112 complete
Posting to http://192.168.100.112/app
192.168.100.112: logged in with provided credentials
Posting to http://192.168.100.112/app?token=87A6BAA26BE27DE01DC01EC12ED12FD1
Device 192.168.100.112 received an os error, enabling sequential request delay: Server disconnected
Device 192.168.100.112 got a connection error, will retry 3 times: ('Device connection error: 192.168.100.112: Server disconnected', ServerDisconnectedError('Server disconnected'))
192.168.100.112 >> '{"method":"set_device_info","request_time_milis":1744367329566,"terminal_uuid":"12VRzeb/ulWUKoPVMhGWaQ==","params":{"device_on":true}}'
Device 192.168.100.112 waiting 0.25 seconds to send request
Posting to http://192.168.100.112/app?token=87A6BAA26BE27DE01DC01EC12ED12FD1
192.168.100.112 << {'error_code': 0}
192.168.100.112 multi-request-batch-1-of-1 >> '{"method":"multipleRequest","request_time_milis":1744367329894,"terminal_uuid":"12VRzeb/ulWUKoPVMhGWaQ==","params":{"requests":[{"method":"component_nego"},{"method":"get_device_info"},{"method":"get_connect_cloud_state"}]}}'
Device 192.168.100.112 waiting 0.25 seconds to send request
Posting to http://192.168.100.112/app?token=87A6BAA26BE27DE01DC01EC12ED12FD1
192.168.100.112 multi-request-batch-1-of-1 << {'error_code': 0,
 'result': {'responses': [{'error_code': 0,
                           'method': 'component_nego',
                           'result': {'component_list': [{'id': 'device',
                                                          'ver_code': 2},
                                                         {'id': 'firmware',
                                                          'ver_code': 1},
                                                         {'id': 'quick_setup',
                                                          'ver_code': 3},
                                                         {'id': 'time',
                                                          'ver_code': 1},
                                                         {'id': 'wireless',
                                                          'ver_code': 1},
                                                         {'id': 'schedule',
                                                          'ver_code': 2},
                                                         {'id': 'countdown',
                                                          'ver_code': 2},
                                                         {'id': 'antitheft',
                                                          'ver_code': 1},
                                                         {'id': 'account',
                                                          'ver_code': 1},
                                                         {'id': 'synchronize',
                                                          'ver_code': 1},
                                                         {'id': 'sunrise_sunset',
                                                          'ver_code': 1},
                                                         {'id': 'led',
                                                          'ver_code': 1},
                                                         {'id': 'cloud_connect',
                                                          'ver_code': 1},
                                                         {'id': 'iot_cloud',
                                                          'ver_code': 1},
                                                         {'id': 'default_states',
                                                          'ver_code': 1}]}},
                          {'error_code': 0,
                           'method': 'get_device_info',
                           'result': {'avatar': 'plug',
                                      'default_states': {'state': {},
                                                         'type': 'last_states'},
                                      'device_id': 'REDACTED_DB80F24B353338FA05BB18C1C486215',
                                      'device_on': True,
                                      'fw_id': 'REDACTED_A25ABDE41405B20C6F98816',
                                      'fw_ver': '1.3.7 Build 20230711 Rel. '
                                                '61904',
                                      'has_set_location_info': True,
                                      'hw_id': 'REDACTED_5B29645B8150C392284029D',
                                      'hw_ver': '1.0.0',
                                      'ip': '192.168.100.112',
                                      'lang': '',
                                      'latitude': 0,
                                      'location': '',
                                      'longitude': 0,
                                      'mac': '74-DA-88-00-00-00',
                                      'model': 'P100',
                                      'nickname': 'I01BU0tFRF9OQU1FIw==',
                                      'oem_id': 'REDACTED_06C60A9AEEA36A3347B6EBC',
                                      'on_time': 11,
                                      'overheated': False,
                                      'region': 'Europe/Rome',
                                      'rssi': -44,
                                      'signal_level': 3,
                                      'specs': 'EU',
                                      'ssid': 'I01BU0tFRF9TU0lEIw==',
                                      'time_diff': 60,
                                      'type': 'SMART.TAPOPLUG'}},
                          {'error_code': 0,
                           'method': 'get_connect_cloud_state',
                           'result': {'status': 0}}]}}
Device 192.168.100.112, found required cloud_connect, adding Cloud to modules.
Device 192.168.100.112, found required device, adding DeviceModule to modules.
Device 192.168.100.112, found required firmware, adding Firmware to modules.
Device 192.168.100.112, found required led, adding Led to modules.
Device 192.168.100.112, found required None, adding OverheatProtection to modules.
Device 192.168.100.112, found required time, adding Time to modules.
Querying 192.168.100.112 for modules: Time, Led
192.168.100.112 multi-request-batch-1-of-1 >> '{"method":"multipleRequest","request_time_milis":1744367330236,"terminal_uuid":"12VRzeb/ulWUKoPVMhGWaQ==","params":{"requests":[{"method":"get_device_time"},{"method":"get_led_info"}]}}'
Device 192.168.100.112 waiting 0.25 seconds to send request
Posting to http://192.168.100.112/app?token=87A6BAA26BE27DE01DC01EC12ED12FD1
192.168.100.112 multi-request-batch-1-of-1 << {'error_code': 0,
 'result': {'responses': [{'error_code': 0,
                           'method': 'get_device_time',
                           'result': {'region': 'Europe/Rome',
                                      'time_diff': 60,
                                      'timestamp': 1744367330}},
                          {'error_code': 0,
                           'method': 'get_led_info',
                           'result': {'led_rule': 'always',
                                      'led_status': True,
                                      'night_mode': {'end_time': 0,
                                                     'night_mode_type': 'unknown',
                                                     'start_time': 0,
                                                     'sunrise_offset': 0,
                                                     'sunset_offset': 0}}}]}}
Update completed 192.168.100.112: ['component_nego', 'get_device_info', 'get_connect_cloud_state', 'get_device_time', 'get_led_info']
True
device is: 
False
Unclosed client session
client_session: <aiohttp.client.ClientSession object at 0x00000112AF8B9820>
Unclosed connector
connections: ['deque([(<aiohttp.client_proto.ResponseHandler object at 0x00000112AF8D7B30>, 155515.89)])']
connector: <aiohttp.connector.TCPConnector object at 0x00000112AF8B9730>
C:\Users\Davide\AppData\Local\I3Lab - Politecnico di Milano\Server SmartPlug\options.json
Discovery started...
Using proactor: IocpProactor
Listening on 127.0.0.1:7071
[DISCOVERY] 255.255.255.255 >> {'system': {'get_sysinfo': {}}}
Waiting 5 seconds for responses...
Using proactor: IocpProactor
Using SmartDevice for SMART.TAPOPLUG
Finding protocol for 192.168.100.112
Finding protocol for DeviceFamily.SmartTapoPlug
Finding transport for SMART.AES
Created AES transport for 192.168.100.112
[DISCOVERY] 192.168.100.112 << {'error_code': 0,
 'result': {'device_id': 'REDACTED_c913ec3cd97a6bec2fbb1ee',
            'device_model': 'P100',
            'device_type': 'SMART.TAPOPLUG',
            'factory_default': False,
            'ip': '192.168.100.112',
            'is_support_iot_cloud': True,
            'mac': '74-DA-88-00-00-00',
            'mgt_encrypt_schm': {'encrypt_type': 'AES',
                                 'http_port': 80,
                                 'is_support_https': False,
                                 'lv': 2},
            'owner': 'REDACTED_19347acd812465188388075'}}
Initializing 192.168.100.112 of type <class 'kasa.smart.smartdevice.SmartDevice'>
Discovery finished! Found: 1 device(s)
Discovered 1 devices
Using proactor: IocpProactor
[DISCOVERY] 192.168.100.112 >> {'system': {'get_sysinfo': {}}}
Waiting a total of 5 seconds for responses...
Using SmartDevice for SMART.TAPOPLUG
Finding protocol for 192.168.100.112
Finding protocol for DeviceFamily.SmartTapoPlug
Finding transport for SMART.AES
Created AES transport for 192.168.100.112
[DISCOVERY] 192.168.100.112 << {'error_code': 0,
 'result': {'device_id': 'REDACTED_c913ec3cd97a6bec2fbb1ee',
            'device_model': 'P100',
            'device_type': 'SMART.TAPOPLUG',
            'factory_default': False,
            'ip': '192.168.100.112',
            'is_support_iot_cloud': True,
            'mac': '74-DA-88-00-00-00',
            'mgt_encrypt_schm': {'encrypt_type': 'AES',
                                 'http_port': 80,
                                 'is_support_https': False,
                                 'lv': 2},
            'owner': 'REDACTED_19347acd812465188388075'}}
Initializing 192.168.100.112 of type <class 'kasa.smart.smartdevice.SmartDevice'>
192.168.100.112 multi-request-batch-1-of-1 >> '{"method":"multipleRequest","request_time_milis":1744367434336,"terminal_uuid":"6BXevV3ad51+fNl9KKK+XA==","params":{"requests":[{"method":"component_nego"},{"method":"get_device_info"},{"method":"get_connect_cloud_state"}]}}'
Will perform handshaking...
Posting to http://192.168.100.112/app
Generating keypair
Handshake request: {'method': 'handshake', 'params': {'key': '-----BEGIN PUBLIC KEY-----\nMIGfMA0GCSqGSIb3DQEBAQUAA4GNADCBiQKBgQCxDnGCVTW3xjGRslsvF/IIw9Zo6j7tPGN5TqEl/b8GHyXPwGaGhXLCyvJhUPt9CIHBmPWUm4EgAOvRKjq0ep7gPOVjL30ybXRKvEeAJUuwqUvdfdAxuPgsYK2gzBDLDiTZFtrtic8Rc8+kA5AMXbc6TV2x86HPVTjANVMpCS3kiQIDAQAB\n-----END PUBLIC KEY-----\n'}}
Device responded with: {'error_code': 0, 'result': {'key': 'fhNigFYWGSLKc/9Jv7jrJx3s3FCj3xPs1e7D0P69/pSoxfLfNDs+Ha+MlDE3/iRp61s33Lb91KCydJUs6AHDAtqpZkW/Ffl4GS6M7JqevQ9LbMQZK96oJGV5tJkZrrWyUA2nL6ZogfbytM4vO1VbO60ArY5KyFj5gFysLh174vc='}}
Handshake with 192.168.100.112 complete
Posting to http://192.168.100.112/app
192.168.100.112: logged in with provided credentials
Posting to http://192.168.100.112/app?token=3917061AFFCA68CC1CAC5FAF6D9F449E
Device 192.168.100.112 received an os error, enabling sequential request delay: Server disconnected
Device 192.168.100.112 got a connection error, will retry 3 times: ('Device connection error: 192.168.100.112: Server disconnected', ServerDisconnectedError('Server disconnected'))
192.168.100.112 multi-request-batch-1-of-1 >> '{"method":"multipleRequest","request_time_milis":1744367434483,"terminal_uuid":"6BXevV3ad51+fNl9KKK+XA==","params":{"requests":[{"method":"component_nego"},{"method":"get_device_info"},{"method":"get_connect_cloud_state"}]}}'
Device 192.168.100.112 waiting 0.25 seconds to send request
Posting to http://192.168.100.112/app?token=3917061AFFCA68CC1CAC5FAF6D9F449E
192.168.100.112 multi-request-batch-1-of-1 << {'error_code': 0,
 'result': {'responses': [{'error_code': 0,
                           'method': 'component_nego',
                           'result': {'component_list': [{'id': 'device',
                                                          'ver_code': 2},
                                                         {'id': 'firmware',
                                                          'ver_code': 1},
                                                         {'id': 'quick_setup',
                                                          'ver_code': 3},
                                                         {'id': 'time',
                                                          'ver_code': 1},
                                                         {'id': 'wireless',
                                                          'ver_code': 1},
                                                         {'id': 'schedule',
                                                          'ver_code': 2},
                                                         {'id': 'countdown',
                                                          'ver_code': 2},
                                                         {'id': 'antitheft',
                                                          'ver_code': 1},
                                                         {'id': 'account',
                                                          'ver_code': 1},
                                                         {'id': 'synchronize',
                                                          'ver_code': 1},
                                                         {'id': 'sunrise_sunset',
                                                          'ver_code': 1},
                                                         {'id': 'led',
                                                          'ver_code': 1},
                                                         {'id': 'cloud_connect',
                                                          'ver_code': 1},
                                                         {'id': 'iot_cloud',
                                                          'ver_code': 1},
                                                         {'id': 'default_states',
                                                          'ver_code': 1}]}},
                          {'error_code': 0,
                           'method': 'get_device_info',
                           'result': {'avatar': 'plug',
                                      'default_states': {'state': {},
                                                         'type': 'last_states'},
                                      'device_id': 'REDACTED_DB80F24B353338FA05BB18C1C486215',
                                      'device_on': True,
                                      'fw_id': 'REDACTED_A25ABDE41405B20C6F98816',
                                      'fw_ver': '1.3.7 Build 20230711 Rel. '
                                                '61904',
                                      'has_set_location_info': True,
                                      'hw_id': 'REDACTED_5B29645B8150C392284029D',
                                      'hw_ver': '1.0.0',
                                      'ip': '192.168.100.112',
                                      'lang': '',
                                      'latitude': 0,
                                      'location': '',
                                      'longitude': 0,
                                      'mac': '74-DA-88-00-00-00',
                                      'model': 'P100',
                                      'nickname': 'I01BU0tFRF9OQU1FIw==',
                                      'oem_id': 'REDACTED_06C60A9AEEA36A3347B6EBC',
                                      'on_time': 116,
                                      'overheated': False,
                                      'region': 'Europe/Rome',
                                      'rssi': -43,
                                      'signal_level': 3,
                                      'specs': 'EU',
                                      'ssid': 'I01BU0tFRF9TU0lEIw==',
                                      'time_diff': 60,
                                      'type': 'SMART.TAPOPLUG'}},
                          {'error_code': 0,
                           'method': 'get_connect_cloud_state',
                           'result': {'status': 0}}]}}
Device 192.168.100.112, found required cloud_connect, adding Cloud to modules.
Device 192.168.100.112, found required device, adding DeviceModule to modules.
Device 192.168.100.112, found required firmware, adding Firmware to modules.
Device 192.168.100.112, found required led, adding Led to modules.
Device 192.168.100.112, found required None, adding OverheatProtection to modules.
Device 192.168.100.112, found required time, adding Time to modules.
Querying 192.168.100.112 for modules: Time, Led
192.168.100.112 multi-request-batch-1-of-1 >> '{"method":"multipleRequest","request_time_milis":1744367434817,"terminal_uuid":"6BXevV3ad51+fNl9KKK+XA==","params":{"requests":[{"method":"get_device_time"},{"method":"get_led_info"}]}}'
Device 192.168.100.112 waiting 0.25 seconds to send request
Posting to http://192.168.100.112/app?token=3917061AFFCA68CC1CAC5FAF6D9F449E
192.168.100.112 multi-request-batch-1-of-1 << {'error_code': 0,
 'result': {'responses': [{'error_code': 0,
                           'method': 'get_device_time',
                           'result': {'region': 'Europe/Rome',
                                      'time_diff': 60,
                                      'timestamp': 1744367434}},
                          {'error_code': 0,
                           'method': 'get_led_info',
                           'result': {'led_rule': 'always',
                                      'led_status': True,
                                      'night_mode': {'end_time': 0,
                                                     'night_mode_type': 'unknown',
                                                     'start_time': 0,
                                                     'sunrise_offset': 0,
                                                     'sunset_offset': 0}}}]}}
Update completed 192.168.100.112: ['component_nego', 'get_device_info', 'get_connect_cloud_state', 'get_device_time', 'get_led_info']
Switching status from 
True
Using proactor: IocpProactor
[DISCOVERY] 192.168.100.112 >> {'system': {'get_sysinfo': {}}}
Waiting a total of 5 seconds for responses...
Using SmartDevice for SMART.TAPOPLUG
Finding protocol for 192.168.100.112
Finding protocol for DeviceFamily.SmartTapoPlug
Finding transport for SMART.AES
Created AES transport for 192.168.100.112
[DISCOVERY] 192.168.100.112 << {'error_code': 0,
 'result': {'device_id': 'REDACTED_c913ec3cd97a6bec2fbb1ee',
            'device_model': 'P100',
            'device_type': 'SMART.TAPOPLUG',
            'factory_default': False,
            'ip': '192.168.100.112',
            'is_support_iot_cloud': True,
            'mac': '74-DA-88-00-00-00',
            'mgt_encrypt_schm': {'encrypt_type': 'AES',
                                 'http_port': 80,
                                 'is_support_https': False,
                                 'lv': 2},
            'owner': 'REDACTED_19347acd812465188388075'}}
Initializing 192.168.100.112 of type <class 'kasa.smart.smartdevice.SmartDevice'>
192.168.100.112 >> '{"method":"set_device_info","request_time_milis":1744367439271,"terminal_uuid":"QdepGHRxvEiQaaUKigSrFg==","params":{"device_on":false}}'
Will perform handshaking...
Posting to http://192.168.100.112/app
Generating keypair
Handshake request: {'method': 'handshake', 'params': {'key': '-----BEGIN PUBLIC KEY-----\nMIGfMA0GCSqGSIb3DQEBAQUAA4GNADCBiQKBgQC+oQwpZlKujCuPVD6B8J5hRC5IP7jKrUCnYnjprHLXZhTMiXWF4mik3LrWM5eTvt5+FOWJraric83tjLwStv4PNHbZACyPMyzq6/bafCa3bKMIqeGwNoZOZDVDtYs2cYGSnou6dCTq/CZWY6xaK3NqiytlRY1RT+iYIw3Sl7BftQIDAQAB\n-----END PUBLIC KEY-----\n'}}
Device responded with: {'error_code': 0, 'result': {'key': 'WMn8rGWUA7KNkkto902HctTRsFucFfhGDopwexa0UXRSlvP4jenm2gpXRzXC9zQhSUzXz+V2GEvIX6ken3kBXRu/jZsAbBMGSeC6foNYI4K6EVdzRcHVAgkwK2Wiw6rgfbillqemrTKDhS0y9HdE5rDpnvnM4GtyrqwfNB4OnpY='}}
Handshake with 192.168.100.112 complete
Posting to http://192.168.100.112/app
192.168.100.112: logged in with provided credentials
Posting to http://192.168.100.112/app?token=A70B5A0C857C7B7F9C4FEB4E985EAB5E
Device 192.168.100.112 received an os error, enabling sequential request delay: Server disconnected
Device 192.168.100.112 got a connection error, will retry 3 times: ('Device connection error: 192.168.100.112: Server disconnected', ServerDisconnectedError('Server disconnected'))
192.168.100.112 >> '{"method":"set_device_info","request_time_milis":1744367439382,"terminal_uuid":"QdepGHRxvEiQaaUKigSrFg==","params":{"device_on":false}}'
Device 192.168.100.112 waiting 0.23499999998603016 seconds to send request
Posting to http://192.168.100.112/app?token=A70B5A0C857C7B7F9C4FEB4E985EAB5E
192.168.100.112 << {'error_code': 0}
192.168.100.112 multi-request-batch-1-of-1 >> '{"method":"multipleRequest","request_time_milis":1744367439736,"terminal_uuid":"QdepGHRxvEiQaaUKigSrFg==","params":{"requests":[{"method":"component_nego"},{"method":"get_device_info"},{"method":"get_connect_cloud_state"}]}}'
Device 192.168.100.112 waiting 0.25 seconds to send request
Posting to http://192.168.100.112/app?token=A70B5A0C857C7B7F9C4FEB4E985EAB5E
192.168.100.112 multi-request-batch-1-of-1 << {'error_code': 0,
 'result': {'responses': [{'error_code': 0,
                           'method': 'component_nego',
                           'result': {'component_list': [{'id': 'device',
                                                          'ver_code': 2},
                                                         {'id': 'firmware',
                                                          'ver_code': 1},
                                                         {'id': 'quick_setup',
                                                          'ver_code': 3},
                                                         {'id': 'time',
                                                          'ver_code': 1},
                                                         {'id': 'wireless',
                                                          'ver_code': 1},
                                                         {'id': 'schedule',
                                                          'ver_code': 2},
                                                         {'id': 'countdown',
                                                          'ver_code': 2},
                                                         {'id': 'antitheft',
                                                          'ver_code': 1},
                                                         {'id': 'account',
                                                          'ver_code': 1},
                                                         {'id': 'synchronize',
                                                          'ver_code': 1},
                                                         {'id': 'sunrise_sunset',
                                                          'ver_code': 1},
                                                         {'id': 'led',
                                                          'ver_code': 1},
                                                         {'id': 'cloud_connect',
                                                          'ver_code': 1},
                                                         {'id': 'iot_cloud',
                                                          'ver_code': 1},
                                                         {'id': 'default_states',
                                                          'ver_code': 1}]}},
                          {'error_code': 0,
                           'method': 'get_device_info',
                           'result': {'avatar': 'plug',
                                      'default_states': {'state': {},
                                                         'type': 'last_states'},
                                      'device_id': 'REDACTED_DB80F24B353338FA05BB18C1C486215',
                                      'device_on': False,
                                      'fw_id': 'REDACTED_A25ABDE41405B20C6F98816',
                                      'fw_ver': '1.3.7 Build 20230711 Rel. '
                                                '61904',
                                      'has_set_location_info': True,
                                      'hw_id': 'REDACTED_5B29645B8150C392284029D',
                                      'hw_ver': '1.0.0',
                                      'ip': '192.168.100.112',
                                      'lang': '',
                                      'latitude': 0,
                                      'location': '',
                                      'longitude': 0,
                                      'mac': '74-DA-88-00-00-00',
                                      'model': 'P100',
                                      'nickname': 'I01BU0tFRF9OQU1FIw==',
                                      'oem_id': 'REDACTED_06C60A9AEEA36A3347B6EBC',
                                      'on_time': 0,
                                      'overheated': False,
                                      'region': 'Europe/Rome',
                                      'rssi': -43,
                                      'signal_level': 3,
                                      'specs': 'EU',
                                      'ssid': 'I01BU0tFRF9TU0lEIw==',
                                      'time_diff': 60,
                                      'type': 'SMART.TAPOPLUG'}},
                          {'error_code': 0,
                           'method': 'get_connect_cloud_state',
                           'result': {'status': 0}}]}}
Device 192.168.100.112, found required cloud_connect, adding Cloud to modules.
Device 192.168.100.112, found required device, adding DeviceModule to modules.
Device 192.168.100.112, found required firmware, adding Firmware to modules.
Device 192.168.100.112, found required led, adding Led to modules.
Device 192.168.100.112, found required None, adding OverheatProtection to modules.
Device 192.168.100.112, found required time, adding Time to modules.
Querying 192.168.100.112 for modules: Time, Led
192.168.100.112 multi-request-batch-1-of-1 >> '{"method":"multipleRequest","request_time_milis":1744367440111,"terminal_uuid":"QdepGHRxvEiQaaUKigSrFg==","params":{"requests":[{"method":"get_device_time"},{"method":"get_led_info"}]}}'
Device 192.168.100.112 waiting 0.25 seconds to send request
Posting to http://192.168.100.112/app?token=A70B5A0C857C7B7F9C4FEB4E985EAB5E
192.168.100.112 multi-request-batch-1-of-1 << {'error_code': 0,
 'result': {'responses': [{'error_code': 0,
                           'method': 'get_device_time',
                           'result': {'region': 'Europe/Rome',
                                      'time_diff': 60,
                                      'timestamp': 1744367440}},
                          {'error_code': 0,
                           'method': 'get_led_info',
                           'result': {'led_rule': 'always',
                                      'led_status': False,
                                      'night_mode': {'end_time': 0,
                                                     'night_mode_type': 'unknown',
                                                     'start_time': 0,
                                                     'sunrise_offset': 0,
                                                     'sunset_offset': 0}}}]}}
Update completed 192.168.100.112: ['component_nego', 'get_device_info', 'get_connect_cloud_state', 'get_device_time', 'get_led_info']
False
device is: 
True
Switching status from 
True
Using proactor: IocpProactor
[DISCOVERY] 192.168.100.112 >> {'system': {'get_sysinfo': {}}}
Waiting a total of 5 seconds for responses...
Using SmartDevice for SMART.TAPOPLUG
Finding protocol for 192.168.100.112
Finding protocol for DeviceFamily.SmartTapoPlug
Finding transport for SMART.AES
Created AES transport for 192.168.100.112
[DISCOVERY] 192.168.100.112 << {'error_code': 0,
 'result': {'device_id': 'REDACTED_c913ec3cd97a6bec2fbb1ee',
            'device_model': 'P100',
            'device_type': 'SMART.TAPOPLUG',
            'factory_default': False,
            'ip': '192.168.100.112',
            'is_support_iot_cloud': True,
            'mac': '74-DA-88-00-00-00',
            'mgt_encrypt_schm': {'encrypt_type': 'AES',
                                 'http_port': 80,
                                 'is_support_https': False,
                                 'lv': 2},
            'owner': 'REDACTED_19347acd812465188388075'}}
Initializing 192.168.100.112 of type <class 'kasa.smart.smartdevice.SmartDevice'>
192.168.100.112 >> '{"method":"set_device_info","request_time_milis":1744367470927,"terminal_uuid":"H0uW2peDDOGJKjxTpIuPiQ==","params":{"device_on":false}}'
Will perform handshaking...
Posting to http://192.168.100.112/app
Generating keypair
Handshake request: {'method': 'handshake', 'params': {'key': '-----BEGIN PUBLIC KEY-----\nMIGfMA0GCSqGSIb3DQEBAQUAA4GNADCBiQKBgQCiNdt9wvh4VgVFhJToynprYGDbbIbse1csUGfOkDuyeaLz6Hs+4UAZFCowKVXKnl4/nCXpU++PxHFNm5ENUms//Lp0Bl9OREitkXemAJqPQrtackw433UYJEdJf8Dnwz0h8pHINtqTpryXZq6FzUTFcHWJimujumW0VG2yJqcbewIDAQAB\n-----END PUBLIC KEY-----\n'}}
Device responded with: {'error_code': 0, 'result': {'key': 'MJJYmCt3tEw9Nha3f3Pg2z+BNlqevq2soOFGpHwFFwtv9OgJhX6+rHmaW8AtUh2+erOYibF/VdXj8qEL2xGXfk1UcvzwuAq+DJbHOtgkDGWby4EiBWzP+OToJ9uHcpcj1hesX46fyT3+YcyoqjpHZLPkNtLB4LVte4aEEk9Jfn0='}}
Handshake with 192.168.100.112 complete
Posting to http://192.168.100.112/app
192.168.100.112: logged in with provided credentials
Posting to http://192.168.100.112/app?token=4D21DD2DD9ED99EB9B8BB38832B826B9
Device 192.168.100.112 received an os error, enabling sequential request delay: Server disconnected
Device 192.168.100.112 got a connection error, will retry 3 times: ('Device connection error: 192.168.100.112: Server disconnected', ServerDisconnectedError('Server disconnected'))
192.168.100.112 >> '{"method":"set_device_info","request_time_milis":1744367471066,"terminal_uuid":"H0uW2peDDOGJKjxTpIuPiQ==","params":{"device_on":false}}'
Device 192.168.100.112 waiting 0.25 seconds to send request
Posting to http://192.168.100.112/app?token=4D21DD2DD9ED99EB9B8BB38832B826B9
192.168.100.112 << {'error_code': 0}
192.168.100.112 multi-request-batch-1-of-1 >> '{"method":"multipleRequest","request_time_milis":1744367471382,"terminal_uuid":"H0uW2peDDOGJKjxTpIuPiQ==","params":{"requests":[{"method":"component_nego"},{"method":"get_device_info"},{"method":"get_connect_cloud_state"}]}}'
Device 192.168.100.112 waiting 0.25 seconds to send request
Posting to http://192.168.100.112/app?token=4D21DD2DD9ED99EB9B8BB38832B826B9
192.168.100.112 multi-request-batch-1-of-1 << {'error_code': 0,
 'result': {'responses': [{'error_code': 0,
                           'method': 'component_nego',
                           'result': {'component_list': [{'id': 'device',
                                                          'ver_code': 2},
                                                         {'id': 'firmware',
                                                          'ver_code': 1},
                                                         {'id': 'quick_setup',
                                                          'ver_code': 3},
                                                         {'id': 'time',
                                                          'ver_code': 1},
                                                         {'id': 'wireless',
                                                          'ver_code': 1},
                                                         {'id': 'schedule',
                                                          'ver_code': 2},
                                                         {'id': 'countdown',
                                                          'ver_code': 2},
                                                         {'id': 'antitheft',
                                                          'ver_code': 1},
                                                         {'id': 'account',
                                                          'ver_code': 1},
                                                         {'id': 'synchronize',
                                                          'ver_code': 1},
                                                         {'id': 'sunrise_sunset',
                                                          'ver_code': 1},
                                                         {'id': 'led',
                                                          'ver_code': 1},
                                                         {'id': 'cloud_connect',
                                                          'ver_code': 1},
                                                         {'id': 'iot_cloud',
                                                          'ver_code': 1},
                                                         {'id': 'default_states',
                                                          'ver_code': 1}]}},
                          {'error_code': 0,
                           'method': 'get_device_info',
                           'result': {'avatar': 'plug',
                                      'default_states': {'state': {},
                                                         'type': 'last_states'},
                                      'device_id': 'REDACTED_DB80F24B353338FA05BB18C1C486215',
                                      'device_on': False,
                                      'fw_id': 'REDACTED_A25ABDE41405B20C6F98816',
                                      'fw_ver': '1.3.7 Build 20230711 Rel. '
                                                '61904',
                                      'has_set_location_info': True,
                                      'hw_id': 'REDACTED_5B29645B8150C392284029D',
                                      'hw_ver': '1.0.0',
                                      'ip': '192.168.100.112',
                                      'lang': '',
                                      'latitude': 0,
                                      'location': '',
                                      'longitude': 0,
                                      'mac': '74-DA-88-00-00-00',
                                      'model': 'P100',
                                      'nickname': 'I01BU0tFRF9OQU1FIw==',
                                      'oem_id': 'REDACTED_06C60A9AEEA36A3347B6EBC',
                                      'on_time': 0,
                                      'overheated': False,
                                      'region': 'Europe/Rome',
                                      'rssi': -44,
                                      'signal_level': 3,
                                      'specs': 'EU',
                                      'ssid': 'I01BU0tFRF9TU0lEIw==',
                                      'time_diff': 60,
                                      'type': 'SMART.TAPOPLUG'}},
                          {'error_code': 0,
                           'method': 'get_connect_cloud_state',
                           'result': {'status': 0}}]}}
Device 192.168.100.112, found required cloud_connect, adding Cloud to modules.
Device 192.168.100.112, found required device, adding DeviceModule to modules.
Device 192.168.100.112, found required firmware, adding Firmware to modules.
Device 192.168.100.112, found required led, adding Led to modules.
Device 192.168.100.112, found required None, adding OverheatProtection to modules.
Device 192.168.100.112, found required time, adding Time to modules.
Querying 192.168.100.112 for modules: Time, Led
192.168.100.112 multi-request-batch-1-of-1 >> '{"method":"multipleRequest","request_time_milis":1744367471724,"terminal_uuid":"H0uW2peDDOGJKjxTpIuPiQ==","params":{"requests":[{"method":"get_device_time"},{"method":"get_led_info"}]}}'
Device 192.168.100.112 waiting 0.25 seconds to send request
Posting to http://192.168.100.112/app?token=4D21DD2DD9ED99EB9B8BB38832B826B9
192.168.100.112 multi-request-batch-1-of-1 << {'error_code': 0,
 'result': {'responses': [{'error_code': 0,
                           'method': 'get_device_time',
                           'result': {'region': 'Europe/Rome',
                                      'time_diff': 60,
                                      'timestamp': 1744367471}},
                          {'error_code': 0,
                           'method': 'get_led_info',
                           'result': {'led_rule': 'always',
                                      'led_status': False,
                                      'night_mode': {'end_time': 0,
                                                     'night_mode_type': 'unknown',
                                                     'start_time': 0,
                                                     'sunrise_offset': 0,
                                                     'sunset_offset': 0}}}]}}
Update completed 192.168.100.112: ['component_nego', 'get_device_info', 'get_connect_cloud_state', 'get_device_time', 'get_led_info']
False
device is: 
True
Unclosed client session
client_session: <aiohttp.client.ClientSession object at 0x000001BFE107BE90>
Exception in default exception handler
Traceback (most recent call last):
  File "C:\Users\Davide\AppData\Local\Programs\Python\Python312\Lib\asyncio\base_events.py", line 1847, in call_exception_handler
    self.default_exception_handler(context)
  File "C:\Users\Davide\AppData\Local\Programs\Python\Python312\Lib\asyncio\base_events.py", line 1821, in default_exception_handler
    logger.error('\n'.join(log_lines), exc_info=exc_info)
  File "C:\Users\Davide\AppData\Local\Programs\Python\Python312\Lib\logging\__init__.py", line 1568, in error
    self._log(ERROR, msg, args, **kwargs)
  File "C:\Users\Davide\AppData\Local\Programs\Python\Python312\Lib\logging\__init__.py", line 1684, in _log
    self.handle(record)
  File "C:\Users\Davide\AppData\Local\Programs\Python\Python312\Lib\logging\__init__.py", line 1700, in handle
    self.callHandlers(record)
  File "C:\Users\Davide\AppData\Local\Programs\Python\Python312\Lib\logging\__init__.py", line 1762, in callHandlers
    hdlr.handle(record)
  File "C:\Users\Davide\Desktop\ServerSmartPlug\log_manager.py", line 16, in handle
    listener(record)
  File "C:\Users\Davide\Desktop\ServerSmartPlug\gui\windows.py", line 25, in _add_console_line
    self.console_text.configure(state='normal')
  File "C:\Users\Davide\AppData\Local\Programs\Python\Python312\Lib\tkinter\__init__.py", line 1722, in configure
    return self._configure('configure', cnf, kw)
           ^^^^^^^^^^^^^^^^^^^^^^^^^^^^^^^^^^^^^
  File "C:\Users\Davide\AppData\Local\Programs\Python\Python312\Lib\tkinter\__init__.py", line 1712, in _configure
    self.tk.call(_flatten((self._w, cmd)) + self._options(cnf))
_tkinter.TclError: invalid command name ".!frame4.!frame.!text"
Unclosed connector
connections: ['deque([(<aiohttp.client_proto.ResponseHandler object at 0x000001BFE109BBF0>, 155636.578)])']
connector: <aiohttp.connector.TCPConnector object at 0x000001BFE1079A00>
Exception in default exception handler
Traceback (most recent call last):
  File "C:\Users\Davide\AppData\Local\Programs\Python\Python312\Lib\asyncio\base_events.py", line 1847, in call_exception_handler
    self.default_exception_handler(context)
  File "C:\Users\Davide\AppData\Local\Programs\Python\Python312\Lib\asyncio\base_events.py", line 1821, in default_exception_handler
    logger.error('\n'.join(log_lines), exc_info=exc_info)
  File "C:\Users\Davide\AppData\Local\Programs\Python\Python312\Lib\logging\__init__.py", line 1568, in error
    self._log(ERROR, msg, args, **kwargs)
  File "C:\Users\Davide\AppData\Local\Programs\Python\Python312\Lib\logging\__init__.py", line 1684, in _log
    self.handle(record)
  File "C:\Users\Davide\AppData\Local\Programs\Python\Python312\Lib\logging\__init__.py", line 1700, in handle
    self.callHandlers(record)
  File "C:\Users\Davide\AppData\Local\Programs\Python\Python312\Lib\logging\__init__.py", line 1762, in callHandlers
    hdlr.handle(record)
  File "C:\Users\Davide\Desktop\ServerSmartPlug\log_manager.py", line 16, in handle
    listener(record)
  File "C:\Users\Davide\Desktop\ServerSmartPlug\gui\windows.py", line 25, in _add_console_line
    self.console_text.configure(state='normal')
  File "C:\Users\Davide\AppData\Local\Programs\Python\Python312\Lib\tkinter\__init__.py", line 1722, in configure
    return self._configure('configure', cnf, kw)
           ^^^^^^^^^^^^^^^^^^^^^^^^^^^^^^^^^^^^^
  File "C:\Users\Davide\AppData\Local\Programs\Python\Python312\Lib\tkinter\__init__.py", line 1712, in _configure
    self.tk.call(_flatten((self._w, cmd)) + self._options(cnf))
_tkinter.TclError: invalid command name ".!frame4.!frame.!text"
C:\Users\Davide\AppData\Local\I3Lab - Politecnico di Milano\Server SmartPlug\options.json
Discovery started...
Using proactor: IocpProactor
Listening on 127.0.0.1:7071
[DISCOVERY] 255.255.255.255 >> {'system': {'get_sysinfo': {}}}
Waiting 5 seconds for responses...
Using proactor: IocpProactor
Discovery finished! Found: 0 device(s)
Discovered 0 devices
No device(s) found!
Discovery started...
Using proactor: IocpProactor
[DISCOVERY] 255.255.255.255 >> {'system': {'get_sysinfo': {}}}
Waiting 5 seconds for responses...
Discovery finished! Found: 0 device(s)
Discovered 0 devices
No device(s) found!
Importing BlpImagePlugin
Importing BmpImagePlugin
Importing BufrStubImagePlugin
Importing CurImagePlugin
Importing DcxImagePlugin
Importing DdsImagePlugin
Importing EpsImagePlugin
Importing FitsImagePlugin
Importing FliImagePlugin
Importing FpxImagePlugin
Image: failed to import FpxImagePlugin: No module named 'olefile'
Importing FtexImagePlugin
Importing GbrImagePlugin
Importing GifImagePlugin
Importing GribStubImagePlugin
Importing Hdf5StubImagePlugin
Importing IcnsImagePlugin
Importing IcoImagePlugin
Importing ImImagePlugin
Importing ImtImagePlugin
Importing IptcImagePlugin
Importing JpegImagePlugin
Importing Jpeg2KImagePlugin
Importing McIdasImagePlugin
Importing MicImagePlugin
Image: failed to import MicImagePlugin: No module named 'olefile'
Importing MpegImagePlugin
Importing MpoImagePlugin
Importing MspImagePlugin
Importing PalmImagePlugin
Importing PcdImagePlugin
Importing PcxImagePlugin
Importing PdfImagePlugin
Importing PixarImagePlugin
Importing PngImagePlugin
Importing PpmImagePlugin
Importing PsdImagePlugin
Importing QoiImagePlugin
Importing SgiImagePlugin
Importing SpiderImagePlugin
Importing SunImagePlugin
Importing TgaImagePlugin
Importing TiffImagePlugin
Importing WebPImagePlugin
Importing WmfImagePlugin
Importing XbmImagePlugin
Importing XpmImagePlugin
Importing XVThumbImagePlugin
STREAM b'IHDR' 118 13
STREAM b'IDAT' 143 5333
C:\Users\Davide\AppData\Local\I3Lab - Politecnico di Milano\Server SmartPlug\options.json
Discovery started...
Using proactor: IocpProactor
Listening on 127.0.0.1:7071
[DISCOVERY] 255.255.255.255 >> {'system': {'get_sysinfo': {}}}
Waiting 5 seconds for responses...
Using proactor: IocpProactor
Using SmartDevice for SMART.TAPOPLUG
Finding protocol for 192.168.100.112
Finding protocol for DeviceFamily.SmartTapoPlug
Finding transport for SMART.AES
Created AES transport for 192.168.100.112
[DISCOVERY] 192.168.100.112 << {'error_code': 0,
 'result': {'device_id': 'REDACTED_c913ec3cd97a6bec2fbb1ee',
            'device_model': 'P100',
            'device_type': 'SMART.TAPOPLUG',
            'factory_default': False,
            'ip': '192.168.100.112',
            'is_support_iot_cloud': True,
            'mac': '74-DA-88-00-00-00',
            'mgt_encrypt_schm': {'encrypt_type': 'AES',
                                 'http_port': 80,
                                 'is_support_https': False,
                                 'lv': 2},
            'owner': 'REDACTED_19347acd812465188388075'}}
Initializing 192.168.100.112 of type <class 'kasa.smart.smartdevice.SmartDevice'>
Discovery finished! Found: 1 device(s)
Discovered 1 devices
Using proactor: IocpProactor
[DISCOVERY] 192.168.100.112 >> {'system': {'get_sysinfo': {}}}
Waiting a total of 5 seconds for responses...
Using SmartDevice for SMART.TAPOPLUG
Finding protocol for 192.168.100.112
Finding protocol for DeviceFamily.SmartTapoPlug
Finding transport for SMART.AES
Created AES transport for 192.168.100.112
[DISCOVERY] 192.168.100.112 << {'error_code': 0,
 'result': {'device_id': 'REDACTED_c913ec3cd97a6bec2fbb1ee',
            'device_model': 'P100',
            'device_type': 'SMART.TAPOPLUG',
            'factory_default': False,
            'ip': '192.168.100.112',
            'is_support_iot_cloud': True,
            'mac': '74-DA-88-00-00-00',
            'mgt_encrypt_schm': {'encrypt_type': 'AES',
                                 'http_port': 80,
                                 'is_support_https': False,
                                 'lv': 2},
            'owner': 'REDACTED_19347acd812465188388075'}}
Initializing 192.168.100.112 of type <class 'kasa.smart.smartdevice.SmartDevice'>
192.168.100.112 multi-request-batch-1-of-1 >> '{"method":"multipleRequest","request_time_milis":1744615952135,"terminal_uuid":"OXJVWgJ/zFa9q/0ZkT3VPQ==","params":{"requests":[{"method":"component_nego"},{"method":"get_device_info"},{"method":"get_connect_cloud_state"}]}}'
Will perform handshaking...
Posting to http://192.168.100.112/app
Generating keypair
Handshake request: {'method': 'handshake', 'params': {'key': '-----BEGIN PUBLIC KEY-----\nMIGfMA0GCSqGSIb3DQEBAQUAA4GNADCBiQKBgQDx0MGe1PvGZ9hA5faFcjlr3+XavY7/hOKEMLsruVI0YYGwU8KPfsz+2bCNAe9B5+8G18impHYgLO4Irsj5Iqwest/QWr4T9h1/Gefot9oYpC9qU5fNRROwsPkiMxaUe71zwFPDjv7hQ3gf8quaWgoIbbfeSLv/E9eeFZ6yjaVFEQIDAQAB\n-----END PUBLIC KEY-----\n'}}
Device responded with: {'error_code': 0, 'result': {'key': 'HTcmB5gDBM6BZkNNMNiQ5/UtaxpW1Pp/exfc+jlir7xLwrf2/HLnRj2kAPZIm9G34TSuiABQZ1DdByK/G0gSHRw9LkQo+T5aWFiKF9SHca/Du2KO8deO9etEi52ZVFjFYNC/zGRZrrJmuZBCb8dZJ7j55hLTJIYPGOQm+KRervE='}}
Handshake with 192.168.100.112 complete
Posting to http://192.168.100.112/app
192.168.100.112: logged in with provided credentials
Posting to http://192.168.100.112/app?token=1E37183A78EA7BEC4B8C428FD2BFD6BE
Device 192.168.100.112 received an os error, enabling sequential request delay: Server disconnected
Device 192.168.100.112 got a connection error, will retry 3 times: ('Device connection error: 192.168.100.112: Server disconnected', ServerDisconnectedError('Server disconnected'))
192.168.100.112 multi-request-batch-1-of-1 >> '{"method":"multipleRequest","request_time_milis":1744615952265,"terminal_uuid":"OXJVWgJ/zFa9q/0ZkT3VPQ==","params":{"requests":[{"method":"component_nego"},{"method":"get_device_info"},{"method":"get_connect_cloud_state"}]}}'
Device 192.168.100.112 waiting 0.25 seconds to send request
Posting to http://192.168.100.112/app?token=1E37183A78EA7BEC4B8C428FD2BFD6BE
192.168.100.112 multi-request-batch-1-of-1 << {'error_code': 0,
 'result': {'responses': [{'error_code': 0,
                           'method': 'component_nego',
                           'result': {'component_list': [{'id': 'device',
                                                          'ver_code': 2},
                                                         {'id': 'firmware',
                                                          'ver_code': 1},
                                                         {'id': 'quick_setup',
                                                          'ver_code': 3},
                                                         {'id': 'time',
                                                          'ver_code': 1},
                                                         {'id': 'wireless',
                                                          'ver_code': 1},
                                                         {'id': 'schedule',
                                                          'ver_code': 2},
                                                         {'id': 'countdown',
                                                          'ver_code': 2},
                                                         {'id': 'antitheft',
                                                          'ver_code': 1},
                                                         {'id': 'account',
                                                          'ver_code': 1},
                                                         {'id': 'synchronize',
                                                          'ver_code': 1},
                                                         {'id': 'sunrise_sunset',
                                                          'ver_code': 1},
                                                         {'id': 'led',
                                                          'ver_code': 1},
                                                         {'id': 'cloud_connect',
                                                          'ver_code': 1},
                                                         {'id': 'iot_cloud',
                                                          'ver_code': 1},
                                                         {'id': 'default_states',
                                                          'ver_code': 1}]}},
                          {'error_code': 0,
                           'method': 'get_device_info',
                           'result': {'avatar': 'plug',
                                      'default_states': {'state': {},
                                                         'type': 'last_states'},
                                      'device_id': 'REDACTED_DB80F24B353338FA05BB18C1C486215',
                                      'device_on': False,
                                      'fw_id': 'REDACTED_A25ABDE41405B20C6F98816',
                                      'fw_ver': '1.3.7 Build 20230711 Rel. '
                                                '61904',
                                      'has_set_location_info': True,
                                      'hw_id': 'REDACTED_5B29645B8150C392284029D',
                                      'hw_ver': '1.0.0',
                                      'ip': '192.168.100.112',
                                      'lang': '',
                                      'latitude': 0,
                                      'location': '',
                                      'longitude': 0,
                                      'mac': '74-DA-88-00-00-00',
                                      'model': 'P100',
                                      'nickname': 'I01BU0tFRF9OQU1FIw==',
                                      'oem_id': 'REDACTED_06C60A9AEEA36A3347B6EBC',
                                      'on_time': 0,
                                      'overheated': False,
                                      'region': 'Europe/Rome',
                                      'rssi': -55,
                                      'signal_level': 2,
                                      'specs': 'EU',
                                      'ssid': 'I01BU0tFRF9TU0lEIw==',
                                      'time_diff': 60,
                                      'type': 'SMART.TAPOPLUG'}},
                          {'error_code': 0,
                           'method': 'get_connect_cloud_state',
                           'result': {'status': 0}}]}}
Device 192.168.100.112, found required cloud_connect, adding Cloud to modules.
Device 192.168.100.112, found required device, adding DeviceModule to modules.
Device 192.168.100.112, found required firmware, adding Firmware to modules.
Device 192.168.100.112, found required led, adding Led to modules.
Device 192.168.100.112, found required None, adding OverheatProtection to modules.
Device 192.168.100.112, found required time, adding Time to modules.
Querying 192.168.100.112 for modules: Time, Led
192.168.100.112 multi-request-batch-1-of-1 >> '{"method":"multipleRequest","request_time_milis":1744615952614,"terminal_uuid":"OXJVWgJ/zFa9q/0ZkT3VPQ==","params":{"requests":[{"method":"get_device_time"},{"method":"get_led_info"}]}}'
Device 192.168.100.112 waiting 0.25 seconds to send request
Posting to http://192.168.100.112/app?token=1E37183A78EA7BEC4B8C428FD2BFD6BE
192.168.100.112 multi-request-batch-1-of-1 << {'error_code': 0,
 'result': {'responses': [{'error_code': 0,
                           'method': 'get_device_time',
                           'result': {'region': 'Europe/Rome',
                                      'time_diff': 60,
                                      'timestamp': 1744615946}},
                          {'error_code': 0,
                           'method': 'get_led_info',
                           'result': {'led_rule': 'always',
                                      'led_status': False,
                                      'night_mode': {'end_time': 0,
                                                     'night_mode_type': 'unknown',
                                                     'start_time': 0,
                                                     'sunrise_offset': 0,
                                                     'sunset_offset': 0}}}]}}
Update completed 192.168.100.112: ['component_nego', 'get_device_info', 'get_connect_cloud_state', 'get_device_time', 'get_led_info']
Switching status from 
False
Using proactor: IocpProactor
[DISCOVERY] 192.168.100.112 >> {'system': {'get_sysinfo': {}}}
Waiting a total of 5 seconds for responses...
Using SmartDevice for SMART.TAPOPLUG
Finding protocol for 192.168.100.112
Finding protocol for DeviceFamily.SmartTapoPlug
Finding transport for SMART.AES
Created AES transport for 192.168.100.112
[DISCOVERY] 192.168.100.112 << {'error_code': 0,
 'result': {'device_id': 'REDACTED_c913ec3cd97a6bec2fbb1ee',
            'device_model': 'P100',
            'device_type': 'SMART.TAPOPLUG',
            'factory_default': False,
            'ip': '192.168.100.112',
            'is_support_iot_cloud': True,
            'mac': '74-DA-88-00-00-00',
            'mgt_encrypt_schm': {'encrypt_type': 'AES',
                                 'http_port': 80,
                                 'is_support_https': False,
                                 'lv': 2},
            'owner': 'REDACTED_19347acd812465188388075'}}
Initializing 192.168.100.112 of type <class 'kasa.smart.smartdevice.SmartDevice'>
192.168.100.112 >> '{"method":"set_device_info","request_time_milis":1744616050434,"terminal_uuid":"iyKCLBshzFNocOdaMc3xng==","params":{"device_on":true}}'
Will perform handshaking...
Posting to http://192.168.100.112/app
Generating keypair
Handshake request: {'method': 'handshake', 'params': {'key': '-----BEGIN PUBLIC KEY-----\nMIGfMA0GCSqGSIb3DQEBAQUAA4GNADCBiQKBgQC8yb3ZjoT+TFonYuG0gnlsKnVKtEWpfZBHEA38StZblXCPUx+8pTd8sjCwKtU2HAgHd+ml9B/0IT++ls67TWzGOpcb3NGv0Y82DacmbDQXFsdctIYyksbm1NFIPtOMMWs5NOtfdsupLbYpj8eI8O9Dgq3aPDD5V/Hwxv6yYBkxCwIDAQAB\n-----END PUBLIC KEY-----\n'}}
Device responded with: {'error_code': 0, 'result': {'key': 'Iibe1/g7aWINYZiAsAQHeKvK4Vf9LF/9l6hjveNeO8SEyEtbDrOndxvbe0QHbpmg3uKYdj6GVTHDxXm/1sIpqpiWPAQqP/xcn480PMMpx65QSpFadh2cdZXqr7/tltlC2l7EQrnZ1u2CaaTVe+NivAqgJox/GiD5p/POJzgqnD8='}}
Handshake with 192.168.100.112 complete
Posting to http://192.168.100.112/app
192.168.100.112: logged in with provided credentials
Posting to http://192.168.100.112/app?token=37648068FDA82EAE18CE79CD62FDD2FC
Device 192.168.100.112 received an os error, enabling sequential request delay: Server disconnected
Device 192.168.100.112 got a connection error, will retry 3 times: ('Device connection error: 192.168.100.112: Server disconnected', ServerDisconnectedError('Server disconnected'))
192.168.100.112 >> '{"method":"set_device_info","request_time_milis":1744616050553,"terminal_uuid":"iyKCLBshzFNocOdaMc3xng==","params":{"device_on":true}}'
Device 192.168.100.112 waiting 0.25 seconds to send request
Posting to http://192.168.100.112/app?token=37648068FDA82EAE18CE79CD62FDD2FC
192.168.100.112 << {'error_code': 0}
192.168.100.112 multi-request-batch-1-of-1 >> '{"method":"multipleRequest","request_time_milis":1744616050910,"terminal_uuid":"iyKCLBshzFNocOdaMc3xng==","params":{"requests":[{"method":"component_nego"},{"method":"get_device_info"},{"method":"get_connect_cloud_state"}]}}'
Device 192.168.100.112 waiting 0.25 seconds to send request
Posting to http://192.168.100.112/app?token=37648068FDA82EAE18CE79CD62FDD2FC
192.168.100.112 multi-request-batch-1-of-1 << {'error_code': 0,
 'result': {'responses': [{'error_code': 0,
                           'method': 'component_nego',
                           'result': {'component_list': [{'id': 'device',
                                                          'ver_code': 2},
                                                         {'id': 'firmware',
                                                          'ver_code': 1},
                                                         {'id': 'quick_setup',
                                                          'ver_code': 3},
                                                         {'id': 'time',
                                                          'ver_code': 1},
                                                         {'id': 'wireless',
                                                          'ver_code': 1},
                                                         {'id': 'schedule',
                                                          'ver_code': 2},
                                                         {'id': 'countdown',
                                                          'ver_code': 2},
                                                         {'id': 'antitheft',
                                                          'ver_code': 1},
                                                         {'id': 'account',
                                                          'ver_code': 1},
                                                         {'id': 'synchronize',
                                                          'ver_code': 1},
                                                         {'id': 'sunrise_sunset',
                                                          'ver_code': 1},
                                                         {'id': 'led',
                                                          'ver_code': 1},
                                                         {'id': 'cloud_connect',
                                                          'ver_code': 1},
                                                         {'id': 'iot_cloud',
                                                          'ver_code': 1},
                                                         {'id': 'default_states',
                                                          'ver_code': 1}]}},
                          {'error_code': 0,
                           'method': 'get_device_info',
                           'result': {'avatar': 'plug',
                                      'default_states': {'state': {},
                                                         'type': 'last_states'},
                                      'device_id': 'REDACTED_DB80F24B353338FA05BB18C1C486215',
                                      'device_on': True,
                                      'fw_id': 'REDACTED_A25ABDE41405B20C6F98816',
                                      'fw_ver': '1.3.7 Build 20230711 Rel. '
                                                '61904',
                                      'has_set_location_info': True,
                                      'hw_id': 'REDACTED_5B29645B8150C392284029D',
                                      'hw_ver': '1.0.0',
                                      'ip': '192.168.100.112',
                                      'lang': 'it_IT',
                                      'latitude': 0,
                                      'location': '',
                                      'longitude': 0,
                                      'mac': '74-DA-88-00-00-00',
                                      'model': 'P100',
                                      'nickname': 'I01BU0tFRF9OQU1FIw==',
                                      'oem_id': 'REDACTED_06C60A9AEEA36A3347B6EBC',
                                      'on_time': 0,
                                      'overheated': False,
                                      'region': 'Europe/Rome',
                                      'rssi': -54,
                                      'signal_level': 2,
                                      'specs': 'EU',
                                      'ssid': 'I01BU0tFRF9TU0lEIw==',
                                      'time_diff': 60,
                                      'type': 'SMART.TAPOPLUG'}},
                          {'error_code': 0,
                           'method': 'get_connect_cloud_state',
                           'result': {'status': 0}}]}}
Device 192.168.100.112, found required cloud_connect, adding Cloud to modules.
Device 192.168.100.112, found required device, adding DeviceModule to modules.
Device 192.168.100.112, found required firmware, adding Firmware to modules.
Device 192.168.100.112, found required led, adding Led to modules.
Device 192.168.100.112, found required None, adding OverheatProtection to modules.
Device 192.168.100.112, found required time, adding Time to modules.
Querying 192.168.100.112 for modules: Time, Led
192.168.100.112 multi-request-batch-1-of-1 >> '{"method":"multipleRequest","request_time_milis":1744616051254,"terminal_uuid":"iyKCLBshzFNocOdaMc3xng==","params":{"requests":[{"method":"get_device_time"},{"method":"get_led_info"}]}}'
Device 192.168.100.112 waiting 0.25 seconds to send request
Posting to http://192.168.100.112/app?token=37648068FDA82EAE18CE79CD62FDD2FC
192.168.100.112 multi-request-batch-1-of-1 << {'error_code': 0,
 'result': {'responses': [{'error_code': 0,
                           'method': 'get_device_time',
                           'result': {'region': 'Europe/Rome',
                                      'time_diff': 60,
                                      'timestamp': 1744616044}},
                          {'error_code': 0,
                           'method': 'get_led_info',
                           'result': {'led_rule': 'always',
                                      'led_status': True,
                                      'night_mode': {'end_time': 0,
                                                     'night_mode_type': 'unknown',
                                                     'start_time': 0,
                                                     'sunrise_offset': 0,
                                                     'sunset_offset': 0}}}]}}
Update completed 192.168.100.112: ['component_nego', 'get_device_info', 'get_connect_cloud_state', 'get_device_time', 'get_led_info']
True
device is: 
False
Using proactor: IocpProactor
[DISCOVERY] 192.168.100.112 >> {'system': {'get_sysinfo': {}}}
Waiting a total of 5 seconds for responses...
Using SmartDevice for SMART.TAPOPLUG
Finding protocol for 192.168.100.112
Finding protocol for DeviceFamily.SmartTapoPlug
Finding transport for SMART.AES
Created AES transport for 192.168.100.112
[DISCOVERY] 192.168.100.112 << {'error_code': 0,
 'result': {'device_id': 'REDACTED_c913ec3cd97a6bec2fbb1ee',
            'device_model': 'P100',
            'device_type': 'SMART.TAPOPLUG',
            'factory_default': False,
            'ip': '192.168.100.112',
            'is_support_iot_cloud': True,
            'mac': '74-DA-88-00-00-00',
            'mgt_encrypt_schm': {'encrypt_type': 'AES',
                                 'http_port': 80,
                                 'is_support_https': False,
                                 'lv': 2},
            'owner': 'REDACTED_19347acd812465188388075'}}
Initializing 192.168.100.112 of type <class 'kasa.smart.smartdevice.SmartDevice'>
sttao in updated buttons è:
False
Unclosed client session
client_session: <aiohttp.client.ClientSession object at 0x0000023E7D12A4E0>
Exception in default exception handler
Traceback (most recent call last):
  File "C:\Users\Davide\AppData\Local\Programs\Python\Python312\Lib\asyncio\base_events.py", line 1847, in call_exception_handler
    self.default_exception_handler(context)
  File "C:\Users\Davide\AppData\Local\Programs\Python\Python312\Lib\asyncio\base_events.py", line 1821, in default_exception_handler
    logger.error('\n'.join(log_lines), exc_info=exc_info)
  File "C:\Users\Davide\AppData\Local\Programs\Python\Python312\Lib\logging\__init__.py", line 1568, in error
    self._log(ERROR, msg, args, **kwargs)
  File "C:\Users\Davide\AppData\Local\Programs\Python\Python312\Lib\logging\__init__.py", line 1684, in _log
    self.handle(record)
  File "C:\Users\Davide\AppData\Local\Programs\Python\Python312\Lib\logging\__init__.py", line 1700, in handle
    self.callHandlers(record)
  File "C:\Users\Davide\AppData\Local\Programs\Python\Python312\Lib\logging\__init__.py", line 1762, in callHandlers
    hdlr.handle(record)
  File "C:\Users\Davide\Desktop\ServerSmartPlug\log_manager.py", line 16, in handle
    listener(record)
  File "C:\Users\Davide\Desktop\ServerSmartPlug\gui\windows.py", line 25, in _add_console_line
    self.console_text.configure(state='normal')
  File "C:\Users\Davide\AppData\Local\Programs\Python\Python312\Lib\tkinter\__init__.py", line 1722, in configure
    return self._configure('configure', cnf, kw)
           ^^^^^^^^^^^^^^^^^^^^^^^^^^^^^^^^^^^^^
  File "C:\Users\Davide\AppData\Local\Programs\Python\Python312\Lib\tkinter\__init__.py", line 1712, in _configure
    self.tk.call(_flatten((self._w, cmd)) + self._options(cnf))
_tkinter.TclError: invalid command name ".!frame4.!frame.!text"
Unclosed connector
connections: ['deque([(<aiohttp.client_proto.ResponseHandler object at 0x0000023E7D147CB0>, 404154.406)])']
connector: <aiohttp.connector.TCPConnector object at 0x0000023E7D1299A0>
Exception in default exception handler
Traceback (most recent call last):
  File "C:\Users\Davide\AppData\Local\Programs\Python\Python312\Lib\asyncio\base_events.py", line 1847, in call_exception_handler
    self.default_exception_handler(context)
  File "C:\Users\Davide\AppData\Local\Programs\Python\Python312\Lib\asyncio\base_events.py", line 1821, in default_exception_handler
    logger.error('\n'.join(log_lines), exc_info=exc_info)
  File "C:\Users\Davide\AppData\Local\Programs\Python\Python312\Lib\logging\__init__.py", line 1568, in error
    self._log(ERROR, msg, args, **kwargs)
  File "C:\Users\Davide\AppData\Local\Programs\Python\Python312\Lib\logging\__init__.py", line 1684, in _log
    self.handle(record)
  File "C:\Users\Davide\AppData\Local\Programs\Python\Python312\Lib\logging\__init__.py", line 1700, in handle
    self.callHandlers(record)
  File "C:\Users\Davide\AppData\Local\Programs\Python\Python312\Lib\logging\__init__.py", line 1762, in callHandlers
    hdlr.handle(record)
  File "C:\Users\Davide\Desktop\ServerSmartPlug\log_manager.py", line 16, in handle
    listener(record)
  File "C:\Users\Davide\Desktop\ServerSmartPlug\gui\windows.py", line 25, in _add_console_line
    self.console_text.configure(state='normal')
  File "C:\Users\Davide\AppData\Local\Programs\Python\Python312\Lib\tkinter\__init__.py", line 1722, in configure
    return self._configure('configure', cnf, kw)
           ^^^^^^^^^^^^^^^^^^^^^^^^^^^^^^^^^^^^^
  File "C:\Users\Davide\AppData\Local\Programs\Python\Python312\Lib\tkinter\__init__.py", line 1712, in _configure
    self.tk.call(_flatten((self._w, cmd)) + self._options(cnf))
_tkinter.TclError: invalid command name ".!frame4.!frame.!text"
C:\Users\Davide\AppData\Local\I3Lab - Politecnico di Milano\Server SmartPlug\options.json
Discovery started...
Using proactor: IocpProactor
Listening on 127.0.0.1:7071
[DISCOVERY] 255.255.255.255 >> {'system': {'get_sysinfo': {}}}
Waiting 5 seconds for responses...
Using proactor: IocpProactor
Using SmartDevice for SMART.TAPOPLUG
Finding protocol for 192.168.100.112
Finding protocol for DeviceFamily.SmartTapoPlug
Finding transport for SMART.AES
Created AES transport for 192.168.100.112
[DISCOVERY] 192.168.100.112 << {'error_code': 0,
 'result': {'device_id': 'REDACTED_c913ec3cd97a6bec2fbb1ee',
            'device_model': 'P100',
            'device_type': 'SMART.TAPOPLUG',
            'factory_default': False,
            'ip': '192.168.100.112',
            'is_support_iot_cloud': True,
            'mac': '74-DA-88-00-00-00',
            'mgt_encrypt_schm': {'encrypt_type': 'AES',
                                 'http_port': 80,
                                 'is_support_https': False,
                                 'lv': 2},
            'owner': 'REDACTED_19347acd812465188388075'}}
Initializing 192.168.100.112 of type <class 'kasa.smart.smartdevice.SmartDevice'>
Discovery finished! Found: 1 device(s)
Discovered 1 devices
Using proactor: IocpProactor
[DISCOVERY] 192.168.100.112 >> {'system': {'get_sysinfo': {}}}
Waiting a total of 5 seconds for responses...
Using SmartDevice for SMART.TAPOPLUG
Finding protocol for 192.168.100.112
Finding protocol for DeviceFamily.SmartTapoPlug
Finding transport for SMART.AES
Created AES transport for 192.168.100.112
[DISCOVERY] 192.168.100.112 << {'error_code': 0,
 'result': {'device_id': 'REDACTED_c913ec3cd97a6bec2fbb1ee',
            'device_model': 'P100',
            'device_type': 'SMART.TAPOPLUG',
            'factory_default': False,
            'ip': '192.168.100.112',
            'is_support_iot_cloud': True,
            'mac': '74-DA-88-00-00-00',
            'mgt_encrypt_schm': {'encrypt_type': 'AES',
                                 'http_port': 80,
                                 'is_support_https': False,
                                 'lv': 2},
            'owner': 'REDACTED_19347acd812465188388075'}}
Initializing 192.168.100.112 of type <class 'kasa.smart.smartdevice.SmartDevice'>
192.168.100.112 multi-request-batch-1-of-1 >> '{"method":"multipleRequest","request_time_milis":1744616135366,"terminal_uuid":"hNTWj3pYVCs5A5vlDVjohg==","params":{"requests":[{"method":"component_nego"},{"method":"get_device_info"},{"method":"get_connect_cloud_state"}]}}'
Will perform handshaking...
Posting to http://192.168.100.112/app
Generating keypair
Handshake request: {'method': 'handshake', 'params': {'key': '-----BEGIN PUBLIC KEY-----\nMIGfMA0GCSqGSIb3DQEBAQUAA4GNADCBiQKBgQC1+YkJEFIW21fkF02x1rr3lhFHlqT9LsQLhWc7ipnuHnuUO2kYEP2PV9H0NBW4n+anyZJ6wxE15yKYSdva6prEmVfG7jK2c3xWuQNRcM65waRKnBO6pC79VYJpi6DsUdd0w0obtBXi/I4/H4kFsYmknpDs7WynKz0BT+C2JQtpxQIDAQAB\n-----END PUBLIC KEY-----\n'}}
Device responded with: {'error_code': 0, 'result': {'key': 'Ogdqla1C1g/fMZ5eE0Y08QKeGBmWKbZdqDIeyCSwMxA4L0By2a8xNAqdvqXTHbPiezNw36xYfJzuHa9Ob9l55d2b2N1VuILWNrHmIsQyW1Wv2o60VeBpT2d1FKfkNQI8aLCwV7wQzY/fX21GmI2fEaOXaHM1o+Y9WSj5663NYaY='}}
Handshake with 192.168.100.112 complete
Posting to http://192.168.100.112/app
192.168.100.112: logged in with provided credentials
Posting to http://192.168.100.112/app?token=B80AD40D1F7DA17E4C4E934F6D5F8A5F
Device 192.168.100.112 received an os error, enabling sequential request delay: Server disconnected
Device 192.168.100.112 got a connection error, will retry 3 times: ('Device connection error: 192.168.100.112: Server disconnected', ServerDisconnectedError('Server disconnected'))
192.168.100.112 multi-request-batch-1-of-1 >> '{"method":"multipleRequest","request_time_milis":1744616135489,"terminal_uuid":"hNTWj3pYVCs5A5vlDVjohg==","params":{"requests":[{"method":"component_nego"},{"method":"get_device_info"},{"method":"get_connect_cloud_state"}]}}'
Device 192.168.100.112 waiting 0.25 seconds to send request
Posting to http://192.168.100.112/app?token=B80AD40D1F7DA17E4C4E934F6D5F8A5F
192.168.100.112 multi-request-batch-1-of-1 << {'error_code': 0,
 'result': {'responses': [{'error_code': 0,
                           'method': 'component_nego',
                           'result': {'component_list': [{'id': 'device',
                                                          'ver_code': 2},
                                                         {'id': 'firmware',
                                                          'ver_code': 1},
                                                         {'id': 'quick_setup',
                                                          'ver_code': 3},
                                                         {'id': 'time',
                                                          'ver_code': 1},
                                                         {'id': 'wireless',
                                                          'ver_code': 1},
                                                         {'id': 'schedule',
                                                          'ver_code': 2},
                                                         {'id': 'countdown',
                                                          'ver_code': 2},
                                                         {'id': 'antitheft',
                                                          'ver_code': 1},
                                                         {'id': 'account',
                                                          'ver_code': 1},
                                                         {'id': 'synchronize',
                                                          'ver_code': 1},
                                                         {'id': 'sunrise_sunset',
                                                          'ver_code': 1},
                                                         {'id': 'led',
                                                          'ver_code': 1},
                                                         {'id': 'cloud_connect',
                                                          'ver_code': 1},
                                                         {'id': 'iot_cloud',
                                                          'ver_code': 1},
                                                         {'id': 'default_states',
                                                          'ver_code': 1}]}},
                          {'error_code': 0,
                           'method': 'get_device_info',
                           'result': {'avatar': 'plug',
                                      'default_states': {'state': {},
                                                         'type': 'last_states'},
                                      'device_id': 'REDACTED_DB80F24B353338FA05BB18C1C486215',
                                      'device_on': True,
                                      'fw_id': 'REDACTED_A25ABDE41405B20C6F98816',
                                      'fw_ver': '1.3.7 Build 20230711 Rel. '
                                                '61904',
                                      'has_set_location_info': True,
                                      'hw_id': 'REDACTED_5B29645B8150C392284029D',
                                      'hw_ver': '1.0.0',
                                      'ip': '192.168.100.112',
                                      'lang': 'it_IT',
                                      'latitude': 0,
                                      'location': '',
                                      'longitude': 0,
                                      'mac': '74-DA-88-00-00-00',
                                      'model': 'P100',
                                      'nickname': 'I01BU0tFRF9OQU1FIw==',
                                      'oem_id': 'REDACTED_06C60A9AEEA36A3347B6EBC',
                                      'on_time': 84,
                                      'overheated': False,
                                      'region': 'Europe/Rome',
                                      'rssi': -54,
                                      'signal_level': 2,
                                      'specs': 'EU',
                                      'ssid': 'I01BU0tFRF9TU0lEIw==',
                                      'time_diff': 60,
                                      'type': 'SMART.TAPOPLUG'}},
                          {'error_code': 0,
                           'method': 'get_connect_cloud_state',
                           'result': {'status': 0}}]}}
Device 192.168.100.112, found required cloud_connect, adding Cloud to modules.
Device 192.168.100.112, found required device, adding DeviceModule to modules.
Device 192.168.100.112, found required firmware, adding Firmware to modules.
Device 192.168.100.112, found required led, adding Led to modules.
Device 192.168.100.112, found required None, adding OverheatProtection to modules.
Device 192.168.100.112, found required time, adding Time to modules.
Querying 192.168.100.112 for modules: Time, Led
192.168.100.112 multi-request-batch-1-of-1 >> '{"method":"multipleRequest","request_time_milis":1744616135833,"terminal_uuid":"hNTWj3pYVCs5A5vlDVjohg==","params":{"requests":[{"method":"get_device_time"},{"method":"get_led_info"}]}}'
Device 192.168.100.112 waiting 0.25 seconds to send request
Posting to http://192.168.100.112/app?token=B80AD40D1F7DA17E4C4E934F6D5F8A5F
192.168.100.112 multi-request-batch-1-of-1 << {'error_code': 0,
 'result': {'responses': [{'error_code': 0,
                           'method': 'get_device_time',
                           'result': {'region': 'Europe/Rome',
                                      'time_diff': 60,
                                      'timestamp': 1744616129}},
                          {'error_code': 0,
                           'method': 'get_led_info',
                           'result': {'led_rule': 'always',
                                      'led_status': True,
                                      'night_mode': {'end_time': 0,
                                                     'night_mode_type': 'unknown',
                                                     'start_time': 0,
                                                     'sunrise_offset': 0,
                                                     'sunset_offset': 0}}}]}}
Update completed 192.168.100.112: ['component_nego', 'get_device_info', 'get_connect_cloud_state', 'get_device_time', 'get_led_info']
C:\Users\Davide\AppData\Local\I3Lab - Politecnico di Milano\Server SmartPlug\options.json
Discovery started...
Using proactor: IocpProactor
Listening on 127.0.0.1:7071
[DISCOVERY] 255.255.255.255 >> {'system': {'get_sysinfo': {}}}
Waiting 5 seconds for responses...
Using proactor: IocpProactor
Using SmartDevice for SMART.TAPOPLUG
Finding protocol for 192.168.100.112
Finding protocol for DeviceFamily.SmartTapoPlug
Finding transport for SMART.AES
Created AES transport for 192.168.100.112
[DISCOVERY] 192.168.100.112 << {'error_code': 0,
 'result': {'device_id': 'REDACTED_c913ec3cd97a6bec2fbb1ee',
            'device_model': 'P100',
            'device_type': 'SMART.TAPOPLUG',
            'factory_default': False,
            'ip': '192.168.100.112',
            'is_support_iot_cloud': True,
            'mac': '74-DA-88-00-00-00',
            'mgt_encrypt_schm': {'encrypt_type': 'AES',
                                 'http_port': 80,
                                 'is_support_https': False,
                                 'lv': 2},
            'owner': 'REDACTED_19347acd812465188388075'}}
Initializing 192.168.100.112 of type <class 'kasa.smart.smartdevice.SmartDevice'>
Discovery finished! Found: 1 device(s)
Discovered 1 devices
Using proactor: IocpProactor
[DISCOVERY] 192.168.100.112 >> {'system': {'get_sysinfo': {}}}
Waiting a total of 5 seconds for responses...
Using SmartDevice for SMART.TAPOPLUG
Finding protocol for 192.168.100.112
Finding protocol for DeviceFamily.SmartTapoPlug
Finding transport for SMART.AES
Created AES transport for 192.168.100.112
[DISCOVERY] 192.168.100.112 << {'error_code': 0,
 'result': {'device_id': 'REDACTED_c913ec3cd97a6bec2fbb1ee',
            'device_model': 'P100',
            'device_type': 'SMART.TAPOPLUG',
            'factory_default': False,
            'ip': '192.168.100.112',
            'is_support_iot_cloud': True,
            'mac': '74-DA-88-00-00-00',
            'mgt_encrypt_schm': {'encrypt_type': 'AES',
                                 'http_port': 80,
                                 'is_support_https': False,
                                 'lv': 2},
            'owner': 'REDACTED_19347acd812465188388075'}}
Initializing 192.168.100.112 of type <class 'kasa.smart.smartdevice.SmartDevice'>
192.168.100.112 multi-request-batch-1-of-1 >> '{"method":"multipleRequest","request_time_milis":1744617086653,"terminal_uuid":"vMvNrojqTrrxzcqt4Y4qzg==","params":{"requests":[{"method":"component_nego"},{"method":"get_device_info"},{"method":"get_connect_cloud_state"}]}}'
Will perform handshaking...
Posting to http://192.168.100.112/app
Generating keypair
Handshake request: {'method': 'handshake', 'params': {'key': '-----BEGIN PUBLIC KEY-----\nMIGfMA0GCSqGSIb3DQEBAQUAA4GNADCBiQKBgQDoWU22UqyJuhMqnBGUqbmvtJ/c18n+TiTLd1FaZdKh2Qt5HahhLGmhy+1Aw0E3y6l65Bz3MQPAfs8/MtavX16TrzqApZTwXHOWXraRY66HgSyQalSqPn96IQAL5Q8/RZU8DadkijTFsC2TahMtvCJchlnWx4IwQcx13xmHkXSTUQIDAQAB\n-----END PUBLIC KEY-----\n'}}
Device responded with: {'error_code': 0, 'result': {'key': 'BOrPXHHEnEGsx3wXqss5X1ycxT8Aj6gWeHw9uXRXOG7JoK1P3MAg8xL7NzibmX5ckxItNbT6TUHqN6lX9fldDoMLbarJNI30AwWjOD6qcrByXcjuYIY45xBXyh7Y9+5WzvaX+02AhJmQ2x/3q9FSd6Vrnz0ct1KaES8KWs8Xp/M='}}
Handshake with 192.168.100.112 complete
Posting to http://192.168.100.112/app
192.168.100.112: logged in with provided credentials
Posting to http://192.168.100.112/app?token=2A43D14F668F1B89C8E9FEEA97DA04DB
Device 192.168.100.112 received an os error, enabling sequential request delay: Server disconnected
Device 192.168.100.112 got a connection error, will retry 3 times: ('Device connection error: 192.168.100.112: Server disconnected', ServerDisconnectedError('Server disconnected'))
192.168.100.112 multi-request-batch-1-of-1 >> '{"method":"multipleRequest","request_time_milis":1744617086791,"terminal_uuid":"vMvNrojqTrrxzcqt4Y4qzg==","params":{"requests":[{"method":"component_nego"},{"method":"get_device_info"},{"method":"get_connect_cloud_state"}]}}'
Device 192.168.100.112 waiting 0.25 seconds to send request
Posting to http://192.168.100.112/app?token=2A43D14F668F1B89C8E9FEEA97DA04DB
192.168.100.112 multi-request-batch-1-of-1 << {'error_code': 0,
 'result': {'responses': [{'error_code': 0,
                           'method': 'component_nego',
                           'result': {'component_list': [{'id': 'device',
                                                          'ver_code': 2},
                                                         {'id': 'firmware',
                                                          'ver_code': 1},
                                                         {'id': 'quick_setup',
                                                          'ver_code': 3},
                                                         {'id': 'time',
                                                          'ver_code': 1},
                                                         {'id': 'wireless',
                                                          'ver_code': 1},
                                                         {'id': 'schedule',
                                                          'ver_code': 2},
                                                         {'id': 'countdown',
                                                          'ver_code': 2},
                                                         {'id': 'antitheft',
                                                          'ver_code': 1},
                                                         {'id': 'account',
                                                          'ver_code': 1},
                                                         {'id': 'synchronize',
                                                          'ver_code': 1},
                                                         {'id': 'sunrise_sunset',
                                                          'ver_code': 1},
                                                         {'id': 'led',
                                                          'ver_code': 1},
                                                         {'id': 'cloud_connect',
                                                          'ver_code': 1},
                                                         {'id': 'iot_cloud',
                                                          'ver_code': 1},
                                                         {'id': 'default_states',
                                                          'ver_code': 1}]}},
                          {'error_code': 0,
                           'method': 'get_device_info',
                           'result': {'avatar': 'plug',
                                      'default_states': {'state': {},
                                                         'type': 'last_states'},
                                      'device_id': 'REDACTED_DB80F24B353338FA05BB18C1C486215',
                                      'device_on': True,
                                      'fw_id': 'REDACTED_A25ABDE41405B20C6F98816',
                                      'fw_ver': '1.3.7 Build 20230711 Rel. '
                                                '61904',
                                      'has_set_location_info': True,
                                      'hw_id': 'REDACTED_5B29645B8150C392284029D',
                                      'hw_ver': '1.0.0',
                                      'ip': '192.168.100.112',
                                      'lang': 'it_IT',
                                      'latitude': 0,
                                      'location': '',
                                      'longitude': 0,
                                      'mac': '74-DA-88-00-00-00',
                                      'model': 'P100',
                                      'nickname': 'I01BU0tFRF9OQU1FIw==',
                                      'oem_id': 'REDACTED_06C60A9AEEA36A3347B6EBC',
                                      'on_time': 1036,
                                      'overheated': False,
                                      'region': 'Europe/Rome',
                                      'rssi': -53,
                                      'signal_level': 2,
                                      'specs': 'EU',
                                      'ssid': 'I01BU0tFRF9TU0lEIw==',
                                      'time_diff': 60,
                                      'type': 'SMART.TAPOPLUG'}},
                          {'error_code': 0,
                           'method': 'get_connect_cloud_state',
                           'result': {'status': 0}}]}}
Device 192.168.100.112, found required cloud_connect, adding Cloud to modules.
Device 192.168.100.112, found required device, adding DeviceModule to modules.
Device 192.168.100.112, found required firmware, adding Firmware to modules.
Device 192.168.100.112, found required led, adding Led to modules.
Device 192.168.100.112, found required None, adding OverheatProtection to modules.
Device 192.168.100.112, found required time, adding Time to modules.
Querying 192.168.100.112 for modules: Time, Led
192.168.100.112 multi-request-batch-1-of-1 >> '{"method":"multipleRequest","request_time_milis":1744617087137,"terminal_uuid":"vMvNrojqTrrxzcqt4Y4qzg==","params":{"requests":[{"method":"get_device_time"},{"method":"get_led_info"}]}}'
Device 192.168.100.112 waiting 0.23500000004423782 seconds to send request
Posting to http://192.168.100.112/app?token=2A43D14F668F1B89C8E9FEEA97DA04DB
192.168.100.112 multi-request-batch-1-of-1 << {'error_code': 0,
 'result': {'responses': [{'error_code': 0,
                           'method': 'get_device_time',
                           'result': {'region': 'Europe/Rome',
                                      'time_diff': 60,
                                      'timestamp': 1744617080}},
                          {'error_code': 0,
                           'method': 'get_led_info',
                           'result': {'led_rule': 'always',
                                      'led_status': True,
                                      'night_mode': {'end_time': 0,
                                                     'night_mode_type': 'unknown',
                                                     'start_time': 0,
                                                     'sunrise_offset': 0,
                                                     'sunset_offset': 0}}}]}}
Update completed 192.168.100.112: ['component_nego', 'get_device_info', 'get_connect_cloud_state', 'get_device_time', 'get_led_info']
command is
off
Using proactor: IocpProactor
[DISCOVERY] 192.168.100.112 >> {'system': {'get_sysinfo': {}}}
Waiting a total of 5 seconds for responses...
Using SmartDevice for SMART.TAPOPLUG
Finding protocol for 192.168.100.112
Finding protocol for DeviceFamily.SmartTapoPlug
Finding transport for SMART.AES
Created AES transport for 192.168.100.112
[DISCOVERY] 192.168.100.112 << {'error_code': 0,
 'result': {'device_id': 'REDACTED_c913ec3cd97a6bec2fbb1ee',
            'device_model': 'P100',
            'device_type': 'SMART.TAPOPLUG',
            'factory_default': False,
            'ip': '192.168.100.112',
            'is_support_iot_cloud': True,
            'mac': '74-DA-88-00-00-00',
            'mgt_encrypt_schm': {'encrypt_type': 'AES',
                                 'http_port': 80,
                                 'is_support_https': False,
                                 'lv': 2},
            'owner': 'REDACTED_19347acd812465188388075'}}
Initializing 192.168.100.112 of type <class 'kasa.smart.smartdevice.SmartDevice'>
192.168.100.112 >> '{"method":"set_device_info","request_time_milis":1744617099554,"terminal_uuid":"2y4LybCctzLsvMrTW5brWw==","params":{"device_on":false}}'
Will perform handshaking...
Posting to http://192.168.100.112/app
Generating keypair
Handshake request: {'method': 'handshake', 'params': {'key': '-----BEGIN PUBLIC KEY-----\nMIGfMA0GCSqGSIb3DQEBAQUAA4GNADCBiQKBgQDQ8eZ+fhoeVWNvqBGqi2YuFnJMqU6oe70fjv6ZUGvNiS7dND2SIrjzCl+49em8yCim4CHsZy5/0hIMMLW5oyD0IHfqtyRerOFLC171oQ95y/y8KE1Ye64xk8OZMxzqOQJTCU+TuRdtKxYqsHS5AhwVAZ5gx4vY9Zce8KjZv5iZOQIDAQAB\n-----END PUBLIC KEY-----\n'}}
Device responded with: {'error_code': 0, 'result': {'key': 'tjLzj/KwuA/so7xTdanUjtNrNa9Ag13a2CYI4C3mEZT9UedceT3nUfDBlLNidoyKW4iJgrYXF3GQYjFJZQMQ0Td79xZj1mTp7rJ4D1HuO0xrFTh52RuDrTmuCiAznFDad9Pk2NkdUS2ozjh1nsp21bpVMbBDZtFOzlPU6LPv5Iw='}}
Handshake with 192.168.100.112 complete
Posting to http://192.168.100.112/app
192.168.100.112: logged in with provided credentials
Posting to http://192.168.100.112/app?token=78138A1CA5EC54EB439B339830A808A9
Device 192.168.100.112 received an os error, enabling sequential request delay: Server disconnected
Device 192.168.100.112 got a connection error, will retry 3 times: ('Device connection error: 192.168.100.112: Server disconnected', ServerDisconnectedError('Server disconnected'))
192.168.100.112 >> '{"method":"set_device_info","request_time_milis":1744617099679,"terminal_uuid":"2y4LybCctzLsvMrTW5brWw==","params":{"device_on":false}}'
Device 192.168.100.112 waiting 0.25 seconds to send request
Posting to http://192.168.100.112/app?token=78138A1CA5EC54EB439B339830A808A9
192.168.100.112 << {'error_code': 0}
192.168.100.112 multi-request-batch-1-of-1 >> '{"method":"multipleRequest","request_time_milis":1744617100038,"terminal_uuid":"2y4LybCctzLsvMrTW5brWw==","params":{"requests":[{"method":"component_nego"},{"method":"get_device_info"},{"method":"get_connect_cloud_state"}]}}'
Device 192.168.100.112 waiting 0.25 seconds to send request
Posting to http://192.168.100.112/app?token=78138A1CA5EC54EB439B339830A808A9
192.168.100.112 multi-request-batch-1-of-1 << {'error_code': 0,
 'result': {'responses': [{'error_code': 0,
                           'method': 'component_nego',
                           'result': {'component_list': [{'id': 'device',
                                                          'ver_code': 2},
                                                         {'id': 'firmware',
                                                          'ver_code': 1},
                                                         {'id': 'quick_setup',
                                                          'ver_code': 3},
                                                         {'id': 'time',
                                                          'ver_code': 1},
                                                         {'id': 'wireless',
                                                          'ver_code': 1},
                                                         {'id': 'schedule',
                                                          'ver_code': 2},
                                                         {'id': 'countdown',
                                                          'ver_code': 2},
                                                         {'id': 'antitheft',
                                                          'ver_code': 1},
                                                         {'id': 'account',
                                                          'ver_code': 1},
                                                         {'id': 'synchronize',
                                                          'ver_code': 1},
                                                         {'id': 'sunrise_sunset',
                                                          'ver_code': 1},
                                                         {'id': 'led',
                                                          'ver_code': 1},
                                                         {'id': 'cloud_connect',
                                                          'ver_code': 1},
                                                         {'id': 'iot_cloud',
                                                          'ver_code': 1},
                                                         {'id': 'default_states',
                                                          'ver_code': 1}]}},
                          {'error_code': 0,
                           'method': 'get_device_info',
                           'result': {'avatar': 'plug',
                                      'default_states': {'state': {},
                                                         'type': 'last_states'},
                                      'device_id': 'REDACTED_DB80F24B353338FA05BB18C1C486215',
                                      'device_on': False,
                                      'fw_id': 'REDACTED_A25ABDE41405B20C6F98816',
                                      'fw_ver': '1.3.7 Build 20230711 Rel. '
                                                '61904',
                                      'has_set_location_info': True,
                                      'hw_id': 'REDACTED_5B29645B8150C392284029D',
                                      'hw_ver': '1.0.0',
                                      'ip': '192.168.100.112',
                                      'lang': 'it_IT',
                                      'latitude': 0,
                                      'location': '',
                                      'longitude': 0,
                                      'mac': '74-DA-88-00-00-00',
                                      'model': 'P100',
                                      'nickname': 'I01BU0tFRF9OQU1FIw==',
                                      'oem_id': 'REDACTED_06C60A9AEEA36A3347B6EBC',
                                      'on_time': 0,
                                      'overheated': False,
                                      'region': 'Europe/Rome',
                                      'rssi': -54,
                                      'signal_level': 2,
                                      'specs': 'EU',
                                      'ssid': 'I01BU0tFRF9TU0lEIw==',
                                      'time_diff': 60,
                                      'type': 'SMART.TAPOPLUG'}},
                          {'error_code': 0,
                           'method': 'get_connect_cloud_state',
                           'result': {'status': 0}}]}}
Device 192.168.100.112, found required cloud_connect, adding Cloud to modules.
Device 192.168.100.112, found required device, adding DeviceModule to modules.
Device 192.168.100.112, found required firmware, adding Firmware to modules.
Device 192.168.100.112, found required led, adding Led to modules.
Device 192.168.100.112, found required None, adding OverheatProtection to modules.
Device 192.168.100.112, found required time, adding Time to modules.
Querying 192.168.100.112 for modules: Time, Led
192.168.100.112 multi-request-batch-1-of-1 >> '{"method":"multipleRequest","request_time_milis":1744617100381,"terminal_uuid":"2y4LybCctzLsvMrTW5brWw==","params":{"requests":[{"method":"get_device_time"},{"method":"get_led_info"}]}}'
Device 192.168.100.112 waiting 0.25 seconds to send request
Posting to http://192.168.100.112/app?token=78138A1CA5EC54EB439B339830A808A9
192.168.100.112 multi-request-batch-1-of-1 << {'error_code': 0,
 'result': {'responses': [{'error_code': 0,
                           'method': 'get_device_time',
                           'result': {'region': 'Europe/Rome',
                                      'time_diff': 60,
                                      'timestamp': 1744617093}},
                          {'error_code': 0,
                           'method': 'get_led_info',
                           'result': {'led_rule': 'always',
                                      'led_status': False,
                                      'night_mode': {'end_time': 0,
                                                     'night_mode_type': 'unknown',
                                                     'start_time': 0,
                                                     'sunrise_offset': 0,
                                                     'sunset_offset': 0}}}]}}
Update completed 192.168.100.112: ['component_nego', 'get_device_info', 'get_connect_cloud_state', 'get_device_time', 'get_led_info']
False
Unclosed client session
client_session: <aiohttp.client.ClientSession object at 0x000002038799B230>
Unclosed connector
connections: ['deque([(<aiohttp.client_proto.ResponseHandler object at 0x0000020388B77CB0>, 405288.875)])']
connector: <aiohttp.connector.TCPConnector object at 0x00000203877CB710>
C:\Users\Davide\AppData\Local\I3Lab - Politecnico di Milano\Server SmartPlug\options.json
Discovery started...
Using proactor: IocpProactor
Listening on 127.0.0.1:7071
[DISCOVERY] 255.255.255.255 >> {'system': {'get_sysinfo': {}}}
Waiting 5 seconds for responses...
Using SmartDevice for SMART.TAPOPLUG
Finding protocol for 192.168.100.112
Finding protocol for DeviceFamily.SmartTapoPlug
Finding transport for SMART.AES
Created AES transport for 192.168.100.112
[DISCOVERY] 192.168.100.112 << {'error_code': 0,
 'result': {'device_id': 'REDACTED_c913ec3cd97a6bec2fbb1ee',
            'device_model': 'P100',
            'device_type': 'SMART.TAPOPLUG',
            'factory_default': False,
            'ip': '192.168.100.112',
            'is_support_iot_cloud': True,
            'mac': '74-DA-88-00-00-00',
            'mgt_encrypt_schm': {'encrypt_type': 'AES',
                                 'http_port': 80,
                                 'is_support_https': False,
                                 'lv': 2},
            'owner': 'REDACTED_19347acd812465188388075'}}
Initializing 192.168.100.112 of type <class 'kasa.smart.smartdevice.SmartDevice'>
Using proactor: IocpProactor
Discovery finished! Found: 1 device(s)
Discovered 1 devices
Using proactor: IocpProactor
[DISCOVERY] 192.168.100.112 >> {'system': {'get_sysinfo': {}}}
Waiting a total of 5 seconds for responses...
Using SmartDevice for SMART.TAPOPLUG
Finding protocol for 192.168.100.112
Finding protocol for DeviceFamily.SmartTapoPlug
Finding transport for SMART.AES
Created AES transport for 192.168.100.112
[DISCOVERY] 192.168.100.112 << {'error_code': 0,
 'result': {'device_id': 'REDACTED_c913ec3cd97a6bec2fbb1ee',
            'device_model': 'P100',
            'device_type': 'SMART.TAPOPLUG',
            'factory_default': False,
            'ip': '192.168.100.112',
            'is_support_iot_cloud': True,
            'mac': '74-DA-88-00-00-00',
            'mgt_encrypt_schm': {'encrypt_type': 'AES',
                                 'http_port': 80,
                                 'is_support_https': False,
                                 'lv': 2},
            'owner': 'REDACTED_19347acd812465188388075'}}
Initializing 192.168.100.112 of type <class 'kasa.smart.smartdevice.SmartDevice'>
192.168.100.112 multi-request-batch-1-of-1 >> '{"method":"multipleRequest","request_time_milis":1744617170407,"terminal_uuid":"cr5dm8HE6jmfISXhg1adSA==","params":{"requests":[{"method":"component_nego"},{"method":"get_device_info"},{"method":"get_connect_cloud_state"}]}}'
Will perform handshaking...
Posting to http://192.168.100.112/app
Generating keypair
Handshake request: {'method': 'handshake', 'params': {'key': '-----BEGIN PUBLIC KEY-----\nMIGfMA0GCSqGSIb3DQEBAQUAA4GNADCBiQKBgQC1cxXkiSHa9JBIr0ZDdAnXkRSVR9C9rSQ/oVVAVRY6h+x8YkuLUUIrR6x3pBLemMTWSvQD4Ms0xfuTqoS1+P6sLT0ljHUogoSqVA8y1BD5rZgUXcPKFshQxIaTlbgfdaztRSXu7caC6CKDdfE6fq0qPcLZFoCso8IweCmZw7mKyQIDAQAB\n-----END PUBLIC KEY-----\n'}}
Device responded with: {'error_code': 0, 'result': {'key': 'RQQCt06PAPnf5zn3d1EZE/j33SG0BnkEJwUF32QY8iAwfiFNXk+qTbzcObmgqtCd8mCDq7aq5/WSB47AdaLSZ+zHFKI9dm9CTYEeDCgtYX4Fyu70FzI2vPJqQc68Lt/QNKNwEe5Fu4iSfv8EWJo2rF5CncAS+8quw6H4CZZbhhk='}}
Handshake with 192.168.100.112 complete
Posting to http://192.168.100.112/app
192.168.100.112: logged in with provided credentials
Posting to http://192.168.100.112/app?token=4E25532F838F858AEDDA6ED852F893F9
Device 192.168.100.112 received an os error, enabling sequential request delay: Server disconnected
Device 192.168.100.112 got a connection error, will retry 3 times: ('Device connection error: 192.168.100.112: Server disconnected', ServerDisconnectedError('Server disconnected'))
192.168.100.112 multi-request-batch-1-of-1 >> '{"method":"multipleRequest","request_time_milis":1744617170627,"terminal_uuid":"cr5dm8HE6jmfISXhg1adSA==","params":{"requests":[{"method":"component_nego"},{"method":"get_device_info"},{"method":"get_connect_cloud_state"}]}}'
Device 192.168.100.112 waiting 0.25 seconds to send request
Posting to http://192.168.100.112/app?token=4E25532F838F858AEDDA6ED852F893F9
192.168.100.112 multi-request-batch-1-of-1 << {'error_code': 0,
 'result': {'responses': [{'error_code': 0,
                           'method': 'component_nego',
                           'result': {'component_list': [{'id': 'device',
                                                          'ver_code': 2},
                                                         {'id': 'firmware',
                                                          'ver_code': 1},
                                                         {'id': 'quick_setup',
                                                          'ver_code': 3},
                                                         {'id': 'time',
                                                          'ver_code': 1},
                                                         {'id': 'wireless',
                                                          'ver_code': 1},
                                                         {'id': 'schedule',
                                                          'ver_code': 2},
                                                         {'id': 'countdown',
                                                          'ver_code': 2},
                                                         {'id': 'antitheft',
                                                          'ver_code': 1},
                                                         {'id': 'account',
                                                          'ver_code': 1},
                                                         {'id': 'synchronize',
                                                          'ver_code': 1},
                                                         {'id': 'sunrise_sunset',
                                                          'ver_code': 1},
                                                         {'id': 'led',
                                                          'ver_code': 1},
                                                         {'id': 'cloud_connect',
                                                          'ver_code': 1},
                                                         {'id': 'iot_cloud',
                                                          'ver_code': 1},
                                                         {'id': 'default_states',
                                                          'ver_code': 1}]}},
                          {'error_code': 0,
                           'method': 'get_device_info',
                           'result': {'avatar': 'plug',
                                      'default_states': {'state': {},
                                                         'type': 'last_states'},
                                      'device_id': 'REDACTED_DB80F24B353338FA05BB18C1C486215',
                                      'device_on': False,
                                      'fw_id': 'REDACTED_A25ABDE41405B20C6F98816',
                                      'fw_ver': '1.3.7 Build 20230711 Rel. '
                                                '61904',
                                      'has_set_location_info': True,
                                      'hw_id': 'REDACTED_5B29645B8150C392284029D',
                                      'hw_ver': '1.0.0',
                                      'ip': '192.168.100.112',
                                      'lang': 'it_IT',
                                      'latitude': 0,
                                      'location': '',
                                      'longitude': 0,
                                      'mac': '74-DA-88-00-00-00',
                                      'model': 'P100',
                                      'nickname': 'I01BU0tFRF9OQU1FIw==',
                                      'oem_id': 'REDACTED_06C60A9AEEA36A3347B6EBC',
                                      'on_time': 0,
                                      'overheated': False,
                                      'region': 'Europe/Rome',
                                      'rssi': -55,
                                      'signal_level': 2,
                                      'specs': 'EU',
                                      'ssid': 'I01BU0tFRF9TU0lEIw==',
                                      'time_diff': 60,
                                      'type': 'SMART.TAPOPLUG'}},
                          {'error_code': 0,
                           'method': 'get_connect_cloud_state',
                           'result': {'status': 0}}]}}
Device 192.168.100.112, found required cloud_connect, adding Cloud to modules.
Device 192.168.100.112, found required device, adding DeviceModule to modules.
Device 192.168.100.112, found required firmware, adding Firmware to modules.
Device 192.168.100.112, found required led, adding Led to modules.
Device 192.168.100.112, found required None, adding OverheatProtection to modules.
Device 192.168.100.112, found required time, adding Time to modules.
Querying 192.168.100.112 for modules: Time, Led
192.168.100.112 multi-request-batch-1-of-1 >> '{"method":"multipleRequest","request_time_milis":1744617171081,"terminal_uuid":"cr5dm8HE6jmfISXhg1adSA==","params":{"requests":[{"method":"get_device_time"},{"method":"get_led_info"}]}}'
Device 192.168.100.112 waiting 0.25 seconds to send request
Posting to http://192.168.100.112/app?token=4E25532F838F858AEDDA6ED852F893F9
192.168.100.112 multi-request-batch-1-of-1 << {'error_code': 0,
 'result': {'responses': [{'error_code': 0,
                           'method': 'get_device_time',
                           'result': {'region': 'Europe/Rome',
                                      'time_diff': 60,
                                      'timestamp': 1744617164}},
                          {'error_code': 0,
                           'method': 'get_led_info',
                           'result': {'led_rule': 'always',
                                      'led_status': False,
                                      'night_mode': {'end_time': 0,
                                                     'night_mode_type': 'unknown',
                                                     'start_time': 0,
                                                     'sunrise_offset': 0,
                                                     'sunset_offset': 0}}}]}}
Update completed 192.168.100.112: ['component_nego', 'get_device_info', 'get_connect_cloud_state', 'get_device_time', 'get_led_info']
command is
on
Using proactor: IocpProactor
[DISCOVERY] 192.168.100.112 >> {'system': {'get_sysinfo': {}}}
Waiting a total of 5 seconds for responses...
Using SmartDevice for SMART.TAPOPLUG
Finding protocol for 192.168.100.112
Finding protocol for DeviceFamily.SmartTapoPlug
Finding transport for SMART.AES
Created AES transport for 192.168.100.112
[DISCOVERY] 192.168.100.112 << {'error_code': 0,
 'result': {'device_id': 'REDACTED_c913ec3cd97a6bec2fbb1ee',
            'device_model': 'P100',
            'device_type': 'SMART.TAPOPLUG',
            'factory_default': False,
            'ip': '192.168.100.112',
            'is_support_iot_cloud': True,
            'mac': '74-DA-88-00-00-00',
            'mgt_encrypt_schm': {'encrypt_type': 'AES',
                                 'http_port': 80,
                                 'is_support_https': False,
                                 'lv': 2},
            'owner': 'REDACTED_19347acd812465188388075'}}
Initializing 192.168.100.112 of type <class 'kasa.smart.smartdevice.SmartDevice'>
192.168.100.112 >> '{"method":"set_device_info","request_time_milis":1744617207124,"terminal_uuid":"RCT7vNjCTWyg/dsBC3WIoQ==","params":{"device_on":true}}'
Will perform handshaking...
Posting to http://192.168.100.112/app
Generating keypair
Handshake request: {'method': 'handshake', 'params': {'key': '-----BEGIN PUBLIC KEY-----\nMIGfMA0GCSqGSIb3DQEBAQUAA4GNADCBiQKBgQD1YRq5Mn1VWPuyayxF481AQoFCIvncml8ig2CkprFvCtgNzA3hZUwHHvK5K21jhM5esYelB6WjSo8OsQahsAu/LPOzwMwYBlIGs9izX098Kr1nDPok8PBwAzHR6WAcjuGR6MkwRonEYfM8JeZHUds6goKkygVVYk8oviJo4dxCxQIDAQAB\n-----END PUBLIC KEY-----\n'}}
Device responded with: {'error_code': 0, 'result': {'key': 'TbI3+/mCAAR6Qa6YnhCZJjQiVcHXJI4NAwyVO/qwfN5Kuw1wnHBW0ZUoML8B5+JKALKbKXlo0hSWAevBgt+0On0SQ30d4ASQkdGpV7yuxZEuQuqFj0y+7eSCurnwH0qb5PDUsr7FsoXbgcykIzEHJvWQXBQ+O+BurCmVq0KlXkk='}}
Handshake with 192.168.100.112 complete
Posting to http://192.168.100.112/app
192.168.100.112: logged in with provided credentials
Posting to http://192.168.100.112/app?token=6880A28404C461C632E600E721F738F7
Device 192.168.100.112 received an os error, enabling sequential request delay: Server disconnected
Device 192.168.100.112 got a connection error, will retry 3 times: ('Device connection error: 192.168.100.112: Server disconnected', ServerDisconnectedError('Server disconnected'))
192.168.100.112 >> '{"method":"set_device_info","request_time_milis":1744617207247,"terminal_uuid":"RCT7vNjCTWyg/dsBC3WIoQ==","params":{"device_on":true}}'
Device 192.168.100.112 waiting 0.25 seconds to send request
Posting to http://192.168.100.112/app?token=6880A28404C461C632E600E721F738F7
192.168.100.112 << {'error_code': 0}
192.168.100.112 multi-request-batch-1-of-1 >> '{"method":"multipleRequest","request_time_milis":1744617207610,"terminal_uuid":"RCT7vNjCTWyg/dsBC3WIoQ==","params":{"requests":[{"method":"component_nego"},{"method":"get_device_info"},{"method":"get_connect_cloud_state"}]}}'
Device 192.168.100.112 waiting 0.25 seconds to send request
Posting to http://192.168.100.112/app?token=6880A28404C461C632E600E721F738F7
192.168.100.112 multi-request-batch-1-of-1 << {'error_code': 0,
 'result': {'responses': [{'error_code': 0,
                           'method': 'component_nego',
                           'result': {'component_list': [{'id': 'device',
                                                          'ver_code': 2},
                                                         {'id': 'firmware',
                                                          'ver_code': 1},
                                                         {'id': 'quick_setup',
                                                          'ver_code': 3},
                                                         {'id': 'time',
                                                          'ver_code': 1},
                                                         {'id': 'wireless',
                                                          'ver_code': 1},
                                                         {'id': 'schedule',
                                                          'ver_code': 2},
                                                         {'id': 'countdown',
                                                          'ver_code': 2},
                                                         {'id': 'antitheft',
                                                          'ver_code': 1},
                                                         {'id': 'account',
                                                          'ver_code': 1},
                                                         {'id': 'synchronize',
                                                          'ver_code': 1},
                                                         {'id': 'sunrise_sunset',
                                                          'ver_code': 1},
                                                         {'id': 'led',
                                                          'ver_code': 1},
                                                         {'id': 'cloud_connect',
                                                          'ver_code': 1},
                                                         {'id': 'iot_cloud',
                                                          'ver_code': 1},
                                                         {'id': 'default_states',
                                                          'ver_code': 1}]}},
                          {'error_code': 0,
                           'method': 'get_device_info',
                           'result': {'avatar': 'plug',
                                      'default_states': {'state': {},
                                                         'type': 'last_states'},
                                      'device_id': 'REDACTED_DB80F24B353338FA05BB18C1C486215',
                                      'device_on': True,
                                      'fw_id': 'REDACTED_A25ABDE41405B20C6F98816',
                                      'fw_ver': '1.3.7 Build 20230711 Rel. '
                                                '61904',
                                      'has_set_location_info': True,
                                      'hw_id': 'REDACTED_5B29645B8150C392284029D',
                                      'hw_ver': '1.0.0',
                                      'ip': '192.168.100.112',
                                      'lang': 'it_IT',
                                      'latitude': 0,
                                      'location': '',
                                      'longitude': 0,
                                      'mac': '74-DA-88-00-00-00',
                                      'model': 'P100',
                                      'nickname': 'I01BU0tFRF9OQU1FIw==',
                                      'oem_id': 'REDACTED_06C60A9AEEA36A3347B6EBC',
                                      'on_time': 1,
                                      'overheated': False,
                                      'region': 'Europe/Rome',
                                      'rssi': -55,
                                      'signal_level': 2,
                                      'specs': 'EU',
                                      'ssid': 'I01BU0tFRF9TU0lEIw==',
                                      'time_diff': 60,
                                      'type': 'SMART.TAPOPLUG'}},
                          {'error_code': 0,
                           'method': 'get_connect_cloud_state',
                           'result': {'status': 0}}]}}
Device 192.168.100.112, found required cloud_connect, adding Cloud to modules.
Device 192.168.100.112, found required device, adding DeviceModule to modules.
Device 192.168.100.112, found required firmware, adding Firmware to modules.
Device 192.168.100.112, found required led, adding Led to modules.
Device 192.168.100.112, found required None, adding OverheatProtection to modules.
Device 192.168.100.112, found required time, adding Time to modules.
Querying 192.168.100.112 for modules: Time, Led
192.168.100.112 multi-request-batch-1-of-1 >> '{"method":"multipleRequest","request_time_milis":1744617207946,"terminal_uuid":"RCT7vNjCTWyg/dsBC3WIoQ==","params":{"requests":[{"method":"get_device_time"},{"method":"get_led_info"}]}}'
Device 192.168.100.112 waiting 0.23399999999674037 seconds to send request
Posting to http://192.168.100.112/app?token=6880A28404C461C632E600E721F738F7
192.168.100.112 multi-request-batch-1-of-1 << {'error_code': 0,
 'result': {'responses': [{'error_code': 0,
                           'method': 'get_device_time',
                           'result': {'region': 'Europe/Rome',
                                      'time_diff': 60,
                                      'timestamp': 1744617201}},
                          {'error_code': 0,
                           'method': 'get_led_info',
                           'result': {'led_rule': 'always',
                                      'led_status': True,
                                      'night_mode': {'end_time': 0,
                                                     'night_mode_type': 'unknown',
                                                     'start_time': 0,
                                                     'sunrise_offset': 0,
                                                     'sunset_offset': 0}}}]}}
Update completed 192.168.100.112: ['component_nego', 'get_device_info', 'get_connect_cloud_state', 'get_device_time', 'get_led_info']
True
Unclosed client session
client_session: <aiohttp.client.ClientSession object at 0x0000027166447260>
Unclosed connector
connections: ['deque([(<aiohttp.client_proto.ResponseHandler object at 0x0000027167AABB90>, 405372.843)])']
connector: <aiohttp.connector.TCPConnector object at 0x0000027167A856D0>
C:\Users\Davide\AppData\Local\I3Lab - Politecnico di Milano\Server SmartPlug\options.json
Discovery started...
Using proactor: IocpProactor
Listening on 127.0.0.1:7071
[DISCOVERY] 255.255.255.255 >> {'system': {'get_sysinfo': {}}}
Waiting 5 seconds for responses...
Using proactor: IocpProactor
Using SmartDevice for SMART.TAPOPLUG
Finding protocol for 192.168.100.112
Finding protocol for DeviceFamily.SmartTapoPlug
Finding transport for SMART.AES
Created AES transport for 192.168.100.112
[DISCOVERY] 192.168.100.112 << {'error_code': 0,
 'result': {'device_id': 'REDACTED_c913ec3cd97a6bec2fbb1ee',
            'device_model': 'P100',
            'device_type': 'SMART.TAPOPLUG',
            'factory_default': False,
            'ip': '192.168.100.112',
            'is_support_iot_cloud': True,
            'mac': '74-DA-88-00-00-00',
            'mgt_encrypt_schm': {'encrypt_type': 'AES',
                                 'http_port': 80,
                                 'is_support_https': False,
                                 'lv': 2},
            'owner': 'REDACTED_19347acd812465188388075'}}
Initializing 192.168.100.112 of type <class 'kasa.smart.smartdevice.SmartDevice'>
Discovery finished! Found: 1 device(s)
Discovered 1 devices
Using proactor: IocpProactor
[DISCOVERY] 192.168.100.112 >> {'system': {'get_sysinfo': {}}}
Waiting a total of 5 seconds for responses...
Using SmartDevice for SMART.TAPOPLUG
Finding protocol for 192.168.100.112
Finding protocol for DeviceFamily.SmartTapoPlug
Finding transport for SMART.AES
Created AES transport for 192.168.100.112
[DISCOVERY] 192.168.100.112 << {'error_code': 0,
 'result': {'device_id': 'REDACTED_c913ec3cd97a6bec2fbb1ee',
            'device_model': 'P100',
            'device_type': 'SMART.TAPOPLUG',
            'factory_default': False,
            'ip': '192.168.100.112',
            'is_support_iot_cloud': True,
            'mac': '74-DA-88-00-00-00',
            'mgt_encrypt_schm': {'encrypt_type': 'AES',
                                 'http_port': 80,
                                 'is_support_https': False,
                                 'lv': 2},
            'owner': 'REDACTED_19347acd812465188388075'}}
Initializing 192.168.100.112 of type <class 'kasa.smart.smartdevice.SmartDevice'>
192.168.100.112 multi-request-batch-1-of-1 >> '{"method":"multipleRequest","request_time_milis":1744617363672,"terminal_uuid":"3ZDgoAsHRGzekx2+W7E4Ig==","params":{"requests":[{"method":"component_nego"},{"method":"get_device_info"},{"method":"get_connect_cloud_state"}]}}'
Will perform handshaking...
Posting to http://192.168.100.112/app
Generating keypair
Handshake request: {'method': 'handshake', 'params': {'key': '-----BEGIN PUBLIC KEY-----\nMIGfMA0GCSqGSIb3DQEBAQUAA4GNADCBiQKBgQCkPY6953iIsrINBFn4hp8E8SG77Zg5W2n8/9D1WGL8leb9UBpXev227Z1hht5mbmc8P8comp8wYkQWru2zZsSu8mkhU4wO+nRq7yb4C74roQBIKdcfVp+CLnU1ctqZqZ6x1N8HikND8iWYBZO7yFa4Rg5VnBTDQ8Q/BY5rHfdYuQIDAQAB\n-----END PUBLIC KEY-----\n'}}
Device responded with: {'error_code': 0, 'result': {'key': 'aFQyVuGNXnwX68THbwm9l6Cvyttc/pMWd6nkwvXpHRfSyLdp81J8b1e8t0TyHl2FygG0MnwgjaxKp6fSc8nBjvauY2FQT6R3dyJIpZBFMoBC/jUamp47grq9nJeSjuA2WrjPqxJ+7alnzODIgiluCEFOQNmSfrYhxWXZ/YxCc40='}}
Handshake with 192.168.100.112 complete
Posting to http://192.168.100.112/app
192.168.100.112: logged in with provided credentials
Posting to http://192.168.100.112/app?token=B1E656E221A25AA0E980DC8185911791
Device 192.168.100.112 received an os error, enabling sequential request delay: Server disconnected
Device 192.168.100.112 got a connection error, will retry 3 times: ('Device connection error: 192.168.100.112: Server disconnected', ServerDisconnectedError('Server disconnected'))
192.168.100.112 multi-request-batch-1-of-1 >> '{"method":"multipleRequest","request_time_milis":1744617363801,"terminal_uuid":"3ZDgoAsHRGzekx2+W7E4Ig==","params":{"requests":[{"method":"component_nego"},{"method":"get_device_info"},{"method":"get_connect_cloud_state"}]}}'
Device 192.168.100.112 waiting 0.25 seconds to send request
Posting to http://192.168.100.112/app?token=B1E656E221A25AA0E980DC8185911791
192.168.100.112 multi-request-batch-1-of-1 << {'error_code': 0,
 'result': {'responses': [{'error_code': 0,
                           'method': 'component_nego',
                           'result': {'component_list': [{'id': 'device',
                                                          'ver_code': 2},
                                                         {'id': 'firmware',
                                                          'ver_code': 1},
                                                         {'id': 'quick_setup',
                                                          'ver_code': 3},
                                                         {'id': 'time',
                                                          'ver_code': 1},
                                                         {'id': 'wireless',
                                                          'ver_code': 1},
                                                         {'id': 'schedule',
                                                          'ver_code': 2},
                                                         {'id': 'countdown',
                                                          'ver_code': 2},
                                                         {'id': 'antitheft',
                                                          'ver_code': 1},
                                                         {'id': 'account',
                                                          'ver_code': 1},
                                                         {'id': 'synchronize',
                                                          'ver_code': 1},
                                                         {'id': 'sunrise_sunset',
                                                          'ver_code': 1},
                                                         {'id': 'led',
                                                          'ver_code': 1},
                                                         {'id': 'cloud_connect',
                                                          'ver_code': 1},
                                                         {'id': 'iot_cloud',
                                                          'ver_code': 1},
                                                         {'id': 'default_states',
                                                          'ver_code': 1}]}},
                          {'error_code': 0,
                           'method': 'get_device_info',
                           'result': {'avatar': 'plug',
                                      'default_states': {'state': {},
                                                         'type': 'last_states'},
                                      'device_id': 'REDACTED_DB80F24B353338FA05BB18C1C486215',
                                      'device_on': True,
                                      'fw_id': 'REDACTED_A25ABDE41405B20C6F98816',
                                      'fw_ver': '1.3.7 Build 20230711 Rel. '
                                                '61904',
                                      'has_set_location_info': True,
                                      'hw_id': 'REDACTED_5B29645B8150C392284029D',
                                      'hw_ver': '1.0.0',
                                      'ip': '192.168.100.112',
                                      'lang': 'it_IT',
                                      'latitude': 0,
                                      'location': '',
                                      'longitude': 0,
                                      'mac': '74-DA-88-00-00-00',
                                      'model': 'P100',
                                      'nickname': 'I01BU0tFRF9OQU1FIw==',
                                      'oem_id': 'REDACTED_06C60A9AEEA36A3347B6EBC',
                                      'on_time': 157,
                                      'overheated': False,
                                      'region': 'Europe/Rome',
                                      'rssi': -54,
                                      'signal_level': 2,
                                      'specs': 'EU',
                                      'ssid': 'I01BU0tFRF9TU0lEIw==',
                                      'time_diff': 60,
                                      'type': 'SMART.TAPOPLUG'}},
                          {'error_code': 0,
                           'method': 'get_connect_cloud_state',
                           'result': {'status': 0}}]}}
Device 192.168.100.112, found required cloud_connect, adding Cloud to modules.
Device 192.168.100.112, found required device, adding DeviceModule to modules.
Device 192.168.100.112, found required firmware, adding Firmware to modules.
Device 192.168.100.112, found required led, adding Led to modules.
Device 192.168.100.112, found required None, adding OverheatProtection to modules.
Device 192.168.100.112, found required time, adding Time to modules.
Querying 192.168.100.112 for modules: Time, Led
192.168.100.112 multi-request-batch-1-of-1 >> '{"method":"multipleRequest","request_time_milis":1744617364144,"terminal_uuid":"3ZDgoAsHRGzekx2+W7E4Ig==","params":{"requests":[{"method":"get_device_time"},{"method":"get_led_info"}]}}'
Device 192.168.100.112 waiting 0.25 seconds to send request
Posting to http://192.168.100.112/app?token=B1E656E221A25AA0E980DC8185911791
192.168.100.112 multi-request-batch-1-of-1 << {'error_code': 0,
 'result': {'responses': [{'error_code': 0,
                           'method': 'get_device_time',
                           'result': {'region': 'Europe/Rome',
                                      'time_diff': 60,
                                      'timestamp': 1744617357}},
                          {'error_code': 0,
                           'method': 'get_led_info',
                           'result': {'led_rule': 'always',
                                      'led_status': True,
                                      'night_mode': {'end_time': 0,
                                                     'night_mode_type': 'unknown',
                                                     'start_time': 0,
                                                     'sunrise_offset': 0,
                                                     'sunset_offset': 0}}}]}}
Update completed 192.168.100.112: ['component_nego', 'get_device_info', 'get_connect_cloud_state', 'get_device_time', 'get_led_info']
command is
off
Using proactor: IocpProactor
[DISCOVERY] 192.168.100.112 >> {'system': {'get_sysinfo': {}}}
Waiting a total of 5 seconds for responses...
Using SmartDevice for SMART.TAPOPLUG
Finding protocol for 192.168.100.112
Finding protocol for DeviceFamily.SmartTapoPlug
Finding transport for SMART.AES
Created AES transport for 192.168.100.112
[DISCOVERY] 192.168.100.112 << {'error_code': 0,
 'result': {'device_id': 'REDACTED_c913ec3cd97a6bec2fbb1ee',
            'device_model': 'P100',
            'device_type': 'SMART.TAPOPLUG',
            'factory_default': False,
            'ip': '192.168.100.112',
            'is_support_iot_cloud': True,
            'mac': '74-DA-88-00-00-00',
            'mgt_encrypt_schm': {'encrypt_type': 'AES',
                                 'http_port': 80,
                                 'is_support_https': False,
                                 'lv': 2},
            'owner': 'REDACTED_19347acd812465188388075'}}
Initializing 192.168.100.112 of type <class 'kasa.smart.smartdevice.SmartDevice'>
192.168.100.112 >> '{"method":"set_device_info","request_time_milis":1744617365994,"terminal_uuid":"6F3GAQ0tLLRHzmaQ0LbHDg==","params":{"device_on":false}}'
Will perform handshaking...
Posting to http://192.168.100.112/app
Generating keypair
Handshake request: {'method': 'handshake', 'params': {'key': '-----BEGIN PUBLIC KEY-----\nMIGfMA0GCSqGSIb3DQEBAQUAA4GNADCBiQKBgQDJfxjSdFkAiN4K4fSLHqLTnkDkaosvylDbx7rcCohkv1vGwYoWjaAmx1bXQJxlkm2cTE4S2S/qQ4RoJsmHI8O57YRKHbP30IClzMyroy+9dQp4gsbqIDpEm5g3bhtdayUxsWb2FAKn1f0DFtBcqgi9ZNLJpPQEb+cSTwrtC0p6KQIDAQAB\n-----END PUBLIC KEY-----\n'}}
Device responded with: {'error_code': 0, 'result': {'key': 'e7II13A7ltGWgBvgHOf/tGBUZbm2vm3yFdJD8krym0rXlWqoXs5J8YlCIaY9eX1J6KmfDiT2WAo0KAA4BlmsUVrRjexCjeNI94uMeuXAwO8yFTz+m8dqVHHXZNMnSa0ay2bGNP92Ko/Rtk7YSUYN9sj1q6omxgLWbyOuM8a5UIs='}}
Handshake with 192.168.100.112 complete
Posting to http://192.168.100.112/app
192.168.100.112: logged in with provided credentials
Posting to http://192.168.100.112/app?token=90F59FF167B1E8B31493D392AD824682
Device 192.168.100.112 received an os error, enabling sequential request delay: Server disconnected
Device 192.168.100.112 got a connection error, will retry 3 times: ('Device connection error: 192.168.100.112: Server disconnected', ServerDisconnectedError('Server disconnected'))
192.168.100.112 >> '{"method":"set_device_info","request_time_milis":1744617366116,"terminal_uuid":"6F3GAQ0tLLRHzmaQ0LbHDg==","params":{"device_on":false}}'
Device 192.168.100.112 waiting 0.25 seconds to send request
Posting to http://192.168.100.112/app?token=90F59FF167B1E8B31493D392AD824682
192.168.100.112 << {'error_code': 0}
192.168.100.112 multi-request-batch-1-of-1 >> '{"method":"multipleRequest","request_time_milis":1744617366510,"terminal_uuid":"6F3GAQ0tLLRHzmaQ0LbHDg==","params":{"requests":[{"method":"component_nego"},{"method":"get_device_info"},{"method":"get_connect_cloud_state"}]}}'
Device 192.168.100.112 waiting 0.25 seconds to send request
Posting to http://192.168.100.112/app?token=90F59FF167B1E8B31493D392AD824682
192.168.100.112 multi-request-batch-1-of-1 << {'error_code': 0,
 'result': {'responses': [{'error_code': 0,
                           'method': 'component_nego',
                           'result': {'component_list': [{'id': 'device',
                                                          'ver_code': 2},
                                                         {'id': 'firmware',
                                                          'ver_code': 1},
                                                         {'id': 'quick_setup',
                                                          'ver_code': 3},
                                                         {'id': 'time',
                                                          'ver_code': 1},
                                                         {'id': 'wireless',
                                                          'ver_code': 1},
                                                         {'id': 'schedule',
                                                          'ver_code': 2},
                                                         {'id': 'countdown',
                                                          'ver_code': 2},
                                                         {'id': 'antitheft',
                                                          'ver_code': 1},
                                                         {'id': 'account',
                                                          'ver_code': 1},
                                                         {'id': 'synchronize',
                                                          'ver_code': 1},
                                                         {'id': 'sunrise_sunset',
                                                          'ver_code': 1},
                                                         {'id': 'led',
                                                          'ver_code': 1},
                                                         {'id': 'cloud_connect',
                                                          'ver_code': 1},
                                                         {'id': 'iot_cloud',
                                                          'ver_code': 1},
                                                         {'id': 'default_states',
                                                          'ver_code': 1}]}},
                          {'error_code': 0,
                           'method': 'get_device_info',
                           'result': {'avatar': 'plug',
                                      'default_states': {'state': {},
                                                         'type': 'last_states'},
                                      'device_id': 'REDACTED_DB80F24B353338FA05BB18C1C486215',
                                      'device_on': False,
                                      'fw_id': 'REDACTED_A25ABDE41405B20C6F98816',
                                      'fw_ver': '1.3.7 Build 20230711 Rel. '
                                                '61904',
                                      'has_set_location_info': True,
                                      'hw_id': 'REDACTED_5B29645B8150C392284029D',
                                      'hw_ver': '1.0.0',
                                      'ip': '192.168.100.112',
                                      'lang': 'it_IT',
                                      'latitude': 0,
                                      'location': '',
                                      'longitude': 0,
                                      'mac': '74-DA-88-00-00-00',
                                      'model': 'P100',
                                      'nickname': 'I01BU0tFRF9OQU1FIw==',
                                      'oem_id': 'REDACTED_06C60A9AEEA36A3347B6EBC',
                                      'on_time': 0,
                                      'overheated': False,
                                      'region': 'Europe/Rome',
                                      'rssi': -54,
                                      'signal_level': 2,
                                      'specs': 'EU',
                                      'ssid': 'I01BU0tFRF9TU0lEIw==',
                                      'time_diff': 60,
                                      'type': 'SMART.TAPOPLUG'}},
                          {'error_code': 0,
                           'method': 'get_connect_cloud_state',
                           'result': {'status': 0}}]}}
Device 192.168.100.112, found required cloud_connect, adding Cloud to modules.
Device 192.168.100.112, found required device, adding DeviceModule to modules.
Device 192.168.100.112, found required firmware, adding Firmware to modules.
Device 192.168.100.112, found required led, adding Led to modules.
Device 192.168.100.112, found required None, adding OverheatProtection to modules.
Device 192.168.100.112, found required time, adding Time to modules.
Querying 192.168.100.112 for modules: Time, Led
192.168.100.112 multi-request-batch-1-of-1 >> '{"method":"multipleRequest","request_time_milis":1744617366856,"terminal_uuid":"6F3GAQ0tLLRHzmaQ0LbHDg==","params":{"requests":[{"method":"get_device_time"},{"method":"get_led_info"}]}}'
Device 192.168.100.112 waiting 0.23499999998603016 seconds to send request
Posting to http://192.168.100.112/app?token=90F59FF167B1E8B31493D392AD824682
192.168.100.112 multi-request-batch-1-of-1 << {'error_code': 0,
 'result': {'responses': [{'error_code': 0,
                           'method': 'get_device_time',
                           'result': {'region': 'Europe/Rome',
                                      'time_diff': 60,
                                      'timestamp': 1744617360}},
                          {'error_code': 0,
                           'method': 'get_led_info',
                           'result': {'led_rule': 'always',
                                      'led_status': False,
                                      'night_mode': {'end_time': 0,
                                                     'night_mode_type': 'unknown',
                                                     'start_time': 0,
                                                     'sunrise_offset': 0,
                                                     'sunset_offset': 0}}}]}}
Update completed 192.168.100.112: ['component_nego', 'get_device_info', 'get_connect_cloud_state', 'get_device_time', 'get_led_info']
False
Unclosed client session
client_session: <aiohttp.client.ClientSession object at 0x0000019E2E6995B0>
Exception in default exception handler
Traceback (most recent call last):
  File "C:\Users\Davide\AppData\Local\Programs\Python\Python312\Lib\asyncio\base_events.py", line 1847, in call_exception_handler
    self.default_exception_handler(context)
  File "C:\Users\Davide\AppData\Local\Programs\Python\Python312\Lib\asyncio\base_events.py", line 1821, in default_exception_handler
    logger.error('\n'.join(log_lines), exc_info=exc_info)
  File "C:\Users\Davide\AppData\Local\Programs\Python\Python312\Lib\logging\__init__.py", line 1568, in error
    self._log(ERROR, msg, args, **kwargs)
  File "C:\Users\Davide\AppData\Local\Programs\Python\Python312\Lib\logging\__init__.py", line 1684, in _log
    self.handle(record)
  File "C:\Users\Davide\AppData\Local\Programs\Python\Python312\Lib\logging\__init__.py", line 1700, in handle
    self.callHandlers(record)
  File "C:\Users\Davide\AppData\Local\Programs\Python\Python312\Lib\logging\__init__.py", line 1762, in callHandlers
    hdlr.handle(record)
  File "C:\Users\Davide\Desktop\ServerSmartPlug\log_manager.py", line 16, in handle
    listener(record)
  File "C:\Users\Davide\Desktop\ServerSmartPlug\gui\windows.py", line 25, in _add_console_line
    self.console_text.configure(state='normal')
  File "C:\Users\Davide\AppData\Local\Programs\Python\Python312\Lib\tkinter\__init__.py", line 1722, in configure
    return self._configure('configure', cnf, kw)
           ^^^^^^^^^^^^^^^^^^^^^^^^^^^^^^^^^^^^^
  File "C:\Users\Davide\AppData\Local\Programs\Python\Python312\Lib\tkinter\__init__.py", line 1712, in _configure
    self.tk.call(_flatten((self._w, cmd)) + self._options(cnf))
_tkinter.TclError: invalid command name ".!frame4.!frame.!text"
Unclosed connector
connections: ['deque([(<aiohttp.client_proto.ResponseHandler object at 0x0000019E2E6B7D10>, 405565.937)])']
connector: <aiohttp.connector.TCPConnector object at 0x0000019E2E699850>
Exception in default exception handler
Traceback (most recent call last):
  File "C:\Users\Davide\AppData\Local\Programs\Python\Python312\Lib\asyncio\base_events.py", line 1847, in call_exception_handler
    self.default_exception_handler(context)
  File "C:\Users\Davide\AppData\Local\Programs\Python\Python312\Lib\asyncio\base_events.py", line 1821, in default_exception_handler
    logger.error('\n'.join(log_lines), exc_info=exc_info)
  File "C:\Users\Davide\AppData\Local\Programs\Python\Python312\Lib\logging\__init__.py", line 1568, in error
    self._log(ERROR, msg, args, **kwargs)
  File "C:\Users\Davide\AppData\Local\Programs\Python\Python312\Lib\logging\__init__.py", line 1684, in _log
    self.handle(record)
  File "C:\Users\Davide\AppData\Local\Programs\Python\Python312\Lib\logging\__init__.py", line 1700, in handle
    self.callHandlers(record)
  File "C:\Users\Davide\AppData\Local\Programs\Python\Python312\Lib\logging\__init__.py", line 1762, in callHandlers
    hdlr.handle(record)
  File "C:\Users\Davide\Desktop\ServerSmartPlug\log_manager.py", line 16, in handle
    listener(record)
  File "C:\Users\Davide\Desktop\ServerSmartPlug\gui\windows.py", line 25, in _add_console_line
    self.console_text.configure(state='normal')
  File "C:\Users\Davide\AppData\Local\Programs\Python\Python312\Lib\tkinter\__init__.py", line 1722, in configure
    return self._configure('configure', cnf, kw)
           ^^^^^^^^^^^^^^^^^^^^^^^^^^^^^^^^^^^^^
  File "C:\Users\Davide\AppData\Local\Programs\Python\Python312\Lib\tkinter\__init__.py", line 1712, in _configure
    self.tk.call(_flatten((self._w, cmd)) + self._options(cnf))
_tkinter.TclError: invalid command name ".!frame4.!frame.!text"
C:\Users\Davide\AppData\Local\I3Lab - Politecnico di Milano\Server SmartPlug\options.json
Discovery started...
Using proactor: IocpProactor
Listening on 127.0.0.1:7071
[DISCOVERY] 255.255.255.255 >> {'system': {'get_sysinfo': {}}}
Waiting 5 seconds for responses...
Using proactor: IocpProactor
Using SmartDevice for SMART.TAPOPLUG
Finding protocol for 192.168.100.112
Finding protocol for DeviceFamily.SmartTapoPlug
Finding transport for SMART.AES
Created AES transport for 192.168.100.112
[DISCOVERY] 192.168.100.112 << {'error_code': 0,
 'result': {'device_id': 'REDACTED_c913ec3cd97a6bec2fbb1ee',
            'device_model': 'P100',
            'device_type': 'SMART.TAPOPLUG',
            'factory_default': False,
            'ip': '192.168.100.112',
            'is_support_iot_cloud': True,
            'mac': '74-DA-88-00-00-00',
            'mgt_encrypt_schm': {'encrypt_type': 'AES',
                                 'http_port': 80,
                                 'is_support_https': False,
                                 'lv': 2},
            'owner': 'REDACTED_19347acd812465188388075'}}
Initializing 192.168.100.112 of type <class 'kasa.smart.smartdevice.SmartDevice'>
Discovery finished! Found: 1 device(s)
Discovered 1 devices
Using proactor: IocpProactor
[DISCOVERY] 192.168.100.112 >> {'system': {'get_sysinfo': {}}}
Waiting a total of 5 seconds for responses...
Using SmartDevice for SMART.TAPOPLUG
Finding protocol for 192.168.100.112
Finding protocol for DeviceFamily.SmartTapoPlug
Finding transport for SMART.AES
Created AES transport for 192.168.100.112
[DISCOVERY] 192.168.100.112 << {'error_code': 0,
 'result': {'device_id': 'REDACTED_c913ec3cd97a6bec2fbb1ee',
            'device_model': 'P100',
            'device_type': 'SMART.TAPOPLUG',
            'factory_default': False,
            'ip': '192.168.100.112',
            'is_support_iot_cloud': True,
            'mac': '74-DA-88-00-00-00',
            'mgt_encrypt_schm': {'encrypt_type': 'AES',
                                 'http_port': 80,
                                 'is_support_https': False,
                                 'lv': 2},
            'owner': 'REDACTED_19347acd812465188388075'}}
Initializing 192.168.100.112 of type <class 'kasa.smart.smartdevice.SmartDevice'>
192.168.100.112 multi-request-batch-1-of-1 >> '{"method":"multipleRequest","request_time_milis":1744617439399,"terminal_uuid":"83+8tVr9otrj7LkismrHeQ==","params":{"requests":[{"method":"component_nego"},{"method":"get_device_info"},{"method":"get_connect_cloud_state"}]}}'
Will perform handshaking...
Posting to http://192.168.100.112/app
Generating keypair
Handshake request: {'method': 'handshake', 'params': {'key': '-----BEGIN PUBLIC KEY-----\nMIGfMA0GCSqGSIb3DQEBAQUAA4GNADCBiQKBgQDI4F9HC0sCN3gM0Q0HUY2sukO2XfHJJ/UQ6xHQl8ovWC5wfB26rCQwrZNFJGZSyvJXGdQpJ4sb7N/SsTQhnUvkLCX9SmcwTi8eV9g44n360P4FGyL46dg4aUNycojVWQmlmAqpbVUt+Hbj2s8rFvQ+fDyk6PdGxdyy8CEbEG8gswIDAQAB\n-----END PUBLIC KEY-----\n'}}
Device responded with: {'error_code': 0, 'result': {'key': 'Zdt/fcgLiQMPmzQyJBf6IAQJgD37yiIvTTpDiyq3g43HXVuoCN3/hxL5CDNrZIwOSDDtMfGGHFqF5gYkG1M8c1bD4RmD7i4Fj8aNISVR12KcLEDmxaxQP5cR0A7RJ5Oqc4MK9lNFnnPa8UU8UG8hBUxooBauO27H/2vnkJV/qHw='}}
Handshake with 192.168.100.112 complete
Posting to http://192.168.100.112/app
192.168.100.112: logged in with provided credentials
Posting to http://192.168.100.112/app?token=B437CE3B6DFB50FD899D179EF3AEBCAF
Device 192.168.100.112 received an os error, enabling sequential request delay: Server disconnected
Device 192.168.100.112 got a connection error, will retry 3 times: ('Device connection error: 192.168.100.112: Server disconnected', ServerDisconnectedError('Server disconnected'))
192.168.100.112 multi-request-batch-1-of-1 >> '{"method":"multipleRequest","request_time_milis":1744617439548,"terminal_uuid":"83+8tVr9otrj7LkismrHeQ==","params":{"requests":[{"method":"component_nego"},{"method":"get_device_info"},{"method":"get_connect_cloud_state"}]}}'
Device 192.168.100.112 waiting 0.25 seconds to send request
Posting to http://192.168.100.112/app?token=B437CE3B6DFB50FD899D179EF3AEBCAF
192.168.100.112 multi-request-batch-1-of-1 << {'error_code': 0,
 'result': {'responses': [{'error_code': 0,
                           'method': 'component_nego',
                           'result': {'component_list': [{'id': 'device',
                                                          'ver_code': 2},
                                                         {'id': 'firmware',
                                                          'ver_code': 1},
                                                         {'id': 'quick_setup',
                                                          'ver_code': 3},
                                                         {'id': 'time',
                                                          'ver_code': 1},
                                                         {'id': 'wireless',
                                                          'ver_code': 1},
                                                         {'id': 'schedule',
                                                          'ver_code': 2},
                                                         {'id': 'countdown',
                                                          'ver_code': 2},
                                                         {'id': 'antitheft',
                                                          'ver_code': 1},
                                                         {'id': 'account',
                                                          'ver_code': 1},
                                                         {'id': 'synchronize',
                                                          'ver_code': 1},
                                                         {'id': 'sunrise_sunset',
                                                          'ver_code': 1},
                                                         {'id': 'led',
                                                          'ver_code': 1},
                                                         {'id': 'cloud_connect',
                                                          'ver_code': 1},
                                                         {'id': 'iot_cloud',
                                                          'ver_code': 1},
                                                         {'id': 'default_states',
                                                          'ver_code': 1}]}},
                          {'error_code': 0,
                           'method': 'get_device_info',
                           'result': {'avatar': 'plug',
                                      'default_states': {'state': {},
                                                         'type': 'last_states'},
                                      'device_id': 'REDACTED_DB80F24B353338FA05BB18C1C486215',
                                      'device_on': False,
                                      'fw_id': 'REDACTED_A25ABDE41405B20C6F98816',
                                      'fw_ver': '1.3.7 Build 20230711 Rel. '
                                                '61904',
                                      'has_set_location_info': True,
                                      'hw_id': 'REDACTED_5B29645B8150C392284029D',
                                      'hw_ver': '1.0.0',
                                      'ip': '192.168.100.112',
                                      'lang': 'it_IT',
                                      'latitude': 0,
                                      'location': '',
                                      'longitude': 0,
                                      'mac': '74-DA-88-00-00-00',
                                      'model': 'P100',
                                      'nickname': 'I01BU0tFRF9OQU1FIw==',
                                      'oem_id': 'REDACTED_06C60A9AEEA36A3347B6EBC',
                                      'on_time': 0,
                                      'overheated': False,
                                      'region': 'Europe/Rome',
                                      'rssi': -54,
                                      'signal_level': 2,
                                      'specs': 'EU',
                                      'ssid': 'I01BU0tFRF9TU0lEIw==',
                                      'time_diff': 60,
                                      'type': 'SMART.TAPOPLUG'}},
                          {'error_code': 0,
                           'method': 'get_connect_cloud_state',
                           'result': {'status': 0}}]}}
Device 192.168.100.112, found required cloud_connect, adding Cloud to modules.
Device 192.168.100.112, found required device, adding DeviceModule to modules.
Device 192.168.100.112, found required firmware, adding Firmware to modules.
Device 192.168.100.112, found required led, adding Led to modules.
Device 192.168.100.112, found required None, adding OverheatProtection to modules.
Device 192.168.100.112, found required time, adding Time to modules.
Querying 192.168.100.112 for modules: Time, Led
192.168.100.112 multi-request-batch-1-of-1 >> '{"method":"multipleRequest","request_time_milis":1744617439898,"terminal_uuid":"83+8tVr9otrj7LkismrHeQ==","params":{"requests":[{"method":"get_device_time"},{"method":"get_led_info"}]}}'
Device 192.168.100.112 waiting 0.25 seconds to send request
Posting to http://192.168.100.112/app?token=B437CE3B6DFB50FD899D179EF3AEBCAF
192.168.100.112 multi-request-batch-1-of-1 << {'error_code': 0,
 'result': {'responses': [{'error_code': 0,
                           'method': 'get_device_time',
                           'result': {'region': 'Europe/Rome',
                                      'time_diff': 60,
                                      'timestamp': 1744617433}},
                          {'error_code': 0,
                           'method': 'get_led_info',
                           'result': {'led_rule': 'always',
                                      'led_status': False,
                                      'night_mode': {'end_time': 0,
                                                     'night_mode_type': 'unknown',
                                                     'start_time': 0,
                                                     'sunrise_offset': 0,
                                                     'sunset_offset': 0}}}]}}
Update completed 192.168.100.112: ['component_nego', 'get_device_info', 'get_connect_cloud_state', 'get_device_time', 'get_led_info']
command is
on
Using proactor: IocpProactor
[DISCOVERY] 192.168.100.112 >> {'system': {'get_sysinfo': {}}}
Waiting a total of 5 seconds for responses...
Using SmartDevice for SMART.TAPOPLUG
Finding protocol for 192.168.100.112
Finding protocol for DeviceFamily.SmartTapoPlug
Finding transport for SMART.AES
Created AES transport for 192.168.100.112
[DISCOVERY] 192.168.100.112 << {'error_code': 0,
 'result': {'device_id': 'REDACTED_c913ec3cd97a6bec2fbb1ee',
            'device_model': 'P100',
            'device_type': 'SMART.TAPOPLUG',
            'factory_default': False,
            'ip': '192.168.100.112',
            'is_support_iot_cloud': True,
            'mac': '74-DA-88-00-00-00',
            'mgt_encrypt_schm': {'encrypt_type': 'AES',
                                 'http_port': 80,
                                 'is_support_https': False,
                                 'lv': 2},
            'owner': 'REDACTED_19347acd812465188388075'}}
Initializing 192.168.100.112 of type <class 'kasa.smart.smartdevice.SmartDevice'>
192.168.100.112 >> '{"method":"set_device_info","request_time_milis":1744617443932,"terminal_uuid":"+x3U/m8GScdUIEh7Zvcn3Q==","params":{"device_on":true}}'
Will perform handshaking...
Posting to http://192.168.100.112/app
Generating keypair
Handshake request: {'method': 'handshake', 'params': {'key': '-----BEGIN PUBLIC KEY-----\nMIGfMA0GCSqGSIb3DQEBAQUAA4GNADCBiQKBgQDTehfFM2Sx3wsWQQTnNfQ/wCsj4xLs0s/GJl2BxwYnMkfd2FByfrteeCvXKLHZYLJ9cw9U+TwP+F1wIFhmV7Vk2xAZgRzojVuLHYqX5+N7/csXAFgR6JIbqj0WDOb5BUavVx6DMD3zhTL5QqlRs/nkhBjoBFGsngsqcRBPMfGQDwIDAQAB\n-----END PUBLIC KEY-----\n'}}
Device responded with: {'error_code': 0, 'result': {'key': 'nNzGZpAyWtbsP1NFmJ1ljGVlpAbC/8ME9i5uOfDtC76W6iSSPkbmAGhYPBuFZtkG/9s9t0ZWb3yhD4JCUKKsHT/OhyGQ2lnfql4sMDkolEpQrGTsbGPPr+HDnnfdkenvM/HpF1VvnNy1nOHQ3/bQpLpapoRfSZxtUkguIgz+DMg='}}
Handshake with 192.168.100.112 complete
Posting to http://192.168.100.112/app
192.168.100.112: logged in with provided credentials
Posting to http://192.168.100.112/app?token=A8F796F37FB3E8B19C91DF90ED80C480
Device 192.168.100.112 received an os error, enabling sequential request delay: Server disconnected
Device 192.168.100.112 got a connection error, will retry 3 times: ('Device connection error: 192.168.100.112: Server disconnected', ServerDisconnectedError('Server disconnected'))
192.168.100.112 >> '{"method":"set_device_info","request_time_milis":1744617444056,"terminal_uuid":"+x3U/m8GScdUIEh7Zvcn3Q==","params":{"device_on":true}}'
Device 192.168.100.112 waiting 0.25 seconds to send request
Posting to http://192.168.100.112/app?token=A8F796F37FB3E8B19C91DF90ED80C480
192.168.100.112 << {'error_code': 0}
192.168.100.112 multi-request-batch-1-of-1 >> '{"method":"multipleRequest","request_time_milis":1744617444457,"terminal_uuid":"+x3U/m8GScdUIEh7Zvcn3Q==","params":{"requests":[{"method":"component_nego"},{"method":"get_device_info"},{"method":"get_connect_cloud_state"}]}}'
Device 192.168.100.112 waiting 0.25 seconds to send request
Posting to http://192.168.100.112/app?token=A8F796F37FB3E8B19C91DF90ED80C480
192.168.100.112 multi-request-batch-1-of-1 << {'error_code': 0,
 'result': {'responses': [{'error_code': 0,
                           'method': 'component_nego',
                           'result': {'component_list': [{'id': 'device',
                                                          'ver_code': 2},
                                                         {'id': 'firmware',
                                                          'ver_code': 1},
                                                         {'id': 'quick_setup',
                                                          'ver_code': 3},
                                                         {'id': 'time',
                                                          'ver_code': 1},
                                                         {'id': 'wireless',
                                                          'ver_code': 1},
                                                         {'id': 'schedule',
                                                          'ver_code': 2},
                                                         {'id': 'countdown',
                                                          'ver_code': 2},
                                                         {'id': 'antitheft',
                                                          'ver_code': 1},
                                                         {'id': 'account',
                                                          'ver_code': 1},
                                                         {'id': 'synchronize',
                                                          'ver_code': 1},
                                                         {'id': 'sunrise_sunset',
                                                          'ver_code': 1},
                                                         {'id': 'led',
                                                          'ver_code': 1},
                                                         {'id': 'cloud_connect',
                                                          'ver_code': 1},
                                                         {'id': 'iot_cloud',
                                                          'ver_code': 1},
                                                         {'id': 'default_states',
                                                          'ver_code': 1}]}},
                          {'error_code': 0,
                           'method': 'get_device_info',
                           'result': {'avatar': 'plug',
                                      'default_states': {'state': {},
                                                         'type': 'last_states'},
                                      'device_id': 'REDACTED_DB80F24B353338FA05BB18C1C486215',
                                      'device_on': True,
                                      'fw_id': 'REDACTED_A25ABDE41405B20C6F98816',
                                      'fw_ver': '1.3.7 Build 20230711 Rel. '
                                                '61904',
                                      'has_set_location_info': True,
                                      'hw_id': 'REDACTED_5B29645B8150C392284029D',
                                      'hw_ver': '1.0.0',
                                      'ip': '192.168.100.112',
                                      'lang': 'it_IT',
                                      'latitude': 0,
                                      'location': '',
                                      'longitude': 0,
                                      'mac': '74-DA-88-00-00-00',
                                      'model': 'P100',
                                      'nickname': 'I01BU0tFRF9OQU1FIw==',
                                      'oem_id': 'REDACTED_06C60A9AEEA36A3347B6EBC',
                                      'on_time': 0,
                                      'overheated': False,
                                      'region': 'Europe/Rome',
                                      'rssi': -54,
                                      'signal_level': 2,
                                      'specs': 'EU',
                                      'ssid': 'I01BU0tFRF9TU0lEIw==',
                                      'time_diff': 60,
                                      'type': 'SMART.TAPOPLUG'}},
                          {'error_code': 0,
                           'method': 'get_connect_cloud_state',
                           'result': {'status': 0}}]}}
Device 192.168.100.112, found required cloud_connect, adding Cloud to modules.
Device 192.168.100.112, found required device, adding DeviceModule to modules.
Device 192.168.100.112, found required firmware, adding Firmware to modules.
Device 192.168.100.112, found required led, adding Led to modules.
Device 192.168.100.112, found required None, adding OverheatProtection to modules.
Device 192.168.100.112, found required time, adding Time to modules.
Querying 192.168.100.112 for modules: Time, Led
192.168.100.112 multi-request-batch-1-of-1 >> '{"method":"multipleRequest","request_time_milis":1744617444812,"terminal_uuid":"+x3U/m8GScdUIEh7Zvcn3Q==","params":{"requests":[{"method":"get_device_time"},{"method":"get_led_info"}]}}'
Device 192.168.100.112 waiting 0.23499999998603016 seconds to send request
Posting to http://192.168.100.112/app?token=A8F796F37FB3E8B19C91DF90ED80C480
192.168.100.112 multi-request-batch-1-of-1 << {'error_code': 0,
 'result': {'responses': [{'error_code': 0,
                           'method': 'get_device_time',
                           'result': {'region': 'Europe/Rome',
                                      'time_diff': 60,
                                      'timestamp': 1744617438}},
                          {'error_code': 0,
                           'method': 'get_led_info',
                           'result': {'led_rule': 'always',
                                      'led_status': True,
                                      'night_mode': {'end_time': 0,
                                                     'night_mode_type': 'unknown',
                                                     'start_time': 0,
                                                     'sunrise_offset': 0,
                                                     'sunset_offset': 0}}}]}}
Update completed 192.168.100.112: ['component_nego', 'get_device_info', 'get_connect_cloud_state', 'get_device_time', 'get_led_info']
True
update button
False
Unclosed client session
client_session: <aiohttp.client.ClientSession object at 0x000001CE101298B0>
Unclosed connector
connections: ['deque([(<aiohttp.client_proto.ResponseHandler object at 0x000001CE10147C50>, 405641.656)])']
connector: <aiohttp.connector.TCPConnector object at 0x000001CE10128F20>
C:\Users\Davide\AppData\Local\I3Lab - Politecnico di Milano\Server SmartPlug\options.json
Discovery started...
Using proactor: IocpProactor
Listening on 127.0.0.1:7071
[DISCOVERY] 255.255.255.255 >> {'system': {'get_sysinfo': {}}}
Waiting 5 seconds for responses...
Using proactor: IocpProactor
Using SmartDevice for SMART.TAPOPLUG
Finding protocol for 192.168.100.112
Finding protocol for DeviceFamily.SmartTapoPlug
Finding transport for SMART.AES
Created AES transport for 192.168.100.112
[DISCOVERY] 192.168.100.112 << {'error_code': 0,
 'result': {'device_id': 'REDACTED_c913ec3cd97a6bec2fbb1ee',
            'device_model': 'P100',
            'device_type': 'SMART.TAPOPLUG',
            'factory_default': False,
            'ip': '192.168.100.112',
            'is_support_iot_cloud': True,
            'mac': '74-DA-88-00-00-00',
            'mgt_encrypt_schm': {'encrypt_type': 'AES',
                                 'http_port': 80,
                                 'is_support_https': False,
                                 'lv': 2},
            'owner': 'REDACTED_19347acd812465188388075'}}
Initializing 192.168.100.112 of type <class 'kasa.smart.smartdevice.SmartDevice'>
Discovery finished! Found: 1 device(s)
Discovered 1 devices
Using proactor: IocpProactor
[DISCOVERY] 192.168.100.112 >> {'system': {'get_sysinfo': {}}}
Waiting a total of 5 seconds for responses...
Using SmartDevice for SMART.TAPOPLUG
Finding protocol for 192.168.100.112
Finding protocol for DeviceFamily.SmartTapoPlug
Finding transport for SMART.AES
Created AES transport for 192.168.100.112
[DISCOVERY] 192.168.100.112 << {'error_code': 0,
 'result': {'device_id': 'REDACTED_c913ec3cd97a6bec2fbb1ee',
            'device_model': 'P100',
            'device_type': 'SMART.TAPOPLUG',
            'factory_default': False,
            'ip': '192.168.100.112',
            'is_support_iot_cloud': True,
            'mac': '74-DA-88-00-00-00',
            'mgt_encrypt_schm': {'encrypt_type': 'AES',
                                 'http_port': 80,
                                 'is_support_https': False,
                                 'lv': 2},
            'owner': 'REDACTED_19347acd812465188388075'}}
Initializing 192.168.100.112 of type <class 'kasa.smart.smartdevice.SmartDevice'>
192.168.100.112 multi-request-batch-1-of-1 >> '{"method":"multipleRequest","request_time_milis":1744617598997,"terminal_uuid":"sj1uvy3PgxLR96we41zwYQ==","params":{"requests":[{"method":"component_nego"},{"method":"get_device_info"},{"method":"get_connect_cloud_state"}]}}'
Will perform handshaking...
Posting to http://192.168.100.112/app
Generating keypair
Handshake request: {'method': 'handshake', 'params': {'key': '-----BEGIN PUBLIC KEY-----\nMIGfMA0GCSqGSIb3DQEBAQUAA4GNADCBiQKBgQCdi8RWfZd4eLbL/U5/P4yYpqQBGy0/3SdxfnhF9Sg8mvTskV3x3Arw2KNP4RGxHN7XlIwS9McRRrZZH1n/4oRCsNpkEzGx576rUA6PJbofMhbHoUD+59ozzO31D2H3Vp5on7/Vmdwnom10Ff7N1btA5mvxQwLffzWRd46qHG3Y5wIDAQAB\n-----END PUBLIC KEY-----\n'}}
Device responded with: {'error_code': 0, 'result': {'key': 'dcl9U2jaXJJOzj81fBov8OpJypmEmt5WAoor8CfIoAy4QBZ7rJsMRDHJ60n3Wcqx+SwGRDCwn5IobQEUHCbMu6j0pD9rxSegUO3/jhg4CDD7NXd1zAn68aVhv/VZCsNpY0gd2TH4RkivrcKpkbfvt7agR0zBI4TO85iZugZEJKQ='}}
Handshake with 192.168.100.112 complete
Posting to http://192.168.100.112/app
192.168.100.112: logged in with provided credentials
Posting to http://192.168.100.112/app?token=860D68088758705A0F7AF47B436B3E6B
Device 192.168.100.112 received an os error, enabling sequential request delay: Server disconnected
Device 192.168.100.112 got a connection error, will retry 3 times: ('Device connection error: 192.168.100.112: Server disconnected', ServerDisconnectedError('Server disconnected'))
192.168.100.112 multi-request-batch-1-of-1 >> '{"method":"multipleRequest","request_time_milis":1744617599111,"terminal_uuid":"sj1uvy3PgxLR96we41zwYQ==","params":{"requests":[{"method":"component_nego"},{"method":"get_device_info"},{"method":"get_connect_cloud_state"}]}}'
Device 192.168.100.112 waiting 0.25 seconds to send request
Posting to http://192.168.100.112/app?token=860D68088758705A0F7AF47B436B3E6B
192.168.100.112 multi-request-batch-1-of-1 << {'error_code': 0,
 'result': {'responses': [{'error_code': 0,
                           'method': 'component_nego',
                           'result': {'component_list': [{'id': 'device',
                                                          'ver_code': 2},
                                                         {'id': 'firmware',
                                                          'ver_code': 1},
                                                         {'id': 'quick_setup',
                                                          'ver_code': 3},
                                                         {'id': 'time',
                                                          'ver_code': 1},
                                                         {'id': 'wireless',
                                                          'ver_code': 1},
                                                         {'id': 'schedule',
                                                          'ver_code': 2},
                                                         {'id': 'countdown',
                                                          'ver_code': 2},
                                                         {'id': 'antitheft',
                                                          'ver_code': 1},
                                                         {'id': 'account',
                                                          'ver_code': 1},
                                                         {'id': 'synchronize',
                                                          'ver_code': 1},
                                                         {'id': 'sunrise_sunset',
                                                          'ver_code': 1},
                                                         {'id': 'led',
                                                          'ver_code': 1},
                                                         {'id': 'cloud_connect',
                                                          'ver_code': 1},
                                                         {'id': 'iot_cloud',
                                                          'ver_code': 1},
                                                         {'id': 'default_states',
                                                          'ver_code': 1}]}},
                          {'error_code': 0,
                           'method': 'get_device_info',
                           'result': {'avatar': 'plug',
                                      'default_states': {'state': {},
                                                         'type': 'last_states'},
                                      'device_id': 'REDACTED_DB80F24B353338FA05BB18C1C486215',
                                      'device_on': True,
                                      'fw_id': 'REDACTED_A25ABDE41405B20C6F98816',
                                      'fw_ver': '1.3.7 Build 20230711 Rel. '
                                                '61904',
                                      'has_set_location_info': True,
                                      'hw_id': 'REDACTED_5B29645B8150C392284029D',
                                      'hw_ver': '1.0.0',
                                      'ip': '192.168.100.112',
                                      'lang': 'it_IT',
                                      'latitude': 0,
                                      'location': '',
                                      'longitude': 0,
                                      'mac': '74-DA-88-00-00-00',
                                      'model': 'P100',
                                      'nickname': 'I01BU0tFRF9OQU1FIw==',
                                      'oem_id': 'REDACTED_06C60A9AEEA36A3347B6EBC',
                                      'on_time': 155,
                                      'overheated': False,
                                      'region': 'Europe/Rome',
                                      'rssi': -53,
                                      'signal_level': 2,
                                      'specs': 'EU',
                                      'ssid': 'I01BU0tFRF9TU0lEIw==',
                                      'time_diff': 60,
                                      'type': 'SMART.TAPOPLUG'}},
                          {'error_code': 0,
                           'method': 'get_connect_cloud_state',
                           'result': {'status': 0}}]}}
Device 192.168.100.112, found required cloud_connect, adding Cloud to modules.
Device 192.168.100.112, found required device, adding DeviceModule to modules.
Device 192.168.100.112, found required firmware, adding Firmware to modules.
Device 192.168.100.112, found required led, adding Led to modules.
Device 192.168.100.112, found required None, adding OverheatProtection to modules.
Device 192.168.100.112, found required time, adding Time to modules.
Querying 192.168.100.112 for modules: Time, Led
192.168.100.112 multi-request-batch-1-of-1 >> '{"method":"multipleRequest","request_time_milis":1744617599445,"terminal_uuid":"sj1uvy3PgxLR96we41zwYQ==","params":{"requests":[{"method":"get_device_time"},{"method":"get_led_info"}]}}'
Device 192.168.100.112 waiting 0.25 seconds to send request
Posting to http://192.168.100.112/app?token=860D68088758705A0F7AF47B436B3E6B
192.168.100.112 multi-request-batch-1-of-1 << {'error_code': 0,
 'result': {'responses': [{'error_code': 0,
                           'method': 'get_device_time',
                           'result': {'region': 'Europe/Rome',
                                      'time_diff': 60,
                                      'timestamp': 1744617592}},
                          {'error_code': 0,
                           'method': 'get_led_info',
                           'result': {'led_rule': 'always',
                                      'led_status': True,
                                      'night_mode': {'end_time': 0,
                                                     'night_mode_type': 'unknown',
                                                     'start_time': 0,
                                                     'sunrise_offset': 0,
                                                     'sunset_offset': 0}}}]}}
Update completed 192.168.100.112: ['component_nego', 'get_device_info', 'get_connect_cloud_state', 'get_device_time', 'get_led_info']
command is
off
Using proactor: IocpProactor
[DISCOVERY] 192.168.100.112 >> {'system': {'get_sysinfo': {}}}
Waiting a total of 5 seconds for responses...
Using SmartDevice for SMART.TAPOPLUG
Finding protocol for 192.168.100.112
Finding protocol for DeviceFamily.SmartTapoPlug
Finding transport for SMART.AES
Created AES transport for 192.168.100.112
[DISCOVERY] 192.168.100.112 << {'error_code': 0,
 'result': {'device_id': 'REDACTED_c913ec3cd97a6bec2fbb1ee',
            'device_model': 'P100',
            'device_type': 'SMART.TAPOPLUG',
            'factory_default': False,
            'ip': '192.168.100.112',
            'is_support_iot_cloud': True,
            'mac': '74-DA-88-00-00-00',
            'mgt_encrypt_schm': {'encrypt_type': 'AES',
                                 'http_port': 80,
                                 'is_support_https': False,
                                 'lv': 2},
            'owner': 'REDACTED_19347acd812465188388075'}}
Initializing 192.168.100.112 of type <class 'kasa.smart.smartdevice.SmartDevice'>
192.168.100.112 >> '{"method":"set_device_info","request_time_milis":1744617603230,"terminal_uuid":"/FdrucKCDx90FVgDM+PqYQ==","params":{"device_on":false}}'
Will perform handshaking...
Posting to http://192.168.100.112/app
Generating keypair
Handshake request: {'method': 'handshake', 'params': {'key': '-----BEGIN PUBLIC KEY-----\nMIGfMA0GCSqGSIb3DQEBAQUAA4GNADCBiQKBgQDIi3KLv66AnbedFdIPL8HJyCxXno7ZWZad+59QmaxgpXTQ4aA31igAlZamMNY0T14QbBuYBwk3lrSs8qsrL/gSOKeI+hQHkAahcLA6kVxBIU2MX3P7i+LSwqbo8V4WuiQ1Q9RJY6b8GKCo5weDEugGtQVkyd+wJeHQRAS4qYPywwIDAQAB\n-----END PUBLIC KEY-----\n'}}
Device responded with: {'error_code': 0, 'result': {'key': 't+Rd1uBtfFLdvTrqs8cx+VoMeKw0uPgd6Xcj2M51nuEbLJGKDf16a7+rWe4BYpPTKAqd1yaVjOosuMT3SjsxjoCDzf8tSiX8T6okEzxTV6eSPA1zRFc73cRE+gAaTV7iQi40EovSR/fvV6ksvsiQNgxa147pe8QyUqQaDOl8Yq4='}}
Handshake with 192.168.100.112 complete
Posting to http://192.168.100.112/app
192.168.100.112: logged in with provided credentials
Posting to http://192.168.100.112/app?token=C365BA6929A915AFDCCF42CCA6FCE9FD
Device 192.168.100.112 received an os error, enabling sequential request delay: Server disconnected
Device 192.168.100.112 got a connection error, will retry 3 times: ('Device connection error: 192.168.100.112: Server disconnected', ServerDisconnectedError('Server disconnected'))
192.168.100.112 >> '{"method":"set_device_info","request_time_milis":1744617603382,"terminal_uuid":"/FdrucKCDx90FVgDM+PqYQ==","params":{"device_on":false}}'
Device 192.168.100.112 waiting 0.25 seconds to send request
Posting to http://192.168.100.112/app?token=C365BA6929A915AFDCCF42CCA6FCE9FD
192.168.100.112 << {'error_code': 0}
192.168.100.112 multi-request-batch-1-of-1 >> '{"method":"multipleRequest","request_time_milis":1744617603765,"terminal_uuid":"/FdrucKCDx90FVgDM+PqYQ==","params":{"requests":[{"method":"component_nego"},{"method":"get_device_info"},{"method":"get_connect_cloud_state"}]}}'
Device 192.168.100.112 waiting 0.25 seconds to send request
Posting to http://192.168.100.112/app?token=C365BA6929A915AFDCCF42CCA6FCE9FD
192.168.100.112 multi-request-batch-1-of-1 << {'error_code': 0,
 'result': {'responses': [{'error_code': 0,
                           'method': 'component_nego',
                           'result': {'component_list': [{'id': 'device',
                                                          'ver_code': 2},
                                                         {'id': 'firmware',
                                                          'ver_code': 1},
                                                         {'id': 'quick_setup',
                                                          'ver_code': 3},
                                                         {'id': 'time',
                                                          'ver_code': 1},
                                                         {'id': 'wireless',
                                                          'ver_code': 1},
                                                         {'id': 'schedule',
                                                          'ver_code': 2},
                                                         {'id': 'countdown',
                                                          'ver_code': 2},
                                                         {'id': 'antitheft',
                                                          'ver_code': 1},
                                                         {'id': 'account',
                                                          'ver_code': 1},
                                                         {'id': 'synchronize',
                                                          'ver_code': 1},
                                                         {'id': 'sunrise_sunset',
                                                          'ver_code': 1},
                                                         {'id': 'led',
                                                          'ver_code': 1},
                                                         {'id': 'cloud_connect',
                                                          'ver_code': 1},
                                                         {'id': 'iot_cloud',
                                                          'ver_code': 1},
                                                         {'id': 'default_states',
                                                          'ver_code': 1}]}},
                          {'error_code': 0,
                           'method': 'get_device_info',
                           'result': {'avatar': 'plug',
                                      'default_states': {'state': {},
                                                         'type': 'last_states'},
                                      'device_id': 'REDACTED_DB80F24B353338FA05BB18C1C486215',
                                      'device_on': False,
                                      'fw_id': 'REDACTED_A25ABDE41405B20C6F98816',
                                      'fw_ver': '1.3.7 Build 20230711 Rel. '
                                                '61904',
                                      'has_set_location_info': True,
                                      'hw_id': 'REDACTED_5B29645B8150C392284029D',
                                      'hw_ver': '1.0.0',
                                      'ip': '192.168.100.112',
                                      'lang': 'it_IT',
                                      'latitude': 0,
                                      'location': '',
                                      'longitude': 0,
                                      'mac': '74-DA-88-00-00-00',
                                      'model': 'P100',
                                      'nickname': 'I01BU0tFRF9OQU1FIw==',
                                      'oem_id': 'REDACTED_06C60A9AEEA36A3347B6EBC',
                                      'on_time': 0,
                                      'overheated': False,
                                      'region': 'Europe/Rome',
                                      'rssi': -53,
                                      'signal_level': 2,
                                      'specs': 'EU',
                                      'ssid': 'I01BU0tFRF9TU0lEIw==',
                                      'time_diff': 60,
                                      'type': 'SMART.TAPOPLUG'}},
                          {'error_code': 0,
                           'method': 'get_connect_cloud_state',
                           'result': {'status': 0}}]}}
Device 192.168.100.112, found required cloud_connect, adding Cloud to modules.
Device 192.168.100.112, found required device, adding DeviceModule to modules.
Device 192.168.100.112, found required firmware, adding Firmware to modules.
Device 192.168.100.112, found required led, adding Led to modules.
Device 192.168.100.112, found required None, adding OverheatProtection to modules.
Device 192.168.100.112, found required time, adding Time to modules.
Querying 192.168.100.112 for modules: Time, Led
192.168.100.112 multi-request-batch-1-of-1 >> '{"method":"multipleRequest","request_time_milis":1744617604132,"terminal_uuid":"/FdrucKCDx90FVgDM+PqYQ==","params":{"requests":[{"method":"get_device_time"},{"method":"get_led_info"}]}}'
Device 192.168.100.112 waiting 0.25 seconds to send request
Posting to http://192.168.100.112/app?token=C365BA6929A915AFDCCF42CCA6FCE9FD
192.168.100.112 multi-request-batch-1-of-1 << {'error_code': 0,
 'result': {'responses': [{'error_code': 0,
                           'method': 'get_device_time',
                           'result': {'region': 'Europe/Rome',
                                      'time_diff': 60,
                                      'timestamp': 1744617597}},
                          {'error_code': 0,
                           'method': 'get_led_info',
                           'result': {'led_rule': 'always',
                                      'led_status': False,
                                      'night_mode': {'end_time': 0,
                                                     'night_mode_type': 'unknown',
                                                     'start_time': 0,
                                                     'sunrise_offset': 0,
                                                     'sunset_offset': 0}}}]}}
Update completed 192.168.100.112: ['component_nego', 'get_device_info', 'get_connect_cloud_state', 'get_device_time', 'get_led_info']
update button
False
command is
off
Using proactor: IocpProactor
[DISCOVERY] 192.168.100.112 >> {'system': {'get_sysinfo': {}}}
Waiting a total of 5 seconds for responses...
Using SmartDevice for SMART.TAPOPLUG
Finding protocol for 192.168.100.112
Finding protocol for DeviceFamily.SmartTapoPlug
Finding transport for SMART.AES
Created AES transport for 192.168.100.112
[DISCOVERY] 192.168.100.112 << {'error_code': 0,
 'result': {'device_id': 'REDACTED_c913ec3cd97a6bec2fbb1ee',
            'device_model': 'P100',
            'device_type': 'SMART.TAPOPLUG',
            'factory_default': False,
            'ip': '192.168.100.112',
            'is_support_iot_cloud': True,
            'mac': '74-DA-88-00-00-00',
            'mgt_encrypt_schm': {'encrypt_type': 'AES',
                                 'http_port': 80,
                                 'is_support_https': False,
                                 'lv': 2},
            'owner': 'REDACTED_19347acd812465188388075'}}
Initializing 192.168.100.112 of type <class 'kasa.smart.smartdevice.SmartDevice'>
192.168.100.112 >> '{"method":"set_device_info","request_time_milis":1744617610809,"terminal_uuid":"4W2IHuEiZpjWnTZr7PPU4Q==","params":{"device_on":false}}'
Will perform handshaking...
Posting to http://192.168.100.112/app
Generating keypair
Handshake request: {'method': 'handshake', 'params': {'key': '-----BEGIN PUBLIC KEY-----\nMIGfMA0GCSqGSIb3DQEBAQUAA4GNADCBiQKBgQDGwg1R7VL0z2LfN13ukR6oho0GXOvXipUOYCJYE/JOFLMkNyuJQ4XCg9Q5YpnKOtATh11Mrg1aPb9EtKMBu/bHoSlO2xd5ibezf2tkSc1RenqubS6hMZdjZADtPpXLmGtym2HwY/wdBvJQ68nt2URFWgIC2ZRUv1AjEHb3sJaBpwIDAQAB\n-----END PUBLIC KEY-----\n'}}
Device responded with: {'error_code': 0, 'result': {'key': 'xIIXb2JemcgTw/gvuuuirsOZgO+plUiDLFY2xOhVHM18WA4/OUtrkkyIsMwhpTUFO4m8Ax24KCpinMH6W2Z5b6aHVEoLWEY8Z1VRpWKyBWXTdOPGCTdzB/pLMRL3pXNqpUpBvKGBr5ghNMgUHPHlChcDwpw9Yl8ehSD+3RijSkA='}}
Handshake with 192.168.100.112 complete
Posting to http://192.168.100.112/app
192.168.100.112: logged in with provided credentials
Posting to http://192.168.100.112/app?token=92DF50D37E13971500757C76BF468947
Device 192.168.100.112 received an os error, enabling sequential request delay: Server disconnected
Device 192.168.100.112 got a connection error, will retry 3 times: ('Device connection error: 192.168.100.112: Server disconnected', ServerDisconnectedError('Server disconnected'))
192.168.100.112 >> '{"method":"set_device_info","request_time_milis":1744617610939,"terminal_uuid":"4W2IHuEiZpjWnTZr7PPU4Q==","params":{"device_on":false}}'
Device 192.168.100.112 waiting 0.25 seconds to send request
Posting to http://192.168.100.112/app?token=92DF50D37E13971500757C76BF468947
192.168.100.112 << {'error_code': 0}
192.168.100.112 multi-request-batch-1-of-1 >> '{"method":"multipleRequest","request_time_milis":1744617611280,"terminal_uuid":"4W2IHuEiZpjWnTZr7PPU4Q==","params":{"requests":[{"method":"component_nego"},{"method":"get_device_info"},{"method":"get_connect_cloud_state"}]}}'
Device 192.168.100.112 waiting 0.25 seconds to send request
Posting to http://192.168.100.112/app?token=92DF50D37E13971500757C76BF468947
192.168.100.112 multi-request-batch-1-of-1 << {'error_code': 0,
 'result': {'responses': [{'error_code': 0,
                           'method': 'component_nego',
                           'result': {'component_list': [{'id': 'device',
                                                          'ver_code': 2},
                                                         {'id': 'firmware',
                                                          'ver_code': 1},
                                                         {'id': 'quick_setup',
                                                          'ver_code': 3},
                                                         {'id': 'time',
                                                          'ver_code': 1},
                                                         {'id': 'wireless',
                                                          'ver_code': 1},
                                                         {'id': 'schedule',
                                                          'ver_code': 2},
                                                         {'id': 'countdown',
                                                          'ver_code': 2},
                                                         {'id': 'antitheft',
                                                          'ver_code': 1},
                                                         {'id': 'account',
                                                          'ver_code': 1},
                                                         {'id': 'synchronize',
                                                          'ver_code': 1},
                                                         {'id': 'sunrise_sunset',
                                                          'ver_code': 1},
                                                         {'id': 'led',
                                                          'ver_code': 1},
                                                         {'id': 'cloud_connect',
                                                          'ver_code': 1},
                                                         {'id': 'iot_cloud',
                                                          'ver_code': 1},
                                                         {'id': 'default_states',
                                                          'ver_code': 1}]}},
                          {'error_code': 0,
                           'method': 'get_device_info',
                           'result': {'avatar': 'plug',
                                      'default_states': {'state': {},
                                                         'type': 'last_states'},
                                      'device_id': 'REDACTED_DB80F24B353338FA05BB18C1C486215',
                                      'device_on': False,
                                      'fw_id': 'REDACTED_A25ABDE41405B20C6F98816',
                                      'fw_ver': '1.3.7 Build 20230711 Rel. '
                                                '61904',
                                      'has_set_location_info': True,
                                      'hw_id': 'REDACTED_5B29645B8150C392284029D',
                                      'hw_ver': '1.0.0',
                                      'ip': '192.168.100.112',
                                      'lang': 'it_IT',
                                      'latitude': 0,
                                      'location': '',
                                      'longitude': 0,
                                      'mac': '74-DA-88-00-00-00',
                                      'model': 'P100',
                                      'nickname': 'I01BU0tFRF9OQU1FIw==',
                                      'oem_id': 'REDACTED_06C60A9AEEA36A3347B6EBC',
                                      'on_time': 0,
                                      'overheated': False,
                                      'region': 'Europe/Rome',
                                      'rssi': -53,
                                      'signal_level': 2,
                                      'specs': 'EU',
                                      'ssid': 'I01BU0tFRF9TU0lEIw==',
                                      'time_diff': 60,
                                      'type': 'SMART.TAPOPLUG'}},
                          {'error_code': 0,
                           'method': 'get_connect_cloud_state',
                           'result': {'status': 0}}]}}
Device 192.168.100.112, found required cloud_connect, adding Cloud to modules.
Device 192.168.100.112, found required device, adding DeviceModule to modules.
Device 192.168.100.112, found required firmware, adding Firmware to modules.
Device 192.168.100.112, found required led, adding Led to modules.
Device 192.168.100.112, found required None, adding OverheatProtection to modules.
Device 192.168.100.112, found required time, adding Time to modules.
Querying 192.168.100.112 for modules: Time, Led
192.168.100.112 multi-request-batch-1-of-1 >> '{"method":"multipleRequest","request_time_milis":1744617611636,"terminal_uuid":"4W2IHuEiZpjWnTZr7PPU4Q==","params":{"requests":[{"method":"get_device_time"},{"method":"get_led_info"}]}}'
Device 192.168.100.112 waiting 0.23500000004423782 seconds to send request
Posting to http://192.168.100.112/app?token=92DF50D37E13971500757C76BF468947
192.168.100.112 multi-request-batch-1-of-1 << {'error_code': 0,
 'result': {'responses': [{'error_code': 0,
                           'method': 'get_device_time',
                           'result': {'region': 'Europe/Rome',
                                      'time_diff': 60,
                                      'timestamp': 1744617605}},
                          {'error_code': 0,
                           'method': 'get_led_info',
                           'result': {'led_rule': 'always',
                                      'led_status': False,
                                      'night_mode': {'end_time': 0,
                                                     'night_mode_type': 'unknown',
                                                     'start_time': 0,
                                                     'sunrise_offset': 0,
                                                     'sunset_offset': 0}}}]}}
Update completed 192.168.100.112: ['component_nego', 'get_device_info', 'get_connect_cloud_state', 'get_device_time', 'get_led_info']
update button
False
command is
off
Using proactor: IocpProactor
[DISCOVERY] 192.168.100.112 >> {'system': {'get_sysinfo': {}}}
Waiting a total of 5 seconds for responses...
Using SmartDevice for SMART.TAPOPLUG
Finding protocol for 192.168.100.112
Finding protocol for DeviceFamily.SmartTapoPlug
Finding transport for SMART.AES
Created AES transport for 192.168.100.112
[DISCOVERY] 192.168.100.112 << {'error_code': 0,
 'result': {'device_id': 'REDACTED_c913ec3cd97a6bec2fbb1ee',
            'device_model': 'P100',
            'device_type': 'SMART.TAPOPLUG',
            'factory_default': False,
            'ip': '192.168.100.112',
            'is_support_iot_cloud': True,
            'mac': '74-DA-88-00-00-00',
            'mgt_encrypt_schm': {'encrypt_type': 'AES',
                                 'http_port': 80,
                                 'is_support_https': False,
                                 'lv': 2},
            'owner': 'REDACTED_19347acd812465188388075'}}
Initializing 192.168.100.112 of type <class 'kasa.smart.smartdevice.SmartDevice'>
192.168.100.112 >> '{"method":"set_device_info","request_time_milis":1744617620720,"terminal_uuid":"w8qx16C9ZiFUFTIT8xJQxA==","params":{"device_on":false}}'
Will perform handshaking...
Posting to http://192.168.100.112/app
Generating keypair
Handshake request: {'method': 'handshake', 'params': {'key': '-----BEGIN PUBLIC KEY-----\nMIGfMA0GCSqGSIb3DQEBAQUAA4GNADCBiQKBgQDBzu3HkFULXQCrkZiUDQ52g6Ch46QTCu+I7lzk3kXpNAt32WhdUNC3Q5dn10aNj7ZM+58y+2j/lqtZrPpvldv6PHOVQOqd9ZcGTZv3SUVLjS+2AucMMb1SQD/Pl9aAmu4qBDzEgRdO9P6lLaqVJpu1tepk/sALVAhx5wRX0aGm9QIDAQAB\n-----END PUBLIC KEY-----\n'}}
Device responded with: {'error_code': 0, 'result': {'key': 'avEWIOnPB3mbwF38zwB0LYJVzz3D44TwxOTCQrY1RwaMlcE+r4tv2ATgcf6/CiaFLPMCm/jcA0m1iG1gFHIG9aLi2Vf1Ud12P6qM0I1S6MyFthW+zO4wG2CbZZaPAV+rW7qbje7GXWz4vl2qAqGpC+zAGLnAkBPR7BnkiYwkft4='}}
Handshake with 192.168.100.112 complete
Posting to http://192.168.100.112/app
192.168.100.112: logged in with provided credentials
Posting to http://192.168.100.112/app?token=E9E232E58C95699636A6CCA763B79EB7
Device 192.168.100.112 received an os error, enabling sequential request delay: Server disconnected
Device 192.168.100.112 got a connection error, will retry 3 times: ('Device connection error: 192.168.100.112: Server disconnected', ServerDisconnectedError('Server disconnected'))
192.168.100.112 >> '{"method":"set_device_info","request_time_milis":1744617620873,"terminal_uuid":"w8qx16C9ZiFUFTIT8xJQxA==","params":{"device_on":false}}'
Device 192.168.100.112 waiting 0.25 seconds to send request
Posting to http://192.168.100.112/app?token=E9E232E58C95699636A6CCA763B79EB7
192.168.100.112 << {'error_code': 0}
192.168.100.112 multi-request-batch-1-of-1 >> '{"method":"multipleRequest","request_time_milis":1744617621196,"terminal_uuid":"w8qx16C9ZiFUFTIT8xJQxA==","params":{"requests":[{"method":"component_nego"},{"method":"get_device_info"},{"method":"get_connect_cloud_state"}]}}'
Device 192.168.100.112 waiting 0.25 seconds to send request
Posting to http://192.168.100.112/app?token=E9E232E58C95699636A6CCA763B79EB7
192.168.100.112 multi-request-batch-1-of-1 << {'error_code': 0,
 'result': {'responses': [{'error_code': 0,
                           'method': 'component_nego',
                           'result': {'component_list': [{'id': 'device',
                                                          'ver_code': 2},
                                                         {'id': 'firmware',
                                                          'ver_code': 1},
                                                         {'id': 'quick_setup',
                                                          'ver_code': 3},
                                                         {'id': 'time',
                                                          'ver_code': 1},
                                                         {'id': 'wireless',
                                                          'ver_code': 1},
                                                         {'id': 'schedule',
                                                          'ver_code': 2},
                                                         {'id': 'countdown',
                                                          'ver_code': 2},
                                                         {'id': 'antitheft',
                                                          'ver_code': 1},
                                                         {'id': 'account',
                                                          'ver_code': 1},
                                                         {'id': 'synchronize',
                                                          'ver_code': 1},
                                                         {'id': 'sunrise_sunset',
                                                          'ver_code': 1},
                                                         {'id': 'led',
                                                          'ver_code': 1},
                                                         {'id': 'cloud_connect',
                                                          'ver_code': 1},
                                                         {'id': 'iot_cloud',
                                                          'ver_code': 1},
                                                         {'id': 'default_states',
                                                          'ver_code': 1}]}},
                          {'error_code': 0,
                           'method': 'get_device_info',
                           'result': {'avatar': 'plug',
                                      'default_states': {'state': {},
                                                         'type': 'last_states'},
                                      'device_id': 'REDACTED_DB80F24B353338FA05BB18C1C486215',
                                      'device_on': False,
                                      'fw_id': 'REDACTED_A25ABDE41405B20C6F98816',
                                      'fw_ver': '1.3.7 Build 20230711 Rel. '
                                                '61904',
                                      'has_set_location_info': True,
                                      'hw_id': 'REDACTED_5B29645B8150C392284029D',
                                      'hw_ver': '1.0.0',
                                      'ip': '192.168.100.112',
                                      'lang': 'it_IT',
                                      'latitude': 0,
                                      'location': '',
                                      'longitude': 0,
                                      'mac': '74-DA-88-00-00-00',
                                      'model': 'P100',
                                      'nickname': 'I01BU0tFRF9OQU1FIw==',
                                      'oem_id': 'REDACTED_06C60A9AEEA36A3347B6EBC',
                                      'on_time': 0,
                                      'overheated': False,
                                      'region': 'Europe/Rome',
                                      'rssi': -54,
                                      'signal_level': 2,
                                      'specs': 'EU',
                                      'ssid': 'I01BU0tFRF9TU0lEIw==',
                                      'time_diff': 60,
                                      'type': 'SMART.TAPOPLUG'}},
                          {'error_code': 0,
                           'method': 'get_connect_cloud_state',
                           'result': {'status': 0}}]}}
Device 192.168.100.112, found required cloud_connect, adding Cloud to modules.
Device 192.168.100.112, found required device, adding DeviceModule to modules.
Device 192.168.100.112, found required firmware, adding Firmware to modules.
Device 192.168.100.112, found required led, adding Led to modules.
Device 192.168.100.112, found required None, adding OverheatProtection to modules.
Device 192.168.100.112, found required time, adding Time to modules.
Querying 192.168.100.112 for modules: Time, Led
192.168.100.112 multi-request-batch-1-of-1 >> '{"method":"multipleRequest","request_time_milis":1744617621543,"terminal_uuid":"w8qx16C9ZiFUFTIT8xJQxA==","params":{"requests":[{"method":"get_device_time"},{"method":"get_led_info"}]}}'
Device 192.168.100.112 waiting 0.23399999999674037 seconds to send request
Posting to http://192.168.100.112/app?token=E9E232E58C95699636A6CCA763B79EB7
192.168.100.112 multi-request-batch-1-of-1 << {'error_code': 0,
 'result': {'responses': [{'error_code': 0,
                           'method': 'get_device_time',
                           'result': {'region': 'Europe/Rome',
                                      'time_diff': 60,
                                      'timestamp': 1744617614}},
                          {'error_code': 0,
                           'method': 'get_led_info',
                           'result': {'led_rule': 'always',
                                      'led_status': False,
                                      'night_mode': {'end_time': 0,
                                                     'night_mode_type': 'unknown',
                                                     'start_time': 0,
                                                     'sunrise_offset': 0,
                                                     'sunset_offset': 0}}}]}}
Update completed 192.168.100.112: ['component_nego', 'get_device_info', 'get_connect_cloud_state', 'get_device_time', 'get_led_info']
update button
False
Unclosed client session
client_session: <aiohttp.client.ClientSession object at 0x00000215A1309A30>
Exception in default exception handler
Traceback (most recent call last):
  File "C:\Users\Davide\AppData\Local\Programs\Python\Python312\Lib\asyncio\base_events.py", line 1847, in call_exception_handler
    self.default_exception_handler(context)
  File "C:\Users\Davide\AppData\Local\Programs\Python\Python312\Lib\asyncio\base_events.py", line 1821, in default_exception_handler
    logger.error('\n'.join(log_lines), exc_info=exc_info)
  File "C:\Users\Davide\AppData\Local\Programs\Python\Python312\Lib\logging\__init__.py", line 1568, in error
    self._log(ERROR, msg, args, **kwargs)
  File "C:\Users\Davide\AppData\Local\Programs\Python\Python312\Lib\logging\__init__.py", line 1684, in _log
    self.handle(record)
  File "C:\Users\Davide\AppData\Local\Programs\Python\Python312\Lib\logging\__init__.py", line 1700, in handle
    self.callHandlers(record)
  File "C:\Users\Davide\AppData\Local\Programs\Python\Python312\Lib\logging\__init__.py", line 1762, in callHandlers
    hdlr.handle(record)
  File "C:\Users\Davide\Desktop\ServerSmartPlug\log_manager.py", line 16, in handle
    listener(record)
  File "C:\Users\Davide\Desktop\ServerSmartPlug\gui\windows.py", line 25, in _add_console_line
    self.console_text.configure(state='normal')
  File "C:\Users\Davide\AppData\Local\Programs\Python\Python312\Lib\tkinter\__init__.py", line 1722, in configure
    return self._configure('configure', cnf, kw)
           ^^^^^^^^^^^^^^^^^^^^^^^^^^^^^^^^^^^^^
  File "C:\Users\Davide\AppData\Local\Programs\Python\Python312\Lib\tkinter\__init__.py", line 1712, in _configure
    self.tk.call(_flatten((self._w, cmd)) + self._options(cnf))
_tkinter.TclError: invalid command name ".!frame4.!frame.!text"
Unclosed connector
connections: ['deque([(<aiohttp.client_proto.ResponseHandler object at 0x00000215A1327D10>, 405801.187)])']
connector: <aiohttp.connector.TCPConnector object at 0x00000215A13099A0>
Exception in default exception handler
Traceback (most recent call last):
  File "C:\Users\Davide\AppData\Local\Programs\Python\Python312\Lib\asyncio\base_events.py", line 1847, in call_exception_handler
    self.default_exception_handler(context)
  File "C:\Users\Davide\AppData\Local\Programs\Python\Python312\Lib\asyncio\base_events.py", line 1821, in default_exception_handler
    logger.error('\n'.join(log_lines), exc_info=exc_info)
  File "C:\Users\Davide\AppData\Local\Programs\Python\Python312\Lib\logging\__init__.py", line 1568, in error
    self._log(ERROR, msg, args, **kwargs)
  File "C:\Users\Davide\AppData\Local\Programs\Python\Python312\Lib\logging\__init__.py", line 1684, in _log
    self.handle(record)
  File "C:\Users\Davide\AppData\Local\Programs\Python\Python312\Lib\logging\__init__.py", line 1700, in handle
    self.callHandlers(record)
  File "C:\Users\Davide\AppData\Local\Programs\Python\Python312\Lib\logging\__init__.py", line 1762, in callHandlers
    hdlr.handle(record)
  File "C:\Users\Davide\Desktop\ServerSmartPlug\log_manager.py", line 16, in handle
    listener(record)
  File "C:\Users\Davide\Desktop\ServerSmartPlug\gui\windows.py", line 25, in _add_console_line
    self.console_text.configure(state='normal')
  File "C:\Users\Davide\AppData\Local\Programs\Python\Python312\Lib\tkinter\__init__.py", line 1722, in configure
    return self._configure('configure', cnf, kw)
           ^^^^^^^^^^^^^^^^^^^^^^^^^^^^^^^^^^^^^
  File "C:\Users\Davide\AppData\Local\Programs\Python\Python312\Lib\tkinter\__init__.py", line 1712, in _configure
    self.tk.call(_flatten((self._w, cmd)) + self._options(cnf))
_tkinter.TclError: invalid command name ".!frame4.!frame.!text"
C:\Users\Davide\AppData\Local\I3Lab - Politecnico di Milano\Server SmartPlug\options.json
Discovery started...
Using proactor: IocpProactor
Listening on 127.0.0.1:7071
[DISCOVERY] 255.255.255.255 >> {'system': {'get_sysinfo': {}}}
Waiting 5 seconds for responses...
Using proactor: IocpProactor
Using SmartDevice for SMART.TAPOPLUG
Finding protocol for 192.168.100.112
Finding protocol for DeviceFamily.SmartTapoPlug
Finding transport for SMART.AES
Created AES transport for 192.168.100.112
[DISCOVERY] 192.168.100.112 << {'error_code': 0,
 'result': {'device_id': 'REDACTED_c913ec3cd97a6bec2fbb1ee',
            'device_model': 'P100',
            'device_type': 'SMART.TAPOPLUG',
            'factory_default': False,
            'ip': '192.168.100.112',
            'is_support_iot_cloud': True,
            'mac': '74-DA-88-00-00-00',
            'mgt_encrypt_schm': {'encrypt_type': 'AES',
                                 'http_port': 80,
                                 'is_support_https': False,
                                 'lv': 2},
            'owner': 'REDACTED_19347acd812465188388075'}}
Initializing 192.168.100.112 of type <class 'kasa.smart.smartdevice.SmartDevice'>
Discovery finished! Found: 1 device(s)
Discovered 1 devices
Using proactor: IocpProactor
[DISCOVERY] 192.168.100.112 >> {'system': {'get_sysinfo': {}}}
Waiting a total of 5 seconds for responses...
Using SmartDevice for SMART.TAPOPLUG
Finding protocol for 192.168.100.112
Finding protocol for DeviceFamily.SmartTapoPlug
Finding transport for SMART.AES
Created AES transport for 192.168.100.112
[DISCOVERY] 192.168.100.112 << {'error_code': 0,
 'result': {'device_id': 'REDACTED_c913ec3cd97a6bec2fbb1ee',
            'device_model': 'P100',
            'device_type': 'SMART.TAPOPLUG',
            'factory_default': False,
            'ip': '192.168.100.112',
            'is_support_iot_cloud': True,
            'mac': '74-DA-88-00-00-00',
            'mgt_encrypt_schm': {'encrypt_type': 'AES',
                                 'http_port': 80,
                                 'is_support_https': False,
                                 'lv': 2},
            'owner': 'REDACTED_19347acd812465188388075'}}
Initializing 192.168.100.112 of type <class 'kasa.smart.smartdevice.SmartDevice'>
192.168.100.112 multi-request-batch-1-of-1 >> '{"method":"multipleRequest","request_time_milis":1744617750326,"terminal_uuid":"QvxKIzmEID6dZz6Y4l0VDA==","params":{"requests":[{"method":"component_nego"},{"method":"get_device_info"},{"method":"get_connect_cloud_state"}]}}'
Will perform handshaking...
Posting to http://192.168.100.112/app
Generating keypair
Handshake request: {'method': 'handshake', 'params': {'key': '-----BEGIN PUBLIC KEY-----\nMIGfMA0GCSqGSIb3DQEBAQUAA4GNADCBiQKBgQDKnkmj8v6hbDd0mFXq42k7oNQUF/S4Ys5k08gHVYtVi93e0oaM9Ijybhf057tRSkTI7I+dKS3MYIjcDpYUfrPf1R+GkJ+RoOTX43g5lIdATeQwUqPY37VWH+cXg3Y9LwUKkKpUaqOclNpdUHPhZpt/baiAwu9WuVNdIm5n5TuNGQIDAQAB\n-----END PUBLIC KEY-----\n'}}
Device responded with: {'error_code': 0, 'result': {'key': 'RF9bsHYeSZDmv4kZ17PNgg6H+xJsZ63EBrhgK7ZkJL7SZ6G8tDfFw7ZnczagygJXtFGDjSROtFn6hD+K++V6P5+NP4qOs6XSaGrQX9DqtiDQp0BK5hkIOqtJlRyV/h7GRIQz2FbJRnfrpPb+ddPOGCtoJs2FgUKqcazhtuGS9Bk='}}
Handshake with 192.168.100.112 complete
Posting to http://192.168.100.112/app
192.168.100.112: logged in with provided credentials
Posting to http://192.168.100.112/app?token=0B37C63810C876CF1DBFAEBC9B8CC28D
Device 192.168.100.112 received an os error, enabling sequential request delay: Server disconnected
Device 192.168.100.112 got a connection error, will retry 3 times: ('Device connection error: 192.168.100.112: Server disconnected', ServerDisconnectedError('Server disconnected'))
192.168.100.112 multi-request-batch-1-of-1 >> '{"method":"multipleRequest","request_time_milis":1744617750469,"terminal_uuid":"QvxKIzmEID6dZz6Y4l0VDA==","params":{"requests":[{"method":"component_nego"},{"method":"get_device_info"},{"method":"get_connect_cloud_state"}]}}'
Device 192.168.100.112 waiting 0.25 seconds to send request
Posting to http://192.168.100.112/app?token=0B37C63810C876CF1DBFAEBC9B8CC28D
192.168.100.112 multi-request-batch-1-of-1 << {'error_code': 0,
 'result': {'responses': [{'error_code': 0,
                           'method': 'component_nego',
                           'result': {'component_list': [{'id': 'device',
                                                          'ver_code': 2},
                                                         {'id': 'firmware',
                                                          'ver_code': 1},
                                                         {'id': 'quick_setup',
                                                          'ver_code': 3},
                                                         {'id': 'time',
                                                          'ver_code': 1},
                                                         {'id': 'wireless',
                                                          'ver_code': 1},
                                                         {'id': 'schedule',
                                                          'ver_code': 2},
                                                         {'id': 'countdown',
                                                          'ver_code': 2},
                                                         {'id': 'antitheft',
                                                          'ver_code': 1},
                                                         {'id': 'account',
                                                          'ver_code': 1},
                                                         {'id': 'synchronize',
                                                          'ver_code': 1},
                                                         {'id': 'sunrise_sunset',
                                                          'ver_code': 1},
                                                         {'id': 'led',
                                                          'ver_code': 1},
                                                         {'id': 'cloud_connect',
                                                          'ver_code': 1},
                                                         {'id': 'iot_cloud',
                                                          'ver_code': 1},
                                                         {'id': 'default_states',
                                                          'ver_code': 1}]}},
                          {'error_code': 0,
                           'method': 'get_device_info',
                           'result': {'avatar': 'plug',
                                      'default_states': {'state': {},
                                                         'type': 'last_states'},
                                      'device_id': 'REDACTED_DB80F24B353338FA05BB18C1C486215',
                                      'device_on': False,
                                      'fw_id': 'REDACTED_A25ABDE41405B20C6F98816',
                                      'fw_ver': '1.3.7 Build 20230711 Rel. '
                                                '61904',
                                      'has_set_location_info': True,
                                      'hw_id': 'REDACTED_5B29645B8150C392284029D',
                                      'hw_ver': '1.0.0',
                                      'ip': '192.168.100.112',
                                      'lang': 'it_IT',
                                      'latitude': 0,
                                      'location': '',
                                      'longitude': 0,
                                      'mac': '74-DA-88-00-00-00',
                                      'model': 'P100',
                                      'nickname': 'I01BU0tFRF9OQU1FIw==',
                                      'oem_id': 'REDACTED_06C60A9AEEA36A3347B6EBC',
                                      'on_time': 0,
                                      'overheated': False,
                                      'region': 'Europe/Rome',
                                      'rssi': -53,
                                      'signal_level': 2,
                                      'specs': 'EU',
                                      'ssid': 'I01BU0tFRF9TU0lEIw==',
                                      'time_diff': 60,
                                      'type': 'SMART.TAPOPLUG'}},
                          {'error_code': 0,
                           'method': 'get_connect_cloud_state',
                           'result': {'status': 0}}]}}
Device 192.168.100.112, found required cloud_connect, adding Cloud to modules.
Device 192.168.100.112, found required device, adding DeviceModule to modules.
Device 192.168.100.112, found required firmware, adding Firmware to modules.
Device 192.168.100.112, found required led, adding Led to modules.
Device 192.168.100.112, found required None, adding OverheatProtection to modules.
Device 192.168.100.112, found required time, adding Time to modules.
Querying 192.168.100.112 for modules: Time, Led
192.168.100.112 multi-request-batch-1-of-1 >> '{"method":"multipleRequest","request_time_milis":1744617750828,"terminal_uuid":"QvxKIzmEID6dZz6Y4l0VDA==","params":{"requests":[{"method":"get_device_time"},{"method":"get_led_info"}]}}'
Device 192.168.100.112 waiting 0.23399999999674037 seconds to send request
Posting to http://192.168.100.112/app?token=0B37C63810C876CF1DBFAEBC9B8CC28D
192.168.100.112 multi-request-batch-1-of-1 << {'error_code': 0,
 'result': {'responses': [{'error_code': 0,
                           'method': 'get_device_time',
                           'result': {'region': 'Europe/Rome',
                                      'time_diff': 60,
                                      'timestamp': 1744617744}},
                          {'error_code': 0,
                           'method': 'get_led_info',
                           'result': {'led_rule': 'always',
                                      'led_status': False,
                                      'night_mode': {'end_time': 0,
                                                     'night_mode_type': 'unknown',
                                                     'start_time': 0,
                                                     'sunrise_offset': 0,
                                                     'sunset_offset': 0}}}]}}
Update completed 192.168.100.112: ['component_nego', 'get_device_info', 'get_connect_cloud_state', 'get_device_time', 'get_led_info']
command is
on
Using proactor: IocpProactor
[DISCOVERY] 192.168.100.112 >> {'system': {'get_sysinfo': {}}}
Waiting a total of 5 seconds for responses...
Using SmartDevice for SMART.TAPOPLUG
Finding protocol for 192.168.100.112
Finding protocol for DeviceFamily.SmartTapoPlug
Finding transport for SMART.AES
Created AES transport for 192.168.100.112
[DISCOVERY] 192.168.100.112 << {'error_code': 0,
 'result': {'device_id': 'REDACTED_c913ec3cd97a6bec2fbb1ee',
            'device_model': 'P100',
            'device_type': 'SMART.TAPOPLUG',
            'factory_default': False,
            'ip': '192.168.100.112',
            'is_support_iot_cloud': True,
            'mac': '74-DA-88-00-00-00',
            'mgt_encrypt_schm': {'encrypt_type': 'AES',
                                 'http_port': 80,
                                 'is_support_https': False,
                                 'lv': 2},
            'owner': 'REDACTED_19347acd812465188388075'}}
Initializing 192.168.100.112 of type <class 'kasa.smart.smartdevice.SmartDevice'>
192.168.100.112 >> '{"method":"set_device_info","request_time_milis":1744617753046,"terminal_uuid":"MrtKWQPVfvQhUcPRbBCQRg==","params":{"device_on":true}}'
Will perform handshaking...
Posting to http://192.168.100.112/app
Generating keypair
Handshake request: {'method': 'handshake', 'params': {'key': '-----BEGIN PUBLIC KEY-----\nMIGfMA0GCSqGSIb3DQEBAQUAA4GNADCBiQKBgQCrBDD8DxZDz2B66E9tyNtaAm+urz2S5YbNwhRcBS8Px1wphWnSC0e0r1VwsYULvaUhgranShaA0evHzre1maDXtKlNDVLPASbTxgzBYQnbfd2acbT6UmJUhVKdfrW2lBW0YC1Wc2bCs4K4fOSE2T3uw9Vcjva/6sYS+vxtFncnzQIDAQAB\n-----END PUBLIC KEY-----\n'}}
Device responded with: {'error_code': 0, 'result': {'key': 'ffrkD0DrPDeeco+4WrnVJBR8S0ayPTCATIjQ+dGDomdq3Lxg93KYXpo64MFnNwVlyNUj8O6pVZZBApgJRAUaH144NDHBP9nlAkq0FXrGjU0y125nXFsOuty38fARqkCuJsXwR/yTtwoazjhKb5yR2cveqwbDTA1ZnTBqoZJYC1c='}}
Handshake with 192.168.100.112 complete
Posting to http://192.168.100.112/app
192.168.100.112: logged in with provided credentials
Posting to http://192.168.100.112/app?token=1382EE8731D7CFD528F557F4ACE413E4
Device 192.168.100.112 received an os error, enabling sequential request delay: Server disconnected
Device 192.168.100.112 got a connection error, will retry 3 times: ('Device connection error: 192.168.100.112: Server disconnected', ServerDisconnectedError('Server disconnected'))
192.168.100.112 >> '{"method":"set_device_info","request_time_milis":1744617753200,"terminal_uuid":"MrtKWQPVfvQhUcPRbBCQRg==","params":{"device_on":true}}'
Device 192.168.100.112 waiting 0.25 seconds to send request
Posting to http://192.168.100.112/app?token=1382EE8731D7CFD528F557F4ACE413E4
192.168.100.112 << {'error_code': 0}
192.168.100.112 multi-request-batch-1-of-1 >> '{"method":"multipleRequest","request_time_milis":1744617753561,"terminal_uuid":"MrtKWQPVfvQhUcPRbBCQRg==","params":{"requests":[{"method":"component_nego"},{"method":"get_device_info"},{"method":"get_connect_cloud_state"}]}}'
Device 192.168.100.112 waiting 0.25 seconds to send request
Posting to http://192.168.100.112/app?token=1382EE8731D7CFD528F557F4ACE413E4
192.168.100.112 multi-request-batch-1-of-1 << {'error_code': 0,
 'result': {'responses': [{'error_code': 0,
                           'method': 'component_nego',
                           'result': {'component_list': [{'id': 'device',
                                                          'ver_code': 2},
                                                         {'id': 'firmware',
                                                          'ver_code': 1},
                                                         {'id': 'quick_setup',
                                                          'ver_code': 3},
                                                         {'id': 'time',
                                                          'ver_code': 1},
                                                         {'id': 'wireless',
                                                          'ver_code': 1},
                                                         {'id': 'schedule',
                                                          'ver_code': 2},
                                                         {'id': 'countdown',
                                                          'ver_code': 2},
                                                         {'id': 'antitheft',
                                                          'ver_code': 1},
                                                         {'id': 'account',
                                                          'ver_code': 1},
                                                         {'id': 'synchronize',
                                                          'ver_code': 1},
                                                         {'id': 'sunrise_sunset',
                                                          'ver_code': 1},
                                                         {'id': 'led',
                                                          'ver_code': 1},
                                                         {'id': 'cloud_connect',
                                                          'ver_code': 1},
                                                         {'id': 'iot_cloud',
                                                          'ver_code': 1},
                                                         {'id': 'default_states',
                                                          'ver_code': 1}]}},
                          {'error_code': 0,
                           'method': 'get_device_info',
                           'result': {'avatar': 'plug',
                                      'default_states': {'state': {},
                                                         'type': 'last_states'},
                                      'device_id': 'REDACTED_DB80F24B353338FA05BB18C1C486215',
                                      'device_on': True,
                                      'fw_id': 'REDACTED_A25ABDE41405B20C6F98816',
                                      'fw_ver': '1.3.7 Build 20230711 Rel. '
                                                '61904',
                                      'has_set_location_info': True,
                                      'hw_id': 'REDACTED_5B29645B8150C392284029D',
                                      'hw_ver': '1.0.0',
                                      'ip': '192.168.100.112',
                                      'lang': 'it_IT',
                                      'latitude': 0,
                                      'location': '',
                                      'longitude': 0,
                                      'mac': '74-DA-88-00-00-00',
                                      'model': 'P100',
                                      'nickname': 'I01BU0tFRF9OQU1FIw==',
                                      'oem_id': 'REDACTED_06C60A9AEEA36A3347B6EBC',
                                      'on_time': 1,
                                      'overheated': False,
                                      'region': 'Europe/Rome',
                                      'rssi': -54,
                                      'signal_level': 2,
                                      'specs': 'EU',
                                      'ssid': 'I01BU0tFRF9TU0lEIw==',
                                      'time_diff': 60,
                                      'type': 'SMART.TAPOPLUG'}},
                          {'error_code': 0,
                           'method': 'get_connect_cloud_state',
                           'result': {'status': 0}}]}}
Device 192.168.100.112, found required cloud_connect, adding Cloud to modules.
Device 192.168.100.112, found required device, adding DeviceModule to modules.
Device 192.168.100.112, found required firmware, adding Firmware to modules.
Device 192.168.100.112, found required led, adding Led to modules.
Device 192.168.100.112, found required None, adding OverheatProtection to modules.
Device 192.168.100.112, found required time, adding Time to modules.
Querying 192.168.100.112 for modules: Time, Led
192.168.100.112 multi-request-batch-1-of-1 >> '{"method":"multipleRequest","request_time_milis":1744617753922,"terminal_uuid":"MrtKWQPVfvQhUcPRbBCQRg==","params":{"requests":[{"method":"get_device_time"},{"method":"get_led_info"}]}}'
Device 192.168.100.112 waiting 0.25 seconds to send request
Posting to http://192.168.100.112/app?token=1382EE8731D7CFD528F557F4ACE413E4
192.168.100.112 multi-request-batch-1-of-1 << {'error_code': 0,
 'result': {'responses': [{'error_code': 0,
                           'method': 'get_device_time',
                           'result': {'region': 'Europe/Rome',
                                      'time_diff': 60,
                                      'timestamp': 1744617747}},
                          {'error_code': 0,
                           'method': 'get_led_info',
                           'result': {'led_rule': 'always',
                                      'led_status': True,
                                      'night_mode': {'end_time': 0,
                                                     'night_mode_type': 'unknown',
                                                     'start_time': 0,
                                                     'sunrise_offset': 0,
                                                     'sunset_offset': 0}}}]}}
Update completed 192.168.100.112: ['component_nego', 'get_device_info', 'get_connect_cloud_state', 'get_device_time', 'get_led_info']
command is
off
Using proactor: IocpProactor
[DISCOVERY] 192.168.100.112 >> {'system': {'get_sysinfo': {}}}
Waiting a total of 5 seconds for responses...
Using SmartDevice for SMART.TAPOPLUG
Finding protocol for 192.168.100.112
Finding protocol for DeviceFamily.SmartTapoPlug
Finding transport for SMART.AES
Created AES transport for 192.168.100.112
[DISCOVERY] 192.168.100.112 << {'error_code': 0,
 'result': {'device_id': 'REDACTED_c913ec3cd97a6bec2fbb1ee',
            'device_model': 'P100',
            'device_type': 'SMART.TAPOPLUG',
            'factory_default': False,
            'ip': '192.168.100.112',
            'is_support_iot_cloud': True,
            'mac': '74-DA-88-00-00-00',
            'mgt_encrypt_schm': {'encrypt_type': 'AES',
                                 'http_port': 80,
                                 'is_support_https': False,
                                 'lv': 2},
            'owner': 'REDACTED_19347acd812465188388075'}}
Initializing 192.168.100.112 of type <class 'kasa.smart.smartdevice.SmartDevice'>
192.168.100.112 >> '{"method":"set_device_info","request_time_milis":1744617756555,"terminal_uuid":"oJtSRYX7geel1q0UzqDSZA==","params":{"device_on":false}}'
Will perform handshaking...
Posting to http://192.168.100.112/app
Generating keypair
Handshake request: {'method': 'handshake', 'params': {'key': '-----BEGIN PUBLIC KEY-----\nMIGfMA0GCSqGSIb3DQEBAQUAA4GNADCBiQKBgQDFNst+eUJOPaXZNX+alz+wipE3G05CqlLumssGfW79hJKTqzNns9T9kuoBPMjq1j/y1nIAj5MhMtf6u6FlaOnVxXGtHiMKGFH8cKjlKxrxDxkkDRM+rZCWZwQsLBjaCNNJImiFi+fdjc0legJ5wI8+1xBvlU+eNjYCqHfvcmW/nwIDAQAB\n-----END PUBLIC KEY-----\n'}}
Device responded with: {'error_code': 0, 'result': {'key': 'RjQZ7hPuXK8Iqrwbgde/MlhCg8a+nA+3PrjjNcBY0KTWFGevoVJkTF2z06W2lkLUrMkuyNQA5XEe9Mo0wwNwjS1VVs+zM29g9gnMDIGBNYdp0JYYLNYNEQ2rH0yUnPnxAKyGSxsLjnMfe7fBdPbuA4in0ibc++8PeUlcJvEqvTE='}}
Handshake with 192.168.100.112 complete
Posting to http://192.168.100.112/app
192.168.100.112: logged in with provided credentials
Posting to http://192.168.100.112/app?token=FD0BE10C217C2F7FC74F404E345E7F5E
Device 192.168.100.112 received an os error, enabling sequential request delay: Server disconnected
Device 192.168.100.112 got a connection error, will retry 3 times: ('Device connection error: 192.168.100.112: Server disconnected', ServerDisconnectedError('Server disconnected'))
192.168.100.112 >> '{"method":"set_device_info","request_time_milis":1744617756671,"terminal_uuid":"oJtSRYX7geel1q0UzqDSZA==","params":{"device_on":false}}'
Device 192.168.100.112 waiting 0.25 seconds to send request
Posting to http://192.168.100.112/app?token=FD0BE10C217C2F7FC74F404E345E7F5E
192.168.100.112 << {'error_code': 0}
192.168.100.112 multi-request-batch-1-of-1 >> '{"method":"multipleRequest","request_time_milis":1744617757069,"terminal_uuid":"oJtSRYX7geel1q0UzqDSZA==","params":{"requests":[{"method":"component_nego"},{"method":"get_device_info"},{"method":"get_connect_cloud_state"}]}}'
Device 192.168.100.112 waiting 0.25 seconds to send request
Posting to http://192.168.100.112/app?token=FD0BE10C217C2F7FC74F404E345E7F5E
192.168.100.112 multi-request-batch-1-of-1 << {'error_code': 0,
 'result': {'responses': [{'error_code': 0,
                           'method': 'component_nego',
                           'result': {'component_list': [{'id': 'device',
                                                          'ver_code': 2},
                                                         {'id': 'firmware',
                                                          'ver_code': 1},
                                                         {'id': 'quick_setup',
                                                          'ver_code': 3},
                                                         {'id': 'time',
                                                          'ver_code': 1},
                                                         {'id': 'wireless',
                                                          'ver_code': 1},
                                                         {'id': 'schedule',
                                                          'ver_code': 2},
                                                         {'id': 'countdown',
                                                          'ver_code': 2},
                                                         {'id': 'antitheft',
                                                          'ver_code': 1},
                                                         {'id': 'account',
                                                          'ver_code': 1},
                                                         {'id': 'synchronize',
                                                          'ver_code': 1},
                                                         {'id': 'sunrise_sunset',
                                                          'ver_code': 1},
                                                         {'id': 'led',
                                                          'ver_code': 1},
                                                         {'id': 'cloud_connect',
                                                          'ver_code': 1},
                                                         {'id': 'iot_cloud',
                                                          'ver_code': 1},
                                                         {'id': 'default_states',
                                                          'ver_code': 1}]}},
                          {'error_code': 0,
                           'method': 'get_device_info',
                           'result': {'avatar': 'plug',
                                      'default_states': {'state': {},
                                                         'type': 'last_states'},
                                      'device_id': 'REDACTED_DB80F24B353338FA05BB18C1C486215',
                                      'device_on': False,
                                      'fw_id': 'REDACTED_A25ABDE41405B20C6F98816',
                                      'fw_ver': '1.3.7 Build 20230711 Rel. '
                                                '61904',
                                      'has_set_location_info': True,
                                      'hw_id': 'REDACTED_5B29645B8150C392284029D',
                                      'hw_ver': '1.0.0',
                                      'ip': '192.168.100.112',
                                      'lang': 'it_IT',
                                      'latitude': 0,
                                      'location': '',
                                      'longitude': 0,
                                      'mac': '74-DA-88-00-00-00',
                                      'model': 'P100',
                                      'nickname': 'I01BU0tFRF9OQU1FIw==',
                                      'oem_id': 'REDACTED_06C60A9AEEA36A3347B6EBC',
                                      'on_time': 0,
                                      'overheated': False,
                                      'region': 'Europe/Rome',
                                      'rssi': -54,
                                      'signal_level': 2,
                                      'specs': 'EU',
                                      'ssid': 'I01BU0tFRF9TU0lEIw==',
                                      'time_diff': 60,
                                      'type': 'SMART.TAPOPLUG'}},
                          {'error_code': 0,
                           'method': 'get_connect_cloud_state',
                           'result': {'status': 0}}]}}
Device 192.168.100.112, found required cloud_connect, adding Cloud to modules.
Device 192.168.100.112, found required device, adding DeviceModule to modules.
Device 192.168.100.112, found required firmware, adding Firmware to modules.
Device 192.168.100.112, found required led, adding Led to modules.
Device 192.168.100.112, found required None, adding OverheatProtection to modules.
Device 192.168.100.112, found required time, adding Time to modules.
Querying 192.168.100.112 for modules: Time, Led
192.168.100.112 multi-request-batch-1-of-1 >> '{"method":"multipleRequest","request_time_milis":1744617757409,"terminal_uuid":"oJtSRYX7geel1q0UzqDSZA==","params":{"requests":[{"method":"get_device_time"},{"method":"get_led_info"}]}}'
Device 192.168.100.112 waiting 0.25 seconds to send request
Posting to http://192.168.100.112/app?token=FD0BE10C217C2F7FC74F404E345E7F5E
192.168.100.112 multi-request-batch-1-of-1 << {'error_code': 0,
 'result': {'responses': [{'error_code': 0,
                           'method': 'get_device_time',
                           'result': {'region': 'Europe/Rome',
                                      'time_diff': 60,
                                      'timestamp': 1744617750}},
                          {'error_code': 0,
                           'method': 'get_led_info',
                           'result': {'led_rule': 'always',
                                      'led_status': False,
                                      'night_mode': {'end_time': 0,
                                                     'night_mode_type': 'unknown',
                                                     'start_time': 0,
                                                     'sunrise_offset': 0,
                                                     'sunset_offset': 0}}}]}}
Update completed 192.168.100.112: ['component_nego', 'get_device_info', 'get_connect_cloud_state', 'get_device_time', 'get_led_info']
command is
on
Using proactor: IocpProactor
[DISCOVERY] 192.168.100.112 >> {'system': {'get_sysinfo': {}}}
Waiting a total of 5 seconds for responses...
Using SmartDevice for SMART.TAPOPLUG
Finding protocol for 192.168.100.112
Finding protocol for DeviceFamily.SmartTapoPlug
Finding transport for SMART.AES
Created AES transport for 192.168.100.112
[DISCOVERY] 192.168.100.112 << {'error_code': 0,
 'result': {'device_id': 'REDACTED_c913ec3cd97a6bec2fbb1ee',
            'device_model': 'P100',
            'device_type': 'SMART.TAPOPLUG',
            'factory_default': False,
            'ip': '192.168.100.112',
            'is_support_iot_cloud': True,
            'mac': '74-DA-88-00-00-00',
            'mgt_encrypt_schm': {'encrypt_type': 'AES',
                                 'http_port': 80,
                                 'is_support_https': False,
                                 'lv': 2},
            'owner': 'REDACTED_19347acd812465188388075'}}
Initializing 192.168.100.112 of type <class 'kasa.smart.smartdevice.SmartDevice'>
192.168.100.112 >> '{"method":"set_device_info","request_time_milis":1744617759661,"terminal_uuid":"ujECNbUTuxO+f7e0G4DF4A==","params":{"device_on":true}}'
Will perform handshaking...
Posting to http://192.168.100.112/app
Generating keypair
Handshake request: {'method': 'handshake', 'params': {'key': '-----BEGIN PUBLIC KEY-----\nMIGfMA0GCSqGSIb3DQEBAQUAA4GNADCBiQKBgQC7ucJc8DVyFcymUXvoOu0hsNw94TZVHJUM2/UcZjW5giMkTattjL8E2I5qfavr+XO0ssxKHca2FldjsqiONUV4ncKIpdbry/8Dn1qYq9bmkwE5BT73gsJKHEVFRS3XQOBK4CouIunJNdSptYckpKuK4uw1N04eBfLPVyEWeIswNwIDAQAB\n-----END PUBLIC KEY-----\n'}}
Device responded with: {'error_code': 0, 'result': {'key': 'uudvOh6mpro9JT3TOEmjUF3fuPxF5r96/fnmoSDJ+fVGI7fXWWfnRsNDNkeCLjMuNXoV02f0j9gfHnKBWNhzz3yTGl6d3z2gGIfJXucMV1YjJwYDim3pdqg1qKK9zv0PZ3fTCJTJe1HdEskJwOtXUhCvw2MAO4AlqZe1y+RvzdQ='}}
Handshake with 192.168.100.112 complete
Posting to http://192.168.100.112/app
192.168.100.112: logged in with provided credentials
Posting to http://192.168.100.112/app?token=0BED16E1C621C027A8472B441774D675
Device 192.168.100.112 received an os error, enabling sequential request delay: Server disconnected
Device 192.168.100.112 got a connection error, will retry 3 times: ('Device connection error: 192.168.100.112: Server disconnected', ServerDisconnectedError('Server disconnected'))
192.168.100.112 >> '{"method":"set_device_info","request_time_milis":1744617759802,"terminal_uuid":"ujECNbUTuxO+f7e0G4DF4A==","params":{"device_on":true}}'
Device 192.168.100.112 waiting 0.25 seconds to send request
Posting to http://192.168.100.112/app?token=0BED16E1C621C027A8472B441774D675
192.168.100.112 << {'error_code': 0}
192.168.100.112 multi-request-batch-1-of-1 >> '{"method":"multipleRequest","request_time_milis":1744617760165,"terminal_uuid":"ujECNbUTuxO+f7e0G4DF4A==","params":{"requests":[{"method":"component_nego"},{"method":"get_device_info"},{"method":"get_connect_cloud_state"}]}}'
Device 192.168.100.112 waiting 0.25 seconds to send request
Posting to http://192.168.100.112/app?token=0BED16E1C621C027A8472B441774D675
192.168.100.112 multi-request-batch-1-of-1 << {'error_code': 0,
 'result': {'responses': [{'error_code': 0,
                           'method': 'component_nego',
                           'result': {'component_list': [{'id': 'device',
                                                          'ver_code': 2},
                                                         {'id': 'firmware',
                                                          'ver_code': 1},
                                                         {'id': 'quick_setup',
                                                          'ver_code': 3},
                                                         {'id': 'time',
                                                          'ver_code': 1},
                                                         {'id': 'wireless',
                                                          'ver_code': 1},
                                                         {'id': 'schedule',
                                                          'ver_code': 2},
                                                         {'id': 'countdown',
                                                          'ver_code': 2},
                                                         {'id': 'antitheft',
                                                          'ver_code': 1},
                                                         {'id': 'account',
                                                          'ver_code': 1},
                                                         {'id': 'synchronize',
                                                          'ver_code': 1},
                                                         {'id': 'sunrise_sunset',
                                                          'ver_code': 1},
                                                         {'id': 'led',
                                                          'ver_code': 1},
                                                         {'id': 'cloud_connect',
                                                          'ver_code': 1},
                                                         {'id': 'iot_cloud',
                                                          'ver_code': 1},
                                                         {'id': 'default_states',
                                                          'ver_code': 1}]}},
                          {'error_code': 0,
                           'method': 'get_device_info',
                           'result': {'avatar': 'plug',
                                      'default_states': {'state': {},
                                                         'type': 'last_states'},
                                      'device_id': 'REDACTED_DB80F24B353338FA05BB18C1C486215',
                                      'device_on': True,
                                      'fw_id': 'REDACTED_A25ABDE41405B20C6F98816',
                                      'fw_ver': '1.3.7 Build 20230711 Rel. '
                                                '61904',
                                      'has_set_location_info': True,
                                      'hw_id': 'REDACTED_5B29645B8150C392284029D',
                                      'hw_ver': '1.0.0',
                                      'ip': '192.168.100.112',
                                      'lang': 'it_IT',
                                      'latitude': 0,
                                      'location': '',
                                      'longitude': 0,
                                      'mac': '74-DA-88-00-00-00',
                                      'model': 'P100',
                                      'nickname': 'I01BU0tFRF9OQU1FIw==',
                                      'oem_id': 'REDACTED_06C60A9AEEA36A3347B6EBC',
                                      'on_time': 0,
                                      'overheated': False,
                                      'region': 'Europe/Rome',
                                      'rssi': -54,
                                      'signal_level': 2,
                                      'specs': 'EU',
                                      'ssid': 'I01BU0tFRF9TU0lEIw==',
                                      'time_diff': 60,
                                      'type': 'SMART.TAPOPLUG'}},
                          {'error_code': 0,
                           'method': 'get_connect_cloud_state',
                           'result': {'status': 0}}]}}
Device 192.168.100.112, found required cloud_connect, adding Cloud to modules.
Device 192.168.100.112, found required device, adding DeviceModule to modules.
Device 192.168.100.112, found required firmware, adding Firmware to modules.
Device 192.168.100.112, found required led, adding Led to modules.
Device 192.168.100.112, found required None, adding OverheatProtection to modules.
Device 192.168.100.112, found required time, adding Time to modules.
Querying 192.168.100.112 for modules: Time, Led
192.168.100.112 multi-request-batch-1-of-1 >> '{"method":"multipleRequest","request_time_milis":1744617760537,"terminal_uuid":"ujECNbUTuxO+f7e0G4DF4A==","params":{"requests":[{"method":"get_device_time"},{"method":"get_led_info"}]}}'
Device 192.168.100.112 waiting 0.23399999999674037 seconds to send request
Posting to http://192.168.100.112/app?token=0BED16E1C621C027A8472B441774D675
192.168.100.112 multi-request-batch-1-of-1 << {'error_code': 0,
 'result': {'responses': [{'error_code': 0,
                           'method': 'get_device_time',
                           'result': {'region': 'Europe/Rome',
                                      'time_diff': 60,
                                      'timestamp': 1744617753}},
                          {'error_code': 0,
                           'method': 'get_led_info',
                           'result': {'led_rule': 'always',
                                      'led_status': True,
                                      'night_mode': {'end_time': 0,
                                                     'night_mode_type': 'unknown',
                                                     'start_time': 0,
                                                     'sunrise_offset': 0,
                                                     'sunset_offset': 0}}}]}}
Update completed 192.168.100.112: ['component_nego', 'get_device_info', 'get_connect_cloud_state', 'get_device_time', 'get_led_info']
Unclosed client session
client_session: <aiohttp.client.ClientSession object at 0x0000016529489AC0>
Exception in default exception handler
Traceback (most recent call last):
  File "C:\Users\Davide\AppData\Local\Programs\Python\Python312\Lib\asyncio\base_events.py", line 1847, in call_exception_handler
    self.default_exception_handler(context)
  File "C:\Users\Davide\AppData\Local\Programs\Python\Python312\Lib\asyncio\base_events.py", line 1821, in default_exception_handler
    logger.error('\n'.join(log_lines), exc_info=exc_info)
  File "C:\Users\Davide\AppData\Local\Programs\Python\Python312\Lib\logging\__init__.py", line 1568, in error
    self._log(ERROR, msg, args, **kwargs)
  File "C:\Users\Davide\AppData\Local\Programs\Python\Python312\Lib\logging\__init__.py", line 1684, in _log
    self.handle(record)
  File "C:\Users\Davide\AppData\Local\Programs\Python\Python312\Lib\logging\__init__.py", line 1700, in handle
    self.callHandlers(record)
  File "C:\Users\Davide\AppData\Local\Programs\Python\Python312\Lib\logging\__init__.py", line 1762, in callHandlers
    hdlr.handle(record)
  File "C:\Users\Davide\Desktop\ServerSmartPlug\log_manager.py", line 16, in handle
    listener(record)
  File "C:\Users\Davide\Desktop\ServerSmartPlug\gui\windows.py", line 25, in _add_console_line
    self.console_text.configure(state='normal')
  File "C:\Users\Davide\AppData\Local\Programs\Python\Python312\Lib\tkinter\__init__.py", line 1722, in configure
    return self._configure('configure', cnf, kw)
           ^^^^^^^^^^^^^^^^^^^^^^^^^^^^^^^^^^^^^
  File "C:\Users\Davide\AppData\Local\Programs\Python\Python312\Lib\tkinter\__init__.py", line 1712, in _configure
    self.tk.call(_flatten((self._w, cmd)) + self._options(cnf))
_tkinter.TclError: invalid command name ".!frame4.!frame.!text"
Unclosed connector
connections: ['deque([(<aiohttp.client_proto.ResponseHandler object at 0x00000165294A7C50>, 405952.578)])']
connector: <aiohttp.connector.TCPConnector object at 0x0000016529489B50>
Exception in default exception handler
Traceback (most recent call last):
  File "C:\Users\Davide\AppData\Local\Programs\Python\Python312\Lib\asyncio\base_events.py", line 1847, in call_exception_handler
    self.default_exception_handler(context)
  File "C:\Users\Davide\AppData\Local\Programs\Python\Python312\Lib\asyncio\base_events.py", line 1821, in default_exception_handler
    logger.error('\n'.join(log_lines), exc_info=exc_info)
  File "C:\Users\Davide\AppData\Local\Programs\Python\Python312\Lib\logging\__init__.py", line 1568, in error
    self._log(ERROR, msg, args, **kwargs)
  File "C:\Users\Davide\AppData\Local\Programs\Python\Python312\Lib\logging\__init__.py", line 1684, in _log
    self.handle(record)
  File "C:\Users\Davide\AppData\Local\Programs\Python\Python312\Lib\logging\__init__.py", line 1700, in handle
    self.callHandlers(record)
  File "C:\Users\Davide\AppData\Local\Programs\Python\Python312\Lib\logging\__init__.py", line 1762, in callHandlers
    hdlr.handle(record)
  File "C:\Users\Davide\Desktop\ServerSmartPlug\log_manager.py", line 16, in handle
    listener(record)
  File "C:\Users\Davide\Desktop\ServerSmartPlug\gui\windows.py", line 25, in _add_console_line
    self.console_text.configure(state='normal')
  File "C:\Users\Davide\AppData\Local\Programs\Python\Python312\Lib\tkinter\__init__.py", line 1722, in configure
    return self._configure('configure', cnf, kw)
           ^^^^^^^^^^^^^^^^^^^^^^^^^^^^^^^^^^^^^
  File "C:\Users\Davide\AppData\Local\Programs\Python\Python312\Lib\tkinter\__init__.py", line 1712, in _configure
    self.tk.call(_flatten((self._w, cmd)) + self._options(cnf))
_tkinter.TclError: invalid command name ".!frame4.!frame.!text"
C:\Users\Davide\AppData\Local\I3Lab - Politecnico di Milano\Server SmartPlug\options.json
Discovery started...
Using proactor: IocpProactor
Listening on 127.0.0.1:7071
[DISCOVERY] 255.255.255.255 >> {'system': {'get_sysinfo': {}}}
Waiting 5 seconds for responses...
Using proactor: IocpProactor
Using SmartDevice for SMART.TAPOPLUG
Finding protocol for 192.168.100.112
Finding protocol for DeviceFamily.SmartTapoPlug
Finding transport for SMART.AES
Created AES transport for 192.168.100.112
[DISCOVERY] 192.168.100.112 << {'error_code': 0,
 'result': {'device_id': 'REDACTED_c913ec3cd97a6bec2fbb1ee',
            'device_model': 'P100',
            'device_type': 'SMART.TAPOPLUG',
            'factory_default': False,
            'ip': '192.168.100.112',
            'is_support_iot_cloud': True,
            'mac': '74-DA-88-00-00-00',
            'mgt_encrypt_schm': {'encrypt_type': 'AES',
                                 'http_port': 80,
                                 'is_support_https': False,
                                 'lv': 2},
            'owner': 'REDACTED_19347acd812465188388075'}}
Initializing 192.168.100.112 of type <class 'kasa.smart.smartdevice.SmartDevice'>
Discovery finished! Found: 1 device(s)
Discovered 1 devices
Using proactor: IocpProactor
[DISCOVERY] 192.168.100.112 >> {'system': {'get_sysinfo': {}}}
Waiting a total of 5 seconds for responses...
Using SmartDevice for SMART.TAPOPLUG
Finding protocol for 192.168.100.112
Finding protocol for DeviceFamily.SmartTapoPlug
Finding transport for SMART.AES
Created AES transport for 192.168.100.112
[DISCOVERY] 192.168.100.112 << {'error_code': 0,
 'result': {'device_id': 'REDACTED_c913ec3cd97a6bec2fbb1ee',
            'device_model': 'P100',
            'device_type': 'SMART.TAPOPLUG',
            'factory_default': False,
            'ip': '192.168.100.112',
            'is_support_iot_cloud': True,
            'mac': '74-DA-88-00-00-00',
            'mgt_encrypt_schm': {'encrypt_type': 'AES',
                                 'http_port': 80,
                                 'is_support_https': False,
                                 'lv': 2},
            'owner': 'REDACTED_19347acd812465188388075'}}
Initializing 192.168.100.112 of type <class 'kasa.smart.smartdevice.SmartDevice'>
192.168.100.112 multi-request-batch-1-of-1 >> '{"method":"multipleRequest","request_time_milis":1744617861838,"terminal_uuid":"WMKres2zIascpv6HVPYagQ==","params":{"requests":[{"method":"component_nego"},{"method":"get_device_info"},{"method":"get_connect_cloud_state"}]}}'
Will perform handshaking...
Posting to http://192.168.100.112/app
Generating keypair
Handshake request: {'method': 'handshake', 'params': {'key': '-----BEGIN PUBLIC KEY-----\nMIGfMA0GCSqGSIb3DQEBAQUAA4GNADCBiQKBgQDRahC4mp95pb6Ney0xc8ug3dXfkhFtdIP/PW4M6tks7lx/OX02pU55Oi6KwOdhhoy3cj641226ZxnMfloEXVXVCzPzOBQUUnFsRvf1MmTs7y/sKwHDRb4BU8QRFI2atovBDjwENMkJi8eJHra6801ztd+9Mwq0izY59lhK/ZR61QIDAQAB\n-----END PUBLIC KEY-----\n'}}
Device responded with: {'error_code': 0, 'result': {'key': 'ADGGYTJoe4AnvmZ/i7SwHtiJLewys/nN0tdfkKvSdKmQMK53L5989oMsqi13RZPN22mWgMzXiEEFtGv/7HGdQ8ncXPqfSESkGz99XPQKvqfBPAgMvNiyGhxD1HUGooGviDa+1h4OY7M3UTAScyCDO8Vo7EGuuZmLoNGCKdhS1xc='}}
Handshake with 192.168.100.112 complete
Posting to http://192.168.100.112/app
192.168.100.112: logged in with provided credentials
Posting to http://192.168.100.112/app?token=3635773965F945FF449F5C9CD4AC50AD
Device 192.168.100.112 received an os error, enabling sequential request delay: Server disconnected
Device 192.168.100.112 got a connection error, will retry 3 times: ('Device connection error: 192.168.100.112: Server disconnected', ServerDisconnectedError('Server disconnected'))
192.168.100.112 multi-request-batch-1-of-1 >> '{"method":"multipleRequest","request_time_milis":1744617861979,"terminal_uuid":"WMKres2zIascpv6HVPYagQ==","params":{"requests":[{"method":"component_nego"},{"method":"get_device_info"},{"method":"get_connect_cloud_state"}]}}'
Device 192.168.100.112 waiting 0.25 seconds to send request
Posting to http://192.168.100.112/app?token=3635773965F945FF449F5C9CD4AC50AD
192.168.100.112 multi-request-batch-1-of-1 << {'error_code': 0,
 'result': {'responses': [{'error_code': 0,
                           'method': 'component_nego',
                           'result': {'component_list': [{'id': 'device',
                                                          'ver_code': 2},
                                                         {'id': 'firmware',
                                                          'ver_code': 1},
                                                         {'id': 'quick_setup',
                                                          'ver_code': 3},
                                                         {'id': 'time',
                                                          'ver_code': 1},
                                                         {'id': 'wireless',
                                                          'ver_code': 1},
                                                         {'id': 'schedule',
                                                          'ver_code': 2},
                                                         {'id': 'countdown',
                                                          'ver_code': 2},
                                                         {'id': 'antitheft',
                                                          'ver_code': 1},
                                                         {'id': 'account',
                                                          'ver_code': 1},
                                                         {'id': 'synchronize',
                                                          'ver_code': 1},
                                                         {'id': 'sunrise_sunset',
                                                          'ver_code': 1},
                                                         {'id': 'led',
                                                          'ver_code': 1},
                                                         {'id': 'cloud_connect',
                                                          'ver_code': 1},
                                                         {'id': 'iot_cloud',
                                                          'ver_code': 1},
                                                         {'id': 'default_states',
                                                          'ver_code': 1}]}},
                          {'error_code': 0,
                           'method': 'get_device_info',
                           'result': {'avatar': 'plug',
                                      'default_states': {'state': {},
                                                         'type': 'last_states'},
                                      'device_id': 'REDACTED_DB80F24B353338FA05BB18C1C486215',
                                      'device_on': True,
                                      'fw_id': 'REDACTED_A25ABDE41405B20C6F98816',
                                      'fw_ver': '1.3.7 Build 20230711 Rel. '
                                                '61904',
                                      'has_set_location_info': True,
                                      'hw_id': 'REDACTED_5B29645B8150C392284029D',
                                      'hw_ver': '1.0.0',
                                      'ip': '192.168.100.112',
                                      'lang': 'it_IT',
                                      'latitude': 0,
                                      'location': '',
                                      'longitude': 0,
                                      'mac': '74-DA-88-00-00-00',
                                      'model': 'P100',
                                      'nickname': 'I01BU0tFRF9OQU1FIw==',
                                      'oem_id': 'REDACTED_06C60A9AEEA36A3347B6EBC',
                                      'on_time': 102,
                                      'overheated': False,
                                      'region': 'Europe/Rome',
                                      'rssi': -53,
                                      'signal_level': 2,
                                      'specs': 'EU',
                                      'ssid': 'I01BU0tFRF9TU0lEIw==',
                                      'time_diff': 60,
                                      'type': 'SMART.TAPOPLUG'}},
                          {'error_code': 0,
                           'method': 'get_connect_cloud_state',
                           'result': {'status': 0}}]}}
Device 192.168.100.112, found required cloud_connect, adding Cloud to modules.
Device 192.168.100.112, found required device, adding DeviceModule to modules.
Device 192.168.100.112, found required firmware, adding Firmware to modules.
Device 192.168.100.112, found required led, adding Led to modules.
Device 192.168.100.112, found required None, adding OverheatProtection to modules.
Device 192.168.100.112, found required time, adding Time to modules.
Querying 192.168.100.112 for modules: Time, Led
192.168.100.112 multi-request-batch-1-of-1 >> '{"method":"multipleRequest","request_time_milis":1744617863007,"terminal_uuid":"WMKres2zIascpv6HVPYagQ==","params":{"requests":[{"method":"get_device_time"},{"method":"get_led_info"}]}}'
Device 192.168.100.112 waiting 0.25 seconds to send request
Posting to http://192.168.100.112/app?token=3635773965F945FF449F5C9CD4AC50AD
192.168.100.112 multi-request-batch-1-of-1 << {'error_code': 0,
 'result': {'responses': [{'error_code': 0,
                           'method': 'get_device_time',
                           'result': {'region': 'Europe/Rome',
                                      'time_diff': 60,
                                      'timestamp': 1744617856}},
                          {'error_code': 0,
                           'method': 'get_led_info',
                           'result': {'led_rule': 'always',
                                      'led_status': True,
                                      'night_mode': {'end_time': 0,
                                                     'night_mode_type': 'unknown',
                                                     'start_time': 0,
                                                     'sunrise_offset': 0,
                                                     'sunset_offset': 0}}}]}}
Update completed 192.168.100.112: ['component_nego', 'get_device_info', 'get_connect_cloud_state', 'get_device_time', 'get_led_info']
[DISCOVERY] 192.168.100.112 >> {'system': {'get_sysinfo': {}}}
Waiting a total of 5 seconds for responses...
Using SmartDevice for SMART.TAPOPLUG
Finding protocol for 192.168.100.112
Finding protocol for DeviceFamily.SmartTapoPlug
Finding transport for SMART.AES
Created AES transport for 192.168.100.112
[DISCOVERY] 192.168.100.112 << {'error_code': 0,
 'result': {'device_id': 'REDACTED_c913ec3cd97a6bec2fbb1ee',
            'device_model': 'P100',
            'device_type': 'SMART.TAPOPLUG',
            'factory_default': False,
            'ip': '192.168.100.112',
            'is_support_iot_cloud': True,
            'mac': '74-DA-88-00-00-00',
            'mgt_encrypt_schm': {'encrypt_type': 'AES',
                                 'http_port': 80,
                                 'is_support_https': False,
                                 'lv': 2},
            'owner': 'REDACTED_19347acd812465188388075'}}
Initializing 192.168.100.112 of type <class 'kasa.smart.smartdevice.SmartDevice'>
192.168.100.112 >> '{"method":"set_device_info","request_time_milis":1744617881084,"terminal_uuid":"DOj88ol5BDJBJDPFI9PvGQ==","params":{"device_on":false}}'
Will perform handshaking...
Posting to http://192.168.100.112/app
Generating keypair
Handshake request: {'method': 'handshake', 'params': {'key': '-----BEGIN PUBLIC KEY-----\nMIGfMA0GCSqGSIb3DQEBAQUAA4GNADCBiQKBgQDLA5gvcqPridxgraThERrq9m8XnQdbYIfzL+pOBqYY8i7s40iSEvpjAQ4KQ2Mwl54eLRLSkSddcAdaEPwuDCzYtsr2dTJTzxkKq7s/Z/y0OacFPmuBeuO24Ais696nZeaJcwCOQVnXE/7HZtRJxbXad7K060WdOPX++MrHJ4JFSQIDAQAB\n-----END PUBLIC KEY-----\n'}}
Device responded with: {'error_code': 0, 'result': {'key': 'NhBUhLPZ0uOAM0aW0/47/iCS/wzcQaqoyDRHGn2r10uA7IRSvBruHnI6RlPQe3kUsL0zzJwYuM4FAy7/20zPUOjUAlNmO3a9lpcbCtzpFZIbukisD2lLyd4UeOhYxxwod76VrIPU8V8GIfYH3T5RZDQsuegwjBZXWUE/XX+xOK0='}}
Handshake with 192.168.100.112 complete
Posting to http://192.168.100.112/app
192.168.100.112: logged in with provided credentials
Posting to http://192.168.100.112/app?token=A1D76ADFD45F315B6E1B9C19B3394A38
Device 192.168.100.112 received an os error, enabling sequential request delay: Server disconnected
Device 192.168.100.112 got a connection error, will retry 3 times: ('Device connection error: 192.168.100.112: Server disconnected', ServerDisconnectedError('Server disconnected'))
192.168.100.112 >> '{"method":"set_device_info","request_time_milis":1744617881361,"terminal_uuid":"DOj88ol5BDJBJDPFI9PvGQ==","params":{"device_on":false}}'
Device 192.168.100.112 waiting 0.25 seconds to send request
Posting to http://192.168.100.112/app?token=A1D76ADFD45F315B6E1B9C19B3394A38
192.168.100.112 << {'error_code': 0}
192.168.100.112 multi-request-batch-1-of-1 >> '{"method":"multipleRequest","request_time_milis":1744617881819,"terminal_uuid":"DOj88ol5BDJBJDPFI9PvGQ==","params":{"requests":[{"method":"component_nego"},{"method":"get_device_info"},{"method":"get_connect_cloud_state"}]}}'
Device 192.168.100.112 waiting 0.25 seconds to send request
Posting to http://192.168.100.112/app?token=A1D76ADFD45F315B6E1B9C19B3394A38
192.168.100.112 multi-request-batch-1-of-1 << {'error_code': 0,
 'result': {'responses': [{'error_code': 0,
                           'method': 'component_nego',
                           'result': {'component_list': [{'id': 'device',
                                                          'ver_code': 2},
                                                         {'id': 'firmware',
                                                          'ver_code': 1},
                                                         {'id': 'quick_setup',
                                                          'ver_code': 3},
                                                         {'id': 'time',
                                                          'ver_code': 1},
                                                         {'id': 'wireless',
                                                          'ver_code': 1},
                                                         {'id': 'schedule',
                                                          'ver_code': 2},
                                                         {'id': 'countdown',
                                                          'ver_code': 2},
                                                         {'id': 'antitheft',
                                                          'ver_code': 1},
                                                         {'id': 'account',
                                                          'ver_code': 1},
                                                         {'id': 'synchronize',
                                                          'ver_code': 1},
                                                         {'id': 'sunrise_sunset',
                                                          'ver_code': 1},
                                                         {'id': 'led',
                                                          'ver_code': 1},
                                                         {'id': 'cloud_connect',
                                                          'ver_code': 1},
                                                         {'id': 'iot_cloud',
                                                          'ver_code': 1},
                                                         {'id': 'default_states',
                                                          'ver_code': 1}]}},
                          {'error_code': 0,
                           'method': 'get_device_info',
                           'result': {'avatar': 'plug',
                                      'default_states': {'state': {},
                                                         'type': 'last_states'},
                                      'device_id': 'REDACTED_DB80F24B353338FA05BB18C1C486215',
                                      'device_on': False,
                                      'fw_id': 'REDACTED_A25ABDE41405B20C6F98816',
                                      'fw_ver': '1.3.7 Build 20230711 Rel. '
                                                '61904',
                                      'has_set_location_info': True,
                                      'hw_id': 'REDACTED_5B29645B8150C392284029D',
                                      'hw_ver': '1.0.0',
                                      'ip': '192.168.100.112',
                                      'lang': 'it_IT',
                                      'latitude': 0,
                                      'location': '',
                                      'longitude': 0,
                                      'mac': '74-DA-88-00-00-00',
                                      'model': 'P100',
                                      'nickname': 'I01BU0tFRF9OQU1FIw==',
                                      'oem_id': 'REDACTED_06C60A9AEEA36A3347B6EBC',
                                      'on_time': 0,
                                      'overheated': False,
                                      'region': 'Europe/Rome',
                                      'rssi': -53,
                                      'signal_level': 2,
                                      'specs': 'EU',
                                      'ssid': 'I01BU0tFRF9TU0lEIw==',
                                      'time_diff': 60,
                                      'type': 'SMART.TAPOPLUG'}},
                          {'error_code': 0,
                           'method': 'get_connect_cloud_state',
                           'result': {'status': 0}}]}}
Device 192.168.100.112, found required cloud_connect, adding Cloud to modules.
Device 192.168.100.112, found required device, adding DeviceModule to modules.
Device 192.168.100.112, found required firmware, adding Firmware to modules.
Device 192.168.100.112, found required led, adding Led to modules.
Device 192.168.100.112, found required None, adding OverheatProtection to modules.
Device 192.168.100.112, found required time, adding Time to modules.
Querying 192.168.100.112 for modules: Time, Led
192.168.100.112 multi-request-batch-1-of-1 >> '{"method":"multipleRequest","request_time_milis":1744617882280,"terminal_uuid":"DOj88ol5BDJBJDPFI9PvGQ==","params":{"requests":[{"method":"get_device_time"},{"method":"get_led_info"}]}}'
Device 192.168.100.112 waiting 0.2190000000409782 seconds to send request
Posting to http://192.168.100.112/app?token=A1D76ADFD45F315B6E1B9C19B3394A38
192.168.100.112 multi-request-batch-1-of-1 << {'error_code': 0,
 'result': {'responses': [{'error_code': 0,
                           'method': 'get_device_time',
                           'result': {'region': 'Europe/Rome',
                                      'time_diff': 60,
                                      'timestamp': 1744617875}},
                          {'error_code': 0,
                           'method': 'get_led_info',
                           'result': {'led_rule': 'always',
                                      'led_status': False,
                                      'night_mode': {'end_time': 0,
                                                     'night_mode_type': 'unknown',
                                                     'start_time': 0,
                                                     'sunrise_offset': 0,
                                                     'sunset_offset': 0}}}]}}
Update completed 192.168.100.112: ['component_nego', 'get_device_info', 'get_connect_cloud_state', 'get_device_time', 'get_led_info']
Unclosed client session
client_session: <aiohttp.client.ClientSession object at 0x000002D11C0D3AD0>
Unclosed connector
connections: ['deque([(<aiohttp.client_proto.ResponseHandler object at 0x000002D11C0F3C50>, 406064.781)])']
connector: <aiohttp.connector.TCPConnector object at 0x000002D11C0D1970>
C:\Users\Davide\AppData\Local\I3Lab - Politecnico di Milano\Server SmartPlug\options.json
Discovery started...
Using proactor: IocpProactor
Listening on 127.0.0.1:7071
[DISCOVERY] 255.255.255.255 >> {'system': {'get_sysinfo': {}}}
Waiting 5 seconds for responses...
Using SmartDevice for SMART.TAPOPLUG
Using proactor: IocpProactor
Finding protocol for 192.168.100.112
Finding protocol for DeviceFamily.SmartTapoPlug
Finding transport for SMART.AES
Created AES transport for 192.168.100.112
[DISCOVERY] 192.168.100.112 << {'error_code': 0,
 'result': {'device_id': 'REDACTED_c913ec3cd97a6bec2fbb1ee',
            'device_model': 'P100',
            'device_type': 'SMART.TAPOPLUG',
            'factory_default': False,
            'ip': '192.168.100.112',
            'is_support_iot_cloud': True,
            'mac': '74-DA-88-00-00-00',
            'mgt_encrypt_schm': {'encrypt_type': 'AES',
                                 'http_port': 80,
                                 'is_support_https': False,
                                 'lv': 2},
            'owner': 'REDACTED_19347acd812465188388075'}}
Initializing 192.168.100.112 of type <class 'kasa.smart.smartdevice.SmartDevice'>
Discovery finished! Found: 1 device(s)
Discovered 1 devices
Using proactor: IocpProactor
[DISCOVERY] 192.168.100.112 >> {'system': {'get_sysinfo': {}}}
Waiting a total of 5 seconds for responses...
Using SmartDevice for SMART.TAPOPLUG
Finding protocol for 192.168.100.112
Finding protocol for DeviceFamily.SmartTapoPlug
Finding transport for SMART.AES
Created AES transport for 192.168.100.112
[DISCOVERY] 192.168.100.112 << {'error_code': 0,
 'result': {'device_id': 'REDACTED_c913ec3cd97a6bec2fbb1ee',
            'device_model': 'P100',
            'device_type': 'SMART.TAPOPLUG',
            'factory_default': False,
            'ip': '192.168.100.112',
            'is_support_iot_cloud': True,
            'mac': '74-DA-88-00-00-00',
            'mgt_encrypt_schm': {'encrypt_type': 'AES',
                                 'http_port': 80,
                                 'is_support_https': False,
                                 'lv': 2},
            'owner': 'REDACTED_19347acd812465188388075'}}
Initializing 192.168.100.112 of type <class 'kasa.smart.smartdevice.SmartDevice'>
192.168.100.112 multi-request-batch-1-of-1 >> '{"method":"multipleRequest","request_time_milis":1744617959717,"terminal_uuid":"OA9+BEyARcqBBpsp+ixwCQ==","params":{"requests":[{"method":"component_nego"},{"method":"get_device_info"},{"method":"get_connect_cloud_state"}]}}'
Will perform handshaking...
Posting to http://192.168.100.112/app
Generating keypair
Handshake request: {'method': 'handshake', 'params': {'key': '-----BEGIN PUBLIC KEY-----\nMIGfMA0GCSqGSIb3DQEBAQUAA4GNADCBiQKBgQDLZOaPVUiECoFf62BEUFatwOgtyySQbLgxTL7S1ZSd+VUEZiqWTuSb7NPuWP8BUKWd6uEmWKIr+dtnSR7tGXQBHVVOpROIYnbUW0Vs3eR3KQrEul0un1Uk+DOwa4LZ2nNgM+y+ALTPbwJQJ86f8NFRXzozfFvaAgcLlhZQOJY9pQIDAQAB\n-----END PUBLIC KEY-----\n'}}
Device responded with: {'error_code': 0, 'result': {'key': 'acuTszAs+cVV+MczAC2pRHIUMONVAC+30nfxX1xuKJc42S8RJn81xKLMRo1vLtp3F1XIwAjtS2t8v9MJvuWQ01xsrudsaPxz4o76vH1a/6tDsvk225KOQq8kEw607YnNMPKF1B9cQsWRb+hTzI7/eRzJGJ7PsLTDBpjjv5UuXBc='}}
Handshake with 192.168.100.112 complete
Posting to http://192.168.100.112/app
192.168.100.112: logged in with provided credentials
Posting to http://192.168.100.112/app?token=F7FB70F704374F31FD51D85281621363
Device 192.168.100.112 received an os error, enabling sequential request delay: Server disconnected
Device 192.168.100.112 got a connection error, will retry 3 times: ('Device connection error: 192.168.100.112: Server disconnected', ServerDisconnectedError('Server disconnected'))
192.168.100.112 multi-request-batch-1-of-1 >> '{"method":"multipleRequest","request_time_milis":1744617959884,"terminal_uuid":"OA9+BEyARcqBBpsp+ixwCQ==","params":{"requests":[{"method":"component_nego"},{"method":"get_device_info"},{"method":"get_connect_cloud_state"}]}}'
Device 192.168.100.112 waiting 0.23500000004423782 seconds to send request
Posting to http://192.168.100.112/app?token=F7FB70F704374F31FD51D85281621363
192.168.100.112 multi-request-batch-1-of-1 << {'error_code': 0,
 'result': {'responses': [{'error_code': 0,
                           'method': 'component_nego',
                           'result': {'component_list': [{'id': 'device',
                                                          'ver_code': 2},
                                                         {'id': 'firmware',
                                                          'ver_code': 1},
                                                         {'id': 'quick_setup',
                                                          'ver_code': 3},
                                                         {'id': 'time',
                                                          'ver_code': 1},
                                                         {'id': 'wireless',
                                                          'ver_code': 1},
                                                         {'id': 'schedule',
                                                          'ver_code': 2},
                                                         {'id': 'countdown',
                                                          'ver_code': 2},
                                                         {'id': 'antitheft',
                                                          'ver_code': 1},
                                                         {'id': 'account',
                                                          'ver_code': 1},
                                                         {'id': 'synchronize',
                                                          'ver_code': 1},
                                                         {'id': 'sunrise_sunset',
                                                          'ver_code': 1},
                                                         {'id': 'led',
                                                          'ver_code': 1},
                                                         {'id': 'cloud_connect',
                                                          'ver_code': 1},
                                                         {'id': 'iot_cloud',
                                                          'ver_code': 1},
                                                         {'id': 'default_states',
                                                          'ver_code': 1}]}},
                          {'error_code': 0,
                           'method': 'get_device_info',
                           'result': {'avatar': 'plug',
                                      'default_states': {'state': {},
                                                         'type': 'last_states'},
                                      'device_id': 'REDACTED_DB80F24B353338FA05BB18C1C486215',
                                      'device_on': False,
                                      'fw_id': 'REDACTED_A25ABDE41405B20C6F98816',
                                      'fw_ver': '1.3.7 Build 20230711 Rel. '
                                                '61904',
                                      'has_set_location_info': True,
                                      'hw_id': 'REDACTED_5B29645B8150C392284029D',
                                      'hw_ver': '1.0.0',
                                      'ip': '192.168.100.112',
                                      'lang': 'it_IT',
                                      'latitude': 0,
                                      'location': '',
                                      'longitude': 0,
                                      'mac': '74-DA-88-00-00-00',
                                      'model': 'P100',
                                      'nickname': 'I01BU0tFRF9OQU1FIw==',
                                      'oem_id': 'REDACTED_06C60A9AEEA36A3347B6EBC',
                                      'on_time': 0,
                                      'overheated': False,
                                      'region': 'Europe/Rome',
                                      'rssi': -53,
                                      'signal_level': 2,
                                      'specs': 'EU',
                                      'ssid': 'I01BU0tFRF9TU0lEIw==',
                                      'time_diff': 60,
                                      'type': 'SMART.TAPOPLUG'}},
                          {'error_code': 0,
                           'method': 'get_connect_cloud_state',
                           'result': {'status': 0}}]}}
Device 192.168.100.112, found required cloud_connect, adding Cloud to modules.
Device 192.168.100.112, found required device, adding DeviceModule to modules.
Device 192.168.100.112, found required firmware, adding Firmware to modules.
Device 192.168.100.112, found required led, adding Led to modules.
Device 192.168.100.112, found required None, adding OverheatProtection to modules.
Device 192.168.100.112, found required time, adding Time to modules.
Querying 192.168.100.112 for modules: Time, Led
192.168.100.112 multi-request-batch-1-of-1 >> '{"method":"multipleRequest","request_time_milis":1744617960209,"terminal_uuid":"OA9+BEyARcqBBpsp+ixwCQ==","params":{"requests":[{"method":"get_device_time"},{"method":"get_led_info"}]}}'
Device 192.168.100.112 waiting 0.23399999999674037 seconds to send request
Posting to http://192.168.100.112/app?token=F7FB70F704374F31FD51D85281621363
192.168.100.112 multi-request-batch-1-of-1 << {'error_code': 0,
 'result': {'responses': [{'error_code': 0,
                           'method': 'get_device_time',
                           'result': {'region': 'Europe/Rome',
                                      'time_diff': 60,
                                      'timestamp': 1744617953}},
                          {'error_code': 0,
                           'method': 'get_led_info',
                           'result': {'led_rule': 'always',
                                      'led_status': False,
                                      'night_mode': {'end_time': 0,
                                                     'night_mode_type': 'unknown',
                                                     'start_time': 0,
                                                     'sunrise_offset': 0,
                                                     'sunset_offset': 0}}}]}}
Update completed 192.168.100.112: ['component_nego', 'get_device_info', 'get_connect_cloud_state', 'get_device_time', 'get_led_info']
[DISCOVERY] 192.168.100.112 >> {'system': {'get_sysinfo': {}}}
Waiting a total of 5 seconds for responses...
Using SmartDevice for SMART.TAPOPLUG
Finding protocol for 192.168.100.112
Finding protocol for DeviceFamily.SmartTapoPlug
Finding transport for SMART.AES
Created AES transport for 192.168.100.112
[DISCOVERY] 192.168.100.112 << {'error_code': 0,
 'result': {'device_id': 'REDACTED_c913ec3cd97a6bec2fbb1ee',
            'device_model': 'P100',
            'device_type': 'SMART.TAPOPLUG',
            'factory_default': False,
            'ip': '192.168.100.112',
            'is_support_iot_cloud': True,
            'mac': '74-DA-88-00-00-00',
            'mgt_encrypt_schm': {'encrypt_type': 'AES',
                                 'http_port': 80,
                                 'is_support_https': False,
                                 'lv': 2},
            'owner': 'REDACTED_19347acd812465188388075'}}
Initializing 192.168.100.112 of type <class 'kasa.smart.smartdevice.SmartDevice'>
192.168.100.112 >> '{"method":"set_device_info","request_time_milis":1744617973264,"terminal_uuid":"BXHlISMfMxT5M1oDa3WAlg==","params":{"device_on":false}}'
Will perform handshaking...
Posting to http://192.168.100.112/app
Generating keypair
Handshake request: {'method': 'handshake', 'params': {'key': '-----BEGIN PUBLIC KEY-----\nMIGfMA0GCSqGSIb3DQEBAQUAA4GNADCBiQKBgQDVdHjuOTw46FfpYO2HkDZOoc2sbb+bho+PSjGe7aRqii4uex9QRYrAzSn5vQ7XBuLmY4zyVfyPNoE8l7BbYSFlXlR3PHE9cvZccPo68ZOcSUZXPLi1sNBH0Q84HeOH/MoMapsUZN7eFjYCHsVB7TNIS9JH/kTb4QjRAiUj57SSPQIDAQAB\n-----END PUBLIC KEY-----\n'}}
Device responded with: {'error_code': 0, 'result': {'key': 'k0+8giwUehf6Vlt/bcxRSTWWs1TZ8bBsoVaHO/PkuzLVCjJhR49fRrBLyhA8SsoGZrAZHWHwfIs8H6o5/JrXa7tluXdIipYuHcJD2PEK7k7FAZIWQH91Zwa7CPNsZmCuMW4+vzIJ5gFWPFXSpgot573ONyr8b9f6UmfrcW988GI='}}
Handshake with 192.168.100.112 complete
Posting to http://192.168.100.112/app
192.168.100.112: logged in with provided credentials
Posting to http://192.168.100.112/app?token=3C497E4C5C1C7D1E643EF43FF82F382F
Device 192.168.100.112 received an os error, enabling sequential request delay: Server disconnected
Device 192.168.100.112 got a connection error, will retry 3 times: ('Device connection error: 192.168.100.112: Server disconnected', ServerDisconnectedError('Server disconnected'))
192.168.100.112 >> '{"method":"set_device_info","request_time_milis":1744617973401,"terminal_uuid":"BXHlISMfMxT5M1oDa3WAlg==","params":{"device_on":false}}'
Device 192.168.100.112 waiting 0.25 seconds to send request
Posting to http://192.168.100.112/app?token=3C497E4C5C1C7D1E643EF43FF82F382F
192.168.100.112 << {'error_code': 0}
192.168.100.112 multi-request-batch-1-of-1 >> '{"method":"multipleRequest","request_time_milis":1744617973729,"terminal_uuid":"BXHlISMfMxT5M1oDa3WAlg==","params":{"requests":[{"method":"component_nego"},{"method":"get_device_info"},{"method":"get_connect_cloud_state"}]}}'
Device 192.168.100.112 waiting 0.25 seconds to send request
Posting to http://192.168.100.112/app?token=3C497E4C5C1C7D1E643EF43FF82F382F
192.168.100.112 multi-request-batch-1-of-1 << {'error_code': 0,
 'result': {'responses': [{'error_code': 0,
                           'method': 'component_nego',
                           'result': {'component_list': [{'id': 'device',
                                                          'ver_code': 2},
                                                         {'id': 'firmware',
                                                          'ver_code': 1},
                                                         {'id': 'quick_setup',
                                                          'ver_code': 3},
                                                         {'id': 'time',
                                                          'ver_code': 1},
                                                         {'id': 'wireless',
                                                          'ver_code': 1},
                                                         {'id': 'schedule',
                                                          'ver_code': 2},
                                                         {'id': 'countdown',
                                                          'ver_code': 2},
                                                         {'id': 'antitheft',
                                                          'ver_code': 1},
                                                         {'id': 'account',
                                                          'ver_code': 1},
                                                         {'id': 'synchronize',
                                                          'ver_code': 1},
                                                         {'id': 'sunrise_sunset',
                                                          'ver_code': 1},
                                                         {'id': 'led',
                                                          'ver_code': 1},
                                                         {'id': 'cloud_connect',
                                                          'ver_code': 1},
                                                         {'id': 'iot_cloud',
                                                          'ver_code': 1},
                                                         {'id': 'default_states',
                                                          'ver_code': 1}]}},
                          {'error_code': 0,
                           'method': 'get_device_info',
                           'result': {'avatar': 'plug',
                                      'default_states': {'state': {},
                                                         'type': 'last_states'},
                                      'device_id': 'REDACTED_DB80F24B353338FA05BB18C1C486215',
                                      'device_on': False,
                                      'fw_id': 'REDACTED_A25ABDE41405B20C6F98816',
                                      'fw_ver': '1.3.7 Build 20230711 Rel. '
                                                '61904',
                                      'has_set_location_info': True,
                                      'hw_id': 'REDACTED_5B29645B8150C392284029D',
                                      'hw_ver': '1.0.0',
                                      'ip': '192.168.100.112',
                                      'lang': 'it_IT',
                                      'latitude': 0,
                                      'location': '',
                                      'longitude': 0,
                                      'mac': '74-DA-88-00-00-00',
                                      'model': 'P100',
                                      'nickname': 'I01BU0tFRF9OQU1FIw==',
                                      'oem_id': 'REDACTED_06C60A9AEEA36A3347B6EBC',
                                      'on_time': 0,
                                      'overheated': False,
                                      'region': 'Europe/Rome',
                                      'rssi': -53,
                                      'signal_level': 2,
                                      'specs': 'EU',
                                      'ssid': 'I01BU0tFRF9TU0lEIw==',
                                      'time_diff': 60,
                                      'type': 'SMART.TAPOPLUG'}},
                          {'error_code': 0,
                           'method': 'get_connect_cloud_state',
                           'result': {'status': 0}}]}}
Device 192.168.100.112, found required cloud_connect, adding Cloud to modules.
Device 192.168.100.112, found required device, adding DeviceModule to modules.
Device 192.168.100.112, found required firmware, adding Firmware to modules.
Device 192.168.100.112, found required led, adding Led to modules.
Device 192.168.100.112, found required None, adding OverheatProtection to modules.
Device 192.168.100.112, found required time, adding Time to modules.
Querying 192.168.100.112 for modules: Time, Led
192.168.100.112 multi-request-batch-1-of-1 >> '{"method":"multipleRequest","request_time_milis":1744617974069,"terminal_uuid":"BXHlISMfMxT5M1oDa3WAlg==","params":{"requests":[{"method":"get_device_time"},{"method":"get_led_info"}]}}'
Device 192.168.100.112 waiting 0.25 seconds to send request
Posting to http://192.168.100.112/app?token=3C497E4C5C1C7D1E643EF43FF82F382F
192.168.100.112 multi-request-batch-1-of-1 << {'error_code': 0,
 'result': {'responses': [{'error_code': 0,
                           'method': 'get_device_time',
                           'result': {'region': 'Europe/Rome',
                                      'time_diff': 60,
                                      'timestamp': 1744617967}},
                          {'error_code': 0,
                           'method': 'get_led_info',
                           'result': {'led_rule': 'always',
                                      'led_status': False,
                                      'night_mode': {'end_time': 0,
                                                     'night_mode_type': 'unknown',
                                                     'start_time': 0,
                                                     'sunrise_offset': 0,
                                                     'sunset_offset': 0}}}]}}
Update completed 192.168.100.112: ['component_nego', 'get_device_info', 'get_connect_cloud_state', 'get_device_time', 'get_led_info']
Unclosed client session
client_session: <aiohttp.client.ClientSession object at 0x0000013339271910>
Unclosed connector
connections: ['deque([(<aiohttp.client_proto.ResponseHandler object at 0x0000013339293BF0>, 406161.968)])']
connector: <aiohttp.connector.TCPConnector object at 0x0000013339271160>
C:\Users\Davide\AppData\Local\I3Lab - Politecnico di Milano\Server SmartPlug\options.json
Discovery started...
Using proactor: IocpProactor
Listening on 127.0.0.1:7071
[DISCOVERY] 255.255.255.255 >> {'system': {'get_sysinfo': {}}}
Waiting 5 seconds for responses...
Using proactor: IocpProactor
Using SmartDevice for SMART.TAPOPLUG
Finding protocol for 192.168.100.112
Finding protocol for DeviceFamily.SmartTapoPlug
Finding transport for SMART.AES
Created AES transport for 192.168.100.112
[DISCOVERY] 192.168.100.112 << {'error_code': 0,
 'result': {'device_id': 'REDACTED_c913ec3cd97a6bec2fbb1ee',
            'device_model': 'P100',
            'device_type': 'SMART.TAPOPLUG',
            'factory_default': False,
            'ip': '192.168.100.112',
            'is_support_iot_cloud': True,
            'mac': '74-DA-88-00-00-00',
            'mgt_encrypt_schm': {'encrypt_type': 'AES',
                                 'http_port': 80,
                                 'is_support_https': False,
                                 'lv': 2},
            'owner': 'REDACTED_19347acd812465188388075'}}
Initializing 192.168.100.112 of type <class 'kasa.smart.smartdevice.SmartDevice'>
Discovery finished! Found: 1 device(s)
Discovered 1 devices
Using proactor: IocpProactor
[DISCOVERY] 192.168.100.112 >> {'system': {'get_sysinfo': {}}}
Waiting a total of 5 seconds for responses...
Using SmartDevice for SMART.TAPOPLUG
Finding protocol for 192.168.100.112
Finding protocol for DeviceFamily.SmartTapoPlug
Finding transport for SMART.AES
Created AES transport for 192.168.100.112
[DISCOVERY] 192.168.100.112 << {'error_code': 0,
 'result': {'device_id': 'REDACTED_c913ec3cd97a6bec2fbb1ee',
            'device_model': 'P100',
            'device_type': 'SMART.TAPOPLUG',
            'factory_default': False,
            'ip': '192.168.100.112',
            'is_support_iot_cloud': True,
            'mac': '74-DA-88-00-00-00',
            'mgt_encrypt_schm': {'encrypt_type': 'AES',
                                 'http_port': 80,
                                 'is_support_https': False,
                                 'lv': 2},
            'owner': 'REDACTED_19347acd812465188388075'}}
Initializing 192.168.100.112 of type <class 'kasa.smart.smartdevice.SmartDevice'>
192.168.100.112 multi-request-batch-1-of-1 >> '{"method":"multipleRequest","request_time_milis":1744618018997,"terminal_uuid":"sNIoH68nMHctvqYzx93vlA==","params":{"requests":[{"method":"component_nego"},{"method":"get_device_info"},{"method":"get_connect_cloud_state"}]}}'
Will perform handshaking...
Posting to http://192.168.100.112/app
Generating keypair
Handshake request: {'method': 'handshake', 'params': {'key': '-----BEGIN PUBLIC KEY-----\nMIGfMA0GCSqGSIb3DQEBAQUAA4GNADCBiQKBgQDJ4wUgfvnYkpfahGzbVzNIDXaAgb/YH76W9ZTvVoiZZesNmirJAsHIVFlHNcpm/KL99shiTsDEUypEYF3FUct38/aarshvQK2KH4uAnhNZ8X9GsssXu2Rya3uJi7HYS60J0X+dqI9u6cx/KRH4+C0Vpalui74Bzq53pYxU4wLBqwIDAQAB\n-----END PUBLIC KEY-----\n'}}
Device responded with: {'error_code': 0, 'result': {'key': 'jrhYdcfZTiwhFbXS87DTrDGBRBZEI/DMEYjVr+tzq4LqNuBcqhLfUJxsEOUiUYy0bGI/xrqg88mKxL0eAabAwfeLkREZjywaNMDkYVWnd4LxY2BidTil/Gs8bqN11xqW7zQv6aOTErZl1unkTk2/3xrv3CgrjMWKbgwrMjd7cfs='}}
Handshake with 192.168.100.112 complete
Posting to http://192.168.100.112/app
192.168.100.112: logged in with provided credentials
Posting to http://192.168.100.112/app?token=DB0DFE05A785358111C150C342E36AE2
Device 192.168.100.112 received an os error, enabling sequential request delay: Server disconnected
Device 192.168.100.112 got a connection error, will retry 3 times: ('Device connection error: 192.168.100.112: Server disconnected', ServerDisconnectedError('Server disconnected'))
192.168.100.112 multi-request-batch-1-of-1 >> '{"method":"multipleRequest","request_time_milis":1744618019222,"terminal_uuid":"sNIoH68nMHctvqYzx93vlA==","params":{"requests":[{"method":"component_nego"},{"method":"get_device_info"},{"method":"get_connect_cloud_state"}]}}'
Device 192.168.100.112 waiting 0.25 seconds to send request
Posting to http://192.168.100.112/app?token=DB0DFE05A785358111C150C342E36AE2
192.168.100.112 multi-request-batch-1-of-1 << {'error_code': 0,
 'result': {'responses': [{'error_code': 0,
                           'method': 'component_nego',
                           'result': {'component_list': [{'id': 'device',
                                                          'ver_code': 2},
                                                         {'id': 'firmware',
                                                          'ver_code': 1},
                                                         {'id': 'quick_setup',
                                                          'ver_code': 3},
                                                         {'id': 'time',
                                                          'ver_code': 1},
                                                         {'id': 'wireless',
                                                          'ver_code': 1},
                                                         {'id': 'schedule',
                                                          'ver_code': 2},
                                                         {'id': 'countdown',
                                                          'ver_code': 2},
                                                         {'id': 'antitheft',
                                                          'ver_code': 1},
                                                         {'id': 'account',
                                                          'ver_code': 1},
                                                         {'id': 'synchronize',
                                                          'ver_code': 1},
                                                         {'id': 'sunrise_sunset',
                                                          'ver_code': 1},
                                                         {'id': 'led',
                                                          'ver_code': 1},
                                                         {'id': 'cloud_connect',
                                                          'ver_code': 1},
                                                         {'id': 'iot_cloud',
                                                          'ver_code': 1},
                                                         {'id': 'default_states',
                                                          'ver_code': 1}]}},
                          {'error_code': 0,
                           'method': 'get_device_info',
                           'result': {'avatar': 'plug',
                                      'default_states': {'state': {},
                                                         'type': 'last_states'},
                                      'device_id': 'REDACTED_DB80F24B353338FA05BB18C1C486215',
                                      'device_on': False,
                                      'fw_id': 'REDACTED_A25ABDE41405B20C6F98816',
                                      'fw_ver': '1.3.7 Build 20230711 Rel. '
                                                '61904',
                                      'has_set_location_info': True,
                                      'hw_id': 'REDACTED_5B29645B8150C392284029D',
                                      'hw_ver': '1.0.0',
                                      'ip': '192.168.100.112',
                                      'lang': 'it_IT',
                                      'latitude': 0,
                                      'location': '',
                                      'longitude': 0,
                                      'mac': '74-DA-88-00-00-00',
                                      'model': 'P100',
                                      'nickname': 'I01BU0tFRF9OQU1FIw==',
                                      'oem_id': 'REDACTED_06C60A9AEEA36A3347B6EBC',
                                      'on_time': 0,
                                      'overheated': False,
                                      'region': 'Europe/Rome',
                                      'rssi': -52,
                                      'signal_level': 2,
                                      'specs': 'EU',
                                      'ssid': 'I01BU0tFRF9TU0lEIw==',
                                      'time_diff': 60,
                                      'type': 'SMART.TAPOPLUG'}},
                          {'error_code': 0,
                           'method': 'get_connect_cloud_state',
                           'result': {'status': 0}}]}}
Device 192.168.100.112, found required cloud_connect, adding Cloud to modules.
Device 192.168.100.112, found required device, adding DeviceModule to modules.
Device 192.168.100.112, found required firmware, adding Firmware to modules.
Device 192.168.100.112, found required led, adding Led to modules.
Device 192.168.100.112, found required None, adding OverheatProtection to modules.
Device 192.168.100.112, found required time, adding Time to modules.
Querying 192.168.100.112 for modules: Time, Led
192.168.100.112 multi-request-batch-1-of-1 >> '{"method":"multipleRequest","request_time_milis":1744618019576,"terminal_uuid":"sNIoH68nMHctvqYzx93vlA==","params":{"requests":[{"method":"get_device_time"},{"method":"get_led_info"}]}}'
Device 192.168.100.112 waiting 0.23399999999674037 seconds to send request
Posting to http://192.168.100.112/app?token=DB0DFE05A785358111C150C342E36AE2
192.168.100.112 multi-request-batch-1-of-1 << {'error_code': 0,
 'result': {'responses': [{'error_code': 0,
                           'method': 'get_device_time',
                           'result': {'region': 'Europe/Rome',
                                      'time_diff': 60,
                                      'timestamp': 1744618013}},
                          {'error_code': 0,
                           'method': 'get_led_info',
                           'result': {'led_rule': 'always',
                                      'led_status': False,
                                      'night_mode': {'end_time': 0,
                                                     'night_mode_type': 'unknown',
                                                     'start_time': 0,
                                                     'sunrise_offset': 0,
                                                     'sunset_offset': 0}}}]}}
Update completed 192.168.100.112: ['component_nego', 'get_device_info', 'get_connect_cloud_state', 'get_device_time', 'get_led_info']
[DISCOVERY] 192.168.100.112 >> {'system': {'get_sysinfo': {}}}
Waiting a total of 5 seconds for responses...
Using SmartDevice for SMART.TAPOPLUG
Finding protocol for 192.168.100.112
Finding protocol for DeviceFamily.SmartTapoPlug
Finding transport for SMART.AES
Created AES transport for 192.168.100.112
[DISCOVERY] 192.168.100.112 << {'error_code': 0,
 'result': {'device_id': 'REDACTED_c913ec3cd97a6bec2fbb1ee',
            'device_model': 'P100',
            'device_type': 'SMART.TAPOPLUG',
            'factory_default': False,
            'ip': '192.168.100.112',
            'is_support_iot_cloud': True,
            'mac': '74-DA-88-00-00-00',
            'mgt_encrypt_schm': {'encrypt_type': 'AES',
                                 'http_port': 80,
                                 'is_support_https': False,
                                 'lv': 2},
            'owner': 'REDACTED_19347acd812465188388075'}}
Initializing 192.168.100.112 of type <class 'kasa.smart.smartdevice.SmartDevice'>
192.168.100.112 >> '{"method":"set_device_info","request_time_milis":1744618032966,"terminal_uuid":"MNuneOv8OB0xQV7iIczLOQ==","params":{"device_on":false}}'
Will perform handshaking...
Posting to http://192.168.100.112/app
Generating keypair
Handshake request: {'method': 'handshake', 'params': {'key': '-----BEGIN PUBLIC KEY-----\nMIGfMA0GCSqGSIb3DQEBAQUAA4GNADCBiQKBgQCnkyIWsUqxgiOvMDe/ceY4UCYngDnzwkjJWFnHmXYqLNOmUIHO7SJmvw+f0XmWufDgrA9IqAv5Z3DGEd9pNQcvHwu1LiprMaAkEzswB4q9FlhaL37mvi68uxfGHKJmmQwPEh/1V8lqxSyf9QrJuDWCW8JPS2OSPOkIvcBr4F1NJQIDAQAB\n-----END PUBLIC KEY-----\n'}}
Device responded with: {'error_code': 0, 'result': {'key': 'BLLQ6buxSZfSCXDRo6/n4VvnZwSf87nwvch4BXDHwfnwCwD/3O4x85eRwnk8Wko8UnFsVLjMe5JhrO563e4KFzwpcafEYV1A6wNSuTNOv7Pe+nGSaWOb9bfKVNzWQK90go31p0Qpp6rfVLF2xh0UA9Ubm3XRIq3YG/6Hmtcs1fQ='}}
Handshake with 192.168.100.112 complete
Posting to http://192.168.100.112/app
192.168.100.112: logged in with provided credentials
Posting to http://192.168.100.112/app?token=76D893D5CC053E03196368607350CB51
Device 192.168.100.112 received an os error, enabling sequential request delay: Server disconnected
Device 192.168.100.112 got a connection error, will retry 3 times: ('Device connection error: 192.168.100.112: Server disconnected', ServerDisconnectedError('Server disconnected'))
192.168.100.112 >> '{"method":"set_device_info","request_time_milis":1744618033112,"terminal_uuid":"MNuneOv8OB0xQV7iIczLOQ==","params":{"device_on":false}}'
Device 192.168.100.112 waiting 0.25 seconds to send request
Posting to http://192.168.100.112/app?token=76D893D5CC053E03196368607350CB51
192.168.100.112 << {'error_code': 0}
192.168.100.112 multi-request-batch-1-of-1 >> '{"method":"multipleRequest","request_time_milis":1744618033493,"terminal_uuid":"MNuneOv8OB0xQV7iIczLOQ==","params":{"requests":[{"method":"component_nego"},{"method":"get_device_info"},{"method":"get_connect_cloud_state"}]}}'
Device 192.168.100.112 waiting 0.23399999999674037 seconds to send request
Posting to http://192.168.100.112/app?token=76D893D5CC053E03196368607350CB51
192.168.100.112 multi-request-batch-1-of-1 << {'error_code': 0,
 'result': {'responses': [{'error_code': 0,
                           'method': 'component_nego',
                           'result': {'component_list': [{'id': 'device',
                                                          'ver_code': 2},
                                                         {'id': 'firmware',
                                                          'ver_code': 1},
                                                         {'id': 'quick_setup',
                                                          'ver_code': 3},
                                                         {'id': 'time',
                                                          'ver_code': 1},
                                                         {'id': 'wireless',
                                                          'ver_code': 1},
                                                         {'id': 'schedule',
                                                          'ver_code': 2},
                                                         {'id': 'countdown',
                                                          'ver_code': 2},
                                                         {'id': 'antitheft',
                                                          'ver_code': 1},
                                                         {'id': 'account',
                                                          'ver_code': 1},
                                                         {'id': 'synchronize',
                                                          'ver_code': 1},
                                                         {'id': 'sunrise_sunset',
                                                          'ver_code': 1},
                                                         {'id': 'led',
                                                          'ver_code': 1},
                                                         {'id': 'cloud_connect',
                                                          'ver_code': 1},
                                                         {'id': 'iot_cloud',
                                                          'ver_code': 1},
                                                         {'id': 'default_states',
                                                          'ver_code': 1}]}},
                          {'error_code': 0,
                           'method': 'get_device_info',
                           'result': {'avatar': 'plug',
                                      'default_states': {'state': {},
                                                         'type': 'last_states'},
                                      'device_id': 'REDACTED_DB80F24B353338FA05BB18C1C486215',
                                      'device_on': False,
                                      'fw_id': 'REDACTED_A25ABDE41405B20C6F98816',
                                      'fw_ver': '1.3.7 Build 20230711 Rel. '
                                                '61904',
                                      'has_set_location_info': True,
                                      'hw_id': 'REDACTED_5B29645B8150C392284029D',
                                      'hw_ver': '1.0.0',
                                      'ip': '192.168.100.112',
                                      'lang': 'it_IT',
                                      'latitude': 0,
                                      'location': '',
                                      'longitude': 0,
                                      'mac': '74-DA-88-00-00-00',
                                      'model': 'P100',
                                      'nickname': 'I01BU0tFRF9OQU1FIw==',
                                      'oem_id': 'REDACTED_06C60A9AEEA36A3347B6EBC',
                                      'on_time': 0,
                                      'overheated': False,
                                      'region': 'Europe/Rome',
                                      'rssi': -51,
                                      'signal_level': 2,
                                      'specs': 'EU',
                                      'ssid': 'I01BU0tFRF9TU0lEIw==',
                                      'time_diff': 60,
                                      'type': 'SMART.TAPOPLUG'}},
                          {'error_code': 0,
                           'method': 'get_connect_cloud_state',
                           'result': {'status': 0}}]}}
Device 192.168.100.112, found required cloud_connect, adding Cloud to modules.
Device 192.168.100.112, found required device, adding DeviceModule to modules.
Device 192.168.100.112, found required firmware, adding Firmware to modules.
Device 192.168.100.112, found required led, adding Led to modules.
Device 192.168.100.112, found required None, adding OverheatProtection to modules.
Device 192.168.100.112, found required time, adding Time to modules.
Querying 192.168.100.112 for modules: Time, Led
192.168.100.112 multi-request-batch-1-of-1 >> '{"method":"multipleRequest","request_time_milis":1744618033834,"terminal_uuid":"MNuneOv8OB0xQV7iIczLOQ==","params":{"requests":[{"method":"get_device_time"},{"method":"get_led_info"}]}}'
Device 192.168.100.112 waiting 0.25 seconds to send request
Posting to http://192.168.100.112/app?token=76D893D5CC053E03196368607350CB51
192.168.100.112 multi-request-batch-1-of-1 << {'error_code': 0,
 'result': {'responses': [{'error_code': 0,
                           'method': 'get_device_time',
                           'result': {'region': 'Europe/Rome',
                                      'time_diff': 60,
                                      'timestamp': 1744618027}},
                          {'error_code': 0,
                           'method': 'get_led_info',
                           'result': {'led_rule': 'always',
                                      'led_status': False,
                                      'night_mode': {'end_time': 0,
                                                     'night_mode_type': 'unknown',
                                                     'start_time': 0,
                                                     'sunrise_offset': 0,
                                                     'sunset_offset': 0}}}]}}
Update completed 192.168.100.112: ['component_nego', 'get_device_info', 'get_connect_cloud_state', 'get_device_time', 'get_led_info']
[DISCOVERY] 192.168.100.112 >> {'system': {'get_sysinfo': {}}}
Waiting a total of 5 seconds for responses...
Using SmartDevice for SMART.TAPOPLUG
Finding protocol for 192.168.100.112
Finding protocol for DeviceFamily.SmartTapoPlug
Finding transport for SMART.AES
Created AES transport for 192.168.100.112
[DISCOVERY] 192.168.100.112 << {'error_code': 0,
 'result': {'device_id': 'REDACTED_c913ec3cd97a6bec2fbb1ee',
            'device_model': 'P100',
            'device_type': 'SMART.TAPOPLUG',
            'factory_default': False,
            'ip': '192.168.100.112',
            'is_support_iot_cloud': True,
            'mac': '74-DA-88-00-00-00',
            'mgt_encrypt_schm': {'encrypt_type': 'AES',
                                 'http_port': 80,
                                 'is_support_https': False,
                                 'lv': 2},
            'owner': 'REDACTED_19347acd812465188388075'}}
Initializing 192.168.100.112 of type <class 'kasa.smart.smartdevice.SmartDevice'>
192.168.100.112 >> '{"method":"set_device_info","request_time_milis":1744618042346,"terminal_uuid":"03cZrEnOLCNtn8dXHa1tdw==","params":{"device_on":true}}'
Will perform handshaking...
Posting to http://192.168.100.112/app
Generating keypair
Handshake request: {'method': 'handshake', 'params': {'key': '-----BEGIN PUBLIC KEY-----\nMIGfMA0GCSqGSIb3DQEBAQUAA4GNADCBiQKBgQDX8aW7wu+KlzQPbRldOvhzpyP3cl7Jby0ARHgwq6Oty6ApOt7E1UrDK/8LBdwCgT5pnjV8/leaV3U6NmYUy1HdwQvcorgoUZ29t5Jf5Fo44eUHyl70yVlbJnq3jxg3g/OEdV+InFK4ab22GHu4KnUELpHQSmwaVl1BCJRgGeoX6wIDAQAB\n-----END PUBLIC KEY-----\n'}}
Device responded with: {'error_code': 0, 'result': {'key': 'mXA8urg8wa5WlliFj++iexL3xmeGMk7j7+AmXm46OL7sCryP6iJDIm7il/dX5vYj0PPr4ePJ1CcRMtl+YpwoDHxK11Cp8Xn9io/AvbfXJUx+I1/wBqvK2D//9yPwnf5homNMjeDYt+acZlwTLHY41yUIvLWllUjgArGvE/6Okc4='}}
Handshake with 192.168.100.112 complete
Posting to http://192.168.100.112/app
192.168.100.112: logged in with provided credentials
Posting to http://192.168.100.112/app?token=62B003B510E528E7A9C7BDC6FDD6FFD6
Device 192.168.100.112 received an os error, enabling sequential request delay: Server disconnected
Device 192.168.100.112 got a connection error, will retry 3 times: ('Device connection error: 192.168.100.112: Server disconnected', ServerDisconnectedError('Server disconnected'))
192.168.100.112 >> '{"method":"set_device_info","request_time_milis":1744618042502,"terminal_uuid":"03cZrEnOLCNtn8dXHa1tdw==","params":{"device_on":true}}'
Device 192.168.100.112 waiting 0.25 seconds to send request
Posting to http://192.168.100.112/app?token=62B003B510E528E7A9C7BDC6FDD6FFD6
192.168.100.112 << {'error_code': 0}
192.168.100.112 multi-request-batch-1-of-1 >> '{"method":"multipleRequest","request_time_milis":1744618042900,"terminal_uuid":"03cZrEnOLCNtn8dXHa1tdw==","params":{"requests":[{"method":"component_nego"},{"method":"get_device_info"},{"method":"get_connect_cloud_state"}]}}'
Device 192.168.100.112 waiting 0.25 seconds to send request
Posting to http://192.168.100.112/app?token=62B003B510E528E7A9C7BDC6FDD6FFD6
192.168.100.112 multi-request-batch-1-of-1 << {'error_code': 0,
 'result': {'responses': [{'error_code': 0,
                           'method': 'component_nego',
                           'result': {'component_list': [{'id': 'device',
                                                          'ver_code': 2},
                                                         {'id': 'firmware',
                                                          'ver_code': 1},
                                                         {'id': 'quick_setup',
                                                          'ver_code': 3},
                                                         {'id': 'time',
                                                          'ver_code': 1},
                                                         {'id': 'wireless',
                                                          'ver_code': 1},
                                                         {'id': 'schedule',
                                                          'ver_code': 2},
                                                         {'id': 'countdown',
                                                          'ver_code': 2},
                                                         {'id': 'antitheft',
                                                          'ver_code': 1},
                                                         {'id': 'account',
                                                          'ver_code': 1},
                                                         {'id': 'synchronize',
                                                          'ver_code': 1},
                                                         {'id': 'sunrise_sunset',
                                                          'ver_code': 1},
                                                         {'id': 'led',
                                                          'ver_code': 1},
                                                         {'id': 'cloud_connect',
                                                          'ver_code': 1},
                                                         {'id': 'iot_cloud',
                                                          'ver_code': 1},
                                                         {'id': 'default_states',
                                                          'ver_code': 1}]}},
                          {'error_code': 0,
                           'method': 'get_device_info',
                           'result': {'avatar': 'plug',
                                      'default_states': {'state': {},
                                                         'type': 'last_states'},
                                      'device_id': 'REDACTED_DB80F24B353338FA05BB18C1C486215',
                                      'device_on': True,
                                      'fw_id': 'REDACTED_A25ABDE41405B20C6F98816',
                                      'fw_ver': '1.3.7 Build 20230711 Rel. '
                                                '61904',
                                      'has_set_location_info': True,
                                      'hw_id': 'REDACTED_5B29645B8150C392284029D',
                                      'hw_ver': '1.0.0',
                                      'ip': '192.168.100.112',
                                      'lang': 'it_IT',
                                      'latitude': 0,
                                      'location': '',
                                      'longitude': 0,
                                      'mac': '74-DA-88-00-00-00',
                                      'model': 'P100',
                                      'nickname': 'I01BU0tFRF9OQU1FIw==',
                                      'oem_id': 'REDACTED_06C60A9AEEA36A3347B6EBC',
                                      'on_time': 1,
                                      'overheated': False,
                                      'region': 'Europe/Rome',
                                      'rssi': -50,
                                      'signal_level': 2,
                                      'specs': 'EU',
                                      'ssid': 'I01BU0tFRF9TU0lEIw==',
                                      'time_diff': 60,
                                      'type': 'SMART.TAPOPLUG'}},
                          {'error_code': 0,
                           'method': 'get_connect_cloud_state',
                           'result': {'status': 0}}]}}
Device 192.168.100.112, found required cloud_connect, adding Cloud to modules.
Device 192.168.100.112, found required device, adding DeviceModule to modules.
Device 192.168.100.112, found required firmware, adding Firmware to modules.
Device 192.168.100.112, found required led, adding Led to modules.
Device 192.168.100.112, found required None, adding OverheatProtection to modules.
Device 192.168.100.112, found required time, adding Time to modules.
Querying 192.168.100.112 for modules: Time, Led
192.168.100.112 multi-request-batch-1-of-1 >> '{"method":"multipleRequest","request_time_milis":1744618043234,"terminal_uuid":"03cZrEnOLCNtn8dXHa1tdw==","params":{"requests":[{"method":"get_device_time"},{"method":"get_led_info"}]}}'
Device 192.168.100.112 waiting 0.23499999998603016 seconds to send request
Posting to http://192.168.100.112/app?token=62B003B510E528E7A9C7BDC6FDD6FFD6
192.168.100.112 multi-request-batch-1-of-1 << {'error_code': 0,
 'result': {'responses': [{'error_code': 0,
                           'method': 'get_device_time',
                           'result': {'region': 'Europe/Rome',
                                      'time_diff': 60,
                                      'timestamp': 1744618036}},
                          {'error_code': 0,
                           'method': 'get_led_info',
                           'result': {'led_rule': 'always',
                                      'led_status': True,
                                      'night_mode': {'end_time': 0,
                                                     'night_mode_type': 'unknown',
                                                     'start_time': 0,
                                                     'sunrise_offset': 0,
                                                     'sunset_offset': 0}}}]}}
Update completed 192.168.100.112: ['component_nego', 'get_device_info', 'get_connect_cloud_state', 'get_device_time', 'get_led_info']
command is
off
Using proactor: IocpProactor
[DISCOVERY] 192.168.100.112 >> {'system': {'get_sysinfo': {}}}
Waiting a total of 5 seconds for responses...
Using SmartDevice for SMART.TAPOPLUG
Finding protocol for 192.168.100.112
Finding protocol for DeviceFamily.SmartTapoPlug
Finding transport for SMART.AES
Created AES transport for 192.168.100.112
[DISCOVERY] 192.168.100.112 << {'error_code': 0,
 'result': {'device_id': 'REDACTED_c913ec3cd97a6bec2fbb1ee',
            'device_model': 'P100',
            'device_type': 'SMART.TAPOPLUG',
            'factory_default': False,
            'ip': '192.168.100.112',
            'is_support_iot_cloud': True,
            'mac': '74-DA-88-00-00-00',
            'mgt_encrypt_schm': {'encrypt_type': 'AES',
                                 'http_port': 80,
                                 'is_support_https': False,
                                 'lv': 2},
            'owner': 'REDACTED_19347acd812465188388075'}}
Initializing 192.168.100.112 of type <class 'kasa.smart.smartdevice.SmartDevice'>
192.168.100.112 >> '{"method":"set_device_info","request_time_milis":1744618046990,"terminal_uuid":"/bw26l33DDUsPGRSCGERMw==","params":{"device_on":false}}'
Will perform handshaking...
Posting to http://192.168.100.112/app
Generating keypair
Handshake request: {'method': 'handshake', 'params': {'key': '-----BEGIN PUBLIC KEY-----\nMIGfMA0GCSqGSIb3DQEBAQUAA4GNADCBiQKBgQDIJzDGO+3KOC3L2uy9DOrbShbvbk5GDtCFLUaTevQg8wbIHffyTTzOqUTY+FID8ENOFfqhe/f70WgmR35j43OTC/DJrde4G3bGutu1R+LOz939pbpyQYigm9tjtA3K8s5YB433/81iCJFwYrX8rZti8qJvNrfBSPQyEZ/8JnH9/wIDAQAB\n-----END PUBLIC KEY-----\n'}}
Device responded with: {'error_code': 0, 'result': {'key': 'QqfXjfy9QkUszb0I+LLTOMdAHvmdFnPq5cmE8Wd7KDp2+N8KiFjLpcRbA5pEBsT6gSmsuYQ21NU2FVa2NhePGYqOpzkReQWaF6+cPqSS1atKyvSkEFVBb8NFGUlsSPuacxA4xUa8y+gYcgIp3wBMjOuXK/2pHuPCYbGoYvpI4dc='}}
Handshake with 192.168.100.112 complete
Posting to http://192.168.100.112/app
192.168.100.112: logged in with provided credentials
Posting to http://192.168.100.112/app?token=A9F12DF561B5A3B78597E496FF864786
Device 192.168.100.112 received an os error, enabling sequential request delay: Server disconnected
Device 192.168.100.112 got a connection error, will retry 3 times: ('Device connection error: 192.168.100.112: Server disconnected', ServerDisconnectedError('Server disconnected'))
192.168.100.112 >> '{"method":"set_device_info","request_time_milis":1744618047135,"terminal_uuid":"/bw26l33DDUsPGRSCGERMw==","params":{"device_on":false}}'
Device 192.168.100.112 waiting 0.25 seconds to send request
Posting to http://192.168.100.112/app?token=A9F12DF561B5A3B78597E496FF864786
192.168.100.112 << {'error_code': 0}
192.168.100.112 multi-request-batch-1-of-1 >> '{"method":"multipleRequest","request_time_milis":1744618047518,"terminal_uuid":"/bw26l33DDUsPGRSCGERMw==","params":{"requests":[{"method":"component_nego"},{"method":"get_device_info"},{"method":"get_connect_cloud_state"}]}}'
Device 192.168.100.112 waiting 0.25 seconds to send request
Posting to http://192.168.100.112/app?token=A9F12DF561B5A3B78597E496FF864786
192.168.100.112 multi-request-batch-1-of-1 << {'error_code': 0,
 'result': {'responses': [{'error_code': 0,
                           'method': 'component_nego',
                           'result': {'component_list': [{'id': 'device',
                                                          'ver_code': 2},
                                                         {'id': 'firmware',
                                                          'ver_code': 1},
                                                         {'id': 'quick_setup',
                                                          'ver_code': 3},
                                                         {'id': 'time',
                                                          'ver_code': 1},
                                                         {'id': 'wireless',
                                                          'ver_code': 1},
                                                         {'id': 'schedule',
                                                          'ver_code': 2},
                                                         {'id': 'countdown',
                                                          'ver_code': 2},
                                                         {'id': 'antitheft',
                                                          'ver_code': 1},
                                                         {'id': 'account',
                                                          'ver_code': 1},
                                                         {'id': 'synchronize',
                                                          'ver_code': 1},
                                                         {'id': 'sunrise_sunset',
                                                          'ver_code': 1},
                                                         {'id': 'led',
                                                          'ver_code': 1},
                                                         {'id': 'cloud_connect',
                                                          'ver_code': 1},
                                                         {'id': 'iot_cloud',
                                                          'ver_code': 1},
                                                         {'id': 'default_states',
                                                          'ver_code': 1}]}},
                          {'error_code': 0,
                           'method': 'get_device_info',
                           'result': {'avatar': 'plug',
                                      'default_states': {'state': {},
                                                         'type': 'last_states'},
                                      'device_id': 'REDACTED_DB80F24B353338FA05BB18C1C486215',
                                      'device_on': False,
                                      'fw_id': 'REDACTED_A25ABDE41405B20C6F98816',
                                      'fw_ver': '1.3.7 Build 20230711 Rel. '
                                                '61904',
                                      'has_set_location_info': True,
                                      'hw_id': 'REDACTED_5B29645B8150C392284029D',
                                      'hw_ver': '1.0.0',
                                      'ip': '192.168.100.112',
                                      'lang': 'it_IT',
                                      'latitude': 0,
                                      'location': '',
                                      'longitude': 0,
                                      'mac': '74-DA-88-00-00-00',
                                      'model': 'P100',
                                      'nickname': 'I01BU0tFRF9OQU1FIw==',
                                      'oem_id': 'REDACTED_06C60A9AEEA36A3347B6EBC',
                                      'on_time': 0,
                                      'overheated': False,
                                      'region': 'Europe/Rome',
                                      'rssi': -50,
                                      'signal_level': 2,
                                      'specs': 'EU',
                                      'ssid': 'I01BU0tFRF9TU0lEIw==',
                                      'time_diff': 60,
                                      'type': 'SMART.TAPOPLUG'}},
                          {'error_code': 0,
                           'method': 'get_connect_cloud_state',
                           'result': {'status': 0}}]}}
Device 192.168.100.112, found required cloud_connect, adding Cloud to modules.
Device 192.168.100.112, found required device, adding DeviceModule to modules.
Device 192.168.100.112, found required firmware, adding Firmware to modules.
Device 192.168.100.112, found required led, adding Led to modules.
Device 192.168.100.112, found required None, adding OverheatProtection to modules.
Device 192.168.100.112, found required time, adding Time to modules.
Querying 192.168.100.112 for modules: Time, Led
192.168.100.112 multi-request-batch-1-of-1 >> '{"method":"multipleRequest","request_time_milis":1744618047861,"terminal_uuid":"/bw26l33DDUsPGRSCGERMw==","params":{"requests":[{"method":"get_device_time"},{"method":"get_led_info"}]}}'
Device 192.168.100.112 waiting 0.23499999998603016 seconds to send request
Posting to http://192.168.100.112/app?token=A9F12DF561B5A3B78597E496FF864786
192.168.100.112 multi-request-batch-1-of-1 << {'error_code': 0,
 'result': {'responses': [{'error_code': 0,
                           'method': 'get_device_time',
                           'result': {'region': 'Europe/Rome',
                                      'time_diff': 60,
                                      'timestamp': 1744618041}},
                          {'error_code': 0,
                           'method': 'get_led_info',
                           'result': {'led_rule': 'always',
                                      'led_status': False,
                                      'night_mode': {'end_time': 0,
                                                     'night_mode_type': 'unknown',
                                                     'start_time': 0,
                                                     'sunrise_offset': 0,
                                                     'sunset_offset': 0}}}]}}
Update completed 192.168.100.112: ['component_nego', 'get_device_info', 'get_connect_cloud_state', 'get_device_time', 'get_led_info']
Unclosed client session
client_session: <aiohttp.client.ClientSession object at 0x000001F453747950>
Exception in default exception handler
Traceback (most recent call last):
  File "C:\Users\Davide\AppData\Local\Programs\Python\Python312\Lib\asyncio\base_events.py", line 1847, in call_exception_handler
    self.default_exception_handler(context)
  File "C:\Users\Davide\AppData\Local\Programs\Python\Python312\Lib\asyncio\base_events.py", line 1821, in default_exception_handler
    logger.error('\n'.join(log_lines), exc_info=exc_info)
  File "C:\Users\Davide\AppData\Local\Programs\Python\Python312\Lib\logging\__init__.py", line 1568, in error
    self._log(ERROR, msg, args, **kwargs)
  File "C:\Users\Davide\AppData\Local\Programs\Python\Python312\Lib\logging\__init__.py", line 1684, in _log
    self.handle(record)
  File "C:\Users\Davide\AppData\Local\Programs\Python\Python312\Lib\logging\__init__.py", line 1700, in handle
    self.callHandlers(record)
  File "C:\Users\Davide\AppData\Local\Programs\Python\Python312\Lib\logging\__init__.py", line 1762, in callHandlers
    hdlr.handle(record)
  File "C:\Users\Davide\Desktop\ServerSmartPlug\log_manager.py", line 16, in handle
    listener(record)
  File "C:\Users\Davide\Desktop\ServerSmartPlug\gui\windows.py", line 25, in _add_console_line
    self.console_text.configure(state='normal')
  File "C:\Users\Davide\AppData\Local\Programs\Python\Python312\Lib\tkinter\__init__.py", line 1722, in configure
    return self._configure('configure', cnf, kw)
           ^^^^^^^^^^^^^^^^^^^^^^^^^^^^^^^^^^^^^
  File "C:\Users\Davide\AppData\Local\Programs\Python\Python312\Lib\tkinter\__init__.py", line 1712, in _configure
    self.tk.call(_flatten((self._w, cmd)) + self._options(cnf))
_tkinter.TclError: invalid command name ".!frame4.!frame.!text"
Unclosed connector
connections: ['deque([(<aiohttp.client_proto.ResponseHandler object at 0x000001F454923B30>, 406221.312)])']
connector: <aiohttp.connector.TCPConnector object at 0x000001F452FBB860>
Exception in default exception handler
Traceback (most recent call last):
  File "C:\Users\Davide\AppData\Local\Programs\Python\Python312\Lib\asyncio\base_events.py", line 1847, in call_exception_handler
    self.default_exception_handler(context)
  File "C:\Users\Davide\AppData\Local\Programs\Python\Python312\Lib\asyncio\base_events.py", line 1821, in default_exception_handler
    logger.error('\n'.join(log_lines), exc_info=exc_info)
  File "C:\Users\Davide\AppData\Local\Programs\Python\Python312\Lib\logging\__init__.py", line 1568, in error
    self._log(ERROR, msg, args, **kwargs)
  File "C:\Users\Davide\AppData\Local\Programs\Python\Python312\Lib\logging\__init__.py", line 1684, in _log
    self.handle(record)
  File "C:\Users\Davide\AppData\Local\Programs\Python\Python312\Lib\logging\__init__.py", line 1700, in handle
    self.callHandlers(record)
  File "C:\Users\Davide\AppData\Local\Programs\Python\Python312\Lib\logging\__init__.py", line 1762, in callHandlers
    hdlr.handle(record)
  File "C:\Users\Davide\Desktop\ServerSmartPlug\log_manager.py", line 16, in handle
    listener(record)
  File "C:\Users\Davide\Desktop\ServerSmartPlug\gui\windows.py", line 25, in _add_console_line
    self.console_text.configure(state='normal')
  File "C:\Users\Davide\AppData\Local\Programs\Python\Python312\Lib\tkinter\__init__.py", line 1722, in configure
    return self._configure('configure', cnf, kw)
           ^^^^^^^^^^^^^^^^^^^^^^^^^^^^^^^^^^^^^
  File "C:\Users\Davide\AppData\Local\Programs\Python\Python312\Lib\tkinter\__init__.py", line 1712, in _configure
    self.tk.call(_flatten((self._w, cmd)) + self._options(cnf))
_tkinter.TclError: invalid command name ".!frame4.!frame.!text"
